# ::id doc-322
# ::doc_file doc-322
# ::tok http : / / www . ted . com / talks / kiran_bedi_a_police_chief_with_a_difference< / url> <next_sent> Now I 'm going to give you a story . <next_sent> It 's an Indian story about an Indian woman and her journey . <next_sent> Let me begin with my parents . <next_sent> I 'm a product of this visionary mother and father . <next_sent> Many years ago , when I was born in the ' 50s -- ' 50s and ' 60s did n't belong to girls in India . <next_sent> They belonged to boys . <next_sent> They belonged to boys who would join business and inherit business from parents , and girls would be dolled up to get married . <next_sent> My family , in my city , and almost in the country , was unique . <next_sent> We were four of us , not one , and fortunately no boys . <next_sent> We were four girls and no boys . <next_sent> And my parents were part of a landed property family . <next_sent> My father defied his own grandfather , almost to the point of disinheritance , because he decided to educate all four of us . <next_sent> He sent us to one of the best schools in the city and gave us the best education . <next_sent> As I 've said , when we 're born , we do n't choose our parents , and when we go to school , we do n't choose our school . <next_sent> Children do n't choose a school . <next_sent> They just get the school which parents choose for them . <next_sent> So this is the foundation time which I got . <next_sent> I grew up like this , and so did my other three sisters . <next_sent> And my father used to say at that time , " I 'm going to spread all my four daughters in four corners of the world . " <next_sent> I do n't know if he really meant [ that ] , but it happened . <next_sent> I 'm the only one who 's left in India . <next_sent> One is a British , another is an American and the third is a Canadian . <next_sent> So we are four of us in four corners of the world . <next_sent> And since I said they 're my role models , I followed two things which my father and mother gave me . <next_sent> One , they said , " Life is on an incline . <next_sent> You either go up , or you come down . " <next_sent> And the second thing , which has stayed with me , which became my philosophy of life , which made all the difference , is : 100 things happen in your life , good or bad . <next_sent> Out of 100 , 90 are your creation . <next_sent> They 're good . <next_sent> They 're your creation . <next_sent> Enjoy it . <next_sent> If they 're bad , they 're your creation . <next_sent> Learn from it . <next_sent> Ten are nature - sent over which you ca n't do a thing . <next_sent> It 's like a death of a relative , or a cyclone , or a hurricane , or an earthquake . <next_sent> You ca n't do a thing about it . <next_sent> You 've got to just respond to the situation . <next_sent> But that response comes out of those 90 points . <next_sent> Since I 'm a product of this philosophy , of 90/10 , and secondly , " life on an incline , " that 's the way I grew up to be valuing what I got . <next_sent> I 'm a product of opportunities , rare opportunities in the ' 50s and the ' 60s , which girls did n't get , and I was conscious of the fact that what my parents were giving me was something unique . <next_sent> Because all of my best school friends were getting dolled up to get married with a lot of dowry , and here I was with a tennis racket and going to school and doing all kinds of extracurricular activities . <next_sent> I thought I must tell you this . <next_sent> Why I said this , is the background . <next_sent> This is what comes next . <next_sent> I joined the Indian Police Service as a tough woman , a woman with indefatigable stamina , because I used to run for my tennis titles , etc. <next_sent> But I joined the Indian Police Service , and then it was a new pattern of policing . <next_sent> For me the policing stood for power to correct , power to prevent and power to detect . <next_sent> This is something like a new definition ever given in policing in India -- the power to prevent . <next_sent> Because normally it was always said , power to detect , and that 's it , or power to punish . <next_sent> But I decided no , it 's a power to prevent , because that 's what I learned when I was growing up . <next_sent> How do I prevent the 10 and never make it more than 10 ? <next_sent> So this was how it came into my service , and it was different from the men . <next_sent> I did n't want to make it different from the men , but it was different , because this was the way I was different . <next_sent> And I redefined policing concepts in India . <next_sent> I 'm going to take you on two journeys , my policing journey and my prison journey . <next_sent> What you see , if you see the title called " PM 's car held . " <next_sent> This was the first time a prime minister of India was given a parking ticket . <next_sent> That 's the first time in India , and I can tell you , that 's the last time you 're hearing about it . <next_sent> It 'll never happen again in India , because now it was once and forever . <next_sent> And the rule was , because I was sensitive , I was compassionate , I was very sensitive to injustice , and I was very pro - justice . <next_sent> That 's the reason , as a woman , I joined the Indian Police Service . <next_sent> I had other options , but I did n't choose them . <next_sent> So I 'm going to move on . <next_sent> This is about tough policing , equal policing . <next_sent> Now I was known as " here 's a woman that 's not going to listen . " <next_sent> So I was sent to all indiscriminate postings , postings which others would say no. <next_sent> I now went to a prison assignment as a police officer . <next_sent> Normally police officers do n't want to do prison . <next_sent> They sent me to prison to lock me up , thinking , " Now there will be no cars and no VIPs to be given tickets to . <next_sent> Let 's lock her up . " <next_sent> Here I got a prison assignment . <next_sent> This was a prison assignment which was one big den of criminals . <next_sent> Obviously , it was . <next_sent> But 10,000 men , of which only 400 were women -- 10,000 -- 9,000 plus about 600 were men . <next_sent> Terrorists , rapists , burglars , gangsters -- some of them I 'd sent to jail as a police officer outside . <next_sent> And then how did I deal with them ? <next_sent> The first day when I went in , I did n't know how to look at them . <next_sent> And I said , " Do you pray ? " <next_sent> When I looked at the group , I said , " Do you pray ? " <next_sent> They saw me as a young , short woman wearing a pathan suit . <next_sent> I said , " Do you pray ? " <next_sent> And they did n't say anything . <next_sent> I said , " Do you pray ? Do you want to pray ? " <next_sent> They said , " Yes . " I said , " All right , let 's pray . " <next_sent> I prayed for them , and things started to change . <next_sent> This is a visual of education inside the prison . <next_sent> Friends , this has never happened , where everybody in the prison studies . <next_sent> I started this with community support . <next_sent> Government had no budget . <next_sent> It was one of the finest , largest volunteerism in any prison in the world . <next_sent> This was initiated in Delhi prison . <next_sent> You see one sample of a prisoner teaching a class . <next_sent> These are hundreds of classes . <next_sent> Nine to eleven , every prisoner went into the education program -- the same den in which they thought they would put me behind the bar and things would be forgotten . <next_sent> We converted this into an ashram -- from a prison to an ashram through education . <next_sent> I think that 's the bigger change . <next_sent> It was the beginning of a change . <next_sent> Books came from donated schoolbooks . <next_sent> Stationery was donated . <next_sent> Everything was donated , because there was no budget of education for the prison . <next_sent> Now if I 'd not done that , it would have been a hellhole . <next_sent> That 's the second landmark . <next_sent> I want to show you some moments of history in my journey , which probably you would never ever get to see anywhere in the world . <next_sent> One , the numbers you 'll never get to see . <next_sent> Secondly , this concept . <next_sent> This was a meditation program inside the prison of over 1,000 prisoners . <next_sent> One thousand prisoners who sat in meditation . <next_sent> This was one of the most courageous steps I took as a prison governor . <next_sent> And this is what transformed . <next_sent> You want to know more about this , go and see this film , " Doing Time , Doing Vipassana . " <next_sent> You will hear about it , and you will love it . <next_sent> And write to me on KiranBedi . com , and I 'll respond to you . <next_sent> Let me show you the next slide . <next_sent> I took the same concept of mindfulness , because , why did I bring meditation into the Indian prison ? <next_sent> Because crime is a product of a distorted mind . <next_sent> It was distortion of mind which needed to be addressed to control . <next_sent> Not by preaching , not by telling , not by reading , but by addressing your mind . <next_sent> I took the same thing to the police , because police , equally , were prisoners of their minds , and they felt as if it was " we " and " they , " and that the people do n't cooperate . <next_sent> This worked . <next_sent> This is a feedback box called a petition box . <next_sent> This is a concept which I introduced to listen to complaints , listen to grievances . <next_sent> This was a magic box . <next_sent> This was a sensitive box . <next_sent> This is how a prisoner drew how they felt about the prison . <next_sent> If you see somebody in the blue -- yeah , this guy -- he was a prisoner , and he was a teacher . <next_sent> And you see , everybody 's busy . <next_sent> There was no time to waste . <next_sent> Let me wrap it up . <next_sent> I 'm currently into movements , movements of education of the under - served children , which is thousands -- India is all about thousands . <next_sent> Secondly is about the anti - corruption movement in India . <next_sent> That 's a big way we , as a small group of activists , have drafted an ombudsman bill for the government of India . <next_sent> Friends , you will hear a lot about it . <next_sent> That 's the movement at the moment I 'm driving , and that 's the movement and ambition of my life . <next_sent> Thank you very much . <next_sent> Thank you . <next_sent> Thank you very much . <next_sent> Thank you . <next_sent> Thank you . <next_sent> Thank you . <next_sent> Thank you .
(d / document
   :snt1 (s1.u / url-entity
               :topic (s1.t / talk-01))
   :snt2 (s2.g / give-01
               :ARG0 (s2.i / i)
               :ARG1 (s2.s / story)
               :ARG2 (s2.y / you)
               :time (s2.n / now))
   :snt3 (s3.s / story
               :mod (s3.c / country
                          :name (s3.n / name
                                      :op1 "India"))
               :topic (s3.a / and
                            :op1 (s3.w / woman
                                       :mod s3.c)
                            :op2 (s3.j / journey-01
                                       :ARG0 s3.w)))
   :snt4 (s4.l / let-01
               :ARG1 (s4.b / begin-01
                           :ARG0 (s4.i / i
                                       :same-as s2.i)
                           :ARG2 (s4.p2 / person
                                        :ARG0-of (s4.h / have-rel-role-91
                                                       :ARG1 s4.i
                                                       :ARG2 (s4.p / parent)))))
   :snt5 (s5.p3 / produce-01
                :ARG0 (s5.a / and
                            :mod (s5.v / visionary)
                            :mod (s5.t / this)
                            :op1 (s5.p / person
                                       :ARG0-of (s5.h / have-rel-role-91
                                                      :ARG2 (s5.m / mother)))
                            :op2 (s5.p2 / person
                                        :ARG0-of (s5.h2 / have-rel-role-91
                                                        :ARG2 (s5.f / father)))
                            :same-as s4.p2)
                :ARG1 (s5.i / i
                            :same-as s2.i))
   :snt6 (s6.b3 / belong-01
                :ARG0 (s6.b / bear-02
                            :ARG1 (s6.i / i
                                        :same-as s2.i)
                            :time (s6.d4 / date-interval
                                         :op1 (s6.d / date-entity
                                                    :decade "50s")
                                         :op2 (s6.d2 / date-entity
                                                     :decade "50")
                                         :op3 (s6.d3 / date-entity
                                                     :decade "1960")))
                :ARG1 (s6.g / girl
                            :location (s6.c / country
                                            :name (s6.n / name
                                                        :op1 "India")))
                :time (s6.b2 / before
                             :quant (s6.m / many
                                          :op1 (s6.t / temporal-quantity
                                                     :unit (s6.y / year)
                                                     :quant "1"))
                             :op1 (s6.n2 / now))
                :polarity "-")
   :snt7 (s7.b / belong-01
               :ARG0 (s7.t / they
                           :same-as s6.d3)
               :ARG1 (s7.b2 / boy))
   :snt8 (s8.b / belong-01
               :ARG0 (s8.t / they
                           :same-as s6.d3)
               :ARG1 (s8.a / and
                           :op1 (s8.b2 / boy
                                       :ARG0-of (s8.j / join-01
                                                      :ARG1 (s8.b3 / business)))
                           :op2 (s8.i / inherit-01
                                      :ARG0 s8.b2
                                      :ARG1 s8.b3
                                      :ARG2 (s8.p2 / person
                                                   :ARG0-of (s8.h / have-rel-role-91
                                                                  :ARG2 (s8.p / parent))))
                           :op2 (s8.p3 / pose-01
                                       :purpose (s8.m / marry-01
                                                      :ARG1 (s8.g / girl))
                                       :ARG1 s8.g)))
   :snt9 (s9.u / unique-01
               :ARG1 (s9.a2 / and
                            :op1 (s9.f / family
                                       :ARG1-of (s9.h / have-org-role-91
                                                      :ARG0 (s9.i / i
                                                                  :same-as s2.i)
                                                      :ARG2 (s9.m / member)))
                            :op2 (s9.c / city
                                       :poss s9.i)
                            :op3 (s9.c2 / country
                                        :mod (s9.a / almost)
                                        :same-as s6.c)))
   :snt10 (s10.a / and
                 :op1 (s10.i / include-91
                             :ARG2 (s10.w / we
                                          :quant "4"
                                          :same-as s9.a2))
                 :op2 (s10.h / have-03
                             :ARG1 (s10.b / boy
                                          :ARG2-of (s10.f / fortunate-01)
                                          :quant "1")
                             :polarity "-")
                 :rel "-")
   :snt11 (s11.a / and
                 :domain (s11.w / we
                                :same-as s9.a2)
                 :op1 (s11.g / girl
                             :quant "4")
                 :op2 (s11.b / boy
                             :polarity "-"))
   :snt12 (s12.a / and
                 :op2 (s12.i2 / include-91
                              :ARG1 (s12.p2 / person
                                            :ARG0-of (s12.h / have-rel-role-91
                                                            :ARG1 (s12.i / i
                                                                         :same-as s2.i)
                                                            :ARG2 (s12.p / parent))
                                            :same-as s4.p2)
                              :ARG2 (s12.f / family
                                           :mod (s12.p3 / property
                                                        :mod (s12.l / land)))))
   :snt13 (s13.d2 / defy-01
                  :ARG0 (s13.p / person
                               :ARG0-of (s13.h2 / have-rel-role-91
                                                :ARG1 (s13.i / i
                                                             :same-as s2.i)
                                                :ARG2 (s13.f / father)))
                  :ARG1 (s13.p2 / person
                                :ARG0-of (s13.h3 / have-rel-role-91
                                                 :ARG1 s13.p
                                                 :ARG2 (s13.g / grandfather)))
                  :ARG1-of (s13.c / cause-01
                                  :ARG0 (s13.d / decide-01
                                               :ARG0 s13.p
                                               :ARG1 (s13.e / educate-01
                                                            :ARG0 s13.p
                                                            :ARG1 (s13.w / we
                                                                         :mod (s13.a / all)
                                                                         :quant "4"
                                                                         :same-as s9.a2))))
                  :ARG2-of (s13.h / have-degree-91
                                  :ARG1 s13.p
                                  :ARG3 (s13.t / to-the-point)
                                  :ARG6 (s13.i2 / inherit-01
                                                :ARG0 s13.p
                                                :ARG2 s13.p2
                                                :polarity "-")
                                  :mod (s13.a2 / almost)))
   :snt14 (s14.a / and
                 :op1 (s14.s3 / send-02
                              :ARG0 (s14.h3 / he
                                            :same-as s13.p)
                              :ARG1 (s14.w / we
                                           :same-as s9.a2)
                              :ARG2 (s14.s / school
                                           :ARG1-of (s14.i / include-91
                                                           :ARG2 (s14.s2 / school
                                                                         :ARG1-of (s14.h / have-degree-91
                                                                                         :ARG2 (s14.g3 / good-03
                                                                                                       :ARG1 s14.s2)
                                                                                         :ARG3 (s14.m / most)
                                                                                         :ARG5 (s14.c / city
                                                                                                      :same-as s9.c))))))
                 :op2 (s14.g / give-01
                             :ARG0 s14.h3
                             :ARG1 (s14.e / educate-01
                                          :ARG1 s14.w
                                          :ARG1-of (s14.h2 / have-degree-91
                                                           :ARG2 (s14.g2 / good-02
                                                                         :ARG1 s14.e)
                                                           :ARG3 (s14.m2 / most)))
                             :ARG2 s14.w))
   :snt15 (s15.s / say-01
                 :ARG0 (s15.i / i
                              :same-as s2.i)
                 :ARG1 (s15.a / and
                              :op1 (s15.c / choose-01
                                          :ARG0 (s15.w / we)
                                          :ARG1 (s15.p2 / person
                                                        :ARG0-of (s15.h / have-rel-role-91
                                                                        :ARG1 s15.w
                                                                        :ARG2 (s15.p / parent)))
                                          :time (s15.b / bear-02
                                                       :ARG1 s15.w)
                                          :polarity "-")
                              :op2 (s15.c2 / choose-01
                                           :ARG0 s15.w
                                           :ARG1 (s15.s3 / school
                                                         :poss s15.w)
                                           :time (s15.g / go-02
                                                        :ARG0 s15.w
                                                        :ARG4 (s15.s2 / school))
                                           :polarity "-")))
   :snt16 (s16.c2 / choose-01
                  :ARG0 (s16.c / child)
                  :ARG1 (s16.s / school)
                  :polarity "-")
   :snt17 (s17.g / get-01
                 :ARG0 (s17.t / they
                              :same-as s16.c)
                 :ARG1 (s17.s / school
                              :ARG1-of (s17.c / choose-01
                                              :ARG0 (s17.p2 / person
                                                            :ARG0-of (s17.h / have-rel-role-91
                                                                            :ARG1 s17.t
                                                                            :ARG2 (s17.p / parent)))
                                              :beneficiary s17.t))
                 :mod (s17.j / just))
   :snt18 (s18.c / cause-01
                 :ARG1 (s18.t2 / time
                               :ARG1-of (s18.g / get-01
                                               :ARG0 (s18.i / i
                                                            :same-as s2.i))
                               :ARG2-of (s18.f / found-01)
                               :domain (s18.t / this)))
   :snt19 (s19.g / grow-up-04
                 :ARG1 (s19.i / i
                              :same-as s2.i)
                 :manner (s19.r / resemble-01
                                :ARG2 (s19.g2 / grow-up-04
                                              :ARG1 (s19.t / this)
                                              :ARG1 (s19.p / person
                                                           :ARG0-of (s19.h / have-rel-role-91
                                                                           :ARG1 s19.i
                                                                           :ARG2 (s19.s / sister))
                                                           :mod (s19.o / other)
                                                           :quant "3"))))
   :snt20 (s20.a2 / and
                  :op2 (s20.s / say-01
                              :ARG0 (s20.p / person
                                           :ARG0-of (s20.h / have-rel-role-91
                                                           :ARG1 (s20.i / i
                                                                        :same-as s2.i)
                                                           :ARG2 (s20.f / father))
                                           :same-as s13.p)
                              :ARG1 (s20.s2 / spread-03
                                            :ARG0 s20.p
                                            :ARG1 (s20.p2 / person
                                                          :ARG0-of (s20.h2 / have-rel-role-91
                                                                           :ARG1 s20.p
                                                                           :ARG2 (s20.d / daughter))
                                                          :mod (s20.a / all)
                                                          :quant "4"
                                                          :same-as s9.a2)
                                            :location (s20.c / corner
                                                             :part-of (s20.w / world)
                                                             :quant "4"))
                              :time (s20.u / use-03)
                              :time (s20.t2 / time
                                            :mod (s20.t / that))))
   :snt21 (s21.c / contrast-01
                 :ARG1 (s21.k / know-01
                              :ARG0 (s21.i / i
                                           :same-as s2.i)
                              :ARG1 (s21.t2 / truth-value
                                            :polarity-of (s21.m / mean-02
                                                                :ARG0 (s21.h / he
                                                                             :same-as s13.p)
                                                                :ARG1 (s21.t / that
                                                                             :same-as s20.s2)
                                                                :ARG1-of (s21.r / real-04)))
                              :polarity "-")
                 :ARG2 (s21.e / event))
   :snt22 (s22.l / leave-11
                 :ARG0 (s22.i / i
                              :mod (s22.o / only)
                              :same-as s2.i)
                 :location (s22.c / country
                                  :name (s22.n / name
                                               :op1 "India")
                                  :same-as s6.c))
   :snt23 (s23.a / and
                 :op1 (s23.p / person
                             :domain (s23.o / one)
                             :mod (s23.c / country
                                         :name (s23.n / name
                                                      :op1 "Britain")))
                 :op2 (s23.p2 / person
                              :domain (s23.a2 / another)
                              :mod (s23.c2 / country
                                           :name (s23.n2 / name
                                                         :op1 "America")))
                 :op3 (s23.p3 / person
                              :mod (s23.c3 / country
                                           :name (s23.n3 / name
                                                         :op1 "Canada"))
                              :ord (s23.o2 / ordinal-entity
                                           :value "3")))
   :snt24 (s24.i2 / infer-01
                  :ARG1 (s24.b / be-located-at-91
                               :ARG1 (s24.i / include-91
                                            :ARG1 (s24.w / we
                                                         :same-as s9.a2)
                                            :ARG2 (s24.w2 / we
                                                          :quant "4"))
                               :ARG2 (s24.c / corner
                                            :part-of (s24.w3 / world
                                                             :same-as s20.w)
                                            :quant "4")))
   :snt25 (s25.a / and
                 :op2 (s25.f2 / follow-02
                              :ARG0 (s25.i / i
                                           :same-as s2.i)
                              :ARG1 (s25.t2 / thing
                                            :ARG1-of (s25.g / give-01
                                                            :ARG0 (s25.a2 / and
                                                                          :op1 (s25.p / person
                                                                                      :ARG0-of (s25.h / have-rel-role-91
                                                                                                      :ARG1 s25.i
                                                                                                      :ARG2 (s25.f / father)))
                                                                          :op2 (s25.p2 / person
                                                                                       :ARG0-of (s25.h2 / have-rel-role-91
                                                                                                        :ARG1 s25.i
                                                                                                        :ARG2 (s25.m / mother)))
                                                                          :same-as s4.p2)
                                                            :ARG2 s25.i)
                                            :quant "2")
                              :ARG1-of (s25.c / cause-01
                                              :ARG0 (s25.s / say-01
                                                           :ARG0 s25.i
                                                           :ARG1 (s25.r / role-model
                                                                        :domain (s25.t / they
                                                                                       :same-as s4.p2)
                                                                        :poss s25.i)))))
   :snt26 (s26.s / say-01
                 :ARG0 (s26.t / they
                              :same-as s4.p2)
                 :ARG1 (s26.i / incline-01
                              :ARG0 (s26.l / life)))
   :snt27 (s27.o / or
                 :op1 (s27.g / go-01
                             :ARG1 (s27.y / you)
                             :direction (s27.u / up))
                 :op2 (s27.c / come-01
                             :ARG1 s27.y
                             :ARG4 (s27.d / down)))
   :snt28 (s28.a2 / and
                  :op2 (s28.t / thing
                              :ARG1-of (s28.s / stay-01
                                              :ARG2 (s28.i / i
                                                           :same-as s2.i))
                              :ARG1-of (s28.b2 / become-01
                                               :ARG2 (s28.p / philosophy
                                                            :ARG0-of (s28.m / make-01
                                                                            :ARG1 (s28.d / differ-02
                                                                                         :mod (s28.a / all)))
                                                            :poss s28.i
                                                            :topic (s28.l / life)))
                              :domain (s28.t2 / thing
                                              :mod (s28.o / or
                                                          :op1 (s28.g / good-02)
                                                          :op2 (s28.b / bad-07))
                                              :part-of (s28.l2 / live-01
                                                               :ARG0 s28.i)
                                              :quant "100")
                              :ord (s28.o2 / ordinal-entity
                                           :value "2")))
   :snt29 (s29.c / create-01
                 :ARG0 (s29.y / you)
                 :ARG1 (s29.t / thing
                              :ARG1-of (s29.i / include-91)
                              :quant "90")
                 :rel "100")
   :snt30 (s30.g / good-02
                 :ARG1 (s30.t / they))
   :snt31 (s31.c / create-01
                 :ARG0 (s31.y / you)
                 :ARG1 (s31.t / they))
   :snt32 (s32.e / enjoy-01
                 :ARG0 (s32.y / you)
                 :ARG1 (s32.i / it)
                 :mode "imperative")
   :snt33 (s33.c / create-01
                 :ARG0 (s33.y / you)
                 :ARG1 (s33.t / they)
                 :condition (s33.b / bad-07
                                   :ARG1 s33.t))
   :snt34 (s34.l / learn-01
                 :ARG0 (s34.y / you)
                 :ARG2 (s34.i / it)
                 :mode "imperative")
   :snt35 (s35.t / thing
                 :ARG1-of (s35.s / send-01
                                 :ARG0 (s35.n / nature)
                                 :path (s35.o / over))
                 :ARG1-of (s35.d / do-02
                                 :ARG0 (s35.y / you)
                                 :ARG1-of (s35.p / possible-01
                                                 :polarity "-"))
                 :op1 (s35.t2 / thing)
                 :quant "10")
   :snt36 (s36.r2 / resemble-01
                  :ARG1 (s36.i / it)
                  :ARG2 (s36.o / or
                               :op1 (s36.d / die-01
                                           :ARG1 (s36.p / person
                                                        :ARG0-of (s36.h / have-rel-role-91
                                                                        :ARG2 (s36.r / relative))))
                               :op2 (s36.c / cyclone)
                               :op3 (s36.h2 / hurricane)
                               :op4 (s36.e / earthquake)))
   :snt37 (s37.p / possible-01
                 :ARG1 (s37.d / do-02
                              :ARG0 (s37.y / you)
                              :ARG1 (s37.t / thing)
                              :ARG2 (s37.i / it))
                 :polarity "-")
   :snt38 (s38.o / obligate-01
                 :ARG1 (s38.y / you)
                 :ARG2 (s38.r / respond-01
                              :ARG0 s38.y
                              :ARG1 (s38.s / situation)
                              :mod (s38.j / just)))
   :snt39 (s39.c2 / contrast-01
                  :ARG2 (s39.c / come-03
                               :ARG1 (s39.t3 / thing
                                             :ARG2-of (s39.r / respond-01)
                                             :mod (s39.t / that)
                                             :same-as s38.r)
                               :ARG2 (s39.p / point
                                            :mod (s39.t2 / that)
                                            :quant "90")))
   :snt40 (s40.c / cause-01
                 :ARG0 (s40.p2 / produce-01
                               :ARG0 (s40.a / and
                                            :op1 (s40.p / philosophy
                                                        :mod (s40.t2 / this)
                                                        :mod (s40.s / score-on-scale-91
                                                                    :ARG1 "10"
                                                                    :ARG3 "100"))
                                            :op2 (s40.l / live-01
                                                        :manner (s40.i2 / incline)
                                                        :li "2"))
                               :ARG1 (s40.i / i
                                            :same-as s2.i))
                 :ARG1 (s40.g2 / grow-up-04
                               :purpose (s40.v / value-02
                                               :ARG0 s40.i
                                               :ARG1 (s40.t / thing
                                                            :ARG1-of (s40.g / get-01
                                                                            :ARG0 s40.i)))
                               :ARG1 s40.i))
   :snt41 (s41.a2 / and
                  :op1 (s41.p3 / produce-01
                               :ARG0 (s41.o / opportunity
                                            :ARG1-of (s41.r / rare-02)
                                            :ARG1-of (s41.g / get-01
                                                            :ARG0 (s41.g2 / girl)
                                                            :polarity "-")
                                            :time (s41.a / and
                                                         :op1 (s41.d / date-entity
                                                                     :decade "50")
                                                         :op2 (s41.d2 / date-entity
                                                                      :decade "60")))
                               :ARG1 (s41.i / i
                                            :same-as s2.i))
                  :op2 (s41.r2 / realize-01
                               :ARG0 s41.i
                               :ARG1 (s41.u / unique-01
                                            :ARG1 (s41.t / thing
                                                         :ARG1-of (s41.g3 / give-01
                                                                          :ARG0 (s41.p2 / person
                                                                                        :ARG0-of (s41.h / have-rel-role-91
                                                                                                        :ARG1 s41.i
                                                                                                        :ARG2 (s41.p / parent))
                                                                                        :same-as s4.p2)
                                                                          :ARG2 s41.i)))))
   :snt42 (s42.c / cause-01
                 :ARG0 (s42.a4 / and
                               :op1 (s42.p2 / pose-01
                                            :purpose (s42.m / marry-01
                                                            :ARG1 (s42.p / person
                                                                         :ARG0-of (s42.h3 / have-rel-role-91
                                                                                          :ARG1 (s42.i / i
                                                                                                       :same-as s2.i)
                                                                                          :ARG2 (s42.f / friend)
                                                                                          :location (s42.s / school))
                                                                         :ARG1-of (s42.g2 / good-02)
                                                                         :mod (s42.a2 / all))
                                                            :ARG2 (s42.d2 / dowry
                                                                          :quant (s42.l / lot)))
                                            :ARG1 s42.p)
                               :op2 (s42.a5 / and
                                            :op1 (s42.h / have-03
                                                        :ARG0 s42.i
                                                        :ARG1 (s42.r / racket
                                                                     :mod (s42.t / tennis)))
                                            :op2 (s42.g / go-02
                                                        :ARG0 s42.i
                                                        :ARG4 (s42.s2 / school))
                                            :op3 (s42.d / do-02
                                                        :ARG0 s42.i
                                                        :ARG1 (s42.a / activity-06
                                                                     :quant (s42.k / kind
                                                                                   :mod (s42.a3 / all))
                                                                     :ARG0 s42.i
                                                                     :mod (s42.e / extracurricular)))))
                 :rel (s42.h2 / have-degree-91
                              :ARG2 s42.g2
                              :ARG3 (s42.m2 / most)))
   :snt43 (s43.t2 / think-01
                  :ARG0 (s43.i / i
                               :same-as s2.i)
                  :ARG1 (s43.o / obligate-01
                               :ARG1 s43.i
                               :ARG2 (s43.t / tell-01
                                            :ARG0 s43.i
                                            :ARG1 (s43.t3 / this)
                                            :ARG2 (s43.y / you
                                                         :same-as s2.y))))
   :snt44 (s44.b / background
                 :domain (s44.t / thing
                                :ARG0-of (s44.c / cause-01
                                                :ARG1 (s44.s / say-01
                                                             :ARG0 (s44.i / i
                                                                          :same-as s2.i)
                                                             :ARG1 (s44.t2 / this
                                                                           :same-as s43.t3)))))
   :snt45 (s45.t / thing
                 :ARG1-of (s45.c / come-01
                                 :time (s45.n / next))
                 :domain (s45.t2 / this))
   :snt46 (s46.j / join-01
                 :ARG0 (s46.i / i
                              :same-as s2.i)
                 :ARG1 (s46.g / government-organization
                              :name (s46.n / name
                                           :op1 "Indian"
                                           :op2 "Police"
                                           :op3 "Service"))
                 :ARG1-of (s46.c / cause-01
                                 :ARG0 (s46.r / run-02
                                              :purpose (s46.a / and
                                                              :op1 (s46.t2 / title
                                                                           :mod (s46.t / tennis)
                                                                           :poss s46.i)
                                                              :op2 (s46.e / et-cetera))
                                              :ARG0 s46.i
                                              :time (s46.u / use-03)))
                 :manner (s46.w / woman
                                :ARG0-of (s46.h / have-03
                                                :ARG1 (s46.s / stamina
                                                             :mod (s46.d / defatigable)))
                                :ARG1-of (s46.t3 / tough-02)))
   :snt47 (s47.c / contrast-01
                 :ARG2 (s47.a / and
                              :op1 (s47.j / join-01
                                          :ARG0 (s47.i / i
                                                       :same-as s2.i)
                                          :ARG1 (s47.g / government-organization
                                                       :name (s47.n / name
                                                                    :op1 "Indian"
                                                                    :op2 "Police"
                                                                    :op3 "Service")
                                                       :same-as s46.g))
                              :op2 (s47.p / pattern
                                          :ARG1-of (s47.n2 / new-01)
                                          :domain s47.g
                                          :mod (s47.p2 / police-01)
                                          :time (s47.t / then))))
   :snt48 (s48.s / stand-08
                 :ARG0 (s48.p / police-01)
                 :ARG1 (s48.a / and
                              :op1 (s48.p2 / power
                                           :purpose (s48.c / correct-01
                                                           :ARG0 s48.p))
                              :op2 (s48.p3 / power
                                           :purpose (s48.p5 / prevent-01
                                                            :ARG0 s48.p))
                              :op3 (s48.p4 / power
                                           :purpose (s48.d / detect-01
                                                           :ARG0 s48.p)))
                 :beneficiary (s48.i / i
                                     :same-as s2.i))
   :snt49 (s49.s / something
                 :ARG1-of (s49.r / resemble-01
                                 :ARG2 (s49.t / thing
                                              :ARG1-of (s49.n2 / new-01)
                                              :ARG1-of (s49.g / give-01
                                                              :time (s49.e / ever)
                                                              :topic (s49.p / police-01
                                                                            :location (s49.c / country
                                                                                             :name (s49.n / name
                                                                                                          :op1 "India")
                                                                                             :same-as s6.c)))
                                              :ARG2-of (s49.d / define-01)
                                              :consist-of (s49.p2 / power
                                                                  :purpose (s49.p3 / prevent-01))))
                 :domain (s49.t2 / this))
   :snt50 (s50.c / cause-01
                 :ARG0 (s50.o / or
                              :op1 (s50.s / say-01
                                          :ARG1 (s50.i / it)
                                          :ARG1-of (s50.n / normal-02)
                                          :time (s50.a / always))
                              :op2 (s50.a2 / and
                                           :op1 (s50.p / power
                                                       :purpose (s50.d / detect-01))
                                           :op2 (s50.b / be-it-08
                                                       :ARG1 s50.d))
                              :op3 (s50.p2 / power
                                           :purpose (s50.p3 / punish-01))))
   :snt51 (s51.c2 / contrast-01
                  :ARG2 (s51.d / decide-01
                               :ARG0 (s51.i / i
                                            :same-as s2.i)
                               :ARG1 (s51.h / have-polarity-91
                                            :ARG2 "-"))
                  :rel (s51.p / power-01
                              :purpose (s51.p2 / prevent-01)
                              :ARG1-of (s51.c / cause-01
                                              :ARG0 (s51.l / learn-01
                                                           :ARG0 s51.i
                                                           :ARG1 (s51.t / that)
                                                           :time (s51.g / grow-up-04
                                                                        :ARG1 s51.i)))))
   :snt52 (s52.a2 / and
                  :op1 (s52.p / prevent-01
                              :ARG0 (s52.i / i
                                           :same-as s2.i)
                              :ARG1 (s52.t / thing
                                           :quant (s52.m2 / more-than
                                                          :op1 "10")
                                           :quant "10")
                              :ARG3 (s52.a / amr-unknown))
                  :op2 (s52.m / make-it-14
                              :ARG0 s52.i
                              :ARG1 s52.t
                              :time (s52.e / ever)
                              :polarity "-"))
   :snt53 (s53.a / and
                 :op1 (s53.c / come-01
                             :ARG1 (s53.i2 / it)
                             :ARG4 (s53.s / service
                                          :poss (s53.i / i
                                                       :same-as s2.i)
                                          :same-as s46.g)
                             :manner (s53.t / this))
                 :op2 (s53.d / differ-02
                             :ARG1 s53.i2
                             :ARG2 (s53.m / man)))
   :snt54 (s54.c2 / contrast-01
                  :ARG1 (s54.w / want-01
                               :ARG0 (s54.i / i
                                            :same-as s2.i)
                               :ARG1 (s54.m / make-02
                                            :ARG0 s54.i
                                            :ARG1 (s54.d / differ-02
                                                         :ARG1 (s54.i2 / it
                                                                       :same-as s53.i2)
                                                         :ARG2 (s54.m2 / man
                                                                       :same-as s53.m)))
                               :polarity "-")
                  :ARG1-of (s54.c / cause-01
                                  :ARG0 (s54.w2 / way
                                                :domain (s54.t / this
                                                               :same-as s53.t)
                                                :manner-of (s54.d2 / differ-02
                                                                   :ARG1 s54.i))))
   :snt55 (s55.a / and
                 :op2 (s55.r / redefine-01
                             :ARG0 (s55.i / i
                                          :same-as s2.i)
                             :ARG1 (s55.c / concept
                                          :mod (s55.p / police-01))
                             :location (s55.c2 / country
                                               :name (s55.n / name
                                                            :op1 "India")
                                               :same-as s6.c)))
   :snt56 (s56.t / take-01
                 :ARG0 (s56.i / i
                              :same-as s2.i)
                 :ARG1 (s56.y / you)
                 :ARG2 (s56.a / and
                              :op1 (s56.j / journey-01
                                          :ARG0 s56.i
                                          :quant "2")
                              :op2 (s56.j2 / journey-01
                                           :purpose (s56.p / police-01
                                                           :ARG0 s56.i)
                                           :ARG0 s56.i)
                              :op3 (s56.j3 / journey-01
                                           :ARG0 s56.i
                                           :location (s56.p2 / prison))))
   :snt57 (s57.s / see-01
                 :ARG0 (s57.y / you)
                 :ARG1 (s57.t / thing)
                 :condition (s57.s2 / see-01
                                    :ARG0 s57.y
                                    :ARG1 (s57.t2 / title
                                                  :ARG1-of (s57.c / call-01
                                                                  :ARG2 (s57.h2 / hold-01
                                                                                :ARG1 (s57.c2 / car
                                                                                              :poss (s57.p / person
                                                                                                           :ARG0-of (s57.h / have-org-role-91
                                                                                                                           :ARG2 (s57.m / minister
                                                                                                                                        :mod (s57.p2 / prime))))))))))
   :snt58 (s58.g / give-01
                 :ARG1 (s58.t2 / ticket-02
                               :purpose (s58.p / park-01)
                               :ARG1 (s58.p2 / person
                                             :ARG0-of (s58.h / have-org-role-91
                                                             :ARG1 (s58.c / country
                                                                          :name (s58.n / name
                                                                                       :op1 "India")
                                                                          :same-as s6.c)
                                                             :ARG2 (s58.m / minister
                                                                          :mod (s58.p3 / prime)))))
                 :ARG2 s58.p2
                 :ord (s58.o / ordinal-entity
                             :mod (s58.t / this)
                             :value "1"))
   :snt59 (s59.a / and
                 :op1 (s59.b / be-located-at-91
                             :ARG1 (s59.t2 / that
                                           :same-as s58.t)
                             :ARG2 (s59.c / country
                                          :name (s59.n / name
                                                       :op1 "India")
                                          :same-as s6.c)
                             :ord (s59.o / ordinal-entity
                                         :value "1"))
                 :op2 (s59.p / possible-01
                             :ARG1 (s59.t / tell-01
                                          :ARG0 (s59.i / i
                                                       :same-as s2.i)
                                          :ARG1 (s59.h / hear-01
                                                       :ARG0 (s59.y / you
                                                                    :same-as s2.y)
                                                       :ARG1 s59.t2
                                                       :mod (s59.l / last))
                                          :ARG2 s59.y)))
   :snt60 (s60.c / cause-01
                 :ARG0 (s60.b2 / be-temporally-at-91
                               :ARG1 (s60.i / it
                                            :mod (s60.a / again))
                               :ARG2 (s60.a2 / and
                                             :op1 s60.a
                                             :op2 (s60.f / forever)))
                 :ARG1 (s60.b / be-located-at-91
                              :ARG1 s60.i
                              :ARG2 (s60.c2 / country
                                            :name (s60.n / name
                                                         :op1 "India")
                                            :same-as s6.c)
                              :time (s60.n2 / now))
                 :time (s60.e / ever)
                 :polarity "-")
   :snt61 (s61.a / and
                 :op2 (s61.c / cause-01
                             :ARG0 (s61.a2 / and
                                           :op1 (s61.s / sensitive-03
                                                       :ARG0 (s61.i / i
                                                                    :same-as s2.i))
                                           :op2 (s61.c2 / compassionate
                                                        :domain s61.i)
                                           :op3 (s61.s2 / sensitive-03
                                                        :ARG0 s61.i
                                                        :ARG1 (s61.j / justice
                                                                     :polarity "-")
                                                        :degree (s61.v / very))
                                           :op4 (s61.f / favor-01
                                                       :ARG0 s61.i
                                                       :ARG1 (s61.j2 / justice)
                                                       :degree s61.v))
                             :ARG1 (s61.r / rule-01)))
   :snt62 (s62.c / cause-01
                 :ARG0 (s62.t / that)
                 :ARG1 (s62.j / join-01
                              :ARG0 (s62.i / i
                                           :same-as s2.i)
                              :ARG1 (s62.g / government-organization
                                           :name (s62.n / name
                                                        :op1 "Indian"
                                                        :op2 "Police"
                                                        :op3 "Service")
                                           :same-as s46.g)
                              :prep-as (s62.w / woman
                                              :domain s62.i)))
   :snt63 (s63.c2 / contrast-01
                  :ARG1 (s63.h / have-03
                               :ARG0 (s63.i / i
                                            :same-as s2.i)
                               :ARG1 (s63.o / option
                                            :mod (s63.o2 / other)))
                  :ARG2 (s63.c / choose-01
                               :ARG0 s63.i
                               :ARG1 s63.o
                               :polarity "-"))
   :snt64 (s64.c / cause-01
                 :ARG1 (s64.m / move-01
                              :ARG0 (s64.i / i
                                           :same-as s2.i)
                              :direction (s64.o / on)))
   :snt65 (s65.c / concern-02
                 :ARG0 (s65.t / this)
                 :ARG1 (s65.a / and
                              :op1 (s65.p / police-01
                                          :ARG1-of (s65.t2 / tough-03))
                              :op2 (s65.p2 / police-01
                                           :ARG1-of (s65.e / equal-01))))
   :snt66 (s66.k / know-02
                 :ARG1 (s66.i / i
                              :same-as s2.i)
                 :ARG2 (s66.w / woman
                              :ARG0-of (s66.l / listen-01
                                              :polarity "-")
                              :location (s66.h / here))
                 :time (s66.n / now))
   :snt67 (s67.c / cause-01
                 :ARG1 (s67.s2 / send-01
                               :ARG1 (s67.i / i
                                            :same-as s2.i)
                               :ARG2 (s67.t / thing
                                            :ARG1-of (s67.d / discriminate-01
                                                            :polarity "-")
                                            :ARG1-of (s67.p / post-01)
                                            :ARG2-of (s67.s / say-01
                                                            :ARG0 (s67.o / other)
                                                            :ARG1 (s67.n / no))
                                            :mod (s67.a / all))))
   :snt68 (s68.g / go-02
                 :ARG0 (s68.i / i
                              :same-as s2.i)
                 :ARG1 (s68.a / assign-01
                              :ARG1 s68.i
                              :ARG2 (s68.p2 / prison)
                              :ARG2 (s68.h / have-org-role-91
                                           :ARG0 s68.i
                                           :ARG1 (s68.p / police)
                                           :ARG2 (s68.o / officer)))
                 :time (s68.n / now))
   :snt69 (s69.w / want-01
                 :ARG0 (s69.p / person
                              :ARG0-of (s69.h / have-org-role-91
                                              :ARG1 (s69.p2 / police)
                                              :ARG2 (s69.o / officer)))
                 :ARG1 (s69.d / do-02
                              :ARG0 s69.p
                              :ARG1 (s69.p3 / prison))
                 :ARG1-of (s69.n / normal-02)
                 :polarity "-")
   :snt70 (s70.a / and
                 :op1 (s70.s / send-03
                             :purpose (s70.l / lock-up-03
                                             :ARG0 (s70.t / they)
                                             :ARG1 (s70.i / i
                                                          :same-as s2.i))
                             :ARG0 s70.t
                             :ARG1 s70.i
                             :ARG4 (s70.p2 / prison))
                 :op2 (s70.t2 / think-01
                              :ARG0 s70.t
                              :ARG1 (s70.a2 / and
                                            :op1 (s70.c / car
                                                        :polarity "-")
                                            :op2 (s70.p / person
                                                        :ARG0-of (s70.h / have-org-role-91
                                                                        :ARG2 (s70.b / billionaire
                                                                                     :mod (s70.m / multiple)))
                                                        :ARG2-of (s70.g / give-01
                                                                        :ARG1 (s70.t3 / ticket))
                                                        :polarity "-")
                                            :time (s70.n / now))))
   :snt71 (s71.l / lock-up-03
                 :ARG0 (s71.w / we)
                 :ARG1 (s71.s / she
                              :same-as s2.i)
                 :mode "imperative")
   :snt72 (s72.g / get-01
                 :ARG0 (s72.i / i
                              :same-as s2.i)
                 :ARG1 (s72.a / assign-01
                              :ARG1 s72.i
                              :ARG2 (s72.p / prison)
                              :same-as s68.a)
                 :location (s72.h / here))
   :snt73 (s73.a / assign-01
                 :ARG1 (s73.t / this
                              :same-as s68.a)
                 :ARG2 (s73.p2 / prison)
                 :mod (s73.d / den
                             :consist-of (s73.p / person
                                                :ARG2-of (s73.c / criminal-03))
                             :mod (s73.b / big)))
   :snt74 (s74.o / obvious-01
                 :ARG1 (s74.i / it
                              :same-as s68.a))
   :snt75 (s75.c / contrast-01
                 :ARG2 (s75.m / man
                              :ARG2-of (s75.i / include-91
                                              :ARG1 (s75.w / woman
                                                           :mod (s75.o / only)
                                                           :quant "400"))
                              :quant "10000")
                 :rel (s75.m2 / man
                              :quant "10000")
                 :rel (s75.m3 / man
                              :quant (s75.a / about
                                            :op1 "600")))
   :snt76 (s76.i2 / include-91
                  :ARG1 (s76.a / and
                               :ARG1-of (s76.s / send-01
                                               :ARG0 (s76.i / i
                                                            :same-as s2.i)
                                               :ARG2 (s76.j / jail))
                               :op1 (s76.t / terrorist)
                               :op2 (s76.p / person
                                           :ARG0-of (s76.r / rape-01))
                               :op3 (s76.p2 / person
                                            :ARG0-of (s76.b / burglarize-01))
                               :op4 (s76.g / gangster))
                  :ARG3 (s76.s2 / some)
                  :rel (s76.h / have-org-role-91
                              :ARG2 (s76.o / officer
                                           :location (s76.o2 / outside)
                                           :mod (s76.p3 / police))
                              :ARG0 s76.p3))
   :snt77 (s77.a2 / and
                  :op2 (s77.d / deal-01
                              :ARG0 (s77.i / i
                                           :same-as s2.i)
                              :ARG1 (s77.t2 / they
                                            :same-as s73.p)
                              :ARG2 (s77.a / amr-unknown)
                              :time (s77.t / then)))
   :snt78 (s78.k / know-01
                 :ARG0 (s78.i / i
                              :same-as s2.i)
                 :ARG1 (s78.t2 / thing
                               :manner-of (s78.l / look-01
                                                 :ARG0 s78.i
                                                 :ARG1 (s78.t / they
                                                              :same-as s73.p)))
                 :time (s78.d / day
                              :ord (s78.o / ordinal-entity
                                          :value "1")
                              :time-of (s78.g / go-02
                                              :ARG0 s78.i))
                 :polarity "-")
   :snt79 (s79.a2 / and
                  :op2 (s79.s / say-01
                              :ARG0 (s79.i / i
                                           :same-as s2.i)
                              :ARG1 (s79.p / pray-01
                                           :ARG0 (s79.y / you
                                                        :same-as s73.p)
                                           :polarity (s79.a / amr-unknown))))
   :snt80 (s80.s / say-01
                 :ARG0 (s80.i / i
                              :same-as s2.i)
                 :ARG1 (s80.p / pray-01
                              :ARG0 (s80.g / group
                                           :same-as s73.p)
                              :polarity (s80.a / amr-unknown))
                 :time (s80.l / look-01
                              :ARG0 s80.i
                              :ARG1 s80.g))
   :snt81 (s81.s / see-01
                 :ARG0 (s81.t / they
                              :same-as s73.p)
                 :ARG1 (s81.i / i
                              :same-as s2.i)
                 :ARG2 (s81.w2 / woman
                               :ARG0-of (s81.w / wear-01
                                               :ARG1 (s81.s3 / suit
                                                             :mod (s81.c / company
                                                                         :name (s81.n / name
                                                                                      :op1 "European"))))
                               :ARG1-of (s81.s2 / short-07)
                               :mod (s81.y / young)))
   :snt82 (s82.s / say-01
                 :ARG0 (s82.i / i
                              :same-as s2.i)
                 :ARG1 (s82.p / pray-01
                              :ARG0 (s82.y / you
                                           :same-as s73.p)
                              :polarity (s82.a / amr-unknown)))
   :snt83 (s83.a / and
                 :op2 (s83.s / say-01
                             :ARG0 (s83.t / they
                                          :same-as s73.p)
                             :ARG1 (s83.a2 / anything)
                             :polarity "-"))
   :snt84 (s84.s / say-01
                 :ARG0 (s84.i / i
                              :same-as s2.i)
                 :ARG1 (s84.p / pray-01
                              :ARG0 (s84.y / you
                                           :same-as s73.p)
                              :polarity (s84.a / amr-unknown))
                 :ARG2 (s84.t / truth-value
                              :polarity-of (s84.w / want-01
                                                  :ARG0 s84.y
                                                  :ARG1 (s84.p2 / pray-01
                                                                :ARG0 s84.y))))
   :snt85 (s85.a2 / and
                  :op1 (s85.s / say-01
                              :ARG0 (s85.t / they
                                           :same-as s73.p)
                              :ARG1 (s85.y / yes))
                  :op2 (s85.p / pray-01
                              :ARG0 (s85.w / we)
                              :ARG2-of (s85.r / right-06
                                              :mod (s85.a / all))
                              :mode "imperative")
                  :rel (s85.i / i
                              :same-as s2.i))
   :snt86 (s86.a / and
                 :op1 (s86.p / pray-01
                             :ARG0 (s86.i / i
                                          :same-as s2.i)
                             :ARG1 (s86.t / they
                                          :same-as s73.p))
                 :op2 (s86.s / start-01
                             :ARG1 (s86.c / change-01
                                          :ARG1 (s86.t2 / thing))))
   :snt87 (s87.v / visual
                 :domain (s87.t / this)
                 :topic (s87.e / educate-01
                               :location (s87.i / inside
                                                :op1 (s87.p / prison))))
   :snt88 (s88.s / say-01
                 :ARG1 (s88.e / event
                              :location-of (s88.s2 / study-01
                                                   :ARG0 (s88.e3 / everybody)
                                                   :location (s88.p2 / prison
                                                                     :same-as s87.p))
                              :mod (s88.t / this)
                              :time (s88.e2 / ever)
                              :polarity "-")
                 :ARG2 (s88.p / person
                              :ARG0-of (s88.h / have-rel-role-91
                                              :ARG1 (s88.i / i)
                                              :ARG2 (s88.f / friend))
                              :same-as s2.y))
   :snt89 (s89.s / start-01
                 :ARG0 (s89.i / i
                              :same-as s2.i)
                 :ARG1 (s89.t / this)
                 :ARG2 (s89.s2 / support-01
                               :ARG0 (s89.c / community)
                               :ARG1 s89.i))
   :snt90 (s90.h / have-03
                 :ARG0 (s90.g2 / government-organization
                               :ARG0-of (s90.g / govern-01))
                 :ARG1 (s90.b / budget)
                 :polarity "-")
   :snt91 (s91.i / include-91
                 :ARG1 (s91.i2 / it
                               :same-as s89.t)
                 :ARG2 (s91.v / volunteer-01
                              :ARG1-of (s91.h / have-degree-91
                                              :ARG2 (s91.f / fine-03
                                                           :ARG1 s91.v)
                                              :ARG2 (s91.a / and
                                                           :op1 s91.f
                                                           :op2 (s91.h2 / have-degree-91
                                                                        :ARG1 s91.v
                                                                        :ARG2 (s91.l / large)
                                                                        :ARG3 (s91.m / most))))
                              :location (s91.p / prison
                                               :location (s91.w / world
                                                                :same-as s20.w)
                                               :mod (s91.a2 / any))))
   :snt92 (s92.i / initiate-01
                 :ARG1 (s92.t / this
                              :same-as s89.t)
                 :location (s92.p / prison
                                  :location (s92.c / city
                                                   :name (s92.n / name
                                                                :op1 "Delhi"))
                                  :same-as s87.p))
   :snt93 (s93.s2 / see-01
                  :ARG0 (s93.y / you)
                  :ARG1 (s93.t2 / thing
                                :ARG2-of (s93.s / sample-01
                                                :ARG1 (s93.t / teach-01
                                                             :ARG0 (s93.p / prisoner)
                                                             :ARG1 (s93.c / class)))
                                :quant "1"))
   :snt94 (s94.c / class
                 :quant (s94.m / multiple
                               :op1 "100")
                 :domain (s94.t / this))
   :snt95 (s95.g / go-02
                 :ARG0 (s95.p / person
                              :ARG1-of (s95.i2 / imprison-01)
                              :mod (s95.e2 / every))
                 :ARG4 (s95.p2 / program
                               :mod (s95.e / educate-01)
                               :mod (s95.d2 / den
                                            :ARG1-of (s95.s / same-01
                                                            :ARG2 (s95.d3 / den
                                                                          :location-of (s95.t4 / think-01
                                                                                               :ARG0 (s95.t2 / they)
                                                                                               :ARG1 (s95.a / and
                                                                                                            :op1 (s95.p3 / put-01
                                                                                                                         :ARG0 s95.t2
                                                                                                                         :ARG1 (s95.i / i
                                                                                                                                      :same-as s2.i)
                                                                                                                         :ARG2 (s95.b2 / behind
                                                                                                                                       :op1 (s95.b / bar)))
                                                                                                            :op2 (s95.f / forget-01
                                                                                                                        :ARG1 (s95.t3 / thing))))))))
                 :time (s95.d / date-interval
                              :op2 (s95.t / temporal-quantity
                                          :quant "11")
                              :op1 "9"))
   :snt96 (s96.c / convert-01
                 :ARG0 (s96.w / we)
                 :ARG1 (s96.t / this
                              :same-as s95.p2)
                 :ARG2 (s96.a / ashram
                              :source (s96.p / prison))
                 :ARG2 (s96.a2 / ashram)
                 :manner (s96.e / educate-01))
   :snt97 (s97.t2 / think-01
                  :ARG0 (s97.i / i
                               :same-as s2.i)
                  :ARG1 (s97.c / change-01
                               :ARG1-of (s97.h / have-degree-91
                                               :ARG2 (s97.b / big)
                                               :ARG3 (s97.m / more))
                               :ARG2 (s97.t / that
                                            :same-as s96.c)))
   :snt98 (s98.b / begin-01
                 :ARG1 (s98.c / change-01)
                 :domain (s98.i / it
                                :same-as s96.c))
   :snt99 (s99.c / come-01
                 :ARG1 (s99.b / book)
                 :ARG3 (s99.s / schoolbook
                              :ARG1-of (s99.d / donate-01)))
   :snt100 (s100.d / donate-01
                   :ARG1 (s100.s / station))
   :snt101 (s101.c / cause-01
                   :ARG0 (s101.b / budget-01
                                 :ARG1 (s101.e / educate-01
                                               :ARG2 (s101.p / prison
                                                             :same-as s87.p))
                                 :polarity "-")
                   :ARG1 (s101.d / donate-01
                                 :ARG1 (s101.e2 / everything)))
   :snt102 (s102.h / hellhole
                   :condition (s102.d / do-02
                                      :ARG0 (s102.i / i
                                                    :same-as s2.i)
                                      :ARG1 (s102.t / that
                                                    :same-as s96.c)
                                      :polarity "-")
                   :domain (s102.i2 / it
                                    :same-as s87.p)
                   :time (s102.n / now))
   :snt103 (s103.l / landmark
                   :domain (s103.t / that)
                   :ord (s103.o / ordinal-entity
                                :value "2"))
   :snt104 (s104.w / want-01
                   :ARG0 (s104.i / i
                                 :same-as s2.i)
                   :ARG1 (s104.s2 / show-01
                                  :ARG0 s104.i
                                  :ARG1 (s104.m / moment
                                                :quant (s104.s3 / some)
                                                :ARG1-of (s104.s / see-01
                                                                 :ARG0 (s104.y / you
                                                                               :same-as s2.y)
                                                                 :location (s104.a / anywhere
                                                                                   :location (s104.w2 / world
                                                                                                      :same-as s20.w))
                                                                 :mod (s104.p / probable)
                                                                 :time (s104.e / ever)
                                                                 :polarity "-")
                                                :mod (s104.h / history)
                                                :time (s104.j / journey-01
                                                              :ARG0 s104.i))
                                  :ARG2 s104.y))
   :snt105 (s105.n / number
                   :ARG1-of (s105.s / see-01
                                    :ARG0 (s105.y / you)
                                    :time (s105.e / ever)
                                    :polarity "-")
                   :li "1")
   :snt106 (s106.c / concept
                   :mod (s106.t / this)
                   :li "2")
   :snt107 (s107.p3 / program
                    :domain (s107.t / this
                                    :same-as s106.t)
                    :location (s107.p2 / prison
                                       :consist-of (s107.p / person
                                                           :quant (s107.o / over
                                                                          :op1 "1000")
                                                           :ARG1-of (s107.i / imprison-01)))
                    :mod (s107.m / meditate-01))
   :snt108 (s108.p / person
                   :ARG0-of (s108.m / meditate-01)
                   :ARG1-of (s108.i / imprison-01)
                   :quant "1000"
                   :same-as s107.p)
   :snt109 (s109.s / step-01
                   :ARG1-of (s109.h / have-degree-91
                                    :ARG2 (s109.c / courage)
                                    :ARG3 (s109.m / most)
                                    :ARG5 (s109.t / thing
                                                  :ARG4-of (s109.s2 / step-01
                                                                    :ARG1 (s109.i / i
                                                                                  :ARG0-of (s109.h2 / have-org-role-91
                                                                                                    :ARG2 (s109.g / governor
                                                                                                                  :mod (s109.p / prison)))
                                                                                  :same-as s2.i))))
                   :rel (s109.t2 / this)
                   :quant "1")
   :snt110 (s110.a / and
                   :op2 (s110.t2 / transform-01
                                 :ARG1 (s110.t / this
                                               :same-as s109.t2)))
   :snt111 (s111.a / and
                   :condition (s111.w / want-01
                                      :ARG0 (s111.y / you)
                                      :ARG1 (s111.k / know-01
                                                    :ARG0 s111.y
                                                    :ARG1 (s111.m / more)
                                                    :topic (s111.t / this)))
                   :op1 (s111.g / go-02
                                :ARG0 s111.y)
                   :op2 (s111.s / see-01
                                :ARG0 s111.y
                                :ARG1 (s111.f / film
                                              :name (s111.n / name
                                                            :op1 "Doing"
                                                            :op2 "Time"
                                                            :op3 ","
                                                            :op4 "Doing"
                                                            :op5 "Vipassana")
                                              :mod (s111.t2 / this))))
   :snt112 (s112.a / and
                   :op1 (s112.h / hear-01
                                :ARG0 (s112.y / you
                                              :same-as s2.y)
                                :ARG1 (s112.i / it
                                              :same-as s111.f))
                   :op2 (s112.l / love-01
                                :ARG0 s112.y
                                :ARG1 s112.i))
   :snt113 (s113.a / and
                   :op2 (s113.a2 / and
                                 :op1 (s113.w / write-01
                                              :ARG0 (s113.y / you)
                                              :ARG2 (s113.i / i
                                                            :same-as s2.i)
                                              :location (s113.u / url-entity
                                                                :value "tripod.com")
                                              :mode "imperative")
                                 :op2 (s113.r / respond-01
                                              :ARG0 s113.i
                                              :ARG1 s113.y)))
   :snt114 (s114.l / let-01
                   :ARG0 (s114.y / you)
                   :ARG1 (s114.s / show-01
                                 :ARG0 (s114.i / i
                                               :same-as s2.i)
                                 :ARG1 (s114.s2 / slide
                                                :mod (s114.n / next))
                                 :ARG2 s114.y))
   :snt115 (s115.c / cause-01
                   :ARG0 (s115.b / bring-01
                                 :ARG0 (s115.i / i
                                               :same-as s2.i)
                                 :ARG1 (s115.m / meditate-01)
                                 :ARG1-of (s115.c2 / cause-01
                                                   :ARG0 (s115.a / amr-unknown))
                                 :ARG2 (s115.p / prison
                                               :mod (s115.c4 / country
                                                             :name (s115.n / name
                                                                           :op1 "India"))))
                   :ARG1 (s115.t / take-01
                                 :ARG0 s115.i
                                 :ARG1 (s115.c3 / concept
                                                :ARG1-of (s115.s / same-01)
                                                :mod (s115.m2 / mindfulness))))
   :snt116 (s116.c / cause-01
                   :ARG0 (s116.p / produce-01
                                 :ARG0 (s116.m / mind
                                               :ARG1-of (s116.d / distort-01))
                                 :ARG1 (s116.c2 / crime-02)))
   :snt117 (s117.d / distort-01
                   :ARG1 (s117.m / mind)
                   :ARG1-of (s117.a / address-01
                                    :ARG1-of (s117.n / need-01)
                                    :ARG2 (s117.c / control-01))
                   :domain (s117.i / it
                                   :same-as s116.c2))
   :snt118 (s118.c / contrast-01
                   :ARG1 (s118.m / manner
                                 :manner-of (s118.r / read-01)
                                 :op1 (s118.p / preach-01
                                              :polarity "-")
                                 :op2 (s118.t / tell-01)
                                 :polarity "-")
                   :ARG2 (s118.h / have-manner-91
                                 :ARG2 (s118.a / address-02
                                               :ARG0 (s118.y / you)
                                               :ARG1 (s118.m2 / mind
                                                              :poss s118.y)))
                   :rel "-")
   :snt119 (s119.c / cause-01
                   :ARG0 (s119.a / and
                                 :op1 (s119.i2 / imprison-01
                                               :ARG1 (s119.p2 / police)
                                               :ARG3 (s119.m / mind
                                                             :poss s119.p2)
                                               :ARG3-of (s119.e / equal-01))
                                 :op2 (s119.f / feel-01
                                              :ARG0 s119.p2
                                              :ARG1 (s119.a2 / and
                                                             :op1 (s119.w / we)
                                                             :op2 s119.p2))
                                 :op3 (s119.c2 / cooperate-01
                                               :ARG0 (s119.p / person)
                                               :polarity "-"))
                   :ARG1 (s119.t / take-01
                                 :ARG0 (s119.i / i
                                               :same-as s2.i)
                                 :ARG1 (s119.t2 / thing
                                                :ARG1-of (s119.s / same-01))
                                 :ARG3 s119.p2))
   :snt120 (s120.w / work-09
                   :ARG1 (s120.t / this))
   :snt121 (s121.b / box
                   :ARG1-of (s121.c / call-01
                                    :ARG2 (s121.b2 / box
                                                   :mod (s121.p / petition)))
                   :domain (s121.t / this)
                   :mod (s121.f / feedback))
   :snt122 (s122.i2 / introduce-02
                    :purpose (s122.a / and
                                     :op1 (s122.l / listen-01
                                                  :ARG1 (s122.c / complain-01))
                                     :op2 (s122.l2 / listen-01
                                                   :ARG1 (s122.c2 / complain-01)))
                    :ARG0 (s122.i / i
                                  :same-as s2.i)
                    :ARG1 (s122.c3 / concept
                                   :mod (s122.t / this)))
   :snt123 (s123.b / box
                   :domain (s123.t / this
                                   :same-as s121.t)
                   :mod (s123.m / magic))
   :snt124 (s124.b / box
                   :ARG0-of (s124.s / sensitive-03)
                   :domain (s124.t / this
                                   :same-as s121.t))
   :snt125 (s125.t2 / this
                    :manner-of (s125.d / draw-02
                                       :ARG0 (s125.p / person
                                                     :ARG1-of (s125.i / imprison-01))
                                       :ARG1 (s125.t / thing
                                                     :ARG1-of (s125.f / feel-01
                                                                      :ARG0 s125.p
                                                                      :ARG2 (s125.p2 / prison)))))
   :snt126 (s126.h / have-condition-91
                   :ARG2 (s126.s / see-01
                                 :ARG0 (s126.y / you)
                                 :ARG1 (s126.s2 / somebody
                                                :ARG0-of (s126.t / teach-01)
                                                :ARG1-of (s126.i / imprison-01)
                                                :mod (s126.b / blue)
                                                :mod (s126.g / guy
                                                             :mod (s126.t2 / this)))))
   :snt127 (s127.a / and
                   :op2 (s127.b / busy-01
                                :ARG1 (s127.e / everybody)
                                :mod (s127.s / see-03
                                             :ARG0 (s127.y / you))))
   :snt128 (s128.t / time
                   :ARG1-of (s128.w / waste-01)
                   :polarity "-")
   :snt129 (s129.l / let-01
                   :ARG0 (s129.y / you)
                   :ARG1 (s129.w / wrap-up-02
                                 :ARG0 (s129.i / i
                                               :same-as s2.i)
                                 :ARG1 (s129.i2 / it))
                   :mode "imperative")
   :snt130 (s130.a2 / and
                    :op1 (s130.i2 / interest-01
                                  :ARG1 (s130.i / i
                                                :same-as s2.i)
                                  :ARG2 (s130.m / movement-07
                                                :quant (s130.m2 / multiple
                                                                :quant (s130.a / about
                                                                               :domain (s130.c2 / country
                                                                                                :name (s130.n / name
                                                                                                              :op1 "India")
                                                                                                :same-as s6.c)
                                                                               :op1 (s130.m3 / multiple
                                                                                             :op1 "1000"))
                                                                :op1 "1000")
                                                :topic (s130.e / educate-01
                                                               :ARG1 (s130.c / child
                                                                             :ARG1-of (s130.s / serve-01
                                                                                              :degree (s130.u / under)))))
                                  :time (s130.c3 / current))
                    :op2 s130.a)
   :snt131 (s131.c / concern-02
                   :ARG1 (s131.m / movement-07
                                 :ARG1 (s131.o / oppose-01
                                               :ARG1 (s131.c2 / corrupt-01))
                                 :location (s131.c3 / country
                                                    :name (s131.n / name
                                                                  :op1 "India")
                                                    :same-as s6.c))
                   :li "2")
   :snt132 (s132.w / way
                   :manner-of (s132.d / draft-01
                                      :ARG0 (s132.w2 / we
                                                     :mod (s132.g3 / group
                                                                   :consist-of (s132.a / activist)
                                                                   :mod (s132.s / small)))
                                      :ARG1 (s132.b2 / bill
                                                     :beneficiary (s132.g2 / government-organization
                                                                           :ARG0-of (s132.g / govern-01
                                                                                            :ARG1 (s132.c / country
                                                                                                          :name (s132.n / name
                                                                                                                        :op1 "India")
                                                                                                          :same-as s6.c))
                                                                           :same-as s6.c)
                                                     :mod (s132.o / ombudsman)))
                   :mod (s132.b / big))
   :snt133 (s133.s / say-01
                   :ARG0 (s133.i / i)
                   :ARG1 (s133.h2 / hear-01
                                  :ARG0-of (s133.h / have-rel-role-91
                                                   :ARG2 (s133.f / friend)
                                                   :same-as s2.y)
                                  :ARG1 (s133.l / lot
                                                :topic (s133.i2 / it
                                                                :same-as s131.m))))
   :snt134 (s134.a2 / and
                    :op1 (s134.m2 / movement-07
                                  :ARG1 (s134.t / that
                                                :same-as s131.m)
                                  :time (s134.d / drive-01
                                                :ARG0 (s134.i / i
                                                              :same-as s2.i)
                                                :time (s134.m / moment)))
                    :op2 (s134.a3 / and
                                  :domain s134.t
                                  :op1 s134.m2
                                  :op2 (s134.a / ambition
                                               :poss (s134.l / life
                                                             :poss s134.i))))
   :snt135 (s135.t / thank-01
                   :ARG0 (s135.i / i)
                   :ARG1 (s135.y / you
                                 :same-as s2.i)
                   :mod (s135.m / much
                                :degree (s135.v / very)))
   :snt136 (s136.t / thank-01
                   :ARG1 (s136.y / you
                                 :same-as s2.i))
   :snt137 (s137.t / thank-01
                   :ARG0 (s137.i / i)
                   :ARG1 (s137.y / you
                                 :same-as s2.i)
                   :mod (s137.m / much
                                :degree (s137.v / very)))
   :snt138 (s138.t / thank-01
                   :ARG1 (s138.y / you
                                 :same-as s2.i))
   :snt139 (s139.t / thank-01
                   :ARG1 (s139.y / you
                                 :same-as s2.i))
   :snt140 (s140.t / thank-01
                   :ARG1 (s140.y / you
                                 :same-as s2.i))
   :snt141 (s141.t / thank-01
                   :ARG1 (s141.y / you
                                 :same-as s2.i)))

