# ::id doc-1112
# ::doc_file doc-1112
# ::tok http : / / www . ted . com / talks / megan_washington_why_i_live_in_mortal_dread_of_public_speaking< / url> <next_sent> I did n't know when I agreed to do this whether I was expected to talk or to sing . <next_sent> But when I was told that the topic was language , I felt that I had to speak about something for a moment . <next_sent> I have a problem . <next_sent> It 's not the worst thing in the world . <next_sent> I 'm fine . <next_sent> I 'm not on fire . <next_sent> I know that other people in the world have far worse things to deal with , but for me , language and music are inextricably linked through this one thing . <next_sent> And the thing is that I have a stutter . <next_sent> It might seem curious given that I spend a lot of my life on the stage . <next_sent> One would assume that I 'm comfortable in the public sphere and comfortable here , speaking to you guys . <next_sent> But the truth is that I 've spent my life up until this point and including this point , living in mortal dread of public speaking . <next_sent> Public singing , whole different thing . <next_sent> But we 'll get to that in a moment . <next_sent> I 've never really talked about it before so explicitly . <next_sent> I think that that 's because I 've always lived in hope that when I was a grown - up , I would n't have one . <next_sent> I sort of lived with this idea that when I 'm grown , I 'll have learned to speak French , and when I 'm grown , I 'll learn how to manage my money , and when I 'm grown , I wo n't have a stutter , and then I 'll be able to public speak and maybe be the prime minister and anything 's possible and , you know . <next_sent> So I can talk about it now because I 've reached this point , where — I mean , I 'm 28 . <next_sent> I 'm pretty sure that I 'm grown now . <next_sent> And I 'm an adult woman who spends her life as a performer , with a speech impediment . <next_sent> So , I might as well come clean about it . <next_sent> There are some interesting angles to having a stutter . <next_sent> For me , the worst thing that can happen is meeting another stutterer . <next_sent> This happened to me in Hamburg , when this guy , we met and he said , " Hello , m - m - m - my name is Joe , " and I said , " Oh , hello , m - m - m - my name is Meg . " <next_sent> Imagine my horror when I realized he thought I was making fun of him . <next_sent> People think I 'm drunk all the time . <next_sent> People think that I 've forgotten their name when I hesitate before saying it . <next_sent> And it is a very weird thing , because proper nouns are the worst . <next_sent> If I 'm going to use the word " Wednesday " in a sentence , and I 'm coming up to the word , and I can feel that I 'm going to stutter or something , I can change the word to " tomorrow , " or " the day after Tuesday , " or something else . <next_sent> It 's clunky , but you can get away with it , because over time I 've developed this loophole method of using speech where right at the last minute you change the thing and you trick your brain . <next_sent> But with people 's names , you ca n't change them . <next_sent> When I was singing a lot of jazz , I worked a lot with a pianist whose name was Steve . <next_sent> As you can probably gather , S 's and T 's , together or independently , are my kryptonite . <next_sent> But I would have to introduce the band and when I got around to Steve , I 'd often find myself stuck on the " St. " <next_sent> And it was a bit awkward and uncomfortable and it totally kills the vibe . <next_sent> So after a few instances of this , Steve happily became " Seve , " and we got through it that way . <next_sent> I 've had a lot of therapy , and a common form of treatment is to use this technique that 's called smooth speech , which is where you almost sing everything that you say . <next_sent> You kind of join everything together in this very singsong , kindergarten teacher way , and it makes you sound very serene , like you 've had lots of Valium , and everything is calm . <next_sent> That 's not actually me . <next_sent> I use it when I have to be on panel shows , or when I have to do radio interviews , when the economy of airtime is paramount . <next_sent> I get through it that way for my job . <next_sent> But as an artist who feels that their work is based solely on a platform of honesty and being real , that feels often like cheating . <next_sent> Which is why before I sing , I wanted to tell you what singing means to me . <next_sent> It 's more than making nice sounds , and it 's more than making nice songs . <next_sent> It 's more than feeling known , or understood . <next_sent> It 's more than making you feel the things that I feel . <next_sent> It 's not about mythology , or mythologizing myself to you . <next_sent> Somehow , through some miraculous synaptic function of the human brain , it 's impossible to stutter when you sing . <next_sent> And when I was younger , that was a method of treatment that worked very well for me , singing , so I did it a lot . <next_sent> And that 's why I 'm here today . <next_sent> Thank you . <next_sent> Singing for me is sweet relief . <next_sent> It is the only time when I feel fluent . <next_sent> It is the only time when what comes out of my mouth is comprehensively exactly what I intended . <next_sent> So I know that this is a TED Talk , but now i 'm going to TED sing . <next_sent> This is a song that I wrote last year . <next_sent> Thank you very much . <next_sent> Thank you .
(d / document
   :snt1 (s1.u / url-entity
               :value "America")
   :snt2 (s2.k / know-01
               :ARG0 (s2.i / i)
               :ARG1 (s2.t4 / truth-value
                            :polarity-of (s2.e / expect-01
                                               :ARG1 (s2.o / or
                                                           :op1 (s2.t / talk-01
                                                                      :ARG0 s2.i)
                                                           :op2 (s2.s / sing-01
                                                                      :ARG0 s2.i))))
               :time (s2.t3 / time
                            :time-of (s2.a / agree-01
                                           :ARG0 s2.i
                                           :ARG1 (s2.d / do-02
                                                       :ARG0 s2.i
                                                       :ARG1 (s2.t2 / this))))
               :polarity "-")
   :snt3 (s3.c / contrast-01
               :ARG2 (s3.f / feel-01
                           :ARG0 (s3.i / i
                                       :same-as s2.i)
                           :ARG1 (s3.o / obligate-01
                                       :ARG1 s3.i
                                       :ARG2 (s3.s2 / speak-01
                                                    :ARG0 s3.i
                                                    :ARG1 (s3.s / something)
                                                    :duration (s3.m / moment
                                                                    :quant "1")))
                           :time (s3.t / tell-01
                                       :ARG1 (s3.t2 / topic
                                                    :domain (s3.l / language))
                                       :ARG2 s3.i)))
   :snt4 (s4.h / have-03
               :ARG0 (s4.i / i
                           :same-as s2.i)
               :ARG1 (s4.p / problem))
   :snt5 (s5.h / have-degree-91
               :ARG1 (s5.t / thing
                           :polarity "-")
               :ARG2 (s5.b / bad-04
                           :ARG1 s5.t)
               :ARG3 (s5.m / most)
               :ARG5 (s5.w / world))
   :snt6 (s6.f / fine-04
               :ARG1 (s6.i / i
                           :same-as s2.i))
   :snt7 (s7.o / on-fire-08
               :ARG1 (s7.i / i
                           :same-as s2.i)
               :polarity "-")
   :snt8 (s8.c / contrast-01
               :ARG1 (s8.k / know-01
                           :ARG0 (s8.i / i
                                       :same-as s2.i)
                           :ARG1 (s8.d / deal-01
                                       :ARG0 (s8.p / person
                                                   :location (s8.w / world
                                                                   :same-as s5.w)
                                                   :mod (s8.o / other))
                                       :ARG2 (s8.t / thing
                                                   :ARG1-of (s8.h / have-degree-91
                                                                  :ARG2 (s8.b / bad-07
                                                                              :ARG1 s8.t)
                                                                  :ARG3 (s8.m / more
                                                                              :quant (s8.f / far))))
                                       :ARG2 s8.i))
               :ARG2 (s8.l2 / link-01
                            :ARG1 (s8.l / language)
                            :ARG2 (s8.m2 / music)
                            :ARG3 (s8.t2 / thing
                                         :mod (s8.t3 / this)
                                         :quant "1")
                            :beneficiary s8.i
                            :manner (s8.e / extricate-01
                                          :ARG1-of (s8.p2 / possible-01
                                                          :polarity "-"))))
   :snt9 (s9.a / and
               :op2 (s9.h / have-03
                          :ARG0 (s9.i / i
                                      :same-as s2.i)
                          :ARG1 (s9.s / stutter-01
                                      :ARG0 s9.i)))
   :snt10 (s10.p / possible-01
                 :ARG1 (s10.s / seem-01
                              :ARG1 (s10.c / curious-01)
                              :ARG2-of (s10.g / give-01
                                              :ARG1 (s10.s2 / spend-02
                                                            :ARG0 (s10.i / i
                                                                         :same-as s2.i)
                                                            :ARG1 (s10.l / life
                                                                         :quant (s10.l2 / lot)
                                                                         :poss s10.i)
                                                            :location (s10.s3 / stage)))))
   :snt11 (s11.a2 / assume-02
                  :ARG0 (s11.o / one)
                  :ARG1 (s11.a / and
                               :op1 (s11.c / comfortable-02
                                           :ARG1 (s11.i / i
                                                        :same-as s2.i)
                                           :location (s11.s2 / sphere
                                                             :ARG1-of (s11.p / public-02)))
                               :op2 (s11.c2 / comfortable-02
                                            :ARG1 s11.i
                                            :location (s11.h / here)
                                            :manner (s11.s / speak-01
                                                           :ARG0 s11.i
                                                           :ARG2 (s11.y / you
                                                                        :mod (s11.g / guy))))))
   :snt12 (s12.c / contrast-01
                 :ARG2 (s12.t2 / true-01
                               :ARG1 (s12.s2 / spend-02
                                             :ARG0 (s12.i / i
                                                          :same-as s2.i)
                                             :ARG1 (s12.l / life
                                                          :ARG2-of (s12.i2 / include-01
                                                                           :ARG1 (s12.p / point
                                                                                        :mod (s12.t / this)))
                                                          :poss s12.i
                                                          :same-as s10.l)
                                             :ARG2 (s12.l2 / live-01
                                                           :ARG0 s12.i
                                                           :manner (s12.d / dread-01
                                                                          :ARG0 s12.i
                                                                          :ARG1 (s12.s / speak-01
                                                                                       :ARG1-of (s12.p2 / public-02))
                                                                          :mod (s12.m / mortal)))
                                             :time (s12.u / until
                                                          :op1 s12.p))))
   :snt13 (s13.t / thing
                 :ARG1-of (s13.d / differ-02)
                 :domain (s13.s / sing-01
                                :ARG1-of (s13.p / public-02))
                 :mod (s13.w / whole))
   :snt14 (s14.c / contrast-01
                 :ARG2 (s14.g / get-05
                              :ARG1 (s14.w / we)
                              :ARG2 (s14.t / that)
                              :time (s14.m / moment)))
   :snt15 (s15.t / talk-01
                 :ARG0 (s15.i / i
                              :same-as s2.i)
                 :ARG1 (s15.i2 / it)
                 :ARG1-of (s15.r / real-04)
                 :ARG1-of (s15.e2 / explicit-03
                                  :degree (s15.s / so))
                 :time (s15.e / ever)
                 :time (s15.b / before)
                 :polarity "-")
   :snt16 (s16.t2 / think-01
                  :ARG0 (s16.i / i
                               :same-as s2.i)
                  :ARG1 (s16.c / cause-01
                               :ARG0 (s16.l / live-01
                                            :ARG0 s16.i
                                            :manner (s16.h2 / hope-01
                                                            :ARG0 s16.i
                                                            :ARG1 (s16.h / have-03
                                                                         :ARG0 s16.i
                                                                         :ARG1 (s16.g / grow-up-04
                                                                                      :ARG1 s16.i
                                                                                      :time-of s16.h)
                                                                         :polarity "-"))
                                            :time (s16.a / always))
                               :ARG1 (s16.t / that
                                            :same-as s15.t)))
   :snt17 (s17.l4 / live-01
                  :ARG0 (s17.i / i
                               :same-as s2.i)
                  :ARG1 (s17.i2 / idea
                                :mod (s17.t3 / this)
                                :topic (s17.a / and
                                              :op1 (s17.l2 / learn-01
                                                           :ARG0 s17.i
                                                           :ARG1 (s17.s2 / speak-01
                                                                         :ARG0 s17.i
                                                                         :ARG3 (s17.l / language
                                                                                      :name (s17.n / name
                                                                                                   :op1 "French")))
                                                           :time (s17.g / grow-up-04
                                                                        :ARG1 s17.i))
                                              :op2 (s17.l3 / learn-01
                                                           :ARG0 s17.i
                                                           :ARG1 (s17.t2 / thing
                                                                         :manner-of (s17.m / manage-01
                                                                                           :ARG0 s17.i
                                                                                           :ARG1 (s17.m3 / money
                                                                                                         :poss s17.i)))
                                                           :time s17.g)
                                              :op3 (s17.h / have-03
                                                          :ARG0 s17.i
                                                          :ARG1 (s17.s4 / stutter-01
                                                                        :ARG0 s17.i)
                                                          :time (s17.t / then)
                                                          :polarity "-")
                                              :op3 (s17.p3 / possible-01
                                                           :ARG1 (s17.a3 / anything))
                                              :op4 (s17.p / possible-01
                                                          :ARG1 (s17.a2 / and
                                                                        :op1 (s17.s3 / speak-01
                                                                                     :ARG0 s17.i
                                                                                     :ARG1-of (s17.p5 / public-02))
                                                                        :op2 (s17.p2 / possible-01
                                                                                     :ARG1 (s17.h2 / have-org-role-91
                                                                                                   :ARG0 s17.i
                                                                                                   :ARG2 (s17.m2 / minister
                                                                                                                 :mod (s17.p4 / prime))))))
                                              :op5 (s17.k / know-01
                                                          :ARG0 (s17.y / you))))
                  :degree (s17.s / sort-of))
   :snt18 (s18.c / cause-01
                 :ARG0 (s18.r / reach-01
                              :ARG0 (s18.i / i
                                           :same-as s2.i)
                              :ARG1 (s18.p / point
                                           :ARG1-of (s18.m / mean-01
                                                           :ARG0 s18.i
                                                           :ARG2 (s18.a / age-01
                                                                        :ARG1 s18.i
                                                                        :ARG2 (s18.t2 / temporal-quantity
                                                                                      :unit (s18.y / year)
                                                                                      :quant "28")))
                                           :mod (s18.t3 / this)))
                 :ARG1 (s18.p2 / possible-01
                               :ARG1 (s18.t / talk-01
                                            :ARG0 s18.i
                                            :ARG1 (s18.i2 / it
                                                          :same-as s15.i2)
                                            :time (s18.n / now))))
   :snt19 (s19.s / sure-02
                 :ARG0 (s19.i / i
                              :same-as s2.i)
                 :ARG1 (s19.g / grow-01
                              :ARG1 s19.i
                              :time (s19.n / now))
                 :degree (s19.p / pretty))
   :snt20 (s20.a2 / and
                  :op2 (s20.w / woman
                              :ARG0-of (s20.s2 / spend-02
                                               :ARG1 (s20.l / life
                                                            :poss s20.w
                                                            :same-as s10.l)
                                               :ARG2 (s20.p2 / person
                                                             :ARG0-of (s20.p / perform-01)))
                              :ARG0-of (s20.i2 / impede-01
                                               :ARG1 (s20.s / speak-01))
                              :domain (s20.i / i
                                             :same-as s2.i)
                              :mod (s20.a / adult)))
   :snt21 (s21.c / cause-01
                 :ARG1 (s21.p / possible-01
                              :ARG1 (s21.c3 / come-04
                                            :ARG1 (s21.i / i
                                                         :same-as s2.i)
                                            :ARG2 (s21.c2 / clean-04
                                                          :ARG1 s21.i
                                                          :ARG2 (s21.i2 / it
                                                                        :same-as s15.i2)))
                              :mod (s21.a / as-well)))
   :snt22 (s22.a / angle
                 :quant (s22.s / some)
                 :ARG2-of (s22.i / interest-01)
                 :topic (s22.s2 / stutter-01))
   :snt23 (s23.h / have-degree-91
                 :ARG1 (s23.m / meet-02
                              :ARG0 (s23.i / i
                                           :same-as s2.i)
                              :ARG1 (s23.p / person
                                           :ARG0-of (s23.s / stutter-01)
                                           :mod (s23.a / another)))
                 :ARG1-of (s23.p2 / possible-01)
                 :ARG2 (s23.b / bad-04
                              :ARG1 s23.m
                              :ARG2 s23.i)
                 :ARG3 (s23.m2 / most))
   :snt24 (s24.t / this
                 :destination (s24.i / i
                                     :same-as s2.i)
                 :location (s24.c / city
                                  :name (s24.n / name
                                               :op1 "Hamburg")
                                  :time-of (s24.a / and
                                                  :op1 (s24.m / meet-02
                                                              :ARG0 (s24.w / we)
                                                              :ARG1 (s24.g / guy
                                                                           :mod (s24.t2 / this)))
                                                  :op2 (s24.s / say-01
                                                              :ARG0 s24.g
                                                              :ARG1 (s24.h / hello))
                                                  :op3 (s24.s2 / say-01
                                                               :ARG0 s24.i
                                                               :mod (s24.o / oh))))
                 :rel (s24.p / person
                             :name (s24.n2 / name
                                           :op1 "Mr."
                                           :op2 "Joe")
                             :ARG1-of (s24.n4 / name-01)
                             :ARG2-of s24.n4
                             :ARG1-of (s24.n5 / name-01
                                              :ARG2 (s24.p2 / person
                                                            :name (s24.n3 / name
                                                                          :op1 "Meg"))))
                 :same-as s23.m2)
   :snt25 (s25.i2 / imagine-01
                  :ARG0 (s25.y / you)
                  :ARG1 (s25.h2 / horror
                                :poss (s25.i / i
                                             :same-as s2.i)
                                :time (s25.r / realize-01
                                             :ARG0 s25.i
                                             :ARG1 (s25.t / think-01
                                                          :ARG0 (s25.h / he
                                                                       :same-as s2.i)
                                                          :ARG1 (s25.m / make-fun-04
                                                                       :ARG0 s25.i
                                                                       :ARG1 s25.h))))
                  :mode "imperative")
   :snt26 (s26.t / think-01
                 :ARG0 (s26.p / person)
                 :ARG1 (s26.d / drunk
                              :domain (s26.i / i
                                             :same-as s2.i)
                              :time (s26.t2 / time
                                            :mod (s26.a / all))))
   :snt27 (s27.t2 / think-01
                  :ARG0 (s27.p / person)
                  :ARG1 (s27.f / forget-01
                               :ARG0 (s27.i / i
                                            :same-as s2.i)
                               :ARG1 (s27.t / thing
                                            :ARG2-of (s27.n / name-01
                                                            :ARG1 s27.p)))
                  :time (s27.h / hesitate-01
                               :ARG0 s27.i
                               :ARG1 (s27.s / say-01
                                            :ARG0 s27.i
                                            :ARG1 s27.t)))
   :snt28 (s28.a / and
                 :op2 (s28.t / thing
                             :ARG1-of (s28.c / cause-01
                                             :ARG0 (s28.h / have-degree-91
                                                          :ARG1 (s28.k / keyword
                                                                       :mod (s28.p / proper))
                                                          :ARG2 (s28.b / bad-02
                                                                       :ARG1 s28.k)
                                                          :ARG3 (s28.m / most)))
                             :domain (s28.i / it)
                             :mod (s28.w / weird
                                         :degree (s28.v / very))))
   :snt29 (s29.h / have-condition-91
                 :ARG1 (s29.p2 / possible-01
                               :ARG1 (s29.c / change-01
                                            :ARG0 (s29.i / i
                                                         :same-as s2.i)
                                            :ARG1 (s29.w2 / word
                                                          :mod (s29.d / date-entity
                                                                      :weekday (s29.w / wednesday)))
                                            :ARG2 (s29.o2 / or
                                                          :op1 (s29.t / tomorrow)
                                                          :op2 (s29.a / after
                                                                      :op1 (s29.d3 / day)
                                                                      :op1 (s29.d2 / date-entity
                                                                                   :weekday (s29.t2 / tuesday)))
                                                          :op3 (s29.s3 / something
                                                                       :mod (s29.e / else)))))
                 :ARG2 (s29.a2 / and
                               :op1 (s29.u / use-01
                                           :ARG0 s29.i
                                           :ARG1 s29.w2
                                           :location (s29.s / sentence))
                               :op2 (s29.c2 / come-up-11
                                            :ARG1 s29.w2)
                               :op3 (s29.p / possible-01
                                           :ARG1 (s29.f / feel-01
                                                        :ARG0 s29.i
                                                        :ARG1 (s29.o / or
                                                                     :op1 (s29.s4 / stutter-01
                                                                                  :ARG0 s29.i)
                                                                     :op2 (s29.s2 / something))))))
   :snt30 (s30.c4 / contrast-01
                  :ARG1 (s30.c3 / clunky
                                :domain (s30.i2 / it
                                                :same-as s29.c))
                  :ARG2 (s30.p / possible-01
                               :ARG1 (s30.g / get-away-08
                                            :ARG0 (s30.y / you
                                                         :part (s30.b / brain))
                                            :ARG1 (s30.i3 / it
                                                          :same-as s29.c))
                               :ARG1-of (s30.c / cause-01
                                               :ARG0 (s30.d / develop-02
                                                            :ARG0 (s30.i / i
                                                                         :same-as s2.i)
                                                            :ARG1 (s30.m / method
                                                                         :instrument-of (s30.u / use-01
                                                                                               :ARG0 s30.y
                                                                                               :ARG1 (s30.s / speak-01))
                                                                         :mod (s30.l2 / loophole)
                                                                         :mod (s30.t2 / this)
                                                                         :time-of (s30.a / and
                                                                                         :op1 (s30.c2 / change-01
                                                                                                      :ARG0 s30.y
                                                                                                      :ARG1 (s30.t / thing)
                                                                                                      :time (s30.m2 / minute
                                                                                                                    :mod (s30.l / last)
                                                                                                                    :mod (s30.r / right)))
                                                                                         :op2 (s30.t3 / trick-01
                                                                                                      :ARG0 s30.y
                                                                                                      :ARG1 s30.b)))
                                                            :mod (s30.o / over-time)))))
   :snt31 (s31.c2 / contrast-01
                  :ARG2 (s31.p2 / possible-01
                                :ARG1 (s31.c / change-01
                                             :ARG0 (s31.y / you)
                                             :ARG1 (s31.t / thing
                                                          :ARG2-of (s31.n / name-01
                                                                          :ARG1 (s31.p / person))))
                                :polarity "-"))
   :snt32 (s32.w / work-01
                 :ARG0 (s32.i / i
                              :same-as s2.i)
                 :ARG3 (s32.p2 / pianist
                               :ARG1-of (s32.n2 / name-01
                                                :ARG2 (s32.p / person
                                                             :name (s32.n / name
                                                                          :op1 "Steve"))))
                 :frequency (s32.l2 / lot)
                 :time (s32.s / sing-01
                              :ARG0 s32.i
                              :ARG1 (s32.j / jazz
                                           :quant (s32.l / lot))))
   :snt33 (s33.k / kryptonite
                 :ARG1-of (s33.g / gather-01
                                 :ARG0 (s33.y / you)
                                 :ARG1-of (s33.p / possible-01)
                                 :mod (s33.p2 / probable))
                 :domain (s33.a / and
                                :manner (s33.o / or
                                               :op1 (s33.t / together)
                                               :op2 (s33.d / depend-01
                                                           :polarity "-"))
                                :op1 (s33.s / string-entity
                                            :value "S")
                                :op2 (s33.s2 / string-entity
                                             :value "T"))
                 :poss (s33.i / i
                              :same-as s2.i))
   :snt34 (s34.c / contrast-01
                 :ARG2 (s34.a / and
                              :op1 (s34.o / obligate-01
                                          :ARG1 (s34.i / i
                                                       :same-as s2.i)
                                          :ARG2 (s34.i2 / introduce-01
                                                        :ARG0 s34.i
                                                        :ARG1 (s34.b / band)))
                              :op2 (s34.f / find-01
                                          :ARG0 s34.i
                                          :ARG1 (s34.s / stick-01
                                                       :ARG1 s34.i
                                                       :ARG2 (s34.s2 / street
                                                                     :name (s34.n2 / name
                                                                                   :op1 "St.")))
                                          :frequency (s34.o2 / often)
                                          :time (s34.g / get-05
                                                       :ARG1 s34.i
                                                       :ARG2 (s34.p / person
                                                                    :name (s34.n / name
                                                                                 :op1 "Steve")
                                                                    :same-as s32.p2)))))
   :snt35 (s35.a / and
                 :op1 (s35.a2 / awkward
                              :degree (s35.b / bit)
                              :domain (s35.i / it))
                 :op2 (s35.c / comfortable-02
                             :ARG0 s35.i
                             :ARG1 s35.i
                             :polarity "-")
                 :op3 (s35.k / kill-01
                             :ARG0 s35.i
                             :ARG1 (s35.v / vibe)
                             :degree (s35.t / total)))
   :snt36 (s36.a2 / and
                  :op1 (s36.b / become-01
                              :ARG1 (s36.p / person
                                           :name (s36.n / name
                                                        :op1 "Steve")
                                           :same-as s32.p2)
                              :ARG1-of (s36.h / happy-01)
                              :ARG2 (s36.p2 / person
                                            :name (s36.n2 / name
                                                          :op1 "Seve")))
                  :op2 (s36.g / get-through-13
                              :ARG0 (s36.w2 / we)
                              :ARG1 (s36.i2 / it)
                              :manner (s36.w / way
                                             :mod (s36.t / that)))
                  :time (s36.a / after
                               :op1 (s36.i / instance
                                           :quant (s36.f / few)
                                           :mod (s36.t2 / this))))
   :snt37 (s37.a2 / and
                  :op1 (s37.h / have-06
                              :ARG0 (s37.i / i
                                           :same-as s2.i)
                              :ARG1 (s37.t2 / therapy
                                            :quant (s37.l / lot)))
                  :op2 (s37.t4 / treat-03
                               :ARG1 s37.i
                               :ARG2 (s37.u / use-01
                                            :ARG1 (s37.t / technique
                                                         :ARG1-of (s37.c / call-01
                                                                         :ARG2 (s37.s4 / speak-01
                                                                                       :ARG1-of (s37.s3 / smooth-04)))
                                                         :location-of (s37.s2 / sing-01
                                                                              :ARG0 (s37.y / you)
                                                                              :ARG1 (s37.e / everything
                                                                                           :ARG1-of (s37.s / say-01
                                                                                                           :ARG0 s37.y))
                                                                              :mod (s37.a / almost))
                                                         :mod (s37.t3 / this)))
                               :mod (s37.f / form
                                           :mod (s37.c2 / common))))
   :snt38 (s38.a / and
                 :op1 (s38.j / join-01
                             :ARG0 (s38.y / you)
                             :ARG1 (s38.e / everything)
                             :degree (s38.k / kind-of)
                             :manner (s38.w / way
                                            :mod (s38.p / person
                                                        :ARG0-of (s38.t / teach-01
                                                                        :ARG2 (s38.k2 / kindergarten)))
                                            :mod (s38.s2 / sing-01
                                                         :degree (s38.v / very))
                                            :mod (s38.t2 / this))
                             :mod (s38.t3 / together))
                 :op2 (s38.m / make-02
                             :ARG0 s38.j
                             :ARG1 (s38.s3 / sound-01
                                           :ARG1 s38.y
                                           :ARG1-of (s38.r / resemble-01
                                                           :ARG2 (s38.a2 / and
                                                                         :op1 (s38.h / have-03
                                                                                     :ARG0 s38.y
                                                                                     :ARG1 (s38.p2 / product
                                                                                                   :name (s38.n / name
                                                                                                                :op1 "Valium")
                                                                                                   :quant (s38.l / lot)))
                                                                         :op2 (s38.c / calm-03
                                                                                     :ARG1 (s38.e2 / everything))))
                                           :ARG2 (s38.s / serene
                                                        :degree (s38.v2 / very)))))
   :snt39 (s39.i / i
                 :ARG1-of (s39.a / actual-02)
                 :domain (s39.t / that)
                 :polarity "-"
                 :same-as s2.i)
   :snt40 (s40.u / use-01
                 :ARG0 (s40.i / i
                              :same-as s2.i)
                 :ARG1 (s40.i3 / it
                               :same-as s37.t)
                 :time (s40.o3 / or
                               :op1 (s40.o / obligate-01
                                           :ARG1 s40.i
                                           :ARG2 (s40.b / be-located-at-91
                                                        :ARG1 s40.i
                                                        :ARG2 (s40.s / show-04
                                                                     :ARG3 (s40.p / panel))))
                               :op2 (s40.o2 / obligate-01
                                            :ARG1 s40.i
                                            :ARG2 (s40.i2 / interview-01
                                                          :ARG1 s40.i
                                                          :medium (s40.r / radio)))
                               :time (s40.p2 / paramount
                                             :domain (s40.e / economy
                                                            :poss (s40.a / airtime)))))
   :snt41 (s41.g / get-through-13
                 :purpose (s41.j / job
                                 :poss (s41.i / i
                                              :same-as s2.i))
                 :ARG0 s41.i
                 :ARG1 (s41.i2 / it)
                 :manner (s41.w / way
                                :mod (s41.t / that)
                                :same-as s36.w))
   :snt42 (s42.c2 / contrast-01
                  :ARG2 (s42.f2 / feel-01
                                :ARG0 (s42.t / that)
                                :ARG1 (s42.r2 / resemble-01
                                              :ARG1 s42.t
                                              :ARG2 (s42.c / cheat-03)
                                              :frequency (s42.o / often))
                                :ARG1-of (s42.o2 / opine-01
                                                 :ARG0 (s42.i / i
                                                              :mod (s42.a2 / artist
                                                                           :ARG0-of (s42.f / feel-01
                                                                                           :ARG1 (s42.b / base-02
                                                                                                        :ARG1 (s42.w / work-01
                                                                                                                     :ARG0 (s42.t2 / they
                                                                                                                                   :same-as s42.a2))
                                                                                                        :ARG2 (s42.p / platform
                                                                                                                     :topic (s42.a / and
                                                                                                                                   :op1 (s42.h / honest-01)
                                                                                                                                   :op2 (s42.r / real-04)))
                                                                                                        :mod (s42.s / sole))))))))
   :snt43 (s43.c / cause-01
                 :ARG1 (s43.w / want-01
                              :ARG0 (s43.i / i
                                           :same-as s2.i)
                              :ARG1 (s43.t / tell-01
                                           :ARG0 s43.i
                                           :ARG1 (s43.t2 / thing
                                                         :ARG2-of (s43.m / mean-01
                                                                         :ARG1 (s43.s2 / sing-01)
                                                                         :ARG1 s43.i))
                                           :ARG2 (s43.y / you))
                              :time (s43.b / before
                                           :op1 (s43.s / sing-01
                                                       :ARG0 s43.i))))
   :snt44 (s44.a / and
                 :domain (s44.i / it
                                :same-as s43.s2)
                 :op1 (s44.m3 / more-than
                              :op1 (s44.m / make-01
                                          :ARG1 (s44.t / thing
                                                       :ARG1-of (s44.n / nice-01)
                                                       :ARG1-of (s44.s2 / sound-01))))
                 :op2 (s44.m4 / more-than
                              :op1 (s44.m2 / make-01
                                           :ARG1 (s44.s / song
                                                        :ARG1-of (s44.n2 / nice-01)))))
   :snt45 (s45.m / more-than
                 :domain (s45.i / it
                                :same-as s43.s2)
                 :op1 (s45.f / feel-01
                             :ARG1 (s45.o / or
                                          :op1 (s45.k / know-01)
                                          :op2 (s45.u / understand-01))))
   :snt46 (s46.m2 / more-than
                  :domain (s46.i2 / it
                                  :same-as s43.s2)
                  :op1 (s46.m / make-02
                              :ARG1 (s46.f / feel-01
                                           :ARG0 (s46.y / you)
                                           :ARG1 (s46.t / thing
                                                        :ARG1-of (s46.f2 / feel-01
                                                                         :ARG0 (s46.i / i
                                                                                      :same-as s2.i))))))
   :snt47 (s47.c / concern-02
                 :ARG0 (s47.i3 / it
                               :same-as s43.s2)
                 :ARG1 (s47.o / or
                              :op1 (s47.m / mythology)
                              :op2 (s47.i2 / idealize-01
                                           :ARG0 (s47.i / i
                                                        :same-as s2.i)
                                           :ARG1 s47.i
                                           :beneficiary (s47.y / you
                                                               :same-as s43.y)))
                 :polarity "-")
   :snt48 (s48.p / possible-01
                 :ARG1 (s48.s4 / stutter-01
                               :ARG0 (s48.y / you)
                               :time (s48.s / sing-01
                                            :ARG0 s48.y))
                 :manner (s48.f / function-01
                                :ARG0 (s48.b / brain
                                             :part-of (s48.h / human))
                                :ARG1 (s48.e / enzyme
                                             :name (s48.n / name
                                                          :op1 "synaptic"))
                                :mod (s48.m / miraculous)
                                :mod (s48.s2 / some))
                 :rel (s48.s3 / somehow)
                 :polarity "-")
   :snt49 (s49.a / and
                 :op2 (s49.w2 / work-09
                              :ARG0-of (s49.c / cause-01
                                              :ARG1 (s49.d / do-02
                                                           :ARG0 (s49.i / i
                                                                        :same-as s2.i)
                                                           :ARG1 (s49.s / sing-01
                                                                        :ARG2 s49.i)
                                                           :frequency (s49.l / lot)))
                              :ARG1 (s49.m / method
                                           :mod (s49.t / treat-03))
                              :ARG1-of (s49.w / well-09
                                              :degree (s49.v / very))
                              :time (s49.h / have-degree-91
                                           :ARG1 s49.i
                                           :ARG2 (s49.y / young)
                                           :ARG3 (s49.m2 / more))))
   :snt50 (s50.a / and
                 :op2 (s50.c / cause-01
                             :ARG0 (s50.t / that)
                             :ARG1 (s50.b / be-located-at-91
                                          :ARG1 (s50.i / i
                                                       :same-as s2.i)
                                          :ARG2 (s50.h / here)
                                          :time (s50.t2 / today))))
   :snt51 (s51.t / thank-01
                 :ARG1 (s51.y / you
                              :same-as s2.i))
   :snt52 (s52.r / relieve-01
                 :ARG0 (s52.s / sing-01
                              :beneficiary (s52.i / i
                                                  :same-as s2.i))
                 :ARG1-of (s52.s2 / sweet-05))
   :snt53 (s53.t / time
                 :domain (s53.i2 / it
                                 :same-as s52.s)
                 :mod (s53.o / only)
                 :time-of (s53.f / feel-01
                                 :ARG0 (s53.i / i
                                              :same-as s2.i)
                                 :ARG1 (s53.f2 / fluent)))
   :snt54 (s54.t3 / time
                  :domain (s54.i3 / it
                                  :same-as s52.s)
                  :mod (s54.o / only)
                  :time-of (s54.t2 / thing
                                   :ARG1-of (s54.i2 / intend-01
                                                    :ARG0 (s54.i / i
                                                                 :part (s54.m / mouth)
                                                                 :same-as s2.i))
                                   :domain (s54.t / thing
                                                  :ARG1-of (s54.c / come-out-09
                                                                  :source s54.m))
                                   :mod (s54.e / exact)
                                   :mod (s54.c2 / comprehensive)))
   :snt55 (s55.c / contrast-01
                 :ARG1 (s55.k / know-01
                              :ARG0 (s55.i / i
                                           :same-as s2.i)
                              :ARG1 (s55.t2 / thing
                                            :name (s55.n / name
                                                         :op1 "TED")
                                            :ARG1-of (s55.t / talk-01)
                                            :domain (s55.t3 / this)))
                 :ARG2 (s55.g / go-02
                              :ARG0 s55.i
                              :ARG4 (s55.s / sing-01
                                           :ARG0 s55.t2)
                              :time (s55.n2 / now)))
   :snt56 (s56.s / song
                 :ARG1-of (s56.w / write-01
                                 :ARG0 (s56.i / i
                                              :same-as s2.i)
                                 :time (s56.y / year
                                              :mod (s56.l / last)))
                 :domain (s56.t / this))
   :snt57 (s57.t / thank-01
                 :ARG0 (s57.i / i)
                 :ARG1 (s57.y / you
                              :same-as s2.i)
                 :mod (s57.m / much
                             :degree (s57.v / very)))
   :snt58 (s58.t / thank-01
                 :ARG1 (s58.y / you
                              :same-as s2.i)))

