# ::id doc-309
# ::doc_file doc-309
# ::tok http : / / www . ted . com / talks / matthew_childs_9_rules_of_rock_climbing< / url> <next_sent> It 's pretty simple . <next_sent> There are nine , sort of , rules that I discovered after 35 years of rock climbing . <next_sent> Most of them are pretty basic . <next_sent> Number one : do n't let go -- very sure success method . <next_sent> But really , truly -- often you think about letting go way before your body does . <next_sent> So hang in there , and you come up with some pretty peculiar solutions . <next_sent> Number two : hesitation is bad . <next_sent> This is a friction climb , up in Tuolumne Meadows , in the Yosemite high country . <next_sent> Friction climbing does n't have any sort of hard positive edges . <next_sent> You 're climbing on little dimples and nubbins in the rock . <next_sent> The most friction you have is when you first put your hand or your foot on the rock . <next_sent> And then from that point on , you 're basically falling . <next_sent> So momentum is good . <next_sent> Do n't stop . <next_sent> Rule number three : have a plan . <next_sent> This is a climb called the Naked Edge , in El Dorado Canyon , outside of Boulder . <next_sent> This climber is on the last pitch of it . <next_sent> He 's actually right about where I fell . <next_sent> There is about 1,000 feet of air below him . <next_sent> And all the hard pitches are actually below him . <next_sent> Often what happens is you 're planning so hard for like , " How do I get through the hardest part ? <next_sent> How do I get through the hardest part ? " <next_sent> And then what happens ? <next_sent> You get to the last pitch . <next_sent> It 's easy . <next_sent> And you 're completely flamed out . <next_sent> Do n't do it . <next_sent> You have to plan ahead to get to the top . <next_sent> But you also ca n't forget that each individual move you have to be able to complete . <next_sent> This is a climb called the Dike Route , on Pywjack Dome , up in the Yosemite high country . <next_sent> The interesting thing about this climb is it 's not that hard . <next_sent> But if you 're the leader on it , at the hardest move , you 're looking at about 100 foot fall , onto some low angle slabs . <next_sent> So you 've got to focus . <next_sent> You do n't want to stop in the middle like Coleridge 's Kubla Kahn . <next_sent> You 've got to keep going . <next_sent> Rule number five : know how to rest . <next_sent> It 's amazing . <next_sent> The best climbers are the ones that in the most extreme situations can get their bodies into some position where they can rest , regroup , calm themselves , focus , and keep going . <next_sent> This is a climb in the Needles , again in California . <next_sent> Fear really sucks because what it means is you 're not focusing on what you 're doing . <next_sent> You 're focusing on the consequences of failing at what you 're doing because any given move should require all your concentration and thought processes to execute it effectively . <next_sent> One of the things in climbing is , most people sort of take it straight on . <next_sent> And they follow the most obvious solution . <next_sent> This is the Devils Tower in Wyoming , which is a columnar basalt formation that most of you probably know from " Close Encounters . " <next_sent> With this , typically crack climbers would put their hands in and their toes in and just start climbing . <next_sent> The cracks are too small to get your toes into so the only way to climb is using your fingertips in the cracks , and using opposing pressure and forcing yourself up . <next_sent> Rule number eight : strength does n't always equal success . <next_sent> In the 35 years I 've been a climbing guide and taught on indoor walls , and stuff like that , the most important thing I 've learned was , guys will always try to do pull - ups . <next_sent> Beginning guys , it 's like , they thrash , they thrash , they get 15 feet up -- and they can do about 15 pull - ups right -- And then they just flame out . <next_sent> Women are much more in balance because they do n't have that idea that they 're going to be able to do 100 pull - ups . <next_sent> They think about how to get the weight over their feet because it 's sort of natural -- <next_sent> they carry you all day long . <next_sent> So balance is really critical , and keeping your weight on your feet , which is your strongest muscle . <next_sent> And of course there is rule number nine . <next_sent> I came up with rule number nine after I actually did n't plan for a fall , and went about 40 feet and cracked a rib . <next_sent> Once you get to that point where you know it 's going to happen , you need to start thinking about how you 're going to let go because that is the critical piece of not getting hurt -- how you 're going to fall onto the rope , or if you 're climbing without a rope , fall to a place where you can actually control the fall . <next_sent> So do n't hang on till the bitter end . <next_sent> Thank you very much .
(d / document
   :snt1 (s1.u / url-entity
               :value (s1.d / distance-quantity
                            :value "Middle"))
   :snt2 (s2.s / simple-02
               :ARG1 (s2.i / it)
               :degree (s2.p / pretty))
   :snt3 (s3.d / discover-01
               :ARG0 (s3.i / i)
               :ARG1 (s3.r2 / rule
                            :mod (s3.s / sort)
                            :quant "9")
               :time (s3.a / after
                           :op1 (s3.c / climb-01
                                      :ARG0 s3.i
                                      :ARG1 (s3.r / rock)
                                      :duration (s3.t / temporal-quantity
                                                      :unit (s3.y / year)
                                                      :quant "35"))))
   :snt4 (s4.b / basic
               :degree (s4.p / pretty)
               :domain (s4.t / they
                             :quant (s4.m / most)
                             :same-as s3.d))
   :snt5 (s5.l / let-01
               :ARG0 (s5.y / you)
               :ARG1 (s5.g / go-01)
               :ARG1-of (s5.m / mean-01
                              :ARG2 (s5.m2 / method
                                           :ARG1-of (s5.s2 / sure-02
                                                           :degree (s5.v / very))
                                           :mod (s5.s / succeed-01)))
               :li "one"
               :mode "imperative"
               :polarity "-")
   :snt6 (s6.c / contrast-01
               :ARG2 (s6.t / think-01
                           :ARG0 (s6.y / you)
                           :ARG1 (s6.l / let-01
                                       :ARG0 s6.y
                                       :ARG1 (s6.g / go-01)
                                       :time (s6.b / before
                                                   :quant (s6.w / way)
                                                   :op1 (s6.l2 / let-01
                                                               :ARG0 (s6.b2 / body
                                                                            :poss s6.y)
                                                               :ARG1 s6.g)))
                           :ARG1-of (s6.r / real-04
                                          :ARG1-of (s6.t2 / true-01))
                           :frequency (s6.o / often)))
   :snt7 (s7.i / infer-01
               :ARG1 (s7.a / and
                           :op1 (s7.h / hang-01
                                      :ARG1 (s7.y / you)
                                      :ARG2 (s7.t / there))
                           :op2 (s7.c / come-up-11
                                      :ARG0 s7.y
                                      :ARG1 (s7.t2 / thing
                                                   :quant (s7.s2 / some)
                                                   :ARG1-of (s7.p / peculiar-01
                                                                  :degree (s7.p2 / pretty))
                                                   :ARG2-of (s7.s / solve-01)))))
   :snt8 (s8.b / bad-07
               :ARG1 (s8.h / hesitate-01)
               :ord (s8.n / number
                          :value "2"))
   :snt9 (s9.c / climb-01
               :ARG1 (s9.t / this)
               :location (s9.m / mountain
                               :name (s9.n / name
                                           :op1 "Tuolumne"
                                           :op2 "Meadows")
                               :direction (s9.u / up)
                               :location (s9.c2 / country
                                                :ARG1-of (s9.h / high-02)
                                                :part-of (s9.m2 / mountain
                                                                :name (s9.n2 / name
                                                                             :op1 "Yosemite"))))
               :manner (s9.f / friction))
   :snt10 (s10.h2 / have-03
                  :ARG0 (s10.c / climb-01
                               :manner (s10.t / tension))
                  :ARG1 (s10.e / edge
                               :ARG1-of (s10.h / hard-04)
                               :mod (s10.p / positive)
                               :mod (s10.s / sort
                                           :mod (s10.a / any)))
                  :polarity "-")
   :snt11 (s11.c / climb-01
                 :ARG0 (s11.y / you)
                 :ARG1 (s11.a / and
                              :location (s11.r / rock)
                              :op1 (s11.s / shadow
                                          :mod (s11.l / little))
                              :op2 (s11.n / nuke
                                          :mod (s11.l2 / little))))
   :snt12 (s12.f2 / friction
                  :ARG1-of (s12.h3 / have-quant-91
                                   :ARG3 (s12.m / most))
                  :ARG1-of (s12.h2 / have-03
                                   :ARG0 (s12.y / you
                                                :part (s12.h / hand)
                                                :part (s12.f / foot)))
                  :time (s12.p / put-01
                               :ARG0 s12.y
                               :ARG1 (s12.o / or
                                            :op1 s12.h
                                            :op2 s12.f)
                               :ARG2 (s12.r / rock
                                            :same-as s11.r)
                               :ord (s12.o2 / ordinal-entity
                                            :value "1")))
   :snt13 (s13.a / and
                 :op2 (s13.f / fall-01
                             :ARG1 (s13.y / you)
                             :mod (s13.b / basic)
                             :time (s13.p / point
                                          :mod (s13.t / that))))
   :snt14 (s14.i / infer-01
                 :ARG1 (s14.g / good-02
                              :ARG1 (s14.m / momentum)))
   :snt15 (s15.s / stop-01
                 :ARG0 (s15.y / you)
                 :mode "imperative"
                 :polarity "-")
   :snt16 (s16.r / rule-01
                 :ARG1 (s16.p / plan-01)
                 :mod "3")
   :snt17 (s17.c4 / climb-01
                  :ARG1 (s17.t2 / this
                                :same-as s9.t)
                  :ARG1-of (s17.c / call-01
                                  :ARG2 (s17.t / thing
                                               :name (s17.n / name
                                                            :op1 "Naked"
                                                            :op2 "Edge")))
                  :location (s17.c2 / canyon
                                    :name (s17.n2 / name
                                                  :op1 "El"
                                                  :op2 "Dorado"
                                                  :op3 "Canyon")
                                    :location (s17.o / outside
                                                     :op1 (s17.c3 / city
                                                                  :name (s17.n3 / name
                                                                                :op1 "Boulder")))))
   :snt18 (s18.b / be-located-at-91
                 :ARG1 (s18.p / person
                              :ARG0-of (s18.c / climb-01)
                              :mod (s18.t / this))
                 :ARG2 (s18.p2 / pitch
                               :mod (s18.l / last)
                               :part-of (s18.i / it
                                               :same-as s9.t)))
   :snt19 (s19.r / right-06
                 :ARG1 (s19.h / he
                              :same-as s18.p)
                 :ARG1-of (s19.a / actual-02)
                 :ARG2 (s19.l / location
                              :location-of (s19.f / fall-01
                                                  :ARG1 (s19.i / i
                                                               :same-as s3.i))))
   :snt20 (s20.a2 / air
                  :quant (s20.a / about
                                :op1 (s20.d / distance-quantity
                                            :unit (s20.f / foot)
                                            :quant "1000"))
                  :location (s20.b / below
                                   :op1 (s20.h / he
                                               :same-as s18.p)))
   :snt21 (s21.a3 / and
                  :op2 (s21.b / below
                              :ARG1-of (s21.a / actual-02)
                              :domain (s21.p / pitch-04
                                             :ARG1-of (s21.h / hard-04)
                                             :mod (s21.a2 / all))
                              :op1 (s21.h2 / he
                                           :same-as s18.p)))
   :snt22 (s22.p2 / plan-01
                  :ARG0 (s22.y / you)
                  :ARG1 (s22.g / get-through-13
                               :ARG0 s22.y
                               :ARG1 (s22.p / part
                                            :ARG1-of (s22.h3 / have-degree-91
                                                             :ARG2 (s22.h2 / hard-02
                                                                           :ARG1 s22.p)
                                                             :ARG3 (s22.m / most)))
                               :manner (s22.a / amr-unknown))
                  :ARG1-of (s22.h / hard-02
                                  :degree (s22.s / so))
                  :frequency (s22.o / often))
   :snt23 (s23.g / get-through-13
                 :ARG0 (s23.i / i)
                 :ARG1 (s23.p / part
                              :ARG1-of (s23.h2 / have-degree-91
                                               :ARG2 (s23.h / hard-02
                                                            :ARG1 s23.p)
                                               :ARG3 (s23.m / most))
                              :same-as s22.p)
                 :manner (s23.a / amr-unknown))
   :snt24 (s24.a2 / and
                  :op2 (s24.a / amr-unknown
                              :time (s24.t / then)))
   :snt25 (s25.g / get-05
                 :ARG1 (s25.y / you)
                 :ARG2 (s25.p / pitch-04
                              :mod (s25.l / last)
                              :same-as s18.p2))
   :snt26 (s26.e / easy-05
                 :ARG1 (s26.i / it
                              :same-as s18.p2))
   :snt27 (s27.a / and
                 :op2 (s27.f / flame-01
                             :ARG1 (s27.y / you)
                             :ARG1-of (s27.c / complete-02)))
   :snt28 (s28.d / do-02
                 :ARG0 (s28.y / you)
                 :ARG1 (s28.i / it)
                 :mode "imperative"
                 :polarity "-")
   :snt29 (s29.o / obligate-01
                 :ARG2 (s29.p / plan-01
                              :purpose (s29.g / get-05
                                              :ARG1 (s29.y / you)
                                              :ARG2 (s29.t / top))
                              :ARG0 s29.y
                              :time (s29.a / ahead)))
   :snt30 (s30.c2 / contrast-01
                  :ARG2 (s30.p / possible-01
                               :ARG1 (s30.f / forget-01
                                            :ARG0 (s30.y / you)
                                            :ARG1 (s30.o / obligate-01
                                                         :ARG2 (s30.p2 / possible-01
                                                                       :ARG1 (s30.c / complete-01
                                                                                    :ARG0 s30.y
                                                                                    :ARG1 (s30.m / move-01
                                                                                                 :mod (s30.i / individual)
                                                                                                 :mod (s30.e / each))))))
                               :mod (s30.a / also)
                               :polarity "-"))
   :snt31 (s31.c2 / climb-01
                  :ARG1 (s31.t / this)
                  :ARG1-of (s31.c / call-01
                                  :ARG2 (s31.r / route
                                               :name (s31.n / name
                                                            :op1 "Dike"
                                                            :op2 "Route")))
                  :location (s31.m / mountain
                                   :name (s31.n2 / name
                                                 :op1 "Pywjack"
                                                 :op2 "Dome")
                                   :direction (s31.u / up
                                                     :op1 (s31.c3 / country
                                                                  :ARG1-of (s31.h / high-02)
                                                                  :part-of (s31.m2 / mountain
                                                                                   :name (s31.n3 / name
                                                                                                 :op1 "Yosemite"))
                                                                  :same-as s9.c2))))
   :snt32 (s32.i / interest-01
                 :ARG2 (s32.t2 / thing
                               :domain (s32.h / hard-02
                                              :ARG1 (s32.c / climb-01
                                                           :mod (s32.t3 / this)
                                                           :same-as s31.t)
                                              :degree (s32.t / that)
                                              :polarity "-")
                               :topic s32.c))
   :snt33 (s33.c / contrast-01
                 :ARG2 (s33.l2 / look-01
                               :ARG0 (s33.y / you)
                               :ARG1 (s33.f / fall-01
                                            :ARG1 s33.y
                                            :ARG3 (s33.a / about
                                                         :op1 (s33.d / distance-quantity
                                                                     :unit (s33.f2 / foot)
                                                                     :quant "100"))
                                            :ARG4 (s33.s / slab
                                                         :quant (s33.s2 / some)
                                                         :mod (s33.a2 / angle
                                                                      :ARG1-of (s33.l3 / low-04))))
                               :condition (s33.m2 / move-02
                                                  :ARG0 s33.y
                                                  :ARG1-of (s33.h2 / have-degree-91
                                                                   :ARG2 (s33.h / hard-02
                                                                                :ARG1 s33.m2)
                                                                   :ARG3 (s33.m / most)))
                               :condition (s33.l / lead-02
                                                 :ARG0 s33.y
                                                 :ARG2 (s33.i / it
                                                              :same-as s31.t))))
   :snt34 (s34.c / cause-01
                 :ARG1 (s34.o / obligate-01
                              :ARG1 (s34.y / you)
                              :ARG2 (s34.f / focus-01
                                           :ARG0 s34.y)))
   :snt35 (s35.w / want-01
                 :ARG0 (s35.y / you)
                 :ARG1 (s35.s / stop-01
                              :ARG0 s35.y
                              :ARG1-of (s35.r / resemble-01
                                              :ARG2 (s35.s2 / stop-01
                                                            :ARG0 (s35.b / book
                                                                         :name (s35.n2 / name
                                                                                       :op1 "Kubla"
                                                                                       :op2 "Kahn")
                                                                         :poss (s35.p / person
                                                                                      :name (s35.n / name
                                                                                                   :op1 "Coleridge")))))
                              :location (s35.m / middle))
                 :polarity "-")
   :snt36 (s36.o / obligate-01
                 :ARG2 (s36.k / keep-02
                              :ARG0 (s36.y / you)
                              :ARG1 (s36.g / go-02
                                           :ARG0 s36.y)))
   :snt37 (s37.k / know-02
                 :ARG0 (s37.y / you)
                 :ARG1 (s37.t / thing
                              :manner-of (s37.r / rest-01
                                                :ARG0 s37.y))
                 :ARG3-of (s37.r2 / rule-01
                                  :mod "5")
                 :mode "imperative")
   :snt38 (s38.a / amaze-01
                 :ARG0 (s38.i / it))
   :snt39 (s39.p4 / possible-01
                  :ARG1 (s39.g / get-05
                               :ARG0 (s39.p / person
                                            :ARG0-of (s39.c2 / climb-01
                                                             :ARG0 (s39.p2 / person))
                                            :ARG1-of (s39.h / have-degree-91
                                                            :ARG2 (s39.g3 / good-03
                                                                          :ARG1 s39.p)
                                                            :ARG3 (s39.m / most)
                                                            :ARG5 s39.p2))
                               :ARG1 (s39.b / body
                                            :poss s39.p)
                               :ARG2 (s39.p3 / position
                                             :quant (s39.s2 / some)
                                             :location-of (s39.p5 / possible-01
                                                                  :ARG1 (s39.a / and
                                                                               :op1 (s39.r2 / rest-01
                                                                                            :ARG1 s39.p)
                                                                               :op2 (s39.r / regroup-01
                                                                                           :ARG0 s39.p)
                                                                               :op3 (s39.c / calm-down-02
                                                                                           :ARG0 s39.p
                                                                                           :ARG1 s39.p)
                                                                               :op4 (s39.f / focus-01
                                                                                           :ARG0 s39.p
                                                                                           :ARG1 s39.p)
                                                                               :op5 (s39.k / keep-02
                                                                                           :ARG0 s39.p
                                                                                           :ARG1 (s39.g2 / go-02
                                                                                                         :ARG0 s39.p)))))
                               :time (s39.s / situation
                                            :ARG1-of (s39.h2 / have-degree-91
                                                             :ARG2 (s39.e / extreme)
                                                             :ARG3 (s39.m2 / most)))))
   :snt40 (s40.c / climb-01
                 :ARG1 (s40.m / mountain
                              :name (s40.n / name
                                           :op1 "Needles")
                              :location (s40.s / state
                                               :name (s40.n2 / name
                                                             :op1 "California")
                                               :mod (s40.a / again)))
                 :domain (s40.t / this))
   :snt41 (s41.c / cause-01
                 :ARG0 (s41.m / mean-01
                              :ARG1 (s41.f / fear-01)
                              :ARG2 (s41.f2 / focus-01
                                            :ARG0 (s41.y / you)
                                            :ARG2 (s41.t / thing
                                                         :ARG1-of (s41.d / do-02
                                                                         :ARG0 s41.y))
                                            :polarity "-"))
                 :ARG1 (s41.s / suck-03
                              :ARG0 s41.f
                              :degree (s41.r / really)))
   :snt42 (s42.f2 / focus-01
                  :ARG0 (s42.y / you)
                  :ARG1 (s42.c3 / consequence-03
                                :ARG1 (s42.f / fail-01
                                             :ARG1 s42.y)
                                :ARG2 (s42.t / thing
                                             :ARG1-of (s42.d / do-02
                                                             :ARG0 s42.y)))
                  :ARG1-of (s42.c / cause-01
                                  :ARG0 (s42.r / recommend-01
                                               :ARG1 (s42.r2 / require-01
                                                             :purpose (s42.e2 / execute-02
                                                                              :ARG0 (s42.m / move-02
                                                                                           :mod (s42.g / given
                                                                                                       :mod (s42.a3 / any)))
                                                                              :ARG1 s42.m
                                                                              :ARG1-of (s42.e / effective-04))
                                                             :ARG0 s42.m
                                                             :ARG1 (s42.a2 / and
                                                                           :mod (s42.a / all)
                                                                           :op1 (s42.c2 / concentrate-01
                                                                                        :ARG0 s42.y)
                                                                           :op2 (s42.p / process-02
                                                                                       :ARG0 s42.y
                                                                                       :ARG1 (s42.t2 / think-01
                                                                                                     :ARG0 s42.y)))))))
   :snt43 (s43.i / include-91
                 :ARG1 (s43.t / take-on-09
                              :ARG0 (s43.p / person
                                           :quant (s43.m / most))
                              :ARG1 (s43.i2 / it)
                              :ARG1-of (s43.s2 / straight-04)
                              :degree (s43.s / sort-of))
                 :ARG2 (s43.t2 / thing
                               :prep-in (s43.c / climb-01)))
   :snt44 (s44.a / and
                 :op2 (s44.f / follow-02
                             :ARG0 (s44.t / they
                                          :same-as s43.p)
                             :ARG1 (s44.s / solve-01
                                          :ARG1-of (s44.h / have-degree-91
                                                          :ARG2 (s44.o / obvious-01
                                                                       :ARG1 s44.s)
                                                          :ARG3 (s44.m / most)))))
   :snt45 (s45.b3 / building
                  :name (s45.n / name
                               :op1 "Devils"
                               :op2 "Tower")
                  :ARG2-of (s45.f / form-01
                                  :ARG1 (s45.b / basalt
                                               :mod (s45.c / columnar))
                                  :ARG1-of (s45.k / know-02
                                                  :ARG0 (s45.m / most)
                                                  :ARG2 (s45.b2 / book
                                                                :name (s45.n3 / name
                                                                              :op1 "Close"
                                                                              :op2 "Encounters"))
                                                  :mod (s45.p / probable)))
                  :domain (s45.t / this)
                  :location (s45.s / state
                                   :name (s45.n2 / name
                                                 :op1 "Wyoming"))
                  :rel (s45.i / include-91
                              :ARG2 (s45.y / you)))
   :snt46 (s46.a / and
                 :ARG1-of (s46.t3 / typical-02)
                 :ARG1-of (s46.c / cause-01
                                 :ARG0 (s46.t / this
                                              :same-as s45.t))
                 :op1 (s46.p2 / put-01
                              :ARG0 (s46.p / person
                                           :ARG0-of (s46.c2 / climb-01
                                                            :ARG1 (s46.c4 / crack))
                                           :part (s46.h / hand)
                                           :part (s46.t2 / toe))
                              :ARG1 s46.h
                              :ARG2 (s46.i / inside))
                 :op2 (s46.p3 / put-01
                              :ARG0 s46.p
                              :ARG1 s46.t2)
                 :op3 (s46.s / start-01
                             :ARG0 s46.p
                             :ARG1 (s46.c3 / climb-01
                                           :ARG0 s46.p)
                             :mod (s46.j / just)))
   :snt47 (s47.c / cause-01
                 :ARG0 (s47.h / have-degree-91
                              :ARG1 (s47.c3 / crack)
                              :ARG2 (s47.s / small)
                              :ARG3 (s47.t2 / too)
                              :ARG6 (s47.g / get-05
                                           :ARG0 (s47.y / you
                                                        :part (s47.f / finger)
                                                        :part s47.t)
                                           :ARG1 (s47.t / toe)
                                           :ARG2 s47.c3))
                 :ARG1 (s47.h2 / have-manner-91
                               :ARG1 (s47.c2 / climb-01
                                             :ARG0 s47.y)
                               :ARG2 (s47.a / and
                                            :op1 (s47.u2 / use-01
                                                         :ARG0 s47.y
                                                         :ARG1 s47.f
                                                         :location s47.c3)
                                            :op2 (s47.a2 / and
                                                         :op1 (s47.u3 / use-01
                                                                      :ARG0 s47.y
                                                                      :ARG1 (s47.p / pressure
                                                                                   :ARG0-of (s47.o2 / oppose-01)))
                                                         :op2 (s47.f2 / force-01
                                                                      :ARG0 s47.y
                                                                      :ARG1 s47.y
                                                                      :ARG2 (s47.u / up))))
                               :mod (s47.o / only)))
   :snt48 (s48.r / rule-01
                 :ARG1 (s48.e / equal-01
                              :ARG1 (s48.s / strong-02)
                              :ARG2 (s48.s2 / succeed-01)
                              :time (s48.a / always
                                           :polarity "-"))
                 :ord (s48.o / ordinal-entity
                             :value "8"))
   :snt49 (s49.l / learn-01
                 :ARG0 (s49.i / i
                              :same-as s3.i)
                 :ARG1 (s49.t4 / try-01
                               :ARG0 (s49.g2 / guy)
                               :ARG1 (s49.d / do-02
                                            :ARG0 s49.g2
                                            :ARG1 (s49.p / pull-01
                                                         :ARG0 s49.g2))
                               :time (s49.a / always))
                 :ARG1-of (s49.h / have-degree-91
                                 :ARG2 (s49.i2 / important-01)
                                 :ARG3 (s49.m / most))
                 :time (s49.a2 / and
                               :duration (s49.t2 / temporal-quantity
                                                 :unit (s49.y / year)
                                                 :quant "35")
                               :op1 (s49.g / guide-01
                                           :ARG0 s49.i
                                           :ARG1 (s49.c / climb-01))
                               :op2 (s49.t / teach-01
                                           :ARG0 s49.i
                                           :ARG2 s49.i
                                           :location (s49.w / wall
                                                            :location (s49.i3 / indoor)))
                               :op3 (s49.s / stuff
                                           :ARG1-of (s49.r / resemble-01
                                                           :ARG2 (s49.t3 / that)))))
   :snt50 (s50.a3 / and
                  :ARG1-of (s50.b / begin-01)
                  :op1 (s50.r / resemble-01
                              :ARG2 (s50.a2 / and
                                            :op1 (s50.t2 / thrash-01
                                                         :ARG0 (s50.g2 / guy))
                                            :op3 (s50.g / get-05
                                                        :ARG0 s50.g2
                                                        :ARG2 (s50.u / up-03
                                                                     :extent (s50.d / distance-quantity
                                                                                    :unit (s50.f2 / foot)
                                                                                    :quant "15")))
                                            :op4 (s50.p / possible-01
                                                        :ARG1 (s50.d2 / do-02
                                                                      :ARG0 s50.g2
                                                                      :ARG1 (s50.p2 / pull-01
                                                                                    :quant (s50.a / about
                                                                                                  :op1 "15")
                                                                                    :ARG0 s50.g2)
                                                                      :ARG1-of (s50.r2 / right-06)))))
                  :op2 (s50.a4 / and
                               :op2 (s50.f / flame-01
                                           :ARG1 s50.g2
                                           :mod (s50.j / just)
                                           :time (s50.t / then))))
   :snt51 (s51.c / cause-01
                 :ARG0 (s51.h / have-03
                              :ARG0 (s51.w / woman)
                              :ARG1 (s51.i / idea
                                           :topic (s51.p / possible-01
                                                         :ARG1 (s51.d / do-02
                                                                      :ARG0 s51.w
                                                                      :ARG1 (s51.p2 / pull-01
                                                                                    :ARG0 s51.w
                                                                                    :mod (s51.u / up)
                                                                                    :quant "100"))))
                              :polarity "-")
                 :ARG1 (s51.b / balance-01
                              :ARG1 s51.w
                              :ARG2-of (s51.h2 / have-degree-91
                                               :ARG1 s51.w
                                               :ARG3 (s51.m / more
                                                            :quant (s51.m2 / much)))))
   :snt52 (s52.t3 / think-01
                  :ARG0 (s52.t / they
                               :part (s52.f / foot)
                               :same-as s51.w)
                  :ARG1 (s52.t2 / thing
                                :manner-of (s52.g / get-05
                                                  :ARG0 s52.t
                                                  :ARG1 (s52.w / weight)
                                                  :ARG2 (s52.o / over
                                                               :op1 s52.f)))
                  :ARG1-of (s52.c / cause-01
                                  :ARG0 (s52.n / natural-02
                                               :ARG1 s52.g
                                               :degree (s52.s / sort-of))))
   :snt53 (s53.c / carry-01
                 :ARG0 (s53.t / they
                              :same-as s51.w)
                 :ARG1 (s53.y / you)
                 :duration (s53.d / day
                                  :mod (s53.a / all)))
   :snt54 (s54.i / infer-01
                 :ARG1 (s54.a / and
                              :op1 (s54.c / critical-02
                                          :ARG1 (s54.b / balance-01)
                                          :degree (s54.r / really))
                              :op2 (s54.k / keep-01
                                          :ARG0 (s54.y / you
                                                       :part (s54.f / foot))
                                          :ARG1 (s54.w / weight
                                                       :poss s54.y)
                                          :location s54.f
                                          :mod (s54.m2 / muscle
                                                       :ARG1-of (s54.h / have-degree-91
                                                                       :ARG2 (s54.s / strong-02
                                                                                    :ARG1 s54.m2)
                                                                       :ARG3 (s54.m / most))
                                                       :domain s54.y))))
   :snt55 (s55.a / and
                 :mod (s55.o / of-course)
                 :op2 (s55.r / rule
                             :ord (s55.o2 / ordinal-entity
                                          :value "9")))
   :snt56 (s56.a4 / and
                  :op1 (s56.c / come-up-11
                              :ARG0 (s56.i / i
                                           :same-as s3.i)
                              :ARG1 (s56.r2 / rule
                                            :ord (s56.o / ordinal-entity
                                                        :value "9")
                                            :same-as s55.r)
                              :time (s56.a3 / after
                                            :op1 (s56.p / plan-01
                                                        :ARG0 s56.i
                                                        :ARG1 (s56.f / fall-01
                                                                     :ARG1 s56.i)
                                                        :ARG1-of (s56.a2 / actual-02)
                                                        :polarity "-")))
                  :op2 (s56.g / go-01
                              :ARG1 s56.i
                              :ARG2 (s56.a / about
                                           :op1 (s56.d / distance-quantity
                                                       :unit (s56.f2 / foot)
                                                       :quant "40")))
                  :op3 (s56.c2 / crack-02
                               :ARG0 s56.i
                               :ARG1 (s56.r / rib)))
   :snt57 (s57.n / need-01
                 :ARG0 (s57.y / you)
                 :ARG1 (s57.s / start-01
                              :ARG0 s57.y
                              :ARG1 (s57.t5 / think-01
                                            :ARG0 s57.y
                                            :ARG1 (s57.t3 / thing
                                                          :ARG1-of (s57.c / cause-01
                                                                          :ARG0 (s57.p / piece
                                                                                       :ARG1-of (s57.c4 / critical-02)
                                                                                       :domain (s57.t2 / that)
                                                                                       :topic (s57.h2 / hurt-01
                                                                                                      :ARG1 s57.y
                                                                                                      :polarity "-")))
                                                          :example (s57.o2 / or
                                                                           :op1 (s57.t4 / thing
                                                                                        :manner-of (s57.f / fall-01
                                                                                                          :ARG1 s57.y
                                                                                                          :ARG4 (s57.r / rope)))
                                                                           :op2 (s57.c2 / climb-01
                                                                                        :ARG0 s57.y
                                                                                        :manner (s57.h / have-03
                                                                                                       :ARG0 s57.y
                                                                                                       :ARG1 s57.r
                                                                                                       :polarity "-"))
                                                                           :op3 (s57.f2 / fall-01
                                                                                        :ARG1 s57.y
                                                                                        :ARG4 (s57.p2 / place
                                                                                                      :location-of (s57.p4 / possible-01
                                                                                                                           :ARG1 (s57.c3 / control-01
                                                                                                                                         :ARG0 s57.y
                                                                                                                                         :ARG1 s57.y
                                                                                                                                         :ARG1-of (s57.a / actual-02))))))
                                                          :manner-of (s57.l / let-01
                                                                            :ARG0 s57.y
                                                                            :ARG1 (s57.g2 / go-01)))))
                 :time (s57.o / once
                              :op1 (s57.g / get-05
                                          :ARG1 s57.y
                                          :ARG2 (s57.p3 / point
                                                        :ARG1-of (s57.k / know-01
                                                                        :ARG0 s57.y)
                                                        :mod (s57.t / that)))))
   :snt58 (s58.c / cause-01
                 :ARG1 (s58.h / hang-on-04
                              :ARG1 (s58.y / you)
                              :time (s58.u / until
                                           :op1 (s58.e / end-01
                                                       :mod (s58.b / bitter)))
                              :mode "imperative"
                              :polarity "-"))
   :snt59 (s59.t / thank-01
                 :ARG0 (s59.i / i)
                 :ARG1 (s59.y / you
                              :same-as s3.i)
                 :mod (s59.m / much
                             :degree (s59.v / very))))

