# ::id doc-891
# ::doc_file doc-891
# ::tok http : / / www . ted . com / talks / ryan_merkley_online_video_annotated_remixed_and_popped< / url> <next_sent> To understand the world that live in , we tell stories . <next_sent> And while remixing and sharing have come to define the web as we know it , all of us can now be part of that story through simple tools that allow us to make things online . <next_sent> But video has been left out . <next_sent> It arrived on the web in a small box , and there it has remained , completely disconnected from the data and the content all around it . <next_sent> In fact , in over a decade on the web , the only thing that has changed about video is the size of the box and the quality of the picture . <next_sent> Popcorn changes all of that . <next_sent> It 's an online tool that allows anyone to combine video with content pulled live directly from the web . <next_sent> Videos created with Popcorn behave like the web itself : dynamic , full of links , and completely remixable , and finally allowed to break free from the frame . <next_sent> I want to give you a demo of a prototype that we 're working on that we 'll launch later this fall . <next_sent> It will be completely free , and it will work in any browser . <next_sent> So , every Popcorn production begins with the video , and so I 've made a short , 20 - second clip using a newscaster template that we use in workshops . <next_sent> So let 's watch it . <next_sent> We 'll go back , and I 'll show you how we made it . <next_sent> Hi , and welcome to my newscast . <next_sent> I 've added my location with a Google Map , and it 's live , so try moving it around . <next_sent> You can add pop - ups with live links and custom icons , or pull in content from any web service , like Flickr , or add articles and blog posts with links out to the full content . <next_sent> So let 's go back , and I 'll show you what you saw . <next_sent> There was a lot there . <next_sent> So this is the timeline , and if you 've ever edited video , you 're familiar with this , but instead of clips in the timeline , what you 're looking at is web events pulled into the video . <next_sent> Now in this Popcorn production we 've got the title card , we 've got a Google Map that shows up picture - in - picture , then Popcorn lets it push outside the frame and take over the whole screen . <next_sent> There are two pop - ups bringing you some other information , and a final article with a link out to the original article . <next_sent> Let 's go to this Google Map , and I 'll show you how you can edit it . <next_sent> All you do , go into the timeline , double - click the item , and I 've set it to Toronto , because that 's where I 'm from . <next_sent> Let 's set it to something else . <next_sent> Popcorn immediately goes out onto the web , talks to Google , grabs the map , and puts it in the display . <next_sent> And it 's exactly the same for the people who watch your production . <next_sent> And it 's live . <next_sent> It 's not an image . <next_sent> So you click on it , you zoom in , right down to street view if you want to . <next_sent> Now in the video , I mentioned adding a live feed , which we can do right now , so let 's add a live feed from Flickr . <next_sent> Go over to the right - hand side , grab Flickr from the list of options , drag it into the timeline , and put it where you 'd like it to go , and it immediately goes out to Flickr and starts pulling in images based on the tags . <next_sent> Now , my developers really like ponies , and so they 've set that as the default tag . <next_sent> Let 's try something else , maybe something a bit more relevant to today . <next_sent> Now here are live images being pulled straight from the feed . <next_sent> If you come and watch this a week from now , this will be completely different , dynamic , just like the web , and just like the web , everything is sourced , so click your link , and you go straight to Flickr and see the source image . <next_sent> Everything you 've seen today is built with the basic building blocks of the web : HTML , CSS and JavaScript . <next_sent> That means it 's completely remixable . <next_sent> It also means there 's no proprietary software . <next_sent> All you need is a web browser . <next_sent> So imagine if every video that we watched on the web worked like the web , completely remixable , linked to its source content , and interactive for everyone who views it . <next_sent> I think Popcorn could change the way that we tell stories on the web , and the way we understand the world we live in . <next_sent> Thank you .
(d / document
   :snt1 (s1.u / url-entity
               :ARG3 (s1.u2 / url-entity
                            :value "narcotic")
               :rel (s1.b / border))
   :snt2 (s2.t / tell-01
               :purpose (s2.u / understand-01
                              :ARG0 (s2.w / we)
                              :ARG1 (s2.w2 / world
                                           :location-of (s2.l / live-01)))
               :ARG0 s2.w
               :ARG1 (s2.s / story))
   :snt3 (s3.a3 / and
                :op2 (s3.h / have-concession-91
                           :ARG1 (s3.p / possible-01
                                       :ARG1 (s3.h2 / have-part-91
                                                    :ARG1 (s3.w / we
                                                                :mod (s3.a / all))
                                                    :ARG2 (s3.s4 / story
                                                                 :mod (s3.t / that))
                                                    :instrument (s3.t3 / tool
                                                                       :ARG0-of (s3.a2 / allow-01
                                                                                       :ARG1 (s3.m / make-01
                                                                                                   :ARG0 s3.w
                                                                                                   :ARG1 (s3.t2 / thing)
                                                                                                   :medium (s3.o / online)))
                                                                       :ARG1-of (s3.s2 / simple-02)))
                                       :time (s3.n / now))
                           :ARG2 (s3.c / come-04
                                       :ARG1 (s3.a4 / and
                                                    :op1 (s3.s3 / sing-01)
                                                    :op2 (s3.s / share-01))
                                       :ARG2 (s3.d / define-01
                                                   :ARG0 s3.a4
                                                   :ARG1 (s3.w2 / web
                                                                :ARG1-of (s3.k / know-02))))))
   :snt4 (s4.c / contrast-01
               :ARG2 (s4.l / leave-out-03
                           :ARG1 (s4.v / video)))
   :snt5 (s5.a2 / and
                :op1 (s5.a5 / arrive-01
                            :ARG1 (s5.i / it
                                        :same-as s4.v)
                            :ARG4 (s5.w / web
                                        :same-as s3.w2)
                            :manner (s5.b / box
                                          :mod (s5.s / small)))
                :op2 (s5.r / remain-01
                           :ARG1 s5.i
                           :location s5.b
                           :manner (s5.d2 / disconnect-01
                                          :ARG1 s5.i
                                          :ARG1-of (s5.c / complete-02)
                                          :ARG2 (s5.a3 / and
                                                       :location (s5.a4 / around
                                                                        :mod (s5.a / all)
                                                                        :op1 s5.i)
                                                       :op1 (s5.d / data)
                                                       :op2 (s5.c2 / content)))))
   :snt6 (s6.c / change-01
               :ARG2 (s6.a / and
                           :op1 (s6.s / size
                                      :poss (s6.b / box))
                           :op2 (s6.q / quality
                                      :poss (s6.p / picture)))
               :mod (s6.o / only)
               :mod (s6.i / in-fact)
               :rel (s6.o2 / over
                           :op1 (s6.t / temporal-quantity
                                      :unit (s6.d / decade)
                                      :quant "1"))
               :time (s6.w / web
                           :same-as s3.w2)
               :topic (s6.v / video))
   :snt7 (s7.c / change-01
               :ARG0 (s7.m / movie)
               :ARG1 (s7.t / that
                           :mod (s7.a / all)))
   :snt8 (s8.t / tool
               :ARG0-of (s8.a / allow-01
                              :ARG1 (s8.c / combine-01
                                          :ARG0 (s8.a2 / anyone)
                                          :ARG1 (s8.v / video)
                                          :ARG2 (s8.c2 / content
                                                       :ARG1-of (s8.p / pull-01
                                                                      :ARG1-of (s8.d / direct-02)
                                                                      :ARG2 (s8.w / web
                                                                                  :same-as s3.w2)
                                                                      :manner (s8.l / live)))))
               :domain (s8.i / it
                             :same-as s7.m)
               :mod (s8.o / online))
   :snt9 (s9.b / behave-01
               :ARG0 (s9.v / video
                           :ARG1-of (s9.c2 / create-01
                                           :instrument (s9.p / product
                                                             :name (s9.n / name
                                                                         :op1 "Popcorn")
                                                             :same-as s7.m)))
               :ARG1 (s9.r2 / resemble-01
                            :ARG1 s9.v
                            :ARG2 (s9.w / web
                                        :same-as s3.w2)
                            :example (s9.a2 / and
                                            :op1 (s9.d / dynamic)
                                            :op2 (s9.f / fill-01
                                                       :ARG2 (s9.l / link))
                                            :op3 (s9.r / record-01
                                                       :ARG1 s9.v
                                                       :ARG1-of (s9.c / complete-02))
                                            :op4 (s9.a / allow-01
                                                       :ARG1 (s9.f4 / free-01
                                                                    :ARG1 s9.v
                                                                    :ARG2 (s9.f3 / frame))
                                                       :time (s9.f2 / final)))))
   :snt10 (s10.w / want-01
                 :ARG0 (s10.i / i)
                 :ARG1 (s10.g / give-01
                              :ARG0 s10.i
                              :ARG1 (s10.d / demonstrate-01
                                           :ARG0 s10.i
                                           :ARG1 (s10.p / prototype
                                                        :ARG1-of (s10.w3 / work-01
                                                                         :ARG0 (s10.w2 / we))
                                                        :ARG1-of (s10.l / launch-01
                                                                        :ARG0 s10.w2
                                                                        :time (s10.a / after
                                                                                     :op1 (s10.n / now)
                                                                                     :op1 (s10.f / fall
                                                                                                 :mod (s10.t / this))))))
                              :ARG2 (s10.y / you)))
   :snt11 (s11.a / and
                 :op1 (s11.f / free-03
                             :ARG1 (s11.i / it
                                          :same-as s10.p)
                             :ARG1-of (s11.c / complete-02))
                 :op2 (s11.w / work-09
                             :ARG1 s11.i
                             :instrument (s11.p / product
                                                :ARG0-of (s11.b / browse-01)
                                                :mod (s11.a2 / any))))
   :snt12 (s12.c / cause-01
                 :ARG0 (s12.b / begin-01
                              :ARG0 (s12.p / produce-01
                                           :ARG0 (s12.p2 / product
                                                         :name (s12.n / name
                                                                      :op1 "Popcorn"))
                                           :mod (s12.e / every))
                              :ARG2 (s12.v / video))
                 :ARG1 (s12.m / make-01
                              :ARG0 (s12.i / i
                                           :same-as s10.i)
                              :ARG1 (s12.c2 / clip
                                            :ARG1-of (s12.s2 / short-07)
                                            :ARG2-of (s12.u / use-01
                                                            :ARG0 s12.i
                                                            :ARG1 (s12.t / template
                                                                         :ARG1-of (s12.u2 / use-01
                                                                                          :ARG0 (s12.w / we
                                                                                                       :same-as s10.w2)
                                                                                          :ARG2 (s12.w2 / workshop))
                                                                         :mod (s12.n2 / newscaster)))
                                            :duration (s12.t2 / temporal-quantity
                                                              :unit (s12.s / second)
                                                              :quant "20"))))
   :snt13 (s13.l / let-01
                 :ARG1 (s13.w / watch-01
                              :ARG0 (s13.w2 / we)
                              :ARG1 (s13.i / it
                                           :same-as s12.t2)))
   :snt14 (s14.a / and
                 :op1 (s14.g / go-02
                             :ARG0 (s14.w / we)
                             :ARG4 (s14.b / back))
                 :op2 (s14.s / show-01
                             :ARG0 (s14.i / i
                                          :same-as s10.i)
                             :ARG1 (s14.t / thing
                                          :manner-of (s14.m / make-it-14
                                                            :ARG0 s14.w
                                                            :ARG1 (s14.i2 / it
                                                                          :same-as s12.t2)))
                             :ARG2 (s14.y / you
                                          :same-as s10.y)))
   :snt15 (s15.a / and
                 :op1 (s15.h / hi)
                 :op2 (s15.w / welcome-01
                             :ARG2 (s15.n / newscast
                                          :poss (s15.i / i
                                                       :same-as s10.i))))
   :snt16 (s16.a2 / and
                  :ARG0-of (s16.c / cause-01
                                  :ARG1 (s16.t / try-01
                                               :ARG0 (s16.y / you)
                                               :ARG1 (s16.m / move-01
                                                            :ARG0 s16.y
                                                            :ARG1 (s16.l2 / location
                                                                          :poss (s16.i / i
                                                                                       :same-as s10.i))
                                                            :ARG2 (s16.a3 / around))))
                  :op1 (s16.a / add-02
                              :ARG0 s16.i
                              :ARG1 s16.l2
                              :instrument (s16.p / product
                                                 :name (s16.n / name
                                                              :op1 "Google"
                                                              :op2 "Map")))
                  :op2 (s16.l / live-01
                              :ARG1 s16.l2))
   :snt17 (s17.p3 / possible-01
                  :ARG1 (s17.o / or
                               :op1 (s17.a / add-02
                                           :ARG0 (s17.y / you)
                                           :ARG1 (s17.p2 / pop-up-03
                                                         :part (s17.a3 / and
                                                                       :op1 (s17.l / link
                                                                                   :mod (s17.l3 / live))
                                                                       :op2 (s17.t / thing
                                                                                   :ARG1-of (s17.p / personal-02)
                                                                                   :ARG1-of (s17.s2 / symbolize-01)))))
                               :op2 (s17.p6 / pull-01
                                            :ARG0 s17.y
                                            :ARG1 (s17.c / content
                                                         :source (s17.s / service
                                                                        :example (s17.p5 / publication
                                                                                         :name (s17.n / name
                                                                                                      :op1 "Flickr"))
                                                                        :medium (s17.w / web)
                                                                        :mod (s17.a5 / any))))
                               :op3 (s17.a2 / add-02
                                            :ARG0 s17.y
                                            :ARG1 (s17.a4 / and
                                                          :ARG0-of (s17.h / have-03
                                                                          :ARG1 (s17.l2 / link-01
                                                                                        :ARG1 (s17.c2 / content
                                                                                                      :mod (s17.f / full))
                                                                                        :direction (s17.o2 / out)))
                                                          :op1 (s17.a6 / article)
                                                          :op2 (s17.t2 / thing
                                                                       :ARG1-of (s17.p4 / post-01
                                                                                        :ARG2 (s17.b / blog-01)))))))
   :snt18 (s18.a / and
                 :op1 (s18.g / go-02
                             :ARG0 (s18.w / we)
                             :ARG1 (s18.b / back)
                             :mode "imperative")
                 :op2 (s18.s2 / show-01
                              :ARG0 (s18.i / i
                                           :same-as s10.i)
                              :ARG1 (s18.t / thing
                                           :ARG1-of (s18.s / see-01
                                                           :ARG0 (s18.y / you
                                                                        :same-as s10.y)))
                              :ARG2 s18.y))
   :snt19 (s19.t2 / thing
                  :quant (s19.l / lot)
                  :location (s19.t / there))
   :snt20 (s20.c2 / contrast-01
                  :ARG1 (s20.a / and
                               :op1 (s20.t2 / timeline
                                            :domain (s20.t / this))
                               :op2 (s20.f / familiarize-01
                                           :ARG1 (s20.y / you)
                                           :ARG2 s20.t2
                                           :condition (s20.e / edit-01
                                                             :ARG0 s20.y
                                                             :time (s20.e3 / ever)
                                                             :ARG1 s20.v)))
                  :ARG2 (s20.l / look-01
                               :ARG0 s20.y
                               :ARG1-of (s20.i / instead-of-91
                                               :ARG2 (s20.c / clip
                                                            :location (s20.t3 / timeline
                                                                              :same-as s20.t))
                                               :ARG2 (s20.l2 / look-01
                                                             :ARG0 s20.y
                                                             :ARG1 (s20.e2 / event
                                                                           :ARG1-of (s20.p / pull-01
                                                                                           :ARG2 (s20.v / video))
                                                                           :medium (s20.w / web))))))
   :snt21 (s21.a / and
                 :op1 (s21.h / have-03
                             :ARG0 (s21.w / we)
                             :ARG1 (s21.c / card
                                          :mod (s21.t4 / title)))
                 :op2 (s21.h2 / have-03
                              :ARG0 s21.w
                              :ARG1 (s21.m / map
                                           :ARG1-of (s21.s2 / show-up-02
                                                            :location (s21.p / picture
                                                                             :location (s21.p2 / picture)))
                                           :mod (s21.c2 / company
                                                        :name (s21.n2 / name
                                                                      :op1 "Google"))))
                 :op3 (s21.l / let-01
                             :ARG0 (s21.c3 / company
                                           :name (s21.n / name
                                                        :op1 "Popcorn"
                                                        :same-as s12.p2)
                                           :same-as s7.m)
                             :ARG1 (s21.a2 / and
                                           :op1 (s21.p4 / push-01
                                                        :ARG0 (s21.i / it
                                                                     :same-as s21.m)
                                                        :ARG2 (s21.o / outside
                                                                     :op1 (s21.f / frame)))
                                           :op2 (s21.t / take-over-12
                                                       :ARG0 s21.i
                                                       :ARG1 (s21.s / screen
                                                                    :mod (s21.w2 / whole))))
                             :time (s21.t2 / then))
                 :subevent-of (s21.p3 / produce-01
                                      :ARG0 s21.c3
                                      :mod (s21.t3 / this
                                                   :same-as s15.n)))
   :snt22 (s22.a / and
                 :op1 (s22.p / pop-up-03
                             :ARG0-of (s22.b / bring-01
                                             :ARG2 (s22.y / you))
                             :ARG1 s22.a
                             :quant "2")
                 :op2 (s22.a2 / article
                              :ARG0-of (s22.h / have-03
                                              :ARG1 (s22.l / link-01
                                                           :ARG2 (s22.a3 / article
                                                                         :mod (s22.o / original))))
                              :mod (s22.f / final))
                 :rel (s22.i / information
                             :mod (s22.o2 / other)
                             :mod (s22.s / some))
                 :rel s22.p)
   :snt23 (s23.a / and
                 :op1 (s23.g / go-02
                             :ARG0 (s23.w / we)
                             :ARG4 (s23.m / map
                                          :mod (s23.c / company
                                                      :name (s23.n / name
                                                                   :op1 "Google"))
                                          :mod (s23.t2 / this)
                                          :same-as s16.p)
                             :mode "imperative")
                 :op2 (s23.s / show-01
                             :ARG0 (s23.i / i
                                          :same-as s10.i)
                             :ARG1 (s23.t / thing
                                          :manner-of (s23.p / possible-01
                                                            :ARG1 (s23.e / edit-01
                                                                         :ARG0 (s23.y / you
                                                                                      :same-as s10.y)
                                                                         :ARG1 s23.m)))
                             :ARG2 s23.y))
   :snt24 (s24.a2 / and
                  :ARG1-of (s24.d / do-02
                                  :ARG0 (s24.y / you)
                                  :mod (s24.a / all))
                  :op1 (s24.g / go-02
                              :ARG0 s24.y
                              :ARG4 (s24.t / timeline))
                  :op2 (s24.c3 / click-01
                               :ARG0 s24.y
                               :ARG1 (s24.i2 / item)
                               :ARG1-of (s24.d2 / double-01))
                  :op3 (s24.s / set-01
                              :ARG0 (s24.i / i
                                           :same-as s10.i)
                              :ARG1 s24.i2
                              :ARG1-of (s24.c / cause-01
                                              :ARG0 (s24.b / be-from-91
                                                           :ARG1 s24.i
                                                           :ARG2 (s24.c2 / city
                                                                         :name (s24.n / name
                                                                                      :op1 "Toronto")
                                                                         :ARG2-of s24.s)))))
   :snt25 (s25.l / let-01
                 :ARG1 (s25.s / set-01
                              :ARG0 (s25.w / we)
                              :ARG1 (s25.i / it
                                           :same-as s16.p)
                              :ARG2 (s25.s2 / something
                                            :mod (s25.e / else))))
   :snt26 (s26.a / and
                 :op1 (s26.g / go-02
                             :ARG0 (s26.p / person
                                          :name (s26.n / name
                                                       :op1 "Popcorn")
                                          :same-as s12.p2)
                             :direction (s26.o / out)
                             :location (s26.w / web
                                              :same-as s3.w2)
                             :time (s26.i / immediate))
                 :op2 (s26.t / talk-01
                             :ARG0 s26.p
                             :ARG2 (s26.c / company
                                          :name (s26.n2 / name
                                                        :op1 "Google")
                                          :same-as s23.c))
                 :op3 (s26.g2 / grab-01
                              :ARG0 s26.p
                              :ARG1 (s26.m / map
                                           :same-as s16.p))
                 :op4 (s26.p2 / put-01
                              :ARG0 s26.p
                              :ARG1 s26.m
                              :ARG2 (s26.d / display)))
   :snt27 (s27.a / and
                 :op2 (s27.s / same-01
                             :ARG1 (s27.i / it)
                             :ARG2 (s27.p / person
                                          :ARG0-of (s27.w / watch-01
                                                          :ARG1 (s27.p2 / produce-01
                                                                        :ARG0 (s27.y / you
                                                                                     :same-as s10.y)
                                                                        :same-as s15.n)))
                             :mod (s27.e / exact)))
   :snt28 (s28.a / and
                 :op2 (s28.l / live
                             :domain (s28.i / it)))
   :snt29 (s29.i / image
                 :domain (s29.i2 / it
                                 :same-as s24.i2)
                 :polarity "-")
   :snt30 (s30.c / cause-01
                 :ARG1 (s30.a / and
                              :op1 (s30.c2 / click-01
                                           :ARG0 (s30.y / you)
                                           :location (s30.i / it
                                                            :same-as s24.i2))
                              :op2 (s30.z / zoom-01
                                          :ARG1 s30.y
                                          :condition (s30.w / want-01
                                                            :ARG0 s30.y
                                                            :ARG1 s30.z)
                                          :direction (s30.d / down
                                                            :mod (s30.r / right))
                                          :direction (s30.v / view-01
                                                            :ARG1 (s30.s / street)))))
   :snt31 (s31.m / mention-01
                 :ARG0 (s31.i / i
                              :same-as s10.i)
                 :ARG0-of (s31.c / cause-01
                                 :ARG1 (s31.l / let-01
                                              :ARG0 (s31.w / we
                                                           :same-as s10.w2)
                                              :ARG1 (s31.a2 / add-02
                                                            :ARG0 s31.w
                                                            :ARG1 (s31.f / feed-01
                                                                         :ARG2 (s31.p2 / publication
                                                                                       :name (s31.n / name
                                                                                                    :op1 "Flickr")
                                                                                       :same-as s17.p5)
                                                                         :manner (s31.l2 / live)))))
                 :ARG1 (s31.a / add-02
                              :ARG0 s31.w
                              :ARG1 s31.f
                              :ARG1-of (s31.d / do-02
                                              :ARG0 s31.w
                                              :ARG1-of (s31.p / possible-01)
                                              :time (s31.n3 / now
                                                            :mod (s31.r / right))))
                 :location (s31.v / video)
                 :time (s31.n2 / now))
   :snt32 (s32.a / and
                 :op1 (s32.g3 / go-02
                              :ARG0 (s32.y / you)
                              :ARG1 (s32.s / side
                                           :mod (s32.h / hand
                                                       :ARG1-of (s32.r / right-04)))
                              :direction (s32.o3 / over)
                              :mode "imperative")
                 :op2 (s32.d / drag-01
                             :ARG0 s32.y
                             :ARG1 (s32.p / product
                                          :name (s32.n / name
                                                       :op1 "Flickr"
                                                       :same-as s17.p5)
                                          :source (s32.l2 / list-01
                                                          :ARG1 (s32.o / option)))
                             :ARG2 (s32.t3 / timeline
                                           :same-as s24.t))
                 :op3 (s32.a2 / and
                              :op1 (s32.p3 / put-01
                                           :ARG0 s32.y
                                           :ARG1 s32.p
                                           :ARG2 (s32.t2 / thing
                                                         :ARG1-of (s32.l / like-02
                                                                         :ARG0 s32.y)
                                                         :ARG4-of (s32.g / go-01
                                                                         :ARG1 s32.p)))
                              :op1 (s32.g2 / go-01
                                           :ARG1 s32.p
                                           :direction (s32.o2 / out)
                                           :time (s32.i2 / immediate))
                              :op2 (s32.s2 / start-01
                                           :ARG0 s32.p
                                           :ARG1 (s32.p2 / pull-01
                                                         :ARG0 s32.p
                                                         :ARG1 (s32.i / image)
                                                         :ARG1-of (s32.b / base-02
                                                                         :ARG2 (s32.t / tag-01)))))
                 :rel (s32.g4 / grab-01
                              :ARG0 s32.y
                              :ARG1 s32.p))
   :snt33 (s33.l / like-01
                 :ARG0 (s33.p / person
                              :ARG0-of (s33.d2 / develop-02
                                               :ARG1 (s33.i / i
                                                            :same-as s10.i)))
                 :ARG0-of (s33.c / cause-01
                                 :ARG1 (s33.s / set-02
                                              :ARG0 s33.p
                                              :ARG1 (s33.t2 / that
                                                            :same-as s33.p2)
                                              :ARG2 (s33.t / tag
                                                           :ARG2-of (s33.d / default-01))))
                 :ARG1 (s33.p2 / pony)
                 :degree (s33.r / really)
                 :time (s33.n / now))
   :snt34 (s34.t2 / try-01
                  :ARG0 (s34.w / we)
                  :ARG1 (s34.s / something
                               :mod (s34.e / else)
                               :mod (s34.s2 / something
                                            :ARG1-of (s34.p / possible-01)
                                            :ARG1-of (s34.h / have-degree-91
                                                            :ARG2 (s34.r / relevant-01
                                                                         :ARG1 s34.s2
                                                                         :ARG2 (s34.t / today))
                                                            :ARG3 (s34.m / more
                                                                         :quant (s34.b / bit)))))
                  :mode "imperative")
   :snt35 (s35.p / pull-01
                 :ARG1 (s35.i / image
                              :location (s35.h / here)
                              :mod (s35.l / live))
                 :ARG1-of (s35.s / straight-04)
                 :ARG2 (s35.f / feed
                              :same-as s31.p2
                              :same-as-of s36.t2)
                 :time (s35.n / now))
   :snt36 (s36.a3 / and
                  :ARG0-of (s36.c / cause-01
                                  :ARG1 (s36.a4 / and
                                                :op1 (s36.c2 / click-01
                                                             :ARG0 (s36.y / you)
                                                             :ARG1 (s36.l / link
                                                                          :poss s36.y))
                                                :op2 (s36.a5 / and
                                                             :op1 (s36.g / go-02
                                                                         :ARG0 s36.y
                                                                         :ARG1-of (s36.s4 / straight-04)
                                                                         :ARG4 (s36.p / publication
                                                                                      :name (s36.n / name
                                                                                                   :op1 "Flickr")
                                                                                      :same-as s17.p5))
                                                             :op2 (s36.s / see-01
                                                                         :ARG0 s36.y
                                                                         :ARG1 (s36.i / image
                                                                                      :ARG0-of (s36.s3 / source-02))))))
                  :ARG1-of (s36.r / resemble-01
                                  :ARG2 (s36.w2 / web
                                                :same-as s3.w2)
                                  :mod (s36.j / just))
                  :condition (s36.a2 / and
                                     :op1 (s36.c3 / come-01
                                                  :ARG1 s36.y)
                                     :op2 (s36.w / watch-01
                                                 :ARG0 s36.y
                                                 :ARG1 (s36.t2 / this)
                                                 :time (s36.a / after
                                                              :quant (s36.t / temporal-quantity
                                                                            :unit (s36.w3 / week)
                                                                            :quant "1")
                                                              :op1 (s36.n2 / now))))
                  :op1 (s36.d / differ-02
                              :ARG1 s36.t2
                              :ARG1-of (s36.c4 / complete-02))
                  :op2 (s36.d2 / dynamic
                               :domain s36.t2)
                  :op3 (s36.s2 / source-02
                               :ARG0 s36.t2
                               :ARG1 (s36.e / everything)))
   :snt37 (s37.b3 / build-01
                  :ARG1 (s37.e / everything
                               :ARG1-of (s37.s / see-01
                                               :ARG0 (s37.y / you)
                                               :time (s37.t / today)))
                  :ARG3 (s37.b2 / block
                                :ARG2-of (s37.b4 / build-01)
                                :domain (s37.a / and
                                               :op1 (s37.p / publication
                                                           :name (s37.n / name
                                                                        :op1 "HTML"))
                                               :op2 (s37.p2 / publication
                                                            :name (s37.n2 / name
                                                                          :op1 "CSS"))
                                               :op3 (s37.l / language
                                                           :name (s37.n3 / name
                                                                         :op1 "JavaScript")))
                                :mod (s37.b / basic)
                                :poss (s37.w / web
                                             :same-as s3.w2)))
   :snt38 (s38.m / mean-01
                 :ARG1 (s38.t / that)
                 :ARG2 (s38.e / Democrat
                              :ARG1-of (s38.c / complete-02)
                              :domain (s38.i / it
                                             :same-as s37.e)))
   :snt39 (s39.m / mean-01
                 :ARG1 (s39.i / it
                              :same-as s38.t)
                 :ARG2 (s39.s / software
                              :mod (s39.p / proprietary
                                          :polarity "-"))
                 :mod (s39.a / also))
   :snt40 (s40.n / need-01
                 :ARG0 (s40.y / you)
                 :ARG1 (s40.p / product
                              :ARG0-of (s40.b / browse-01
                                              :ARG1 (s40.w / web)))
                 :mod (s40.a / all))
   :snt41 (s41.i / imagine-01
                 :ARG0 (s41.y / you)
                 :ARG1 (s41.a / and
                              :op1 (s41.w4 / work-09
                                           :ARG1 (s41.v / video
                                                        :ARG1-of (s41.w / watch-01
                                                                        :ARG0 (s41.w2 / we)
                                                                        :medium (s41.w3 / web
                                                                                        :same-as s3.w2))
                                                        :mod (s41.e / every))
                                           :ARG1-of (s41.r2 / resemble-01
                                                            :ARG2 s41.w3))
                              :op2 (s41.r / record-01
                                          :ARG1 s41.v
                                          :ARG1-of (s41.c / complete-02))
                              :op3 (s41.l / link-01
                                          :ARG1 s41.v
                                          :ARG2 (s41.c2 / content
                                                        :mod (s41.s / source)
                                                        :poss s41.v))
                              :op4 (s41.i2 / interactive
                                           :beneficiary (s41.e2 / everyone
                                                                :ARG0-of (s41.v2 / view-01
                                                                                 :ARG1 s41.v))
                                           :domain s41.v))
                 :mode "imperative")
   :snt42 (s42.t2 / think-01
                  :ARG0 (s42.i / i
                               :same-as s10.i)
                  :ARG1 (s42.p / possible-01
                               :ARG1 (s42.c / change-01
                                            :ARG0 (s42.p2 / product
                                                          :name (s42.n / name
                                                                       :op1 "Popcorn")
                                                          :same-as s12.p2)
                                            :ARG1 (s42.a / and
                                                         :op1 (s42.w / way
                                                                     :manner-of (s42.t / tell-01
                                                                                       :ARG0 (s42.w3 / we)
                                                                                       :ARG1 (s42.s / story)
                                                                                       :medium (s42.w4 / web
                                                                                                       :same-as s3.w2)))
                                                         :op2 (s42.w2 / way
                                                                      :manner-of (s42.u / understand-01
                                                                                        :ARG0 s42.w3
                                                                                        :ARG1 (s42.w5 / world
                                                                                                      :location-of (s42.l / live-01
                                                                                                                          :ARG0 s42.w3))))))))
   :snt43 (s43.t / thank-01
                 :ARG1 (s43.y / you
                              :same-as s10.i)))

