# ::id doc-471
# ::doc_file doc-471
# ::tok http : / / www . ted . com / talks / toby_shapshak_you_don_t_need_an_app_for_that< / url> <next_sent> Let me start by asking you a question , just with a show of hands : Who has an iPhone ? <next_sent> Who has an Android phone ? <next_sent> Who has a Blackberry ? <next_sent> Who will admit in public to having a Blackberry ? <next_sent> And let me guess , how many of you , when you arrived here , like me , went and bought a pay - as - you - go SIM card ? <next_sent> Yeah ? <next_sent> I 'll bet you did n't even know you 're using African technology . <next_sent> Pay - as - you - go was a technology , or an idea , pioneered in Africa by a company called Vodacom a good 15 years ago , and now , like franchising , pay - as - you - go is one of the most dominant forces of economic activity in the world . <next_sent> So I 'm going to talk about innovation in Africa , which I think is the purest form , innovation out of necessity . <next_sent> But first , I 'm going to ask you some other questions . <next_sent> You do n't have to put your hands up . <next_sent> These are rhetorical . <next_sent> Why did Nikola Tesla have to invent the alternating current that powers the lights in this building or the city that we 're in ? <next_sent> Why did Henry Ford have to invent the production line to produce these Fords that came in anything as long as they were black ? <next_sent> And why did Eric Merrifield have to invent the dolos ? <next_sent> Blank stares . <next_sent> That is what a dolos looks like , and in the background , you can see Robben Island . <next_sent> This is a small dolos , and Eric Merrifield is the most famous inventor you 've never heard of . <next_sent> In 1963 , a storm ripped up the harbor in a small South African town called East London , and while he was watching his kids playing with toys made from oxen bones called dolosse , he had the idea for this . <next_sent> It 's a bit like a huge jumping jack , and they have used this in every harbor in the world as a breakwater . <next_sent> The global shipping economy would not be possible without African technology like this . <next_sent> So whenever you talk about Africa , you have to put up this picture of the world from space , and people go , " Look , it 's the Dark Continent . " <next_sent> Actually , it is n't . <next_sent> What it is is a map of innovation . <next_sent> And it 's really easy to see where innovation 's going on . <next_sent> All the places with lots of electricity , it is n't . <next_sent> And the reason it is n't is because everybody 's watching television or playing Angry Birds . <next_sent> So where it 's happening is in Africa . <next_sent> Now , this is real innovation , not the way people have expropriated the word to talk about launching new products . <next_sent> This is real innovation , and I define it as problem - solving . <next_sent> People are solving real problems in Africa . <next_sent> Why ? <next_sent> Because we have to . <next_sent> Because we have real problems . <next_sent> And when we solve real problems for people , we solve them for the rest of the world at the same time . <next_sent> So in California , everybody 's really excited about a little square of plastic that you plug into a phone and you can swipe your credit card , and people say , " We 've liberated the credit card from the point of sale terminal . " <next_sent> Fantastic . <next_sent> Why do you even need a credit card ? <next_sent> In Africa , we 've been doing that for years , and we 've been doing it on phones like this . <next_sent> This is a picture I took at a place called Kitengela , about an hour south of Nairobi , and the thing that 's so remarkable about the payment system that 's been pioneered in Africa called M - Pesa is that it works on phones like this . <next_sent> It works on every single phone possible , because it uses SMS . <next_sent> You can pay bills with it , you can buy your groceries , you can pay your kids ' school fees , and I 'm told you can even bribe customs officials . <next_sent> Something like 25 million dollars a day is transacted through M - Pesa . <next_sent> Forty percent of Kenya 's GDP moves through M - Pesa using phones like this . <next_sent> And you think this is just a feature phone . <next_sent> Actually it 's the smartphone of Africa . <next_sent> It 's also a radio , and it 's also a torch , and more than anything else , it has really superb battery life . <next_sent> Why ? <next_sent> Because that 's what we need . <next_sent> We have really severe energy problems in Africa . <next_sent> By the way , you can update Facebook and send Gmail from a phone like this . <next_sent> So we have found a way to use the available technology to send money via M - Pesa , which is a bit like a check system for the mobile age . <next_sent> I come from Johannesburg , which is a mining town . <next_sent> It 's built on gold . <next_sent> This is a picture I Instagrammed earlier . <next_sent> And the difference today is that the gold of today is mobile . <next_sent> If you think about the railroad system in North America and how that worked , first came the infrastructure , then came the industry around it , the brothels -- it 's a bit like the Internet today , right ? — and everything else that worked with it : bars , saloons , etc. <next_sent> The gold of today is mobile , and mobile is the enabler that makes all of this possible . <next_sent> Well , this is by a guy called Bright Simons from Ghana , and what you do is you take medication , something that some people might spend their entire month 's salary on , and you scratch off the code , and you send that to an SMS number , and it tells you if that is legitimate or if it 's expired . <next_sent> Really simple , really effective , really life - saving . <next_sent> In Kenya , there 's a service called iCow , which just sends you really important information about how to look after your dairy . <next_sent> The dairy business in Kenya is a $ 463 million business , and the difference between a subsistence farmer and an abundance farmer is only a couple of liters of milk a day . <next_sent> And if you can do that , you can rise out of poverty . <next_sent> Really simple , using a basic phone . <next_sent> If you do n't have electricity , no problem ! <next_sent> We 'll just make it out of old bicycle parts using a windmill , as William Kamkwamba did . <next_sent> There 's another great African that you 've heard that 's busy disrupting the automobile industry in the world . <next_sent> He 's also finding a way to reinvent solar power and the electricity industry in North America , and if he 's lucky , he 'll get us to Mars , hopefully in my lifetime . <next_sent> He comes from Pretoria , the capital of [ South Africa ] , about 50 kilometers from where I live . <next_sent> So back to Joburg , which is sometimes called Egoli , which means City of Gold . <next_sent> And not only is mobile the gold of today , I do n't believe that the gold is under the ground . <next_sent> I believe we are the gold . <next_sent> Like you 've heard the other economists say , we are at the point where China was when its boom years began , and that 's where we 're going . <next_sent> So , you hear the West talk about innovation at the edge . <next_sent> Well , of course it 's happening at the edge , because in the middle , everybody 's updating Facebook , or worse still , they 're trying to understand Facebook 's privacy settings . <next_sent> This is not that catchy catchphrase . <next_sent> This is innovation over the edge . <next_sent> So , people like to call Africa a mobile - first continent , but actually it 's mobile - only , so while everybody else is doing all of those things , we 're solving the world 's problems . <next_sent> So there 's only one thing left to say . <next_sent> [ " You 're welcome " ]
(d / document
   :snt1 (s1.u / url-entity
               :topic (s1.t / talk-01))
   :snt2 (s2.l / let-01
               :ARG0 (s2.y / you)
               :ARG1 (s2.s2 / start-01
                            :ARG0 (s2.i / i
                                        :part (s2.h / hand))
                            :ARG1 (s2.a2 / ask-01
                                         :ARG0 s2.i
                                         :ARG1 (s2.q / question-01
                                                     :ARG0 s2.i
                                                     :ARG1 (s2.h2 / have-03
                                                                  :ARG0 (s2.a / amr-unknown)
                                                                  :ARG1 (s2.p / product
                                                                              :name (s2.n / name
                                                                                          :op1 "iPhone")))
                                                     :ARG2 s2.y)
                                         :ARG2 s2.y
                                         :manner (s2.s / show-01
                                                       :ARG0 s2.i
                                                       :ARG1 s2.h
                                                       :mod (s2.j / just)))
                            :ARG2 s2.y))
   :snt3 (s3.h / have-03
               :ARG0 (s3.a / amr-unknown)
               :ARG1 (s3.p / phone
                           :name (s3.n / name
                                       :op1 "Android")))
   :snt4 (s4.h / have-03
               :ARG0 (s4.a / amr-unknown)
               :ARG1 (s4.p / product
                           :name (s4.n / name
                                       :op1 "Blackberry")))
   :snt5 (s5.a / admit-01
               :ARG0 (s5.a2 / amr-unknown)
               :ARG1 (s5.h / have-03
                           :ARG0 s5.a2
                           :ARG1 (s5.p / product
                                       :name (s5.n / name
                                                   :op1 "Blackberry")))
               :ARG1-of (s5.p2 / public-02))
   :snt6 (s6.a2 / and
                :op2 (s6.l / let-01
                           :ARG1 (s6.g3 / guess-01
                                        :ARG0 (s6.i / i
                                                    :same-as s2.i)
                                        :ARG1 (s6.a3 / and
                                                     :op1 (s6.g / go-02
                                                                :ARG0 (s6.a / amr-unknown
                                                                            :ARG1-of (s6.i2 / include-91
                                                                                            :ARG2 (s6.y / you))))
                                                     :op2 (s6.b / buy-01
                                                                :ARG0 s6.y
                                                                :ARG1 (s6.c / card
                                                                            :mod (s6.p2 / phone-number-entity
                                                                                        :value "SIM")
                                                                            :mod (s6.p / pay-01
                                                                                       :ARG0 (s6.y2 / you)
                                                                                       :manner (s6.g2 / go-02
                                                                                                      :ARG0 s6.y2))))
                                                     :time (s6.a4 / arrive-01
                                                                  :ARG1 s6.y
                                                                  :ARG1-of (s6.r / resemble-01
                                                                                 :ARG2 s6.i)
                                                                  :ARG4 (s6.h / here))))))
   :snt7 (s7.y / yeah
               :polarity (s7.a / amr-unknown))
   :snt8 (s8.b / bet-01
               :ARG0 (s8.i / i
                           :same-as s2.i)
               :ARG2 (s8.k / know-01
                           :ARG0 (s8.y / you
                                       :same-as s6.y)
                           :ARG1 (s8.u / use-01
                                       :ARG0 s8.y
                                       :ARG1 (s8.t / technology
                                                   :mod (s8.c / continent
                                                              :name (s8.n / name
                                                                          :op1 "Africa"))))
                           :mod (s8.e / even)
                           :polarity "-"))
   :snt9 (s9.a2 / and
                :op1 (s9.o / or
                           :ARG1-of (s9.p2 / pioneer-01
                                           :ARG0 (s9.c2 / company
                                                        :ARG1-of (s9.c / call-01
                                                                       :ARG2 (s9.c3 / company
                                                                                    :name (s9.n2 / name
                                                                                                 :op1 "Vodacom"))))
                                           :location (s9.c4 / continent
                                                            :name (s9.n / name
                                                                        :op1 "Africa"))
                                           :time (s9.b / before
                                                       :quant (s9.t2 / temporal-quantity
                                                                     :ARG1-of (s9.g2 / good-02)
                                                                     :unit (s9.y / year)
                                                                     :quant "15")
                                                       :op1 (s9.n3 / now)))
                           :domain (s9.p / pay-01
                                         :ARG0 (s9.y2 / you))
                           :op1 (s9.t / technology)
                           :op2 (s9.i / idea))
                :op2 (s9.i2 / include-91
                            :ARG1 (s9.f / force
                                        :ARG1-of (s9.h / have-degree-91
                                                       :ARG2 (s9.d / dominate-01)
                                                       :ARG3 (s9.m / most)
                                                       :ARG5 (s9.f2 / force
                                                                    :location (s9.w / world)
                                                                    :mod (s9.a / activity-06
                                                                               :ARG1 (s9.e / economy))))
                                        :ARG1-of (s9.g / go-01
                                                       :ARG1 s9.p)
                                        :ARG1-of (s9.r / resemble-01
                                                       :ARG2 (s9.f3 / franchise-01))
                                        :domain s9.g
                                        :time (s9.n4 / now))))
   :snt10 (s10.c / cause-01
                 :ARG1 (s10.t / talk-01
                              :ARG0 (s10.i / i
                                           :same-as s2.i)
                              :ARG1 (s10.i2 / innovate-01
                                            :location (s10.c3 / continent
                                                              :name (s10.n / name
                                                                           :op1 "Africa")
                                                              :same-as s9.c4)
                                            :mod (s10.f / form
                                                        :ARG1-of (s10.h / have-degree-91
                                                                        :ARG2 (s10.p / pure-02
                                                                                     :ARG1 s10.f)
                                                                        :ARG3 (s10.m / most))
                                                        :ARG1-of (s10.t2 / think-01
                                                                         :ARG0 s10.i))
                                            :mod (s10.i3 / innovate-01
                                                         :ARG1-of (s10.c2 / cause-01
                                                                          :ARG0 (s10.n2 / need-01))))))
   :snt11 (s11.c / contrast-01
                 :ARG2 (s11.a / ask-01
                              :ARG0 (s11.i / i
                                           :same-as s2.i)
                              :ARG1 (s11.q / question
                                           :quant (s11.s / some)
                                           :mod (s11.o2 / other))
                              :ARG2 (s11.y / you
                                           :same-as s6.y)
                              :ord (s11.o / ordinal-entity
                                          :value "1")))
   :snt12 (s12.o / obligate-01
                 :ARG1 (s12.y / you
                              :part (s12.h / hand)
                              :same-as s6.y)
                 :ARG2 (s12.p / put-01
                              :ARG0 s12.y
                              :ARG1 s12.h
                              :direction (s12.u / up))
                 :polarity "-")
   :snt13 (s13.r / rhetoric
                 :domain (s13.t / this
                                :same-as s11.q))
   :snt14 (s14.o / obligate-01
                 :ARG2 (s14.i / invent-01
                              :ARG0 (s14.p / person
                                           :name (s14.n / name
                                                        :op1 "Nikola"
                                                        :op2 "Tesla"))
                              :ARG1 (s14.c3 / current
                                            :ARG0-of (s14.p2 / power-01
                                                             :ARG1 (s14.l / light
                                                                          :location (s14.o2 / or
                                                                                            :op1 (s14.b / building
                                                                                                        :mod (s14.t / this))
                                                                                            :op2 (s14.c2 / city
                                                                                                         :location-of (s14.w / we)))))
                                            :ARG1-of (s14.a / alternate-01))
                              :ARG1-of (s14.c / cause-01
                                              :ARG0 (s14.a2 / amr-unknown))))
   :snt15 (s15.o / obligate-01
                 :ARG1 (s15.p / person
                              :name (s15.n / name
                                           :op1 "Henry"
                                           :op2 "Ford"))
                 :ARG1-of (s15.c2 / cause-01
                                  :ARG0 (s15.a / amr-unknown))
                 :ARG2 (s15.i / invent-01
                              :purpose (s15.p3 / produce-01
                                               :ARG0 s15.p
                                               :ARG1 (s15.c / car-make
                                                            :name (s15.n2 / name
                                                                          :op1 "Mondeo")
                                                            :ARG1-of (s15.c3 / come-01
                                                                             :ARG4 (s15.a2 / anything)
                                                                             :condition (s15.a3 / as-long-as
                                                                                                :op1 (s15.b / black-05
                                                                                                            :ARG1 s15.c)))
                                                            :mod (s15.t / this)))
                              :ARG0 s15.p
                              :ARG1 (s15.l / line
                                           :location-of (s15.p2 / produce-01))))
   :snt16 (s16.a2 / and
                  :op2 (s16.o / obligate-01
                              :ARG1-of (s16.c / cause-01
                                              :ARG0 (s16.a / amr-unknown))
                              :ARG2 (s16.i / invent-01
                                           :ARG0 (s16.p / person
                                                        :name (s16.n / name
                                                                     :op1 "Eric"
                                                                     :op2 "Merrifield"))
                                           :ARG1 (s16.d / dolt))))
   :snt17 (s17.s / stare-01
                 :ARG1-of (s17.b / blank-00))
   :snt18 (s18.a / and
                 :op1 (s18.l / look-02
                             :ARG0 (s18.d / dolt)
                             :ARG1 (s18.t / that))
                 :op2 (s18.p / possible-01
                             :ARG1 (s18.s / see-01
                                          :ARG0 (s18.y / you)
                                          :ARG1 (s18.i / island
                                                       :name (s18.n / name
                                                                    :op1 "Robben"
                                                                    :op2 "Island"))
                                          :location (s18.b / background))))
   :snt19 (s19.a / and
                 :op1 (s19.d / dolt
                             :domain (s19.t / this
                                            :same-as s18.t)
                             :mod (s19.s / small))
                 :op2 (s19.p / person
                             :name (s19.n / name
                                          :op1 "Eric"
                                          :op2 "Merrifield"
                                          :same-as s16.p)
                             :ARG0-of (s19.i / invent-01)
                             :ARG1-of (s19.h / have-degree-91
                                             :ARG2 (s19.f / fame-01
                                                          :ARG1 s19.p)
                                             :ARG3 (s19.m / most))
                             :ARG1-of (s19.h2 / hear-01
                                              :ARG0 (s19.y / you)
                                              :time (s19.e / ever)
                                              :polarity "-")))
   :snt20 (s20.a / and
                 :op1 (s20.r / rip-01
                             :ARG0 (s20.s2 / storm)
                             :ARG1 (s20.h / harbor
                                          :location (s20.t2 / town
                                                            :name (s20.n2 / name
                                                                          :op1 "East"
                                                                          :op2 "London")
                                                            :location (s20.c / country
                                                                             :name (s20.n / name
                                                                                          :op1 "South"
                                                                                          :op2 "Africa"))
                                                            :mod (s20.s / small)))
                             :time (s20.d / date-entity
                                          :year "1963"))
                 :op2 (s20.h2 / have-03
                              :ARG0 (s20.h4 / he
                                            :same-as s16.p)
                              :ARG1 (s20.i / idea
                                           :topic (s20.t / this))
                              :time (s20.w / watch-01
                                           :ARG0 s20.h4
                                           :ARG1 (s20.p2 / play-01
                                                         :ARG0 (s20.p / person
                                                                      :ARG0-of (s20.h3 / have-rel-role-91
                                                                                       :ARG1 s20.h4
                                                                                       :ARG2 (s20.k / kid)))
                                                         :ARG2 (s20.t3 / toy
                                                                       :ARG1-of (s20.m / make-01
                                                                                       :ARG2 (s20.b / bone
                                                                                                    :example (s20.d2 / dolosse)
                                                                                                    :part-of (s20.o / oxen))))))))
   :snt21 (s21.a / and
                 :op1 (s21.r / resemble-01
                             :ARG1 (s21.i / it
                                          :same-as s20.t)
                             :ARG2 (s21.j / jack
                                          :purpose (s21.j2 / jump-03)
                                          :mod (s21.h2 / huge))
                             :degree (s21.b / bit))
                 :op2 (s21.u / use-01
                             :ARG0 (s21.t / they)
                             :ARG1 s21.j
                             :ARG2 (s21.b2 / breakwater)
                             :location (s21.h / harbor
                                              :location (s21.w / world
                                                               :same-as s9.w)
                                              :mod (s21.e / every))))
   :snt22 (s22.p / possible-01
                 :ARG1 (s22.e / economy
                              :mod (s22.s / ship-01)
                              :mod (s22.g / globe))
                 :condition (s22.t / technology
                                   :ARG1-of (s22.r / resemble-01
                                                   :ARG2 (s22.t2 / this))
                                   :mod (s22.c / continent
                                               :name (s22.n / name
                                                            :op1 "Africa"))
                                   :polarity "-")
                 :polarity "-")
   :snt23 (s23.c / cause-01
                 :ARG1 (s23.a / and
                              :op1 (s23.o / obligate-01
                                          :ARG1 (s23.y / you)
                                          :ARG2 (s23.p3 / put-up-11
                                                        :ARG0 s23.y
                                                        :ARG1 (s23.p2 / picture-01
                                                                      :ARG1 (s23.w / world
                                                                                   :same-as s9.w)
                                                                      :ARG2 (s23.c3 / continent
                                                                                    :ARG1-of (s23.d / dark-02))
                                                                      :mod (s23.t2 / this)
                                                                      :source (s23.s / space)))
                                          :time (s23.t / talk-01
                                                       :ARG0 s23.y
                                                       :ARG1 (s23.c2 / continent
                                                                     :name (s23.n / name
                                                                                  :op1 "Africa")
                                                                     :same-as s9.c4)
                                                       :mod (s23.a2 / any)))
                              :op2 (s23.g / go-23
                                          :ARG0 (s23.p / person)
                                          :ARG1 (s23.l / look-01
                                                       :ARG0 s23.p
                                                       :ARG1 s23.c2
                                                       :mode "imperative"))))
   :snt24 (s24.h / have-polarity-91
                 :ARG1-of (s24.a / actual-02)
                 :ARG2 "-")
   :snt25 (s25.m / map
                 :domain (s25.i2 / it
                                 :same-as s9.c4)
                 :mod (s25.i / innovate-01))
   :snt26 (s26.a / and
                 :op2 (s26.s / see-01
                             :ARG1 (s26.t / thing
                                          :location-of (s26.g / go-on-15
                                                              :ARG1 (s26.i / innovate-01)))
                             :ARG1-of (s26.e / easy-05
                                             :degree (s26.r / really))))
   :snt27 (s27.h2 / have-polarity-91
                  :ARG1 (s27.i / it
                               :same-as s26.i)
                  :location (s27.p / place
                                   :ARG0-of (s27.h / have-03
                                                   :ARG1 (s27.e / electricity
                                                                :quant (s27.l / lot)))
                                   :mod (s27.a / all))
                  :ARG2 "-")
   :snt28 (s28.a / and
                 :op2 (s28.c / cause-01
                             :ARG0 (s28.o / or
                                          :op1 (s28.w / watch-01
                                                      :ARG0 (s28.e / everybody)
                                                      :ARG1 (s28.t / television))
                                          :op2 (s28.p / play-01
                                                      :ARG0 s28.e
                                                      :ARG1 (s28.g / game
                                                                   :name (s28.n / name
                                                                                :op1 "Angry"
                                                                                :op2 "Birds"))))
                             :ARG1 (s28.i / it
                                          :polarity "-"
                                          :same-as s26.i)))
   :snt29 (s29.b / be-located-at-91
                 :ARG1 (s29.i / it
                              :same-as s26.i)
                 :ARG2 (s29.c / continent
                              :name (s29.n / name
                                           :op1 "Africa")
                              :same-as s9.c4))
   :snt30 (s30.c / contrast-01
                 :ARG1 (s30.i / innovate-01
                              :ARG1-of (s30.r / real-04)
                              :domain (s30.t2 / this))
                 :ARG2 (s30.w / way
                              :manner-of (s30.e / expropriate-00
                                                :purpose (s30.t / talk-01
                                                                :ARG0 (s30.p / person)
                                                                :ARG1 (s30.l / launch-01
                                                                             :ARG1 (s30.p2 / product
                                                                                           :ARG1-of (s30.n / new-01))))
                                                :ARG0 s30.p
                                                :ARG1 (s30.w2 / word))
                              :polarity "-")
                 :time (s30.n2 / now))
   :snt31 (s31.a / and
                 :op1 (s31.i2 / innovate-01
                              :ARG1-of (s31.r / real-04)
                              :domain (s31.t / this
                                             :same-as s30.t2))
                 :op2 (s31.d / define-01
                             :ARG0 (s31.i / i
                                          :same-as s2.i)
                             :ARG1 s31.i2
                             :ARG2 (s31.s / solve-01
                                          :ARG1 (s31.p / problem))))
   :snt32 (s32.s / solve-01
                 :ARG0 (s32.p / person)
                 :ARG1 (s32.p2 / problem
                               :ARG1-of (s32.r / real-04))
                 :location (s32.c / continent
                                  :name (s32.n / name
                                               :op1 "Africa")
                                  :same-as s9.c4))
   :snt33 (s33.c / cause-01
                 :ARG0 (s33.a / amr-unknown))
   :snt34 (s34.c / cause-01
                 :ARG0 (s34.o / obligate-01
                              :ARG1 (s34.w / we
                                           :same-as s32.p)))
   :snt35 (s35.c / cause-01
                 :ARG0 (s35.h / have-03
                              :ARG0 (s35.w / we
                                           :same-as s32.p)
                              :ARG1 (s35.p / problem
                                           :ARG1-of (s35.r / real-04))))
   :snt36 (s36.a / and
                 :op2 (s36.s3 / solve-01
                              :ARG0 (s36.w / we)
                              :ARG1 (s36.p2 / problem
                                            :ARG1-of (s36.r / real-04))
                              :beneficiary (s36.r2 / rest
                                                   :part-of (s36.w2 / world
                                                                    :same-as s9.w))
                              :time (s36.s2 / solve-01
                                            :ARG0 s36.w
                                            :ARG1 s36.p2
                                            :beneficiary (s36.p / person))
                              :time (s36.t / time
                                           :ARG1-of (s36.s / same-01))))
   :snt37 (s37.i / infer-01
                 :ARG1 (s37.a / and
                              :op1 (s37.e2 / excite-01
                                           :ARG0 (s37.s3 / square
                                                         :ARG1-of (s37.p4 / plug-in-03
                                                                          :ARG0 (s37.y / you)
                                                                          :ARG2 (s37.p2 / phone))
                                                         :consist-of (s37.p3 / plastic)
                                                         :mod (s37.l2 / little))
                                           :ARG1 (s37.e / everybody)
                                           :degree (s37.r / really)
                                           :location (s37.s4 / state
                                                             :name (s37.n / name
                                                                          :op1 "California")))
                              :op2 (s37.p6 / possible-01
                                           :ARG1 (s37.s5 / swipe-01
                                                         :ARG0 s37.y
                                                         :ARG1 (s37.c / card
                                                                      :mod (s37.c2 / credit)
                                                                      :poss s37.y)))
                              :op3 (s37.s / say-01
                                          :ARG0 (s37.p / person)
                                          :ARG1 (s37.l / liberate-01
                                                       :ARG0 (s37.w / we)
                                                       :ARG1 s37.c
                                                       :source (s37.p5 / point
                                                                       :mod (s37.t / terminal
                                                                                   :mod (s37.s2 / sell-01)))))))
   :snt38 (s38.f / fantastic-02)
   :snt39 (s39.n / need-01
                 :ARG0 (s39.y / you)
                 :ARG1 (s39.c / card
                              :mod (s39.c3 / credit))
                 :ARG1-of (s39.c2 / cause-01
                                  :ARG0 (s39.a / amr-unknown))
                 :mod (s39.e / even))
   :snt40 (s40.a / and
                 :location (s40.c / continent
                                  :name (s40.n / name
                                               :op1 "Africa")
                                  :same-as s9.c4)
                 :op1 (s40.d / do-02
                             :ARG0 (s40.w / we)
                             :ARG1 (s40.t2 / that)
                             :duration (s40.m / multiple
                                              :op1 (s40.t / temporal-quantity
                                                          :unit (s40.y / year)
                                                          :quant "1")))
                 :op2 (s40.d2 / do-02
                              :ARG0 s40.w
                              :ARG1 s40.t2
                              :instrument (s40.p / phone
                                                 :ARG1-of (s40.r / resemble-01
                                                                 :ARG2 (s40.t3 / this)))))
   :snt41 (s41.a2 / and
                  :op1 (s41.p3 / picture
                               :ARG1-of (s41.t / take-01
                                               :ARG0 (s41.i / i
                                                            :same-as s2.i)
                                               :location (s41.p5 / place
                                                                 :name (s41.n / name
                                                                              :op1 "Kitengela")
                                                                 :location (s41.r / relative-position
                                                                                  :quant (s41.a / about
                                                                                                :op1 (s41.t2 / temporal-quantity
                                                                                                             :unit (s41.h / hour)
                                                                                                             :quant "1"))
                                                                                  :direction (s41.s2 / south)
                                                                                  :op1 (s41.c / city
                                                                                              :name (s41.n2 / name
                                                                                                            :op1 "Nairobi")))))
                               :mod (s41.t3 / this))
                  :op2 (s41.r2 / remarkable-02
                               :ARG1 (s41.w / work-09
                                            :ARG1 (s41.s3 / system
                                                          :name (s41.n4 / name
                                                                        :op1 "US")
                                                          :ARG1-of (s41.p4 / pioneer-01
                                                                           :location (s41.c2 / continent
                                                                                             :name (s41.n3 / name
                                                                                                           :op1 "Africa")
                                                                                             :same-as s9.c4))
                                                          :mod (s41.p / pay-01))
                                            :ARG2 (s41.p2 / phone
                                                          :ARG1-of (s41.r3 / resemble-01
                                                                           :ARG2 (s41.t4 / this
                                                                                         :same-as s40.t3))))
                               :degree (s41.s / so)
                               :topic s41.s3))
   :snt42 (s42.w / work-09
                 :ARG1 (s42.i / it
                              :same-as s41.s3)
                 :ARG1-of (s42.c / cause-01
                                 :ARG0 (s42.u / use-01
                                              :ARG0 s42.i
                                              :ARG1 (s42.p3 / product
                                                            :name (s42.n / name
                                                                         :op1 "SMS"))))
                 :ARG2 (s42.p / phone
                              :ARG1-of (s42.s / single-02)
                              :ARG1-of (s42.p2 / possible-01)
                              :mod (s42.e / every)))
   :snt43 (s43.a / and
                 :op1 (s43.p5 / possible-01
                              :ARG1 (s43.p / pay-01
                                           :ARG0 (s43.y / you)
                                           :ARG2 (s43.i2 / it
                                                         :same-as s41.s3)
                                           :ARG3 (s43.b / bill-01)))
                 :op2 (s43.p6 / possible-01
                              :ARG1 (s43.b3 / buy-01
                                            :ARG0 s43.y
                                            :ARG1 (s43.g / grocery
                                                         :poss s43.y)))
                 :op3 (s43.p7 / possible-01
                              :ARG1 (s43.p2 / pay-01
                                            :ARG0 s43.y
                                            :ARG3 (s43.f / fee
                                                         :mod (s43.s / school
                                                                     :poss (s43.p3 / person
                                                                                   :ARG0-of (s43.h2 / have-rel-role-91
                                                                                                    :ARG1 s43.y
                                                                                                    :ARG2 (s43.k / kid)))))))
                 :op4 (s43.t / tell-01
                             :ARG1 (s43.p8 / possible-01
                                           :ARG1 (s43.b2 / bribe-01
                                                         :ARG0 s43.y
                                                         :ARG1 (s43.p4 / person
                                                                       :ARG0-of (s43.h / have-org-role-91
                                                                                       :ARG1 (s43.c / customs)
                                                                                       :ARG2 (s43.o / official))))
                                           :mod (s43.e / even))
                             :ARG2 (s43.i / i
                                          :same-as s2.i)))
   :snt44 (s44.t2 / transact-01
                  :frequency (s44.r / rate-entity-91
                                    :ARG1 (s44.r2 / resemble-01
                                                  :ARG2 (s44.m / monetary-quantity
                                                               :unit (s44.d2 / dollar)
                                                               :quant "25000000000"))
                                    :ARG2 (s44.t / temporal-quantity
                                                 :unit (s44.d / day)
                                                 :quant "1"))
                  :path (s44.l / law
                               :name (s44.n / name
                                            :op1 "US"))
                  :path (s44.p / paper
                               :same-as s41.s3))
   :snt45 (s45.m2 / move-01
                  :ARG1 (s45.p3 / product
                                :ARG1-of (s45.i / include-91
                                                :ARG2 (s45.p4 / product
                                                              :ARG1-of (s45.g / gross-03)
                                                              :mod (s45.c / country
                                                                          :name (s45.n / name
                                                                                       :op1 "Kenya"))
                                                              :mod (s45.d2 / domestic))
                                                :ARG3 (s45.p / percentage-entity
                                                             :value "40")))
                  :manner (s45.u / use-01
                                 :ARG1 (s45.p2 / phone
                                               :ARG1-of (s45.r / resemble-01
                                                               :ARG2 (s45.t / this
                                                                            :same-as s40.t3))))
                  :path (s45.m3 / multiple
                                :op1 (s45.m / monetary-quantity
                                            :unit (s45.d / dollar)
                                            :quant "1000000")
                                :same-as s41.s3))
   :snt46 (s46.a / and
                 :op2 (s46.t / think-01
                             :ARG0 (s46.y / you)
                             :ARG1 (s46.p / phone
                                          :domain (s46.t2 / this
                                                          :same-as s20.t)
                                          :mod (s46.f / feature)
                                          :mod (s46.j / just))))
   :snt47 (s47.s / smartphone
                 :ARG1-of (s47.a / actual-02)
                 :domain (s47.i / it
                                :same-as s20.t)
                 :poss (s47.c / continent
                              :name (s47.n / name
                                           :op1 "Africa")
                              :same-as s9.c4))
   :snt48 (s48.a3 / and
                  :op1 (s48.r / radio
                              :mod (s48.a / also))
                  :op2 (s48.t / torch
                              :domain (s48.i / it
                                             :same-as s20.t)
                              :mod (s48.a2 / also))
                  :op3 (s48.h / have-03
                              :ARG0 s48.i
                              :ARG1 (s48.l / live-01
                                           :ARG1 (s48.b / battery)
                                           :mod (s48.s / superb
                                                       :ARG1-of (s48.r2 / real-04)))
                              :ARG1-of (s48.h2 / have-quant-91
                                               :ARG3 (s48.m / more)
                                               :ARG4 (s48.a4 / anything
                                                             :mod (s48.e / else)))))
   :snt49 (s49.c / cause-01
                 :ARG0 (s49.a / amr-unknown))
   :snt50 (s50.c / cause-01
                 :ARG0 (s50.n / need-01
                              :ARG0 (s50.w / we)
                              :ARG1 (s50.t / that
                                           :same-as s48.l)))
   :snt51 (s51.h / have-03
                 :ARG0 (s51.w / we)
                 :ARG1 (s51.p / problem
                              :mod (s51.s / severe
                                          :degree (s51.r / really))
                              :topic (s51.e / energy))
                 :location (s51.c / continent
                                  :name (s51.n / name
                                               :op1 "Africa")
                                  :same-as s9.c4))
   :snt52 (s52.p2 / possible-01
                  :ARG1 (s52.a / and
                               :op1 (s52.u / update-01
                                           :ARG0 (s52.y / you)
                                           :ARG1 (s52.p4 / publication
                                                         :name (s52.n / name
                                                                      :op1 "Facebook")))
                               :op2 (s52.s / send-01
                                           :ARG0 s52.y
                                           :ARG1 (s52.p3 / product
                                                         :name (s52.n2 / name
                                                                       :op1 "Gmail")))
                               :source (s52.p / phone
                                              :ARG1-of (s52.r / resemble-01
                                                              :ARG2 (s52.t / this
                                                                           :same-as s20.t))))
                  :mod (s52.b / by-the-way))
   :snt53 (s53.c / cause-01
                 :ARG1 (s53.f / find-01
                              :ARG0 (s53.w2 / we)
                              :ARG1 (s53.w / way
                                           :manner-of (s53.u / use-01
                                                             :ARG0 s53.w2
                                                             :ARG1 (s53.t / technology
                                                                          :ARG2-of (s53.a2 / available-02)
                                                                          :mod (s53.s2 / system
                                                                                       :purpose (s53.c2 / check-01)
                                                                                       :ARG1-of (s53.r / resemble-01
                                                                                                       :mod (s53.b / bit))
                                                                                       :time (s53.a / age
                                                                                                    :mod (s53.m / mobile-02))))
                                                             :ARG2 (s53.s / send-01
                                                                          :ARG0 s53.w2
                                                                          :ARG1 (s53.m2 / money)
                                                                          :op1 (s53.p / paper
                                                                                      :same-as s41.s3)
                                                                          :path (s53.p2 / product
                                                                                        :name (s53.n / name
                                                                                                     :op1 "Republican")))))))
   :snt54 (s54.c2 / come-01
                  :ARG1 (s54.i / i
                               :same-as s2.i)
                  :ARG3 (s54.c / city
                               :name (s54.n / name
                                            :op1 "Johannesburg")
                               :mod (s54.t / town
                                           :mod (s54.m / mine-01))))
   :snt55 (s55.b / build-01
                 :ARG1 (s55.i / it
                              :same-as s54.c)
                 :ARG2 (s55.g / gold))
   :snt56 (s56.p / picture
                 :ARG1-of (s56.t2 / tweet-02
                                  :ARG0 (s56.i / i
                                               :same-as s2.i)
                                  :time (s56.b / before
                                               :op1 (s56.n / now)))
                 :domain (s56.t / this))
   :snt57 (s57.a / and
                 :op2 (s57.d / differ-02
                             :ARG3 (s57.m / mobile-02
                                          :ARG1 (s57.g / gold
                                                       :time (s57.t / today)
                                                       :same-as s55.g))))
   :snt58 (s58.h / have-condition-91
                 :ARG2 (s58.t3 / think-01
                               :ARG0 (s58.y / you)
                               :ARG1 (s58.a / and
                                            :op1 (s58.s2 / system
                                                         :location (s58.c3 / continent
                                                                           :name (s58.n / name
                                                                                        :op1 "North"
                                                                                        :op2 "America"))
                                                         :mod (s58.r / railroad))
                                            :op2 (s58.t2 / thing
                                                         :manner-of (s58.w / work-01
                                                                           :ARG1 s58.s2))
                                            :op2 (s58.a2 / and
                                                         :op1 (s58.c / come-01
                                                                     :ARG1 (s58.i2 / infrastructure
                                                                                   :same-as s58.s2)
                                                                     :ord (s58.o / ordinal-entity
                                                                                 :value "1"))
                                                         :op2 (s58.c2 / come-01
                                                                      :ARG1 (s58.i / industry
                                                                                   :location (s58.a4 / around
                                                                                                     :op1 s58.i2))
                                                                      :time (s58.t / then))
                                                         :op3 (s58.b3 / brothel))
                                            :op4 (s58.r3 / resemble-01
                                                         :ARG1 (s58.i4 / it)
                                                         :ARG1-of (s58.r2 / request-confirmation-91)
                                                         :ARG2 (s58.i3 / internet
                                                                       :time (s58.t4 / today
                                                                                     :same-as s57.t))
                                                         :degree (s58.b2 / bit))
                                            :op5 (s58.e3 / everything
                                                         :ARG0-of (s58.w2 / work-01
                                                                          :ARG3 s58.i4)
                                                         :example (s58.a3 / and
                                                                          :op1 (s58.b / bar)
                                                                          :op2 (s58.s / salon)
                                                                          :op3 (s58.e2 / et-cetera))
                                                         :mod (s58.e / else)))))
   :snt59 (s59.a2 / and
                  :op1 (s59.m2 / mobile-02
                               :ARG1 (s59.g / gold
                                            :time (s59.t2 / today
                                                          :same-as s57.t)
                                            :same-as s55.g))
                  :op2 (s59.p / person
                              :ARG0-of (s59.e / enable-01)
                              :ARG0-of (s59.m / make-02
                                              :ARG1 (s59.p2 / possible-01
                                                            :ARG1 (s59.t / this
                                                                         :mod (s59.a / all))))))
   :snt60 (s60.a / and
                 :mod (s60.w / well)
                 :op1 (s60.b / be-from-91
                             :ARG1 (s60.t4 / this)
                             :ARG2 (s60.g / guy
                                          :name (s60.n / name
                                                       :op1 "Bright"
                                                       :op2 "Simons")
                                          :source (s60.c2 / country
                                                          :name (s60.n2 / name
                                                                        :op1 "Ghana"))))
                 :op2 (s60.t / take-01
                             :ARG0 (s60.y / you)
                             :ARG1 (s60.m / medication
                                          :ARG2-of (s60.s5 / spend-01
                                                           :ARG0 (s60.p / person
                                                                        :mod (s60.s4 / some))
                                                           :ARG1 (s60.s / salary
                                                                        :mod (s60.m2 / month
                                                                                     :mod (s60.e / entire))
                                                                        :poss s60.p)
                                                           :ARG1-of (s60.p3 / possible-01))))
                 :op3 (s60.s2 / scratch-02
                              :ARG0 s60.y
                              :ARG1 (s60.c / code))
                 :op4 (s60.s3 / send-01
                              :ARG0 s60.y
                              :ARG1 (s60.t3 / that
                                            :same-as s60.c)
                              :ARG2 (s60.n3 / number
                                            :ARG0-of (s60.t2 / tell-01
                                                             :ARG1 (s60.o / or
                                                                          :op1 (s60.l / legitimate-02
                                                                                      :ARG1 s60.m)
                                                                          :op2 (s60.e2 / expire-01
                                                                                       :ARG1 s60.m))
                                                             :ARG2 s60.y)
                                            :mod (s60.p2 / phone-number-entity
                                                         :value "SMS"))))
   :snt61 (s61.a / and
                 :op1 (s61.s2 / simple-02
                              :degree (s61.r / really)
                              :degree (s61.r3 / really))
                 :op2 (s61.e / effective-04
                             :degree (s61.r2 / really))
                 :op3 (s61.s / save-02
                             :ARG1 (s61.l / live-01)
                             :degree s61.a))
   :snt62 (s62.s2 / service
                  :name (s62.n2 / name
                                :op1 "iCow")
                  :ARG0-of (s62.s / send-01
                                  :ARG1 (s62.i2 / information
                                                :ARG1-of (s62.i / important-01
                                                                :degree (s62.r / really))
                                                :topic (s62.t / thing
                                                              :manner-of (s62.l / look-after-07
                                                                                :ARG0 (s62.y / you)
                                                                                :ARG1 (s62.d / dairy
                                                                                             :poss s62.y))))
                                  :ARG2 s62.y
                                  :mod (s62.j / just))
                  :location (s62.c / country
                                   :name (s62.n / name
                                                :op1 "Kenya")
                                   :same-as s45.c))
   :snt63 (s63.a2 / and
                  :op1 (s63.b2 / business
                               :domain (s63.b / business
                                              :location (s63.c / country
                                                               :name (s63.n / name
                                                                            :op1 "Kenya")
                                                               :same-as s45.c)
                                              :mod (s63.d / dairy))
                               :mod (s63.m2 / monetary-quantity
                                            :unit (s63.d4 / dollar)
                                            :quant "11630000000"))
                  :op2 (s63.d3 / differ-02
                               :ARG1 (s63.p / person
                                            :ARG0-of (s63.f / farm-01
                                                            :mod (s63.s / subsistence)))
                               :ARG2 (s63.p2 / person
                                             :ARG0-of (s63.f2 / farm-01
                                                              :ARG1 (s63.a / abundance)))
                               :ARG3 (s63.m / milk
                                            :quant (s63.c2 / couple
                                                           :mod (s63.o / only)
                                                           :op1 (s63.v / volume-quantity
                                                                       :unit (s63.l / liter)
                                                                       :quant "1"))
                                            :ARG1-of (s63.r / rate-entity-91
                                                            :ARG2 (s63.t / temporal-quantity
                                                                         :unit (s63.d2 / day)
                                                                         :quant "1")))))
   :snt64 (s64.a / and
                 :op2 (s64.p3 / possible-01
                              :ARG1 (s64.r / rise-01
                                           :ARG1 (s64.y / you)
                                           :ARG4 (s64.o / out-06
                                                        :ARG1 s64.y
                                                        :ARG2 (s64.p / poor)))
                              :condition (s64.p2 / possible-01
                                                 :ARG1 (s64.d / do-02
                                                              :ARG0 s64.y
                                                              :ARG1 (s64.t / that)))))
   :snt65 (s65.s / simple-02
                 :ARG1 (s65.u / use-01
                              :ARG1 (s65.p / phone
                                           :mod (s65.b / basic)))
                 :degree (s65.r / really))
   :snt66 (s66.p / problem
                 :condition (s66.h / have-03
                                   :ARG0 (s66.y / you)
                                   :ARG1 (s66.e / electricity)
                                   :polarity "-")
                 :polarity "-")
   :snt67 (s67.m / make-01
                 :ARG0 (s67.w / we)
                 :ARG1 (s67.i / it)
                 :ARG2 (s67.p / part
                              :mod (s67.o / old)
                              :part-of (s67.b / bicycle))
                 :manner (s67.u / use-01
                                :ARG0 s67.w
                                :ARG1 (s67.w2 / windmill)
                                :ARG1-of (s67.r / resemble-01
                                                :ARG2 (s67.d / do-02
                                                             :ARG0 (s67.p2 / person
                                                                           :name (s67.n / name
                                                                                        :op1 "William"
                                                                                        :op2 "Kamkwamba")))))
                 :mod (s67.j / just))
   :snt68 (s68.h / hear-01
                 :ARG0 (s68.y / you)
                 :ARG1 (s68.p / person
                              :ARG1-of (s68.b / busy-01
                                              :ARG2 (s68.d / disrupt-01
                                                           :ARG0 s68.p
                                                           :ARG1 (s68.i / industry
                                                                        :location (s68.w / world
                                                                                         :same-as s9.w)
                                                                        :mod (s68.a2 / automobile))))
                              :mod (s68.g / great)
                              :mod (s68.a / another)
                              :mod (s68.c / continent
                                          :name (s68.n / name
                                                       :op1 "Africa"))))
   :snt69 (s69.a3 / and
                  :op1 (s69.f / find-01
                              :ARG0 (s69.h / he
                                           :same-as s68.h)
                              :ARG1 (s69.w / way
                                           :manner-of (s69.r / reinvent-01
                                                             :ARG0 s69.h
                                                             :ARG1 (s69.a2 / and
                                                                           :op1 (s69.p2 / power-01
                                                                                        :ARG0 (s69.s / sun))
                                                                           :op2 (s69.i2 / industry
                                                                                        :location (s69.c / continent
                                                                                                         :name (s69.n / name
                                                                                                                      :op1 "North"
                                                                                                                      :op2 "America")
                                                                                                         :same-as s58.c3)
                                                                                        :mod (s69.e / electricity)))))
                              :mod (s69.a / also))
                  :op2 (s69.g / get-05
                              :ARG0 s69.h
                              :ARG1 (s69.w2 / we)
                              :ARG1-of (s69.h2 / hopeful-03)
                              :ARG2 (s69.p / planet
                                           :name (s69.n2 / name
                                                         :op1 "Mars"))
                              :condition (s69.l2 / lucky
                                                 :domain s69.h)
                              :time (s69.l / live-01
                                           :ARG0 (s69.i / i
                                                        :same-as s2.i))))
   :snt70 (s70.c3 / come-01
                  :ARG1 (s70.h2 / he
                                :same-as s68.h)
                  :ARG3 (s70.c2 / city
                                :name (s70.n / name
                                             :op1 "Pretoria")
                                :ARG0-of (s70.h / have-org-role-91
                                                :ARG1 (s70.c4 / country
                                                              :name (s70.n2 / name
                                                                            :op1 "South"
                                                                            :op2 "Africa"))
                                                :ARG2 (s70.c / capital))
                                :location (s70.r / relative-position
                                                 :quant (s70.a / about
                                                               :op1 (s70.d / distance-quantity
                                                                           :unit (s70.k / kilometer)
                                                                           :quant "50"))
                                                 :op1 (s70.t / thing
                                                             :location-of (s70.l / live-01
                                                                                 :ARG0 (s70.i / i
                                                                                              :same-as s2.i))))))
   :snt71 (s71.b / back-02
                 :ARG4 (s71.c2 / city
                               :name (s71.n / name
                                            :op1 "Joburg")
                               :ARG1-of (s71.c / call-01
                                               :ARG2 (s71.n2 / name
                                                             :ARG1-of (s71.m / mean-01
                                                                             :ARG2 (s71.c3 / city
                                                                                           :name (s71.n3 / name
                                                                                                         :op1 "City"
                                                                                                         :op2 "of"
                                                                                                         :op3 "Gold")))
                                                             :op1 "Egoli")
                                               :frequency (s71.s / sometimes))
                               :same-as s54.c))
   :snt72 (s72.a / and
                 :op1 (s72.m / mobile-02
                             :ARG1 (s72.g / gold
                                          :time (s72.t / today
                                                       :same-as s57.t)
                                          :same-as s55.g))
                 :op2 (s72.b2 / believe-01
                              :ARG0 (s72.i / i
                                           :same-as s2.i)
                              :ARG1 (s72.b / be-located-at-91
                                           :ARG1 s72.g
                                           :ARG2 (s72.u / under
                                                        :op1 (s72.g2 / ground)))
                              :polarity "-"))
   :snt73 (s73.b / believe-01
                 :ARG0 (s73.i / i
                              :same-as s2.i)
                 :ARG1 (s73.g / gold
                              :domain (s73.w / we)))
   :snt74 (s74.a / and
                 :ARG1-of (s74.r / resemble-01
                                 :ARG2 (s74.s / say-01
                                              :ARG0 (s74.e / economist
                                                           :mod (s74.o / other))
                                              :ARG1-of (s74.h / hear-01
                                                              :ARG0 (s74.y2 / you))))
                 :op1 (s74.b / be-located-at-91
                             :ARG1 (s74.w / we
                                          :same-as s73.w)
                             :ARG2 (s74.p / point
                                          :location (s74.c / country
                                                           :name (s74.n / name
                                                                        :op1 "China"))
                                          :time (s74.b2 / begin-01
                                                        :ARG1 (s74.y / year
                                                                     :time-of (s74.b3 / boom-02
                                                                                      :ARG0 s74.c)))))
                 :op2 (s74.g / go-02
                             :ARG0 s74.w
                             :ARG4 s74.p))
   :snt75 (s75.i / infer-01
                 :ARG1 (s75.h / hear-01
                              :ARG0 (s75.y / you)
                              :ARG1 (s75.t / talk-01
                                           :ARG0 (s75.w / world-region
                                                        :name (s75.n / name
                                                                     :op1 "West"))
                                           :ARG1 (s75.i2 / innovate-01
                                                         :location (s75.e / edge)))))
   :snt76 (s76.c / cause-01
                 :ARG0 (s76.o2 / or
                               :op1 (s76.u2 / update-01
                                            :ARG0 (s76.e2 / everybody)
                                            :ARG1 (s76.p2 / publication
                                                          :name (s76.n / name
                                                                       :op1 "Facebook")
                                                          :same-as s52.p4)
                                            :location (s76.m / middle))
                               :op2 (s76.t2 / try-01
                                            :ARG0 (s76.t / they
                                                         :same-as s76.e2)
                                            :ARG1 (s76.u / understand-01
                                                         :ARG0 s76.t
                                                         :ARG1 (s76.s / set-02
                                                                      :ARG0 s76.p2
                                                                      :ARG1 (s76.p / private-02
                                                                                   :ARG1 s76.p2)))
                                            :ARG1-of (s76.h / have-degree-91
                                                            :ARG2 (s76.b / bad-02
                                                                         :ARG1 s76.t2
                                                                         :mod (s76.s2 / still))
                                                            :ARG3 (s76.m2 / more))))
                 :ARG1 (s76.b2 / be-located-at-91
                               :ARG1 (s76.i / it
                                            :same-as s75.i2)
                               :ARG2 (s76.e / edge
                                            :same-as s75.e)
                               :mod (s76.o / of-course)
                               :mod (s76.w / well)))
   :snt77 (s77.c / catchphrase
                 :domain (s77.t / this)
                 :mod (s77.c2 / catchy
                              :polarity "-"))
   :snt78 (s78.i / innovate-01
                 :domain (s78.t / this
                                :same-as s77.t)
                 :manner (s78.o / over
                                :op1 (s78.e / edge)))
   :snt79 (s79.c5 / contrast-01
                  :ARG1 (s79.l / like-01
                               :ARG0 (s79.p / person)
                               :ARG1 (s79.c / call-01
                                            :ARG0 s79.p
                                            :ARG1 (s79.c3 / continent
                                                          :name (s79.n / name
                                                                       :op1 "Africa")
                                                          :same-as s9.c4)
                                            :ARG2 (s79.c4 / continent
                                                          :ARG1-of (s79.m / mobile-02)
                                                          :ord (s79.o2 / ordinal-entity
                                                                       :value "1"))))
                  :ARG2 (s79.m2 / mobile-02
                                :ARG0-of (s79.c2 / cause-01
                                                 :ARG1 (s79.s / solve-01
                                                              :ARG0 (s79.w / we
                                                                           :same-as s73.w)
                                                              :ARG1 (s79.p2 / problem
                                                                            :poss (s79.w2 / world
                                                                                          :same-as s9.w))
                                                              :time (s79.d / do-02
                                                                           :ARG0 (s79.e2 / everybody
                                                                                         :mod (s79.e / else))
                                                                           :ARG1 (s79.t2 / thing
                                                                                         :mod (s79.t / that)
                                                                                         :mod (s79.a2 / all)))))
                                :ARG1 s79.c3
                                :ARG1-of (s79.a / actual-02)
                                :mod (s79.o / only)))
   :snt80 (s80.c / cause-01
                 :ARG1 (s80.l / leave-17
                              :ARG1 (s80.t / thing
                                           :ARG1-of (s80.s / say-01)
                                           :mod (s80.o / only)
                                           :quant "1")))
   :snt81 (s81.w / welcome-01
                 :ARG1 (s81.y / you
                              :same-as s2.i)))

