# ::id doc-652
# ::doc_file doc-652
# ::tok http : / / www . ted . com / talks / bart_knols_cheese_dogs_and_pills_to_end_malaria< / url> <next_sent> Gotcha . <next_sent> Mosquitos . <next_sent> I hate them . <next_sent> Do n't you ? <next_sent> That awful buzzing sound at night around your ears that drives you absolutely crazy ? <next_sent> Knowing that she wants to stick a needle in your skin and suck out your blood ? <next_sent> That 's awful , right ? <next_sent> In fact , there 's only one good thing I can think of when it gets to mosquitos . <next_sent> When they fly into our bedroom at night , they prefer to bite my wife . <next_sent> But that 's fascinating , right ? <next_sent> Why does she receive more bites than I do ? <next_sent> And the answer is smell , the smell of her body . <next_sent> And since we all smell different and produce chemicals on our skin that either attract or repel mosquitos , some of us are just more attractive than others . <next_sent> So my wife smells nicer than I do , or I just stink more than she does . <next_sent> Either way , mosquitos find us in the dark by sniffing us out . <next_sent> They smell us . <next_sent> And during my Ph . D , I wanted to know exactly what chemicals from our skin mosquitos used , African malarial mosquitos use to track us down at night . <next_sent> And there 's a whole range of compounds that they do use . <next_sent> And this was not going to be an easy task . <next_sent> And therefore , we set up various experiments . <next_sent> Because half the world 's population runs the risk of contracting a killer disease like malaria through a simple mosquito bite . <next_sent> Every 30 seconds , somewhere on this planet , a child dies of malaria , and Paul Levy this morning , he was talking about the metaphor of the 727 crashing into the United States . <next_sent> Well , in Africa , we have the equivalent of seven jumbo 747 s crashing every day . <next_sent> But perhaps if we can attract these mosquitos to traps , bait it with our smell , we may be able to stop transmission of disease . <next_sent> Now solving this puzzle was not an easy thing , because we produce hundreds of different chemicals on the skin , but we undertook some remarkable experiments that managed us to resolve this puzzle very quickly indeed . <next_sent> First , we observed that not all mosquito species bite on the same part of the body . <next_sent> Strange . <next_sent> So we set up an experiment whereby we put a naked volunteer in a large cage , and in that cage we released mosquitos to see where they were biting on the body of that person . <next_sent> And we found some remarkable differences . <next_sent> On the left here you see the bites by the Dutch malarial mosquito on this person . <next_sent> They had a very strong preference for biting on the face . <next_sent> In contrast , the African malarial mosquito had a very strong preference for biting the ankles and feet of this person , and that of course we should have known all along because they 're called mosqui - toes , you see ? <next_sent> That 's right . <next_sent> And so we started focusing on the smell of feet , on the smell of human feet , until we came across a remarkable statement in the literature that said that cheese smells after feet rather than the reverse . <next_sent> Think of it . <next_sent> And this triggered us to do a remarkable experiment . <next_sent> We tried , with a tiny little piece of Limburger cheese , which smells badly after feet , to attract African malaria mosquitos . <next_sent> And you know what ? It worked . <next_sent> In fact , it worked so well that now we have a synthetic mixture of the aroma of Limburger cheese that we 're using in Tanzania and has been shown there to be two to three times more attractive to mosquitos than humans . <next_sent> Limburg , be proud of your cheese , as it is now used in the fight against malaria . <next_sent> That 's the cheese , just to show you . <next_sent> My second story is remarkable as well . <next_sent> It 's about man 's best friend . <next_sent> It 's about dogs . <next_sent> And I will show you how we can use dogs in the fight against malaria . <next_sent> One of the best ways of killing mosquitos is not to wait until they fly around like adults and bite people and transmit disease . <next_sent> It 's to kill them when they 're still in the water as larvae . <next_sent> Why ? <next_sent> Because they are just like the CIA . <next_sent> In that pool of water , these larvae are concentrated . <next_sent> They ca n't escape from that water . <next_sent> They ca n't fly . <next_sent> And they 're accessible . <next_sent> You can actually walk up to that pool and you can kill them there , right ? <next_sent> So the problem that we face with this is that , throughout the landscape , all these pools of water with the larvae , they are scattered all over the place , which makes it very hard for an inspector like this to actually find all these breeding sites and treat them with insecticides . <next_sent> And last year we thought very , very hard , how can we resolve this problem ? <next_sent> Until we realized that just like us , we have a unique smell , that mosquito larvae also have a very unique smell . <next_sent> And so we set up another crazy experiment , because we collected the smell of these larvae , put it on pieces of cloth , and then did something very remarkable . <next_sent> Here we have a bar with four holes , and we put the smell of these larvae in the left hole . <next_sent> Ooh , that was very quick . <next_sent> He 's examining these holes , and now he 's got it already . <next_sent> He 's going back to check the control holes again , but he 's coming back to the first one , and now he 's locking into that smell , which means that now we can use dogs with these inspectors to much better find the breeding sites of mosquitos in the field , and therefore have a much bigger impact on malaria . <next_sent> Since we also know that people that carry malaria parasites smell different compared to people that are uninfected , she 's convinced that we can train dogs to find people that carry the parasite . <next_sent> That means that in a population where malaria has gone down all the way , and there 's few people remaining with parasites , that the dogs can find these people , we can treat them with anti - malarial drugs , and give the final blow to malaria . <next_sent> Man 's best friend in the fight against malaria . <next_sent> My third story is perhaps even more remarkable , and , I should say , has never been shown to the public until today . <next_sent> Yeah . <next_sent> It 's a crazy story , but I believe it 's perhaps the best and ultimate revenge against mosquitos ever . <next_sent> In fact , people have told me that now they will enjoy being bitten by mosquitos . <next_sent> And the question of course is , what would make someone enjoy being bitten by mosquitos ? <next_sent> And the answer I have right here in my pocket , if I get it . <next_sent> It 's a tablet , a simple tablet , and when I take it with water , it does miracles . <next_sent> Thank you . <next_sent> Now let me show you how this works . <next_sent> Here in this box I have a cage with several hundred hungry female mosquitos that I 'm just about to release . <next_sent> Just kidding , just kidding . <next_sent> What I 'm going to show you is I 'm gonna stick my arm into it and I will show you how quickly they will bite . <next_sent> Here we go . <next_sent> Do n't worry , I do this all the time in the lab . <next_sent> There we go . <next_sent> Okay . <next_sent> Now , on the video , on the video here , I 'm going to show you exactly the same thing , except that what I 'm showing you on the video happened one hour after I took the tablet . <next_sent> I 'm sticking in my arm , I 'm giving them a big juicy blood meal , I 'm shaking them off , and we follow them through time to see these mosquitos get very , very sick indeed , here shown in fast motion , and three hours later what we see at the bottom of the cage is dead mosquitos , very dead mosquitos , and I 'm going to say , ladies and gentlemen , we have swapped the cards with mosquitos . <next_sent> Now — — Maastricht , be prepared . <next_sent> Now think of what we can do with this . <next_sent> We can actually use this to contain outbreaks of mosquito - born diseases , of epidemics , right ? <next_sent> And better still , imagine what would happen if , in a very large area , everyone would take these drugs , this drug , for just three weeks . <next_sent> That would give us an opportunity to actually eliminate malaria as a disease . <next_sent> So cheese , dogs and a pill to kill mosquitos . <next_sent> That 's the kind of out - of - the - box science that I love doing , for the betterment of mankind , but especially for her , so that she can grow up in a world without malaria . <next_sent> Thank you .
(d / document
   :snt1 (s1.u / url-entity
               :ARG3 (s1.u2 / url-entity)
               :rel (s1.b / border))
   :snt2 (s2.g / get-01
               :ARG0 (s2.i / i)
               :ARG1 (s2.y / you))
   :snt3 (s3.m / mosquito)
   :snt4 (s4.h / hate-01
               :ARG0 (s4.i / i)
               :ARG1 (s4.t / they
                           :same-as s3.m))
   :snt5 (s5.r / request-confirmation-91
               :ARG2 (s5.y / you))
   :snt6 (s6.s / sound-01
               :ARG0-of (s6.d2 / drive-02
                               :ARG1 (s6.y / you
                                           :part (s6.e / ear))
                               :ARG2 (s6.c / crazy-03
                                           :ARG1 s6.y
                                           :degree (s6.a / absolute)))
               :ARG3 (s6.d3 / drone-01)
               :location (s6.a3 / around
                                :op1 s6.e)
               :mod (s6.a4 / awful)
               :mod (s6.t / that)
               :polarity (s6.a2 / amr-unknown)
               :time (s6.d / date-entity
                           :dayperiod (s6.n / night)))
   :snt7 (s7.k / know-01
               :ARG0 (s7.y / you
                           :part (s7.s2 / skin)
                           :part (s7.b / blood))
               :ARG1 (s7.w / want-01
                           :ARG0 (s7.s / she)
                           :ARG1 (s7.a2 / and
                                        :op1 (s7.s3 / stick-01
                                                    :ARG0 s7.s
                                                    :ARG1 (s7.n / needle)
                                                    :ARG2 s7.s2)
                                        :op2 (s7.s4 / suck-01
                                                    :ARG0 s7.s
                                                    :ARG1 s7.b
                                                    :direction (s7.o / out))))
               :polarity (s7.a / amr-unknown))
   :snt8 (s8.r / request-confirmation-91
               :ARG1 (s8.a / awful
                           :domain (s8.t / that
                                         :same-as s6.d2)))
   :snt9 (s9.p / possible-01
               :ARG1 (s9.t2 / think-01
                            :ARG0 (s9.i / i
                                        :same-as s4.i)
                            :ARG1 (s9.t / thing
                                        :ARG1-of (s9.g2 / good-02)
                                        :mod (s9.o / only)
                                        :quant "1")
                            :time (s9.g / get-05
                                        :ARG1 (s9.i3 / it)
                                        :ARG2 (s9.m / mosquito)))
               :mod (s9.i2 / in-fact))
   :snt10 (s10.p2 / prefer-01
                  :ARG0 (s10.t / they
                               :same-as s9.m)
                  :ARG1 (s10.b2 / bite-01
                                :ARG0 s10.t
                                :ARG1 (s10.p / person
                                             :ARG0-of (s10.h / have-rel-role-91
                                                             :ARG1 (s10.i / i
                                                                          :same-as s4.i)
                                                             :ARG2 (s10.w2 / wife))))
                  :time (s10.f / fly-01
                               :ARG1 s10.t
                               :destination (s10.b / bedroom
                                                   :poss (s10.w / we))
                               :time (s10.d / date-entity
                                            :dayperiod (s10.n / night))))
   :snt11 (s11.c / contrast-01
                 :ARG2 (s11.f / fascinate-01
                              :ARG0 (s11.t / that)
                              :ARG1-of (s11.r / request-confirmation-91)))
   :snt12 (s12.c / cause-01
                 :ARG0 (s12.a / amr-unknown)
                 :ARG1 (s12.r / receive-01
                              :ARG0 (s12.s / she
                                           :same-as s10.p)
                              :ARG1 (s12.b / bite-01
                                           :ARG1 s12.s
                                           :ARG1-of (s12.h / have-quant-91
                                                           :ARG3 (s12.m / more)
                                                           :ARG4 (s12.b2 / bite-01
                                                                         :ARG1-of (s12.r2 / receive-01
                                                                                          :ARG0 (s12.i / i
                                                                                                       :same-as s4.i)))))))
   :snt13 (s13.a / and
                 :op2 (s13.a2 / answer-01
                              :ARG2 (s13.s2 / smell-01
                                            :ARG1 (s13.b / body
                                                         :poss (s13.s / she
                                                                      :same-as s10.p)))))
   :snt14 (s14.a2 / and
                  :op2 (s14.h / have-degree-91
                              :ARG1 (s14.p / person
                                           :quant (s14.s3 / some)
                                           :ARG1-of (s14.i / include-91
                                                           :ARG2 (s14.w / we
                                                                        :mod (s14.a / all)
                                                                        :part (s14.s / skin)
                                                                        :same-as s14.a)))
                              :ARG1-of (s14.c / cause-01
                                              :ARG0 (s14.a3 / and
                                                            :op1 (s14.s2 / smell-02
                                                                         :ARG1 s14.w
                                                                         :ARG2 (s14.d / differ-02))
                                                            :op2 (s14.p3 / produce-01
                                                                         :ARG0 s14.w
                                                                         :ARG1 (s14.c2 / chemical
                                                                                       :ARG0-of (s14.a4 / attract-01
                                                                                                        :ARG1 (s14.m2 / mosquito))
                                                                                       :ARG0-of (s14.r / repel-01
                                                                                                       :ARG1 s14.m2))
                                                                         :location s14.s)))
                              :ARG2 (s14.a5 / attract-01
                                            :ARG0 s14.p)
                              :ARG3 (s14.m / more)
                              :ARG4 (s14.p2 / person
                                            :mod (s14.o / other)))
                  :rel (s14.j / just))
   :snt15 (s15.i2 / infer-01
                  :ARG1 (s15.o / or
                               :op1 (s15.s / smell-02
                                           :ARG1 (s15.p / person
                                                        :ARG0-of (s15.h3 / have-rel-role-91
                                                                         :ARG1 (s15.i / i
                                                                                      :same-as s4.i
                                                                                      :same-as s10.p)
                                                                         :ARG2 (s15.w / wife)))
                                           :ARG2 (s15.n / nice-01
                                                        :ARG2-of (s15.h / have-degree-91
                                                                        :ARG1 s15.i
                                                                        :ARG3 (s15.m / more)
                                                                        :ARG4 (s15.s2 / smell-02
                                                                                      :ARG1 s15.p)))
                                           :ARG1-of s15.n)
                               :op2 (s15.s3 / stink-01
                                            :ARG1 s15.i
                                            :ARG1-of (s15.h2 / have-quant-91
                                                             :ARG3 (s15.m2 / more)
                                                             :ARG4 s15.s2)
                                            :mod (s15.j / just))))
   :snt16 (s16.f / find-01
                 :ARG0 (s16.m / mosquito)
                 :ARG1 (s16.w2 / we)
                 :location (s16.d / dark)
                 :manner (s16.s / sniff-01
                                :ARG0 s16.m
                                :ARG2 s16.w2)
                 :mod (s16.w / way
                             :mod (s16.e / either)))
   :snt17 (s17.s / smell-01
                 :ARG0 (s17.t / they
                              :same-as s16.m)
                 :ARG1 (s17.w / we
                              :same-as s16.w2))
   :snt18 (s18.a / and
                 :op2 (s18.w / want-01
                             :ARG0 (s18.i / i
                                          :same-as s4.i)
                             :ARG1 (s18.k / know-01
                                          :ARG0 s18.i
                                          :ARG1 (s18.t / thing
                                                       :ARG1-of (s18.t2 / track-down-02
                                                                        :ARG0 (s18.m3 / mosquito
                                                                                      :mod (s18.c2 / continent
                                                                                                   :name (s18.n2 / name
                                                                                                                 :op1 "Africa")))
                                                                        :ARG1 (s18.w2 / we
                                                                                      :same-as s16.w2)
                                                                        :ARG1-of (s18.u2 / use-01
                                                                                         :ARG0 s18.m3)
                                                                        :time (s18.d / date-entity
                                                                                     :dayperiod (s18.n3 / night)))
                                                       :domain (s18.c / chemical
                                                                      :ARG1-of (s18.u / use-01)
                                                                      :source (s18.m2 / mosquito
                                                                                      :mod (s18.s / skin)
                                                                                      :poss s18.w2))
                                                       :mod (s18.e / exact)))
                             :time (s18.d2 / doctorate
                                           :name (s18.n / name
                                                        :op1 "philosophy")
                                           :poss s18.i))
                 :rel (s18.m / malarial))
   :snt19 (s19.a / and
                 :op2 (s19.r / range-01
                             :ARG1 (s19.c / compound
                                          :ARG1-of (s19.u / use-01
                                                          :ARG0 (s19.t / they
                                                                       :same-as s18.m3)))
                             :mod (s19.w / whole)))
   :snt20 (s20.a / and
                 :op1 (s20.t / task
                             :ARG1-of (s20.e / easy-05
                                             :polarity "-")
                             :domain (s20.t2 / this
                                             :same-as s18.k)))
   :snt21 (s21.a / and
                 :op2 (s21.c / cause-01
                             :ARG1 (s21.s / set-up-03
                                          :ARG0 (s21.w / we)
                                          :ARG1 (s21.e / experiment-01
                                                       :mod (s21.v / various)))))
   :snt22 (s22.c / cause-01
                 :ARG0 (s22.r / risk-01
                              :ARG0 (s22.p / population
                                           :poss (s22.w / world)
                                           :quant "1/2")
                              :ARG2 (s22.c2 / contract-02
                                            :ARG0 s22.p
                                            :ARG1 (s22.d / disease
                                                         :ARG0-of (s22.k / kill-01)
                                                         :example (s22.d2 / disease
                                                                          :name (s22.n / name
                                                                                       :op1 "Malaria")))
                                            :manner (s22.b / bite-01
                                                           :ARG0 (s22.m / mosquito)
                                                           :ARG1-of (s22.s / simple-02)))))
   :snt23 (s23.a / and
                 :op1 (s23.d2 / die-01
                              :ARG1 (s23.c2 / child)
                              :ARG1-of (s23.c / cause-01
                                              :ARG0 (s23.m / malaria))
                              :frequency (s23.r / rate-entity-91
                                                :ARG2 (s23.t2 / temporal-quantity
                                                              :unit (s23.s / second)
                                                              :quant "30"))
                              :location (s23.s2 / somewhere
                                                :location (s23.p2 / planet
                                                                  :mod (s23.t3 / this)
                                                                  :same-as s22.w)))
                 :op2 (s23.t / talk-01
                             :ARG0 (s23.p / person
                                          :name (s23.n / name
                                                       :op1 "Paul"
                                                       :op2 "Levy")
                                          :time (s23.d / date-entity
                                                       :dayperiod (s23.m3 / morning)
                                                       :mod (s23.t4 / today)))
                             :ARG1 (s23.m2 / metaphor
                                           :topic (s23.c4 / crash-01
                                                          :ARG1 (s23.s3 / spaceship
                                                                        :name (s23.n2 / name
                                                                                      :op1 "727"))
                                                          :destination (s23.c3 / country
                                                                               :name (s23.n3 / name
                                                                                             :op1 "United"
                                                                                             :op2 "States"))))))
   :snt24 (s24.h / have-03
                 :ARG0 (s24.w / we)
                 :ARG1 (s24.c2 / crash-01
                               :ARG1 (s24.a / aircraft-type
                                            :name (s24.n2 / name
                                                          :op1 "747")
                                            :mod (s24.j / jumbo)
                                            :quant "7")
                               :ARG1-of (s24.e / equal-01)
                               :frequency (s24.r / rate-entity-91
                                                 :ARG2 (s24.t / temporal-quantity
                                                              :unit (s24.d / day)
                                                              :quant "1")))
                 :location (s24.c / continent
                                  :name (s24.n / name
                                               :op1 "Africa"))
                 :mod (s24.w2 / well))
   :snt25 (s25.c / contrast-01
                 :ARG2 (s25.p / possible-01
                              :ARG1 (s25.p2 / possible-01
                                            :ARG1 (s25.s2 / stop-01
                                                          :ARG0 (s25.w / we)
                                                          :ARG1 (s25.t2 / transmit-01
                                                                        :ARG1 (s25.d / disease)))
                                            :condition (s25.a / and
                                                              :op1 (s25.a2 / attract-01
                                                                           :ARG0 s25.w
                                                                           :ARG1 (s25.m / mosquito
                                                                                        :mod (s25.t / this))
                                                                           :ARG2 (s25.t3 / trap-01))
                                                              :op2 (s25.b / bait-01
                                                                          :ARG0 s25.w
                                                                          :ARG1 s25.m
                                                                          :ARG2 (s25.s / smell-01
                                                                                       :ARG0 s25.w))))))
   :snt26 (s26.c3 / contrast-01
                  :ARG1 (s26.e / easy-05
                               :ARG1 (s26.s2 / solve-01
                                             :ARG1 (s26.p2 / puzzle
                                                           :mod (s26.t / this)))
                               :ARG1-of (s26.c / cause-01
                                               :ARG0 (s26.p / produce-01
                                                            :ARG0 (s26.w / we)
                                                            :ARG1 (s26.c2 / chemical
                                                                          :quant (s26.m2 / multiple
                                                                                         :op1 "100")
                                                                          :ARG1-of (s26.d / differ-02))
                                                            :location (s26.s / skin)))
                               :polarity "-")
                  :ARG2 (s26.u / undertake-01
                               :ARG0 s26.w
                               :ARG1 (s26.e2 / experiment-01
                                             :quant (s26.s3 / some)
                                             :ARG0-of (s26.m / manage-02
                                                             :ARG1 (s26.r2 / resolve-01
                                                                           :ARG0 s26.w
                                                                           :ARG1 s26.p2
                                                                           :ARG1-of (s26.q / quick-02
                                                                                           :degree (s26.v / very))
                                                                           :mod (s26.i / indeed)))
                                             :ARG1-of (s26.r / remarkable-02))))
   :snt27 (s27.o / observe-01
                 :ARG0 (s27.w / we
                              :same-as s21.w)
                 :ARG1 (s27.b / bite-01
                              :ARG0 (s27.s2 / species
                                            :mod (s27.m / mosquito)
                                            :mod (s27.a / all
                                                        :polarity "-"))
                              :location (s27.p / part
                                               :ARG1-of (s27.s / same-01)
                                               :part-of (s27.b2 / body)))
                 :li "1")
   :snt28 (s28.s / strange)
   :snt29 (s29.c2 / cause-01
                  :ARG1 (s29.s2 / set-up-03
                                :ARG0 (s29.w / we
                                             :same-as s21.w)
                                :ARG1 (s29.e / experiment-01
                                             :consist-of (s29.a / and
                                                                :op1 (s29.p2 / put-01
                                                                             :ARG0 s29.w
                                                                             :ARG1 (s29.p / person
                                                                                          :ARG0-of (s29.v / volunteer-01)
                                                                                          :mod (s29.n / naked))
                                                                             :ARG2 (s29.c / cage
                                                                                          :mod (s29.l / large)))
                                                                :op2 (s29.r / release-01
                                                                            :purpose (s29.s / see-01
                                                                                            :ARG0 s29.w
                                                                                            :ARG1 (s29.l2 / location
                                                                                                          :location-of (s29.b / bite-01
                                                                                                                              :ARG0 (s29.m / mosquito)
                                                                                                                              :ARG1 (s29.b2 / body
                                                                                                                                            :poss s29.p))))
                                                                            :ARG0 s29.w
                                                                            :ARG1 s29.m
                                                                            :location s29.c)))))
   :snt30 (s30.a / and
                 :op2 (s30.f / find-01
                             :ARG0 (s30.w / we
                                          :same-as s21.w)
                             :ARG1 (s30.t / thing
                                          :quant (s30.s / some)
                                          :ARG1-of (s30.r / remarkable-02)
                                          :ARG1-of (s30.d / differ-02))))
   :snt31 (s31.s / see-01
                 :ARG0 (s31.y / you)
                 :ARG1 (s31.b / bite-01
                              :ARG0 (s31.m2 / mosquito
                                            :mod (s31.m / malarial)
                                            :mod (s31.c / country
                                                        :name (s31.n / name
                                                                     :op1 "Netherlands")))
                              :ARG1 (s31.p / person
                                           :mod (s31.t / this)
                                           :same-as s29.p))
                 :location (s31.h / here
                                  :ARG1-of (s31.l / left-20)))
   :snt32 (s32.p / prefer-01
                 :ARG0 (s32.t / they
                              :same-as s31.m2)
                 :ARG1 (s32.b / bite-01
                              :ARG0 s32.t
                              :ARG1 (s32.f / face))
                 :ARG1-of (s32.s / strong-02
                                 :degree (s32.v / very)))
   :snt33 (s33.c4 / contrast-01
                  :ARG2 (s33.a3 / and
                                :op1 (s33.p2 / prefer-01
                                             :ARG0 (s33.m2 / mosquito
                                                           :mod (s33.c3 / continent
                                                                        :name (s33.n / name
                                                                                     :op1 "Africa")))
                                             :ARG1 (s33.b / bite-01
                                                          :ARG0 s33.m2
                                                          :ARG1 (s33.a2 / and
                                                                        :op1 (s33.a4 / ankle
                                                                                     :part-of (s33.p / person
                                                                                                     :mod (s33.t / this)
                                                                                                     :part (s33.f / foot)
                                                                                                     :same-as s29.p))
                                                                        :op2 s33.f))
                                             :ARG1-of (s33.s2 / strong-02
                                                              :degree (s33.v / very)))
                                :op2 (s33.r / recommend-01
                                            :ARG1 (s33.k / know-01
                                                         :ARG0 (s33.w / we
                                                                      :same-as s21.w)
                                                         :ARG1-of (s33.c2 / cause-01
                                                                          :ARG0 (s33.c / call-01
                                                                                       :ARG1 s33.m2
                                                                                       :ARG1-of (s33.s / see-01
                                                                                                       :ARG0 (s33.y / you)
                                                                                                       :ARG1-of (s33.r2 / request-confirmation-91))
                                                                                       :ARG2 (s33.t2 / toe
                                                                                                     :mod (s33.m3 / mosquito))))
                                                         :duration (s33.a / all-along))
                                            :mod (s33.o / of-course)))
                  :rel (s33.m / malarial))
   :snt34 (s34.r / right-06
                 :ARG2 (s34.t / that))
   :snt35 (s35.a2 / and
                  :op2 (s35.c / cause-01
                              :ARG1 (s35.s6 / start-01
                                            :ARG0 (s35.w / we
                                                         :same-as s21.w)
                                            :ARG1 (s35.f / focus-01
                                                         :ARG0 s35.w
                                                         :ARG2 (s35.s2 / smell-02
                                                                       :ARG1 (s35.f2 / foot))
                                                         :op3 (s35.s3 / smell-02
                                                                      :ARG1 (s35.f3 / foot
                                                                                    :part-of (s35.h / human))))
                                            :time (s35.u / until
                                                         :op1 (s35.c3 / come-across-21
                                                                      :ARG0 s35.w
                                                                      :ARG1 (s35.s7 / state-01
                                                                                    :ARG0-of (s35.s / say-01
                                                                                                    :ARG1 (s35.s4 / smell-02
                                                                                                                  :ARG1 (s35.c2 / cheese)
                                                                                                                  :ARG1-of (s35.i / instead-of-91
                                                                                                                                  :ARG2 (s35.s5 / smell-02
                                                                                                                                                :ARG1 s35.c2
                                                                                                                                                :ARG1-of (s35.r2 / reverse-01)))
                                                                                                                  :ARG3 s35.f2
                                                                                                                  :time (s35.a / after
                                                                                                                               :op1 s35.f2)))
                                                                                    :ARG1-of (s35.r / remarkable-02)
                                                                                    :location (s35.l / literature)))))))
   :snt36 (s36.t / think-01
                 :ARG0 (s36.y / you)
                 :ARG1 (s36.i / it)
                 :mode "imperative")
   :snt37 (s37.a / and
                 :op2 (s37.t2 / trigger-01
                              :ARG0 (s37.t / this
                                           :same-as s35.s7)
                              :ARG1 (s37.w / we
                                           :same-as s21.w)
                              :ARG2 (s37.e / experiment-01
                                           :ARG0 s37.w
                                           :ARG1-of (s37.r / remarkable-02))))
   :snt38 (s38.t2 / try-01
                  :ARG0 (s38.w / we
                               :same-as s21.w)
                  :ARG1 (s38.a2 / attract-01
                                :ARG0 s38.w
                                :ARG1 (s38.m2 / mosquito
                                              :location (s38.c2 / continent
                                                                :name (s38.n2 / name
                                                                              :op1 "Africa"))
                                              :mod (s38.m / malaria)))
                  :instrument (s38.p / piece
                                     :ARG1-of (s38.s / smell-02
                                                     :ARG2 (s38.b / bad-05)
                                                     :time (s38.a / after
                                                                  :op1 (s38.f / foot)))
                                     :mod (s38.l / little)
                                     :mod (s38.t / tiny)
                                     :part-of (s38.c / cheese
                                                     :name (s38.n / name
                                                                  :op1 "Limburger"))))
   :snt39 (s39.a / and
                 :op2 (s39.t / thing
                             :ARG1-of (s39.k / know-01
                                             :ARG0 (s39.y / you))
                             :domain (s39.w / work-09
                                            :ARG1 (s39.i / it))))
   :snt40 (s40.a / and
                 :op1 (s40.h / have-03
                             :ARG0 (s40.w / we
                                          :same-as s21.w)
                             :ARG1 (s40.m / mix-01
                                          :ARG1 (s40.s2 / smell-02
                                                        :ARG2 (s40.c / cheese
                                                                     :name (s40.n / name
                                                                                  :op1 "Limburger")
                                                                     :ARG1-of (s40.u / use-01
                                                                                     :ARG0 s40.w
                                                                                     :location (s40.c2 / country
                                                                                                       :name (s40.n2 / name
                                                                                                                     :op1 "Tanzania")))))
                                          :mod (s40.s4 / synthetic))
                             :time (s40.n3 / now))
                 :op2 (s40.s / show-01
                             :ARG1 (s40.a2 / attract-01
                                           :ARG0 (s40.i2 / it
                                                         :same-as s39.i)
                                           :ARG1 (s40.m2 / mosquito)
                                           :ARG2 s40.m2
                                           :ARG2-of (s40.h3 / have-degree-91
                                                            :ARG3 (s40.t / times
                                                                         :quant (s40.b / between
                                                                                       :op1 "2"
                                                                                       :op2 "3"))
                                                            :ARG4 (s40.h4 / human))))
                 :rel (s40.h2 / have-degree-91
                              :ARG1 (s40.w3 / work-09
                                            :ARG1 s40.i2)
                              :ARG2 (s40.w2 / well-09
                                            :ARG1 s40.w3)
                              :ARG3 (s40.s3 / so)
                              :mod (s40.i / in-fact)))
   :snt41 (s41.s / say-01
                 :ARG1 (s41.p2 / pride-01
                               :ARG0 (s41.p / person
                                            :name (s41.n / name
                                                         :op1 "Limburg"))
                               :ARG1 (s41.c2 / cheese
                                             :poss s41.p)
                               :ARG1-of (s41.c / cause-01
                                               :ARG0 (s41.u / use-01
                                                            :ARG1 s41.c2
                                                            :ARG2 (s41.f / fight-01
                                                                         :ARG1 (s41.m / malaria))
                                                            :time (s41.n2 / now))))
                 :ARG2 s41.p)
   :snt42 (s42.c / cheese
                 :purpose (s42.s / show-01
                                 :ARG2 (s42.y / you
                                              :same-as s41.p)
                                 :mod (s42.j / just))
                 :domain (s42.t / that))
   :snt43 (s43.r / remarkable-02
                 :ARG1 (s43.s / story
                              :ord (s43.o / ordinal-entity
                                          :value "2")
                              :poss (s43.i / i
                                           :same-as s4.i))
                 :mod (s43.a / as-well))
   :snt44 (s44.p / person
                 :ARG0-of (s44.h2 / have-rel-role-91
                                  :ARG1 (s44.m / man)
                                  :ARG2 (s44.f / friend
                                               :ARG1-of (s44.h / have-degree-91
                                                               :ARG2 (s44.g / good-02
                                                                            :ARG1 s44.f)
                                                               :ARG3 (s44.m2 / most))))
                 :topic-of (s44.i / it
                                  :same-as s43.s))
   :snt45 (s45.i / it
                 :topic (s45.d / dog)
                 :same-as s43.s)
   :snt46 (s46.a / and
                 :op2 (s46.s / show-01
                             :ARG0 (s46.i / i
                                          :same-as s4.i)
                             :ARG1 (s46.t / thing
                                          :manner-of (s46.p / possible-01
                                                            :ARG1 (s46.u / use-01
                                                                         :ARG0 (s46.w / we)
                                                                         :ARG1 (s46.d2 / dog)
                                                                         :ARG2 (s46.f / fight-01
                                                                                      :ARG0 s46.w
                                                                                      :ARG1 (s46.d / disease
                                                                                                   :name (s46.n / name
                                                                                                                :op1 "Malaria"))))))
                             :ARG2 (s46.y / you)))
   :snt47 (s47.i / include-91
                 :ARG1 (s47.w2 / way
                               :ARG1-of (s47.h / have-degree-91
                                               :ARG2 (s47.g / good-02)
                                               :ARG3 (s47.m2 / most))
                               :manner-of (s47.k / kill-01
                                                 :ARG1 (s47.m / mosquito)))
                 :ARG1 (s47.w / wait-01
                              :ARG1 s47.m
                              :ARG2 (s47.a2 / and
                                            :op1 (s47.f / fly-01
                                                        :ARG1 s47.m
                                                        :ARG1-of (s47.r / resemble-01
                                                                        :ARG2 (s47.a / adult))
                                                        :path (s47.a3 / around))
                                            :op2 (s47.b / bite-01
                                                        :ARG0 s47.m
                                                        :ARG1 (s47.p / person))
                                            :op3 (s47.t / transmit-01
                                                        :ARG0 s47.m
                                                        :ARG1 (s47.d / disease)))
                              :time (s47.u / until
                                           :op1 s47.f)
                              :polarity "-")
                 :ARG2 s47.w2)
   :snt48 (s48.h / have-purpose-91
                 :ARG2 (s48.k / kill-01
                              :ARG1 (s48.t / they
                                           :same-as s47.m)
                              :time (s48.b / be-located-at-91
                                           :ARG1 s48.t
                                           :ARG2 (s48.w / water)
                                           :mod (s48.s / still)
                                           :prep-as (s48.c / colony
                                                           :domain s48.t))))
   :snt49 (s49.c / cause-01
                 :ARG0 (s49.a / amr-unknown))
   :snt50 (s50.c / cause-01
                 :ARG0 (s50.r / resemble-01
                              :ARG1 (s50.t / they
                                           :same-as s47.m)
                              :ARG2 (s50.g / government-organization
                                           :name (s50.n / name
                                                        :op1 "CIA"))))
   :snt51 (s51.c / concentrate-02
                 :ARG1 (s51.w2 / worm
                               :mod (s51.t2 / this)
                               :same-as s47.m)
                 :location (s51.p / pool
                                  :consist-of (s51.w / water)
                                  :mod (s51.t / that)))
   :snt52 (s52.p / possible-01
                 :ARG1 (s52.e / escape-01
                              :ARG0 (s52.t2 / they
                                            :same-as s47.m)
                              :ARG1 (s52.w / water
                                           :mod (s52.t / that)
                                           :same-as s51.p))
                 :polarity "-")
   :snt53 (s53.p / possible-01
                 :ARG1 (s53.f / fly-01
                              :ARG1 (s53.t / they
                                           :same-as s47.m))
                 :polarity "-")
   :snt54 (s54.a2 / and
                  :op2 (s54.p / possible-01
                              :ARG1 (s54.a / access-01
                                           :ARG1 (s54.t / they
                                                        :same-as s47.m))))
   :snt55 (s55.a2 / and
                  :ARG1-of (s55.r / request-confirmation-91
                                  :ARG2 (s55.y / you))
                  :op1 (s55.p2 / possible-01
                               :ARG1 (s55.w / walk-01
                                            :ARG0 s55.y
                                            :ARG2 (s55.p / pool
                                                         :mod (s55.t / that)
                                                         :same-as s51.p)
                                            :direction (s55.u / up))
                               :ARG1-of (s55.a / actual-02))
                  :op2 (s55.p3 / possible-01
                               :ARG1 (s55.k / kill-01
                                            :ARG0 s55.y
                                            :ARG1 (s55.t2 / they
                                                          :same-as s47.m)
                                            :location s55.p)
                               :location s55.p))
   :snt56 (s56.s / scatter-01
                 :ARG0-of (s56.m / make-02
                                 :ARG1 (s56.h / hard-02
                                              :ARG1 (s56.a4 / and
                                                            :op1 (s56.f2 / find-01
                                                                         :ARG0 (s56.p / person
                                                                                      :ARG0-of (s56.i / inspect-01)
                                                                                      :ARG1-of (s56.r / resemble-01
                                                                                                      :ARG2 (s56.t3 / this)))
                                                                         :ARG1 (s56.s2 / site
                                                                                       :location-of (s56.b / breed-01)
                                                                                       :mod (s56.t2 / this))
                                                                         :ARG1-of (s56.a / actual-02))
                                                            :op2 (s56.t5 / treat-04
                                                                         :ARG0 s56.p
                                                                         :ARG1 s56.s2
                                                                         :ARG2 (s56.c / chemical
                                                                                      :ARG0-of (s56.k / kill-01))))
                                              :degree (s56.v / very)))
                 :ARG1 (s56.p3 / pool
                               :consist-of (s56.w / water)
                               :consist-of (s56.l2 / larvae
                                                   :same-as s47.m)
                               :mod s56.t2
                               :mod (s56.a2 / all))
                 :ARG2 (s56.a3 / all-over
                               :op1 (s56.p2 / place))
                 :domain (s56.p4 / problem
                                 :ARG1-of (s56.f / face-01
                                                 :ARG0 (s56.w2 / we))
                                 :topic (s56.t / this))
                 :location (s56.t4 / throughout
                                   :op1 (s56.l / landscape)))
   :snt57 (s57.a2 / and
                  :op2 (s57.t / think-01
                              :ARG0 (s57.w / we
                                           :same-as s21.w)
                              :ARG1 (s57.p / possible-01
                                           :ARG1 (s57.r / resolve-01
                                                        :ARG0 s57.w
                                                        :ARG1 (s57.p2 / problem
                                                                      :mod (s57.t2 / this))
                                                        :manner (s57.a / amr-unknown)))
                              :ARG1-of (s57.h / hard-02
                                              :degree (s57.v / very))
                              :time (s57.y / year
                                           :mod (s57.l / last))))
   :snt58 (s58.a2 / and
                  :op1 (s58.s / smell-02
                              :ARG1 (s58.w / we)
                              :ARG1-of (s58.u / unique-01
                                              :ARG1 (s58.h / have-03
                                                           :ARG0 (s58.w2 / worm
                                                                         :mod (s58.m / mosquito))
                                                           :ARG1 (s58.s2 / smell-02
                                                                         :ARG1-of (s58.u2 / unique-01
                                                                                          :degree (s58.v / very)))
                                                           :mod (s58.a / also)))
                              :ARG1-of (s58.r2 / resemble-01
                                               :ARG2 s58.w))
                  :op2 s58.h
                  :time (s58.u3 / until
                                :op1 (s58.r / realize-01
                                            :ARG0 s58.w)))
   :snt59 (s59.a / and
                 :op2 (s59.c / cause-01
                             :ARG0 (s59.a2 / and
                                           :op1 (s59.c3 / collect-01
                                                        :ARG0 (s59.w / we
                                                                     :same-as s21.w)
                                                        :ARG1 (s59.s2 / smell-02
                                                                      :ARG1 (s59.w2 / worm
                                                                                    :mod (s59.t2 / this)
                                                                                    :same-as s58.w2)
                                                                      :same-as s40.n))
                                           :op2 (s59.p2 / put-01
                                                        :ARG0 s59.w
                                                        :ARG1 s59.s2
                                                        :ARG2 (s59.p / piece
                                                                     :consist-of (s59.c2 / cloth)))
                                           :op3 (s59.d / do-02
                                                       :ARG0 s59.w
                                                       :ARG1 (s59.s3 / something
                                                                     :ARG1-of (s59.r / remarkable-02
                                                                                     :degree (s59.v / very)))
                                                       :time (s59.t / then)))
                             :ARG1 (s59.s / set-up-03
                                          :ARG0 s59.w
                                          :ARG1 (s59.e / experiment-01
                                                       :ARG1-of (s59.c4 / crazy-03)
                                                       :mod (s59.a3 / another)))))
   :snt60 (s60.a / and
                 :op1 (s60.h / have-03
                             :ARG0 (s60.w / we
                                          :same-as s21.w)
                             :ARG1 (s60.b / bar
                                          :ARG0-of (s60.h2 / have-03
                                                           :ARG1 (s60.h4 / hole
                                                                         :quant "4")))
                             :location (s60.h3 / here))
                 :op2 (s60.p / put-01
                             :ARG0 s60.w
                             :ARG1 (s60.s / smell-01
                                          :ARG1 (s60.w2 / worm
                                                        :mod (s60.t / this)
                                                        :same-as s58.w2)
                                          :same-as s40.n)
                             :ARG2 (s60.h5 / hole
                                           :ARG1-of (s60.l / left-20))))
   :snt61 (s61.q / quick-02
                 :ARG1 (s61.t / that
                              :same-as s60.p)
                 :degree (s61.v / very)
                 :mod (s61.o / oh
                             :mode "expressive"))
   :snt62 (s62.a2 / and
                  :op1 (s62.e / examine-01
                              :ARG0 (s62.h / he)
                              :ARG1 (s62.h2 / hole
                                            :mod (s62.t / this)
                                            :same-as s60.h4))
                  :op2 (s62.g / get-02
                              :ARG0 s62.h
                              :ARG1 (s62.i / it)
                              :time (s62.n / now)
                              :time (s62.a / already)))
   :snt63 (s63.c4 / contrast-01
                  :ARG1 (s63.g / go-02
                               :purpose (s63.c2 / check-01
                                                :ARG0 (s63.h3 / he
                                                              :same-as s62.h)
                                                :ARG1 (s63.h4 / hole
                                                              :location-of (s63.c5 / control-01))
                                                :mod (s63.a / again))
                               :ARG0 s63.h3)
                  :ARG2 (s63.c3 / come-01
                                :ARG1 s63.h3
                                :ARG4 (s63.h5 / hole
                                              :ord (s63.o / ordinal-entity
                                                          :value "1"
                                                          :same-as s60.h5))
                                :direction (s63.b / back))
                  :op3 (s63.l / lock-in-02
                              :ARG0 s63.h3
                              :ARG1 (s63.s2 / smell-02
                                            :mod (s63.t / that)
                                            :same-as s40.n)
                              :ARG1-of (s63.m2 / mean-01
                                               :ARG2 (s63.p2 / possible-01
                                                             :ARG0-of (s63.c / cause-01
                                                                             :ARG1 (s63.i / impact-01
                                                                                          :ARG0 (s63.w / we)
                                                                                          :ARG1 (s63.m / malaria
                                                                                                       :same-as s22.d2)
                                                                                          :ARG1-of (s63.h2 / have-degree-91
                                                                                                           :ARG2 (s63.b2 / big)
                                                                                                           :ARG3 (s63.m4 / more
                                                                                                                         :quant (s63.m7 / much)))))
                                                             :ARG1 (s63.u / use-01
                                                                          :purpose (s63.f2 / find-01
                                                                                           :ARG0 (s63.d / dog)
                                                                                           :ARG1 (s63.s / site
                                                                                                        :location (s63.f / field)
                                                                                                        :location-of (s63.b3 / breed-01
                                                                                                                             :ARG1 (s63.m5 / mosquito)))
                                                                                           :ARG1-of (s63.h / have-degree-91
                                                                                                           :ARG2 (s63.g2 / good-03
                                                                                                                         :ARG1 s63.f2)
                                                                                                           :ARG3 (s63.m3 / more
                                                                                                                         :quant (s63.m6 / much))))
                                                                          :ARG0 s63.w
                                                                          :ARG1 s63.d
                                                                          :accompanier (s63.p / person
                                                                                              :ARG0-of (s63.i2 / inspect-01)
                                                                                              :mod (s63.t2 / this)))
                                                             :time (s63.n / now)))))
   :snt64 (s64.c2 / convince-01
                  :ARG1 (s64.s / she)
                  :ARG1-of (s64.c / cause-01
                                  :ARG0 (s64.k / know-01
                                               :ARG0 (s64.w / we
                                                            :same-as s63.w)
                                               :ARG1 (s64.s2 / smell-02
                                                             :ARG1 (s64.p / parasite
                                                                          :mod (s64.m / malaria))
                                                             :ARG2 (s64.d / differ-02
                                                                          :ARG1 s64.p
                                                                          :ARG2 (s64.p2 / person
                                                                                        :ARG1-of (s64.a / affect-01
                                                                                                        :ARG2 s64.p))))
                                               :mod (s64.a2 / also)))
                  :ARG2 (s64.p3 / possible-01
                                :ARG1 (s64.t / train-01
                                             :ARG0 s64.w
                                             :ARG1 (s64.f / find-01
                                                          :ARG0 (s64.d2 / dog)
                                                          :ARG1 s64.p)
                                             :ARG2 s64.d2)))
   :snt65 (s65.m2 / mean-01
                  :ARG1 (s65.t / that)
                  :ARG2 (s65.p5 / possible-01
                                :ARG1 (s65.a3 / and
                                              :op1 (s65.f3 / find-01
                                                           :ARG0 (s65.d / dog
                                                                        :same-as s64.d2)
                                                           :ARG1 (s65.p2 / person
                                                                         :mod (s65.t2 / this)))
                                              :op2 (s65.t3 / treat-03
                                                           :ARG0 (s65.w / we
                                                                        :same-as s63.w)
                                                           :ARG1 s65.p2
                                                           :ARG2 (s65.d3 / drug
                                                                         :ARG0-of (s65.c / counter-01
                                                                                         :ARG1 (s65.m / malarial))))
                                              :op3 (s65.b / blow-14
                                                          :ARG0 s65.w
                                                          :ARG1 s65.p2
                                                          :mod (s65.f2 / final)))
                                :location (s65.p4 / population
                                                  :location-of (s65.a2 / and
                                                                       :op1 (s65.g / go-01
                                                                                   :ARG1 s65.p4
                                                                                   :direction (s65.d2 / down)
                                                                                   :extent (s65.a / all-the-way))
                                                                       :op2 (s65.r / remain-01
                                                                                   :ARG1 (s65.p3 / person
                                                                                                 :quant (s65.f / few)
                                                                                                 :ARG0-of (s65.h / have-03
                                                                                                                 :ARG1 (s65.p / parasite))))))))
   :snt66 (s66.h2 / have-rel-role-91
                  :ARG1 (s66.m / man)
                  :ARG2 (s66.f2 / friend
                                :ARG1-of (s66.h / have-degree-91
                                                :ARG2 (s66.g / good-02
                                                             :ARG1 s66.f2)
                                                :ARG3 (s66.m2 / most)))
                  :location (s66.f / fight-01
                                   :ARG1 (s66.d / disease
                                                :name (s66.n / name
                                                             :op1 "Malaria"))
                                   :same-as s41.f)
                  :same-as s4.i)
   :snt67 (s67.a / and
                 :op1 (s67.p / possible-01
                             :ARG1 (s67.r2 / remarkable-02
                                           :ARG1 (s67.s3 / story
                                                         :poss (s67.i / i
                                                                      :same-as s4.i))
                                           :ARG2-of (s67.h / have-degree-91
                                                           :ARG1 s67.s3
                                                           :ARG3 (s67.m / more
                                                                        :mod (s67.e / even)))))
                 :op2 (s67.r / recommend-01
                             :ARG1 (s67.s / say-01
                                          :ARG0 s67.i
                                          :ARG1 (s67.s2 / show-01
                                                        :ARG1 s67.s3
                                                        :ARG2 (s67.p2 / public)
                                                        :time (s67.e2 / ever)
                                                        :time (s67.u / until
                                                                     :op1 (s67.t / today))
                                                        :polarity "-")))
                 :rel "3")
   :snt68 (s68.y / yeah)
   :snt69 (s69.c / contrast-01
                 :ARG1 (s69.s / story
                              :ARG1-of (s69.c2 / crazy-03))
                 :ARG2 (s69.b / believe-01
                              :ARG0 (s69.i / i
                                           :same-as s4.i)
                              :ARG1 (s69.p / possible-01
                                           :ARG1 (s69.r / revenge
                                                        :ARG1-of (s69.h / have-degree-91
                                                                        :ARG2 (s69.g / good-02
                                                                                     :ARG1 s69.r)
                                                                        :ARG3 (s69.m2 / most))
                                                        :domain (s69.i2 / it
                                                                        :same-as s43.s)
                                                        :mod (s69.u / ultimate)
                                                        :prep-against (s69.m / mosquito)
                                                        :time (s69.e / ever)))))
   :snt70 (s70.t / tell-01
                 :ARG0 (s70.p / person)
                 :ARG1 (s70.e / enjoy-01
                              :ARG0 s70.p
                              :ARG1 (s70.b / bite-01
                                           :ARG0 (s70.m / mosquito)
                                           :ARG1 s70.p)
                              :time (s70.n / now))
                 :ARG2 (s70.i / i
                              :same-as s4.i)
                 :mod (s70.i2 / in-fact))
   :snt71 (s71.a2 / and
                  :op2 (s71.q / question-01
                              :ARG1 (s71.a / amr-unknown
                                           :ARG0-of (s71.m / make-02
                                                           :ARG1 (s71.e / enjoy-01
                                                                        :ARG0 (s71.s / someone)
                                                                        :ARG1 (s71.b / bite-01
                                                                                     :ARG0 (s71.m2 / mosquito)
                                                                                     :ARG1 s71.s))))
                              :mod (s71.o / of-course)))
   :snt72 (s72.a / and
                 :condition (s72.g / get-01
                                   :ARG0 (s72.h / have-03
                                                :ARG0 (s72.i / i
                                                             :same-as s4.i)
                                                :ARG1 (s72.t / thing
                                                             :ARG2-of (s72.a2 / answer-01)
                                                             :location (s72.h2 / here
                                                                               :mod (s72.r / right)))
                                                :location (s72.p / pocket
                                                                 :poss s72.i))
                                   :ARG1 s72.t)
                 :op2 s72.h)
   :snt73 (s73.a / and
                 :op1 (s73.t / tablet
                             :ARG1-of (s73.s / simple-02))
                 :op2 (s73.d / do-02
                             :ARG0 s73.t
                             :ARG1 (s73.m / miracle)
                             :condition (s73.t2 / take-01
                                                :ARG0 (s73.i / i
                                                             :same-as s4.i)
                                                :ARG1 s73.t
                                                :ARG2 (s73.w / water))))
   :snt74 (s74.t / thank-01
                 :ARG1 (s74.y / you
                              :same-as s4.i))
   :snt75 (s75.l / let-01
                 :ARG0 (s75.y / you)
                 :ARG1 (s75.s / show-01
                              :ARG0 (s75.i / i
                                           :same-as s4.i)
                              :ARG1 (s75.t / thing
                                           :manner-of (s75.w / work-09
                                                             :ARG1 (s75.t2 / this)))
                              :ARG2 s75.y)
                 :time (s75.n / now))
   :snt76 (s76.h / have-03
                 :ARG0 (s76.i / i
                              :same-as s4.i)
                 :ARG1 (s76.c / cage
                              :consist-of (s76.m / mosquito
                                                 :quant (s76.s / several
                                                               :op1 "100")
                                                 :ARG0-of (s76.h3 / hunger-01)
                                                 :ARG1-of (s76.r / release-01
                                                                 :ARG0 s76.i
                                                                 :time (s76.a / about-to
                                                                              :mod (s76.j / just)))
                                                 :mod (s76.f / female)))
                 :location (s76.h2 / here
                                   :location (s76.b / box
                                                    :mod (s76.t / this))))
   :snt77 (s77.k / kid-01
                 :ARG0 (s77.i / i)
                 :mod (s77.j / just))
   :snt78 (s78.s / show-01
                 :ARG0 (s78.i / i
                              :part (s78.a2 / arm)
                              :same-as s4.i)
                 :ARG1 (s78.a / and
                              :op1 (s78.s3 / stick-01
                                           :ARG0 s78.i
                                           :ARG1 s78.a2
                                           :ARG2 (s78.y / you
                                                        :same-as s41.p)
                                           :ARG2 (s78.i2 / it
                                                         :same-as s76.c))
                              :op2 (s78.s2 / show-01
                                           :ARG0 s78.i
                                           :ARG1 (s78.t2 / thing
                                                         :ARG3-of (s78.h / have-degree-91
                                                                         :ARG1 (s78.b / bite-01
                                                                                      :ARG0 (s78.t / they
                                                                                                   :same-as s76.m))
                                                                         :ARG2 (s78.q / quick-02
                                                                                      :ARG1 s78.b)))
                                           :ARG2 s78.y))
                 :ARG2 s78.y)
   :snt79 (s79.g / go-06
                 :ARG0 (s79.w / we)
                 :location (s79.h / here))
   :snt80 (s80.w / worry-02
                 :ARG0 (s80.y / you)
                 :ARG1-of (s80.c / cause-01
                                 :ARG0 (s80.d / do-02
                                              :ARG0 (s80.i / i
                                                           :same-as s4.i)
                                              :ARG1 (s80.t / this)
                                              :frequency (s80.t2 / time
                                                                 :mod (s80.a / all))
                                              :location (s80.l / lab)))
                 :mode "imperative"
                 :polarity "-")
   :snt81 (s81.g / go-24
                 :ARG1 (s81.w / we
                              :same-as s79.w)
                 :direction (s81.t / there))
   :snt82 (s82.o / okay-01)
   :snt83 (s83.s2 / show-01
                  :ARG0 (s83.i / i
                               :same-as s4.i)
                  :ARG1 (s83.t4 / thing
                                :ARG1-of (s83.s / same-01
                                                :mod (s83.e / exact))
                                :ARG2-of (s83.e2 / except-01
                                                 :ARG1 (s83.s3 / show-01
                                                               :ARG0 s83.i
                                                               :ARG2 (s83.y / you
                                                                            :same-as s41.p)
                                                               :time (s83.a / after
                                                                            :quant (s83.t3 / temporal-quantity
                                                                                           :unit (s83.h2 / hour)
                                                                                           :quant "1")
                                                                            :op1 (s83.t2 / take-01
                                                                                         :ARG0 s83.i
                                                                                         :ARG1 (s83.t / tablet
                                                                                                      :same-as s72.a2))))))
                  :ARG2 s83.y
                  :location (s83.v2 / video
                                    :location (s83.h / here)
                                    :same-as s83.v)
                  :rel (s83.v / video)
                  :time (s83.n / now))
   :snt84 (s84.a2 / and
                  :op1 (s84.s7 / stick-01
                               :ARG1 (s84.i / i
                                            :part (s84.a4 / arm)
                                            :same-as s4.i)
                               :ARG2 s84.a4)
                  :op2 (s84.g3 / give-01
                               :ARG0 s84.i
                               :ARG1 (s84.m / meal
                                            :mod (s84.b2 / blood)
                                            :mod (s84.j / juicy)
                                            :mod (s84.b / big))
                               :ARG2 (s84.t2 / they
                                             :same-as s76.m))
                  :op3 (s84.s4 / shake-01
                               :ARG0 s84.i
                               :ARG1 s84.t2
                               :direction (s84.o / off))
                  :op4 (s84.f2 / follow-01
                               :purpose (s84.s2 / see-01
                                                :ARG0 (s84.w / we
                                                             :same-as s79.w)
                                                :ARG1 (s84.m2 / mosquito
                                                              :mod (s84.t3 / this)
                                                              :same-as s76.m)
                                                :ARG1 (s84.g2 / get-03
                                                              :ARG1 s84.m2
                                                              :ARG2 (s84.s6 / sick-05
                                                                            :ARG1 s84.m2
                                                                            :degree (s84.v / very))
                                                              :mod (s84.i2 / indeed)))
                               :ARG0 s84.w
                               :ARG1 s84.t2
                               :ARG1-of (s84.s5 / show-01
                                                :location (s84.h / here)
                                                :manner (s84.m5 / motion
                                                                :ARG1-of (s84.f / fast-02)))
                               :path (s84.t4 / time))
                  :op5 (s84.s3 / see-01
                               :ARG0 s84.w
                               :ARG1 (s84.m3 / mosquito
                                             :ARG1-of (s84.d / die-01)
                                             :ARG1-of (s84.d2 / die-01
                                                              :degree (s84.v2 / very)))
                               :location (s84.b3 / bottom
                                                 :part-of (s84.c / cage
                                                                 :same-as s29.c))
                               :time (s84.a / after
                                            :quant (s84.t / temporal-quantity
                                                          :unit (s84.h2 / hour)
                                                          :quant "3")))
                  :op6 (s84.s / say-01
                              :ARG0 s84.i
                              :ARG1 (s84.s8 / swap-01
                                            :ARG0 s84.w
                                            :ARG1 (s84.c2 / card)
                                            :ARG2 (s84.m4 / mosquito))
                              :ARG2 (s84.a3 / and
                                            :op1 (s84.l / lady)
                                            :op2 (s84.g / gentleman)
                                            :same-as s41.p)))
   :snt85 (s85.s / say-01
                 :ARG1 (s85.p2 / prepare-02
                               :ARG0 (s85.p / person
                                            :name (s85.n / name
                                                         :op1 "Maastricht")
                                            :ARG2-of s85.s
                                            :same-as s41.p))
                 :time (s85.n2 / now))
   :snt86 (s86.t2 / think-01
                  :ARG0 (s86.y / you)
                  :ARG1 (s86.t / thing
                               :ARG1-of (s86.d / do-02
                                               :ARG0 (s86.w / we)
                                               :ARG1-of (s86.p / possible-01)
                                               :ARG2 (s86.t3 / this)))
                  :time (s86.n / now)
                  :mode "imperative")
   :snt87 (s87.p / possible-01
                 :ARG1 (s87.u / use-01
                              :ARG0 (s87.w / we)
                              :ARG1 (s87.t / this
                                           :same-as s86.t3)
                              :ARG2 (s87.c / contain-01
                                           :ARG0 s87.w
                                           :ARG1 (s87.b2 / break-out-30
                                                         :ARG1 (s87.a2 / and
                                                                       :op1 (s87.d / disease
                                                                                   :ARG1-of (s87.b / bear-02
                                                                                                   :ARG0 (s87.m / mosquito)))
                                                                       :op2 (s87.e / epidemic)))))
                 :ARG1-of (s87.a / actual-02)
                 :ARG1-of (s87.r / request-confirmation-91))
   :snt88 (s88.a / and
                 :op2 (s88.i / imagine-01
                             :ARG0 (s88.y / you)
                             :ARG1 (s88.e / event
                                          :condition (s88.t / take-01
                                                            :ARG0 (s88.e2 / everyone)
                                                            :ARG1 (s88.d / drug
                                                                         :mod (s88.t3 / this))
                                                            :duration (s88.t2 / temporal-quantity
                                                                              :mod (s88.j / just)
                                                                              :unit (s88.w / week)
                                                                              :quant "3")
                                                            :location (s88.a2 / area
                                                                              :mod (s88.l / large
                                                                                          :degree (s88.v / very)))))
                             :ARG1-of (s88.h / have-degree-91
                                             :ARG2 (s88.g / good-02
                                                          :ARG1 s88.i
                                                          :mod (s88.s / still))
                                             :ARG3 (s88.m / more))
                             :mode "imperative"))
   :snt89 (s89.g / give-01
                 :ARG0 (s89.t / that
                              :same-as s88.t)
                 :ARG1 (s89.o / opportunity
                              :topic (s89.e / eliminate-01
                                            :ARG0 (s89.w / we)
                                            :ARG1 (s89.m / malaria
                                                         :prep-as (s89.d / disease))
                                            :ARG1-of (s89.a / actual-02)))
                 :ARG2 s89.w)
   :snt90 (s90.a / and
                 :op1 (s90.c / cheese)
                 :op2 (s90.d / dog)
                 :op3 (s90.p / pill
                             :ARG0-of (s90.k / kill-01
                                             :ARG1 (s90.m / mosquito))))
   :snt91 (s91.s / science
                 :purpose (s91.c / contrast-01
                                 :ARG1 (s91.b / better-01
                                              :ARG1 (s91.m / mankind))
                                 :ARG2 (s91.p / possible-01
                                              :ARG1 (s91.g / grow-up-04
                                                           :ARG1 (s91.s2 / she
                                                                         :same-as s10.p)
                                                           :location (s91.w / world
                                                                            :ARG0-of (s91.h / have-03
                                                                                            :ARG1 (s91.d / disease
                                                                                                         :name (s91.n / name
                                                                                                                      :op1 "Malaria"))
                                                                                            :polarity "-")))
                                              :mod (s91.e / especially)))
                 :ARG1-of (s91.o / out-06
                                 :ARG2 (s91.b2 / box))
                 :ARG1-of (s91.d2 / do-02
                                  :ARG0 (s91.i / i
                                               :same-as s4.i)
                                  :ARG1-of (s91.l / love-01
                                                  :ARG0 s91.i))
                 :mod (s91.k / kind))
   :snt92 (s92.t / thank-01
                 :ARG1 (s92.y / you
                              :same-as s4.i)))

