# ::id doc-57
# ::doc_file doc-57
# ::tok http : / / www . ted . com / talks / nigel_marsh_how_to_make_work_life_balance_work< / url> <next_sent> What I thought I would do is I would start with a simple request . <next_sent> I 'd like all of you to pause for a moment , you wretched weaklings , and take stock of your miserable existence . <next_sent> Now that was the advice that St. Benedict gave his rather startled followers in the fifth century . <next_sent> It was the advice that I decided to follow myself when I turned 40 . <next_sent> Up until that moment , I had been that classic corporate warrior -- I was eating too much , I was drinking too much , I was working too hard and I was neglecting the family . <next_sent> And I decided that I would try and turn my life around . <next_sent> In particular , I decided I would try to address the thorny issue of work - life balance . <next_sent> So I stepped back from the workforce , and I spent a year at home with my wife and four young children . <next_sent> But all I learned about work - life balance from that year was that I found it quite easy to balance work and life when I did n't have any work . <next_sent> Not a very useful skill , especially when the money runs out . <next_sent> So I went back to work , and I 've spent these seven years since struggling with , studying and writing about work - life balance . <next_sent> And I have four observations I 'd like to share with you today . <next_sent> The first is : if society 's to make any progress on this issue , we need an honest debate . <next_sent> But the trouble is so many people talk so much rubbish about work - life balance . <next_sent> All the discussions about flexi - time or dress - down Fridays or paternity leave only serve to mask the core issue , which is that certain job and career choices are fundamentally incompatible with being meaningfully engaged on a day - to - day basis with a young family . <next_sent> Now the first step in solving any problem is acknowledging the reality of the situation you 're in . <next_sent> And the reality of the society that we 're in is there are thousands and thousands of people out there leading lives of quiet , screaming desperation , where they work long , hard hours at jobs they hate to enable them to buy things they do n't need to impress people they do n't like . <next_sent> It 's my contention that going to work on Friday in jeans and [ a ] T - shirt is n't really getting to the nub of the issue . <next_sent> The second observation I 'd like to make is we need to face the truth that governments and corporations are n't going to solve this issue for us . <next_sent> We should stop looking outside . <next_sent> It 's up to us as individuals to take control and responsibility for the type of lives that we want to lead . <next_sent> If you do n't design your life , someone else will design it for you , and you may just not like their idea of balance . <next_sent> It 's particularly important -- <next_sent> this is n't on the World Wide Web , is it ? <next_sent> I 'm about to get fired -- <next_sent> it 's particularly important that you never put the quality of your life in the hands of a commercial corporation . <next_sent> Now I 'm not talking here just about the bad companies -- the " abattoirs of the human soul , " as I call them . <next_sent> I 'm talking about all companies . <next_sent> Because commercial companies are inherently designed to get as much out of you [ as ] they can get away with . <next_sent> It 's in their nature ; it 's in their DNA ; it 's what they do -- even the good , well - intentioned companies . <next_sent> On the one hand , putting childcare facilities in the workplace is wonderful and enlightened . <next_sent> On the other hand , it 's a nightmare -- it just means you spend more time at the bloody office . <next_sent> We have to be responsible for setting and enforcing the boundaries that we want in our life . <next_sent> The third observation is we have to be careful with the time frame that we choose upon which to judge our balance . <next_sent> Before I went back to work after my year at home , I sat down and I wrote out a detailed , step - by - step description of the ideal balanced day that I aspired to . <next_sent> And it went like this : wake up well rested after a good night 's sleep . <next_sent> Have s ex. <next_sent> Walk the dog . <next_sent> Have breakfast with my wife and children . <next_sent> Have sex again . <next_sent> Drive the kids to school on the way to the office . <next_sent> Do three hours ' work . <next_sent> Play a sport with a friend at lunchtime . <next_sent> Do another three hours ' work . <next_sent> Meet some mates in the pub for an early evening drink . <next_sent> Drive home for dinner with my wife and kids . <next_sent> Meditate for half an hour . <next_sent> Have s ex. <next_sent> Walk the dog . <next_sent> Have sex again . <next_sent> Go to bed . <next_sent> How often do you think I have that day ? <next_sent> We need to be realistic . <next_sent> You ca n't do it all in one day . <next_sent> We need to elongate the time frame upon which we judge the balance in our life , but we need to elongate it without falling into the trap of the " I 'll have a life when I retire , when my kids have left home , when my wife has divorced me , my health is failing , I 've got no mates or interests left . " <next_sent> A day is too short ; " after I retire " is too long . <next_sent> There 's got to be a middle way . <next_sent> A fourth observation : We need to approach balance in a balanced way . <next_sent> And I realize that my life is completely out of balance . <next_sent> It 's totally dominated by work . <next_sent> I work 10 hours a day ; I commute two hours a day . <next_sent> All of my relationships have failed . <next_sent> There 's nothing in my life apart from my work . <next_sent> So I 've decided to get a grip and sort it out . <next_sent> So I joined a gym . " <next_sent> Now I do n't mean to mock , but being a fit 10 - hour - a - day office rat is n't more balanced ; it 's more fit . <next_sent> Lovely though physical exercise may be , there are other parts to life -- there 's the intellectual side ; there 's the emotional side ; there 's the spiritual side . <next_sent> And to be balanced , I believe we have to attend to all of those areas -- not just do 50 stomach crunches . <next_sent> Now that can be daunting . <next_sent> Because people say , " Bloody hell mate , I have n't got time to get fit . <next_sent> You want me to go to church and call my mother . " <next_sent> And I understand . <next_sent> I truly understand how that can be daunting . <next_sent> But an incident that happened a couple of years ago gave me a new perspective . <next_sent> My wife , who is somewhere in the audience today , called me up at the office and said , " Nigel , you need to pick our youngest son " -- Harry -- " up from school . " <next_sent> Because she had to be somewhere else with the other three children for that evening . <next_sent> So I left work an hour early that afternoon and picked Harry up at the school gates . <next_sent> We walked down to the local park , messed around on the swings , played some silly games . <next_sent> I then walked him up the hill to the local cafe , and we shared a pizza for two , then walked down the hill to our home , and I gave him his bath and put him in his Batman pajamas . <next_sent> I then read him a chapter of Roald Dahl 's " James and the Giant Peach . " <next_sent> I then put him to bed , tucked him in , gave him a kiss on his forehead and said , " Goodnight , mate , " and walked out of his bedroom . <next_sent> As I was walking out of his bedroom , he said , " Dad ? " I went , " Yes , mate ? " <next_sent> He went , " Dad , this has been the best day of my life , ever . " <next_sent> I had n't done anything , had n't taken him to Disney World or bought him a Playstation . <next_sent> Now my point is the small things matter . <next_sent> Being more balanced does n't mean dramatic upheaval in your life . <next_sent> With the smallest investment in the right places , you can radically transform the quality of your relationships and the quality of your life . <next_sent> Moreover , I think , it can transform society . <next_sent> Because if enough people do it , we can change society 's definition of success away from the moronically simplistic notion that the person with the most money when he dies wins , to a more thoughtful and balanced definition of what a life well lived looks like . <next_sent> And that , I think , is an idea worth spreading .
(d / document
   :snt1 (s1.u / url-entity
               :op1 (s1.i / Middle)
               :polarity "-")
   :snt2 (s2.t / think-01
               :ARG0 (s2.i / i)
               :ARG1 (s2.d / do-02
                           :ARG0 s2.i
                           :ARG1 (s2.s2 / start-01
                                        :ARG0 s2.i
                                        :ARG2 (s2.r / request-01
                                                    :ARG1-of (s2.s / simple-02)))))
   :snt3 (s3.l / like-02
               :ARG0 (s3.i / i
                           :same-as s2.i)
               :ARG1 (s3.a2 / and
                            :op1 (s3.p / pause-01
                                       :ARG0 (s3.y / you
                                                   :ARG1-of (s3.w / weak-02
                                                                  :same-as s3.a)
                                                   :mod (s3.a / all)
                                                   :mod (s3.w2 / wretched))
                                       :duration (s3.m2 / moment))
                            :op2 (s3.s / stock-01
                                       :ARG0 s3.y
                                       :ARG1 (s3.e / existence
                                                   :mod (s3.m / miserable)
                                                   :poss s3.y))))
   :snt4 (s4.a / advise-01
               :ARG1 (s4.p / person
                           :name (s4.n / name
                                       :op1 "St."
                                       :op2 "Benedict"))
               :ARG1 (s4.p2 / person
                            :ARG0-of (s4.f / follow-02
                                           :ARG1 s4.p)
                            :ARG1-of (s4.a2 / alarm-01
                                            :degree (s4.r / rather)))
               :ARG2 (s4.t / that)
               :time (s4.d / date-entity
                           :century "5"))
   :snt5 (s5.d / decide-01
               :ARG0 (s5.i / i
                           :same-as s2.i)
               :ARG1 (s5.f / follow-01
                           :ARG0 s5.i
                           :ARG1 s5.i
                           :ARG2 s5.i)
               :ARG2-of (s5.a / advise-01
                              :ARG1 s5.i)
               :time (s5.t2 / turn-02
                            :ARG1 s5.i
                            :ARG2 (s5.t / temporal-quantity
                                        :unit (s5.y / year)
                                        :quant "40")))
   :snt6 (s6.w / warrior
               :domain (s6.i / i
                             :same-as s2.i)
               :example (s6.a / and
                              :op1 (s6.e / eat-01
                                         :ARG0 s6.i
                                         :ARG1-of (s6.h3 / have-quant-91
                                                         :ARG2 (s6.m2 / much)
                                                         :ARG3 (s6.t3 / too)))
                              :op2 (s6.d / drink-01
                                         :ARG0 s6.i
                                         :ARG1-of (s6.h4 / have-quant-91
                                                         :ARG2 (s6.m3 / much)
                                                         :ARG3 (s6.t4 / too)))
                              :op3 (s6.w2 / work-01
                                          :ARG0 s6.i
                                          :ARG1-of (s6.h2 / have-degree-91
                                                          :ARG2 (s6.h / hard-02
                                                                      :ARG1 s6.w2)
                                                          :ARG3 (s6.t5 / too)))
                              :op4 (s6.n / neglect-01
                                         :ARG0 s6.i
                                         :ARG1 (s6.f / family)))
               :mod (s6.c2 / corporate)
               :mod (s6.c / classic)
               :mod (s6.t2 / that)
               :time (s6.u / until
                           :op1 (s6.m / moment
                                      :mod (s6.t / that))))
   :snt7 (s7.a / and
               :op2 (s7.d / decide-01
                          :ARG0 (s7.i / i
                                      :same-as s2.i)
                          :ARG1 (s7.t / try-01
                                      :ARG0 s7.i
                                      :ARG1 (s7.t2 / turn-01
                                                   :ARG0 s7.i
                                                   :ARG1 (s7.l / life
                                                               :poss s7.i)
                                                   :direction (s7.a2 / around)))))
   :snt8 (s8.d / decide-01
               :ARG0 (s8.i / i
                           :same-as s2.i)
               :ARG1 (s8.t2 / try-01
                            :ARG0 s8.i
                            :ARG1 (s8.a / address-02
                                        :ARG0 s8.i
                                        :ARG1 (s8.i2 / issue-02
                                                     :ARG0 (s8.b / balance-01
                                                                 :ARG1 (s8.l / life)
                                                                 :ARG3 (s8.w / work-01))
                                                     :mod (s8.t / thorny))))
               :mod (s8.p / particular))
   :snt9 (s9.c / cause-01
               :ARG1 (s9.a / and
                           :op1 (s9.s2 / step-01
                                       :ARG0 (s9.i / i
                                                   :same-as s2.i)
                                       :ARG1 (s9.w2 / workforce)
                                       :ARG2 (s9.b / back))
                           :op2 (s9.s / spend-02
                                      :ARG0 s9.i
                                      :ARG1 (s9.t / temporal-quantity
                                                  :unit (s9.y / year)
                                                  :quant "1")
                                      :ARG2 (s9.b2 / be-located-at-91
                                                   :ARG1 s9.i
                                                   :ARG2 (s9.h3 / home)
                                                   :accompanier (s9.a2 / and
                                                                       :op1 (s9.p / person
                                                                                  :ARG0-of (s9.h / have-rel-role-91
                                                                                                 :ARG1 s9.i
                                                                                                 :ARG2 (s9.w / wife)))
                                                                       :op2 (s9.p2 / person
                                                                                   :ARG0-of (s9.h2 / have-rel-role-91
                                                                                                   :ARG1 s9.i
                                                                                                   :ARG2 (s9.c2 / child))
                                                                                   :mod (s9.y2 / young)
                                                                                   :quant "4"))))))
   :snt10 (s10.c / contrast-01
                 :ARG2 (s10.l / learn-01
                              :ARG0 (s10.i / i
                                           :same-as s2.i)
                              :ARG1 (s10.b / balance-01
                                           :ARG1 (s10.w / work-01
                                                        :ARG0 s10.i)
                                           :ARG1 (s10.l2 / life))
                              :ARG1 (s10.f / find-01
                                           :ARG0 s10.i
                                           :ARG1 (s10.e / easy-05
                                                        :ARG1 (s10.b2 / balance-01
                                                                      :ARG0 s10.i
                                                                      :ARG1 (s10.a2 / and
                                                                                    :op1 s10.w
                                                                                    :op2 s10.l2))
                                                        :degree (s10.q / quite))
                                           :time (s10.h / have-03
                                                        :ARG0 s10.i
                                                        :ARG1 (s10.w2 / work-01
                                                                      :quant (s10.a3 / any)
                                                                      :ARG0 s10.i)
                                                        :polarity "-"))
                              :mod (s10.a / all)
                              :time (s10.y / year
                                           :mod (s10.t / that)
                                           :same-as s9.t)))
   :snt11 (s11.u / useful-05
                 :ARG1 (s11.s / skill)
                 :degree (s11.v / very)
                 :time (s11.r / run-out-05
                              :ARG1 (s11.m / money)
                              :mod (s11.e / especially))
                 :polarity "-")
   :snt12 (s12.a / and
                 :op1 (s12.c / cause-01
                             :ARG1 (s12.g / go-back-19
                                          :ARG1 (s12.i / i
                                                       :same-as s2.i)
                                          :ARG2 (s12.w / work-01
                                                       :ARG0 s12.i)))
                 :op2 (s12.s2 / spend-02
                              :ARG0 s12.i
                              :ARG1 (s12.t / temporal-quantity
                                           :mod (s12.t2 / this)
                                           :unit (s12.y / year)
                                           :quant "7")
                              :ARG2 (s12.a2 / and
                                            :op1 (s12.s4 / study-01
                                                         :ARG0 s12.i
                                                         :ARG1 (s12.b / balance-01
                                                                      :ARG1 (s12.l / life
                                                                                   :mod (s12.w2 / work-01))))
                                            :op2 (s12.w3 / write-01
                                                         :ARG0 s12.i
                                                         :topic s12.b))
                              :time (s12.s / since
                                           :op1 (s12.s3 / struggle-02
                                                        :ARG0 s12.i))))
   :snt13 (s13.a / and
                 :op2 (s13.h / have-03
                             :ARG0 (s13.i / i
                                          :same-as s2.i)
                             :ARG1 (s13.t / thing
                                          :ARG1-of (s13.o / observe-01
                                                          :ARG0 s13.i)
                                          :ARG1-of (s13.s / share-01
                                                          :ARG0 s13.i
                                                          :ARG1-of (s13.l / like-02
                                                                          :ARG0 s13.i)
                                                          :ARG2 (s13.y / you
                                                                       :same-as s3.a)
                                                          :time (s13.t2 / today))
                                          :quant "4")))
   :snt14 (s14.n / need-01
                 :ARG0 (s14.w / we)
                 :ARG1 (s14.d / debate-01
                              :ARG1-of (s14.h / honest-01))
                 :condition (s14.p / progress-01
                                   :ARG1 (s14.s / society)
                                   :ARG1 (s14.i / issue
                                                :mod (s14.t / this)
                                                :same-as s12.b)
                                   :mod (s14.a / any))
                 :ord (s14.o / ordinal-entity
                             :value "1"))
   :snt15 (s15.c / contrast-01
                 :ARG2 (s15.t2 / trouble-05
                               :ARG0 (s15.t / talk-01
                                            :ARG0 (s15.p / person
                                                         :ARG1-of (s15.h / have-quant-91
                                                                         :ARG2 (s15.m / many)
                                                                         :ARG3 (s15.s / so)))
                                            :ARG1 (s15.r / rubbish
                                                         :ARG1-of (s15.h2 / have-quant-91
                                                                          :ARG2 (s15.m2 / much)
                                                                          :ARG3 (s15.s2 / so)))
                                            :topic (s15.b / balance-01
                                                          :ARG1 (s15.l / life
                                                                       :mod (s15.w / work-01))))))
   :snt16 (s16.s / serve-01
                 :ARG0 (s16.d4 / discuss-01
                               :ARG1 (s16.o2 / or
                                             :op1 (s16.t / time
                                                         :mode "expressive")
                                             :op2 (s16.d6 / dress-01
                                                          :mod (s16.d5 / down)
                                                          :time (s16.d / date-entity
                                                                       :weekday (s16.f2 / friday)))
                                             :op3 (s16.l / leave-09
                                                         :ARG2 (s16.p / paternity)))
                               :mod (s16.a / all))
                 :ARG1 (s16.m / mask-01
                              :ARG0 s16.d4
                              :ARG1 (s16.i / issue-02
                                           :ARG0 (s16.c4 / compatible
                                                         :manner (s16.f3 / fundamental)
                                                         :prep-with (s16.e / engage-01
                                                                           :ARG0-of (s16.m2 / meaningful-05)
                                                                           :ARG1 (s16.f / family
                                                                                        :mod (s16.y / young))
                                                                           :mod (s16.b / basis
                                                                                       :mod (s16.d2 / day
                                                                                                    :prep-to (s16.d3 / day))))
                                                         :polarity "-")
                                           :domain-of s16.c4
                                           :mod (s16.c5 / core)))
                 :mod (s16.o / only)
                 :rel (s16.c3 / choose-01
                              :ARG1 (s16.a2 / and
                                            :op1 (s16.j / job)
                                            :op2 (s16.c / career))
                              :mod (s16.c2 / certain)))
   :snt17 (s17.s3 / step-01
                  :ARG1 (s17.a / acknowledge-01
                               :ARG1 (s17.r / reality
                                            :poss (s17.s / situation
                                                         :location-of (s17.y / you))))
                  :ARG2 (s17.s2 / solve-01
                                :ARG1 (s17.p / problem
                                             :mod (s17.a2 / any)))
                  :ord (s17.o / ordinal-entity
                              :value "1")
                  :time (s17.n / now))
   :snt18 (s18.a / and
                 :rel (s18.r / reality
                             :poss (s18.s2 / society
                                           :domain (s18.w / we))
                             :same-as s17.r)
                 :rel (s18.l / lead-02
                             :ARG0 (s18.p / person
                                          :quant (s18.m / multiple
                                                        :op1 "1000")
                                          :location-of (s18.w2 / work-01
                                                               :ARG1 (s18.j / job)
                                                               :duration (s18.h3 / hour
                                                                                 :ARG1-of (s18.h / hard-02)
                                                                                 :ARG1-of (s18.l3 / long-03)))
                                          :ARG0-of s18.w2)
                             :ARG1 (s18.l2 / life
                                           :ARG1-of (s18.q / quiet-04)
                                           :time-of (s18.d / despair-01
                                                           :ARG0 s18.p
                                                           :ARG0-of (s18.s / scream-01))))
                 :rel (s18.h2 / hate-01
                              :purpose (s18.e / enable-01
                                              :ARG0 s18.p
                                              :ARG1 (s18.b / buy-01
                                                           :ARG0 s18.p
                                                           :ARG1 (s18.t / thing
                                                                        :ARG1-of (s18.n / need-01
                                                                                        :purpose (s18.i / impress-01
                                                                                                        :ARG0 s18.p
                                                                                                        :ARG1 (s18.p2 / person))
                                                                                        :ARG0 s18.p
                                                                                        :polarity "-")
                                                                        :ARG1-of (s18.d2 / dislike-01
                                                                                         :ARG0 s18.p)))
                                              :ARG2 s18.p)
                              :ARG0 s18.p)
                 :rel (s18.o / out-there))
   :snt19 (s19.c / contend-01
                 :ARG0 (s19.i / i
                              :same-as s2.i)
                 :ARG1 (s19.g / get-05
                              :ARG0 (s19.g2 / go-02
                                            :ARG4 (s19.w2 / work-01)
                                            :manner (s19.w / wear-01
                                                           :ARG1 (s19.a / and
                                                                        :op1 (s19.j / jeans)
                                                                        :op2 (s19.t / t-shirt)))
                                            :time (s19.d / date-entity
                                                         :weekday (s19.f / friday)))
                              :ARG1-of (s19.r / real-04)
                              :ARG2 (s19.n / nub
                                           :part-of (s19.i2 / issue-02
                                                            :same-as s12.b))
                              :polarity "-"))
   :snt20 (s20.o / observe-01
                 :ARG0 (s20.i / i
                              :same-as s2.i)
                 :ARG1 (s20.n / need-01
                              :ARG0 (s20.w / we)
                              :ARG1 (s20.f / face-01
                                           :ARG0 s20.w
                                           :ARG1 (s20.t2 / true-01
                                                         :ARG1 (s20.s / solve-01
                                                                      :ARG0 (s20.a / and
                                                                                   :op1 (s20.g2 / government-organization
                                                                                                :ARG0-of (s20.g / govern-01))
                                                                                   :op2 (s20.c / corporation))
                                                                      :ARG1 (s20.i2 / issue-02
                                                                                    :mod (s20.t / this)
                                                                                    :same-as s12.b)
                                                                      :beneficiary s20.w
                                                                      :polarity "-"))))
                 :ARG1-of (s20.l / like-02
                                 :ARG0 s20.i)
                 :ord (s20.o2 / ordinal-entity
                              :value "2"))
   :snt21 (s21.r / recommend-01
                 :ARG1 (s21.s / stop-01
                              :ARG0 (s21.w / we)
                              :ARG1 (s21.l / look-01
                                           :ARG0 s21.w
                                           :ARG1 (s21.o / outside))))
   :snt22 (s22.r / responsible-03
                 :ARG0 (s22.a / and
                              :op1 (s22.c / control-01
                                          :ARG0 (s22.w2 / we
                                                        :mod (s22.i / individual))
                                          :ARG1 (s22.l2 / life
                                                        :ARG1-of (s22.l / lead-02
                                                                        :ARG0 s22.w2
                                                                        :ARG1-of (s22.w / want-01
                                                                                        :ARG0 s22.w2))
                                                        :mod (s22.t / type)))
                              :op2 (s22.r2 / responsible-03
                                           :ARG0 s22.w2
                                           :ARG1 s22.l2))
                 :ARG1 s22.w2)
   :snt23 (s23.a / and
                 :condition (s23.d / design-01
                                   :ARG0 (s23.y / you)
                                   :ARG1 (s23.l / life
                                                :poss s23.y)
                                   :polarity "-")
                 :op1 (s23.d2 / design-01
                              :ARG0 (s23.s / someone
                                           :mod (s23.e / else))
                              :ARG1 s23.l
                              :ARG2 s23.y)
                 :op2 (s23.p / possible-01
                             :ARG1 (s23.d3 / dislike-01
                                           :ARG0 s23.y
                                           :ARG1 (s23.i / idea
                                                        :poss s23.s
                                                        :topic (s23.b / balance-01))
                                           :mod (s23.j / just))))
   :snt24 (s24.i / important-01
                 :ARG1 (s24.i2 / it)
                 :mod (s24.p / particular))
   :snt25 (s25.b / be-located-at-91
                 :ARG1 (s25.t / this)
                 :ARG1-of (s25.r / request-confirmation-91)
                 :ARG2 (s25.i / internet
                              :name (s25.n / name
                                           :op1 "World"
                                           :op2 "Wide"
                                           :op3 "Web"))
                 :polarity "-")
   :snt26 (s26.f / fire-02
                 :ARG1 (s26.i / i
                              :same-as s2.i)
                 :time (s26.a / about-to))
   :snt27 (s27.i / important-01
                 :ARG1 (s27.p2 / put-01
                               :ARG0 (s27.y / you)
                               :ARG1 (s27.q / quality
                                            :poss (s27.l / live-01
                                                         :ARG0 s27.y))
                               :ARG2 (s27.i2 / in-ones-hands-07
                                             :ARG0 (s27.c2 / corporation
                                                           :mod (s27.c / commerce))
                                             :ARG1 s27.q)
                               :time (s27.e / ever)
                               :polarity "-")
                 :mod (s27.p / particular))
   :snt28 (s28.t / talk-01
                 :ARG0 (s28.i / i
                              :same-as s2.i)
                 :ARG1 (s28.c2 / company
                               :ARG1-of (s28.b / bad-07)
                               :mod (s28.a / animal
                                           :ARG0-of (s28.s / slaughter-01
                                                           :ARG1 (s28.s2 / soul
                                                                         :part-of (s28.h2 / human)))
                                           :ARG2-of (s28.c / call-01
                                                           :ARG0 s28.i
                                                           :ARG1 s28.c2)))
                 :location (s28.h / here)
                 :mod (s28.j / just)
                 :time (s28.n / now)
                 :polarity "-")
   :snt29 (s29.t / talk-01
                 :ARG0 (s29.i / i
                              :same-as s2.i)
                 :ARG1 (s29.c / company
                              :mod (s29.a / all)))
   :snt30 (s30.c / cause-01
                 :ARG0 (s30.d / design-01
                              :ARG1 (s30.c3 / company
                                            :mod (s30.c2 / commerce))
                              :ARG3 (s30.g / get-01
                                           :ARG0 s30.c3
                                           :ARG1 (s30.t / thing
                                                        :ARG1-of (s30.h / have-quant-91
                                                                        :ARG2 (s30.m / much)
                                                                        :ARG3 (s30.e / equal)
                                                                        :ARG4 (s30.p / possible-01
                                                                                     :ARG1 (s30.g2 / get-away-08
                                                                                                   :ARG0 s30.c3
                                                                                                   :ARG1 s30.t))))
                                           :ARG2 (s30.y / you))
                              :manner (s30.i / inherent)))
   :snt31 (s31.a / and
                 :op1 (s31.n2 / nature
                              :location-of (s31.i2 / it
                                                   :same-as s30.g)
                              :poss (s31.t / they
                                           :part (s31.n3 / nucleic-acid
                                                         :name (s31.n / name
                                                                      :op1 "DNA"))
                                           :same-as s30.c3))
                 :op2 (s31.i3 / it
                              :location s31.n3
                              :same-as s30.g)
                 :op3 (s31.t2 / thing
                              :ARG1-of (s31.d / do-02
                                              :ARG0 s31.t)
                              :domain s31.i2)
                 :op4 (s31.c / company
                             :ARG0-of (s31.i / intend-01
                                             :ARG1-of (s31.g2 / good-02))
                             :ARG1-of (s31.g / good-02)
                             :mod (s31.e / even)
                             :same-as s30.c3))
   :snt32 (s32.c3 / contrast-01
                  :ARG1 (s32.a / and
                               :op1 (s32.w / wonderful-03
                                           :ARG1 (s32.p / put-01
                                                        :ARG1 (s32.f / facility
                                                                     :ARG0-of (s32.c / care-03
                                                                                     :ARG1 (s32.c2 / child)))
                                                        :ARG2 (s32.w2 / workplace)))
                               :op2 (s32.e / enlighten-01
                                           :ARG1 s32.p)))
   :snt33 (s33.c / contrast-01
                 :ARG2 (s33.n / nightmare
                              :ARG1-of (s33.m / mean-01
                                              :ARG2 (s33.s / spend-02
                                                           :ARG0 (s33.y / you)
                                                           :ARG1 (s33.t / time
                                                                        :quant (s33.m2 / more))
                                                           :location (s33.o / office
                                                                            :mod (s33.b / bloody)))
                                              :mod (s33.j / just))
                              :domain (s33.i / it
                                             :same-as s32.p)))
   :snt34 (s34.o / obligate-01
                 :ARG2 (s34.r / responsible-03
                              :ARG0 (s34.w2 / we)
                              :ARG1 (s34.a / and
                                           :op1 (s34.s / set-02
                                                       :ARG0 s34.w2
                                                       :ARG1 (s34.b / boundary
                                                                    :ARG1-of (s34.w / want-01
                                                                                    :purpose (s34.l / life
                                                                                                    :poss s34.w2)
                                                                                    :ARG0 s34.w2)))
                                           :op2 (s34.e / enforce-01
                                                       :ARG0 s34.w2
                                                       :ARG1 s34.b))))
   :snt35 (s35.o2 / observe-01
                  :ARG1 (s35.o / obligate-01
                               :ARG1 (s35.w / we)
                               :ARG2 (s35.c / care-04
                                            :ARG0 s35.w
                                            :ARG1 (s35.f / frame
                                                         :ARG1-of (s35.c2 / choose-01
                                                                          :ARG0 s35.w)
                                                         :mod (s35.t / time)
                                                         :time-of (s35.j / judge-01
                                                                         :ARG0 s35.w
                                                                         :ARG1 (s35.b / balance
                                                                                      :poss s35.w)))))
                  :ord (s35.o3 / ordinal-entity
                               :value "3"))
   :snt36 (s36.a2 / and
                  :op1 (s36.s / sit-down-02
                              :ARG1 (s36.i / i
                                           :same-as s2.i))
                  :op2 (s36.w2 / write-01
                               :ARG0 s36.i
                               :ARG1 (s36.d2 / describe-01
                                             :ARG0 s36.i
                                             :ARG1 (s36.d / day
                                                          :ARG1-of (s36.b / balance-01)
                                                          :ARG1-of (s36.a3 / aspire-01
                                                                           :ARG0 s36.i)
                                                          :mod (s36.i2 / ideal))
                                             :ARG1-of (s36.d3 / detail-01)
                                             :manner (s36.p / phase-by-phase)))
                  :time (s36.b3 / before
                                :op1 (s36.g / go-back-19
                                            :ARG1 s36.i
                                            :ARG2 (s36.w / work-01
                                                         :ARG0 s36.i)
                                            :time (s36.a / after
                                                         :op1 (s36.t / temporal-quantity
                                                                     :unit (s36.y / year)
                                                                     :quant "1")
                                                         :op1 (s36.b2 / be-located-at-91
                                                                      :ARG1 s36.i
                                                                      :ARG2 (s36.h / home)
                                                                      :duration s36.t)))))
   :snt37 (s37.a2 / and
                  :op2 (s37.g / go-06
                              :ARG0 (s37.i / it
                                           :same-as s36.d2)
                              :ARG1-of (s37.r / resemble-01
                                              :ARG2 (s37.t / this
                                                           :ARG1-of (s37.m / mean-01
                                                                           :ARG2 (s37.w / wake-up-02
                                                                                        :ARG1 (s37.y / you)
                                                                                        :manner (s37.r2 / rest-01
                                                                                                        :ARG1 s37.y
                                                                                                        :ARG1-of (s37.w2 / well-09))
                                                                                        :time (s37.a / after
                                                                                                     :op1 (s37.s / sleep-01
                                                                                                                 :duration (s37.n / night
                                                                                                                                  :ARG1-of (s37.g2 / good-02))))))))))
   :snt38 (s38.s / sex-01)
   :snt39 (s39.w / walk-01
                 :ARG0 (s39.d / dog))
   :snt40 (s40.h / have-06
                 :ARG0 (s40.y / you)
                 :ARG1 (s40.b / breakfast-01)
                 :accompanier (s40.a / and
                                     :op1 (s40.p / person
                                                 :ARG0-of (s40.h2 / have-rel-role-91
                                                                  :ARG1 (s40.i / i
                                                                               :same-as s2.i)
                                                                  :ARG2 (s40.w / wife))
                                                 :same-as s9.p)
                                     :op2 (s40.p2 / person
                                                  :ARG0-of (s40.h3 / have-rel-role-91
                                                                   :ARG1 s40.i
                                                                   :ARG2 (s40.c / child))))
                 :mode "imperative")
   :snt41 (s41.h / have-06
                 :ARG0 (s41.y / you)
                 :ARG1 (s41.s / sex-01
                              :ARG0 s41.y
                              :mod (s41.a / again))
                 :mode "imperative")
   :snt42 (s42.d / drive-01
                 :ARG0 (s42.y / you)
                 :ARG1 (s42.k / kid)
                 :destination (s42.s / school)
                 :time (s42.w / way
                              :direction (s42.o / office))
                 :mode "imperative")
   :snt43 (s43.d / do-02
                 :ARG0 (s43.y / you)
                 :ARG1 (s43.w / work-01
                              :ARG0 s43.y
                              :duration (s43.t / temporal-quantity
                                               :unit (s43.h / hour)
                                               :quant "3"))
                 :mode "imperative")
   :snt44 (s44.p2 / play-01
                  :ARG0 (s44.y / you)
                  :ARG1 (s44.s / sport)
                  :accompanier (s44.p / person
                                      :ARG0-of (s44.h / have-rel-role-91
                                                      :ARG2 (s44.f / friend)))
                  :time (s44.l / lunch-01)
                  :mode "imperative")
   :snt45 (s45.d / do-02
                 :ARG0 (s45.y / you)
                 :ARG1 (s45.w / work-01
                              :ARG0 s45.y
                              :duration (s45.t / temporal-quantity
                                               :unit (s45.h / hour)
                                               :quant "3")
                              :mod (s45.a / another))
                 :mode "imperative")
   :snt46 (s46.m2 / meet-03
                  :purpose (s46.d2 / drink-01
                                   :ARG0 (s46.y / you)
                                   :time (s46.e / early
                                                :op1 (s46.d / date-entity
                                                            :dayperiod (s46.e2 / evening))))
                  :ARG0 s46.y
                  :ARG1 (s46.p / person
                               :quant (s46.s / some)
                               :ARG0-of (s46.h / have-rel-role-91
                                               :ARG1 s46.y
                                               :ARG2 (s46.m / mate)))
                  :location (s46.p2 / pub))
   :snt47 (s47.d2 / drive-01
                  :purpose (s47.d / dinner)
                  :ARG0 (s47.i / i
                               :same-as s2.i)
                  :accompanier (s47.a / and
                                      :op1 (s47.p / person
                                                  :ARG0-of (s47.h / have-rel-role-91
                                                                  :ARG1 s47.i
                                                                  :ARG2 (s47.w / wife))
                                                  :same-as s9.p)
                                      :op2 (s47.p2 / person
                                                   :ARG0-of (s47.h2 / have-rel-role-91
                                                                    :ARG1 s47.i
                                                                    :ARG2 (s47.k / kid)))
                                      :same-as s40.a)
                  :destination (s47.h3 / home))
   :snt48 (s48.m / meditate-01
                 :ARG0 (s48.y / you)
                 :duration (s48.t / temporal-quantity
                                  :quant (s48.h / half)
                                  :unit (s48.h2 / hour))
                 :mode "imperative")
   :snt49 (s49.s / sex-01)
   :snt50 (s50.w / walk-01
                 :ARG0 (s50.d / dog
                              :same-as s39.d))
   :snt51 (s51.h / have-06
                 :ARG0 (s51.y / you)
                 :ARG1 (s51.s / sex-01
                              :ARG0 s51.y
                              :mod (s51.a / again))
                 :mode "imperative")
   :snt52 (s52.g / go-02
                 :ARG0 (s52.y / you)
                 :ARG4 (s52.b / bed-02
                              :ARG1 s52.y)
                 :mode "imperative")
   :snt53 (s53.t2 / think-01
                  :ARG0 (s53.y / you
                               :same-as s2.i)
                  :ARG1 (s53.h / have-03
                               :ARG0 (s53.i / i
                                            :same-as s2.i)
                               :ARG1 (s53.d / day
                                            :mod (s53.t / that)
                                            :same-as s36.d)
                               :frequency (s53.a / amr-unknown)))
   :snt54 (s54.n / need-01
                 :ARG0 (s54.w / we)
                 :ARG1 (s54.r / realistic-03
                              :ARG1 s54.w))
   :snt55 (s55.p / possible-01
                 :ARG1 (s55.d2 / do-02
                               :ARG0 (s55.y / you)
                               :ARG1 (s55.i / it
                                            :mod (s55.a / all))
                               :duration (s55.t / temporal-quantity
                                                :unit (s55.d / day)
                                                :quant "1"))
                 :polarity "-")
   :snt56 (s56.c / contrast-01
                 :ARG1 (s56.n2 / need-01
                               :ARG0 (s56.w / we))
                 :ARG2 (s56.n3 / need-01
                               :ARG0 (s56.n / International)
                               :ARG1 (s56.e / extend-01
                                            :ARG0 s56.w
                                            :ARG1 (s56.f3 / frame
                                                          :ARG2-of (s56.j / judge-01
                                                                          :ARG0 s56.w
                                                                          :ARG1 (s56.b / balance-01
                                                                                       :ARG1 (s56.l4 / live-01
                                                                                                     :ARG0 s56.w)))
                                                          :mod (s56.t / time))
                                            :manner (s56.f2 / fall-10
                                                            :ARG1 s56.w
                                                            :ARG2 (s56.t2 / trap-01
                                                                          :ARG2 (s56.h / have-03
                                                                                       :ARG0 (s56.i / i)
                                                                                       :ARG1 (s56.l3 / life)
                                                                                       :time (s56.a / and
                                                                                                    :op1 (s56.r / retire-01
                                                                                                                :ARG0 s56.i)
                                                                                                    :op2 (s56.l / leave-11
                                                                                                                :ARG0 (s56.p / person
                                                                                                                             :ARG0-of (s56.h3 / have-rel-role-91
                                                                                                                                              :ARG1 s56.i
                                                                                                                                              :ARG2 (s56.k / kid)))
                                                                                                                :ARG1 (s56.h7 / home))
                                                                                                    :op3 (s56.d / divorce-01
                                                                                                                :ARG0 (s56.p2 / person
                                                                                                                              :ARG0-of (s56.h4 / have-rel-role-91
                                                                                                                                               :ARG1 s56.i
                                                                                                                                               :ARG2 (s56.w2 / wife))
                                                                                                                              :same-as s9.p)
                                                                                                                :ARG1 s56.i)
                                                                                                    :op4 (s56.f / fail-01
                                                                                                                :ARG1 (s56.h6 / healthy
                                                                                                                              :domain s56.i))
                                                                                                    :op5 (s56.h2 / have-03
                                                                                                                 :ARG0 s56.i
                                                                                                                 :ARG1 (s56.o / or
                                                                                                                              :ARG1-of (s56.l2 / leave-17)
                                                                                                                              :op1 (s56.p3 / person
                                                                                                                                           :ARG0-of (s56.h5 / have-rel-role-91
                                                                                                                                                            :ARG1 s56.i
                                                                                                                                                            :ARG2 (s56.m / mate)))
                                                                                                                              :op2 (s56.i2 / interest
                                                                                                                                           :poss s56.i))
                                                                                                                 :polarity "-"))))
                                                            :polarity "-")
                                            :mod s56.n)))
   :snt57 (s57.a2 / and
                  :op1 (s57.h / have-degree-91
                              :ARG1 (s57.t / temporal-quantity
                                           :unit (s57.d / day)
                                           :quant "1")
                              :ARG2 (s57.s / short-07
                                           :ARG1 s57.t)
                              :ARG3 (s57.t2 / too))
                  :op2 (s57.h2 / have-degree-91
                               :ARG1 (s57.a / after
                                            :op1 (s57.r / retire-01
                                                        :ARG0 (s57.i / i
                                                                     :same-as s56.i)))
                               :ARG2 (s57.l / long-03
                                            :ARG1 s57.a)
                               :ARG3 (s57.t3 / too)))
   :snt58 (s58.o / obligate-01
                 :ARG2 (s58.w / way
                              :mod (s58.m / middle)))
   :snt59 (s59.o / observe-01
                 :ARG1 (s59.n / need-01
                              :ARG0 (s59.w / we)
                              :ARG1 (s59.a / approach-02
                                           :ARG0 s59.w
                                           :ARG1 (s59.b / balance)
                                           :manner (s59.b2 / balance-01
                                                           :ARG1 s59.b)))
                 :ord (s59.o2 / ordinal-entity
                              :value "4"))
   :snt60 (s60.a / and
                 :op2 (s60.r / realize-01
                             :ARG0 (s60.i / i
                                          :same-as s2.i)
                             :ARG1 (s60.b / balance-01
                                          :ARG1 (s60.l / life
                                                       :poss s60.i
                                                       :same-as s7.l)
                                          :ARG1-of (s60.c / complete-02)
                                          :polarity "-")))
   :snt61 (s61.d / dominate-01
                 :ARG0 (s61.w / work-01)
                 :ARG1 (s61.i / it
                              :same-as s7.l)
                 :degree (s61.t / total))
   :snt62 (s62.a / and
                 :op1 (s62.w / work-01
                             :ARG0 (s62.i / i
                                          :same-as s2.i)
                             :duration (s62.r / rate-entity-91
                                              :ARG1 (s62.t / temporal-quantity
                                                           :unit (s62.h / hour)
                                                           :quant "10")
                                              :ARG2 (s62.t2 / temporal-quantity
                                                            :unit (s62.d / day)
                                                            :quant "1")))
                 :op2 (s62.c / commute-01
                             :ARG0 s62.i
                             :duration (s62.r2 / rate-entity-91
                                               :ARG1 (s62.t3 / temporal-quantity
                                                             :unit (s62.h2 / hour)
                                                             :quant "2")
                                               :ARG2 (s62.t4 / temporal-quantity
                                                             :unit (s62.d2 / day)
                                                             :quant "1"))))
   :snt63 (s63.f / fail-01
                 :ARG1 (s63.r / relation-03
                              :ARG0 (s63.i / i
                                           :same-as s2.i)
                              :mod (s63.a / all)))
   :snt64 (s64.n / nothing
                 :ARG2-of (s64.e / except-01
                                 :ARG1 (s64.w / work-01
                                              :ARG0 (s64.i / i
                                                           :same-as s2.i)))
                 :part-of (s64.l / life
                                 :poss s64.i
                                 :same-as s7.l))
   :snt65 (s65.c / cause-01
                 :ARG1 (s65.d / decide-01
                              :ARG0 (s65.i / i
                                           :same-as s2.i)
                              :ARG1 (s65.a / and
                                           :op1 (s65.g / grip-01
                                                       :ARG0 s65.i)
                                           :op2 (s65.s / sort-out-02
                                                       :ARG0 s65.i
                                                       :ARG1 (s65.i2 / it)))))
   :snt66 (s66.c / cause-01
                 :ARG1 (s66.j / join-04
                              :ARG0 (s66.i / i
                                           :same-as s2.i)
                              :ARG1 (s66.g / gym)))
   :snt67 (s67.m / mean-02
                 :ARG0 (s67.i / i
                              :same-as s2.i)
                 :ARG1 (s67.m2 / mock-01
                               :ARG0 s67.i)
                 :concession-of (s67.c / contrast-01
                                       :ARG1 (s67.b / balance-01
                                                    :ARG1 (s67.r / rat
                                                                 :ARG1-of (s67.f / fit-05)
                                                                 :duration (s67.r2 / rate-entity-91
                                                                                   :ARG1 (s67.t / temporal-quantity
                                                                                                :unit (s67.h3 / hour)
                                                                                                :quant "10")
                                                                                   :ARG2 (s67.t2 / temporal-quantity
                                                                                                 :unit (s67.d / day)
                                                                                                 :quant "1"))
                                                                 :mod (s67.o / office))
                                                    :ARG2-of (s67.h / have-degree-91
                                                                    :ARG1 s67.r
                                                                    :ARG3 (s67.m3 / more)
                                                                    :polarity "-"))
                                       :ARG2 (s67.f2 / fit-05
                                                     :ARG1 (s67.i2 / it)
                                                     :ARG2-of (s67.h2 / have-degree-91
                                                                      :ARG1 s67.i2
                                                                      :ARG3 (s67.m4 / more))))
                 :time (s67.n / now)
                 :polarity "-")
   :snt68 (s68.h / have-concession-91
                 :ARG1 (s68.p / part
                              :consist-of (s68.a / and
                                                 :op1 (s68.s / side
                                                             :mod (s68.i / intellect))
                                                 :op2 (s68.s2 / side
                                                              :mod (s68.e / emotion))
                                                 :op3 (s68.s3 / side
                                                              :mod (s68.s4 / spiritual)))
                              :mod (s68.o / other)
                              :part-of (s68.l / life))
                 :ARG2 (s68.p3 / possible-01
                               :ARG1 (s68.l2 / love-01
                                             :ARG0 (s68.e2 / exercise-02
                                                           :mod (s68.p2 / physical)))))
   :snt69 (s69.a2 / and
                  :op2 (s69.b2 / believe-01
                               :ARG0 (s69.i / i
                                            :same-as s2.i)
                               :ARG1 (s69.o / obligate-01
                                            :purpose (s69.b / balance-01
                                                            :ARG1 (s69.w / we))
                                            :ARG1 s69.w
                                            :ARG2 (s69.a4 / attend-01
                                                          :ARG0 s69.w
                                                          :ARG1 (s69.a3 / area
                                                                        :mod (s69.t / that)
                                                                        :mod (s69.a / all))
                                                          :ARG1-of (s69.c / contrast-01
                                                                          :ARG2 (s69.d / do-02
                                                                                       :ARG0 s69.w
                                                                                       :ARG1 (s69.c2 / crutch
                                                                                                     :mod (s69.s / stomach)
                                                                                                     :quant "50")
                                                                                       :mod (s69.j / just)))))))
   :snt70 (s70.p / possible-01
                 :ARG1 (s70.d / daunt-01
                              :ARG0 (s70.t / that))
                 :time (s70.n / now))
   :snt71 (s71.c / cause-01
                 :ARG0 (s71.s / say-01
                              :ARG0 (s71.p / person)
                              :ARG1 (s71.s2 / say-01
                                            :ARG0 s71.p
                                            :ARG1 (s71.h / have-03
                                                         :ARG0 s71.p
                                                         :ARG1 (s71.t / time
                                                                      :purpose (s71.g / get-03
                                                                                      :ARG1 s71.p
                                                                                      :ARG2 (s71.f / fit-05
                                                                                                   :ARG1 s71.p)))
                                                         :polarity "-")
                                            :ARG2 (s71.m / mate)
                                            :mod (s71.h2 / hell
                                                         :mod (s71.f2 / fucking
                                                                      :mode "expressive")))))
   :snt72 (s72.w / want-01
                 :ARG0 (s72.y / you)
                 :ARG1 (s72.a / and
                              :op1 (s72.g / go-02
                                          :ARG0 (s72.i / i
                                                       :same-as s71.p)
                                          :ARG4 (s72.c2 / church))
                              :op2 (s72.c / call-02
                                          :ARG0 s72.i
                                          :ARG1 (s72.p / person
                                                       :ARG0-of (s72.h / have-rel-role-91
                                                                       :ARG1 s72.i
                                                                       :ARG2 (s72.m / mother))))))
   :snt73 (s73.a / and
                 :op2 (s73.u / understand-01
                             :ARG0 (s73.i / i
                                          :same-as s2.i)))
   :snt74 (s74.u / understand-01
                 :ARG0 (s74.i / i
                              :same-as s2.i)
                 :ARG1 (s74.p / possible-01
                              :ARG1 (s74.d / daunt-01
                                           :ARG0 (s74.t / that
                                                        :same-as s70.t)))
                 :ARG1-of (s74.t2 / true-01))
   :snt75 (s75.c / contrast-01
                 :ARG2 (s75.g / give-01
                              :ARG0 (s75.i2 / incident
                                            :time (s75.b / before
                                                         :quant (s75.c2 / couple
                                                                        :op1 (s75.t / temporal-quantity
                                                                                    :unit (s75.y / year)
                                                                                    :quant "1"))
                                                         :op1 (s75.n2 / now)))
                              :ARG1 (s75.p / perspective
                                           :ARG1-of (s75.n / new-01))
                              :ARG2 (s75.i / i
                                           :same-as s2.i)))
   :snt76 (s76.a / and
                 :op1 (s76.c / call-02
                             :ARG0 (s76.p / person
                                          :ARG0-of (s76.h2 / have-rel-role-91
                                                           :ARG1 (s76.i / i
                                                                        :same-as s2.i)
                                                           :ARG2 (s76.w2 / wife))
                                          :location (s76.s3 / somewhere
                                                            :part-of (s76.a2 / audience
                                                                             :time (s76.t / today))))
                             :ARG1 s76.i
                             :location (s76.o / office))
                 :op2 (s76.s / say-01
                             :ARG0 s76.p
                             :ARG1 (s76.n2 / need-01
                                           :ARG0 s76.i
                                           :ARG1 (s76.p3 / pick-up-04
                                                         :ARG0 s76.i
                                                         :ARG1 (s76.p2 / person
                                                                       :name (s76.n / name
                                                                                    :op1 "Harry")
                                                                       :ARG0-of (s76.h3 / have-rel-role-91
                                                                                        :ARG1 (s76.w / we)
                                                                                        :ARG2 (s76.s4 / son))
                                                                       :mod (s76.y / young
                                                                                   :ARG2-of (s76.h / have-degree-91
                                                                                                   :ARG1 s76.p2
                                                                                                   :ARG2 s76.s4
                                                                                                   :ARG3 (s76.m / most))))
                                                         :ARG3 (s76.s2 / school)))
                             :ARG2 s76.i))
   :snt77 (s77.c / cause-01
                 :ARG0 (s77.o / obligate-01
                              :ARG2 (s77.s2 / somewhere
                                            :mod (s77.e / else)
                                            :time (s77.d / date-entity
                                                         :dayperiod (s77.e2 / evening)
                                                         :mod (s77.t / that))))
                 :rel (s77.s / she
                             :accompanier (s77.c2 / child
                                                  :mod (s77.o2 / other)
                                                  :quant "3")
                             :same-as s76.i))
   :snt78 (s78.c / cause-01
                 :ARG1 (s78.a2 / and
                               :op1 (s78.l / leave-11
                                           :ARG0 (s78.i / i
                                                        :same-as s2.i)
                                           :ARG1 (s78.w / work-01)
                                           :time (s78.e / early
                                                        :quant (s78.t / temporal-quantity
                                                                      :unit (s78.h / hour)
                                                                      :quant "1")
                                                        :time (s78.d / date-entity
                                                                     :dayperiod (s78.a / afternoon)
                                                                     :mod (s78.t2 / that))))
                               :op2 (s78.p2 / pick-up-04
                                            :ARG0 s78.i
                                            :ARG1 (s78.p / person
                                                         :name (s78.n / name
                                                                      :op1 "Harry")
                                                         :same-as s76.p2)
                                            :location (s78.g / gate
                                                             :mod (s78.s / school)))))
   :snt79 (s79.a / and
                 :op1 (s79.w / walk-01
                             :ARG0 (s79.w2 / we)
                             :ARG2 (s79.p / park
                                          :ARG1-of (s79.l / local-02))
                             :direction (s79.d / down))
                 :op2 (s79.m / mess-up-02
                             :ARG0 s79.w2
                             :ARG1 (s79.s3 / swing-01))
                 :op3 (s79.p2 / play-01
                              :ARG0 s79.w2
                              :ARG1 (s79.g / game
                                           :quant (s79.s2 / some)
                                           :mod (s79.s / silly))))
   :snt80 (s80.a / and
                 :op1 (s80.w / walk-01
                             :ARG0 (s80.i / i
                                          :same-as s2.i)
                             :ARG1 (s80.h / he
                                          :same-as s76.p2)
                             :destination (s80.c / cafe
                                                 :ARG1-of (s80.l / local-02))
                             :direction (s80.u / up)
                             :op1 (s80.h2 / hill)
                             :time s80.i)
                 :op2 (s80.s / share-01
                             :ARG0 s80.i
                             :ARG1 (s80.p4 / pizza
                                           :ARG1-of (s80.c2 / cost-01
                                                            :ARG2 (s80.p2 / person
                                                                          :quant "2")))
                             :ARG2 s80.h)
                 :op3 (s80.w2 / walk-01
                              :ARG0 s80.h
                              :destination (s80.h3 / home
                                                   :poss s80.h)
                              :direction (s80.d / down)
                              :time (s80.t2 / then))
                 :op4 (s80.g / give-01
                             :ARG0 s80.i
                             :ARG1 (s80.b / bathe-01
                                          :ARG0 s80.i
                                          :ARG1 s80.h)
                             :ARG2 s80.h)
                 :op5 (s80.p5 / put-01
                              :ARG0 s80.i
                              :ARG1 s80.h
                              :ARG2 (s80.p / pajamas
                                           :mod (s80.p3 / person
                                                        :name (s80.n / name
                                                                     :op1 "Batman"))
                                           :poss s80.h))
                 :rel (s80.t / then))
   :snt81 (s81.r / read-01
                 :ARG0 (s81.i / i
                              :same-as s2.i)
                 :ARG1 (s81.c / chapter
                              :part-of (s81.p2 / publication-91
                                               :ARG0 (s81.p / person
                                                            :name (s81.n / name
                                                                         :op1 "Roald"
                                                                         :op2 "Dahl"))
                                               :ARG1 (s81.b / book
                                                            :name (s81.n2 / name
                                                                          :op1 "James"
                                                                          :op2 "and"
                                                                          :op3 "the"
                                                                          :op4 "Giant"
                                                                          :op5 "Peach"))))
                 :ARG2 (s81.h / he
                              :same-as s76.p2)
                 :time (s81.t / then))
   :snt82 (s82.a / and
                 :op1 (s82.p / put-01
                             :ARG0 (s82.i / i
                                          :same-as s2.i)
                             :ARG1 (s82.h2 / he
                                           :ARG0-of (s82.h / have-rel-role-91
                                                           :ARG2 (s82.m / mate)
                                                           :same-as s76.p2)
                                           :ARG1-of s82.h
                                           :part (s82.f / forehead)
                                           :same-as s76.p2)
                             :ARG2 (s82.b / bed))
                 :op2 (s82.t2 / tuck-01
                              :ARG0 s82.i
                              :ARG1 s82.h2)
                 :op3 (s82.k / kiss-01
                             :ARG0 s82.i
                             :ARG1 s82.h2
                             :location s82.f)
                 :op4 (s82.s / say-01
                             :ARG0 s82.i
                             :ARG1 (s82.n / night
                                          :ARG1-of (s82.g / good-02))
                             :ARG2 s82.h2)
                 :op5 (s82.w / walk-01
                             :ARG0 s82.i
                             :ARG2 (s82.o / out-06
                                          :ARG1 s82.i
                                          :ARG2 (s82.b2 / bedroom
                                                        :poss s82.h2)))
                 :time (s82.t / then))
   :snt83 (s83.a3 / and
                  :op1 (s83.s / say-01
                              :ARG0 (s83.h3 / he
                                            :same-as s76.p2)
                              :ARG1 (s83.p / person
                                           :ARG0-of (s83.h / have-rel-role-91
                                                           :ARG1 s83.h3
                                                           :ARG2 (s83.d / dad))
                                           :same-as s2.i)
                              :polarity (s83.a / amr-unknown)
                              :time (s83.w / walk-01
                                           :ARG0 (s83.i / i
                                                        :same-as s2.i)
                                           :ARG2 (s83.o / out-06
                                                        :ARG1 s83.i
                                                        :ARG2 (s83.b / bedroom
                                                                     :poss s83.h3
                                                                     :same-as s82.b2))))
                  :op2 (s83.s2 / say-01
                               :ARG0 s83.i
                               :ARG1 (s83.y / yes)
                               :ARG2 s83.h3
                               :op3 (s83.a4 / ask-01
                                            :ARG0 s83.h3
                                            :ARG1 (s83.h2 / have-rel-role-91
                                                          :ARG1 s83.h3
                                                          :ARG2 (s83.m / mate)
                                                          :same-as s76.p2))
                               :polarity (s83.a2 / amr-unknown)))
   :snt84 (s84.s / say-01
                 :ARG0 (s84.h3 / he
                               :same-as s76.p2)
                 :ARG1 (s84.d2 / day
                               :ARG1-of (s84.h / have-degree-91
                                               :ARG2 (s84.g / good-02
                                                            :ARG1 s84.d2)
                                               :ARG3 (s84.m / most)
                                               :ARG5 (s84.d3 / day
                                                             :part-of (s84.l / live-01
                                                                             :ARG0 s84.h3
                                                                             :time (s84.e / ever))))
                               :domain (s84.t / this))
                 :ARG2 (s84.p / person
                              :ARG0-of (s84.h2 / have-rel-role-91
                                               :ARG1 s84.h3
                                               :ARG2 (s84.d / dad))
                              :same-as s2.i))
   :snt85 (s85.o / or
                 :op1 (s85.d / do-02
                             :ARG0 (s85.i / i
                                          :same-as s2.i)
                             :ARG1 (s85.a2 / anything)
                             :polarity "-")
                 :op2 (s85.t / take-01
                             :ARG0 s85.i
                             :ARG1 (s85.h / he
                                          :same-as s76.p2)
                             :ARG3 (s85.a / amusement-park
                                          :name (s85.n / name
                                                       :op1 "Disney"
                                                       :op2 "World"))
                             :polarity "-")
                 :op3 (s85.b / buy-01
                             :ARG0 s85.i
                             :ARG1 (s85.p / product
                                          :name (s85.n2 / name
                                                        :op1 "Playstation"))
                             :ARG4 s85.h))
   :snt86 (s86.m / matter-01
                 :ARG1 (s86.t / thing
                              :mod (s86.s / small))
                 :ARG1-of (s86.p / point-04
                                 :ARG0 (s86.i / i
                                              :same-as s2.i))
                 :time (s86.n / now))
   :snt87 (s87.m / mean-01
                 :ARG1 (s87.b / balance-01
                              :ARG1 (s87.y / you)
                              :ARG2-of (s87.h / have-degree-91
                                              :ARG1 s87.y
                                              :ARG3 (s87.m2 / more)))
                 :ARG2 (s87.u / upheaval
                              :location (s87.l / life
                                               :poss s87.y)
                              :mod (s87.d / dramatic))
                 :polarity "-")
   :snt88 (s88.p2 / possible-01
                  :ARG1 (s88.t / transform-01
                               :ARG0 (s88.y / you)
                               :ARG1 (s88.a / and
                                            :op1 (s88.q / quality
                                                        :poss (s88.r2 / relation-03
                                                                      :ARG0 s88.y))
                                            :op2 (s88.q2 / quality
                                                         :poss (s88.l / live-01
                                                                      :ARG0 s88.y)))
                               :ARG1-of (s88.r / radical-02))
                  :condition (s88.i / invest-01
                                    :ARG0 s88.y
                                    :ARG1-of (s88.h / have-degree-91
                                                    :ARG2 (s88.s / small)
                                                    :ARG3 (s88.m / most))
                                    :ARG2 (s88.p / place
                                                 :ARG1-of (s88.r3 / right-03))))
   :snt89 (s89.a / and
                 :op2 (s89.t / think-01
                             :ARG0 (s89.i / i
                                          :same-as s2.i)
                             :ARG1 (s89.p / possible-01
                                          :ARG1 (s89.t2 / transform-01
                                                        :ARG0 (s89.i2 / it)
                                                        :ARG1 (s89.s / society)))))
   :snt90 (s90.c / cause-01
                 :ARG0 (s90.p3 / possible-01
                               :ARG1 (s90.c2 / change-01
                                             :ARG0 (s90.w / we)
                                             :ARG1 (s90.d / define-01
                                                          :ARG0 (s90.s2 / society)
                                                          :ARG1 (s90.s3 / succeed-01))
                                             :ARG2 (s90.d2 / define-01
                                                           :ARG1 (s90.t / thing
                                                                        :ARG1-of (s90.l3 / look-02
                                                                                         :ARG0 (s90.l / life
                                                                                                      :ARG1-of (s90.l2 / live-01
                                                                                                                       :ARG1-of (s90.w2 / well-09)))))
                                                           :ARG1-of (s90.h2 / have-degree-91
                                                                            :ARG2 (s90.a / and
                                                                                         :op1 (s90.t2 / thoughtful)
                                                                                         :op2 (s90.b / balance-01
                                                                                                     :ARG1 s90.d2))
                                                                            :ARG3 (s90.m2 / more))
                                                           :mod s90.t2)
                                             :direction (s90.a2 / away
                                                                :op1 (s90.n / notion
                                                                            :mod (s90.s / simplistic
                                                                                        :mod (s90.m3 / moron))
                                                                            :topic (s90.w3 / win-01
                                                                                           :ARG0 (s90.p2 / person
                                                                                                         :ARG0-of (s90.h / have-03
                                                                                                                         :ARG1 (s90.m / money
                                                                                                                                      :ARG1-of (s90.h4 / have-quant-91
                                                                                                                                                       :ARG3 (s90.m4 / most)))
                                                                                                                         :time (s90.d3 / die-01
                                                                                                                                       :ARG1 s90.p2)))))))
                               :condition (s90.d4 / do-02
                                                  :ARG0 (s90.p / person
                                                               :ARG1-of (s90.h3 / have-quant-91
                                                                                :ARG3 (s90.e / enough)))
                                                  :ARG1 (s90.i / it))))
   :snt91 (s91.a / and
                 :op2 (s91.t2 / think-01
                              :ARG0 (s91.i / i
                                           :same-as s2.i)
                              :ARG1 (s91.w / worth-02
                                           :ARG2 (s91.s / spread-02
                                                        :ARG1 (s91.i2 / idea
                                                                      :mod (s91.t / that
                                                                                  :same-as s90.d2)))))))

