# ::id doc-211
# ::doc_file doc-211
# ::tok http : / / www . ted . com / talks / siegfried_woldhek_shows_how_he_found_the_true_face_of_leonardo< / url> <next_sent> Good morning . <next_sent> Let 's look for a minute at the greatest icon of all , Leonardo da Vinci . <next_sent> We 're all familiar with his fantastic work -- his drawings , his paintings , his inventions , his writings . <next_sent> But we do not know his face . <next_sent> Thousands of books have been written about him , but there 's controversy , and it remains , about his looks . <next_sent> Even this well - known portrait is not accepted by many art historians . <next_sent> So , what do you think ? <next_sent> Is this the face of Leonardo da Vinci or is n't it ? <next_sent> Let 's find out . <next_sent> Leonardo was a man that drew everything around him . <next_sent> He drew people , anatomy , plants , animals , landscapes , buildings , water , everything . <next_sent> But no faces ? <next_sent> I find that hard to believe . <next_sent> His contemporaries made faces , like the ones you see here -- en face or three - quarters . <next_sent> So , surely a passionate drawer like Leonardo must have made self - portraits from time to time . <next_sent> So let 's try to find them . <next_sent> I think that if we were to scan all of his work and look for self - portraits , we would find his face looking at us . <next_sent> So I looked at all of his drawings , more than 700 , and looked for male portraits . <next_sent> There are about 120 , you see them here . <next_sent> Which ones of these could be self - portraits ? <next_sent> Well , for that they have to be done as we just saw , en face or three - quarters . <next_sent> So we can eliminate all the profiles . <next_sent> It also has to be sufficiently detailed . <next_sent> So we can also eliminate the ones that are very vague or very stylized . <next_sent> And we know from his contemporaries that Leonardo was a very handsome , even beautiful man . <next_sent> So we can also eliminate the ugly ones or the caricatures . <next_sent> And look what happens -- only three candidates remain that fit the bill . <next_sent> And here they are . <next_sent> Yes , indeed , the old man is there , as is this famous pen drawing of the Homo Vitruvianus . <next_sent> And lastly , the only portrait of a male that Leonardo painted , " The Musician . " <next_sent> Before we go into these faces , I should explain why I have some right to talk about them . <next_sent> I 've made more than 1,100 portraits myself for newspapers , over the course of 300 -- 30 years , sorry , 30 years only . <next_sent> But there are 1,100 , and very few artists have drawn so many faces . <next_sent> So I know a little about drawing and analyzing faces . <next_sent> And hold onto your seats , because if we zoom in on those faces , remark how they have the same broad forehead , the horizontal eyebrows , the long nose , the curved lips and the small , well - developed chin . <next_sent> I could n't believe my eyes when I first saw that . <next_sent> There is no reason why these portraits should look alike . <next_sent> All we did was look for portraits that had the characteristics of a self - portrait , and look , they are very similar . <next_sent> Now , are they made in the right order ? <next_sent> The young man should be made first . <next_sent> And as you see here from the years that they were created , it is indeed the case . <next_sent> They are made in the right order . <next_sent> What was the age of Leonardo at the time ? <next_sent> Does that fit ? <next_sent> Yes , it does . <next_sent> He was 33 , 38 and 63 when these were made . <next_sent> So we have three pictures , potentially of the same person of the same age as Leonardo at the time . <next_sent> But how do we know it 's him , and not someone else ? <next_sent> Well , we need a reference . <next_sent> And here 's the only picture of Leonardo that 's widely accepted . <next_sent> It 's a statue made by Verrocchio , of David , for which Leonardo posed as a boy of 15 . <next_sent> And if we now compare the face of the statue , with the face of the musician , you see the very same features again . <next_sent> The statue is the reference , and it connects the identity of Leonardo to those three faces . <next_sent> Ladies and gentlemen , this story has not yet been published . <next_sent> It 's only proper that you here at TED hear and see it first . <next_sent> The icon of icons finally has a face . <next_sent> Here he is : Leonardo da Vinci .
(d / document
   :snt1 (s1.u / url-entity
               :value (s1.t / talk-01
                            :ARG0 (s1.p / person
                                        :name (s1.n / name
                                                    :op1 "Europe"))))
   :snt2 (s2.m / morning
               :ARG1-of (s2.g / good-02))
   :snt3 (s3.l / look-01
               :ARG0 (s3.w / we)
               :ARG1 (s3.i / icon
                           :ARG1-of (s3.h / have-degree-91
                                          :ARG2 (s3.g / great)
                                          :ARG3 (s3.m2 / most)
                                          :ARG5 (s3.a / all))
                           :domain (s3.p / person
                                         :name (s3.n / name
                                                     :op1 "Leonardo"
                                                     :op2 "da"
                                                     :op3 "Vinci")))
               :duration (s3.t / temporal-quantity
                               :unit (s3.m / minute)
                               :quant "1"))
   :snt4 (s4.f / familiarize-01
               :ARG1 (s4.w / we
                           :mod (s4.a / all))
               :ARG2 (s4.w2 / work-01
                            :ARG0 (s4.h / he
                                        :same-as s3.i)
                            :ARG1 (s4.a2 / and
                                         :op1 (s4.d / draw-01
                                                    :ARG0 s4.h)
                                         :op2 (s4.p2 / picture
                                                     :ARG1-of (s4.p / paint-02
                                                                    :ARG0 s4.h)
                                                     :poss s4.h)
                                         :op3 (s4.t / thing
                                                    :ARG1-of (s4.i / invent-01
                                                                   :ARG0 s4.h))
                                         :op4 (s4.t2 / thing
                                                     :ARG1-of (s4.w3 / write-01
                                                                     :ARG0 s4.h)))
                            :ARG1-of (s4.f2 / fantastic-02)))
   :snt5 (s5.c / contrast-01
               :ARG2 (s5.k / know-02
                           :ARG0 (s5.w / we)
                           :ARG1 (s5.f / face
                                       :part-of (s5.h / he
                                                      :same-as s3.i))
                           :polarity "-"))
   :snt6 (s6.c / contrast-01
               :ARG1 (s6.w / write-01
                           :ARG1 (s6.b / book
                                       :quant (s6.m / multiple
                                                    :op1 "1000")
                                       :topic (s6.h / he
                                                    :same-as s3.i)))
               :ARG2 (s6.a / and
                           :op1 (s6.c2 / controversy)
                           :op2 (s6.r / remain-01
                                      :ARG1 s6.c2)
                           :topic (s6.l / look-02
                                        :ARG0 s6.h)))
   :snt7 (s7.a / accept-01
               :ARG0 (s7.p / person
                           :quant (s7.m / many)
                           :ARG0-of (s7.h / have-org-role-91
                                          :ARG2 (s7.h2 / historian
                                                       :topic (s7.a2 / art))))
               :ARG1 (s7.p2 / portrait
                            :ARG1-of (s7.k / know-02
                                           :degree (s7.w / well))
                            :mod (s7.t / this)
                            :mod (s7.e / even))
               :polarity "-")
   :snt8 (s8.t / think-01
               :ARG0 (s8.y / you)
               :ARG1 (s8.a / amr-unknown))
   :snt9 (s9.f / face
               :ARG1-of (s9.r / request-confirmation-91)
               :domain (s9.t / this
                             :same-as s7.p2)
               :part-of (s9.p / person
                              :name (s9.n / name
                                          :op1 "Leonardo"
                                          :op2 "da"
                                          :op3 "Vinci")
                              :same-as s3.i))
   :snt10 (s10.f / find-out-03
                 :ARG0 (s10.w / we)
                 :mode "imperative")
   :snt11 (s11.m / man
                 :ARG0-of (s11.d / draw-02
                                 :ARG1 (s11.e / everything
                                              :location (s11.a / around
                                                               :op1 (s11.p / person
                                                                           :name (s11.n / name
                                                                                        :op1 "Leonardo")
                                                                           :domain-of s11.m
                                                                           :same-as s3.i)))))
   :snt12 (s12.d / draw-02
                 :ARG0 (s12.h / he
                              :same-as s3.i)
                 :ARG1 (s12.a2 / and
                               :op1 (s12.p / person)
                               :op2 (s12.a / anatomy)
                               :op3 (s12.p2 / plant)
                               :op4 (s12.a3 / animal)
                               :op5 (s12.l / land)
                               :op6 (s12.b / building)
                               :op7 (s12.w / water)
                               :op8 (s12.e / everything)))
   :snt13 (s13.c / contrast-01
                 :ARG2 (s13.f / face
                              :polarity "-")
                 :polarity (s13.a / amr-unknown))
   :snt14 (s14.f / find-02
                 :ARG0 (s14.i / i
                              :same-as s8.y)
                 :ARG1 (s14.h / hard-02
                              :ARG1 (s14.b / believe-01
                                           :ARG0 s14.i
                                           :ARG1 (s14.t / that))))
   :snt15 (s15.m / make-01
                 :ARG0 (s15.p / person
                              :ARG0-of (s15.h / have-rel-role-91
                                              :ARG1 (s15.h2 / he
                                                            :same-as s3.i)
                                              :ARG2 (s15.c / colleague)))
                 :ARG1 (s15.f / face
                              :quant (s15.o / or
                                            :op2 (s15.q / quarter
                                                        :quant "3"))
                              :ARG1-of (s15.r / resemble-01
                                              :ARG2 (s15.f2 / face
                                                            :ARG1-of (s15.s / see-01
                                                                            :ARG0 (s15.y / you)
                                                                            :location (s15.h3 / here))))))
   :snt16 (s16.i / infer-01
                 :ARG1 (s16.o / obligate-01
                              :ARG1 (s16.m / make-01
                                           :ARG0 (s16.d / drawer
                                                        :ARG1-of (s16.r / resemble-01
                                                                        :ARG2 (s16.p2 / person
                                                                                      :name (s16.n / name
                                                                                                   :op1 "Leonardo")
                                                                                      :same-as s3.i))
                                                        :mod (s16.p / passionate))
                                           :ARG1 (s16.p3 / portrait)
                                           :frequency (s16.t / time-to-time))
                              :ARG1-of (s16.s / sure-02)))
   :snt17 (s17.l / let-01
                 :ARG1 (s17.t2 / try-01
                               :ARG0 (s17.w / we)
                               :ARG1 (s17.f / find-01
                                            :ARG0 s17.w
                                            :ARG1 (s17.t / they
                                                         :same-as s16.p3))))
   :snt18 (s18.t2 / think-01
                  :ARG0 (s18.i / i
                               :same-as s8.y)
                  :ARG1 (s18.f2 / find-01
                                :ARG0 (s18.w / we)
                                :ARG1 (s18.l2 / look-01
                                              :ARG0 (s18.f / face
                                                           :part-of (s18.h / he
                                                                           :same-as s3.i)
                                                           :same-as s5.f)
                                              :ARG1 s18.w)
                                :condition (s18.a2 / and
                                                   :op1 (s18.s / scan-01
                                                               :ARG0 s18.w
                                                               :ARG1 (s18.t / thing
                                                                            :ARG1-of (s18.w2 / work-01
                                                                                             :ARG0 s18.h)
                                                                            :mod (s18.a / all)))
                                                   :op2 (s18.l / look-01
                                                               :ARG0 s18.w
                                                               :ARG1 (s18.p / portrait)))))
   :snt19 (s19.c / cause-01
                 :ARG1 (s19.a2 / and
                               :op1 (s19.l / look-01
                                           :ARG0 (s19.i / i
                                                        :same-as s8.y)
                                           :ARG1 (s19.t / thing
                                                        :quant (s19.m2 / more-than
                                                                       :op1 "700")
                                                        :ARG1-of (s19.d / draw-01
                                                                        :ARG0 (s19.h / he
                                                                                     :same-as s3.i))
                                                        :mod (s19.a / all)))
                               :op2 (s19.p / portrait
                                           :mod (s19.m / male))))
   :snt20 (s20.s / see-01
                 :ARG0 (s20.y / you)
                 :ARG1 (s20.p / person
                              :quant (s20.a / about
                                            :op1 "120"))
                 :location (s20.h / here))
   :snt21 (s21.p2 / possible-01
                  :ARG1 (s21.p / portrait
                               :domain (s21.a / amr-unknown
                                              :ARG1-of (s21.i / include-91
                                                              :ARG2 (s21.t / this
                                                                           :same-as s20.p)))))
   :snt22 (s22.o / obligate-01
                 :purpose (s22.t / that)
                 :ARG1-of (s22.s / see-01
                                 :ARG0 (s22.w / we)
                                 :mod (s22.j / just))
                 :ARG2 (s22.d / do-02
                              :ARG1 (s22.t2 / they
                                            :same-as s20.p)
                              :location (s22.o2 / or
                                                :op1 (s22.f / face)
                                                :op2 (s22.q / quarter)))
                 :mod (s22.w2 / well))
   :snt23 (s23.c / cause-01
                 :ARG1 (s23.p / possible-01
                              :ARG1 (s23.e / eliminate-01
                                           :ARG0 (s23.w / we)
                                           :ARG1 (s23.p2 / profile-01
                                                         :mod (s23.a / all)))))
   :snt24 (s24.o / obligate-01
                 :ARG2 (s24.d / detail-01
                              :ARG0-of (s24.s / suffice-01)
                              :ARG1 (s24.i / it))
                 :mod (s24.a / also))
   :snt25 (s25.c / cause-01
                 :ARG1 (s25.p / possible-01
                              :ARG1 (s25.e / eliminate-01
                                           :ARG0 (s25.w / we)
                                           :ARG1 (s25.o / one
                                                        :mod (s25.o2 / or
                                                                     :op1 (s25.v / vague
                                                                                 :degree (s25.v2 / very))
                                                                     :op2 (s25.s / stylized
                                                                                 :degree s25.v2)))
                                           :mod (s25.a / also))))
   :snt26 (s26.a / and
                 :op2 (s26.k / know-01
                             :ARG0 (s26.w / we)
                             :ARG1 (s26.a2 / and
                                           :op1 (s26.h / handsome
                                                       :degree (s26.v / very))
                                           :op2 (s26.b / beautiful-02
                                                       :ARG1 (s26.p2 / person
                                                                     :name (s26.n / name
                                                                                  :op1 "Leonardo")
                                                                     :same-as s3.i)
                                                       :mod (s26.e / even)))
                             :source (s26.p / peer
                                            :poss s26.p2
                                            :same-as s15.p)))
   :snt27 (s27.c2 / cause-01
                  :ARG1 (s27.p / possible-01
                               :ARG1 (s27.e / eliminate-01
                                            :ARG0 (s27.w / we)
                                            :ARG1 (s27.o2 / or
                                                          :op1 (s27.o / one
                                                                      :mod (s27.u / ugly))
                                                          :op2 (s27.c / cartoon))
                                            :mod (s27.a / also))))
   :snt28 (s28.a / and
                 :op2 (s28.l / look-01
                             :ARG0 (s28.y / you)
                             :ARG1 (s28.e / event)
                             :mode "imperative")
                 :op3 (s28.r / remain-01
                             :ARG1 (s28.c / candidate
                                          :ARG1-of (s28.f / fit-06
                                                          :ARG2 (s28.b / bill))
                                          :mod (s28.o / only)
                                          :quant "3")))
   :snt29 (s29.a / and
                 :op2 (s29.b / be-located-at-91
                             :ARG1 (s29.t / they
                                          :same-as s28.o)
                             :ARG2 (s29.h / here)))
   :snt30 (s30.b / be-located-at-91
                 :ARG2 (s30.t / there)
                 :mod (s30.i / indeed)
                 :rel (s30.m / man
                             :mod (s30.o / old))
                 :rel (s30.d / draw-01
                             :ARG1 (s30.s / species
                                          :name (s30.n / name
                                                       :op1 "Homo"
                                                       :op2 "Vitruvianus"))
                             :ARG1-of (s30.f / fame-01)
                             :instrument (s30.p / pen)
                             :mod (s30.t2 / this)))
   :snt31 (s31.a / and
                 :op2 (s31.p3 / portrait
                              :name (s31.n2 / name
                                            :op1 "The"
                                            :op2 "Musician")
                              :ARG1-of (s31.p / paint-02
                                              :ARG0 (s31.p2 / person
                                                            :name (s31.n / name
                                                                         :op1 "Leonardo")
                                                            :same-as s3.i))
                              :mod (s31.o / only)
                              :topic (s31.m / male))
                 :li "-1")
   :snt32 (s32.r / recommend-01
                 :ARG1 (s32.e / explain-01
                              :ARG0 (s32.i / i
                                           :same-as s8.y)
                              :ARG1 (s32.t2 / thing
                                            :ARG0-of (s32.c / cause-01
                                                            :ARG1 (s32.r2 / right-05
                                                                          :ARG1 s32.i
                                                                          :ARG2 (s32.t / talk-01
                                                                                       :ARG0 s32.i
                                                                                       :ARG1 (s32.f / face
                                                                                                    :mod (s32.t3 / this)))
                                                                          :mod (s32.s / some))))
                              :time (s32.b / before
                                           :op1 (s32.g / go-06
                                                       :ARG0 (s32.w / we)
                                                       :ARG1 s32.f))))
   :snt33 (s33.m / make-01
                 :ARG0 (s33.i / i
                              :same-as s8.y)
                 :ARG1 (s33.p / portrait
                              :quant (s33.m2 / more-than
                                             :op1 "100"))
                 :beneficiary (s33.n / newspaper)
                 :duration (s33.t / temporal-quantity
                                  :ARG2-of (s33.s / sorry-01
                                                  :ARG1 s33.i)
                                  :mod (s33.o / only)
                                  :unit (s33.y / year)
                                  :quant "30"
                                  :quant "300"))
   :snt34 (s34.c / contrast-01
                 :ARG2 (s34.a / and
                              :op1 (s34.t / thing
                                          :quant "100")
                              :op2 (s34.d / draw-01
                                          :ARG0 (s34.a2 / artist
                                                        :quant (s34.f2 / few
                                                                       :degree (s34.v / very)))
                                          :ARG1 (s34.f / face
                                                       :ARG1-of (s34.h / have-quant-91
                                                                       :ARG2 (s34.m / many)
                                                                       :ARG3 (s34.s / so))))))
   :snt35 (s35.i2 / infer-01
                  :ARG1 (s35.k / know-01
                               :quant (s35.l / little)
                               :ARG0 (s35.i / i
                                            :same-as s8.y)
                               :ARG1 (s35.a2 / and
                                             :op1 (s35.d / draw-01
                                                         :ARG0 s35.i
                                                         :ARG1 (s35.f / face))
                                             :op2 (s35.a / analyze-01
                                                         :ARG0 s35.i
                                                         :ARG1 s35.f))))
   :snt36 (s36.a / and
                 :op2 (s36.h2 / hold-on-06
                              :ARG0 (s36.y / you)
                              :ARG1 (s36.s2 / seat
                                            :poss s36.y)
                              :ARG1-of (s36.c / cause-01
                                              :ARG0 (s36.r / remark-01
                                                           :ARG0 s36.y
                                                           :ARG1 (s36.h / have-03
                                                                        :ARG0 (s36.f / face
                                                                                     :mod (s36.t / that)
                                                                                     :same-as s32.f)
                                                                        :ARG1 (s36.a2 / and
                                                                                      :op1 (s36.f2 / forehead
                                                                                                   :ARG1-of (s36.b / broad-02)
                                                                                                   :ARG1-of (s36.s / same-01))
                                                                                      :op2 (s36.e / eyebrow
                                                                                                  :mod (s36.h3 / horizontal))
                                                                                      :op3 (s36.n / nose
                                                                                                  :ARG1-of (s36.l2 / long-03))
                                                                                      :op4 (s36.l / lip
                                                                                                  :mod (s36.u / Curve))
                                                                                      :op5 (s36.c2 / chin
                                                                                                   :ARG1-of (s36.d / develop-02
                                                                                                                   :ARG1-of (s36.w2 / well-09))
                                                                                                   :mod (s36.s3 / small))))
                                                           :condition (s36.z / zoom-01
                                                                             :ARG0 (s36.w / we)
                                                                             :ARG2 s36.f)))
                              :mode "imperative"))
   :snt37 (s37.p / possible-01
                 :ARG1 (s37.b / believe-01
                              :ARG0 (s37.i / i
                                           :part (s37.e / eye)
                                           :same-as s8.y)
                              :ARG1 s37.e
                              :time (s37.s / see-01
                                           :ARG0 s37.i
                                           :ARG1 (s37.t / that
                                                        :same-as s36.h)
                                           :ord (s37.o / ordinal-entity
                                                       :value "1")))
                 :polarity "-")
   :snt38 (s38.r2 / recommend-01
                  :ARG1 (s38.l / look-02
                               :ARG0 (s38.p / portrait
                                            :mod (s38.t / this)
                                            :same-as s32.f)
                               :ARG1 (s38.a / alike-05
                                            :ARG1 s38.p))
                  :ARG1-of (s38.r / reason
                                  :ARG0-of (s38.c / cause-01)
                                  :polarity "-"))
   :snt39 (s39.a2 / and
                  :op1 (s39.d / do-02
                              :ARG0 (s39.w / we)
                              :ARG1 (s39.l / look-01
                                           :ARG0 s39.w
                                           :ARG1 (s39.p / portrait
                                                        :ARG0-of (s39.h / have-03
                                                                        :ARG1 (s39.c / characteristic-02
                                                                                     :ARG1 s39.p
                                                                                     :ARG2 (s39.p2 / portrait
                                                                                                   :mod (s39.s / self))))))
                              :mod (s39.a / all))
                  :op2 (s39.l2 / look-01
                               :ARG1 (s39.r / resemble-01
                                            :ARG1 (s39.t / they
                                                         :same-as s39.p)
                                            :ARG2 s39.p
                                            :degree (s39.v / very))))
   :snt40 (s40.m / make-01
                 :ARG1 (s40.t / they
                              :same-as s32.f)
                 :manner (s40.o / order-03
                                :ARG1-of (s40.r / right-06))
                 :polarity (s40.a / amr-unknown)
                 :time (s40.n / now))
   :snt41 (s41.r / recommend-01
                 :ARG1 (s41.m / make-01
                              :ARG1 (s41.m2 / man
                                            :mod (s41.y / young))
                              :ord (s41.o / ordinal-entity
                                          :value "1")))
   :snt42 (s42.a / and
                 :op2 (s42.c / case-04
                             :ARG1-of (s42.s / see-01
                                             :ARG0 (s42.y2 / you)
                                             :location (s42.h / here)
                                             :time (s42.y / year
                                                          :time-of (s42.c2 / create-01
                                                                           :ARG1 (s42.t / they
                                                                                        :same-as s32.f))))
                             :mod (s42.i / indeed)))
   :snt43 (s43.m / make-01
                 :ARG1 (s43.t / they
                              :same-as s32.f)
                 :manner (s43.o / order
                                :ARG1-of (s43.r / right-06)))
   :snt44 (s44.a / age-01
                 :ARG1 (s44.p / person
                              :name (s44.n / name
                                           :op1 "Leonardo")
                              :same-as s3.i)
                 :ARG2 (s44.a2 / amr-unknown)
                 :time (s44.t / time))
   :snt45 (s45.f / fit-06
                 :ARG1 (s45.t / that)
                 :polarity (s45.a / amr-unknown))
   :snt46 (s46.d / do-02
                 :ARG0 (s46.i / it
                              :same-as s45.t))
   :snt47 (s47.a3 / and
                  :op1 (s47.a / age-01
                              :ARG1 (s47.h / he
                                           :same-as s3.i)
                              :ARG2 (s47.t / temporal-quantity
                                           :unit (s47.y / year)
                                           :quant "33")
                              :ARG2 (s47.t2 / temporal-quantity
                                            :unit (s47.y2 / year)
                                            :quant "38"))
                  :op2 (s47.a2 / age-01
                               :ARG1 s47.h
                               :ARG2 (s47.t3 / temporal-quantity
                                             :unit (s47.y3 / year)
                                             :quant "63"))
                  :time (s47.m / make-01
                               :ARG1 (s47.t4 / this
                                             :same-as s32.f)))
   :snt48 (s48.c / cause-01
                 :ARG1 (s48.h / have-03
                              :ARG0 (s48.w / we)
                              :ARG1 (s48.p3 / picture
                                            :poss (s48.p / person
                                                         :ARG1-of (s48.p4 / possible-01)
                                                         :ARG1-of (s48.s / same-01
                                                                         :ARG2 (s48.p2 / person
                                                                                       :name (s48.n / name
                                                                                                    :op1 "Leonardo")
                                                                                       :same-as s3.i)
                                                                         :ARG3 (s48.t / temporal-quantity
                                                                                      :unit (s48.y / year))
                                                                         :time (s48.t2 / time)
                                                                         :same-as s3.i))
                                            :quant "3")))
   :snt49 (s49.c / contrast-01
                 :ARG2 (s49.k / know-01
                              :ARG0 (s49.w / we
                                           :same-as s48.w)
                              :ARG1 (s49.s / same-01
                                           :ARG1 (s49.h / he
                                                        :ARG1-of (s49.i / instead-of-91
                                                                        :ARG2 (s49.s2 / someone
                                                                                      :mod (s49.e / else)))
                                                        :same-as s3.i))
                              :manner (s49.a / amr-unknown)))
   :snt50 (s50.n / need-01
                 :ARG0 (s50.w / we)
                 :ARG1 (s50.r / reference-04)
                 :mod (s50.w2 / well))
   :snt51 (s51.a2 / and
                  :op2 (s51.p2 / picture-01
                               :ARG1 (s51.p / person
                                            :name (s51.n / name
                                                         :op1 "Leonardo")
                                            :same-as s3.i)
                               :ARG1-of (s51.a / accept-01
                                               :manner (s51.w / wide))
                               :location (s51.h / here)
                               :mod (s51.o / only)))
   :snt52 (s52.s / statue
                 :ARG1-of (s52.m / make-01
                                 :ARG0 (s52.p / person
                                              :name (s52.n / name
                                                           :op1 "Verrocchio"))
                                 :ARG0-of (s52.c / cause-01
                                                 :ARG1 (s52.p4 / pose-01
                                                               :ARG0 (s52.p3 / person
                                                                             :name (s52.n3 / name
                                                                                           :op1 "Leonardo")
                                                                             :same-as s3.i)
                                                               :ARG2 (s52.b / boy
                                                                            :age (s52.t / temporal-quantity
                                                                                        :unit (s52.y / year)
                                                                                        :quant "15")))))
                 :domain (s52.i / it
                                :same-as s51.a)
                 :rel (s52.p2 / person
                              :name (s52.n2 / name
                                            :op1 "David")))
   :snt53 (s53.a2 / and
                  :op2 (s53.s2 / see-01
                               :ARG0 (s53.y / you)
                               :ARG1 (s53.f3 / feature
                                             :ARG1-of (s53.s / same-01
                                                             :degree (s53.v / very)))
                               :condition (s53.c / compare-01
                                                 :ARG0 (s53.w / we)
                                                 :ARG1 (s53.f / face
                                                              :part-of (s53.s3 / statue
                                                                               :same-as s51.a))
                                                 :ARG2 (s53.f2 / face
                                                               :part-of (s53.m / musician
                                                                               :same-as s31.n2))
                                                 :time (s53.n / now))
                               :mod (s53.a / again)))
   :snt54 (s54.a / and
                 :op1 (s54.r / refer-01
                             :ARG2 (s54.s / statue
                                          :same-as s51.a))
                 :op2 (s54.c / connect-01
                             :ARG0 s54.s
                             :ARG1 (s54.i / identity
                                          :poss (s54.p / person
                                                       :name (s54.n / name
                                                                    :op1 "Leonardo")
                                                       :same-as s3.i))
                             :ARG2 (s54.f / face
                                          :mod (s54.t / that)
                                          :quant "3"
                                          :same-as s32.f)))
   :snt55 (s55.s / say-01
                 :ARG1 (s55.p / publish-01
                              :ARG1 (s55.s2 / story
                                            :mod (s55.t / this))
                              :time (s55.y / yet)
                              :polarity "-")
                 :ARG2 (s55.a / and
                              :op1 (s55.l / lady)
                              :op2 (s55.l2 / lady)))
   :snt56 (s56.p / proper
                 :domain (s56.a / and
                                :op1 (s56.h / hear-01
                                            :ARG0 (s56.y / you
                                                         :location (s56.p2 / publication
                                                                           :name (s56.n / name
                                                                                        :op1 "TED")))
                                            :ARG1 (s56.i / it
                                                         :same-as s55.s2))
                                :op2 (s56.s / see-01
                                            :ARG0 s56.y
                                            :ARG1 s56.i)
                                :time (s56.f / first))
                 :mod (s56.o / only))
   :snt57 (s57.h / have-03
                 :ARG0 (s57.i / icon
                              :poss (s57.e / emoticon)
                              :same-as s3.i)
                 :ARG1 (s57.f / face)
                 :time (s57.f2 / final))
   :snt58 (s58.h / he
                 :domain (s58.p / person
                                :name (s58.n / name
                                             :op1 "Leonardo"
                                             :op2 "da"
                                             :op3 "Vinci"))
                 :location (s58.h2 / here)
                 :same-as s3.i))

