# ::id doc-1102
# ::doc_file doc-1102
# ::tok http : / / www . ted . com / talks / jill_shargaa_please_please_people_let_s_put_the_awe_back_in_awesome< / url> <next_sent> How many times have you used the word " awesome " today ? <next_sent> Do you remember what you were describing when you used the word ? <next_sent> No , I did n't think so , because it 's come down to this , people : You 're using the word incorrectly , and tonight I hope to show you how to put the " awe " back in " awesome . " <next_sent> Recently , I was dining at an outdoor cafe , and the server came up to our table , and asked us if we had dined there before , and I said , " Yes , yes , we have . " <next_sent> And she said , " Awesome . " <next_sent> And I thought , " Really ? <next_sent> Awesome or just merely good that we decided to visit your restaurant again ? " <next_sent> The other day , one of my coworkers asked me if I could save that file as a PDF , and I said , " Well , of course , " and he said , " Awesome . " <next_sent> Seriously , can saving anything as a PDF be awesome ? <next_sent> Sadly , the frequent overuse of the word " awesome " has now replaced words like " great " and " thank you . " <next_sent> So Webster 's dictionary defines the word " awesome " as fear mingled with admiration or reverence , a feeling produced by something majestic . <next_sent> Now , with that in mind , was your Quiznos sandwich awesome ? <next_sent> How about that parking space ? <next_sent> Was that awesome ? <next_sent> Or that game the other day ? <next_sent> Was that awesome ? <next_sent> The answer is no , no and no. <next_sent> A sandwich can be delicious , that parking space can be nearby , and that game can be a blowout , but not everything can be awesome . <next_sent> So when you use the word " awesome " to describe the most mundane of things , you 're taking away the very power of the word . <next_sent> This author says , " Snowy days or finding money in your pants is awesome . " <next_sent> Um , no , it is not , and we need to raise the bar for this poor schmuck . <next_sent> So in other words , if you have everything , you value nothing . <next_sent> It 's a lot like drinking from a firehose like this jackass right here . <next_sent> There 's no dynamic , there 's no highs or lows , if everything is awesome . <next_sent> Ladies and gentlemen , here are 10 things that are truly awesome . <next_sent> Imagine , if you will , having to schlep everything on your back . <next_sent> Would n't this be easier for me if I could roll this home ? <next_sent> Yes , so I think I 'll invent the wheel . <next_sent> The wheel , ladies and gentlemen . <next_sent> Yes , the wheel is awesome ! <next_sent> The Great Pyramids were the tallest man - made structure in the world for 4,000 years . <next_sent> Pharaoh had his slaves move millions of blocks just to this site to erect a big freaking headstone . <next_sent> Were the Great Pyramids awesome ? <next_sent> Yes , the pyramids were awesome . <next_sent> The Grand Canyon . <next_sent> Come on . <next_sent> It 's almost 80 million years old . <next_sent> Is the Grand Canyon awesome ? <next_sent> Yes , the Grand Canyon is . <next_sent> Louis Daguerre invented photography in 1829 , and earlier today , when you whipped out your smartphone and you took a shot of your awesome sandwich , and you know who you are — — was n't that easier than exposing the image to copper plates coated with iodized silver ? <next_sent> Yes , photography is awesome . <next_sent> D - Day , June 6 , 1944 , the Allied invasion of Normandy , the largest amphibious invasion in world history . <next_sent> Was D - Day awesome ? <next_sent> Yes , it was awesome . <next_sent> Did you eat food today ? <next_sent> Did you eat ? <next_sent> Then you can thank the honeybee , that 's the one , because if crops are n't pollinated , we ca n't grow food , and then we 're all going to die . <next_sent> It 's just like that . <next_sent> But it 's not like a flower can just get up and have sex with another flower , although that would be awesome . <next_sent> Bees are awesome . <next_sent> Are you kidding me ? <next_sent> Landing on the moon ! <next_sent> Come on ! <next_sent> Apollo 11 . <next_sent> Are you kidding me ? <next_sent> Sixty - six years after the Wright Brothers took off from Kitty Hawk , North Carolina , Neil Armstrong was 240,000 miles away . <next_sent> That 's like from here to the moon . <next_sent> That 's one small step for a man , one giant leap for awesome ! <next_sent> You 're damn right , it was . <next_sent> Woodstock , 1969 : Rolling Stone Magazine said this changed the history of rock and roll . <next_sent> Tickets were only 24 dollars back then . <next_sent> You ca n't even buy a freaking t - shirt for that now . <next_sent> Jimi Hendrix 's version of " The Star - Spangled Banner " was the most iconic . <next_sent> Was Woodstock awesome ? <next_sent> Yes , it was awesome . <next_sent> Sharks ! <next_sent> They 're at the top of the food chain . <next_sent> Sharks have multiple rows of teeth that grow in their jaw and they move forward like a conveyor belt . <next_sent> Some sharks can lose 30,000 teeth in their lifetime . <next_sent> Does awesome inspire fear ? <next_sent> Oh , hell yeah , sharks are awesome ! <next_sent> The Internet was born in 1982 and it instantly took over global communication , and later tonight , when all these PowerPoints are uplifted to the Internet so that a guy in Siberia can get drunk and watch this crap , the Internet is awesome . <next_sent> And finally , finally some of you ca n't wait to come up and tell me how awesome my PowerPoint was . <next_sent> I will save you the time . <next_sent> It was not awesome , but it was true , and I hope it was entertaining , and out of all the audiences I 've ever had , y'all are the most recent . <next_sent> Thank you and good night .
(d / document
   :snt1 (s1.u / url-entity
               :topic (s1.t / talk-01))
   :snt2 (s2.u / use-01
               :ARG0 (s2.y / you)
               :ARG1 (s2.w / word-01
                           :ARG1 (s2.a2 / awesome))
               :frequency (s2.a / amr-unknown)
               :time (s2.t / today))
   :snt3 (s3.r / remember-01
               :ARG0 (s3.y / you
                           :same-as s2.y)
               :ARG1 (s3.t / thing
                           :ARG1-of (s3.d / describe-01
                                          :ARG0 s3.y
                                          :time (s3.u / use-01
                                                      :ARG0 s3.y
                                                      :ARG1 (s3.w / word
                                                                  :same-as s2.w))))
               :polarity (s3.a / amr-unknown))
   :snt4 (s4.t2 / think-01
                :ARG0 (s4.i / i
                            :same-as s2.y)
                :ARG1 (s4.s2 / so)
                :ARG1-of (s4.c / cause-01
                               :ARG0 (s4.c2 / come-down-23
                                            :ARG2 (s4.t3 / this
                                                         :ARG1-of (s4.m / mean-01
                                                                        :ARG1 (s4.a / and
                                                                                    :op1 (s4.u / use-01
                                                                                               :ARG0 (s4.p / person)
                                                                                               :ARG1 (s4.w / word
                                                                                                           :same-as s2.w)
                                                                                               :ARG1-of (s4.c3 / correct-02
                                                                                                               :polarity "-"))
                                                                                    :op2 (s4.h / hope-01
                                                                                               :ARG0 s4.i
                                                                                               :ARG1 (s4.s / show-01
                                                                                                           :ARG0 s4.i
                                                                                                           :ARG1 (s4.t / thing
                                                                                                                       :manner-of (s4.p2 / put-01
                                                                                                                                         :ARG0 s4.p
                                                                                                                                         :ARG1 (s4.a2 / awe-01)
                                                                                                                                         :ARG2 (s4.a3 / awe-01)
                                                                                                                                         :location (s4.b / back)))
                                                                                                           :ARG2 s4.p)
                                                                                               :time (s4.d / date-entity
                                                                                                           :dayperiod (s4.n / night)
                                                                                                           :mod (s4.t4 / today))))
                                                                        :ARG2 s4.p))))
                :polarity "-")
   :snt5 (s5.a / and
               :op1 (s5.d / dine-01
                          :ARG0 (s5.i / i
                                      :same-as s2.y)
                          :location (s5.c / cafe
                                          :location (s5.o / outdoor))
                          :time (s5.r / recent))
               :op2 (s5.c2 / come-01
                           :ARG1 (s5.p / person
                                       :ARG0-of (s5.s2 / serve-01))
                           :ARG4 (s5.t / table
                                       :poss (s5.w / we)))
               :op3 (s5.a2 / ask-01
                           :ARG0 s5.p
                           :ARG1 (s5.t2 / truth-value
                                        :polarity-of (s5.d2 / dine-01
                                                            :ARG0 s5.w
                                                            :location s5.c
                                                            :time (s5.b / before)))
                           :ARG2 s5.w)
               :op4 (s5.s / say-01
                          :ARG0 s5.i
                          :ARG1 (s5.y / yes)))
   :snt6 (s6.a / and
               :op2 (s6.s / say-01
                          :ARG0 (s6.s2 / she
                                       :same-as s5.p)
                          :ARG1 (s6.a2 / awe-01)))
   :snt7 (s7.a2 / and
                :op2 (s7.t / think-01
                           :ARG0 (s7.i / i
                                       :same-as s2.y)
                           :ARG1 (s7.r / real-04
                                       :polarity (s7.a / amr-unknown))))
   :snt8 (s8.a2 / amr-choice
                :op1 (s8.a3 / awe-01
                            :ARG0 (s8.d / decide-01
                                        :ARG0 (s8.w / we
                                                    :same-as s5.w)
                                        :ARG1 (s8.v / visit-01
                                                    :ARG0 s8.w
                                                    :ARG1 (s8.r / restaurant
                                                                :poss (s8.y / you)
                                                                :same-as s5.c)
                                                    :mod (s8.a / again))))
                :op2 (s8.g / good-02
                           :ARG0 s8.d
                           :mod (s8.m / mere)
                           :mod (s8.j / just)))
   :snt9 (s9.a / and
               :op1 (s9.a2 / ask-01
                           :ARG0 (s9.p / person
                                       :ARG1-of (s9.i2 / include-91
                                                       :ARG2 (s9.p2 / person
                                                                    :ARG3-of (s9.w2 / work-01
                                                                                    :ARG1 (s9.i / i
                                                                                                :same-as s2.y)))))
                           :ARG1 (s9.t2 / truth-value
                                        :polarity-of (s9.p3 / possible-01
                                                            :ARG1 (s9.s / save-01
                                                                        :ARG0 s9.i
                                                                        :ARG1 (s9.f / file
                                                                                    :mod (s9.t / that))
                                                                        :medium (s9.f2 / file
                                                                                       :mod (s9.d2 / digital)))))
                           :ARG2 s9.i
                           :ARG2 (s9.h / he
                                       :same-as s9.i)
                           :time (s9.d / day
                                       :mod (s9.o2 / other)))
               :op2 (s9.s2 / say-01
                           :ARG0 s9.i
                           :ARG1 (s9.o / of-course
                                       :mod (s9.w / well)))
               :op3 (s9.s3 / say-01
                           :ARG0 s9.h
                           :ARG1 (s9.a3 / awe-01
                                        :ARG0 s9.h)))
   :snt10 (s10.p / possible-01
                 :ARG1 (s10.a3 / awesome-03
                               :ARG1 (s10.s / save-03
                                            :ARG1 (s10.a2 / anything)
                                            :medium (s10.f / file
                                                           :mod (s10.f2 / file
                                                                        :quant "2"))))
                 :ARG2-of (s10.s2 / serious-01)
                 :polarity (s10.a / amr-unknown))
   :snt11 (s11.r / replace-01
                 :ARG0-of (s11.s / sad-02)
                 :ARG1 (s11.w2 / word
                               :example (s11.a / and
                                               :op1 (s11.g / great)
                                               :op2 (s11.t / thank-01
                                                           :ARG1 (s11.y / you))))
                 :ARG2 (s11.o / overuse-01
                              :ARG1 (s11.w / word
                                           :value "awesome"
                                           :same-as s2.w)
                              :ARG1-of (s11.f / frequent-02))
                 :time (s11.n / now))
   :snt12 (s12.d / define-01
                 :ARG0 (s12.d2 / dictionary
                               :poss (s12.p2 / publication
                                             :name (s12.n / name
                                                          :op1 "Webster")))
                 :ARG1 (s12.s2 / string-entity
                               :value "awe-01"
                               :same-as s2.w)
                 :ARG2 (s12.m2 / mingle-01
                               :ARG1 (s12.f / fear-01)
                               :ARG2 (s12.o / or
                                            :ARG3-of (s12.f2 / feel-01
                                                             :ARG1-of (s12.p / produce-01
                                                                             :ARG0 (s12.s / something
                                                                                          :mod (s12.m / majestic))))
                                            :op1 (s12.a / admire-01)
                                            :op2 (s12.r / revere-01))))
   :snt13 (s13.a2 / awe-01
                  :ARG0 (s13.s / sandwich
                               :mod (s13.c / company
                                           :name (s13.n / name
                                                        :op1 "Quiznos"))
                               :poss (s13.y / you))
                  :condition (s13.k / keep-in-mind-08
                                    :ARG2 (s13.t / that))
                  :polarity (s13.a / amr-unknown)
                  :time (s13.n2 / now))
   :snt14 (s14.s / space
                 :ARG2-of (s14.p / park-01)
                 :mod (s14.t / that)
                 :polarity (s14.a / amr-unknown))
   :snt15 (s15.a2 / awesome-02
                  :ARG0 (s15.t / that
                               :same-as s14.t)
                  :polarity (s15.a / amr-unknown))
   :snt16 (s16.o / or
                 :op2 (s16.g / game
                             :mod (s16.t / that)
                             :polarity (s16.a / amr-unknown)
                             :time (s16.d / day
                                          :mod (s16.o2 / other))))
   :snt17 (s17.a2 / awesome-02
                  :ARG0 (s17.t / that
                               :same-as s16.d)
                  :polarity (s17.a / amr-unknown))
   :snt18 (s18.a2 / answer-01
                  :ARG2 (s18.a / and
                               :op1 (s18.n / no)
                               :op2 (s18.n2 / no)
                               :op3 (s18.n3 / no.)))
   :snt19 (s19.c / contrast-01
                 :ARG1 (s19.a / and
                              :op1 (s19.p2 / possible-01
                                           :ARG1 (s19.d / delicious
                                                        :domain (s19.s / sandwich)))
                              :op2 (s19.p3 / possible-01
                                           :ARG1 (s19.b / be-located-at-91
                                                        :ARG1 (s19.s2 / space
                                                                      :ARG2-of (s19.p / park-01)
                                                                      :same-as s14.t)
                                                        :ARG2 (s19.n / nearby)))
                              :op3 (s19.p4 / possible-01
                                           :ARG1 (s19.b2 / blow-03
                                                         :ARG1 (s19.g / game
                                                                      :mod (s19.t / that)
                                                                      :same-as s16.d))))
                 :ARG2 (s19.p5 / possible-01
                               :ARG1 (s19.a2 / awe-01
                                             :ARG0 (s19.e / everything
                                                          :polarity "-"))))
   :snt20 (s20.i / infer-01
                 :ARG1 (s20.t / take-away-05
                              :ARG0 (s20.y / you)
                              :ARG1 (s20.p / power
                                           :mod (s20.v / very)
                                           :poss (s20.w / word-01
                                                        :ARG1 (s20.a / awe-01)
                                                        :same-as s2.w))
                              :time (s20.u / use-01
                                           :ARG0 s20.y
                                           :ARG1 s20.w
                                           :ARG2 (s20.d / describe-01
                                                        :ARG0 s20.y
                                                        :ARG1 (s20.t2 / thing
                                                                      :ARG1-of (s20.h / have-degree-91
                                                                                      :ARG2 (s20.m2 / mundane)
                                                                                      :ARG3 (s20.m / most)))))))
   :snt21 (s21.s / say-01
                 :ARG0 (s21.p2 / person
                               :ARG0-of (s21.a / author-01)
                               :mod (s21.t / this))
                 :ARG1 (s21.a2 / awesome-03
                               :ARG1 (s21.o / or
                                            :op1 (s21.d / day
                                                        :mod (s21.s2 / snow))
                                            :op2 (s21.f / find-01
                                                        :ARG0 (s21.y / you)
                                                        :ARG1 (s21.m / money)
                                                        :location (s21.p / pants
                                                                         :poss s21.y)))))
   :snt22 (s22.a / and
                 :mod (s22.u / um
                             :mode "expressive")
                 :op1 (s22.i / it
                             :polarity "-"
                             :same-as s21.o)
                 :op2 (s22.n / need-01
                             :ARG0 (s22.w / we)
                             :ARG1 (s22.r / raise-01
                                          :ARG0 s22.w
                                          :ARG1 (s22.b / bar)
                                          :beneficiary (s22.s / schmuck
                                                              :mod (s22.p / poor)
                                                              :mod (s22.t / this)
                                                              :same-as s21.p2))))
   :snt23 (s23.c / cause-01
                 :ARG1 (s23.h2 / have-condition-91
                               :ARG1 (s23.v / value-02
                                            :ARG0 (s23.y / you)
                                            :ARG1 (s23.n / nothing))
                               :ARG2 (s23.h / have-03
                                            :ARG0 s23.y
                                            :ARG1 (s23.e / everything)))
                 :ARG1-of (s23.w / word-01
                                 :mod (s23.o / other)))
   :snt24 (s24.r / resemble-01
                 :ARG1 (s24.i / it)
                 :ARG2 (s24.d / drink-01
                              :ARG1-of (s24.r2 / resemble-01
                                               :ARG2 (s24.j / jackass
                                                            :location (s24.h / here
                                                                             :mod (s24.r3 / right))
                                                            :mod (s24.t / this)))
                              :ARG2 (s24.f / firehose))
                 :degree (s24.l / lot))
   :snt25 (s25.a / and
                 :condition (s25.a2 / awe-01
                                    :ARG0 (s25.e / everything))
                 :op1 (s25.d / dynamic
                             :polarity "-")
                 :op2 (s25.o / or
                             :op1 (s25.h / high-02
                                         :polarity "-")
                             :op2 (s25.l / low-04
                                         :polarity "-")))
   :snt26 (s26.s / say-01
                 :ARG1 (s26.t / thing
                              :ARG0-of (s26.a2 / awesome-02
                                               :degree (s26.t2 / truly))
                              :location (s26.h / here)
                              :quant "10")
                 :ARG2 (s26.a / and
                              :op1 (s26.l / lady)
                              :op2 (s26.g / gentleman)))
   :snt27 (s27.i / imagine-01
                 :ARG0 (s27.y / you)
                 :ARG1 (s27.o / obligate-01
                              :ARG1 s27.y
                              :ARG2 (s27.c / Schlek
                                           :location (s27.b / back
                                                            :poss s27.y)
                                           :topic (s27.e / everything)))
                 :condition (s27.w / will-02
                                   :ARG0 s27.y
                                   :ARG1 s27.i)
                 :mode "imperative")
   :snt28 (s28.e / easy-05
                 :ARG1 (s28.t / this)
                 :ARG2-of (s28.h / have-degree-91
                                 :ARG1 s28.t
                                 :ARG3 (s28.m / more))
                 :beneficiary (s28.i / i)
                 :condition (s28.p / possible-01
                                   :ARG1 (s28.r / roll-01
                                                :ARG0 s28.i
                                                :ARG1 s28.t
                                                :destination (s28.h2 / home)))
                 :polarity (s28.a / amr-unknown))
   :snt29 (s29.c / cause-01
                 :ARG1 (s29.t / think-01
                              :ARG0 (s29.i / i
                                           :same-as s2.y)
                              :ARG1 (s29.i2 / invent-01
                                            :ARG0 s29.i
                                            :ARG1 (s29.w / wheel))))
   :snt30 (s30.s / say-01
                 :ARG1 (s30.w / wheel
                              :same-as s29.w)
                 :ARG2 (s30.a / and
                              :op1 (s30.l / lady)
                              :op2 (s30.g / gentleman))
                 :same-as s29.w)
   :snt31 (s31.a / awesome-02
                 :ARG0 (s31.w / wheel
                              :same-as s29.w)
                 :mode "expressive")
   :snt32 (s32.h / have-degree-91
                 :ARG1 (s32.p / pyramid
                              :name (s32.n / name
                                           :op1 "Great"))
                 :ARG2 (s32.t / tall)
                 :ARG3 (s32.m3 / most)
                 :ARG5 (s32.s / structure
                              :ARG1-of (s32.m / make-01
                                              :ARG0 (s32.m2 / man))
                              :location (s32.w / world))
                 :duration (s32.t2 / temporal-quantity
                                   :unit (s32.y / year)
                                   :quant "4000"))
   :snt33 (s33.h / have-04
                 :ARG0 (s33.p / person
                              :name (s33.n / name
                                           :op1 "Pharaoh"))
                 :ARG1 (s33.m / move-01
                              :purpose (s33.e / erect-01
                                              :ARG0 (s33.s2 / slave
                                                            :poss s33.p)
                                              :ARG1 (s33.h2 / headstone
                                                            :mod (s33.f / freaking)
                                                            :mod (s33.b / big)))
                              :ARG0 s33.s2
                              :ARG1 (s33.b2 / block
                                            :quant (s33.m2 / multiple
                                                           :op1 "1000000"))
                              :ARG2 (s33.s / site
                                           :mod (s33.t / this)
                                           :mod (s33.j / just))))
   :snt34 (s34.a2 / awe-01
                  :ARG0 (s34.p / pyramid
                               :name (s34.n / name
                                            :op1 "Great"
                                            :op2 "Pyramids")
                               :same-as s32.p)
                  :polarity (s34.a / amr-unknown))
   :snt35 (s35.a / awe-01
                 :ARG0 (s35.p / pyramid
                              :same-as s32.p))
   :snt36 (s36.c / canyon
                 :name (s36.n / name
                              :op1 "Grand"
                              :op2 "Canyon"))
   :snt37 (s37.c / come-on-25
                 :ARG1 (s37.y / you)
                 :mode "imperative")
   :snt38 (s38.a / age-01
                 :ARG1 (s38.i / it
                              :same-as s36.c)
                 :ARG2 (s38.a2 / almost
                               :op1 (s38.t / temporal-quantity
                                           :unit (s38.y / year)
                                           :quant "80000")))
   :snt39 (s39.a2 / awe-01
                  :ARG0 (s39.c / canyon
                               :name (s39.n / name
                                            :op1 "Grand"
                                            :op2 "Canyon")
                               :same-as s36.c)
                  :polarity (s39.a / amr-unknown))
   :snt40 (s40.c / canyon
                 :name (s40.n / name
                              :op1 "Grand"
                              :op2 "Canyon")
                 :same-as s36.c)
   :snt41 (s41.a / and
                 :op1 (s41.i2 / invent-01
                              :ARG0 (s41.p / person
                                           :name (s41.n / name
                                                        :op1 "Louis"
                                                        :op2 "Daguerre"))
                              :ARG1 (s41.p3 / photography)
                              :time (s41.d / date-entity
                                           :year "1829"))
                 :op2 (s41.a2 / and
                              :op1 (s41.w / whip-01
                                          :ARG0 (s41.y / you)
                                          :ARG1 (s41.s4 / smartphone
                                                        :poss s41.y))
                              :op2 (s41.s2 / shoot-03
                                           :ARG0 s41.y
                                           :ARG1 (s41.s / sandwich
                                                        :ARG0-of (s41.a3 / awe-01)
                                                        :poss s41.y))
                              :op3 (s41.k / know-01
                                          :ARG0 s41.y
                                          :ARG1 (s41.p2 / person
                                                        :domain s41.y))
                              :op4 (s41.h / have-degree-91
                                          :ARG1 (s41.t / that)
                                          :ARG1-of (s41.r / request-confirmation-91)
                                          :ARG2 (s41.e / easy-05
                                                       :ARG1 s41.t)
                                          :ARG3 (s41.m / more)
                                          :ARG4 (s41.e2 / expose-01
                                                        :ARG1 (s41.i / image)
                                                        :ARG2 (s41.p4 / plate
                                                                      :ARG1-of (s41.c / coat-01
                                                                                      :ARG2 (s41.s3 / silver
                                                                                                    :ARG1-of (s41.o / oxidize-01)))
                                                                      :consist-of (s41.c2 / copper))))
                              :time (s41.b / before
                                           :op1 (s41.t2 / today))))
   :snt42 (s42.a / awe-01
                 :ARG0 (s42.p / photograph-01))
   :snt43 (s43.i / invade-01
                 :ARG0 (s43.a2 / ally-01)
                 :ARG1 (s43.c / country-region
                              :name (s43.n / name
                                           :op1 "Normandy"))
                 :ARG1-of (s43.m / mean-01
                                 :ARG2 (s43.i2 / invade-01
                                               :mod (s43.a3 / amphibious)
                                               :mod (s43.l / large
                                                           :ARG2-of (s43.h / have-degree-91
                                                                           :ARG1 s43.i2
                                                                           :ARG3 (s43.m2 / most)
                                                                           :ARG5 (s43.i3 / invade-01
                                                                                         :time (s43.h2 / history
                                                                                                       :mod (s43.w / world)))))))
                 :rel (s43.a / D-Day)
                 :time (s43.d / date-entity
                              :day "6"
                              :month "6"
                              :year "1944"))
   :snt44 (s44.a2 / awe-01
                  :ARG0 (s44.e / event
                               :name (s44.n / name
                                            :op1 "D")
                               :same-as s43.i)
                  :polarity (s44.a / amr-unknown))
   :snt45 (s45.a / awe-01
                 :ARG0 (s45.i / it
                              :same-as s43.i))
   :snt46 (s46.e / eat-01
                 :ARG0 (s46.y / you)
                 :ARG1 (s46.f / food)
                 :polarity (s46.a / amr-unknown)
                 :time (s46.t / today
                              :same-as s2.t))
   :snt47 (s47.e / eat-01
                 :ARG0 (s47.y / you
                              :same-as s46.y)
                 :polarity (s47.a / amr-unknown))
   :snt48 (s48.c / cause-01
                 :ARG0 (s48.a2 / and
                               :op1 (s48.p4 / possible-01
                                            :ARG1 (s48.g / grow-03
                                                         :ARG0 (s48.w / we)
                                                         :ARG1 (s48.f / food))
                                            :condition (s48.p2 / poll-01
                                                               :ARG1 (s48.c2 / crop)
                                                               :polarity "-")
                                            :polarity "-")
                               :op2 (s48.d / die-01
                                           :ARG1 (s48.p / person
                                                        :ARG1-of (s48.i / include-91
                                                                        :ARG2 s48.w
                                                                        :ARG3 (s48.a / all)))
                                           :time (s48.t3 / then)))
                 :ARG1 (s48.p3 / possible-01
                               :ARG1 (s48.t / thank-01
                                            :ARG0 (s48.y / you)
                                            :ARG1 (s48.h / honeybee
                                                         :mod (s48.o / one)))
                               :time (s48.t2 / then)))
   :snt49 (s49.r / resemble-01
                 :ARG1 (s49.i / it)
                 :ARG2 (s49.t / that)
                 :mod (s49.j / just))
   :snt50 (s50.c / contrast-01
                 :ARG2 (s50.p / possible-01
                              :ARG1 (s50.a / and
                                           :ARG0-of (s50.a3 / awe-01)
                                           :op1 (s50.g / get-05
                                                       :ARG1 (s50.f / flower)
                                                       :ARG2 (s50.u / up)
                                                       :mod (s50.j / just))
                                           :op2 (s50.h / have-06
                                                       :ARG0 s50.f
                                                       :ARG1 (s50.s / sex-01
                                                                    :ARG0 s50.f
                                                                    :ARG1 (s50.f2 / flower
                                                                                  :mod (s50.a2 / another)))))
                              :polarity "-"))
   :snt51 (s51.a / awesome-02
                 :ARG0 (s51.b / bee))
   :snt52 (s52.k / kid-01
                 :ARG0 (s52.y / you)
                 :ARG2 (s52.i / i)
                 :polarity (s52.a / amr-unknown))
   :snt53 (s53.l / land-01
                 :ARG4 (s53.m / moon))
   :snt54 (s54.c / come-on-25
                 :ARG1 (s54.y / you)
                 :mode "imperative")
   :snt55 (s55.s / spaceship
                 :name (s55.n / name
                              :op1 "Apollo"
                              :op2 "11"))
   :snt56 (s56.k / kid-01
                 :ARG0 (s56.y / you
                              :same-as s2.y)
                 :ARG2 (s56.i / i
                              :same-as s52.i)
                 :polarity (s56.a / amr-unknown))
   :snt57 (s57.b / be-located-at-91
                 :ARG1 (s57.p2 / person
                               :name (s57.n4 / name
                                             :op1 "Neil"
                                             :op2 "Armstrong"))
                 :ARG2 (s57.a2 / away
                               :quant (s57.d / distance-quantity
                                             :unit (s57.m / mile)
                                             :quant "240000"))
                 :time (s57.a / after
                              :quant (s57.t2 / temporal-quantity
                                             :unit (s57.y / year)
                                             :quant "60")
                              :op1 (s57.t / take-off-19
                                          :ARG1 (s57.p / person
                                                       :mod (s57.c2 / company
                                                                    :name (s57.n / name
                                                                                 :op1 "Wright"))
                                                       :mod (s57.b2 / brother))
                                          :ARG2 (s57.c / city
                                                       :name (s57.n2 / name
                                                                     :op1 "Kitty"
                                                                     :op2 "Hawk")
                                                       :location (s57.s / state
                                                                        :name (s57.n3 / name
                                                                                      :op1 "North"
                                                                                      :op2 "Carolina"))))))
   :snt58 (s58.r / resemble-01
                 :ARG1 (s58.t / that)
                 :ARG2 (s58.m / moon
                              :destination (s58.h / here)
                              :same-as s53.m))
   :snt59 (s59.c / contrast-01
                 :ARG1 (s59.s2 / step-01
                               :beneficiary (s59.m / man)
                               :domain (s59.t / that)
                               :mod (s59.s / small)
                               :quant "1")
                 :ARG2 (s59.l / leap-03
                              :purpose (s59.a / awe-01)
                              :ARG4 (s59.t2 / thing)
                              :domain s59.t
                              :mod (s59.g / giant)
                              :quant "1"))
   :snt60 (s60.r / right-06
                 :ARG1 (s60.y / you
                              :same-as s52.i)
                 :ARG2 (s60.i / it
                              :same-as s59.t)
                 :mod (s60.d / damn))
   :snt61 (s61.s / say-01
                 :ARG0 (s61.m / magazine
                              :name (s61.n2 / name
                                            :op1 "Rolling"
                                            :op2 "Stone"
                                            :op3 "Magazine"))
                 :ARG1 (s61.c / change-01
                              :ARG0 (s61.e / event
                                           :name (s61.n / name
                                                        :op1 "Woodstock"))
                              :ARG1 (s61.h / history
                                           :topic (s61.a / and
                                                         :op1 (s61.r / rock)
                                                         :op2 (s61.r2 / roll-01))))
                 :time (s61.d / date-entity
                              :year "1969")
                 :time s61.e)
   :snt62 (s62.c / cost-01
                 :ARG1 (s62.m / monetary-quantity
                              :domain (s62.t2 / ticket)
                              :mod (s62.o / only)
                              :time (s62.t / then
                                           :mod (s62.b / back))
                              :unit (s62.d / dollar)
                              :quant "24"))
   :snt63 (s63.p / possible-01
                 :ARG1 (s63.b / buy-01
                              :ARG0 (s63.y / you)
                              :ARG1 (s63.t / t-shirt
                                           :mod (s63.f / freaking))
                              :ARG3 (s63.t2 / that)
                              :mod (s63.e / even))
                 :time (s63.n / now)
                 :polarity "-")
   :snt64 (s64.h / have-degree-91
                 :ARG1 (s64.v / version
                              :mod (s64.m2 / music
                                           :mod (s64.o / organization
                                                       :name (s64.n2 / name
                                                                     :op1 "neighbor"
                                                                     :op3 "Spangled"
                                                                     :op4 "Banner")))
                              :poss (s64.p / person
                                           :name (s64.n / name
                                                        :op1 "Jimi"
                                                        :op2 "Hendrix")))
                 :ARG2 (s64.i / iconic)
                 :ARG3 (s64.m / most))
   :snt65 (s65.a2 / awe-01
                  :ARG0 (s65.e / event
                               :name (s65.n / name
                                            :op1 "Woodstock")
                               :same-as s61.e)
                  :polarity (s65.a / amr-unknown))
   :snt66 (s66.a / awe-01
                 :ARG0 (s66.i / it
                              :same-as s64.v))
   :snt67 (s67.t / team
                 :name (s67.n / name
                              :op1 "Sharks"))
   :snt68 (s68.b / be-located-at-91
                 :ARG1 (s68.t / they
                              :same-as s67.t)
                 :ARG2 (s68.t2 / top
                               :part-of (s68.c / chain
                                               :mod (s68.f / food))))
   :snt69 (s69.a / and
                 :op1 (s69.h / have-03
                             :ARG0 (s69.s / ship
                                          :name (s69.n / name
                                                       :op1 "English"
                                                       :op1 "SEAL"
                                                       :op2 "dog")
                                          :part (s69.j / jaw))
                             :ARG1 (s69.t / tooth
                                          :quant (s69.r2 / row
                                                         :quant (s69.m2 / multiple))
                                          :ARG1-of (s69.g / grow-01
                                                          :location s69.j)))
                 :op2 (s69.m / move-01
                             :ARG1 s69.s
                             :ARG1-of (s69.r / resemble-01
                                             :ARG2 (s69.b / belt
                                                          :mod (s69.c / conveyor)))
                             :ARG2 (s69.f / forward)))
   :snt70 (s70.p / possible-01
                 :ARG1 (s70.l2 / lose-02
                               :ARG0 (s70.s / shark
                                            :quant (s70.s2 / some)
                                            :part (s70.t / tooth
                                                         :quant "30000"))
                               :ARG1 s70.t
                               :time (s70.l / lifetime
                                            :poss s70.s)))
   :snt71 (s71.i / inspire-01
                 :ARG0 (s71.a2 / awe-01)
                 :ARG2 (s71.f / fear-01)
                 :polarity (s71.a / amr-unknown))
   :snt72 (s72.a / awesome-02
                 :ARG0 (s72.s / shark)
                 :mod (s72.o / oh
                             :mod (s72.y / yeah
                                         :mod (s72.h / hell
                                                     :mode "expressive")))
                 :mode "expressive")
   :snt73 (s73.a4 / and
                  :op1 (s73.a3 / and
                               :op1 (s73.b / bear-02
                                           :ARG1 (s73.i2 / internet)
                                           :time (s73.d / date-entity
                                                        :year "1982"))
                               :op2 (s73.t / take-over-12
                                           :ARG0 s73.i2
                                           :ARG1 (s73.c / communicate-01
                                                        :ARG1 (s73.g2 / globe))
                                           :manner (s73.i / instant)))
                  :op2 (s73.a6 / awesome-02
                               :ARG0 s73.i2
                               :time (s73.u / uplift-01
                                            :purpose (s73.p / possible-01
                                                            :ARG1 (s73.a5 / and
                                                                          :op1 (s73.g / get-03
                                                                                      :ARG1 (s73.g3 / guy
                                                                                                    :location (s73.c2 / country-region
                                                                                                                      :name (s73.n / name
                                                                                                                                   :op1 "Siberia")))
                                                                                      :ARG2 (s73.d3 / drunk))
                                                                          :op2 (s73.w / watch-01
                                                                                      :ARG0 s73.g3
                                                                                      :ARG1 (s73.t2 / thing
                                                                                                    :ARG1-of (s73.c3 / crap-01)
                                                                                                    :mod (s73.t4 / this)))))
                                            :ARG1 (s73.p2 / power
                                                          :mod (s73.t3 / this)
                                                          :mod (s73.a2 / all))
                                            :time (s73.d2 / date-entity
                                                          :dayperiod (s73.n2 / night)
                                                          :mod (s73.t5 / today)))
                               :time (s73.a / after)))
   :snt74 (s74.a / and
                 :mod (s74.f / final)
                 :op2 (s74.p / possible-01
                             :ARG1 (s74.w / wait-01
                                          :ARG1 (s74.s / some
                                                       :ARG1-of (s74.i2 / include-91
                                                                        :ARG2 (s74.y / you)))
                                          :ARG2 (s74.a2 / and
                                                        :op1 (s74.c / come-01
                                                                    :ARG1 s74.s
                                                                    :ARG1 (s74.i / i
                                                                                 :same-as s2.y)
                                                                    :ARG4 (s74.u / up))
                                                        :op2 (s74.t / tell-01
                                                                    :ARG0 s74.s
                                                                    :ARG1 (s74.a3 / awesome-02
                                                                                  :ARG0 s74.i
                                                                                  :ARG0 (s74.p2 / product
                                                                                                :name (s74.n / name
                                                                                                             :op1 "PowerPoint")
                                                                                                :poss s74.i)))))
                             :polarity "-"))
   :snt75 (s75.s / save-01
                 :ARG0 (s75.i / i
                              :same-as s2.y)
                 :ARG1 (s75.t / time)
                 :ARG2 (s75.y / you
                              :same-as s74.y))
   :snt76 (s76.a3 / and
                  :op1 (s76.h2 / have-concession-91
                               :ARG1 (s76.t / true-01
                                            :ARG1 (s76.i2 / it
                                                          :same-as s74.p2))
                               :ARG2 (s76.a5 / awe-01
                                             :ARG0 s76.i2
                                             :polarity "-"))
                  :op2 (s76.h4 / hope-01
                               :ARG0 (s76.i / i
                                            :same-as s2.y)
                               :ARG1 (s76.e / entertain-01
                                            :ARG0 s76.i2))
                  :op3 (s76.h3 / have-degree-91
                               :ARG1 (s76.a4 / audience
                                             :ARG1-of (s76.h / have-03
                                                             :ARG0 s76.i
                                                             :time (s76.e2 / ever))
                                             :mod (s76.a / all))
                               :ARG2 (s76.r / recent)
                               :ARG3 (s76.m / most)
                               :ARG5 s76.a4)
                  :rel (s76.y / you
                              :mod (s76.a2 / all)
                              :same-as s74.y))
   :snt77 (s77.a / and
                 :op1 (s77.t / thank-01
                             :ARG0 (s77.i / i)
                             :ARG1 (s77.y / you
                                          :same-as s74.y))
                 :op2 (s77.n / night
                             :ARG1-of (s77.g / good-02))))

