# ::id doc-884
# ::doc_file doc-884
# ::tok http : / / www . ted . com / talks / jay_walker_s_library_of_human_imagination< / url> <next_sent> These rocks have been hitting our earth for about three billion years , and are responsible for much of what 's gone on on our planet . <next_sent> This is an example of a real meteorite , and you can see all the melting of the iron from the speed and the heat when a meteorite hits the earth , and just how much of it survives and melts . <next_sent> From a meteorite from space , we 're over here with an original Sputnik . <next_sent> This is one of the seven surviving Sputniks that was not launched into space . <next_sent> This is not a copy . <next_sent> The space age began 50 years ago in October , and that 's exactly what Sputnik looked like . <next_sent> And it would n't be fun to talk about the space age without seeing a flag that was carried to the moon and back , on Apollo 11 . <next_sent> The astronauts each got to carry about ten silk flags in their personal kits . <next_sent> They would bring them back and mount them . <next_sent> So this has actually been carried to the moon and back . <next_sent> So that 's for fun . <next_sent> The dawn of books is , of course , important . <next_sent> And it would n't be interesting to talk about the dawn of books without having a copy of a Guttenberg Bible . <next_sent> You can see how portable and handy it was to have your own Guttenberg in 1455 . <next_sent> But what 's interesting about the Guttenberg Bible , and the dawn of this technology , is not the book . <next_sent> You see , the book was not driven by reading . <next_sent> In 1455 , nobody could read . <next_sent> So why did the printing press succeed ? <next_sent> This is an original page of a Guttenberg Bible . <next_sent> So you 're looking here at one of the first printed books using movable type in the history of man , 550 years ago . <next_sent> We are living at the age here at the end of the book , where electronic paper will undoubtedly replace it . <next_sent> But why is this so interesting ? <next_sent> Here 's the quick story . <next_sent> It turns out that in the 1450 s , the Catholic Church needed money , and so they actually hand - wrote these things called indulgences , which were forgiveness 's on pieces of paper . <next_sent> They traveled all around Europe and sold by the hundreds or by the thousands . <next_sent> They got you out of purgatory faster . <next_sent> And when the printing press was invented what they found was they could print indulgences , which was the equivalent of printing money . <next_sent> And so all of Western Europe started buying printing presses in 1455 -- to print out thousands , and then hundreds of thousands , and then ultimately millions of single , small pieces of paper that got you out of middle hell and into heaven . <next_sent> That is why the printing press succeeded , and that is why Martin Luther nailed his 90 theses to the door : because he was complaining that the Catholic Church had gone amok in printing out indulgences and selling them in every town and village and city in all of Western Europe . <next_sent> So the printing press , ladies and gentlemen , was driven entirely by the printing of forgivenesses and had nothing to do with reading . <next_sent> More tomorrow . <next_sent> I also have pictures coming of the library for those of you that have asked for pictures . <next_sent> We 're going to have some tomorrow . <next_sent> Instead of showing an object from the stage I 'm going to do something special for the first time . <next_sent> We are going to show , actually , what the library looks like , OK ? <next_sent> So , I am married to the most wonderful woman in the world . <next_sent> You 're going to find out why in a minute , because when I went to see Eileen , this is what I said I wanted to build . <next_sent> This is the Library of Human Imagination . <next_sent> The room itself is three stories tall . <next_sent> In the glass panels are 5,000 years of human imagination that are computer controlled . <next_sent> The room is a theatre . <next_sent> It changes colors . <next_sent> And all throughout the library are different objects , different spaces . <next_sent> It 's designed like an Escher print . <next_sent> Here is some of the lower level of the library , where the exhibits constantly change . <next_sent> You can walk through . <next_sent> You can touch . <next_sent> You can see exactly how many of these types of items would fit in a room . <next_sent> There 's my very own Saturn V. <next_sent> Everybody should have one , OK ? <next_sent> So you can see here in the lower level of the library the books and the objects . <next_sent> In the glass panels all along is sort of the history of imagination . <next_sent> There is a glass bridge that you walk across that 's suspended in space . <next_sent> So it 's a leap of imagination . <next_sent> How do we create ? <next_sent> Part of the question that I have answered is , is we create by surrounding ourselves with stimuli : with human achievement , with history , with the things that drive us and make us human -- the passionate discovery , the bones of dinosaurs long gone , the maps of space that we 've experienced , and ultimately the hallways that stimulate our mind and our imagination . <next_sent> So hopefully tomorrow I 'll show one or two more objects from the stage , but for today I just wanted to say thank you for all the people that came and talked to us about it . <next_sent> And Eileen and I are thrilled to open our home and share it with the TED community . <next_sent> TED is all about patterns in the clouds . <next_sent> It 's all about connections . <next_sent> It 's all about seeing things that everybody else has seen before but thinking about them in ways that nobody has thought of them before . <next_sent> And that 's really what discovery and imagination is all about . <next_sent> For example , we can look at a DNA molecule model here . <next_sent> None of us really have ever seen one , but we know it exists because we 've been taught to understand this molecule . <next_sent> But we can also look at an Enigma machine from the Nazis in World War II that was a coding and decoding machine . <next_sent> Now , you might say , what does this have to do with this ? <next_sent> Well , this is the code for life , and this is a code for death . <next_sent> These two molecules code and decode . <next_sent> And yet , looking at them , you would see a machine and a molecule . <next_sent> But once you 've seen them in a new way , you realize that both of these things really are connected . <next_sent> And they 're connected primarily because of this here . <next_sent> You see , this is a human brain model , OK ? <next_sent> And it 's rare , because we never really get to see a brain . <next_sent> We get to see a skull . <next_sent> But there it is . <next_sent> All of imagination -- everything that we think , we feel , we sense -- comes through the human brain . <next_sent> And once we create new patterns in this brain , once we shape the brain in a new way , it never returns to its original shape . <next_sent> And I 'll give you a quick example . <next_sent> We think about the Internet ; we think about information that goes across the Internet . <next_sent> And we never think about the hidden connection . <next_sent> But I brought along here a lump of coal -- right here , one lump of coal . <next_sent> And what does a lump of coal have to do with the Internet ? <next_sent> You see , it takes the energy in one lump of coal to move one megabyte of information across the net . <next_sent> So every time you download a file , each megabyte is a lump of coal . <next_sent> What that means is , a 200 - megabyte file looks like this , ladies and gentlemen . <next_sent> OK ? <next_sent> So the next time you download a gigabyte , or two gigabytes , it 's not for free , OK ? <next_sent> The connection is the energy it takes to run the web , and to make everything we think possible , possible . <next_sent> Thanks , Chris .
(d / document
   :snt1 (s1.u / url-entity
               :value (s1.t / talk-01
                            :ARG0 (s1.p / person
                                        :name (s1.n / name
                                                    :op1 "narcotic"))))
   :snt2 (s2.a2 / and
                :op1 (s2.h / hit-01
                           :ARG1 (s2.p / planet
                                       :name (s2.n / name
                                                   :op1 "Earth")
                                       :poss (s2.w / we))
                           :ARG2 (s2.r2 / rock
                                        :mod (s2.t3 / this))
                           :duration (s2.a / about
                                           :op1 (s2.t / temporal-quantity
                                                      :unit (s2.y / year)
                                                      :quant "3000000000")))
                :op2 (s2.r / responsible-01
                           :ARG0 s2.r2
                           :ARG1 (s2.t2 / thing
                                        :quant (s2.m / much)
                                        :ARG1-of (s2.g / go-on-15
                                                       :location (s2.p2 / planet
                                                                        :poss s2.w
                                                                        :same-as s2.p)))))
   :snt3 (s3.a2 / and
                :op1 (s3.e / exemplify-01
                           :ARG0 (s3.t2 / this)
                           :ARG1 (s3.m3 / meteorite
                                        :ARG1-of (s3.r / real-04)))
                :op2 (s3.p2 / possible-01
                            :ARG1 (s3.s / see-01
                                        :ARG0 (s3.y / you)
                                        :ARG1 (s3.a3 / and
                                                     :op1 (s3.s2 / speed)
                                                     :op2 (s3.t / thing
                                                                :ARG0-of (s3.s3 / survive-01)
                                                                :ARG1-of (s3.i / include-91
                                                                               :ARG2 (s3.i2 / iron))
                                                                :ARG1-of (s3.m2 / melt-01
                                                                                :mod (s3.j / just))))))
                :rel (s3.m / melt-01
                           :ARG1 s3.i2
                           :mod (s3.a / all)
                           :source (s3.a4 / and
                                          :op1 s3.s2
                                          :op2 (s3.h / heat))
                           :time (s3.h2 / hit-01
                                        :ARG0 (s3.m4 / meteorite)
                                        :ARG1 (s3.p / planet
                                                    :name (s3.n / name
                                                                :op1 "Earth")
                                                    :same-as s2.p))))
   :snt4 (s4.b / be-located-at-91
               :ARG1 (s4.w / we)
               :ARG2 (s4.h / here
                           :mod (s4.o2 / over))
               :accompanier (s4.s2 / spaceship
                                   :name (s4.n / name
                                               :op1 "Sputnik")
                                   :mod (s4.o / original))
               :source (s4.m / meteorite
                             :source (s4.s / space)))
   :snt5 (s5.i / include-91
               :ARG1 (s5.t / this
                           :same-as s4.s2)
               :ARG2 (s5.s2 / spaceship
                            :name (s5.n / name
                                        :op1 "cosmonaut")
                            :ARG0-of (s5.s3 / survive-01)
                            :ARG1-of (s5.l / launch-01
                                           :destination (s5.s / space
                                                              :same-as s4.s)
                                           :polarity "-")
                            :quant "7"))
   :snt6 (s6.c / copy-01
               :ARG2 (s6.t / this
                           :same-as s4.s2)
               :polarity "-")
   :snt7 (s7.a2 / and
                :op1 (s7.b2 / begin-01
                            :ARG1 (s7.a / age
                                        :mod (s7.s / space))
                            :time (s7.b / before
                                        :quant (s7.t / temporal-quantity
                                                     :unit (s7.y / year)
                                                     :quant "50")
                                        :op1 (s7.n2 / now))
                            :time (s7.d / date-entity
                                        :month "10"))
                :op2 (s7.l / look-02
                           :ARG0 (s7.c / country
                                       :name (s7.n / name
                                                   :op1 "Sputnik")
                                       :same-as s4.s2)
                           :ARG1 (s7.t2 / that
                                        :same-as s4.s2)
                           :degree (s7.e / exact)))
   :snt8 (s8.a2 / and
                :op2 (s8.f2 / fun-01
                            :ARG1 (s8.t / talk-01
                                        :ARG1 (s8.a / age
                                                    :mod (s8.s2 / space)
                                                    :same-as s7.a)
                                        :prep-without (s8.s / see-01
                                                            :ARG1 (s8.f / flag
                                                                        :ARG1-of (s8.c / carry-01
                                                                                       :destination (s8.a3 / and
                                                                                                           :op1 (s8.m / moon)
                                                                                                           :op2 (s8.b / back))
                                                                                       :location (s8.s3 / spaceship
                                                                                                        :name (s8.n / name
                                                                                                                    :op1 "Apollo"
                                                                                                                    :op2 "11"))))
                                                            :polarity "-"))
                            :polarity "-")
                :rel "-")
   :snt9 (s9.g / get-22
               :ARG0 (s9.a2 / astronaut
                            :mod (s9.e / each))
               :ARG1 (s9.c / carry-01
                           :ARG0 s9.a2
                           :ARG1 (s9.f / flag
                                       :quant (s9.a / about
                                                    :op1 "10")
                                       :consist-of (s9.s / silk))
                           :location (s9.k / kit
                                           :ARG1-of (s9.p / personal-02
                                                          :ARG2 s9.a2))))
   :snt10 (s10.a / and
                 :op1 (s10.b2 / bring-01
                              :ARG0 (s10.t / they
                                           :same-as s9.a2)
                              :ARG1 (s10.t2 / they
                                            :same-as s9.f)
                              :ARG3 (s10.b / back))
                 :op2 (s10.m / mount-03
                             :ARG0 s10.t
                             :ARG1 s10.t2))
   :snt11 (s11.c / carry-01
                 :ARG1 (s11.t / this
                              :same-as s8.a3)
                 :ARG1-of (s11.a / actual-02)
                 :destination (s11.a2 / and
                                      :op1 (s11.m / moon
                                                  :same-as s8.m)
                                      :op2 (s11.b / back)))
   :snt12 (s12.h / have-purpose-91
                 :ARG1 (s12.t / that)
                 :ARG2 (s12.f / fun-01))
   :snt13 (s13.i / important-01
                 :ARG1 (s13.d / dawn-01
                              :ARG1 (s13.b / book))
                 :mod (s13.o / of-course))
   :snt14 (s14.a / and
                 :op2 (s14.i / interest-01
                             :ARG2 (s14.t / talk-01
                                          :ARG1 (s14.d / dawn-01
                                                       :ARG1 (s14.b / book)
                                                       :same-as s13.d)
                                          :condition (s14.h / have-03
                                                            :ARG1 (s14.c / copy-01
                                                                         :ARG1 (s14.b2 / book
                                                                                       :name (s14.n / name
                                                                                                    :op1 "Guttenberg"
                                                                                                    :op2 "Bible")))
                                                            :polarity "-"))
                             :polarity "-")
                 :rel "-")
   :snt15 (s15.p2 / possible-01
                  :ARG1 (s15.s / see-01
                               :ARG0 (s15.y / you)
                               :ARG1 (s15.t / thing
                                            :degree-of (s15.a / and
                                                              :op1 (s15.p / portable
                                                                          :domain (s15.h2 / have-03
                                                                                          :ARG0 s15.y
                                                                                          :ARG1 (s15.p3 / product
                                                                                                        :name (s15.n / name
                                                                                                                     :op1 "Guttenberg")
                                                                                                        :poss s15.y)
                                                                                          :time (s15.d / date-entity
                                                                                                       :year "1455")))
                                                              :op2 (s15.h / handy-02
                                                                          :ARG1 s15.h2)))))
   :snt16 (s16.c / contrast-01
                 :ARG2 (s16.i / interest-01
                              :ARG2 (s16.a / and
                                           :op1 (s16.b / book
                                                       :name (s16.n / name
                                                                    :op1 "Guttenberg"
                                                                    :op2 "Bible")
                                                       :same-as s14.b2)
                                           :op2 (s16.d / dawn-01
                                                       :ARG1 (s16.t / technology
                                                                    :mod (s16.t2 / this))
                                                       :same-as s13.d))
                              :ARG2 (s16.b2 / book
                                            :polarity "-"
                                            :same-as s14.b2)))
   :snt17 (s17.d / drive-02
                 :ARG0 (s17.r / read-01)
                 :ARG1 (s17.b / book)
                 :mod (s17.s / see-03)
                 :polarity "-")
   :snt18 (s18.c / capable-01
                 :ARG1 (s18.n / nobody)
                 :ARG2 (s18.r / read-01
                              :ARG0 s18.n)
                 :time (s18.d / date-entity
                              :year "1455"
                              :same-as s15.d))
   :snt19 (s19.s / succeed-01
                 :ARG0 (s19.p / press
                              :ARG0-of (s19.p2 / print-01))
                 :ARG1-of (s19.c / cause-01
                                 :ARG0 (s19.a / amr-unknown)))
   :snt20 (s20.p / page
                 :domain (s20.t / this)
                 :mod (s20.o / original)
                 :part-of (s20.b / book
                                 :name (s20.n / name
                                              :op1 "Guttenberg"
                                              :op2 "Bible")))
   :snt21 (s21.c / cause-01
                 :ARG1 (s21.l / look-01
                              :ARG0 (s21.y2 / you)
                              :ARG1 (s21.b2 / book
                                            :ARG1-of (s21.i / include-91
                                                            :ARG2 (s21.b3 / book
                                                                          :ARG0-of (s21.u / use-01
                                                                                          :ARG1 (s21.t2 / type
                                                                                                        :ARG1-of (s21.m2 / move-01
                                                                                                                         :ARG1-of (s21.p / possible-01))))
                                                                          :ARG1-of (s21.p2 / print-01)
                                                                          :ord (s21.o / ordinal-entity
                                                                                      :time (s21.h2 / history
                                                                                                    :poss (s21.m / man))
                                                                                      :value "1")))
                                            :quant "1")
                              :location (s21.h / here)
                              :time (s21.b / before
                                           :quant (s21.t / temporal-quantity
                                                         :unit (s21.y / year)
                                                         :quant "550")
                                           :op1 (s21.n / now)
                                           :same-as s14.b2)))
   :snt22 (s22.l / live-01
                 :ARG0 (s22.w / we)
                 :ARG1 (s22.a / age)
                 :location (s22.h / here)
                 :time (s22.e2 / end-01
                               :ARG1 (s22.b / book
                                            :location-of (s22.r / replace-01
                                                                :ARG1 s22.w
                                                                :ARG1-of (s22.d / doubt-01
                                                                                :polarity "-")
                                                                :ARG2 (s22.p / paper
                                                                             :mod (s22.e / electronic)))
                                            :same-as s14.b2)))
   :snt23 (s23.c2 / contrast-01
                  :ARG2 (s23.i / interest-01
                               :ARG1-of (s23.c / cause-01
                                               :ARG0 (s23.a / amr-unknown))
                               :ARG2 (s23.t / this)
                               :degree (s23.s / so)))
   :snt24 (s24.s / story
                 :ARG1-of (s24.q / quick-02)
                 :location (s24.h / here))
   :snt25 (s25.t3 / turn-out-11
                  :ARG1 (s25.n2 / need-01
                                :ARG0 (s25.o / organization
                                             :name (s25.n / name
                                                          :op1 "Catholic"
                                                          :op2 "Church"))
                                :ARG0-of (s25.c2 / cause-01
                                                 :ARG1 (s25.w / write-01
                                                              :ARG0 s25.o
                                                              :ARG1 (s25.t / thing
                                                                           :ARG1-of (s25.c / call-01
                                                                                           :ARG2 (s25.i / indulge-01
                                                                                                        :domain (s25.f / forgive-01
                                                                                                                       :location (s25.p2 / piece
                                                                                                                                         :mod (s25.p / paper)))))
                                                                           :mod (s25.t2 / this))
                                                              :ARG1-of (s25.a / actual-02)
                                                              :manner (s25.h / hand)))
                                :ARG1 (s25.m / money)
                                :time (s25.d / date-entity
                                             :decade "1450"
                                             :same-as s15.d)))
   :snt26 (s26.a / and
                 :op1 (s26.t2 / travel-01
                              :ARG0 (s26.t / they
                                           :same-as s25.o)
                              :ARG2 (s26.a2 / around
                                            :op1 (s26.c / continent
                                                        :name (s26.n / name
                                                                     :op1 "Europe"))))
                 :op2 (s26.s / sell-01
                             :ARG1 s26.t
                             :manner (s26.o / or
                                            :op1 (s26.m / multiple
                                                        :op1 "100")
                                            :op2 (s26.m2 / multiple
                                                         :op1 "1000"))))
   :snt27 (s27.g / get-05
                 :ARG0 (s27.t / they
                              :same-as s25.o)
                 :ARG1 (s27.y / you)
                 :ARG1-of (s27.h / have-degree-91
                                 :ARG2 (s27.f / fast-02
                                              :ARG1 s27.g)
                                 :ARG3 (s27.m / more))
                 :ARG2 (s27.o / out-06
                              :ARG1 s27.y
                              :ARG2 (s27.p / purgatory)))
   :snt28 (s28.a / and
                 :op2 (s28.f / find-01
                             :ARG0 (s28.t / they
                                          :same-as s25.o)
                             :ARG1 (s28.p / possible-01
                                          :ARG1 (s28.p4 / print-01
                                                        :ARG0 s28.t
                                                        :ARG1 (s28.t2 / thing
                                                                      :ARG1-of (s28.i / indulge-01))
                                                        :ARG1-of (s28.e / equal-01
                                                                        :ARG2 (s28.p5 / print-01
                                                                                      :ARG1 (s28.m / money)))))
                             :time (s28.i2 / invent-01
                                           :ARG1 (s28.p2 / press
                                                         :ARG0-of (s28.p3 / print-01)))))
   :snt29 (s29.a2 / and
                  :purpose (s29.p6 / print-out-02
                                   :ARG0 (s29.p3 / press
                                                 :instrument-of (s29.p4 / print-01))
                                   :ARG1 (s29.a3 / and
                                                 :op1 (s29.m / multiple
                                                             :op1 "1000")
                                                 :op2 (s29.p5 / print-01
                                                              :ARG0 s29.p3
                                                              :ARG1 (s29.p2 / piece
                                                                            :quant (s29.m3 / multiple
                                                                                           :op1 "1000000")
                                                                            :ARG0-of (s29.g / get-05
                                                                                            :ARG1 (s29.y / you)
                                                                                            :ARG2 (s29.o / out-06
                                                                                                         :ARG1 s29.y
                                                                                                         :ARG2 (s29.h2 / hell
                                                                                                                       :name (s29.n2 / name
                                                                                                                                     :op1 "Middle"
                                                                                                                                     :op2 "heaven"))
                                                                                                         :ARG2 (s29.h / heaven)))
                                                                            :ARG1-of (s29.s / single-02)
                                                                            :mod (s29.s2 / small)
                                                                            :mod (s29.p / paper)))))
                  :op2 (s29.s3 / start-01
                               :ARG0 (s29.w / world-region
                                            :name (s29.n / name
                                                         :op1 "Western"
                                                         :op2 "Europe")
                                            :mod (s29.a / all))
                               :ARG1 (s29.b / buy-01
                                            :ARG0 s29.w
                                            :ARG1 s29.p3)
                               :time (s29.d / date-entity
                                            :year "1455"
                                            :same-as s15.d))
                  :rel (s29.m2 / multiple
                               :op1 "100")
                  :rel (s29.m4 / multiple
                               :mod (s29.u / ultimate)
                               :op1 "1000000"))
   :snt30 (s30.c / cause-01
                 :ARG0 (s30.t / that)
                 :ARG1 (s30.a3 / and
                               :op1 (s30.s2 / succeed-01
                                            :ARG0 (s30.p2 / press
                                                          :ARG0-of (s30.p3 / print-01)
                                                          :same-as s19.p))
                               :op2 (s30.c2 / cause-01
                                            :ARG0 s30.t
                                            :ARG0 (s30.c4 / complain-01
                                                          :ARG0 (s30.p / person
                                                                       :name (s30.n2 / name
                                                                                     :op1 "Martin"
                                                                                     :op2 "Luther"))
                                                          :ARG1 (s30.g / go-08
                                                                       :ARG1 (s30.o / organization
                                                                                    :name (s30.n4 / name
                                                                                                  :op1 "Catholic"
                                                                                                  :op2 "Church")
                                                                                    :same-as s25.o)
                                                                       :ARG2 (s30.a2 / amok)
                                                                       :ARG2 (s30.a4 / and
                                                                                     :op1 (s30.p4 / print-01
                                                                                                  :ARG0 s30.o
                                                                                                  :ARG1 (s30.i / indulge-01))
                                                                                     :op2 (s30.s / sell-01
                                                                                                 :ARG0 s30.o
                                                                                                 :ARG1 s30.i
                                                                                                 :location (s30.a5 / and
                                                                                                                   :location (s30.w / world-region
                                                                                                                                    :name (s30.n5 / name
                                                                                                                                                  :op1 "Western"
                                                                                                                                                  :op2 "Europe")
                                                                                                                                    :mod (s30.a / all)
                                                                                                                                    :same-as s29.w)
                                                                                                                   :mod (s30.e / every)
                                                                                                                   :op1 (s30.t3 / town)
                                                                                                                   :op2 (s30.v / village)
                                                                                                                   :op3 (s30.c3 / city))))))
                                            :ARG1 (s30.n / nail-01
                                                         :ARG0 s30.p
                                                         :ARG1 (s30.t2 / thing
                                                                       :name (s30.n3 / name
                                                                                     :op1 "The")
                                                                       :quant "90"
                                                                       :same-as s30.p)
                                                         :destination (s30.d / door)))))
   :snt31 (s31.i / infer-01
                 :ARG1 (s31.a2 / and
                               :op1 (s31.d / drive-02
                                           :ARG0 (s31.p4 / print-01
                                                         :ARG1 (s31.p / person
                                                                      :ARG0-of (s31.h / have-rel-role-91
                                                                                      :ARG3 (s31.f / forgive-01))))
                                           :ARG1 (s31.a / and
                                                        :op1 (s31.l / lady)
                                                        :op2 (s31.l2 / lady))
                                           :degree (s31.e / entire))
                               :op2 (s31.h2 / have-to-do-with-04
                                            :ARG0 (s31.p2 / press
                                                          :ARG0-of (s31.p3 / print-01)
                                                          :same-as s19.p)
                                            :ARG1 (s31.r / read-01)
                                            :ARG2 (s31.n / nothing)
                                            :polarity "-")))
   :snt32 (s32.m / more
                 :time (s32.t / tomorrow))
   :snt33 (s33.h / have-03
                 :ARG0 (s33.i / i)
                 :ARG1 (s33.c / come-01
                              :ARG1 (s33.p2 / picture)
                              :ARG3 (s33.l / library)
                              :beneficiary (s33.p / person
                                                  :ARG0-of (s33.a2 / ask-02
                                                                   :ARG1 s33.p2)
                                                  :ARG1-of (s33.i2 / include-91
                                                                   :ARG2 (s33.y / you))
                                                  :mod (s33.t / that)))
                 :mod (s33.a / also))
   :snt34 (s34.h / have-06
                 :ARG0 (s34.w / we)
                 :ARG1 (s34.s / some)
                 :time (s34.t / tomorrow))
   :snt35 (s35.i2 / instead-of-91
                  :ARG1 (s35.d / do-02
                               :ARG0 (s35.i / i
                                            :same-as s33.i)
                               :ARG1 (s35.s2 / something
                                             :ARG1-of (s35.s3 / special-02))
                               :ord (s35.o2 / ordinal-entity
                                            :value "1"))
                  :ARG2 (s35.s / show-01
                               :ARG0 s35.i
                               :ARG1 (s35.o / object
                                            :source (s35.s4 / stage))))
   :snt36 (s36.s / show-01
                 :ARG0 (s36.w / we)
                 :ARG1 (s36.t / thing
                              :ARG1-of (s36.l2 / look-02
                                               :ARG0 (s36.l / library
                                                            :same-as s33.l)))
                 :ARG1-of (s36.a / actual-02)
                 :ARG1-of (s36.r / request-confirmation-91))
   :snt37 (s37.c / cause-01
                 :ARG1 (s37.m / marry-01
                              :ARG1 (s37.i / i
                                           :same-as s33.i)
                              :ARG2 (s37.w / woman
                                           :ARG1-of (s37.h / have-degree-91
                                                           :ARG2 (s37.w2 / wonderful-03
                                                                         :ARG1 s37.w)
                                                           :ARG3 (s37.m2 / most)
                                                           :ARG5 (s37.w3 / world)))))
   :snt38 (s38.f / find-out-03
                 :ARG0 (s38.y / you)
                 :ARG1 (s38.t2 / thing
                               :ARG0-of (s38.c / cause-01))
                 :ARG1-of (s38.c2 / cause-01
                                  :ARG0 (s38.s / say-01
                                               :ARG0 (s38.i / i
                                                            :same-as s33.i)
                                               :ARG1 (s38.w / want-01
                                                            :ARG0 s38.i
                                                            :ARG1 (s38.b / build-01
                                                                         :ARG0 s38.i
                                                                         :ARG1 (s38.t3 / this
                                                                                       :same-as s33.l)))
                                               :time (s38.g / go-02
                                                            :ARG0 s38.i
                                                            :ARG4 (s38.s2 / see-01
                                                                          :ARG0 s38.i
                                                                          :ARG1 (s38.p / person
                                                                                       :name (s38.n / name
                                                                                                    :op1 "Eileen")
                                                                                       :same-as s37.w)))))
                 :time (s38.a / after
                              :quant (s38.t / temporal-quantity
                                            :unit (s38.m / minute)
                                            :quant "1")
                              :op1 (s38.n2 / now)))
   :snt39 (s39.p / publication
                 :name (s39.n / name
                              :op1 "Library"
                              :op2 "of"
                              :op3 "Human"
                              :op4 "Imagination")
                 :domain (s39.t / this
                                :same-as s33.l))
   :snt40 (s40.t / tall
                 :domain (s40.r / room
                                :same-as s33.l)
                 :extent (s40.s / story
                                :quant "3"))
   :snt41 (s41.i / imagine-01
                 :ARG0 (s41.h / human)
                 :duration (s41.t / temporal-quantity
                                  :unit (s41.y / year)
                                  :quant "5000")
                 :location (s41.p / panel
                                  :ARG1-of (s41.c2 / control-01
                                                   :ARG0 (s41.c / computer))
                                  :consist-of (s41.g / glass)))
   :snt42 (s42.t / theater
                 :domain (s42.r / room
                                :same-as s33.l))
   :snt43 (s43.c / change-01
                 :ARG1 (s43.i / it
                              :same-as s33.l)
                 :ARG2 (s43.c2 / color))
   :snt44 (s44.a2 / and
                  :op1 (s44.o / object
                              :ARG1-of (s44.d / differ-02
                                              :ARG1 (s44.s / space))
                              :location (s44.t / throughout
                                               :mod (s44.a / all)
                                               :op1 (s44.l / library
                                                           :same-as s33.l))))
   :snt45 (s45.d / design-01
                 :ARG1 (s45.i / it
                              :same-as s33.l)
                 :ARG2 (s45.r / resemble-01
                              :ARG2 (s45.p2 / print-01
                                            :ARG0 (s45.p / person
                                                         :name (s45.n / name
                                                                      :op1 "Escher")))))
   :snt46 (s46.i / include-91
                 :ARG1 (s46.l / level
                              :location-of (s46.c / change-01
                                                  :ARG1 (s46.e / exhibit-01)
                                                  :manner (s46.c2 / constant))
                              :mod (s46.s / some))
                 :ARG2 (s46.l2 / level
                               :ARG1-of (s46.h / have-degree-91
                                               :ARG2 (s46.l4 / low-04)
                                               :ARG3 (s46.m / more))
                               :part-of (s46.l3 / library
                                                :same-as s33.l))
                 :location (s46.h2 / here))
   :snt47 (s47.p / possible-01
                 :ARG1 (s47.w / walk-01
                              :ARG0 (s47.y / you)
                              :ARG2 (s47.t / through)))
   :snt48 (s48.p / possible-01
                 :ARG1 (s48.t / touch-01
                              :ARG0 (s48.y / you)))
   :snt49 (s49.p / possible-01
                 :ARG1 (s49.s / see-01
                              :ARG0 (s49.y / you)
                              :ARG1 (s49.n / number
                                           :quant-of (s49.i2 / item
                                                             :ARG1-of (s49.i / include-91
                                                                             :ARG2 (s49.i3 / item
                                                                                           :mod (s49.t2 / type
                                                                                                        :mod (s49.t / this))))
                                                             :ARG1-of (s49.f / fit-06
                                                                             :ARG2 (s49.r / room))))
                              :manner (s49.e / exact)))
   :snt50 (s50.p / planet
                 :name (s50.n / name
                              :op1 "Saturn"
                              :op2 "V.")
                 :ARG1-of (s50.o / own-01
                                 :ARG0 (s50.i / i
                                              :same-as s33.i))
                 :poss (s50.t / there))
   :snt51 (s51.r / recommend-01
                 :ARG1 (s51.h / have-03
                              :ARG0 (s51.e / everybody)
                              :ARG1 (s51.o / one))
                 :ARG1-of (s51.r2 / request-confirmation-91))
   :snt52 (s52.p / possible-01
                 :ARG1 (s52.s / see-01
                              :ARG0 (s52.y / you)
                              :ARG1 (s52.a / and
                                           :location (s52.h2 / here
                                                             :location (s52.l / level
                                                                              :ARG1-of (s52.l3 / low-04
                                                                                               :ARG2-of (s52.h / have-degree-91
                                                                                                               :ARG1 s52.l
                                                                                                               :ARG3 (s52.m / more)))
                                                                              :part-of (s52.l2 / library
                                                                                               :same-as s33.l)
                                                                              :same-as s46.l2))
                                           :op1 (s52.b / book)
                                           :op2 (s52.o / object))))
   :snt53 (s53.b / be-located-at-91
                 :ARG1 (s53.h / history
                              :mod (s53.s / sort)
                              :topic (s53.i / imagine-01))
                 :ARG2 (s53.p / panel
                              :consist-of (s53.g / glass)
                              :same-as s41.g)
                 :duration (s53.a / all-along))
   :snt54 (s54.b / bridge
                 :ARG1-of (s54.s2 / suspend-01
                                  :location (s54.s / space))
                 :ARG2-of (s54.w / walk-01
                                 :ARG0 (s54.y / you))
                 :consist-of (s54.g / glass))
   :snt55 (s55.i2 / infer-01
                  :ARG1 (s55.l / leap-03
                               :domain (s55.i3 / it)
                               :mod (s55.i / imagine-01)))
   :snt56 (s56.c / create-01
                 :ARG0 (s56.w / we)
                 :manner (s56.a / amr-unknown))
   :snt57 (s57.h2 / have-part-91
                  :ARG1 (s57.q / question-01
                               :ARG1-of (s57.a5 / answer-01
                                                :ARG0 (s57.i / i
                                                             :same-as s33.i)))
                  :ARG2 (s57.c / create-01
                               :ARG0 (s57.w / we
                                            :part (s57.m3 / mind))
                               :manner (s57.s4 / surround-01
                                               :ARG0 s57.w
                                               :ARG1 (s57.s3 / stimulus
                                                             :example (s57.a2 / and
                                                                              :example (s57.a3 / and
                                                                                               :op1 (s57.d2 / discover-01
                                                                                                            :manner (s57.p / passionate))
                                                                                               :op2 (s57.b / bone
                                                                                                           :part-of (s57.d / dinosaur
                                                                                                                           :ARG0-of (s57.g / go-02
                                                                                                                                           :ARG1-of (s57.l / long-03))))
                                                                                               :op3 (s57.m2 / map-01
                                                                                                            :ARG1 (s57.s / space)
                                                                                                            :ARG1-of (s57.e / experience-01
                                                                                                                            :ARG0 s57.w)))
                                                                              :op1 (s57.a / achieve-01
                                                                                          :ARG0 (s57.h4 / human))
                                                                              :op2 (s57.h3 / history)
                                                                              :op3 (s57.t / thing
                                                                                          :ARG0-of (s57.d3 / drive-02
                                                                                                           :ARG1 s57.w)
                                                                                          :ARG0-of (s57.m / make-02
                                                                                                          :ARG1 (s57.h5 / human
                                                                                                                        :domain s57.w)))
                                                                              :op4 (s57.h / hallway
                                                                                          :ARG0-of (s57.s2 / stimulate-01
                                                                                                           :ARG1 (s57.a4 / and
                                                                                                                         :op1 s57.m3
                                                                                                                         :op2 (s57.i2 / imagine-01
                                                                                                                                      :ARG0 s57.w)))
                                                                                          :mod (s57.u / ultimate))))
                                               :ARG2 s57.w)))
   :snt58 (s58.c2 / contrast-01
                  :ARG1 (s58.s2 / show-01
                                :ARG0 (s58.i / i
                                             :same-as s33.i)
                                :ARG1 (s58.o / object
                                             :quant (s58.o2 / or
                                                            :op1 "1"
                                                            :op2 "2")
                                             :mod (s58.m / more)
                                             :source (s58.s3 / stage))
                                :ARG1-of (s58.h / hope-01)
                                :time (s58.t4 / tomorrow))
                  :ARG2 (s58.w / want-01
                               :ARG0 s58.i
                               :ARG1 (s58.s / say-01
                                            :ARG0 s58.i
                                            :ARG1 (s58.t2 / thank-01
                                                          :ARG0 s58.i
                                                          :ARG1 (s58.y / you)
                                                          :ARG2 (s58.p / person
                                                                       :ARG0-of (s58.t / talk-01
                                                                                       :ARG1 (s58.i2 / it)
                                                                                       :ARG2 (s58.w2 / we))
                                                                       :ARG1-of (s58.c / come-01)
                                                                       :mod (s58.a / all))))
                               :mod (s58.j / just)
                               :time (s58.t3 / today)))
   :snt59 (s59.a / and
                 :op2 (s59.t / thrill-01
                             :ARG0 (s59.a3 / and
                                           :op1 (s59.o / open-01
                                                       :ARG0 (s59.a2 / and
                                                                     :op1 (s59.p / person
                                                                                 :name (s59.n / name
                                                                                              :op1 "Eileen")
                                                                                 :same-as s37.w)
                                                                     :op2 (s59.i / i
                                                                                 :same-as s33.i))
                                                       :ARG1 (s59.h / home
                                                                    :poss s59.a2))
                                           :op2 (s59.s / share-01
                                                       :ARG0 s59.a2
                                                       :ARG1 s59.h
                                                       :ARG2 (s59.c / community
                                                                    :name (s59.n2 / name
                                                                                  :op1 "TED"))))
                             :ARG1 s59.a2))
   :snt60 (s60.c2 / concern-02
                  :ARG0 (s60.p2 / person
                                :name (s60.n / name
                                             :op1 "TED")
                                :same-as s59.n2)
                  :ARG1 (s60.p / pattern-01
                               :location (s60.c / cloud))
                  :degree (s60.a / all))
   :snt61 (s61.c / concern-02
                 :ARG0 (s61.i / it
                              :same-as s59.n2)
                 :ARG1 (s61.c2 / connect-01)
                 :degree (s61.a / all))
   :snt62 (s62.c / concern-02
                 :ARG1 (s62.c2 / contrast-01
                               :ARG1 (s62.s / see-01
                                            :ARG1 (s62.t / thing
                                                         :ARG1-of (s62.s2 / see-01
                                                                          :ARG0 (s62.e2 / everybody
                                                                                        :mod (s62.e / else))
                                                                          :time (s62.b / before))))
                               :ARG2 (s62.t2 / think-01
                                             :ARG1 s62.t
                                             :manner (s62.w / way
                                                            :manner-of (s62.t3 / think-01
                                                                               :ARG0 s62.e2
                                                                               :ARG1 s62.t
                                                                               :time (s62.b2 / before)))))
                 :degree (s62.a / all))
   :snt63 (s63.a2 / and
                  :op2 (s63.c / concern-02
                              :ARG0 (s63.a3 / and
                                            :op1 (s63.d / discover-01)
                                            :op2 (s63.i / imagine-01))
                              :ARG1 (s63.t / that)
                              :ARG1-of (s63.r / real-04)
                              :degree (s63.a / all)))
   :snt64 (s64.p / possible-01
                 :ARG0-of (s64.e / exemplify-01)
                 :ARG1 (s64.l / look-01
                              :ARG0 (s64.w / we)
                              :ARG1 (s64.m / model-01
                                           :ARG1 (s64.m2 / molecule
                                                         :consist-of (s64.n2 / nucleic-acid
                                                                             :name (s64.n / name
                                                                                          :op1 "DNA"))))
                              :location (s64.h / here)))
   :snt65 (s65.c2 / contrast-01
                  :ARG1 (s65.s / see-01
                               :ARG0 (s65.w / we
                                            :quant (s65.n / none))
                               :ARG1 (s65.o / one)
                               :ARG1-of (s65.r / real-04)
                               :time (s65.e / ever))
                  :ARG2 (s65.k / know-01
                               :ARG0 s65.w
                               :ARG1 (s65.e2 / exist-01
                                             :ARG1 s65.o)
                               :ARG1-of (s65.c / cause-01
                                               :ARG0 (s65.t / teach-01
                                                            :ARG1 (s65.u / understand-01
                                                                         :ARG0 s65.w
                                                                         :ARG1 (s65.m / molecule
                                                                                      :mod (s65.t2 / this)
                                                                                      :same-as s65.o))
                                                            :ARG2 s65.w))))
   :snt66 (s66.c2 / contrast-01
                  :ARG2 (s66.p2 / possible-01
                                :ARG1 (s66.l / look-01
                                             :ARG0 (s66.w2 / we)
                                             :ARG1 (s66.m / machine
                                                          :name (s66.n / name
                                                                       :op1 "Enigma")
                                                          :mod (s66.m2 / machine
                                                                       :ARG0-of (s66.d / decode-01)
                                                                       :ARG0-of (s66.c / code-01))
                                                          :source (s66.p / political-party
                                                                         :name (s66.n2 / name
                                                                                       :op1 "Nazism"))
                                                          :time (s66.w / war
                                                                       :name (s66.n3 / name
                                                                                     :op1 "World"
                                                                                     :op2 "War"
                                                                                     :op3 "II")))
                                             :mod (s66.a / also))))
   :snt67 (s67.p / possible-01
                 :ARG1 (s67.s / say-01
                              :ARG0 (s67.y / you
                                           :same-as s33.i)
                              :ARG1 (s67.h / have-to-do-with-04
                                           :ARG0 (s67.t / this)
                                           :ARG1 (s67.t2 / this)
                                           :ARG2 (s67.a / amr-unknown)))
                 :time (s67.n / now))
   :snt68 (s68.a / and
                 :mod (s68.w / well)
                 :op1 (s68.c / code
                             :purpose (s68.l / life)
                             :domain (s68.t / this))
                 :op2 (s68.c2 / code
                              :domain (s68.t2 / this)
                              :topic (s68.d / die-01)))
   :snt69 (s69.a / and
                 :op1 (s69.c / code-01
                             :ARG0 (s69.m / molecule
                                          :mod (s69.t / this)
                                          :quant "2"))
                 :op2 (s69.d / decode-01
                             :ARG0 s69.m))
   :snt70 (s70.a / and
                 :op2 (s70.h / have-concession-91
                             :ARG1 (s70.s / see-01
                                          :ARG0 (s70.y / you)
                                          :ARG1 (s70.a2 / and
                                                        :op1 (s70.m / machine)
                                                        :op2 (s70.m2 / molecule)
                                                        :same-as s69.m)
                                          :condition (s70.l / look-01
                                                            :ARG0 s70.y
                                                            :ARG1 (s70.t / they
                                                                         :same-as s69.m)))))
   :snt71 (s71.c2 / contrast-01
                  :ARG2 (s71.r2 / realize-01
                                :ARG0 (s71.y / you)
                                :ARG1 (s71.c / connect-01
                                             :ARG1 (s71.t / thing
                                                          :mod (s71.t2 / this)
                                                          :mod (s71.b / both)
                                                          :same-as s69.m)
                                             :ARG1-of (s71.r / real-04))
                                :time (s71.s / see-01
                                             :ARG0 s71.y
                                             :ARG1 s71.t
                                             :manner (s71.w / way
                                                            :ARG1-of (s71.n / new-02)))))
   :snt72 (s72.a / and
                 :op2 (s72.c2 / connect-01
                              :ARG1 (s72.t / they
                                           :same-as s69.m)
                              :ARG1-of (s72.c / cause-01
                                              :ARG0 (s72.t2 / this
                                                            :location (s72.h / here))
                                              :mod (s72.p / primary))))
   :snt73 (s73.s / see-01
                 :ARG0 (s73.y / you)
                 :ARG1 (s73.m / model-01
                              :ARG1 (s73.b / brain
                                           :part-of (s73.h / human))
                              :domain (s73.t / this))
                 :ARG1-of (s73.r / request-confirmation-91))
   :snt74 (s74.a / and
                 :op2 (s74.r / rare-02
                             :ARG1 (s74.i / it)
                             :ARG1-of (s74.c / cause-01
                                             :ARG0 (s74.g / get-22
                                                          :ARG0 (s74.w / we)
                                                          :ARG1 (s74.s / see-01
                                                                       :ARG0 s74.w
                                                                       :ARG1 (s74.b / brain))
                                                          :ARG1-of (s74.r2 / real-04)
                                                          :time (s74.e / ever)
                                                          :polarity "-"))))
   :snt75 (s75.g / get-22
                 :ARG0 (s75.w / we)
                 :ARG1 (s75.s / see-01
                              :ARG0 s75.w
                              :ARG1 (s75.s2 / skull)))
   :snt76 (s76.c / contrast-01
                 :ARG2 (s76.t / there
                              :domain (s76.i / it
                                             :same-as s73.t)))
   :snt77 (s77.c / come-01
                 :ARG1 (s77.i / imagine-01
                              :ARG1-of (s77.m / mean-01
                                              :ARG2 (s77.e / everything
                                                           :ARG1-of (s77.t / think-01
                                                                           :ARG0 (s77.w / we))
                                                           :ARG1-of (s77.f / feel-01
                                                                           :ARG0 s77.w)
                                                           :ARG1-of (s77.s / sense-01
                                                                           :ARG0 s77.w)))
                              :mod (s77.a / all))
                 :path (s77.b / brain
                              :part-of (s77.h / human)))
   :snt78 (s78.a / and
                 :op2 (s78.r / return-01
                             :ARG1 (s78.b / brain
                                          :mod (s78.t / this
                                                      :same-as s77.b)
                                          :same-as s77.b)
                             :ARG4 (s78.s / shape
                                          :mod (s78.o2 / original)
                                          :poss s78.b)
                             :time (s78.e / ever)
                             :time (s78.o / once
                                          :op1 (s78.c / create-01
                                                      :ARG0 (s78.w / we)
                                                      :ARG1 (s78.p / pattern
                                                                   :ARG1-of (s78.n / new-01
                                                                                   :ARG1 s78.b)))
                                          :op2 (s78.s2 / shape-01
                                                       :ARG0 s78.w
                                                       :ARG1 s78.w
                                                       :location s78.b))
                             :polarity "-"))
   :snt79 (s79.a / and
                 :op2 (s79.g / give-01
                             :ARG0 (s79.i / i
                                          :same-as s33.i)
                             :ARG1 (s79.e / example
                                          :ARG1-of (s79.q / quick-02))
                             :ARG2 (s79.y / you)))
   :snt80 (s80.t / think-01
                 :ARG0 (s80.w / we)
                 :ARG1 (s80.i2 / internet)
                 :example (s80.g / go-01
                                 :ARG1 (s80.i / information)
                                 :ARG4 (s80.a / across
                                              :op1 s80.i2)))
   :snt81 (s81.a / and
                 :op2 (s81.t / think-01
                             :ARG0 (s81.w / we)
                             :ARG1 (s81.c / connect-01
                                          :ARG1-of (s81.h / hide-01))
                             :time (s81.e / ever)
                             :polarity "-"))
   :snt82 (s82.c2 / contrast-01
                  :ARG2 (s82.b / bring-along-04
                               :ARG0 (s82.i / i
                                            :same-as s33.i)
                               :ARG1 (s82.l / lump
                                            :consist-of (s82.c / coal)
                                            :quant "1")
                               :location (s82.h / here
                                                :mod (s82.r / right))))
   :snt83 (s83.a2 / and
                  :op1 (s83.h / have-to-do-with-04
                              :ARG0 (s83.l / lump
                                           :consist-of (s83.c / coal))
                              :ARG1 (s83.a / amr-unknown)
                              :ARG2 (s83.i / internet
                                           :same-as s80.i2)))
   :snt84 (s84.t / take-10
                 :ARG0 (s84.m3 / move-01
                               :ARG1 (s84.i / information
                                            :quant (s84.m / mass-quantity
                                                          :unit (s84.m2 / megabyte)
                                                          :quant "1"))
                               :ARG2 (s84.n / net
                                            :same-as s80.i2))
                 :ARG1 (s84.e / energy
                              :location (s84.l / lump
                                               :consist-of (s84.c / coal)))
                 :mod (s84.s / see-03
                             :ARG0 (s84.y / you)))
   :snt85 (s85.c / cause-01
                 :ARG1 (s85.l / lump
                              :consist-of (s85.c2 / coal)
                              :domain (s85.a / area-quantity
                                             :mod (s85.e / each)
                                             :unit (s85.m / megabyte)
                                             :quant "1")
                              :frequency (s85.r / rate-entity-91
                                                :ARG4 (s85.d / download-01
                                                             :ARG0 (s85.y / you)
                                                             :ARG1 (s85.f / file)))))
   :snt86 (s86.s / say-01
                 :ARG1 (s86.m2 / mean-01
                               :ARG1 (s86.t / that)
                               :ARG2 (s86.l2 / look-02
                                             :ARG0 (s86.f / file
                                                          :mod (s86.m / mass-quantity
                                                                      :unit (s86.m3 / megabyte)
                                                                      :quant "200"))
                                             :ARG1 (s86.r / resemble-01
                                                          :ARG1 s86.f
                                                          :ARG2 (s86.t2 / this))))
                 :ARG2 (s86.a / and
                              :op1 (s86.l / lady)
                              :op2 (s86.g / gentleman)))
   :snt87 (s87.o / okay-01
                 :polarity (s87.a / amr-unknown))
   :snt88 (s88.c / cause-01
                 :ARG1 (s88.f / free-03
                              :ARG1 (s88.d / download-01
                                           :ARG0 (s88.y / you)
                                           :ARG1 (s88.o / or
                                                        :op1 (s88.i / information-quantity
                                                                    :unit (s88.g / gigabyte)
                                                                    :quant "1")
                                                        :op2 (s88.v / volume-quantity
                                                                    :unit (s88.g2 / gigabyte)
                                                                    :quant "2"))
                                           :mod (s88.n / next))
                              :ARG1-of (s88.r / request-confirmation-91)
                              :polarity "-"))
   :snt89 (s89.e / energy
                 :ARG1-of (s89.t / take-10
                                 :ARG0 (s89.a / and
                                              :op1 (s89.r / run-01
                                                          :ARG1 (s89.w2 / web
                                                                        :same-as s80.i2))
                                              :op2 (s89.m / make-02
                                                          :ARG1 (s89.p / possible-01
                                                                       :ARG1 (s89.e2 / everything)
                                                                       :ARG1-of (s89.t2 / think-01
                                                                                        :ARG0 (s89.w / we))))))
                 :ARG3-of (s89.c / connect-01))
   :snt90 (s90.s / say-01
                 :ARG0 (s90.i / i)
                 :ARG1 (s90.t / thank-01
                              :ARG0 s90.i
                              :ARG1 (s90.p / person
                                           :name (s90.n / name
                                                        :op1 "Chris")
                                           :ARG2-of s90.s
                                           :same-as s33.i))))

