# ::id doc-698
# ::doc_file doc-698
# ::tok http : / / www . ted . com / talks / gever_tulley_on_5_dangerous_things_for_kids< / url> <next_sent> Welcome to " Five Dangerous Things You Should Let Your Children Do . " <next_sent> I do n't have children . <next_sent> I borrow my friends ' children , so take all this advice with a grain of salt . <next_sent> I 'm Gever Tulley . <next_sent> I 'm a contract computer scientist by trade , but I 'm the founder of something called the Tinkering School . <next_sent> It 's a summer program which aims to help kids to learn how to build the things that they think of . <next_sent> So we build a lot of things . <next_sent> And I do put power tools into the hands of second - graders . <next_sent> So if you 're thinking about sending your kid to Tinkering School , they do come back bruised , scraped and bloody . <next_sent> So , you know , we live in a world that 's subjected to ever more stringent child safety regulations . <next_sent> There does n't seem to be any limit on how crazy child safety regulations can get . <next_sent> We put suffocation warnings on all the -- on every piece of plastic film manufactured in the United States or for sale with an item in the United States . <next_sent> We put warnings on coffee cups to tell us that the contents may be hot . <next_sent> And we seem to think that any item sharper than a golf ball is too sharp for children under the age of 10 . <next_sent> So where does this trend stop ? <next_sent> When we round every corner and eliminate every sharp object , every pokey bit in the world , then the first time that kids come in contact with anything sharp or not made out of round plastic , they 'll hurt themselves with it . <next_sent> So , as the boundaries of what we determine as the safety zone grow ever smaller , we cut off our children from valuable opportunities to learn how to interact with the world around them . <next_sent> And despite all of our best efforts and intentions , kids are always going to figure out how to do the most dangerous thing they can , in whatever environment they can . <next_sent> So despite the provocative title , this presentation is really about safety and about some simple things that we can do to raise our kids to be creative , confident and in control of the environment around them . <next_sent> And what I now present to you is an excerpt from a book in progress . <next_sent> The book is called " 50 Dangerous Things . " <next_sent> This is five dangerous things . <next_sent> Thing number one -- play with fire . <next_sent> Learning to control one of the most elemental forces in nature is a pivotal moment in any child 's personal history . <next_sent> These mysteries are only revealed to those who get the opportunity to play with it . <next_sent> So , playing with fire . <next_sent> This is like one of the great things we ever discovered , fire . <next_sent> From playing with it , they learn some basic principles about fire , about intake , about combustion , about exhaust . <next_sent> These are the three working elements of fire that you have to have to have a good controlled fire . <next_sent> And you can think of the open - pit fire as a laboratory . <next_sent> You do n't know what they 're going to learn from playing with it . <next_sent> You know , let them fool around with it on their own terms and trust me , they 're going to learn things that you ca n't get out of playing with Dora the Explorer toys . <next_sent> Number two -- own a pocketknife . <next_sent> Pocketknives are kind of drifting out of our cultural consciousness , which I think is a terrible thing . <next_sent> Your first -- your first pocketknife is like the first universal tool that you 're given . <next_sent> You know , it 's a spatula , it 's a pry bar , it 's a screwdriver and it 's a blade . <next_sent> And it 's a -- it 's a powerful and empowering tool . <next_sent> And in a lot of cultures they give knives -- like , as soon as they 're toddlers they have knives . <next_sent> These are Inuit children cutting whale blubber . <next_sent> I first saw this in a Canadian Film Board film when I was 10 , and it left a lasting impression , to see babies playing with knives . <next_sent> And it shows that kids can develop an extended sense of self through a tool at a very young age . <next_sent> You lay down a couple of very simple rules -- always cut away from your body , keep the blade sharp , never force it -- and these are things kids can understand and practice with . <next_sent> And yeah , they 're going to cut themselves . <next_sent> I have some terrible scars on my legs from where I stabbed myself . <next_sent> But you know , they 're young . <next_sent> They heal fast . <next_sent> Number three -- throw a spear . <next_sent> It turns out that our brains are actually wired for throwing things and , like muscles , if you do n't use parts of your brain , they tend to atrophy over time . <next_sent> But when you exercise them , any given muscle adds strength to the whole system and that applies to your brain too . <next_sent> And throwing is a combination of analytical and physical skill , so it 's very good for that kind of whole - body training . <next_sent> These kinds of target - based practice also helps kids develop attention and concentration skills . <next_sent> So those are great . <next_sent> Number four -- deconstruct appliances . <next_sent> There is a world of interesting things inside your dishwasher . <next_sent> Next time you 're about to throw out an appliance , do n't throw it out . <next_sent> Take it apart with your kid , or send him to my school and we 'll take it apart with them . <next_sent> Even if you do n't know what the parts are , puzzling out what they might be for is a really good practice for the kids to get sort of the sense that they can take things apart , and no matter how complex they are , they can understand parts of them and that means that eventually , they can understand all of them . <next_sent> It 's a sense of knowability , that something is knowable . <next_sent> So these black boxes that we live with and take for granted are actually complex things made by other people and you can understand them . <next_sent> Number five -- two - parter . <next_sent> Break the Digital Millennium Copyright Act . <next_sent> There are laws beyond safety regulations that attempt to limit how we can interact with the things that we own -- in this case , digital media . <next_sent> It 's a very simple exercise -- buy a song on ITunes , write it to a CD , then rip the CD to an MP3 and play it on your very same computer . <next_sent> You 've just broken a law . <next_sent> Technically the RIAA can come and persecute you . <next_sent> It 's an important lesson for kids to understand -- that some of these laws get broken by accident and that laws have to be interpreted . <next_sent> And it 's something we often talk about with the kids when we 're fooling around with things and breaking them open and taking them apart and using them for other things -- and also when we go out and drive a car . <next_sent> Driving a car is a -- is a really empowering act for a young child , so this is the ultimate . <next_sent> For those of you who are n't comfortable actually breaking the law , you can drive a car with your child . <next_sent> This is -- this is a great stage for a kid . <next_sent> This happens about the same time that they get latched onto things like dinosaurs , these big things in the outside world that they 're trying to get a grip on . <next_sent> A car is a similar object , and they can get in a car and drive it . <next_sent> And that 's a really , like -- it gives them a handle on a world in a way that they would n't -- that they do n't often have access to . <next_sent> So -- and it 's perfectly legal . <next_sent> Find a big empty lot , make sure there 's nothing in it and it 's on private property , and let them drive your car . <next_sent> It 's very safe actually . <next_sent> And it 's fun for the whole family . <next_sent> So , let 's see . <next_sent> I think that 's it . <next_sent> That 's number five and a half . <next_sent> OK .
(d / document
   :snt1 (s1.u / url-entity
               :topic (s1.t / talk-01
                            :ARG0 (s1.p / person
                                        :name (s1.n / name
                                                    :ARG0 "i"
                                                    :op1 "narcotic"))))
   :snt2 (s2.w / welcome-01
               :ARG0 (s2.i / i)
               :ARG1 (s2.y / you)
               :ARG2 (s2.p2 / publication-91
                            :ARG1 (s2.b / book
                                        :quant "5")
                            :ARG1 (s2.t / thing
                                        :ARG0-of (s2.e / endanger-01)
                                        :ARG1-of (s2.d / do-02
                                                       :ARG0 (s2.p / person
                                                                   :ARG0-of (s2.h / have-rel-role-91
                                                                                  :ARG1 s2.y
                                                                                  :ARG2 (s2.c / child)))
                                                       :ARG1-of (s2.l / let-01
                                                                      :ARG1-of (s2.r / recommend-01))))))
   :snt3 (s3.h / have-03
               :ARG0 (s3.i / i)
               :ARG1 (s3.p / person
                           :ARG0-of (s3.h2 / have-rel-role-91
                                           :ARG1 s3.i
                                           :ARG2 (s3.c / child)))
               :polarity "-")
   :snt4 (s4.c / cause-01
               :ARG0 (s4.b / borrow-01
                           :ARG0 (s4.i / i
                                       :same-as s3.i)
                           :ARG1 (s4.p / person
                                       :ARG0-of (s4.h / have-rel-role-91
                                                      :ARG0 (s4.p2 / person
                                                                   :ARG0-of (s4.h2 / have-rel-role-91
                                                                                   :ARG1 s4.i
                                                                                   :ARG2 (s4.f / friend)))
                                                      :ARG1 s4.i
                                                      :ARG2 (s4.c2 / child))))
               :ARG1 (s4.t / take-01
                           :ARG0 (s4.y / you)
                           :ARG1 (s4.t2 / thing
                                        :ARG2-of (s4.a / advise-01)
                                        :mod (s4.t3 / this)
                                        :mod (s4.a2 / all))
                           :ARG1-of (s4.i2 / instead-of-91
                                           :ARG2 (s4.g / grain
                                                       :mod (s4.s / salt)))))
   :snt5 (s5.p / person
               :name (s5.n / name
                           :op1 "Gever"
                           :op2 "Tulley")
               :domain (s5.i / i
                             :same-as s3.i))
   :snt6 (s6.c4 / contrast-01
                :ARG1 (s6.s2 / scientist
                             :ARG1-of (s6.t / trade-01)
                             :ARG2-of (s6.c3 / contract-02)
                             :domain (s6.i / i
                                           :same-as s3.i)
                             :mod (s6.c2 / computer))
                :ARG2 (s6.f / found-01
                            :ARG0 s6.i
                            :ARG1 (s6.s3 / something
                                         :ARG1-of (s6.c / call-01
                                                        :ARG2 (s6.s / school
                                                                    :name (s6.n / name
                                                                                :op1 "Tinkering"
                                                                                :op2 "School"))))))
   :snt7 (s7.p / program
               :ARG0-of (s7.a / aim-01
                              :ARG1 (s7.h / help-01
                                          :ARG1 (s7.l / learn-01
                                                      :ARG0 (s7.k / kid)
                                                      :ARG1 (s7.t / thing
                                                                  :manner-of (s7.b / build-01
                                                                                   :ARG0 s7.k
                                                                                   :ARG1 (s7.t2 / thing
                                                                                                :ARG1-of (s7.t3 / think-01
                                                                                                                :ARG0 s7.k)))))
                                          :ARG2 s7.k
                                          :ARG0 s7.p))
               :domain (s7.i / it
                             :same-as s6.s3)
               :time (s7.d / date-entity
                           :season (s7.s / summer)))
   :snt8 (s8.c / cause-01
               :ARG1 (s8.b / build-01
                           :ARG0 (s8.w / we
                                       :same-as s6.s3)
                           :ARG1 (s8.t / thing
                                       :quant (s8.l / lot))))
   :snt9 (s9.a / and
               :op2 (s9.p3 / put-01
                           :ARG0 (s9.i / i
                                       :same-as s3.i)
                           :ARG1 (s9.t / tool
                                       :ARG1-of (s9.p2 / power-01))
                           :ARG2 (s9.i2 / in-ones-hands-04
                                        :ARG0 (s9.p / person
                                                    :mod (s9.g / grade
                                                               :ord (s9.o / ordinal-entity
                                                                          :value "2")))
                                        :ARG1 s9.t)))
   :snt10 (s10.i / infer-01
                 :ARG1 (s10.c / come-01
                              :ARG1 (s10.p / person
                                           :ARG0-of (s10.h / have-rel-role-91
                                                           :ARG1 (s10.y / you)
                                                           :ARG2 (s10.k / kid)))
                              :ARG4 (s10.a / and
                                           :op1 (s10.b3 / bruise-01
                                                        :ARG1 s10.p)
                                           :op2 (s10.s2 / scrap-01
                                                        :ARG1 s10.p)
                                           :op3 (s10.b2 / bloody-01
                                                        :ARG1 s10.p))
                              :condition (s10.t / think-01
                                                :ARG0 s10.y
                                                :ARG1 (s10.s3 / send-03
                                                              :ARG0 s10.y
                                                              :ARG1 s10.p
                                                              :ARG4 (s10.s / school
                                                                           :name (s10.n / name
                                                                                        :op1 "Tinkering"
                                                                                        :op2 "School"))))
                              :direction (s10.b / back)))
   :snt11 (s11.k / know-01
                 :ARG0 (s11.y / you)
                 :ARG1 (s11.l / live-01
                              :ARG0 (s11.w / we)
                              :location (s11.w2 / world
                                                :ARG1-of (s11.s3 / subject-01
                                                                 :ARG2 (s11.r / regulate-01
                                                                              :ARG1 (s11.s / safe-01
                                                                                           :ARG1 (s11.c / child))
                                                                              :ARG1-of (s11.h / have-degree-91
                                                                                              :ARG2 (s11.s2 / stringent)
                                                                                              :ARG3 (s11.m / more
                                                                                                           :mod (s11.e / ever))))))))
   :snt12 (s12.s2 / seem-01
                  :ARG1 (s12.l / limit-01
                               :ARG1 (s12.t / thing
                                            :degree-of (s12.c2 / crazy-03
                                                               :ARG1 (s12.r / regulate-01
                                                                            :ARG1 (s12.s / safe-01
                                                                                         :ARG1 (s12.c / child))
                                                                            :ARG1-of (s12.g / get-03
                                                                                            :ARG1-of (s12.p / possible-01)))))
                               :polarity "-"))
   :snt13 (s13.p3 / put-01
                  :ARG0 (s13.w2 / we)
                  :ARG1 (s13.w / warn-01
                               :ARG0-of (s13.s2 / suffocate-01))
                  :ARG2 (s13.a / all)
                  :location (s13.o / or
                                   :op1 (s13.p / piece
                                               :ARG1-of (s13.m / manufacture-01
                                                               :location (s13.c / country
                                                                                :name (s13.n / name
                                                                                             :op1 "United"
                                                                                             :op2 "States")))
                                               :consist-of (s13.f / film
                                                                  :consist-of (s13.p2 / plastic))
                                               :mod (s13.e / every))
                                   :op2 (s13.s / sell-01
                                               :ARG1 (s13.i / item)
                                               :location s13.c)))
   :snt14 (s14.p2 / put-01
                  :ARG0 (s14.w2 / we)
                  :ARG1 (s14.w / warn-01
                               :purpose (s14.t / tell-01
                                               :ARG0 s14.w2
                                               :ARG1 (s14.p / possible-01
                                                            :ARG1 (s14.h / hot-05
                                                                         :ARG1 (s14.c2 / contain-01
                                                                                       :ARG0 (s14.c3 / cup
                                                                                                     :mod (s14.c / coffee)))))
                                               :ARG2 s14.w2))
                  :ARG2 s14.c3)
   :snt15 (s15.a / and
                 :op2 (s15.s / seem-01
                             :ARG1 (s15.t2 / think-01
                                           :ARG0 (s15.w / we)
                                           :ARG2 (s15.s3 / sharp-02
                                                         :ARG1 (s15.i / item
                                                                      :ARG1-of (s15.h / have-degree-91
                                                                                      :ARG2 (s15.s2 / sharp-02)
                                                                                      :ARG3 (s15.m / more)
                                                                                      :ARG4 (s15.b / ball
                                                                                                   :mod (s15.g / golf-01)))
                                                                      :mod (s15.a2 / any))
                                                         :ARG2-of (s15.h2 / have-degree-91
                                                                          :ARG1 s15.i
                                                                          :ARG3 (s15.t3 / too)
                                                                          :ARG6 (s15.c / child
                                                                                       :age (s15.u / under
                                                                                                   :op1 (s15.t / temporal-quantity
                                                                                                               :unit (s15.y / year)
                                                                                                               :quant "10"))))))))
   :snt16 (s16.s / stop-01
                 :ARG1 (s16.t2 / trend
                               :mod (s16.t / this))
                 :location (s16.a / amr-unknown))
   :snt17 (s17.h / hurt-01
                 :ARG0 (s17.k / kid)
                 :ARG1 s17.k
                 :ord (s17.o3 / ordinal-entity
                              :value "1")
                 :time (s17.c / contact-01
                              :ARG1 s17.k
                              :ARG2 (s17.o2 / or
                                            :op1 (s17.a2 / anything
                                                         :ARG1-of (s17.s2 / sharp-02))
                                            :op2 (s17.a3 / anything
                                                         :ARG1-of (s17.m / make-01
                                                                         :ARG2 (s17.p / plastic
                                                                                      :ARG1-of (s17.r2 / round-06))
                                                                         :polarity "-"))))
                 :time (s17.a / and
                              :op1 (s17.r / round-03
                                          :ARG0 (s17.w / we)
                                          :ARG1 (s17.c2 / corner
                                                        :mod (s17.e2 / every)))
                              :op2 (s17.e / eliminate-01
                                          :ARG0 s17.w
                                          :ARG1 (s17.o / object
                                                       :ARG1-of (s17.s / sharp-02)
                                                       :location (s17.b / bit
                                                                        :location (s17.w2 / world)
                                                                        :mod (s17.p2 / pokey)
                                                                        :mod (s17.e4 / every))
                                                       :mod (s17.e3 / every)))))
   :snt18 (s18.i / infer-01
                 :ARG1 (s18.c3 / cut-off-04
                               :ARG0 (s18.w / we)
                               :ARG1 (s18.p / person
                                            :ARG0-of (s18.h2 / have-rel-role-91
                                                             :ARG1 s18.w
                                                             :ARG2 (s18.c2 / child)))
                               :ARG1-of (s18.c / cause-01
                                               :ARG0 (s18.g / grow-01
                                                            :ARG1 (s18.b / boundary
                                                                         :part-of (s18.t / thing
                                                                                         :ARG1-of (s18.d / determine-01
                                                                                                         :ARG0 s18.w)))
                                                            :ARG4 (s18.h / have-degree-91
                                                                         :ARG1 (s18.z / zone
                                                                                      :ARG0-of (s18.s / safe-01))
                                                                         :ARG2 (s18.s2 / small)
                                                                         :ARG3 (s18.m / more
                                                                                      :mod (s18.e / ever)))))
                               :ARG2 (s18.o / opportunity
                                            :purpose (s18.l / learn-01
                                                            :ARG0 s18.p
                                                            :ARG1 (s18.t2 / thing
                                                                          :manner-of (s18.i2 / interact-01
                                                                                             :ARG0 s18.p
                                                                                             :ARG1 (s18.w2 / world
                                                                                                           :location (s18.a / around
                                                                                                                            :op1 s18.p)))))
                                            :ARG1-of (s18.v / value-02))))
   :snt19 (s19.f / figure-out-05
                 :ARG0 (s19.k / kid)
                 :ARG1 (s19.d / do-02
                              :ARG0 s19.k
                              :ARG1 (s19.t / thing
                                           :ARG0-of (s19.e2 / endanger-01
                                                            :ARG2-of (s19.d2 / do-02
                                                                             :ARG0 s19.k
                                                                             :ARG1-of (s19.p / possible-01)
                                                                             :ARG1-of (s19.p2 / possible-01))))
                              :location (s19.e3 / environment
                                                :mod (s19.w2 / whatever)))
                 :concession (s19.a3 / and
                                     :mod (s19.a / all)
                                     :op1 (s19.e / effort-01
                                                 :ARG0 (s19.w / we)
                                                 :ARG1-of (s19.h / have-degree-91
                                                                 :ARG2 (s19.g / good-02
                                                                              :ARG1 s19.e)
                                                                 :ARG3 (s19.m / most)))
                                     :op2 (s19.i / intend-01
                                                 :ARG0 s19.w))
                 :rel (s19.h2 / have-degree-91
                              :ARG1 s19.t
                              :ARG2 s19.e2
                              :ARG3 (s19.m2 / most))
                 :time (s19.a2 / always))
   :snt20 (s20.h / have-concession-91
                 :ARG1 (s20.c / concern-02
                              :ARG0 (s20.p3 / presentation
                                            :mod (s20.t2 / this))
                              :ARG1 (s20.a / and
                                           :op1 (s20.s / safe-01)
                                           :op2 (s20.t / thing
                                                       :quant (s20.s3 / some)
                                                       :ARG1-of (s20.s2 / simple-02)
                                                       :ARG1-of (s20.d / do-02
                                                                       :ARG0 (s20.w / we)
                                                                       :ARG1-of (s20.p2 / possible-01)
                                                                       :ARG2 (s20.r / raise-03
                                                                                    :ARG0 s20.w
                                                                                    :ARG1 (s20.p / person
                                                                                                 :ARG0-of (s20.h2 / have-rel-role-91
                                                                                                                  :ARG1 s20.w
                                                                                                                  :ARG2 (s20.k / kid)))
                                                                                    :ARG2 (s20.a2 / and
                                                                                                  :op1 (s20.c4 / creative
                                                                                                               :domain s20.p)
                                                                                                  :op2 (s20.c2 / confident-01
                                                                                                               :ARG1 s20.p)
                                                                                                  :op3 (s20.c3 / control-01
                                                                                                               :ARG0 s20.p
                                                                                                               :ARG1 (s20.e / environment
                                                                                                                            :location (s20.a3 / around
                                                                                                                                              :op1 s20.p))))))))
                              :ARG1-of (s20.r2 / real-04))
                 :ARG2 (s20.t3 / title-01
                               :ARG0-of (s20.p4 / provoke-01)
                               :ARG1 s20.p3))
   :snt21 (s21.a / and
                 :op2 (s21.p / present-01
                             :ARG0 (s21.i / i
                                          :same-as s3.i)
                             :ARG1 (s21.t / thing
                                          :ARG1-of (s21.e / excerpt-01
                                                          :ARG2 (s21.b / book
                                                                       :ARG1-of (s21.p2 / progress-01))))
                             :ARG2 (s21.y / you)
                             :time (s21.n / now)))
   :snt22 (s22.c / call-01
                 :ARG1 (s22.b / book
                              :same-as s21.b)
                 :ARG2 (s22.t / thing
                              :quant "50")
                 :rel (s22.a / Dangerous))
   :snt23 (s23.t / thing
                 :ARG0-of (s23.e / endanger-01)
                 :domain (s23.t2 / this
                                 :same-as s2.t)
                 :quant "5")
   :snt24 (s24.p / play-01
                 :ARG0 (s24.y / you)
                 :ARG2 (s24.f / fire)
                 :ord (s24.o / ordinal-entity
                             :value "1")
                 :mode "imperative")
   :snt25 (s25.m / moment
                 :domain (s25.l / learn-01
                                :ARG1 (s25.c2 / control-01
                                              :ARG1 (s25.f2 / force-04
                                                            :ARG1-of (s25.i / include-91
                                                                            :ARG2 (s25.f / force
                                                                                         :ARG1-of (s25.h / have-degree-91
                                                                                                         :ARG2 (s25.e / element)
                                                                                                         :ARG3 (s25.m2 / most))
                                                                                         :ARG5 (s25.n / nature))))))
                 :mod (s25.p2 / pivotal)
                 :subevent-of (s25.h2 / history
                                      :ARG1-of (s25.p / personal-02
                                                      :ARG2 (s25.c / child
                                                                   :mod (s25.a / any)))))
   :snt26 (s26.r / reveal-01
                 :ARG1 (s26.m / mystery
                              :mod (s26.t2 / this)
                              :same-as s25.f)
                 :ARG2 (s26.p / person
                              :ARG0-of (s26.g / get-01
                                              :ARG1 (s26.o2 / opportunity
                                                            :instrument-of (s26.p2 / play-01
                                                                                   :ARG0 s26.p
                                                                                   :ARG2 s26.m)))
                              :mod (s26.t / that))
                 :mod (s26.o / only))
   :snt27 (s27.p / play-01
                 :ARG1-of (s27.i / infer-01)
                 :ARG2 (s27.f / fire))
   :snt28 (s28.r / resemble-01
                 :ARG1 (s28.t3 / this
                               :same-as s27.f)
                 :ARG2 (s28.t / thing
                              :ARG1-of (s28.i / include-91
                                              :ARG2 (s28.t2 / thing
                                                            :ARG1-of (s28.d / discover-01
                                                                            :ARG0 (s28.w / we)
                                                                            :time (s28.e / ever))
                                                            :mod (s28.g / great)))
                              :mod (s28.f / fire)))
   :snt29 (s29.l / learn-01
                 :ARG0 (s29.t / they)
                 :ARG1 (s29.p2 / principle
                               :quant (s29.s / some)
                               :mod (s29.b / basic)
                               :topic (s29.a / and
                                             :op1 (s29.f / fire)
                                             :op2 (s29.c / combust-01)
                                             :op3 (s29.c2 / combust-01)
                                             :op4 (s29.c3 / combust-01)))
                 :ARG2 (s29.p / play-01
                              :ARG0 s29.t
                              :ARG2 (s29.i / it
                                           :same-as s27.f)))
   :snt30 (s30.e / element
                 :ARG1-of (s30.w / work-09)
                 :ARG1-of (s30.h / have-03
                                 :purpose (s30.f2 / fire-03
                                                  :ARG1-of (s30.c / control-01
                                                                  :ARG0 (s30.y / you)
                                                                  :ARG1-of (s30.g / good-02)))
                                 :ARG0 s30.y
                                 :ARG2-of (s30.o / obligate-01
                                                 :ARG1 s30.y))
                 :domain (s30.t / this
                                :same-as s29.p2)
                 :rel (s30.f / fire)
                 :quant "3")
   :snt31 (s31.a / and
                 :op2 (s31.p2 / possible-01
                              :ARG1 (s31.t / think-01
                                           :ARG0 (s31.y / you)
                                           :ARG1 (s31.f / fire-03
                                                        :location (s31.p / pit
                                                                         :ARG1-of (s31.o / open-01)))
                                           :ARG2 (s31.l / laboratory))))
   :snt32 (s32.k / know-01
                 :ARG0 (s32.y / you)
                 :ARG1 (s32.t2 / thing
                               :ARG1-of (s32.l / learn-01
                                               :ARG0 (s32.t / they
                                                            :same-as s29.t)
                                               :ARG2 (s32.p / play-01
                                                            :ARG0 s32.t
                                                            :ARG2 (s32.i / it
                                                                         :same-as s31.f))))
                 :polarity "-")
   :snt33 (s33.a / and
                 :mod (s33.k / know-06
                             :ARG0 (s33.y / you))
                 :op1 (s33.l2 / let-01
                              :ARG0 s33.y
                              :ARG1 (s33.f / fool-around-02
                                           :ARG0 (s33.t2 / they
                                                         :same-as s29.t)
                                           :ARG1 (s33.i2 / it
                                                         :same-as s31.f)
                                           :manner (s33.t / term)
                                           :poss-of s33.t)
                              :mode "imperative")
                 :op2 (s33.t5 / trust-01
                              :ARG0 s33.y
                              :ARG1 (s33.l / learn-01
                                           :ARG0 s33.t2
                                           :ARG1 (s33.t3 / thing
                                                         :ARG1-of (s33.g / get-01
                                                                         :ARG0 s33.y
                                                                         :ARG1-of (s33.p2 / possible-01
                                                                                          :polarity "-")
                                                                         :ARG2 (s33.p / play-01
                                                                                      :ARG0 s33.t2
                                                                                      :ARG1 (s33.t4 / toy
                                                                                                    :name (s33.n / name
                                                                                                                 :op1 "Dora"
                                                                                                                 :op2 "The"
                                                                                                                 :op3 "Explorer"))))))
                              :ARG2 (s33.i / i
                                           :same-as s3.i)))
   :snt34 (s34.o / own-01
                 :ARG1 (s34.p / pocketknife)
                 :li "2")
   :snt35 (s35.h / have-concession-91
                 :ARG1 (s35.d / drift-01
                              :ARG1 (s35.k2 / knife)
                              :ARG1-of (s35.t / terrible-01
                                              :ARG1-of (s35.t2 / think-01
                                                               :ARG0 (s35.i / i
                                                                            :same-as s3.i)))
                              :ARG5 (s35.o / out
                                           :op1 (s35.c / consciousness
                                                       :mod (s35.c2 / culture)
                                                       :poss (s35.w / we)))
                              :degree (s35.k / kind-of)))
   :snt36 (s36.r / resemble-01
                 :ARG1 (s36.p / pocketknife
                              :ord (s36.o / ordinal-entity
                                          :value "1")
                              :poss (s36.y / you))
                 :ARG2 (s36.t / tool
                              :ARG1-of (s36.g / give-01
                                              :ARG2 s36.y)
                              :mod (s36.u / universal)
                              :ord (s36.o2 / ordinal-entity
                                           :value "1")))
   :snt37 (s37.k / know-01
                 :ARG0 (s37.y / you)
                 :ARG1 (s37.a / and
                              :op1 (s37.s2 / spatula
                                           :domain (s37.i / it))
                              :op2 (s37.b / bar
                                          :ARG1-of (s37.p / pierce-01)
                                          :domain s37.i)
                              :op3 (s37.s / screwdriver
                                          :domain s37.i)
                              :op4 (s37.b2 / blade
                                           :domain s37.i)))
   :snt38 (s38.a / and
                 :op2 (s38.t / tool
                             :ARG0-of (s38.e / empower-01)
                             :ARG1-of (s38.p / powerful-02)))
   :snt39 (s39.a / and
                 :op2 (s39.g / give-01
                             :ARG0 (s39.t / they)
                             :ARG1 (s39.k / knife
                                          :example (s39.h / have-03
                                                          :ARG0 s39.t
                                                          :ARG1 (s39.k2 / knife)
                                                          :time (s39.a2 / as-soon-as
                                                                        :op1 (s39.t2 / toddler
                                                                                     :domain s39.t))))
                             :location (s39.c / culture
                                              :quant (s39.l / lot))))
   :snt40 (s40.c / child
                 :ARG0-of (s40.c2 / cut-01
                                  :ARG1 (s40.b / blubber
                                               :mod (s40.w / whale)))
                 :domain (s40.t / this)
                 :mod (s40.e / ethnic-group
                             :name (s40.n / name
                                          :op1 "Inuit")))
   :snt41 (s41.a2 / and
                  :op1 (s41.s / see-01
                              :ARG0 (s41.i / i
                                           :same-as s3.i)
                              :ARG1 (s41.t2 / this)
                              :medium (s41.f / film
                                             :source (s41.g / government-organization
                                                            :name (s41.n / name
                                                                         :op1 "Canadian"
                                                                         :op2 "Film"
                                                                         :op3 "Board")))
                              :time (s41.f2 / first)
                              :time (s41.a / age-01
                                           :ARG1 s41.i
                                           :ARG2 (s41.t / temporal-quantity
                                                        :unit (s41.y / year)
                                                        :quant "10")))
                  :op2 (s41.l2 / leave-13
                               :ARG0 s41.f
                               :ARG1 (s41.i2 / impression-03
                                             :ARG0 s41.i
                                             :ARG1 (s41.s2 / see-01
                                                           :ARG0 s41.i
                                                           :ARG1 (s41.p / play-01
                                                                        :ARG0 (s41.b / baby)
                                                                        :ARG2 (s41.k / knife)))
                                             :ARG1-of (s41.l / last-01))))
   :snt42 (s42.a2 / and
                  :op2 (s42.s3 / show-01
                               :ARG0 (s42.i / it
                                            :same-as s41.t2)
                               :ARG1 (s42.p / possible-01
                                            :ARG1 (s42.d / develop-02
                                                         :ARG0 (s42.k / kid)
                                                         :ARG1 (s42.s2 / sense-01
                                                                       :ARG0 s42.k
                                                                       :ARG1 (s42.s / self)
                                                                       :ARG1-of (s42.e / extend-01))
                                                         :instrument (s42.t / tool)
                                                         :time (s42.a / age-01
                                                                      :ARG1 s42.k
                                                                      :ARG2 (s42.y / young
                                                                                   :degree (s42.v / very)))))))
   :snt43 (s43.a3 / and
                  :op1 (s43.l / lay-01
                              :ARG0 (s43.y / you)
                              :ARG1 (s43.r / rule
                                           :quant (s43.c / couple)
                                           :ARG1-of (s43.s2 / simple-02
                                                            :degree (s43.v / very))
                                           :example (s43.a2 / and
                                                            :op1 (s43.c2 / cut-off-04
                                                                         :ARG0 s43.y
                                                                         :ARG2 (s43.b2 / body
                                                                                       :poss s43.y)
                                                                         :time (s43.a / always))
                                                            :op2 (s43.k / keep-02
                                                                        :ARG0 s43.y
                                                                        :ARG1 (s43.s / sharp-02
                                                                                     :ARG1 (s43.b / blade)))
                                                            :op3 (s43.f / force-01
                                                                        :ARG0 s43.y
                                                                        :ARG1 s43.b
                                                                        :time (s43.e / ever)
                                                                        :polarity "-")))
                              :ARG2 (s43.d / down))
                  :op2 (s43.p / possible-01
                              :ARG1 (s43.a4 / and
                                            :op1 (s43.u / understand-01
                                                        :ARG0 (s43.k2 / kid)
                                                        :ARG1 (s43.t / thing
                                                                     :domain s43.r))
                                            :op2 (s43.p2 / practice-01
                                                         :ARG0 s43.k2
                                                         :ARG1 s43.t))))
   :snt44 (s44.a / and
                 :mod (s44.y / yeah
                             :mode "expressive")
                 :op2 (s44.c / cut-01
                             :ARG0 (s44.t / they
                                          :same-as s43.k2)
                             :ARG1 s44.t))
   :snt45 (s45.h / have-03
                 :ARG0 (s45.i / i
                              :part (s45.l / leg)
                              :same-as s3.i)
                 :ARG1 (s45.s / scar-01
                              :quant (s45.s2 / some)
                              :ARG1 s45.i
                              :ARG1-of (s45.t / terrible-01)
                              :ARG2 (s45.s3 / stab-01
                                            :ARG0 s45.i
                                            :ARG1 s45.i)
                              :location s45.l))
   :snt46 (s46.c / contrast-01
                 :ARG1-of (s46.k / know-01
                                 :ARG0 (s46.y / you))
                 :ARG2 (s46.y2 / young
                               :domain (s46.t / they
                                              :same-as s43.k2)))
   :snt47 (s47.h / heal-01
                 :ARG1 (s47.t / they
                              :same-as s43.k2)
                 :ARG1-of (s47.f / fast-02))
   :snt48 (s48.t / throw-01
                 :ARG1 (s48.s / spear)
                 :ord (s48.n / number
                             :value "3"))
   :snt49 (s49.t4 / turn-out-11
                  :ARG1 (s49.a2 / and
                                :op1 (s49.w2 / wire-02
                                             :purpose (s49.t3 / throw-01
                                                              :ARG0 (s49.b / brain
                                                                           :part-of (s49.w / we))
                                                              :ARG1 (s49.t2 / thing))
                                             :ARG1 s49.b
                                             :ARG1-of (s49.a / actual-02))
                                :op2 (s49.t / tend-02
                                            :ARG1 s49.b
                                            :ARG1-of (s49.r / resemble-01
                                                            :ARG2 (s49.m / muscle))
                                            :ARG2 (s49.a3 / atrophy)
                                            :condition (s49.u / use-01
                                                              :ARG0 (s49.y / you)
                                                              :ARG1 (s49.p / part
                                                                           :part-of (s49.b2 / brain
                                                                                            :poss s49.y))
                                                              :polarity "-")
                                            :mod (s49.o / over-time))))
   :snt50 (s50.c / contrast-01
                 :ARG2 (s50.a2 / and
                               :op1 (s50.a / add-02
                                           :ARG0 (s50.m / muscle
                                                        :ARG1-of (s50.g / give-01)
                                                        :mod (s50.a3 / any))
                                           :ARG1 (s50.s / strong-02)
                                           :ARG2 (s50.s2 / system
                                                         :mod (s50.w / whole))
                                           :condition (s50.e / exercise-02
                                                             :ARG0 (s50.y / you
                                                                          :part (s50.b / brain))
                                                             :ARG1 (s50.t / they
                                                                          :same-as s49.p)))
                               :op2 (s50.a4 / apply-02
                                            :ARG1 s50.a
                                            :ARG2 s50.b
                                            :mod (s50.t2 / too))))
   :snt51 (s51.a2 / and
                  :op2 (s51.c2 / combine-01
                               :ARG0-of (s51.c / cause-01
                                               :ARG1 (s51.g / good-04
                                                            :ARG1 (s51.t2 / throw-01)
                                                            :ARG2 (s51.t3 / train-01
                                                                          :ARG2 (s51.b / body
                                                                                       :mod (s51.w / whole))
                                                                          :mod (s51.k / kind
                                                                                      :mod (s51.t / that)))
                                                            :degree (s51.v / very)))
                               :ARG1 s51.t2
                               :ARG2 (s51.s / skill
                                            :mod (s51.a / analyze-01))
                               :ARG2 (s51.s2 / skill
                                             :mod (s51.p / physical))
                               :ARG3 s51.t2))
   :snt52 (s52.h / help-01
                 :ARG0 (s52.p / practice-01
                              :ARG1-of (s52.b / base-02
                                              :ARG2 (s52.t / target-01))
                              :mod (s52.k2 / kind
                                           :mod (s52.t2 / this)))
                 :ARG1 (s52.d / develop-02
                              :ARG0 (s52.k / kid)
                              :ARG1 (s52.a2 / and
                                            :op1 (s52.s / skill
                                                        :topic (s52.a3 / attend-02
                                                                       :ARG0 s52.k))
                                            :op2 (s52.s2 / skill
                                                         :topic (s52.c / concentrate-01
                                                                       :ARG0 s52.k))))
                 :ARG2 s52.k
                 :mod (s52.a / also))
   :snt53 (s53.i / infer-01
                 :ARG1 (s53.g / great
                              :domain (s53.t / that
                                             :same-as s52.p)))
   :snt54 (s54.d / dismantle-01
                 :ARG1 (s54.a / appliance)
                 :ord (s54.n / number
                             :value "4"))
   :snt55 (s55.t / thing
                 :quant (s55.w2 / world)
                 :ARG2-of (s55.i2 / interest-01)
                 :location (s55.i / inside
                                  :op1 (s55.w / wash-01
                                              :ARG0 (s55.y / you)
                                              :ARG1 (s55.d / dish))))
   :snt56 (s56.t2 / throw-out-06
                  :ARG0 (s56.y / you)
                  :ARG1 (s56.a2 / appliance)
                  :time (s56.t / throw-out-06
                               :ARG0 s56.y
                               :ARG1 s56.a2
                               :mod (s56.n / next)
                               :time (s56.a / about-to))
                  :mode "imperative"
                  :polarity "-")
   :snt57 (s57.a / and
                 :op1 (s57.o / or
                             :op2 (s57.s2 / send-01
                                          :ARG0 (s57.y / you)
                                          :ARG1 (s57.p / person
                                                       :ARG0-of (s57.h / have-rel-role-91
                                                                       :ARG1 s57.y
                                                                       :ARG2 (s57.k / kid)))
                                          :ARG2 (s57.s / school
                                                       :poss (s57.i / i
                                                                    :same-as s3.i)))
                             :op1 "imperative")
                 :op2 (s57.t / take-01
                             :ARG0 (s57.w / we)
                             :ARG1 (s57.i2 / it
                                           :same-as s56.a2)
                             :accompanier s57.p
                             :mode "imperative")
                 :rel (s57.a2 / apart
                              :prep-with s57.p))
   :snt58 (s58.p7 / practice-01
                  :purpose (s58.g / get-01
                                  :ARG0 (s58.k / kid)
                                  :ARG1 (s58.s / sense-01
                                               :ARG0 s58.k
                                               :ARG1 (s58.a2 / and
                                                             :op1 (s58.p4 / possible-01
                                                                          :ARG1 (s58.t / take-01
                                                                                       :ARG0 s58.k
                                                                                       :ARG1 (s58.t4 / thing)
                                                                                       :ARG3 (s58.a3 / apart)))
                                                             :op2 (s58.p5 / possible-01
                                                                          :ARG1 (s58.u / understand-01
                                                                                       :ARG0 s58.k
                                                                                       :ARG1 (s58.p2 / part))
                                                                          :ARG1-of (s58.r2 / regardless-91
                                                                                           :ARG2 (s58.t5 / thing
                                                                                                         :degree-of (s58.c / complex
                                                                                                                           :domain (s58.t2 / they
                                                                                                                                           :part s58.p2
                                                                                                                                           :part (s58.a / all)
                                                                                                                                           :same-as s58.p))))
                                                                          :ARG1-of (s58.m / mean-01
                                                                                          :ARG2 (s58.p6 / possible-01
                                                                                                        :ARG1 (s58.u2 / understand-01
                                                                                                                      :ARG0 s58.k
                                                                                                                      :ARG1 s58.a)
                                                                                                        :time (s58.e2 / eventual)))))
                                               :degree (s58.s2 / sort-of)))
                  :ARG0 s58.k
                  :ARG1 (s58.p8 / puzzle-01
                                :ARG2 (s58.t3 / thing
                                              :ARG1-of (s58.p3 / possible-01)
                                              :domain s58.t2))
                  :ARG1-of (s58.g2 / good-02
                                   :degree (s58.r / really))
                  :concession (s58.e / even-if
                                     :op1 (s58.k2 / know-01
                                                  :ARG0 (s58.y / you)
                                                  :ARG1 (s58.p / part)
                                                  :polarity "-")))
   :snt59 (s59.s / sense-01
                 :ARG1 (s59.k / know-01
                              :ARG1 (s59.s2 / something)
                              :ARG1-of (s59.p / possible-01)))
   :snt60 (s60.i / infer-01
                 :ARG1 (s60.a2 / and
                               :op1 (s60.t2 / thing
                                            :ARG1-of (s60.a / actual-02)
                                            :ARG1-of (s60.m / make-01
                                                            :ARG0 (s60.p / person
                                                                         :mod (s60.o / other)))
                                            :domain (s60.b2 / box
                                                            :ARG1-of (s60.b / black-04)
                                                            :ARG1-of (s60.t / take-04
                                                                            :ARG0 (s60.w / we)
                                                                            :ARG2 (s60.g / grant-01))
                                                            :manner-of (s60.l / live-01
                                                                              :ARG0 s60.w)
                                                            :mod (s60.t3 / this))
                                            :mod (s60.c / complex))
                               :op2 (s60.p2 / possible-01
                                            :ARG1 (s60.u / understand-01
                                                         :ARG0 (s60.y / you)
                                                         :ARG1 s60.t2))))
   :snt61 (s61.p / parter
                 :domain (s61.n / number
                                :value "5")
                 :quant "2")
   :snt62 (s62.b / break-01
                 :ARG0 (s62.y / you)
                 :ARG1 (s62.l / law
                              :name (s62.n / name
                                           :op1 "Digital"
                                           :op2 "Millennium"
                                           :op3 "Copyright"
                                           :op4 "Act"))
                 :mode "imperative")
   :snt63 (s63.l / law
                 :ARG0-of (s63.a / attempt-01
                                 :ARG1 (s63.l2 / limit-01
                                               :ARG1 (s63.t / thing
                                                            :manner-of (s63.p / possible-01
                                                                              :ARG1 (s63.i / interact-01
                                                                                           :ARG0 (s63.w / we)
                                                                                           :ARG1 (s63.t2 / thing
                                                                                                         :ARG1-of (s63.o / own-01
                                                                                                                         :ARG0 s63.w)
                                                                                                         :ARG1-of (s63.m / mean-01
                                                                                                                         :ARG2 (s63.m2 / media
                                                                                                                                       :mod (s63.d / digital)
                                                                                                                                       :mod (s63.c / case-04
                                                                                                                                                   :ARG1 (s63.t3 / this))))))))
                                               :ARG0 s63.l))
                 :location (s63.b / beyond
                                  :op1 (s63.r / regulate-01
                                              :ARG1 (s63.s / safe-01))))
   :snt64 (s64.e / exercise
                 :ARG1-of (s64.s2 / simple-02
                                  :degree (s64.v / very))
                 :consist-of (s64.a / and
                                    :op1 (s64.b / buy-01
                                                :ARG0 (s64.y / you)
                                                :ARG1 (s64.s3 / song
                                                              :ARG1-of (s64.a2 / author-01))
                                                :medium (s64.c2 / company
                                                                :name (s64.n / name
                                                                             :op1 "iTunes")))
                                    :op2 (s64.r / rip-06
                                                :ARG0 s64.y
                                                :ARG1 (s64.d2 / disc
                                                              :mod (s64.d / digital)
                                                              :mod (s64.c / compact))
                                                :time (s64.t / then))
                                    :op3 (s64.p / play-11
                                                :ARG0 s64.y
                                                :ARG1 s64.s3
                                                :location (s64.c3 / computer
                                                                  :ARG1-of (s64.s / same-01
                                                                                  :degree (s64.v2 / very)))))
                 :rel (s64.w / write-01
                             :ARG0 s64.y
                             :ARG1 s64.s3
                             :instrument s64.d2))
   :snt65 (s65.b / break-18
                 :ARG0 (s65.y / you)
                 :ARG1 (s65.l / law)
                 :mod (s65.j / just))
   :snt66 (s66.p2 / possible-01
                  :ARG1 (s66.a / and
                               :op1 (s66.c / come-01
                                           :ARG1 (s66.o / organization
                                                        :name (s66.n / name
                                                                     :op1 "RIAA")))
                               :op2 (s66.p / persecute-01
                                           :ARG0 s66.o
                                           :ARG1 (s66.y / you)))
                  :manner (s66.t / technical))
   :snt67 (s67.l4 / lesson
                  :ARG1-of (s67.i / important-01)
                  :ARG1-of (s67.u / understand-01
                                  :ARG0 (s67.k / kid))
                  :domain (s67.a2 / and
                                  :op1 (s67.b / break-18
                                              :ARG1 (s67.l / law
                                                           :ARG1-of (s67.i2 / include-91
                                                                            :ARG2 (s67.l2 / law
                                                                                          :mod (s67.t / this)))
                                                           :mod (s67.s / some))
                                              :manner (s67.a / accident))
                                  :op2 (s67.o / obligate-01
                                              :ARG2 (s67.i3 / interpret-01
                                                            :ARG1 (s67.l3 / law)))))
   :snt68 (s68.a2 / and
                  :op2 (s68.s / something
                              :ARG1-of (s68.t2 / talk-01
                                               :ARG0 (s68.w / we)
                                               :ARG2 (s68.p / person
                                                            :ARG0-of (s68.h / have-rel-role-91
                                                                            :ARG1 s68.w
                                                                            :ARG2 (s68.k / kid)))
                                               :frequency (s68.o / often)
                                               :time (s68.a3 / and
                                                             :op1 (s68.f / fool-around-02
                                                                         :ARG0 s68.w
                                                                         :ARG1 (s68.t3 / thing))
                                                             :op2 (s68.b / break-01
                                                                         :ARG0 s68.w
                                                                         :ARG1 s68.t3
                                                                         :manner (s68.o2 / open-09
                                                                                         :ARG1 s68.t3))
                                                             :op3 (s68.t / take-01
                                                                         :ARG0 s68.w
                                                                         :ARG1 s68.t3)
                                                             :op4 (s68.u / use-01
                                                                         :ARG0 s68.w
                                                                         :ARG1 s68.t3
                                                                         :ARG2 (s68.t4 / thing
                                                                                       :mod (s68.o3 / other))))
                                               :time (s68.a4 / and
                                                             :mod (s68.a / also)
                                                             :op1 (s68.g / go-out-17
                                                                         :ARG0 s68.w)
                                                             :op2 (s68.d / drive-01
                                                                         :ARG0 s68.w
                                                                         :ARG1 (s68.c / car))))
                              :domain (s68.i / it)))
   :snt69 (s69.c2 / cause-01
                  :ARG0 (s69.a / act-02
                               :ARG0-of (s69.e / empower-01
                                               :ARG1 (s69.c3 / child
                                                             :mod (s69.y / young))
                                               :degree (s69.r / really))
                               :domain (s69.d / drive-01
                                              :ARG1 (s69.c / car)))
                  :ARG1 (s69.u / ultimate
                               :domain (s69.t / this)))
   :snt70 (s70.p3 / possible-01
                  :ARG1 (s70.d / drive-01
                               :ARG0 (s70.p / person
                                            :ARG1-of (s70.i / include-91
                                                            :ARG2 (s70.y / you))
                                            :ARG1-of (s70.c3 / comfortable-02
                                                             :ARG0 (s70.b / break-18
                                                                          :ARG0 s70.p
                                                                          :ARG1 (s70.l / law)
                                                                          :ARG1-of (s70.a / actual-02))
                                                             :polarity "-")
                                            :mod (s70.t / that))
                               :ARG1 (s70.c / car)
                               :accompanier (s70.p2 / person
                                                    :ARG0-of (s70.h / have-rel-role-91
                                                                    :ARG1 s70.y
                                                                    :ARG2 (s70.c2 / child))))
                  :beneficiary s70.p)
   :snt71 (s71.s / stage
                 :beneficiary (s71.k / kid)
                 :domain (s71.t / this)
                 :mod (s71.g / great))
   :snt72 (s72.b / be-temporally-at-91
                 :ARG1 (s72.t4 / this
                               :same-as s71.t)
                 :ARG2 (s72.a / about
                              :op1 (s72.s / same-01
                                          :ARG1 (s72.t6 / time)
                                          :time-of (s72.h / hook-01
                                                          :ARG1 (s72.t / they
                                                                       :same-as s71.k)
                                                          :ARG2 (s72.t2 / thing
                                                                        :ARG1-of (s72.r / resemble-01
                                                                                        :ARG2 (s72.d / dinosaur))
                                                                        :mod (s72.t3 / thing
                                                                                     :ARG1-of (s72.g / grip-01
                                                                                                     :ARG0 s72.t
                                                                                                     :ARG1-of (s72.t7 / try-01
                                                                                                                      :ARG0 s72.t))
                                                                                     :location (s72.w / world
                                                                                                      :mod (s72.o / outside))
                                                                                     :mod (s72.b2 / big)
                                                                                     :mod (s72.t5 / this)))))))
   :snt73 (s73.a / and
                 :op1 (s73.r / resemble-01
                             :ARG1 (s73.c / car)
                             :ARG2 (s73.o / object))
                 :op2 (s73.p / possible-01
                             :ARG1 (s73.a2 / and
                                           :op1 (s73.g / get-05
                                                       :ARG1 (s73.t / they
                                                                    :same-as s71.k)
                                                       :ARG2 s73.c)
                                           :op2 (s73.d / drive-01
                                                       :ARG0 s73.t
                                                       :ARG1 s73.c))))
   :snt74 (s74.a4 / and
                  :op2 (s74.r2 / resemble-01
                               :ARG0-of (s74.g / give-01
                                               :ARG1 (s74.h / handle-01
                                                            :ARG0 (s74.t2 / they
                                                                          :same-as s71.k)
                                                            :ARG1 (s74.w / world))
                                               :ARG2 s74.t2)
                               :ARG1 (s74.t / that
                                            :same-as s70.d)
                               :ARG1-of (s74.r / real-04))
                  :rel (s74.h2 / handle-01
                               :ARG0 s74.t2
                               :ARG1 s74.w
                               :ARG1-of (s74.a2 / access-01
                                                :ARG0 s74.t2
                                                :frequency (s74.o / often
                                                                  :polarity (s74.a / -
                                                                                   :ARG1-of (s74.a3 / access-01
                                                                                                    :ARG0 s74.t2)))
                                                :polarity s74.a)
                               :polarity "-"))
   :snt75 (s75.a / and
                 :op2 (s75.l / legal-02
                             :ARG1 (s75.i / it
                                          :same-as s70.d)
                             :ARG1-of (s75.p / perfect-02)))
   :snt76 (s76.a2 / and
                  :op1 (s76.f / find-01
                              :ARG0 (s76.y / you)
                              :ARG1 (s76.l2 / lot
                                            :ARG1-of (s76.e / empty-02)
                                            :mod (s76.b2 / big))
                              :mode "imperative")
                  :op2 (s76.e2 / ensure-01
                               :ARG0 s76.y
                               :ARG1 (s76.a / and
                                            :op1 (s76.n / nothing
                                                        :location s76.l2)
                                            :op2 (s76.b / be-located-at-91
                                                        :ARG1 s76.l2
                                                        :ARG2 (s76.p2 / property
                                                                      :ARG1-of (s76.p / private-03))))
                               :mode "imperative")
                  :op3 (s76.l / let-01
                              :ARG1 (s76.d / drive-01
                                           :ARG0 (s76.t / they
                                                        :same-as s71.k)
                                           :ARG1 (s76.c / car
                                                        :poss s76.y))
                              :ARG0 "imperative"
                              :mode "imperative"))
   :snt77 (s77.s / safe-01
                 :ARG0 (s77.i / it)
                 :ARG1-of (s77.a / actual-02)
                 :degree (s77.v / very))
   :snt78 (s78.a / and
                 :op2 (s78.f2 / fun-01
                              :ARG0 (s78.f / family
                                           :mod (s78.w / whole))
                              :ARG1 (s78.i / it
                                           :same-as s70.d)))
   :snt79 (s79.l / let-01
                 :ARG1 (s79.s / see-01
                              :ARG0 (s79.w / we)))
   :snt80 (s80.t2 / think-01
                  :ARG0 (s80.i / i
                               :same-as s3.i)
                  :ARG1 (s80.b / be-it-06
                               :ARG0 (s80.t / that)))
   :snt81 (s81.n / number
                 :domain (s81.t / that)
                 :quant "1.5")
   :snt82 (s82.o / okay-04))

