# ::id doc-545
# ::doc_file doc-545
# ::tok http : / / www . ted . com / talks / saki_mafundikwa_ingenuity_and_elegance_in_ancient_african_alphabets< / url> <next_sent> I moved back home 15 years ago after a 20 - year stay in the United States , and Africa called me back . <next_sent> And I founded my country 's first graphic design and new media college . <next_sent> And I called it the Zimbabwe Institute of Vigital Arts . <next_sent> The idea , the dream , was really for a sort of Bauhaus sort of school where new ideas were interrogated and investigated , the creation of a new visual language based on the African creative heritage . <next_sent> We offer a two - year diploma to talented students who have successfully completed their high school education . <next_sent> And typography 's a very important part of the curriculum and we encourage our students to look inward for influence . <next_sent> Here 's a poster designed by one of the students under the theme " Education is a right . " <next_sent> Some logos designed by my students . <next_sent> Africa has had a long tradition of writing , but this is not such a well - known fact , and I wrote the book " Afrikan Alphabets " to address that . <next_sent> The different types of writing in Africa , first was proto - writing , as illustrated by Nsibidi , which is the writing system of a secret society of the Ejagham people in southern Nigeria . <next_sent> So it 's a speci al-interest writing system . <next_sent> The Akan of people of Ghana and [ Cote d'Ivoire ] developed Adinkra symbols some 400 years ago , and these are proverbs , historical sayings , objects , animals , plants , and my favorite Adinkra system is the first one at the top on the left . <next_sent> It 's called Sankofa . <next_sent> It means , " Return and get it . " <next_sent> Learn from the past . <next_sent> This pictograph by the Jokwe people of Angola tells the story of the creation of the world . <next_sent> At the top is God , at the bottom is man , mankind , and on the left is the sun , on the right is the moon . <next_sent> All the paths lead to and from God . <next_sent> These secret societies of the Yoruba , Kongo and Palo religions in Nigeria , Congo and Angola respectively , developed this intricate writing system which is alive and well today in the New World in Cuba , Brazil and Trinidad and Haiti . <next_sent> In the rainforests of the Democratic Republic of Congo , in the Ituri society , the men pound out a cloth out of a special tree , and the women , who are also the praise singers , paint interweaving patterns that are the same in structure as the polyphonic structures that they use in their singing -- a sort of a musical score , if you may . <next_sent> In South Africa , Ndebele women use these symbols and other geometric patterns to paint their homes in bright colors , and the Zulu women use the symbols in the beads that they weave into bracelets and necklaces . <next_sent> Ethiopia has had the longest tradition of writing , with the Ethiopic script that was developed in the fourth century A.D. <next_sent> and is used to write Amharic , which is spoken by over 24 million people . <next_sent> King Ibrahim Njoya of the Bamum Kingdom of Cameroon developed Shü - mom at the age of 25 . <next_sent> Shü - mom is a writing system . <next_sent> And here we see three stages of development that it went through in 30 years . <next_sent> The Vai people of Liberia had a long tradition of literacy before their first contact with Europeans in the 1800 s . <next_sent> It 's a syllabary and reads from left to right . <next_sent> Next door , in Sierra Leone , the Mende also developed a syllabary , but theirs reads from right to left . <next_sent> Africa has had a long tradition of design , a well - defined design sensibility , but the problem in Africa has been that , especially today , designers in Africa struggle with all forms of design because they are more apt to look outward for influence and inspiration . <next_sent> The creative spirit in Africa , the creative tradition , is as potent as it has always been , if only designers could look within . <next_sent> This Ethiopic cross illustrates what Dr . Ron Eglash has established : that Africa has a lot to contribute to computing and mathematics through their intuitive grasp of fractals . <next_sent> Africans of antiquity created civilization , and their monuments , which still stand today , are a true testimony of their greatness . <next_sent> Most probably , one of humanity 's greatest achievements is the invention of the alphabet , and that has been attributed to Mesopotamia with their invention of cuneiform in 1600 BC , followed by hieroglyphics in Egypt , and that story has been cast in stone as historical fact . <next_sent> That is , until 1998 , when one Yale professor John Coleman Darnell discovered these inscriptions in the Thebes desert on the limestone cliffs in western Egypt , and these have been dated at between 1800 and 1900 B.C. , centuries before Mesopotamia . <next_sent> Called Wadi el - Hol because of the place that they were discovered , these inscriptions -- research is still going on , a few of them have been deciphered , but there is consensus among scholars that this is really humanity 's first alphabet . <next_sent> Over here , you see a paleographic chart that shows what has been deciphered so far , starting with the letter A , " ālep , " at the top , and " bêt , " in the middle , and so forth . <next_sent> It is time that students of design in Africa read the works of titans like Cheikh Anta Diop , Senegal 's Cheikh Anta Diop , whose seminal work on Egypt is vindicated by this discovery . <next_sent> The last word goes to the great Jamaican leader Marcus Mosiah Garvey and the Akan people of Ghana with their Adinkra symbol Sankofa , which encourages us to go to the past so as to inform our present and build on a future for us and our children . <next_sent> It is also time that designers in Africa stop looking outside . <next_sent> They 've been looking outward for a long time , yet what they were looking for has been right there within grasp , right within them . <next_sent> Thank you very much .
(d / document
   :snt1 (s1.u / url-entity
               :value "ossobuco")
   :snt2 (s2.a2 / and
                :op1 (s2.m / move-01
                           :ARG0 (s2.i / i)
                           :ARG2 (s2.h / home)
                           :direction (s2.b / back)
                           :time (s2.b3 / before
                                        :quant (s2.t / temporal-quantity
                                                     :unit (s2.y / year)
                                                     :quant "15")
                                        :op1 (s2.n3 / now))
                           :time (s2.a / after
                                       :op1 (s2.s / stay-01
                                                  :ARG1 s2.i
                                                  :ARG2 (s2.c3 / country
                                                               :name (s2.n / name
                                                                           :op1 "United"
                                                                           :op2 "States"))
                                                  :duration (s2.t2 / temporal-quantity
                                                                   :unit (s2.y2 / year)
                                                                   :quant "20"))))
                :op2 (s2.c / call-02
                           :ARG0 (s2.c2 / continent
                                        :name (s2.n2 / name
                                                     :op1 "Africa"))
                           :ARG1 s2.i
                           :direction (s2.b2 / back)))
   :snt3 (s3.a / and
               :op2 (s3.f / found-01
                          :ARG0 (s3.i / i
                                      :same-as s2.i)
                          :ARG1 (s3.c / college
                                      :mod (s3.m / media
                                                 :ARG1-of (s3.n / new-01))
                                      :mod (s3.d / design-01
                                                 :ARG1 (s3.g / graphic))
                                      :ord (s3.o / ordinal-entity
                                                 :value "1")
                                      :poss (s3.c2 / country
                                                   :poss s3.i))))
   :snt4 (s4.a / and
               :op2 (s4.c / call-01
                          :ARG0 (s4.i / i
                                      :same-as s2.i)
                          :ARG1 (s4.i2 / it
                                       :same-as s3.c)
                          :ARG2 (s4.o / organization
                                      :name (s4.n / name
                                                  :op1 "Zimbabwe"
                                                  :op2 "Institute"
                                                  :op3 "of"
                                                  :op4 "Vigital"
                                                  :op5 "Arts"))))
   :snt5 (s5.h / have-purpose-91
               :ARG1 (s5.i / idea
                           :ARG1-of (s5.m / mean-01
                                          :ARG2 (s5.d / dream-01)))
               :ARG1-of (s5.r / real-04)
               :ARG2 (s5.s / school
                           :location-of (s5.a / and
                                              :op1 (s5.i3 / interrogate-01
                                                          :ARG1 (s5.i2 / idea
                                                                       :ARG1-of (s5.n3 / new-01)))
                                              :op2 (s5.i4 / investigate-01
                                                          :ARG1 s5.i2)
                                              :op3 (s5.c2 / create-01
                                                          :ARG1 (s5.l / language
                                                                      :ARG1-of (s5.n4 / new-01)
                                                                      :ARG1-of (s5.b / base-02
                                                                                     :ARG2 (s5.h2 / heritage
                                                                                                  :mod (s5.c3 / create-01)
                                                                                                  :mod (s5.c / continent
                                                                                                             :name (s5.n2 / name
                                                                                                                          :op1 "Africa"))))
                                                                      :mod (s5.v / visual))))
                           :mod (s5.s3 / sort
                                       :mod (s5.s2 / sort))
                           :mod s5.s2)
               :rel (s5.n / name
                          :op1 "Bauhaus"))
   :snt6 (s6.o / offer-01
               :ARG0 (s6.w / we
                           :same-as s3.c)
               :ARG1 (s6.d / diploma
                           :duration (s6.t2 / temporal-quantity
                                            :unit (s6.y / year)
                                            :quant "2"))
               :ARG3 (s6.p / person
                           :ARG0-of (s6.s / study-01)
                           :ARG0-of (s6.s2 / succeed-01
                                           :ARG1 (s6.c / complete-01
                                                       :ARG0 s6.p
                                                       :ARG1 (s6.e / educate-01
                                                                   :ARG1 s6.p
                                                                   :mod (s6.h / high-school))))
                           :mod (s6.t / talent)))
   :snt7 (s7.a / and
               :op2 (s7.a2 / and
                           :op1 (s7.i / important-01
                                      :ARG1 (s7.t / typography
                                                  :part-of (s7.c / curriculum))
                                      :degree (s7.v / very))
                           :op2 (s7.e / encourage-01
                                      :ARG0 (s7.w / we
                                                  :same-as s3.c)
                                      :ARG1 (s7.p / person
                                                  :ARG0-of (s7.s / study-01)
                                                  :poss s7.w)
                                      :ARG2 (s7.l / look-01
                                                  :purpose (s7.i2 / influence-01)
                                                  :ARG0 s7.p
                                                  :direction (s7.i3 / inward)))))
   :snt8 (s8.p3 / poster
                :ARG1-of (s8.d / design-01
                               :ARG0 (s8.p / person
                                           :ARG1-of (s8.i / include-91
                                                          :ARG2 (s8.p2 / person
                                                                       :ARG0-of (s8.s / study-01)))))
                :ARG1-of (s8.q / quote-01
                               :ARG2 (s8.r / right-05
                                           :ARG2 (s8.e / educate-01)))
                :location (s8.h / here))
   :snt9 (s9.d / design-01
               :ARG0 (s9.p / person
                           :ARG0-of (s9.s3 / study-01
                                           :ARG2 (s9.i / i
                                                       :same-as s2.i)))
               :ARG1 (s9.s / slogan
                           :quant (s9.s2 / some)))
   :snt10 (s10.a2 / and
                  :op1 (s10.c2 / contrast-01
                               :ARG1 (s10.h / have-03
                                            :ARG0 (s10.c / continent
                                                         :name (s10.n / name
                                                                      :op1 "Africa")
                                                         :same-as s2.c2)
                                            :ARG1 (s10.t2 / tradition
                                                          :ARG1-of (s10.l / long-03)
                                                          :mod (s10.w2 / write-01)))
                               :ARG2 (s10.f / fact
                                            :ARG1-of (s10.k / know-02
                                                            :degree (s10.w / well
                                                                           :degree (s10.s / such))
                                                            :polarity "-")
                                            :domain (s10.t / this
                                                           :same-as s10.h)))
                  :op2 (s10.w3 / write-01
                               :purpose (s10.a / address-02
                                               :ARG0 (s10.i / i
                                                            :same-as s2.i)
                                               :ARG1 s10.c2)
                               :ARG0 s10.i
                               :ARG1 (s10.b / book
                                            :name (s10.n2 / name
                                                          :op1 "Afrikan"
                                                          :op2 "Alphabets"))))
   :snt11 (s11.t / type
                 :ARG1-of (s11.d / differ-02)
                 :ARG1-of (s11.i / illustrate-01
                                 :ARG0 (s11.s4 / system
                                               :name (s11.n2 / name
                                                             :op1 "Nsibidi")
                                               :mod (s11.w3 / write-01)
                                               :poss (s11.s2 / society
                                                             :location (s11.s3 / south
                                                                               :part-of (s11.c2 / country
                                                                                                :name (s11.n4 / name
                                                                                                              :op1 "Nigeria")))
                                                             :mod (s11.s / secret)
                                                             :poss (s11.p / person
                                                                          :mod (s11.e / ethnic-group
                                                                                      :name (s11.n3 / name
                                                                                                    :op1 "Ejagham"))))))
                 :domain (s11.w2 / write-01
                                 :mod (s11.p2 / proto)
                                 :ord (s11.o / ordinal-entity
                                             :value "1"))
                 :location (s11.c / continent
                                  :name (s11.n / name
                                               :op1 "Africa")
                                  :same-as s2.c2)
                 :mod (s11.w / write-01))
   :snt12 (s12.i / infer-01
                 :ARG1 (s12.s2 / system
                               :domain (s12.i2 / it
                                               :same-as s11.s4)
                               :mod (s12.w / write-01
                                           :ARG1 (s12.s / science-fiction))))
   :snt13 (s13.a2 / and
                  :op1 (s13.d / develop-02
                              :ARG0 (s13.p / person
                                           :location (s13.a / and
                                                            :op1 (s13.c / country
                                                                        :name (s13.n2 / name
                                                                                      :op1 "Ghana"))
                                                            :op2 (s13.c2 / country
                                                                         :name (s13.n3 / name
                                                                                       :op1 "Cote"
                                                                                       :op2 "d'Ivoire"))))
                              :ARG1 (s13.t2 / thing
                                            :ARG1-of (s13.s3 / symbolize-01))
                              :time (s13.b / before
                                           :quant (s13.s2 / some
                                                          :op1 (s13.t / temporal-quantity
                                                                      :unit (s13.y / year)
                                                                      :quant "400"))
                                           :op1 (s13.n5 / now)))
                  :op2 (s13.a3 / and
                               :domain s13.t2
                               :op1 (s13.p3 / proverb)
                               :op2 (s13.s / say-01
                                           :mod (s13.h / history))
                               :op3 (s13.o / object)
                               :op4 (s13.a4 / animal)
                               :op5 (s13.p2 / plant))
                  :op6 (s13.s4 / system
                               :ARG1-of (s13.f / favor-01
                                               :ARG0 (s13.i / i
                                                            :same-as s2.i))
                               :location (s13.t3 / top
                                                 :ARG1-of (s13.l / left-20))
                               :mod s13.t2
                               :ord (s13.o2 / ordinal-entity
                                            :value "1"))
                  :rel (s13.n / name
                              :op1 "Akan"
                              :op2 "of")
                  :rel (s13.n4 / name
                               :op1 "Adinkra"))
   :snt14 (s14.c / call-01
                 :ARG1 (s14.i / it
                              :same-as s13.f)
                 :ARG2 (s14.p / product
                              :name (s14.n / name
                                           :op1 "Sankofa")))
   :snt15 (s15.m / mean-01
                 :ARG1 (s15.i / it
                              :same-as s13.f)
                 :ARG2 (s15.a / and
                              :op1 (s15.r / return-01
                                          :ARG1 (s15.y / you))
                              :op2 (s15.g / get-01
                                          :ARG0 s15.y
                                          :ARG1 (s15.i2 / it))))
   :snt16 (s16.l / learn-01
                 :ARG0 (s16.y / you)
                 :ARG2 (s16.p / past)
                 :mode "imperative")
   :snt17 (s17.t / tell-01
                 :ARG0 (s17.p2 / pictograph
                               :mod (s17.t2 / this)
                               :source (s17.p / person
                                              :name (s17.n / name
                                                           :op1 "Jokwe")
                                              :location (s17.c / country
                                                               :name (s17.n2 / name
                                                                             :op1 "Angola"))))
                 :ARG1 (s17.s / story
                              :topic (s17.c2 / create-01
                                             :ARG1 (s17.w / world))))
   :snt18 (s18.a / and
                 :op1 (s18.p / person
                             :name (s18.n / name
                                          :op1 "God")
                             :location (s18.t / top))
                 :op2 (s18.a2 / and
                              :location (s18.b / bottom)
                              :op1 (s18.m / man)
                              :op2 (s18.m2 / mankind))
                 :op3 (s18.s / sun
                             :ARG1-of (s18.l / left-20))
                 :op4 (s18.m3 / moon
                              :ARG1-of (s18.r / right-04)))
   :snt19 (s19.l / lead-01
                 :ARG0 (s19.w / way
                              :mod (s19.a / all))
                 :destination (s19.p / person
                                     :name (s19.n / name
                                                  :op1 "God")
                                     :same-as s18.n))
   :snt20 (s20.d / develop-02
                 :ARG0 (s20.a / and
                              :mod (s20.r4 / religion
                                           :location (s20.c3 / country
                                                             :name (s20.n6 / name
                                                                           :op1 "Angola")
                                                             :same-as s17.c))
                              :op1 (s20.s2 / society
                                           :location (s20.c / country
                                                            :name (s20.n4 / name
                                                                          :op1 "Nigeria"))
                                           :mod (s20.s / secret))
                              :op2 (s20.s3 / society
                                           :mod (s20.r / religion
                                                       :name (s20.n / name
                                                                    :op1 "Yoruba")))
                              :op3 (s20.s4 / society
                                           :location (s20.c2 / country
                                                             :name (s20.n5 / name
                                                                           :op1 "Congo"))
                                           :mod (s20.r2 / religion
                                                        :name (s20.n3 / name
                                                                      :op1 "Palo"))
                                           :mod (s20.r3 / religion
                                                        :name s20.n3)))
                 :ARG1 (s20.s5 / system
                               :ARG0-of (s20.l / live-01
                                               :location (s20.w2 / world-region
                                                                 :name (s20.n7 / name
                                                                               :op1 "New"
                                                                               :op2 "World")
                                                                 :location (s20.a2 / and
                                                                                   :op1 (s20.c4 / country
                                                                                                :name (s20.n8 / name
                                                                                                              :op1 "Cuba"))
                                                                                   :op2 (s20.c5 / country
                                                                                                :name (s20.n9 / name
                                                                                                              :op1 "Brazil"))
                                                                                   :op3 (s20.c6 / country
                                                                                                :name (s20.n10 / name
                                                                                                               :op1 "Trinidad"))
                                                                                   :op4 (s20.c7 / country
                                                                                                :name (s20.n11 / name
                                                                                                               :op1 "Haiti"))))
                                               :time (s20.t2 / today))
                               :ARG1-of (s20.w / well-09)
                               :instrument-of (s20.w3 / write-01)
                               :mod (s20.i / intricate)
                               :mod (s20.t / this))
                 :rel (s20.n2 / name
                              :op1 "Kongo"))
   :snt21 (s21.a2 / and
                  :location (s21.s5 / society
                                    :mod (s21.e / ethnic-group
                                                :name (s21.n2 / name
                                                              :op1 "Ituri")))
                  :op1 (s21.p6 / pound
                               :ARG0 (s21.m / man)
                               :ARG1 (s21.c / cloth
                                            :source (s21.t2 / tree
                                                            :ARG1-of (s21.s7 / special-02))))
                  :op2 (s21.p / paint-02
                              :ARG0 (s21.a3 / and
                                            :op1 s21.p6
                                            :op2 (s21.w2 / woman
                                                         :mod (s21.p4 / person
                                                                      :ARG0-of (s21.s3 / sing-01
                                                                                       :ARG2 (s21.p7 / praise-01))
                                                                      :mod (s21.a / also))))
                              :ARG1 (s21.p2 / pattern
                                            :ARG1-of (s21.s / same-01
                                                            :ARG3 (s21.s9 / structure-01
                                                                          :ARG2 (s21.s8 / structure
                                                                                        :ARG1-of (s21.u / use-01
                                                                                                        :ARG0 s21.w2
                                                                                                        :ARG2 (s21.s4 / sing-01
                                                                                                                      :ARG0 s21.a3))
                                                                                        :mod (s21.p5 / polyphonic))))
                                            :ARG2-of (s21.w / weave-01)
                                            :mod (s21.t / thing
                                                        :ARG1-of (s21.p3 / permit-01
                                                                         :ARG0 (s21.y / you))
                                                        :ARG2-of (s21.s2 / score-01
                                                                         :ARG2 (s21.m2 / music))
                                                        :mod (s21.s6 / sort))))
                  :rel (s21.f / forest
                              :part-of (s21.c2 / country
                                               :name (s21.n / name
                                                            :op1 "Democratic"
                                                            :op2 "Republic"
                                                            :op3 "of"
                                                            :op4 "Congo"))))
   :snt22 (s22.a2 / and
                  :location (s22.c2 / country
                                    :name (s22.n / name
                                                 :op1 "South"
                                                 :op2 "Africa"))
                  :op1 (s22.u / use-01
                              :ARG0 (s22.w2 / woman
                                            :mod (s22.e3 / ethnic-group
                                                         :name (s22.n2 / name
                                                                       :op1 "Ndebele")))
                              :ARG1 (s22.a / and
                                           :op1 (s22.t / thing
                                                       :ARG1-of (s22.s / symbolize-01)
                                                       :mod (s22.t3 / this))
                                           :op2 (s22.p2 / pattern
                                                        :mod (s22.g / geometry)
                                                        :mod (s22.o / other)))
                              :ARG2 (s22.p / paint-02
                                           :ARG0 s22.w2
                                           :ARG1 (s22.h / home
                                                        :poss s22.w2)
                                           :ARG2 (s22.c / color
                                                        :ARG1-of (s22.b / bright-02))))
                  :op2 (s22.u2 / use-01
                               :ARG0 (s22.w3 / woman
                                             :mod (s22.e4 / ethnic-group
                                                          :name (s22.n3 / name
                                                                        :op1 "Zulu")))
                               :ARG1 (s22.t2 / thing
                                             :ARG1-of (s22.s2 / symbolize-01
                                                              :same-as s22.t)
                                             :location (s22.t4 / thread
                                                               :ARG1-of (s22.w / weave-01
                                                                               :ARG0 s22.w3
                                                                               :ARG2 (s22.a3 / and
                                                                                             :op1 (s22.e / earring)
                                                                                             :op2 (s22.e2 / earring)))))))
   :snt23 (s23.h / have-03
                 :ARG0 (s23.c / country
                              :name (s23.n / name
                                           :op1 "Ethiopia"))
                 :ARG1 (s23.t / tradition
                              :ARG1-of (s23.h2 / have-degree-91
                                               :ARG2 (s23.l / long-03
                                                            :ARG1 s23.t)
                                               :ARG3 (s23.m / most))
                              :instrument (s23.s / script
                                                 :ARG1-of (s23.d2 / develop-02
                                                                  :time (s23.d / date-entity
                                                                               :century "4"
                                                                               :era "AD"))
                                                 :mod s23.c)
                              :mod (s23.w / write-01)))
   :snt24 (s24.a / and
                 :op2 (s24.u / use-01
                             :ARG2 (s24.w / write-01
                                          :ARG1 (s24.l / language
                                                       :name (s24.n / name
                                                                    :op1 "Amharic")
                                                       :ARG3-of (s24.s / speak-01
                                                                       :ARG0 (s24.p / person
                                                                                    :quant (s24.o / over
                                                                                                  :op1 "24")))))))
   :snt25 (s25.d / develop-02
                 :ARG0 (s25.p / person
                              :name (s25.n / name
                                           :op1 "Ibrahim"
                                           :op2 "Njoya")
                              :ARG0-of (s25.h / have-org-role-91
                                              :ARG1 (s25.c / country
                                                           :name (s25.n2 / name
                                                                         :op1 "Bamum"
                                                                         :op2 "Kingdom"
                                                                         :op3 "of"
                                                                         :op4 "Cameroon"))
                                              :ARG2 (s25.k / king)))
                 :ARG1 (s25.p2 / product
                               :name (s25.n3 / name
                                             :op1 "El-Shater"))
                 :time (s25.a / age-01
                              :ARG1 s25.p
                              :ARG2 "25"))
   :snt26 (s26.s / system
                 :domain (s26.l / El-Shater
                                :same-as s25.p2)
                 :instrument-of (s26.w / write-01))
   :snt27 (s27.a2 / and
                  :op2 (s27.s / see-01
                              :ARG0 (s27.w / we)
                              :ARG1 (s27.s2 / stage
                                            :subevent-of (s27.d / develop-02
                                                                :ARG1 (s27.i / it
                                                                             :ARG0-of (s27.g / go-through-20
                                                                                             :ARG1 s27.s2
                                                                                             :time (s27.a / after
                                                                                                          :quant (s27.t / temporal-quantity
                                                                                                                        :unit (s27.y / year)
                                                                                                                        :quant "30")
                                                                                                          :op1 (s27.n / now)))
                                                                             :same-as s25.p2))
                                            :quant "3")
                              :location (s27.h / here)))
   :snt28 (s28.h / have-03
                 :ARG0 (s28.p / person
                              :name (s28.n / name
                                           :op1 "Vai")
                              :location (s28.c3 / country
                                                :name (s28.n2 / name
                                                              :op1 "Liberia")))
                 :ARG1 (s28.t / tradition
                              :ARG1-of (s28.l2 / long-03)
                              :mod (s28.l / literacy))
                 :time (s28.b / before
                              :op1 (s28.c / contact-01
                                          :ARG0 s28.p
                                          :ARG1 (s28.p2 / person
                                                        :mod (s28.c2 / continent
                                                                     :name (s28.n3 / name
                                                                                   :op1 "Europe")))
                                          :ord (s28.o / ordinal-entity
                                                      :value "1")
                                          :time (s28.d / date-entity
                                                       :decade "1800"))))
   :snt29 (s29.a / and
                 :op1 (s29.s / syllabary
                             :domain (s29.i / it))
                 :op2 (s29.r / read-01
                             :ARG0 s29.i
                             :ARG3 (s29.l / left-20)
                             :ARG4 (s29.r2 / right-04)))
   :snt30 (s30.c / contrast-01
                 :ARG1 (s30.d / develop-02
                              :ARG0 (s30.e / ethnic-group
                                           :name (s30.n2 / name
                                                         :op1 "Mende"))
                              :ARG1 (s30.s / syllabary)
                              :location (s30.c2 / country
                                                :name (s30.n / name
                                                             :op1 "Sierra"
                                                             :op2 "Leone"))
                              :location (s30.d2 / door
                                                :mod (s30.n3 / next))
                              :mod (s30.a / also))
                 :ARG2 (s30.r / read-01
                              :ARG1 (s30.s2 / syllabary
                                            :poss s30.e)
                              :ARG3 (s30.r2 / right-04)
                              :ARG4 (s30.l / left-19)))
   :snt31 (s31.c3 / contrast-01
                  :ARG1 (s31.h / have-03
                               :ARG0 (s31.c2 / continent
                                             :name (s31.n / name
                                                          :op1 "Africa"))
                               :ARG1 (s31.a2 / and
                                             :op1 (s31.t2 / tradition
                                                          :ARG1-of (s31.l / long-03)
                                                          :mod (s31.d2 / design-01))
                                             :op2 (s31.s / sensibility
                                                         :ARG1-of (s31.d / define-01
                                                                         :ARG1-of (s31.w / well-09))
                                                         :mod s31.d2)))
                  :ARG2 (s31.p2 / problem
                                :domain (s31.s2 / struggle-02
                                                :ARG0 (s31.p / person
                                                             :ARG0-of (s31.d3 / design-01))
                                                :ARG1 (s31.f / form
                                                             :mod (s31.a / all)
                                                             :mod (s31.d4 / design-01))
                                                :ARG1-of (s31.c / cause-01
                                                                :ARG0 (s31.a4 / apt-01
                                                                              :ARG1 (s31.l2 / look-01
                                                                                            :ARG0 s31.p
                                                                                            :ARG1 (s31.o / outward)
                                                                                            :ARG2 (s31.a3 / and
                                                                                                          :op1 (s31.i / influence-01)
                                                                                                          :op2 (s31.i2 / inspire-01)))
                                                                              :ARG2-of (s31.h2 / have-degree-91
                                                                                               :ARG1 s31.p
                                                                                               :ARG1 s31.l2
                                                                                               :ARG3 (s31.m / more))))
                                                :time (s31.t / today
                                                             :mod (s31.e / especially)))
                                :location s31.c2))
   :snt32 (s32.h / have-degree-91
                 :ARG1 (s32.s / spirit
                              :mod (s32.c2 / creative)
                              :mod (s32.t / tradition
                                          :location (s32.c / continent
                                                           :name (s32.n / name
                                                                        :op1 "Africa")
                                                           :same-as s31.c2)))
                 :ARG2 (s32.p3 / potent)
                 :ARG3 (s32.e / equal)
                 :ARG4 (s32.a / always)
                 :condition (s32.p2 / possible-01
                                    :ARG1 (s32.l / look-01
                                                 :ARG0 (s32.p / person
                                                              :ARG0-of (s32.d / design-01)
                                                              :mod (s32.o / only))
                                                 :ARG1 (s32.w / within
                                                              :op1 s32.t))))
   :snt33 (s33.i / illustrate-01
                 :ARG0 (s33.c4 / cross
                               :mod (s33.c3 / country
                                            :name (s33.n / name
                                                         :op1 "Ethiopia"))
                               :mod (s33.t / this))
                 :ARG1 (s33.e / establish-01
                              :ARG0 (s33.p / person
                                           :name (s33.n3 / name
                                                         :op1 "Dr."
                                                         :op2 "Ron"
                                                         :op3 "Eglash"))
                              :ARG1 (s33.c2 / contribute-01
                                            :quant (s33.l / lot)
                                            :ARG0 s33.c3
                                            :ARG2 (s33.a / and
                                                         :op1 (s33.c / compute-01)
                                                         :op2 (s33.m / mathematics))
                                            :manner (s33.g / grasp-01
                                                           :ARG0 s33.c3
                                                           :ARG1 (s33.m2 / mathematics)
                                                           :manner (s33.i2 / intuitive))))
                 :rel (s33.n2 / name))
   :snt34 (s34.a / and
                 :op1 (s34.c3 / create-01
                              :ARG0 (s34.p / person
                                           :mod (s34.c2 / continent
                                                        :name (s34.n / name
                                                                     :op1 "Africa"))
                                           :mod (s34.a2 / antiquity))
                              :ARG1 (s34.c / civilization))
                 :op2 (s34.t / testify-01
                             :ARG0 (s34.s2 / statue
                                           :ARG1-of (s34.s / stand-01
                                                           :mod (s34.s3 / still)
                                                           :time (s34.t2 / today))
                                           :poss s34.p)
                             :ARG1 (s34.g / great
                                          :domain s34.p)
                             :ARG1-of (s34.t3 / true-01)))
   :snt35 (s35.a4 / and
                  :op1 (s35.i2 / invent-01
                               :ARG1 (s35.a3 / alphabet)
                               :ARG1-of (s35.a / achieve-01
                                               :ARG0 (s35.h4 / humanity)
                                               :ARG1 (s35.t / thing
                                                            :ARG1-of (s35.h2 / have-degree-91
                                                                             :ARG2 (s35.g / great)
                                                                             :ARG3 (s35.m2 / most))
                                                            :ARG1-of (s35.a2 / achieve-01
                                                                             :ARG0 s35.h4))
                                               :ARG1-of (s35.h / have-degree-91
                                                               :ARG2 (s35.p / probable)
                                                               :ARG3 (s35.m / most))))
                  :op2 (s35.a5 / attribute-01
                               :ARG1 s35.i2
                               :ARG2 (s35.c2 / country
                                             :name (s35.n / name
                                                          :op1 "Mesopotamia"))
                               :ARG2 (s35.i3 / invent-01
                                             :ARG0 s35.c2
                                             :ARG1 (s35.c4 / cuneiform)
                                             :ARG2-of (s35.f2 / follow-01
                                                              :ARG1 (s35.p2 / pyramid
                                                                            :location (s35.c3 / country
                                                                                              :name (s35.n2 / name
                                                                                                            :op1 "Egypt"))))
                                             :time (s35.d / date-entity
                                                          :era "BC"
                                                          :year "1600")))
                  :op3 (s35.c / cast-01
                              :ARG1 (s35.s2 / story
                                            :topic s35.i2)
                              :ARG2 (s35.s / stone)
                              :ARG3 (s35.f / fact
                                           :mod (s35.h3 / history)))
                  :rel (s35.i / include-91
                              :ARG2 s35.t))
   :snt36 (s36.u2 / until
                  :domain (s36.t2 / that)
                  :op1 (s36.d2 / date-entity
                               :time-of (s36.d6 / discover-01
                                                :ARG0 (s36.p / person
                                                             :name (s36.n2 / name
                                                                           :op1 "John"
                                                                           :op2 "Coleman"
                                                                           :op3 "Darnell")
                                                             :ARG0-of (s36.h / have-org-role-91
                                                                             :ARG1 (s36.u / university
                                                                                          :name (s36.n / name
                                                                                                       :op1 "Yale"))
                                                                             :ARG2 (s36.p2 / professor))
                                                             :quant "1")
                                                :ARG1 (s36.t3 / thing
                                                              :ARG1-of (s36.i / insure-02)
                                                              :ARG1-of (s36.d / date-01
                                                                              :ARG2 (s36.b2 / between
                                                                                            :op1 (s36.d3 / date-entity
                                                                                                         :year (s36.a / B.C.)
                                                                                                         :year "1800")
                                                                                            :op2 (s36.d4 / date-entity
                                                                                                         :year "1900")
                                                                                            :time (s36.b / before
                                                                                                         :duration (s36.m / multiple
                                                                                                                          :op1 (s36.t / temporal-quantity
                                                                                                                                      :unit (s36.c / century)
                                                                                                                                      :quant "1"))
                                                                                                         :op1 (s36.c4 / country
                                                                                                                      :name (s36.n5 / name
                                                                                                                                    :op1 "Mesopotamia")
                                                                                                                      :same-as s35.c2))))
                                                              :mod (s36.t4 / this))
                                                :location (s36.d5 / desert
                                                                  :mod (s36.c2 / city
                                                                               :name (s36.n3 / name
                                                                                             :op1 "Thebes")
                                                                               :location (s36.l / Cliff
                                                                                                :consist-of (s36.l2 / limestone)
                                                                                                :location (s36.w / west
                                                                                                                 :part-of (s36.c3 / country
                                                                                                                                  :name (s36.n4 / name
                                                                                                                                                :op1 "Egypt")))))))
                               :year "1998"))
   :snt37 (s37.a2 / and
                  :op1 (s37.t / thing
                              :ARG1-of (s37.c / call-01
                                              :ARG1-of (s37.c2 / cause-01
                                                               :ARG0 (s37.p / place
                                                                            :location-of (s37.d2 / discover-01))))
                              :ARG1-of (s37.i2 / insure-02
                                               :same-as s36.i)
                              :mod (s37.t3 / this))
                  :op2 (s37.g / go-on-15
                              :ARG1 (s37.r2 / research-01)
                              :mod (s37.s2 / still))
                  :op3 (s37.c4 / contrast-01
                               :ARG1 (s37.d / decrypt-01
                                            :ARG1 s37.a2)
                               :ARG2 (s37.c3 / consensus
                                             :poss (s37.s / scholar)
                                             :topic (s37.a / alphabet
                                                           :ARG1-of (s37.r / real-04)
                                                           :domain (s37.t4 / this)
                                                           :ord (s37.o / ordinal-entity
                                                                       :value "1")
                                                           :poss (s37.h / humanity))))
                  :rel (s37.n / name
                              :op1 "Wadi"
                              :op2 "El-Shater")
                  :rel (s37.t2 / thing
                               :quant (s37.f / few)
                               :ARG1-of (s37.i / include-91
                                               :ARG2 s37.t)))
   :snt38 (s38.s / see-01
                 :ARG0 (s38.y / you)
                 :ARG1 (s38.c / chart
                              :ARG0-of (s38.s2 / show-01
                                               :ARG1 (s38.t / thing
                                                            :ARG0-of (s38.s4 / start-01
                                                                             :ARG1 (s38.a / and
                                                                                          :op1 (s38.l / letter
                                                                                                      :name (s38.n / name
                                                                                                                   :op1 "A"))
                                                                                          :op2 (s38.l2 / letter
                                                                                                       :location (s38.t2 / top))
                                                                                          :op3 (s38.s6 / string-entity
                                                                                                       :location (s38.m / middle)
                                                                                                       :value "bêt")
                                                                                          :op4 (s38.e / et-cetera)))
                                                            :ARG1-of (s38.d / decrypt-01
                                                                            :time (s38.s3 / so-far))))
                              :ARG1-of (s38.p / pale-03))
                 :location (s38.h / here)
                 :rel (s38.s5 / string-entity
                              :domain s38.l2
                              :value "ālep"))
   :snt39 (s39.t2 / time
                  :rel (s39.c2 / country
                               :name (s39.n3 / name
                                             :op1 "Senegal"))
                  :time-of (s39.r / read-01
                                  :ARG0 (s39.p / person
                                               :ARG0-of (s39.s2 / study-01
                                                                :ARG1 (s39.d / design-01))
                                               :location (s39.c / continent
                                                                :name (s39.n / name
                                                                             :op1 "Africa")
                                                                :same-as s2.c2))
                                  :ARG1 (s39.w2 / work-12
                                                :ARG0 (s39.t3 / tit
                                                              :example (s39.p2 / person
                                                                               :name (s39.n2 / name
                                                                                             :op1 "Cheikh"
                                                                                             :op2 "Anta"
                                                                                             :op3 "Diop")
                                                                               :ARG0-of (s39.v / validate-01
                                                                                               :ARG0 (s39.d2 / discover-01
                                                                                                             :mod (s39.t / this)
                                                                                                             :same-as s36.d6)
                                                                                               :ARG1 (s39.w / work-01
                                                                                                            :ARG0 s39.p2
                                                                                                            :mod (s39.s / seminal)
                                                                                                            :topic (s39.c3 / country
                                                                                                                           :name (s39.n4 / name
                                                                                                                                         :op1 "Egypt")
                                                                                                                           :same-as s35.c3))))))))
   :snt40 (s40.g / go-01
                 :ARG0-of (s40.e / encourage-01
                                 :ARG1 (s40.w / we)
                                 :ARG2 (s40.g2 / go-02
                                               :purpose (s40.a2 / and
                                                                :op1 (s40.i / inform-01
                                                                            :ARG0 s40.w
                                                                            :ARG1 (s40.p5 / present
                                                                                          :poss s40.w))
                                                                :op2 (s40.b / build-01
                                                                            :ARG0 s40.w
                                                                            :ARG2 (s40.f / future)
                                                                            :beneficiary (s40.a3 / and
                                                                                                 :op1 s40.w
                                                                                                 :op2 (s40.p4 / person
                                                                                                              :ARG0-of (s40.h / have-rel-role-91
                                                                                                                              :ARG1 s40.w
                                                                                                                              :ARG2 (s40.c / child))))))
                                               :ARG0 s40.w
                                               :ARG4 (s40.p / past)))
                 :ARG1 (s40.w2 / word
                               :mod (s40.l / last))
                 :ARG4 (s40.a / and
                              :instrument (s40.t / thing
                                                 :name (s40.n6 / name
                                                               :op1 "Sankofa")
                                                 :ARG1-of (s40.s / symbolize-01)
                                                 :mod (s40.r / river
                                                             :name (s40.n5 / name
                                                                           :op1 "Adinkra"))
                                                 :poss s40.a)
                              :op1 (s40.p2 / person
                                           :name (s40.n2 / name
                                                         :op1 "Marcus"
                                                         :op2 "Mosiah"
                                                         :op3 "Garvey")
                                           :ARG0-of (s40.l2 / lead-02)
                                           :mod (s40.c2 / country
                                                        :name (s40.n / name
                                                                     :op1 "Jamaica"))
                                           :mod (s40.g3 / great))
                              :op2 (s40.p3 / person
                                           :location (s40.c3 / country
                                                             :name (s40.n4 / name
                                                                           :op1 "Ghana")
                                                             :same-as s13.c)
                                           :mod (s40.e2 / ethnic-group
                                                        :name (s40.n3 / name
                                                                      :op1 "Akan")))))
   :snt41 (s41.t / time
                 :mod (s41.a / also)
                 :time-of (s41.s / stop-01
                                 :ARG0 (s41.p / person
                                              :ARG0-of (s41.d / design-01)
                                              :location (s41.c / continent
                                                               :name (s41.n / name
                                                                            :op1 "Africa")
                                                               :same-as s2.c2))
                                 :ARG1 (s41.l / look-01
                                              :ARG0 s41.p
                                              :ARG1 (s41.o / outside))))
   :snt42 (s42.h / have-concession-91
                 :ARG1 (s42.g / grasp-01
                              :ARG1 (s42.t2 / thing
                                            :ARG1-of (s42.l3 / look-01
                                                             :ARG0 (s42.t / they
                                                                          :same-as s41.p)))
                              :location (s42.w / within
                                               :mod (s42.r / right)
                                               :op1 s42.t)
                              :mod s42.r)
                 :ARG2 (s42.l2 / look-01
                               :ARG0 s42.t
                               :ARG1-of (s42.l / long-03)
                               :direction (s42.o / outward)))
   :snt43 (s43.t / thank-01
                 :ARG0 (s43.i / i)
                 :ARG1 (s43.y / you)
                 :mod (s43.m / much
                             :degree (s43.v / very))))

