# ::id doc-838
# ::doc_file doc-838
# ::tok http : / / www . ted . com / talks / judy_macdonald_johnston_prepare_for_a_good_end_of_life< / url> <next_sent> What would be a good end of life ? <next_sent> And I 'm talking about the very end . <next_sent> I 'm talking about dying . <next_sent> We all think a lot about how to live well . <next_sent> I 'd like to talk about increasing our chances of dying well . <next_sent> I 'm not a geriatrician . <next_sent> I design reading programs for preschoolers . <next_sent> What I know about this topic comes from a qualitative study with a sample size of two . <next_sent> In the last few years , I helped two friends have the end of life they wanted . <next_sent> Jim and Shirley Modini spent their 68 years of marriage living off the grid on their 1,700 - acre ranch in the mountains of Sonoma County . <next_sent> They kept just enough livestock to make ends meet so that the majority of their ranch would remain a refuge for the bears and lions and so many other things that lived there . <next_sent> This was their dream . <next_sent> I met Jim and Shirley in their 80s . <next_sent> They were both only children who chose not to have kids . <next_sent> As we became friends , I became their trustee and their medical advocate , but more importantly , I became the person who managed their end - of - life experiences . <next_sent> And we learned a few things about how to have a good end . <next_sent> In their final years , Jim and Shirley faced cancers , fractures , infections , neurological illness . <next_sent> It 's true . <next_sent> At the end , our bodily functions and independence are declining to zero . <next_sent> What we found is that , with a plan and the right people , quality of life can remain high . <next_sent> The beginning of the end is triggered by a mortality awareness event , and during this time , Jim and Shirley chose ACR nature preserves to take their ranch over when they were gone . <next_sent> This gave them the peace of mind to move forward . <next_sent> It might be a diagnosis . <next_sent> It might be your intuition . <next_sent> But one day , you 're going to say , " This thing is going to get me . " <next_sent> Jim and Shirley spent this time letting friends know that their end was near and that they were okay with that . <next_sent> Dying from cancer and dying from neurological illness are different . <next_sent> In both cases , last days are about quiet reassurance . <next_sent> Jim died first . <next_sent> He was conscious until the very end , but on his last day he could n't talk . <next_sent> Through his eyes , we knew when he needed to hear again , " It is all set , Jim . <next_sent> We 're going to take care of Shirley right here at the ranch , and ACR 's going to take care of your wildlife forever . " <next_sent> From this experience I 'm going to share five practices . <next_sent> I 've put worksheets online , so if you 'd like , you can plan your own end . <next_sent> It starts with a plan . <next_sent> Most people say , " I 'd like to die at home . " <next_sent> Eighty percent of Americans die in a hospital or a nursing home . <next_sent> Saying we 'd like to die at home is not a plan . <next_sent> A lot of people say , " If I get like that , just shoot me . " <next_sent> This is not a plan either ; <next_sent> this is illegal . <next_sent> A plan involves answering straightforward questions about the end you want . <next_sent> Where do you want to be when you 're no longer independent ? <next_sent> What do you want in terms of medical intervention ? <next_sent> And who 's going to make sure your plan is followed ? <next_sent> You will need advocates . <next_sent> Having more than one increases your chance of getting the end you want . <next_sent> Do n't assume the natural choice is your spouse or child . <next_sent> You want someone who has the time and proximity to do this job well , and you want someone who can work with people under the pressure of an ever - changing situation . <next_sent> Hospital readiness is critical . <next_sent> You are likely to be headed to the emergency room , and you want to get this right . <next_sent> Prepare a one - page summary of your medical history , medications and physician information . <next_sent> Put this in a really bright envelope with copies of your insurance cards , your power of attorney , and your do - not - resuscitate order . <next_sent> Have advocates keep a set in their car . <next_sent> Tape a set to your refrigerator . <next_sent> When you show up in the E.R. with this packet , your admission is streamlined in a material way . <next_sent> You 're going to need caregivers . <next_sent> You 'll need to assess your personality and financial situation to determine whether an elder care community or staying at home is your best choice . <next_sent> In either case , do not settle . <next_sent> We went through a number of not - quite - right caregivers before we found the perfect team led by Marsha , who wo n't let you win at bingo just because you 're dying but will go out and take videos of your ranch for you when you ca n't get out there , and Caitlin , who wo n't let you skip your morning exercises but knows when you need to hear that your wife is in good hands . <next_sent> Finally , last words . <next_sent> What do you want to hear at the very end , and from whom would you like to hear it ? <next_sent> In my experience , you 'll want to hear that whatever you 're worried about is going to be fine . <next_sent> When you believe it 's okay to let go , you will . <next_sent> So , this is a topic that normally inspires fear and denial . <next_sent> What I 've learned is if we put some time into planning our end of life , we have the best chance of maintaining our quality of life . <next_sent> Here are Jim and Shirley just after deciding who would take care of their ranch . <next_sent> Here 's Jim just a few weeks before he died , celebrating a birthday he did n't expect to see . <next_sent> And here 's Shirley just a few days before she died being read an article in that day 's paper about the significance of the wildlife refuge at the Modini ranch . <next_sent> Jim and Shirley had a good end of life , and by sharing their story with you , I hope to increase our chances of doing the same . <next_sent> Thank you .
(d / document
   :snt1 (s1.u / url-entity
               :topic (s1.t / talk-01
                            :ARG0 (s1.p / person
                                        :name (s1.n / name
                                                    :op1 "ossobuco"))))
   :snt2 (s2.e / end-01
               :ARG1 (s2.l / live-01)
               :ARG1-of (s2.g / good-02)
               :ARG2 (s2.a / amr-unknown))
   :snt3 (s3.a / and
               :op2 (s3.t / talk-01
                          :ARG0 (s3.i / i)
                          :ARG1 (s3.e / end-01
                                      :mod (s3.v / very))))
   :snt4 (s4.t / talk-01
               :ARG0 (s4.i / i
                           :same-as s3.i)
               :ARG1 (s4.d / die-01))
   :snt5 (s5.t2 / think-01
                :quant (s5.l2 / lot)
                :ARG0 (s5.w / we
                            :mod (s5.a / all))
                :ARG1 (s5.t / thing
                            :manner-of (s5.l / live-01
                                             :ARG0 s5.w
                                             :ARG1-of (s5.w2 / well-09))))
   :snt6 (s6.l / like-02
               :ARG0 (s6.i / i
                           :same-as s3.i)
               :ARG1 (s6.t / talk-01
                           :ARG0 s6.i
                           :ARG1 (s6.i2 / increase-01
                                        :ARG1 (s6.c / chance-02
                                                    :ARG0 (s6.w / we)
                                                    :ARG1 (s6.d / die-01
                                                                :ARG1 s6.w
                                                                :ARG1-of (s6.w2 / well-09))))))
   :snt7 (s7.g / geriatrician
               :domain (s7.i / i
                             :same-as s3.i)
               :polarity "-")
   :snt8 (s8.d / design-01
               :ARG0 (s8.i / i
                           :same-as s3.i)
               :ARG1 (s8.p / program
                           :purpose (s8.r / read-01)
                           :beneficiary (s8.i2 / infant)))
   :snt9 (s9.c / come-03
               :ARG1 (s9.t / thing
                           :ARG1-of (s9.k / know-01
                                          :ARG0 (s9.i / i
                                                      :same-as s3.i))
                           :topic (s9.t3 / topic
                                         :mod (s9.t2 / this)
                                         :same-as s6.i2))
               :ARG2 (s9.s3 / study-01
                            :ARG2-of (s9.s2 / size-01
                                            :ARG1 (s9.s / sample
                                                        :quant "2"))
                            :mod (s9.q / qualitative)))
   :snt10 (s10.h2 / help-01
                  :ARG0 (s10.i / i
                               :same-as s3.i)
                  :ARG1 (s10.e / end-01
                               :ARG0 (s10.p / person
                                            :ARG0-of (s10.h / have-rel-role-91
                                                            :ARG1 s10.i
                                                            :ARG2 (s10.f2 / friend))
                                            :quant "2")
                               :ARG1 (s10.l / life)
                               :ARG1-of (s10.w / want-01
                                               :ARG0 s10.p))
                  :ARG2 s10.p
                  :time (s10.b / before
                               :duration (s10.f / few
                                                :op1 (s10.t / temporal-quantity
                                                            :unit (s10.y / year)
                                                            :quant "1"))
                               :op1 (s10.n / now)))
   :snt11 (s11.s / spend-02
                 :ARG0 (s11.a2 / and
                               :op1 (s11.p / person
                                           :name (s11.n / name
                                                        :op1 "Jim"
                                                        :op2 "Modini"))
                               :op2 (s11.p2 / person
                                            :name (s11.n2 / name
                                                          :op1 "Shirley"
                                                          :op2 "Modini"))
                               :same-as s10.p)
                 :ARG1 (s11.t / temporal-quantity
                              :duration-of (s11.m / marry-01
                                                  :ARG1 s11.p2)
                              :unit (s11.y / year)
                              :quant "68")
                 :ARG2 (s11.l / live-01
                              :ARG0 s11.a2
                              :location (s11.r / ranch
                                               :location (s11.m2 / mountain
                                                                 :part-of (s11.c / county
                                                                                 :name (s11.n3 / name
                                                                                               :op1 "Sonoma"
                                                                                               :op2 "County")))
                                               :mod (s11.a3 / area-quantity
                                                            :unit (s11.a / acre)
                                                            :quant "1700")
                                               :poss s11.a2)
                              :manner (s11.o / off
                                             :op1 (s11.g / grid))))
   :snt12 (s12.k / keep-01
                 :ARG0 (s12.t / they
                              :same-as s10.p)
                 :ARG0-of (s12.c / cause-01
                                 :ARG1 (s12.r3 / remain-01
                                               :ARG1 (s12.r / ranch
                                                            :quant (s12.m / majority)
                                                            :poss s12.t
                                                            :same-as s11.r)
                                               :ARG3 (s12.r2 / refuge
                                                             :beneficiary (s12.a / and
                                                                                 :op1 (s12.b / bear)
                                                                                 :op2 (s12.l / lion)
                                                                                 :op3 (s12.t2 / thing
                                                                                              :ARG0-of (s12.l2 / live-01
                                                                                                               :location s12.r)
                                                                                              :ARG1-of (s12.h2 / have-quant-91
                                                                                                               :ARG2 (s12.m3 / many)
                                                                                                               :ARG3 (s12.s / so))
                                                                                              :mod (s12.o / other))))))
                 :ARG1 (s12.l3 / livestock
                               :ARG1-of (s12.h / have-quant-91
                                               :ARG3 (s12.e2 / enough
                                                             :mod (s12.j / just))
                                               :ARG6 (s12.m2 / make-02
                                                             :ARG0 s12.t
                                                             :ARG1 (s12.m4 / meet-03
                                                                           :ARG0 (s12.e / end))))))
   :snt13 (s13.d / dream-01
                 :ARG0 (s13.t / they
                              :same-as s10.p)
                 :ARG1 (s13.t2 / this
                               :same-as s12.r3))
   :snt14 (s14.m / meet-02
                 :ARG0 (s14.i / i
                              :same-as s3.i)
                 :ARG1 (s14.a / and
                              :age (s14.b / between
                                          :op1 (s14.t / temporal-quantity
                                                      :unit (s14.y / year)
                                                      :quant "80")
                                          :op2 (s14.t2 / temporal-quantity
                                                       :unit (s14.y2 / year)
                                                       :quant "89"))
                              :op1 (s14.p / person
                                          :name (s14.n / name
                                                       :op1 "Jim"))
                              :op2 (s14.p2 / person
                                           :name (s14.n2 / name
                                                         :op1 "Shirley")
                                           :same-as s10.p)))
   :snt15 (s15.c / child
                 :ARG0-of (s15.c2 / choose-01
                                  :ARG1 (s15.h / have-05
                                               :ARG1 (s15.k / kid)
                                               :polarity "-"))
                 :domain (s15.t / they
                                :mod (s15.b / both)
                                :same-as s10.p)
                 :mod (s15.o / only)
                 :ARG0-of s15.h)
   :snt16 (s16.c / contrast-01
                 :ARG1 (s16.b / become-01
                              :ARG1 (s16.i / i
                                           :same-as s3.i)
                              :ARG2 (s16.a2 / and
                                            :op2 (s16.p / person
                                                        :ARG0-of (s16.a / advocate-01
                                                                        :ARG0 s16.i
                                                                        :ARG1 (s16.t / they
                                                                                     :ARG2 (s16.t3 / trustee)
                                                                                     :same-as s10.p)
                                                                        :mod (s16.m2 / medicine))))
                              :op1-of s16.a2
                              :time (s16.h2 / have-rel-role-91
                                            :ARG1 s16.t))
                 :ARG2 (s16.b2 / become-01
                               :ARG1 s16.i
                               :ARG1-of (s16.h / have-degree-91
                                               :ARG2 (s16.i2 / important-01
                                                             :ARG1 s16.b2)
                                               :ARG3 (s16.m3 / more))
                               :ARG2 (s16.p2 / person
                                             :ARG0-of (s16.m / manage-01
                                                             :ARG1 (s16.t2 / thing
                                                                           :ARG1-of (s16.e2 / experience-01
                                                                                            :ARG0 s16.t
                                                                                            :mod (s16.l / live-01
                                                                                                        :ARG1-of (s16.e / end-01)))))))
                 :rel (s16.h3 / have-rel-role-91
                              :ARG0 s16.i
                              :ARG1 s16.t
                              :ARG2 (s16.f / friend)))
   :snt17 (s17.a / and
                 :op2 (s17.l / learn-01
                             :ARG0 (s17.w / we)
                             :ARG1 (s17.t / thing
                                          :quant (s17.f / few)
                                          :topic (s17.t2 / thing
                                                         :manner-of (s17.h / have-03
                                                                           :ARG0 s17.w
                                                                           :ARG1 (s17.e / end
                                                                                        :ARG1-of (s17.g / good-02)))))))
   :snt18 (s18.f / face-01
                 :ARG0 (s18.a / and
                              :op1 (s18.p / person
                                          :name (s18.n / name
                                                       :op1 "Jim"))
                              :op2 (s18.p2 / person
                                           :name (s18.n2 / name
                                                         :op1 "Shirley"))
                              :same-as s10.p)
                 :ARG1 (s18.a3 / and
                               :op1 (s18.c / cancer)
                               :op2 (s18.f3 / fracture-01
                                            :ARG1 s18.a)
                               :op3 (s18.i2 / infect-01
                                            :ARG1 s18.a)
                               :op4 (s18.i / ill-01
                                           :ARG1 (s18.a2 / and
                                                         :op1 s18.p
                                                         :op2 s18.p2)
                                           :ARG2 (s18.n3 / neurology)))
                 :time (s18.y / year
                              :mod (s18.f2 / final)))
   :snt19 (s19.t / true-01
                 :ARG1 (s19.i / it))
   :snt20 (s20.d / decline-01
                 :ARG1 (s20.a / and
                              :op1 (s20.f / function-01
                                          :ARG0 (s20.w / we)
                                          :ARG1 (s20.b / body))
                              :op2 (s20.d2 / depend-01
                                           :ARG0 s20.w
                                           :polarity "-"))
                 :ARG4 (s20.z / zero)
                 :time (s20.e / end-01))
   :snt21 (s21.f / find-01
                 :ARG0 (s21.w / we)
                 :ARG1 (s21.p3 / possible-01
                               :ARG1 (s21.r / remain-01
                                            :ARG1 (s21.q / quality
                                                         :poss (s21.l / live-01))
                                            :ARG3 (s21.h / high-02
                                                         :ARG1 s21.l))
                               :condition (s21.a / and
                                                 :op1 (s21.p2 / plan-01)
                                                 :op2 (s21.p / person
                                                             :ARG1-of (s21.r2 / right-03)))))
   :snt22 (s22.a / and
                 :op1 (s22.t4 / trigger-01
                              :ARG0 (s22.e2 / event
                                            :mod (s22.r2 / realize-01
                                                         :ARG1 (s22.m / mortality)))
                              :ARG1 (s22.b / begin-01
                                           :ARG1 (s22.e / end)))
                 :op2 (s22.c / choose-01
                             :purpose (s22.t / take-over-12
                                             :ARG0 (s22.a3 / and
                                                           :op1 (s22.p / person
                                                                       :name (s22.n / name
                                                                                    :op1 "Jim"))
                                                           :op2 (s22.p2 / person
                                                                        :name (s22.n2 / name
                                                                                      :op1 "Shirley")))
                                             :ARG1 (s22.r / ranch-01
                                                          :ARG0 s22.a3
                                                          :same-as s11.r)
                                             :time (s22.g / go-02
                                                          :ARG0 s22.a3))
                             :ARG0 (s22.a2 / and
                                           :op1 s22.p
                                           :op2 s22.p2
                                           :same-as s10.p)
                             :ARG1 (s22.p3 / preserve-01
                                           :name (s22.n3 / name
                                                         :op1 "ACR")
                                           :mod (s22.n4 / nature))
                             :time (s22.t3 / time
                                           :mod (s22.t2 / this))))
   :snt23 (s23.g / give-01
                 :ARG0 (s23.t2 / this
                               :same-as s22.c)
                 :ARG1 (s23.p / peace
                              :purpose (s23.m2 / move-01
                                               :ARG0 (s23.t / they
                                                            :same-as s10.p)
                                               :ARG2 (s23.f / forward))
                              :mod (s23.m / mind))
                 :ARG2 s23.t)
   :snt24 (s24.p / possible-01
                 :ARG1 (s24.d / diagnose-01
                              :ARG0 (s24.i / it)))
   :snt25 (s25.p / possible-01
                 :ARG1 (s25.i / intuition
                              :poss (s25.y / you)))
   :snt26 (s26.c / contrast-01
                 :ARG2 (s26.s / say-01
                              :ARG0 (s26.y / you)
                              :ARG1 (s26.g / get-01
                                           :ARG0 (s26.t / thing
                                                        :mod (s26.t2 / this))
                                           :ARG1 s26.y)
                              :time (s26.d / day
                                           :mod (s26.o / one))))
   :snt27 (s27.s / spend-02
                 :ARG0 (s27.a / and
                              :op1 (s27.p / person
                                          :name (s27.n / name
                                                       :op1 "Jim"))
                              :op2 (s27.p2 / person
                                           :name (s27.n2 / name
                                                         :op1 "Shirley"))
                              :same-as s10.p)
                 :ARG1 (s27.t2 / time
                               :mod (s27.t / this))
                 :ARG2 (s27.l / let-know-07
                              :ARG0 s27.a
                              :ARG1 (s27.p3 / person
                                            :ARG0-of (s27.h / have-rel-role-91
                                                            :ARG1 s27.a
                                                            :ARG2 (s27.f / friend)))
                              :ARG2 (s27.a2 / and
                                            :op1 (s27.n3 / near-02
                                                         :ARG1 (s27.e / end
                                                                      :poss s27.a))
                                            :op2 (s27.o / okay-01
                                                        :ARG0 s27.p3
                                                        :ARG1 s27.n3))))
   :snt28 (s28.d3 / differ-02
                  :ARG1 (s28.a / and
                               :op1 (s28.d4 / disease
                                            :name (s28.n / name
                                                         :op1 "cancer"))
                               :op2 (s28.d2 / die-01))
                  :rel (s28.d / die-01
                              :ARG1-of (s28.c / cause-01
                                              :ARG0 s28.d4))
                  :rel (s28.i / ill-01
                              :mod (s28.n2 / neurology)))
   :snt29 (s29.c2 / concern-02
                  :ARG0 (s29.d / day
                               :mod (s29.l / last))
                  :ARG1 (s29.r / reassure-01
                               :ARG1-of (s29.q / quiet-04))
                  :prep-in (s29.c / case-04
                                  :mod (s29.b / both)))
   :snt30 (s30.d / die-01
                 :ARG1 (s30.p / person
                              :name (s30.n / name
                                           :op1 "Jim"))
                 :ord (s30.o / ordinal-entity
                             :value "1"))
   :snt31 (s31.c2 / contrast-01
                  :ARG1 (s31.c / conscious
                               :domain (s31.h / he)
                               :time (s31.u / until
                                            :op1 (s31.e / end-01
                                                        :mod (s31.v / very)
                                                        :same-as s3.e)))
                  :ARG2 (s31.p / possible-01
                               :ARG1 (s31.t / talk-01
                                            :ARG0 s31.h)
                               :time (s31.d / day
                                            :mod (s31.l / last)
                                            :poss s31.h)
                               :polarity "-"))
   :snt32 (s32.k / know-01
                 :ARG0 (s32.w / we)
                 :manner (s32.e / eye)
                 :rel (s32.n / name
                             :op1 "Jim")
                 :time (s32.n2 / need-01
                               :ARG0 (s32.h / he
                                            :part s32.e)
                               :ARG1 (s32.h2 / hear-01
                                             :ARG0 s32.h
                                             :ARG1 (s32.s2 / set-02
                                                           :ARG1-of (s32.s / say-01
                                                                           :ARG0 s32.w
                                                                           :ARG2 s32.h)
                                                           :mod (s32.a2 / all))
                                             :mod (s32.a / again))))
   :snt33 (s33.a / and
                 :op1 (s33.c / care-03
                             :ARG0 (s33.w / we)
                             :ARG1 (s33.p / person
                                          :name (s33.n / name
                                                       :op1 "Shirley")
                                          :same-as s11.p2)
                             :location (s33.h / here
                                              :location (s33.r / ranch-01
                                                               :same-as s11.r)
                                              :mod (s33.r2 / right)))
                 :op2 (s33.c2 / care-03
                              :ARG0 (s33.p2 / person
                                            :name (s33.n2 / name
                                                          :op1 "ACR")
                                            :same-as s22.p3)
                              :ARG1 (s33.w2 / wildlife
                                            :poss (s33.y / you))
                              :duration (s33.f / forever)))
   :snt34 (s34.s / share-01
                 :ARG0 (s34.i / i
                              :same-as s3.i)
                 :ARG1 (s34.p / practice-01
                              :quant "5")
                 :source (s34.t / thing
                                :ARG1-of (s34.e / experience-01
                                                :ARG0 s34.i)
                                :mod (s34.t2 / this)))
   :snt35 (s35.p3 / put-01
                  :ARG0 (s35.i / i
                               :same-as s3.i)
                  :ARG0-of (s35.c / cause-01
                                  :ARG1 (s35.p2 / possible-01
                                                :ARG1 (s35.p / plan-01
                                                             :ARG0 (s35.y / you)
                                                             :ARG1 (s35.e / end
                                                                          :poss s35.y))
                                                :condition (s35.l / like-02
                                                                  :ARG0 s35.y
                                                                  :ARG1 s35.p)))
                  :ARG1 (s35.s / study)
                  :ARG2 (s35.o / online))
   :snt36 (s36.s / start-01
                 :ARG1 (s36.i / it
                              :same-as s35.e)
                 :ARG2 (s36.p / plan-01))
   :snt37 (s37.s / say-01
                 :ARG0 (s37.p / person
                              :mod (s37.m / most))
                 :ARG1 (s37.l / like-02
                              :ARG0 s37.p
                              :ARG1 (s37.d / die-01
                                           :ARG1 s37.p
                                           :location (s37.h / home))))
   :snt38 (s38.d / die-01
                 :ARG1 (s38.p2 / person
                               :ARG1-of (s38.i / include-91
                                               :ARG2 (s38.p3 / person
                                                             :mod (s38.c / country
                                                                         :name (s38.n / name
                                                                                      :op1 "America")))
                                               :ARG3 (s38.p / percentage-entity
                                                            :value "80")))
                 :location (s38.o / or
                                  :op1 (s38.h2 / hospital)
                                  :op2 (s38.h / home
                                              :mod (s38.n2 / nurse-01))))
   :snt39 (s39.p / plan-01
                 :ARG1 (s39.s / say-01
                              :ARG0 (s39.w / we
                                           :same-as s38.p2)
                              :ARG1 (s39.l / like-02
                                           :ARG0 s39.w
                                           :ARG1 (s39.d / die-01
                                                        :ARG1 s39.w
                                                        :location (s39.h / home))))
                 :polarity "-")
   :snt40 (s40.s / say-01
                 :ARG0 (s40.p / person
                              :quant (s40.l / lot))
                 :ARG1 (s40.s2 / shoot-02
                               :ARG0 (s40.y / you)
                               :ARG1 (s40.i / i
                                            :same-as s40.p)
                               :condition (s40.g / get-03
                                                 :ARG1 s40.i
                                                 :ARG2 (s40.r / resemble-01
                                                              :ARG1 s40.i
                                                              :ARG2 (s40.t / that)))
                               :mod (s40.j / just)
                               :mode "imperative"))
   :snt41 (s41.p / plan-01
                 :ARG1 (s41.t / this)
                 :mod (s41.e / either)
                 :polarity "-")
   :snt42 (s42.l / legal-02
                 :ARG1 (s42.t / this
                              :same-as s41.t)
                 :polarity "-")
   :snt43 (s43.i / involve-01
                 :ARG1 (s43.a / answer-01
                              :ARG1 (s43.q / question-01
                                           :ARG1 (s43.e / end
                                                        :ARG1-of (s43.w / want-01
                                                                        :ARG0 (s43.y / you)))
                                           :mod (s43.s / straightforward)))
                 :ARG2 (s43.p / plan))
   :snt44 (s44.w / want-01
                 :ARG0 (s44.y / you)
                 :ARG1 (s44.b / be-located-at-91
                              :ARG1 s44.y
                              :ARG2 (s44.a / amr-unknown))
                 :time (s44.d / depend-01
                              :ARG0 s44.y
                              :time (s44.n / no-longer)
                              :polarity "-"))
   :snt45 (s45.w / want-01
                 :ARG0 (s45.y / you)
                 :ARG1 (s45.a / amr-unknown)
                 :topic (s45.i / intervene-01
                               :mod (s45.m / medicine)))
   :snt46 (s46.a2 / and
                  :op2 (s46.e / ensure-01
                              :ARG0 (s46.a / amr-unknown)
                              :ARG1 (s46.f / follow-02
                                           :ARG1 (s46.p / plan-01
                                                        :ARG0 (s46.y / you)))))
   :snt47 (s47.n / need-01
                 :ARG0 (s47.y / you)
                 :ARG1 (s47.p / person
                              :ARG0-of (s47.a / advocate-01)))
   :snt48 (s48.i / increase-01
                 :ARG0 (s48.h / have-03
                              :ARG0 (s48.y / you)
                              :ARG1 (s48.m / more-than
                                           :op1 (s48.o / one)))
                 :ARG1 (s48.c / chance-02
                              :ARG0 s48.y
                              :ARG1 (s48.g / get-01
                                           :ARG0 s48.y
                                           :ARG1 (s48.e / end
                                                        :ARG1-of (s48.w / want-01
                                                                        :ARG0 s48.y)))))
   :snt49 (s49.a / assume-02
                 :ARG0 (s49.y / you)
                 :ARG1 (s49.t / thing
                              :ARG1-of (s49.n / natural-02)
                              :ARG1-of (s49.c2 / choose-01
                                               :ARG0 s49.y)
                              :domain (s49.o / or
                                             :op1 (s49.p / person
                                                         :ARG0-of (s49.h / have-rel-role-91
                                                                         :ARG1 s49.y
                                                                         :ARG2 (s49.s / spouse)))
                                             :op2 (s49.p2 / person
                                                          :ARG0-of (s49.h2 / have-rel-role-91
                                                                           :ARG1 s49.y
                                                                           :ARG2 (s49.c / child)))))
                 :mode "imperative"
                 :polarity "-")
   :snt50 (s50.a2 / and
                  :op1 (s50.w / want-01
                              :ARG0 (s50.y / you)
                              :ARG1 (s50.s2 / someone
                                            :ARG0-of (s50.h / have-03
                                                            :ARG1 (s50.a / and
                                                                         :purpose (s50.d / do-02
                                                                                         :ARG0 s50.s2
                                                                                         :ARG1 (s50.j / job
                                                                                                      :mod (s50.t / this))
                                                                                         :ARG1-of (s50.w3 / well-09))
                                                                         :op1 (s50.t2 / time)
                                                                         :op2 (s50.c2 / close-10
                                                                                      :ARG1 s50.s2)))))
                  :op2 (s50.w2 / want-01
                               :ARG0 s50.y
                               :ARG1 (s50.s3 / someone
                                             :ARG0-of (s50.w4 / work-01
                                                              :ARG1-of (s50.p2 / possible-01)
                                                              :ARG1-of (s50.p3 / pressure-01
                                                                               :ARG0 (s50.s / situation
                                                                                            :ARG1-of (s50.c / change-01
                                                                                                            :time (s50.e / ever))))
                                                              :ARG3 (s50.p / person)))))
   :snt51 (s51.c / critical-02
                 :ARG1 (s51.r / ready-02
                              :ARG2 (s51.h / hospital)))
   :snt52 (s52.a / and
                 :op1 (s52.l / likely-01
                             :ARG1 (s52.h / head-02
                                          :ARG0 (s52.y / you)
                                          :ARG1 (s52.r2 / room
                                                        :mod (s52.e / emergency))))
                 :op2 (s52.w / want-01
                             :ARG0 s52.y
                             :ARG1 (s52.g / get-04
                                          :ARG0 s52.y
                                          :ARG1 (s52.r / right-01
                                                       :ARG0 s52.y
                                                       :ARG1 (s52.t / this)))))
   :snt53 (s53.p3 / prepare-01
                  :ARG0 (s53.y / you)
                  :ARG1 (s53.s / summarize-01
                               :ARG1 (s53.a / and
                                            :op1 (s53.h / history
                                                        :mod (s53.m2 / medicine)
                                                        :poss s53.y)
                                            :op2 (s53.m / medication
                                                        :poss s53.y)
                                            :op3 (s53.i / information
                                                        :mod (s53.p2 / physician)
                                                        :poss s53.y))
                               :ARG2 (s53.p / page
                                            :quant "1"))
                  :mode "imperative")
   :snt54 (s54.p3 / put-01
                  :ARG0 (s54.y / you)
                  :ARG1 (s54.t / this
                               :same-as s53.s)
                  :ARG2 (s54.e / envelope
                               :ARG1-of (s54.b / bright-02
                                               :degree (s54.r / really))
                               :ARG2-of (s54.c2 / copy-01
                                                :ARG1 (s54.a / and
                                                             :op1 (s54.c / card
                                                                         :mod (s54.i / insure-02
                                                                                     :ARG3 s54.y))
                                                             :op2 (s54.p2 / power-01
                                                                          :ARG1 s54.y
                                                                          :ARG2 (s54.p / person
                                                                                       :ARG0-of (s54.h / have-rel-role-91
                                                                                                       :ARG1 s54.y
                                                                                                       :ARG2 (s54.a2 / attorney))))
                                                             :op3 (s54.o / order-01
                                                                         :ARG1 s54.y
                                                                         :ARG2 (s54.r2 / resuscitate-01
                                                                                       :ARG0 s54.y
                                                                                       :mode "imperative"
                                                                                       :polarity "-")))))
                  :mode "imperative")
   :snt55 (s55.h / have-04
                 :ARG1 (s55.k / keep-01
                              :ARG0 (s55.p / person
                                           :ARG0-of (s55.a / advocate-01))
                              :ARG1 (s55.s / set)
                              :location (s55.c / car
                                               :poss s55.p)))
   :snt56 (s56.t / tape-02
                 :ARG0 (s56.y / you)
                 :ARG1 (s56.s / set)
                 :location (s56.r / refrigerator
                                  :poss s56.y)
                 :mode "imperative")
   :snt57 (s57.s2 / streamline-01
                  :ARG1 (s57.a / admit-02
                               :ARG2 (s57.y / you))
                  :manner (s57.m / material)
                  :time (s57.s / show-up-02
                               :ARG1 s57.y
                               :accompanier (s57.p / packet
                                                   :mod (s57.t / this)
                                                   :same-as s53.s)
                               :location (s57.r / room
                                                :mod (s57.e / emergency))))
   :snt58 (s58.n / need-01
                 :ARG0 (s58.y / you)
                 :ARG1 (s58.p / person
                              :ARG0-of (s58.c / care-03)))
   :snt59 (s59.n / need-01
                 :ARG0 (s59.y / you)
                 :ARG1 (s59.a2 / assess-01
                               :purpose (s59.d / determine-01
                                               :ARG0 s59.y
                                               :ARG1 (s59.c2 / choose-01
                                                             :ARG0 s59.y
                                                             :ARG1 (s59.o / or
                                                                          :op1 (s59.c3 / community
                                                                                       :ARG0-of (s59.c / care-03
                                                                                                       :mod (s59.e / elder)))
                                                                          :op2 (s59.s2 / stay-01
                                                                                       :ARG1 s59.y
                                                                                       :location (s59.h2 / home)))
                                                             :ARG1-of (s59.h / have-degree-91
                                                                             :ARG2 (s59.g / good-02
                                                                                          :ARG1 s59.c2)
                                                                             :ARG3 (s59.m / most))))
                               :ARG0 s59.y
                               :ARG1 (s59.a / and
                                            :op1 (s59.p / personality
                                                        :poss s59.y)
                                            :op2 (s59.s / situation
                                                        :mod (s59.f / finance)
                                                        :poss s59.y))))
   :snt60 (s60.s / settle-02
                 :ARG0 (s60.y / you)
                 :condition (s60.c / case-04
                                   :mod (s60.e / either))
                 :mode "imperative"
                 :polarity "-")
   :snt61 (s61.g3 / go-through-20
                  :ARG0 (s61.w / we)
                  :ARG1 (s61.n4 / number
                                :quant-of (s61.p2 / person
                                                  :ARG0-of (s61.c / care-03)
                                                  :ARG1-of (s61.r2 / right-03
                                                                   :degree (s61.q / quite)
                                                                   :polarity "-")))
                  :time (s61.b / before
                               :op1 (s61.f / find-01
                                           :ARG0 s61.w
                                           :ARG1 (s61.t2 / team
                                                         :ARG1-of (s61.p / perfect-02)
                                                         :ARG1-of (s61.l / lead-02
                                                                         :ARG2 (s61.a2 / and
                                                                                       :op1 (s61.p3 / person
                                                                                                    :name (s61.n / name
                                                                                                                 :op1 "Marsha")
                                                                                                    :ARG0-of (s61.l2 / let-01
                                                                                                                     :ARG1 (s61.w3 / win-01
                                                                                                                                   :ARG0 (s61.y / you)
                                                                                                                                   :ARG1-of (s61.c2 / cause-01
                                                                                                                                                    :ARG0 (s61.d2 / die-01
                                                                                                                                                                  :ARG1 s61.y)
                                                                                                                                                    :mod (s61.j / just))
                                                                                                                                   :ARG2 (s61.b2 / bingo))
                                                                                                                     :ARG1-of (s61.c3 / contrast-01
                                                                                                                                      :ARG2 (s61.a / and
                                                                                                                                                   :op1 (s61.g2 / go-out-17
                                                                                                                                                                :ARG0 s61.p3)
                                                                                                                                                   :op2 (s61.t / take-01
                                                                                                                                                               :ARG0 s61.p3
                                                                                                                                                               :ARG1 (s61.v / video
                                                                                                                                                                            :topic (s61.r / ranch
                                                                                                                                                                                          :poss s61.y)))
                                                                                                                                                   :time (s61.p6 / possible-01
                                                                                                                                                                 :ARG1 (s61.g / get-05
                                                                                                                                                                              :ARG1 s61.y
                                                                                                                                                                              :ARG2 (s61.o / out-there))
                                                                                                                                                                 :polarity "-")))
                                                                                                                     :polarity "-"))
                                                                                       :op2 (s61.p4 / person
                                                                                                    :name (s61.n2 / name
                                                                                                                  :op1 "Caitlin")
                                                                                                    :ARG0-of (s61.l3 / let-01
                                                                                                                     :ARG1 (s61.s / skip-01
                                                                                                                                  :ARG0 s61.y
                                                                                                                                  :ARG1 (s61.e / exercise-02
                                                                                                                                               :ARG0 s61.y
                                                                                                                                               :time (s61.d / date-entity
                                                                                                                                                            :dayperiod (s61.m / morning))))
                                                                                                                     :polarity "-")
                                                                                                    :ARG0-of (s61.k / know-01
                                                                                                                    :time (s61.n3 / need-01
                                                                                                                                  :ARG0 s61.y
                                                                                                                                  :ARG1 (s61.h2 / hear-01
                                                                                                                                                :ARG0 s61.y
                                                                                                                                                :ARG1 (s61.i / in-ones-hands-04
                                                                                                                                                             :ARG1 (s61.p5 / person
                                                                                                                                                                           :ARG0-of (s61.h / have-rel-role-91
                                                                                                                                                                                           :ARG1 s61.y
                                                                                                                                                                                           :ARG2 (s61.w2 / wife)))
                                                                                                                                                             :ARG1-of (s61.g4 / good-02))))))))))))
   :snt62 (s62.w / word
                 :mod (s62.l / last)
                 :mod (s62.f / final))
   :snt63 (s63.a3 / and
                  :op1 (s63.w / want-01
                              :ARG0 (s63.y / you
                                           :same-as s3.i)
                              :ARG1 (s63.h / hear-01
                                           :ARG0 s63.y
                                           :ARG1 (s63.a / amr-unknown)
                                           :time (s63.e / end
                                                        :mod (s63.v / very))))
                  :op2 (s63.l / like-02
                              :ARG0 s63.y
                              :ARG1 (s63.h2 / hear-01
                                            :ARG0 s63.y
                                            :ARG1 s63.a
                                            :ARG2 (s63.a2 / amr-unknown))))
   :snt64 (s64.e / experience-01
                 :ARG0 (s64.i / i
                              :same-as s3.i)
                 :ARG1 (s64.w / want-01
                              :ARG0 (s64.y / you)
                              :ARG1 (s64.h / hear-01
                                           :ARG0 s64.y
                                           :ARG1 (s64.f / fine-04
                                                        :ARG1 (s64.w2 / whatever
                                                                      :ARG0-of (s64.w3 / worry-01
                                                                                       :ARG1 s64.y))))))
   :snt65 (s65.d / do-02
                 :ARG0 (s65.y / you)
                 :ARG1 (s65.l / let-01
                              :ARG0 s65.y
                              :ARG1 (s65.g / go-01))
                 :time (s65.b / believe-01
                              :ARG0 s65.y
                              :ARG1 (s65.o / okay-04
                                           :ARG1 s65.l)))
   :snt66 (s66.i / infer-01
                 :ARG1 (s66.i2 / inspire-01
                               :ARG0 (s66.t2 / topic
                                             :mod (s66.t / this
                                                         :same-as s6.i2))
                               :ARG1-of (s66.n / normal-02)
                               :ARG2 (s66.a / and
                                            :op1 (s66.f / fear-01)
                                            :op2 (s66.d / deny-01))))
   :snt67 (s67.l / learn-01
                 :ARG0 (s67.i / i
                              :same-as s3.i)
                 :ARG1 (s67.c / chance-02
                              :ARG0 (s67.w / we)
                              :ARG1 (s67.m / maintain-01
                                           :ARG0 s67.w
                                           :ARG1 (s67.q / quality
                                                        :poss s67.w
                                                        :poss (s67.l2 / live-01)))
                              :ARG1-of (s67.h / have-degree-91
                                              :ARG2 (s67.g / good-02
                                                           :ARG1 s67.c)
                                              :ARG3 (s67.m2 / most))
                              :condition (s67.p2 / put-01
                                                 :ARG0 s67.w
                                                 :ARG1 (s67.t / time
                                                              :quant (s67.s / some))
                                                 :ARG2 (s67.p / plan-01
                                                              :ARG0 s67.w
                                                              :ARG1 (s67.e / end-01
                                                                           :ARG1 s67.w)))))
   :snt68 (s68.b / be-located-at-91
                 :ARG1 (s68.a2 / and
                               :op1 (s68.p / person
                                           :name (s68.n / name
                                                        :op1 "Jim"))
                               :op2 (s68.p2 / person
                                            :name (s68.n2 / name
                                                          :op1 "Shirley")
                                            :same-as s11.p2)
                               :same-as s10.p)
                 :ARG2 (s68.h / here)
                 :time (s68.a / after
                              :mod (s68.j / just)
                              :op1 (s68.d / decide-01
                                          :ARG0 s68.a2
                                          :ARG1 (s68.p3 / person
                                                        :ARG0-of (s68.c / care-03
                                                                        :ARG1 (s68.r / ranch-01
                                                                                     :ARG0 s68.a2
                                                                                     :same-as s11.r))))))
   :snt69 (s69.p / person
                 :name (s69.n / name
                              :op1 "Jim")
                 :ARG0-of (s69.c / celebrate-02
                                 :ARG1 (s69.b2 / birthday
                                               :ARG1-of (s69.s / see-01
                                                               :ARG1-of (s69.e / expect-01
                                                                               :ARG0 s69.p
                                                                               :polarity "-")
                                                               :ARG0 s69.p)))
                 :location (s69.h / here)
                 :time (s69.b / before
                              :quant (s69.f / few
                                            :mod (s69.j / just)
                                            :op1 (s69.t / temporal-quantity
                                                        :unit (s69.w / week)
                                                        :quant "1"))
                              :op1 (s69.d / die-01
                                          :ARG1 s69.p)))
   :snt70 (s70.a / and
                 :op2 (s70.h / here)
                 :rel (s70.b / before
                             :duration (s70.f / few
                                              :mod (s70.j / just)
                                              :op1 (s70.t / temporal-quantity
                                                          :unit (s70.d / day)
                                                          :quant "1"))
                             :op1 (s70.d3 / die-01
                                          :ARG1 (s70.p2 / person
                                                        :name (s70.n / name
                                                                     :op1 "Shirley")
                                                        :location s70.h
                                                        :time s70.b
                                                        :same-as s11.p2)
                                          :manner (s70.r2 / read-01
                                                          :ARG1 (s70.a2 / article
                                                                        :source (s70.p / paper
                                                                                       :time (s70.d2 / day
                                                                                                     :mod (s70.t2 / that)))
                                                                        :topic (s70.s / significant-02
                                                                                      :ARG1 (s70.r3 / refuge
                                                                                                    :location (s70.r / ranch-01
                                                                                                                     :name (s70.n2 / name
                                                                                                                                   :op1 "Modini"))
                                                                                                    :mod (s70.w / wildlife)
                                                                                                    :same-as s11.r)))))))
   :snt71 (s71.a2 / and
                  :op1 (s71.h / have-03
                              :ARG0 (s71.a / and
                                           :op1 (s71.p / person
                                                       :name (s71.n / name
                                                                    :op1 "Jim"))
                                           :op2 (s71.p2 / person
                                                        :name (s71.n2 / name
                                                                      :op1 "Shirley")
                                                        :same-as s11.p2)
                                           :same-as s10.p)
                              :ARG1 (s71.e / end-01
                                           :ARG1 s71.a
                                           :ARG1-of (s71.g / good-02)
                                           :ARG2 (s71.l / life)))
                  :op2 (s71.h2 / hope-01
                               :ARG0 (s71.i / i
                                            :same-as s3.i)
                               :ARG1 (s71.i2 / increase-01
                                             :ARG0 s71.i
                                             :ARG1 (s71.c / chance-02
                                                          :ARG0 (s71.w / we)
                                                          :ARG1 (s71.d / do-02
                                                                       :ARG1 (s71.s / same-01))))
                               :manner (s71.s2 / share-01
                                               :ARG0 s71.i
                                               :ARG1 (s71.s3 / story
                                                             :poss s71.a)
                                               :ARG2 (s71.y / you
                                                            :same-as s3.i))))
   :snt72 (s72.t / thank-01
                 :ARG1 (s72.y / you
                              :same-as s3.i)))

