# ::id doc-413
# ::doc_file doc-413
# ::tok http : / / www . ted . com / talks / joachim_de_posada_says_don_t_eat_the_marshmallow_yet< / url> <next_sent> I 'm here because I have a very important message : I think we have found the most important factor for success . <next_sent> And it was found close to here , Stanford . <next_sent> Psychology professor took kids that were four years old and put them in a room all by themselves . <next_sent> And he would tell the child , a four - year - old kid , " Johnny , I am going to leave you here with a marshmallow for 15 minutes . <next_sent> If , after I come back , this marshmallow is here , you will get another one . <next_sent> So you will have two . " <next_sent> To tell a four - year - old kid to wait 15 minutes for something that they like , is equivalent to telling us , " We 'll bring you coffee in two hours . " <next_sent> Exact equivalent . <next_sent> So what happened when the professor left the room ? <next_sent> As soon as the door closed ... <next_sent> two out of three ate the marshmallow . <next_sent> Five seconds , 10 seconds , 40 seconds , 50 seconds , two minutes , four minutes , eight minutes . <next_sent> Some lasted 14 - and - a - half minutes . <next_sent> Could n't do it . <next_sent> Could not wait . <next_sent> What 's interesting is that one out of three would look at the marshmallow and go like this ... <next_sent> Would look at it . <next_sent> Put it back . <next_sent> They would walk around . <next_sent> They would play with their skirts and pants . <next_sent> That child already , at four , understood the most important principle for success , which is the ability to delay gratification . <next_sent> Self - discipline : the most important factor for success . <next_sent> 15 years later , 14 or 15 years later , follow - up study . <next_sent> What did they find ? <next_sent> They went to look for these kids who were now 18 and 19 . <next_sent> And they found that 100 percent of the children that had not eaten the marshmallow were successful . <next_sent> They had good grades . <next_sent> They were doing wonderful . <next_sent> They were happy . <next_sent> They had their plans . <next_sent> They had good relationships with the teachers , students . <next_sent> They were doing fine . <next_sent> A great percentage of the kids that ate the marshmallow , they were in trouble . <next_sent> They did not make it to university . <next_sent> They had bad grades . <next_sent> Some of them dropped out . <next_sent> A few were still there with bad grades . <next_sent> A few had good grades . <next_sent> I had a question in my mind : Would Hispanic kids react the same way as the American kids ? <next_sent> So I went to Colombia . <next_sent> And I reproduced the experiment . <next_sent> And it was very funny . <next_sent> I used four , five and six years old kids . <next_sent> And let me show you what happened . <next_sent> So what happened in Colombia ? <next_sent> Hispanic kids , two out of three ate the marshmallow ; one out of three did not . <next_sent> This little girl was interesting ; she ate the inside of the marshmallow . <next_sent> In other words , she wanted us to think that she had not eaten it , so she would get two . <next_sent> But she ate it . <next_sent> So we know she 'll be successful . <next_sent> But we have to watch her . <next_sent> She should not go into banking , for example , or work at a cash register . <next_sent> But she will be successful . <next_sent> And this applies for everything . <next_sent> Even in sales . <next_sent> The sales person that -- the customer says , " I want that . " And the person says , " Okay , here you are . " <next_sent> That person ate the marshmallow . <next_sent> If the sales person says , " Wait a second . <next_sent> Let me ask you a few questions to see if this is a good choice . " <next_sent> Then you sell a lot more . <next_sent> So this has applications in all walks of life . <next_sent> I end with -- the Koreans did this . <next_sent> You know what ? <next_sent> This is so good that we want a marshmallow book for children . <next_sent> We did one for children . <next_sent> And now it is all over Korea . <next_sent> They are teaching these kids exactly this principle . <next_sent> And we need to learn that principle here in the States , because we have a big debt . <next_sent> We are eating more marshmallows than we are producing . <next_sent> Thank you so much .
(d / document
   :snt1 (s1.u / url-entity
               :rel (s1.o / ossobuco)
               :polarity "-")
   :snt2 (s2.b / be-located-at-91
               :ARG1 (s2.i / i)
               :ARG1-of (s2.c / cause-01
                              :ARG0 (s2.h / have-03
                                          :ARG0 s2.i
                                          :ARG1 (s2.m / message-01
                                                      :ARG0 s2.i
                                                      :ARG1 (s2.t / think-01
                                                                  :ARG0 s2.i
                                                                  :ARG1 (s2.f2 / find-01
                                                                               :purpose (s2.s / succeed-01)
                                                                               :ARG0 (s2.w / we)
                                                                               :ARG1 (s2.f / factor
                                                                                           :ARG1-of (s2.h2 / have-degree-91
                                                                                                           :ARG2 (s2.i3 / important-01
                                                                                                                        :ARG1 s2.f)
                                                                                                           :ARG3 (s2.m2 / most)))))
                                                      :ARG1-of (s2.i2 / important-01
                                                                      :degree (s2.v / very)))))
               :ARG2 (s2.h3 / here))
   :snt3 (s3.a / and
               :op2 (s3.f / find-01
                          :ARG1 (s3.i / it
                                      :same-as s2.s)
                          :ARG1-of (s3.c / close-10
                                         :ARG2 (s3.u / university
                                                     :name (s3.n / name
                                                                 :op1 "Stanford")))))
   :snt4 (s4.a / and
               :op1 (s4.t / take-01
                          :ARG0 (s4.p / professor
                                      :mod (s4.p2 / psychology))
                          :ARG1 (s4.k / kid
                                      :age (s4.t2 / temporal-quantity
                                                  :unit (s4.y / year)
                                                  :quant "4")))
               :op2 (s4.p3 / put-01
                           :ARG0 s4.p
                           :ARG1 s4.k
                           :ARG2 (s4.r / room)
                           :mod (s4.b / by-oneself
                                      :same-as s4.k)))
   :snt5 (s5.a / and
               :op2 (s5.t / tell-01
                          :ARG0 (s5.h / he
                                      :same-as s4.p)
                          :ARG1 (s5.l / leave-12
                                      :ARG0 s5.h
                                      :ARG1 (s5.c / child
                                                  :name (s5.n / name
                                                              :op1 "Johnny"
                                                              :same-as s5.k)
                                                  :mod (s5.k / kid
                                                             :age (s5.t2 / temporal-quantity
                                                                         :unit (s5.y / year)
                                                                         :quant "4")))
                                      :ARG2 (s5.h2 / here)
                                      :accompanier (s5.m / marshmallow)
                                      :duration (s5.t3 / temporal-quantity
                                                       :unit (s5.m2 / minute)
                                                       :quant "15"))
                          :ARG2 s5.c))
   :snt6 (s6.h / have-condition-91
               :ARG1 (s6.g / get-01
                           :ARG0 (s6.y / you
                                       :same-as s5.k)
                           :ARG1 (s6.m / marshmallow
                                       :mod (s6.t / this
                                                  :same-as s5.m)
                                       :mod (s6.a2 / another)))
               :ARG2 (s6.b2 / be-located-at-91
                            :ARG1 s6.m
                            :ARG2 (s6.h2 / here)
                            :time (s6.a / after
                                        :op1 (s6.c / come-01
                                                   :ARG1 (s6.i / i
                                                               :same-as s4.p)
                                                   :direction (s6.b / back)))))
   :snt7 (s7.c / cause-01
               :ARG1 (s7.h / have-03
                           :ARG0 (s7.y / you
                                       :same-as s5.k)
                           :ARG1 (s7.t / thing
                                       :quant "2")))
   :snt8 (s8.e / equal-01
               :ARG1 (s8.t / tell-01
                           :ARG1 (s8.w / wait-01
                                       :ARG1 (s8.k / kid
                                                   :age (s8.t3 / temporal-quantity
                                                               :unit (s8.y / year)
                                                               :quant "4"))
                                       :ARG2 (s8.s / something
                                                   :ARG1-of (s8.l / like-01
                                                                  :ARG0 s8.k))
                                       :duration (s8.t4 / temporal-quantity
                                                        :unit (s8.m / minute)
                                                        :quant "15"))
                           :ARG2 s8.k)
               :ARG2 (s8.t2 / tell-01
                            :ARG1 (s8.b / bring-01
                                        :ARG0 (s8.w2 / we)
                                        :ARG1 (s8.c / coffee)
                                        :ARG2 s8.k
                                        :time (s8.a / after
                                                    :quant (s8.t5 / temporal-quantity
                                                                  :unit (s8.h / hour)
                                                                  :quant "2")
                                                    :op1 (s8.n / now)))
                            :ARG2 s8.w2))
   :snt9 (s9.e / equivalent
               :mod (s9.e2 / exact))
   :snt10 (s10.a / amr-unknown
                 :time (s10.l / leave-11
                              :ARG0 (s10.p / professor
                                           :same-as s4.p)
                              :ARG1 (s10.r / room)))
   :snt11 (s11.b / be-temporally-at-91
                 :ARG2 (s11.a / as-soon-as
                              :op1 (s11.c / close-01
                                          :ARG1 (s11.d / door))))
   :snt12 (s12.e / eat-01
                 :ARG0 (s12.p / person
                              :ARG1-of (s12.i / include-91
                                              :ARG2 (s12.p2 / person
                                                            :quant "3"))
                              :quant "2")
                 :ARG1 (s12.m / marshmallow
                              :same-as s5.m))
   :snt13 (s13.a / and
                 :op1 (s13.t / temporal-quantity
                             :unit (s13.s / second)
                             :quant "5")
                 :op2 (s13.t2 / temporal-quantity
                              :unit (s13.s2 / second)
                              :quant "10")
                 :op3 (s13.t3 / temporal-quantity
                              :unit (s13.s3 / second)
                              :quant "40")
                 :op4 (s13.t4 / temporal-quantity
                              :unit (s13.s4 / second)
                              :quant "50")
                 :op5 (s13.t5 / temporal-quantity
                              :unit (s13.m / minute)
                              :quant "2")
                 :op6 (s13.t6 / temporal-quantity
                              :unit (s13.m2 / minute)
                              :quant "4")
                 :op7 (s13.t7 / temporal-quantity
                              :unit (s13.m3 / minute)
                              :quant "8"))
   :snt14 (s14.l / last-01
                 :ARG1 (s14.s / some)
                 :ARG2 (s14.t / temporal-quantity
                              :unit (s14.m / minute)
                              :quant "2.5"))
   :snt15 (s15.p / possible-01
                 :ARG1 (s15.d / do-02
                              :ARG1 (s15.i / it))
                 :polarity "-")
   :snt16 (s16.p / possible-01
                 :ARG1 (s16.w / wait-01)
                 :polarity "-")
   :snt17 (s17.i2 / interest-01
                  :ARG2 (s17.a / and
                               :op1 (s17.l / look-01
                                           :ARG0 (s17.p / person
                                                        :ARG1-of (s17.i / include-91
                                                                        :ARG2 (s17.p2 / person
                                                                                      :quant "3"))
                                                        :quant "1")
                                           :ARG1 (s17.m / marshmallow
                                                        :same-as s5.m))
                               :op2 (s17.g / go-23
                                           :ARG0 s17.p
                                           :ARG1-of (s17.r / resemble-01
                                                           :ARG2 (s17.t / this)))))
   :snt18 (s18.l / look-01
                 :ARG1 (s18.i / it
                              :same-as s5.m))
   :snt19 (s19.p / put-01
                 :ARG0 (s19.y / you)
                 :ARG1 (s19.i / it
                              :same-as s5.m)
                 :ARG2 (s19.b / back)
                 :mode "imperative")
   :snt20 (s20.w / walk-01
                 :ARG0 (s20.t / they
                              :same-as s17.p)
                 :ARG2 (s20.a / around))
   :snt21 (s21.p2 / play-01
                  :ARG0 (s21.t / they
                               :same-as s17.p)
                  :ARG2 (s21.a / and
                               :op1 (s21.s / skirt)
                               :op2 (s21.p / pants)
                               :poss s21.t))
   :snt22 (s22.u / understand-01
                 :ARG0 (s22.c2 / child
                               :age (s22.t / temporal-quantity
                                           :unit (s22.y / year)
                                           :quant "4")
                               :mod (s22.t2 / that
                                            :same-as s17.p))
                 :ARG1 (s22.p / principle
                              :purpose (s22.s2 / succeed-01)
                              :ARG1-of (s22.h / have-degree-91
                                              :ARG2 (s22.i / important-01
                                                           :ARG1 s22.p)
                                              :ARG3 (s22.m / most))
                              :consist-of (s22.c / capable-01
                                                 :ARG2 (s22.d / delay-01
                                                              :ARG1 (s22.s / satisfy-01))))
                 :time (s22.a / already))
   :snt23 (s23.m / mean-01
                 :ARG1 (s23.d / discipline-01
                              :ARG1 (s23.s / self))
                 :ARG2 (s23.f / factor
                              :purpose (s23.s2 / succeed-01)
                              :ARG1-of (s23.h / have-degree-91
                                              :ARG2 (s23.i / important-01
                                                           :ARG1 s23.f)
                                              :ARG3 (s23.m2 / most)))
                 :same-as s22.p)
   :snt24 (s24.s / study-01
                 :mod (s24.f / follow-up-03)
                 :time (s24.o / or
                              :op1 (s24.t2 / temporal-quantity
                                           :unit (s24.y / year)
                                           :unit (s24.y2 / year)
                                           :quant "14"
                                           :quant "15"))
                 :time (s24.a / after
                              :quant (s24.t / temporal-quantity
                                            :quant "15")))
   :snt25 (s25.f / find-01
                 :ARG0 (s25.t / they)
                 :ARG1 (s25.a / amr-unknown))
   :snt26 (s26.g / go-02
                 :ARG0 (s26.t3 / they
                               :same-as s25.t)
                 :ARG1 (s26.l / look-01
                              :ARG0 s26.t3
                              :ARG1 (s26.a3 / and
                                            :mod (s26.t4 / this)
                                            :op1 (s26.k / kid
                                                        :ARG1-of (s26.a / age-01
                                                                        :ARG2 (s26.t / temporal-quantity
                                                                                     :unit (s26.y / year)
                                                                                     :quant "18")
                                                                        :time (s26.n / now)))
                                            :op2 (s26.k2 / kid
                                                         :ARG1-of (s26.a2 / age-01
                                                                          :ARG2 (s26.t2 / temporal-quantity
                                                                                        :unit (s26.y2 / year)
                                                                                        :quant "19")
                                                                          :time s26.n)))))
   :snt27 (s27.a / and
                 :op2 (s27.f / find-01
                             :ARG0 (s27.t / they
                                          :same-as s25.t)
                             :ARG1 (s27.s / succeed-01
                                          :ARG0 (s27.c / child
                                                       :ARG1-of (s27.i / include-91
                                                                       :ARG2 (s27.c2 / child
                                                                                     :ARG0-of (s27.e / eat-01
                                                                                                     :ARG1 (s27.m / marshmallow
                                                                                                                  :same-as s5.m)
                                                                                                     :polarity "-"))
                                                                       :ARG3 (s27.p / percentage-entity
                                                                                    :value "100"))))))
   :snt28 (s28.h / have-03
                 :ARG0 (s28.t / they
                              :same-as s27.c)
                 :ARG1 (s28.g2 / grade
                               :ARG1-of (s28.g / good-02)))
   :snt29 (s29.w / wonderful-03
                 :ARG1 (s29.t / they
                              :same-as s27.c))
   :snt30 (s30.h / happy-01
                 :ARG1 (s30.t / they
                              :same-as s27.c))
   :snt31 (s31.h / have-03
                 :ARG0 (s31.t / they
                              :same-as s27.c)
                 :ARG1 (s31.t2 / thing
                               :ARG1-of (s31.p / plan-01
                                               :ARG0 s31.t)))
   :snt32 (s32.r / relation-03
                 :ARG0 (s32.t2 / they
                               :same-as s27.c)
                 :ARG1-of (s32.g / good-02)
                 :ARG2 (s32.a / and
                              :op1 (s32.p / person
                                          :ARG0-of (s32.t / teach-01))
                              :op2 (s32.p2 / person
                                           :ARG0-of (s32.s / study-01))))
   :snt33 (s33.f / fine-04
                 :ARG1 (s33.t / they
                              :same-as s27.c))
   :snt34 (s34.i / in-trouble-02
                 :ARG1 (s34.k / kid
                              :quant (s34.p / percentage
                                            :mod (s34.g / great))
                              :ARG0-of (s34.e / eat-01
                                              :ARG1 (s34.m / marshmallow
                                                           :same-as s5.m))))
   :snt35 (s35.m / make-it-14
                 :ARG0 (s35.t / they
                              :same-as s34.k)
                 :ARG1 (s35.u / university)
                 :polarity "-")
   :snt36 (s36.g / grade-01
                 :ARG1 (s36.t / they
                              :same-as s34.k)
                 :ARG1-of (s36.b / bad-07))
   :snt37 (s37.d / drop-out-04
                 :ARG0 (s37.p / person
                              :quant (s37.s / some)
                              :ARG1-of (s37.i / include-91
                                              :ARG2 (s37.t / they
                                                           :same-as s34.k))))
   :snt38 (s38.b2 / be-located-at-91
                  :ARG1 (s38.p / person
                               :quant (s38.f / few)
                               :poss-of (s38.g / grade
                                               :ARG1-of (s38.b / bad-07)))
                  :ARG2 (s38.t / there)
                  :mod (s38.s / still))
   :snt39 (s39.h / have-03
                 :ARG0 (s39.p / person
                              :quant (s39.f / few))
                 :ARG1 (s39.g2 / grade
                               :ARG1-of (s39.g / good-02)))
   :snt40 (s40.q / question-01
                 :ARG0 (s40.i / i
                              :part (s40.m / mind)
                              :same-as s2.i)
                 :ARG1 (s40.r / react-01
                              :ARG0 (s40.k / kid
                                           :mod (s40.e / ethnic-group
                                                       :name (s40.n / name
                                                                    :op1 "Hispanic")))
                              :ARG1 (s40.w / way
                                           :ARG1-of (s40.s / same-01
                                                           :ARG2 (s40.r2 / react-01
                                                                         :ARG0 (s40.k2 / kid
                                                                                       :mod (s40.c / country
                                                                                                   :name (s40.n2 / name
                                                                                                                 :op1 "America")))))))
                 :location s40.m)
   :snt41 (s41.c / cause-01
                 :ARG1 (s41.g / go-02
                              :ARG0 (s41.i / i
                                           :same-as s2.i)
                              :ARG4 (s41.c2 / country
                                            :name (s41.n / name
                                                         :op1 "Colombia"))))
   :snt42 (s42.a / and
                 :op2 (s42.r / reproduce-01
                             :ARG0 (s42.i / i
                                          :same-as s2.i)
                             :ARG1 (s42.e / experiment-01)))
   :snt43 (s43.a / and
                 :op2 (s43.f / funny-02
                             :ARG1 (s43.i / it
                                          :same-as s42.e)
                             :degree (s43.v / very)))
   :snt44 (s44.u / use-01
                 :ARG0 (s44.i / i
                              :same-as s2.i)
                 :ARG1 (s44.a / and
                              :op1 (s44.t / temporal-quantity
                                          :unit (s44.y / year)
                                          :quant "4")
                              :op1 (s44.k / kid)
                              :op2 (s44.t2 / temporal-quantity
                                           :unit (s44.y2 / year)
                                           :quant "5")
                              :op2 (s44.k2 / kid)
                              :op3 (s44.t3 / temporal-quantity
                                           :unit (s44.y3 / year)
                                           :quant "6")))
   :snt45 (s45.a / and
                 :op2 (s45.l / let-01
                             :ARG0 (s45.y / you)
                             :ARG1 (s45.s / show-01
                                          :ARG0 (s45.i / i
                                                       :same-as s2.i)
                                          :ARG1 (s45.e / event)
                                          :ARG2 s45.y)))
   :snt46 (s46.e / event
                 :location (s46.c / country
                                  :name (s46.n / name
                                               :op1 "Colombia")
                                  :same-as s41.c2)
                 :mod (s46.a / amr-unknown))
   :snt47 (s47.a / and
                 :op1 (s47.e / eat-01
                             :ARG0 (s47.k / kid
                                          :ARG1-of (s47.i / include-91
                                                          :ARG2 (s47.k2 / kid
                                                                        :quant "3"))
                                          :mod (s47.e3 / ethnic-group
                                                       :name (s47.n / name
                                                                    :op1 "Hispanic"))
                                          :quant "2")
                             :ARG1 (s47.m / marshmallow
                                          :same-as s5.m))
                 :op2 (s47.e2 / eat-01
                              :ARG0 (s47.k3 / kid
                                            :ARG1-of (s47.i2 / include-91
                                                             :ARG2 s47.k2)
                                            :quant "1"
                                            :quant "3")
                              :ARG1 s47.m
                              :polarity "-"))
   :snt48 (s48.i2 / interest-01
                  :ARG1 (s48.g / girl
                               :ARG0-of (s48.e / eat-01
                                               :ARG1 (s48.i / inside
                                                            :part-of (s48.m / marshmallow
                                                                            :same-as s5.m)))
                               :mod (s48.l / little)
                               :mod (s48.t / this)))
   :snt49 (s49.w / want-01
                 :ARG0 (s49.s / she
                              :same-as s48.t)
                 :ARG0-of (s49.c / cause-01
                                 :ARG1 (s49.g / get-01
                                              :ARG0 s49.s
                                              :ARG1 (s49.t / thing
                                                           :quant "2")))
                 :ARG1 (s49.t2 / think-01
                               :ARG0 (s49.w2 / we)
                               :ARG1 (s49.e / eat-01
                                            :ARG0 s49.s
                                            :ARG1 (s49.i / it
                                                         :same-as s5.m)
                                            :polarity "-"))
                 :prep-in (s49.w3 / word
                                  :mod (s49.o / other)))
   :snt50 (s50.c / contrast-01
                 :ARG2 (s50.e / eat-01
                              :ARG0 (s50.s / she
                                           :same-as s48.t)
                              :ARG1 (s50.i / it
                                           :same-as s5.m)))
   :snt51 (s51.c / cause-01
                 :ARG1 (s51.k / know-01
                              :ARG0 (s51.w / we
                                           :same-as s49.w2)
                              :ARG1 (s51.s2 / succeed-01
                                            :ARG0 (s51.s / she
                                                         :same-as s48.t))))
   :snt52 (s52.c / contrast-01
                 :ARG2 (s52.o / obligate-01
                              :ARG1 (s52.w2 / we
                                            :same-as s49.w2)
                              :ARG2 (s52.w / watch-01
                                           :ARG0 s52.w2
                                           :ARG1 (s52.s / she
                                                        :same-as s48.t))))
   :snt53 (s53.r / recommend-01
                 :ARG1 (s53.o / or
                              :op1 (s53.g / go-02
                                          :ARG0 (s53.s / she
                                                       :same-as s48.t)
                                          :ARG1 (s53.b / bank-01)
                                          :polarity "-")
                              :op2 (s53.w / work-01
                                          :ARG0 s53.s
                                          :ARG1 (s53.t / thing
                                                       :instrument-of (s53.r2 / register-02
                                                                              :ARG1 (s53.c / cash)))
                                          :polarity "-"))
                 :ARG1-of (s53.e / exemplify-01))
   :snt54 (s54.c / contrast-01
                 :ARG2 (s54.s2 / succeed-01
                               :ARG0 (s54.s / she
                                            :same-as s48.t)))
   :snt55 (s55.a / and
                 :op2 (s55.a2 / apply-02
                              :ARG1 (s55.t / this)
                              :ARG2 (s55.e / everything)))
   :snt56 (s56.s / sell-01
                 :mod (s56.e / even))
   :snt57 (s57.a / and
                 :op1 (s57.s / say-01
                             :ARG0 (s57.c / customer)
                             :ARG1 (s57.w / want-01
                                          :ARG0 s57.c
                                          :ARG1 (s57.t / that)))
                 :op2 (s57.p / person
                             :ARG0-of (s57.s2 / sell-01))
                 :op3 (s57.b / be-located-at-91
                             :ARG1 (s57.y / you
                                          :same-as s57.c)
                             :ARG1-of (s57.o / okay-01)
                             :ARG2 (s57.h / here)))
   :snt58 (s58.e / eat-01
                 :ARG0 (s58.p / person
                              :mod (s58.t / that)
                              :same-as s57.c)
                 :ARG1 (s58.m / marshmallow
                              :same-as s5.m))
   :snt59 (s59.h / have-condition-91
                 :ARG2 (s59.s / say-01
                              :ARG0 (s59.p / person
                                           :ARG0-of (s59.s3 / sell-01)
                                           :same-as s57.p)
                              :ARG1 (s59.w / wait-01
                                           :ARG1 (s59.y / you)
                                           :duration (s59.t / temporal-quantity
                                                            :unit (s59.s2 / second)
                                                            :quant "1")
                                           :mode "imperative")))
   :snt60 (s60.l / let-01
                 :ARG0 (s60.y / you)
                 :ARG1 (s60.a / ask-01
                              :purpose (s60.s / see-01
                                              :ARG0 (s60.i / i
                                                           :same-as s57.p)
                                              :ARG1 (s60.t2 / truth-value
                                                            :polarity-of (s60.g / good-02
                                                                                :ARG1 (s60.c / choose-01
                                                                                             :ARG1 (s60.t / this
                                                                                                          :same-as s57.t)))))
                              :ARG0 s60.i
                              :ARG1 (s60.q / question
                                           :quant (s60.f / few))
                              :ARG2 s60.y)
                 :mode "imperative")
   :snt61 (s61.s / sell-01
                 :ARG0 (s61.y / you)
                 :ARG1 (s61.m / more
                              :quant (s61.l / lot))
                 :mod (s61.t / then))
   :snt62 (s62.a2 / apply-02
                  :ARG1 (s62.t / this)
                  :location (s62.w / walk
                                   :mod (s62.a / all)
                                   :mod (s62.l / life)))
   :snt63 (s63.e / end-01
                 :ARG0 (s63.i / i
                              :same-as s2.i)
                 :ARG2 (s63.d / do-02
                              :ARG0 (s63.p / person
                                           :mod (s63.c / country
                                                       :name (s63.n / name
                                                                    :op1 "Korea")))
                              :ARG1 (s63.t / this)))
   :snt64 (s64.k / know-01
                 :ARG0 (s64.y / you)
                 :polarity (s64.a / amr-unknown))
   :snt65 (s65.h / have-degree-91
                 :ARG1 (s65.t / this
                              :same-as s63.t)
                 :ARG2 (s65.g / good-02
                              :ARG1 s65.t)
                 :ARG3 (s65.s / so)
                 :ARG6 (s65.w / want-01
                              :ARG0 (s65.w2 / we)
                              :ARG1 (s65.b / book
                                           :beneficiary (s65.c / child)
                                           :mod (s65.m / marshmallow))))
   :snt66 (s66.d / do-02
                 :ARG0 (s66.w / we
                              :same-as s65.w2)
                 :ARG1 (s66.o / one)
                 :beneficiary (s66.c / child))
   :snt67 (s67.a2 / and
                  :op2 (s67.b / be-located-at-91
                              :ARG1 (s67.i / it
                                           :same-as s63.t)
                              :ARG2 (s67.a / all-over
                                           :op1 (s67.c / country
                                                       :name (s67.n / name
                                                                    :op1 "Korea")))
                              :time (s67.n2 / now)))
   :snt68 (s68.t / teach-01
                 :ARG0 (s68.t2 / they
                               :same-as s63.p)
                 :ARG1 (s68.p / principle
                              :mod (s68.e / exact))
                 :ARG2 (s68.k / kid
                              :mod (s68.t3 / this)))
   :snt69 (s69.a / and
                 :op2 (s69.n2 / need-01
                              :ARG0 (s69.w / we)
                              :ARG1 (s69.l / learn-01
                                           :ARG0 s69.w
                                           :ARG1 (s69.p / principle
                                                        :mod (s69.t / that)
                                                        :same-as s68.p)
                                           :location (s69.h2 / here
                                                             :location (s69.c2 / country
                                                                               :name (s69.n / name
                                                                                            :op1 "States"))))
                              :ARG1-of (s69.c / cause-01
                                              :ARG0 (s69.h / have-03
                                                           :ARG0 s69.w
                                                           :ARG1 (s69.d / debt
                                                                        :mod (s69.b / big))))))
   :snt70 (s70.e / eat-01
                 :ARG0 (s70.w / we
                              :same-as s69.w)
                 :ARG1 (s70.m / marshmallow
                              :ARG1-of (s70.h / have-quant-91
                                              :ARG3 (s70.m2 / more)
                                              :ARG4 (s70.p / produce-01
                                                           :ARG0 s70.w
                                                           :ARG1 s70.m))))
   :snt71 (s71.t / thank-01
                 :ARG0 (s71.i / i)
                 :ARG1 (s71.y / you
                              :same-as s2.i)
                 :degree (s71.m / much
                                :degree (s71.s / so))))

