# ::id doc-227
# ::doc_file doc-227
# ::tok http : / / www . ted . com / talks / damon_horowitz_philosophy_in_prison< / url> <next_sent> Meet Tony . <next_sent> He 's my student . <next_sent> He 's about my age , and he 's in San Quentin State Prison . <next_sent> When Tony was 16 years old , one day , one moment , " It was mom 's gun . <next_sent> Just flash it , scare the guy . <next_sent> He 's a punk . <next_sent> Then last minute , I 'm thinking , ' Ca n't do this . This is wrong . ' My buddy says , ' C'mon , let 's do this . ' I say , ' Let 's do this . ' " And those three words , Tony 's going to remember , because the next thing he knows , he hears the pop . <next_sent> There 's the punk on the ground , puddle of blood . <next_sent> And that 's felony murder -- 25 to life , parole at 50 if you 're lucky , and Tony 's not feeling very lucky . <next_sent> So when we meet in my philosophy class in his prison and I say , " In this class , we will discuss the foundations of ethics , " Tony interrupts me . <next_sent> " What are you going to teach me about right and wrong ? <next_sent> I know what is wrong . <next_sent> I have done wrong . <next_sent> I am told every day , by every face I see , every wall I face , that I am wrong . <next_sent> If I ever get out of here , there will always be a mark by my name . <next_sent> So I say to Tony , " Sorry , but it 's worse than you think . <next_sent> You think you know right and wrong ? <next_sent> Then can you tell me what wrong is ? <next_sent> No , do n't just give me an example . <next_sent> I want to know about wrongness itself , the idea of wrong . <next_sent> What is that idea ? <next_sent> What makes something wrong ? <next_sent> How do we know that it 's wrong ? <next_sent> Maybe you and I disagree . <next_sent> Maybe one of us is wrong about the wrong . <next_sent> Maybe it 's you , maybe it 's me -- but we 're not here to trade opinions ; everyone 's got an opinion . <next_sent> We are here for knowledge . <next_sent> Our enemy is thoughtlessness . <next_sent> This is philosophy . " <next_sent> And something changes for Tony . <next_sent> " Could be I 'm wrong . <next_sent> I 'm tired of being wrong . <next_sent> I want to know what is wrong . <next_sent> I want to know what I know . " <next_sent> What Tony sees in that moment is the project of philosophy , the project that begins in wonder -- what Kant called " admiration and awe at the starry sky above and the moral law within . " <next_sent> What can creatures like us know of such things ? <next_sent> It is the project that always takes us back to the condition of existence -- what Heidegger called " the always already there . " <next_sent> It is the project of questioning what we believe and why we believe it -- what Socrates called " the examined life . " <next_sent> Socrates , a man wise enough to know that he knows nothing . <next_sent> Socrates died in prison , his philosophy intact . <next_sent> So Tony starts doing his homework . <next_sent> He learns his whys and wherefores , his causes and correlations , his logic , his fallacies . <next_sent> Turns out , Tony 's got the philosophy muscle . <next_sent> His body is in prison , but his mind is free . <next_sent> Tony learns about the ontologically promiscuous , the epistemologically anxious , the ethically dubious , the metaphysically ridiculous . <next_sent> That 's Plato , Descartes , Nietzsche and Bill Clinton . <next_sent> So when he gives me his final paper , in which he argues that the categorical imperative is perhaps too uncompromising to deal with the conflict that affects our everyday and challenges me to tell him whether therefore we are condemned to moral failure , I say , " I do n't know . <next_sent> Let us think about that . " <next_sent> Because in that moment , there 's no mark by Tony 's name ; it 's just the two of us standing there . <next_sent> It is not professor and convict , it is just two minds ready to do philosophy . <next_sent> And I say to Tony , " Let 's do this . " <next_sent> Thank you .
(d / document
   :snt1 (s1.u / url-entity
               :value "narcotic")
   :snt2 (s2.m / meet-02
               :ARG0 (s2.y / you)
               :ARG1 (s2.p / person
                           :name (s2.n / name
                                       :op1 "Tony"))
               :mode "imperative")
   :snt3 (s3.p / person
               :ARG0-of (s3.s / study-01)
               :domain (s3.h / he
                             :same-as s2.p)
               :poss (s3.i / i))
   :snt4 (s4.a3 / and
                :op1 (s4.a2 / age-01
                            :ARG1 (s4.i / i
                                        :same-as s3.i)
                            :ARG2 (s4.a / about))
                :op2 (s4.b / be-located-at-91
                           :ARG1 (s4.h / he
                                       :same-as s2.p)
                           :ARG2 (s4.p / prison
                                       :name (s4.n / name
                                                   :op1 "San"
                                                   :op2 "Quentin"
                                                   :op3 "State"
                                                   :op4 "Prison"))))
   :snt5 (s5.g / gun
               :domain (s5.i / it)
               :poss (s5.p2 / person
                            :ARG0-of (s5.h / have-rel-role-91
                                           :ARG1 (s5.p / person
                                                       :name (s5.n / name
                                                                   :op1 "Tony")
                                                       :same-as s2.p)
                                           :ARG2 (s5.m / mom)))
               :rel (s5.d / day)
               :time (s5.m2 / moment
                            :mod (s5.o / one))
               :time (s5.a / age-01
                           :ARG1 s5.p
                           :ARG2 (s5.t / temporal-quantity
                                       :unit (s5.y / year)
                                       :quant "16")))
   :snt6 (s6.a / and
               :op1 (s6.f / flash-01
                          :ARG0 (s6.y / you)
                          :ARG1 (s6.i / it
                                      :same-as s5.i)
                          :mod (s6.j / just)
                          :mode "imperative")
               :op2 (s6.s / scare-01
                          :ARG0 s6.y
                          :ARG1 (s6.g / guy)))
   :snt7 (s7.p / punk
               :domain (s7.h / he
                             :same-as s6.g))
   :snt8 (s8.a3 / and
                :op1 (s8.t4 / think-01
                            :ARG0 (s8.i / i
                                        :same-as s3.i)
                            :ARG1 (s8.a / and
                                        :op1 (s8.p4 / possible-01
                                                    :ARG1 (s8.d / do-02
                                                                :ARG0 s8.i
                                                                :ARG1 (s8.t5 / this))
                                                    :polarity "-")
                                        :op2 (s8.w3 / wrong-02
                                                    :ARG1 (s8.t6 / this
                                                                 :same-as s8.t5))
                                        :op3 (s8.s / say-01
                                                   :ARG0 (s8.p / person
                                                               :ARG0-of (s8.h / have-rel-role-91
                                                                              :ARG1 s8.i
                                                                              :ARG2 (s8.b / buddy)))
                                                   :ARG1 (s8.a2 / and
                                                                :op1 (s8.c2 / come-on-25
                                                                            :mode "imperative")
                                                                :op2 (s8.l2 / let-01
                                                                            :ARG1 (s8.d2 / do-02
                                                                                         :ARG0 (s8.w / we)
                                                                                         :ARG1 (s8.t7 / this
                                                                                                      :same-as s8.t5))))))
                            :time (s8.m / minute
                                        :mod (s8.l / last))
                            :time (s8.t2 / then))
                :op2 (s8.r / remember-01
                           :ARG0 (s8.p2 / person
                                        :name (s8.n / name
                                                    :op1 "Tony")
                                        :same-as s2.p)
                           :ARG1 (s8.w2 / word
                                        :mod (s8.t / that)
                                        :quant "3")
                           :ARG1-of (s8.c / cause-01
                                          :ARG0 (s8.h2 / hear-01
                                                       :ARG0 s8.p2
                                                       :ARG1 (s8.p3 / pop-04)
                                                       :time (s8.t3 / thing
                                                                    :ARG1-of (s8.k / know-01
                                                                                   :ARG0 s8.p2)
                                                                    :mod (s8.n2 / next))))))
   :snt9 (s9.b / be-located-at-91
               :ARG1 (s9.p2 / punk
                            :mod (s9.p / puddle
                                       :consist-of (s9.b2 / blood))
                            :same-as s6.g)
               :ARG2 (s9.g / ground))
   :snt10 (s10.a / and
                 :op2 (s10.a2 / and
                              :op1 (s10.m / murder-01
                                          :mod (s10.f2 / felony))
                              :op1 (s10.b / between
                                          :op1 (s10.t / temporal-quantity
                                                      :unit (s10.y / year)
                                                      :quant "25")
                                          :op2 (s10.l / life))
                              :op3 (s10.p / parole-01
                                          :age (s10.t2 / temporal-quantity
                                                       :unit (s10.y2 / year)
                                                       :quant "50")
                                          :condition (s10.l2 / lucky
                                                             :domain (s10.y3 / you)))
                              :op4 (s10.f / feel-01
                                          :ARG0 (s10.p2 / person
                                                        :name (s10.n / name
                                                                     :op1 "Tony")
                                                        :same-as s2.p)
                                          :ARG1 (s10.l3 / lucky
                                                        :degree (s10.v / very))
                                          :polarity "-")))
   :snt11 (s11.c / cause-01
                 :ARG1 (s11.i2 / interrupt-01
                               :ARG0 (s11.p / person
                                            :name (s11.n / name
                                                         :op1 "Tony")
                                            :same-as s2.p)
                               :ARG1 (s11.i / i
                                            :same-as s3.i)
                               :time (s11.a / and
                                            :op1 (s11.m / meet-03
                                                        :ARG0 s11.p
                                                        :ARG0 s11.i
                                                        :location (s11.c2 / class
                                                                          :location (s11.p3 / prison
                                                                                            :poss s11.p
                                                                                            :poss s11.i)
                                                                          :topic (s11.p2 / philosophy)))
                                            :op2 (s11.s / say-01
                                                        :ARG0 s11.i
                                                        :ARG1 (s11.d / discuss-01
                                                                     :ARG0 (s11.w / we)
                                                                     :ARG1 (s11.f / found-01
                                                                                  :ARG1 (s11.e / ethics))
                                                                     :location s11.c2)))))
   :snt12 (s12.t / teach-01
                 :ARG0 (s12.y / you
                              :same-as s3.i)
                 :ARG1 (s12.a / amr-unknown)
                 :ARG2 (s12.i / i
                              :same-as s2.p)
                 :topic (s12.a2 / and
                                :op1 (s12.r / right-02)
                                :op2 (s12.w / wrong-02)))
   :snt13 (s13.k / know-01
                 :ARG0 (s13.i / i
                              :same-as s2.p)
                 :ARG1 (s13.t / thing
                              :ARG1-of (s13.w / wrong-04)))
   :snt14 (s14.d / do-02
                 :ARG0 (s14.i / i
                              :same-as s2.p)
                 :ARG1-of (s14.w / wrong-02))
   :snt15 (s15.t / tell-01
                 :ARG0 (s15.a / and
                              :op1 (s15.f / face
                                          :ARG1-of (s15.s / see-01
                                                          :ARG0 (s15.i / i
                                                                       :same-as s2.p))
                                          :mod (s15.e / every))
                              :op2 (s15.w / wall
                                          :ARG1-of (s15.f2 / face-01
                                                           :ARG0 s15.i)
                                          :mod (s15.e2 / every)))
                 :ARG1 (s15.w2 / wrong-04
                               :ARG1 s15.i)
                 :ARG2 s15.i
                 :frequency (s15.r / rate-entity-91
                                   :ARG3 (s15.t2 / temporal-quantity
                                                 :unit (s15.d / day)
                                                 :quant "1")))
   :snt16 (s16.m / mark-02
                 :ARG2 (s16.n / name
                              :poss (s16.i / i
                                           :same-as s2.p))
                 :condition (s16.g / get-05
                                   :ARG1 s16.i
                                   :ARG2 (s16.o / out-06
                                                :ARG1 s16.i
                                                :ARG2 (s16.h / here))
                                   :time (s16.e / ever))
                 :time (s16.a / always))
   :snt17 (s17.c / cause-01
                 :ARG1 (s17.s / say-01
                              :ARG0 (s17.i / i
                                           :same-as s3.i)
                              :ARG1 (s17.h / have-concession-91
                                           :ARG1 (s17.s2 / sorry-01
                                                         :ARG1 (s17.p / person
                                                                      :name (s17.n / name
                                                                                   :op1 "Tony")
                                                                      :same-as s2.p))
                                           :ARG2 (s17.b / bad-07
                                                        :ARG1 (s17.i2 / it)
                                                        :ARG2-of (s17.h2 / have-degree-91
                                                                         :ARG1 s17.i2
                                                                         :ARG3 (s17.m / more)
                                                                         :ARG4 (s17.t / thing
                                                                                      :ARG1-of (s17.t2 / think-01
                                                                                                       :ARG0 s17.p)))))
                              :ARG2 s17.p))
   :snt18 (s18.t / think-01
                 :ARG0 (s18.y / you
                              :same-as s2.p)
                 :ARG1 (s18.k / know-01
                              :ARG0 s18.y
                              :ARG1 (s18.a2 / and
                                            :op1 (s18.r / right-02)
                                            :op2 (s18.w / wrong-02)))
                 :polarity (s18.a / amr-unknown))
   :snt19 (s19.p / possible-01
                 :ARG1 (s19.t / tell-01
                              :ARG0 (s19.y / you
                                           :same-as s2.p)
                              :ARG1 (s19.t3 / thing
                                            :ARG1-of (s19.w / wrong-02))
                              :ARG2 (s19.i / i
                                           :same-as s3.i))
                 :mod (s19.t2 / then)
                 :polarity (s19.a / amr-unknown))
   :snt20 (s20.g / give-01
                 :ARG0 (s20.y / you)
                 :ARG1 (s20.e / example)
                 :ARG2 (s20.i / i
                              :same-as s3.i)
                 :mod (s20.j / just)
                 :mode "imperative"
                 :polarity "-")
   :snt21 (s21.w / want-01
                 :ARG0 (s21.i / i
                              :same-as s3.i)
                 :ARG1 (s21.k / know-01
                              :ARG0 s21.i
                              :ARG1 (s21.a / and
                                           :op1 (s21.w2 / wrong-02)
                                           :op2 (s21.i2 / idea
                                                        :topic s21.w2))))
   :snt22 (s22.i / idea
                 :domain (s22.a / amr-unknown)
                 :mod (s22.t / that
                             :same-as s21.i2))
   :snt23 (s23.m / make-02
                 :ARG0 (s23.a / amr-unknown)
                 :ARG1 (s23.w / wrong-02
                              :ARG1 (s23.s / something)))
   :snt24 (s24.k / know-01
                 :ARG0 (s24.w / we)
                 :ARG1 (s24.w2 / wrong-02
                               :ARG1 (s24.i / it
                                            :same-as s23.s))
                 :manner (s24.a / amr-unknown))
   :snt25 (s25.p / possible-01
                 :ARG1 (s25.d / disagree-01
                              :ARG0 (s25.i / i
                                           :same-as s3.i)
                              :ARG1 (s25.y / you)))
   :snt26 (s26.p2 / possible-01
                  :ARG1 (s26.w2 / wrong-04
                                :ARG1 (s26.o / one
                                             :ARG1-of (s26.i / include-91
                                                             :ARG2 (s26.w / we
                                                                          :same-as s25.y)))
                                :ARG2 (s26.p / person
                                             :ARG1-of (s26.w3 / wrong-04))))
   :snt27 (s27.c / contrast-01
                 :ARG1 (s27.a / and
                              :op1 (s27.p / possible-01
                                          :ARG1 (s27.y / you
                                                       :same-as s25.y))
                              :op2 (s27.p2 / possible-01
                                           :ARG1 (s27.i / i
                                                        :same-as s3.i))
                              :op3 (s27.g / get-02
                                          :ARG0 (s27.e / everyone)
                                          :ARG1 (s27.t2 / thing
                                                        :ARG1-of (s27.o2 / opine-01))))
                 :ARG2 (s27.b / be-located-at-91
                              :purpose (s27.t3 / trade-01
                                               :ARG0 (s27.w / we
                                                            :same-as s25.y)
                                               :ARG1 (s27.t / thing
                                                            :ARG1-of (s27.o / opine-01)))
                              :ARG1 s27.w
                              :ARG2 (s27.h / here)
                              :polarity "-"))
   :snt28 (s28.b / be-located-at-91
                 :purpose (s28.k / know-01)
                 :ARG1 (s28.w / we
                              :same-as s25.y)
                 :ARG2 (s28.h / here))
   :snt29 (s29.t / think-01
                 :mod (s29.e / enemy
                             :poss (s29.w / we
                                          :same-as s25.y))
                 :polarity "-")
   :snt30 (s30.p / philosophy
                 :domain (s30.t / this))
   :snt31 (s31.a / and
                 :op2 (s31.c / change-01
                             :ARG1 (s31.s / something)
                             :beneficiary (s31.p / person
                                                 :name (s31.n / name
                                                              :op1 "Tony")
                                                 :same-as s2.p)))
   :snt32 (s32.p / possible-01
                 :ARG1 (s32.w / wrong-04
                              :ARG1 (s32.i / i
                                           :same-as s3.i)))
   :snt33 (s33.t / tire-01
                 :ARG0 (s33.w / wrong-04
                              :ARG1 (s33.i / i
                                           :same-as s3.i))
                 :ARG1 s33.i)
   :snt34 (s34.w / want-01
                 :ARG0 (s34.i / i
                              :same-as s3.i)
                 :ARG1 (s34.k / know-01
                              :ARG0 s34.i
                              :ARG1 (s34.t / thing
                                           :ARG1-of (s34.w2 / wrong-04))))
   :snt35 (s35.w / want-01
                 :ARG0 (s35.i / i
                              :same-as s3.i)
                 :ARG1 (s35.k / know-01
                              :ARG0 s35.i
                              :ARG1 (s35.t / thing
                                           :ARG1-of (s35.k2 / know-01
                                                            :ARG0 s35.i))))
   :snt36 (s36.s / see-01
                 :ARG0 (s36.p / person
                              :name (s36.n / name
                                           :op1 "Tony")
                              :same-as s2.p)
                 :ARG1 (s36.p4 / project
                               :ARG1-of (s36.b / begin-01
                                               :manner (s36.w2 / wonder-02))
                               :ARG2-of (s36.c / call-01
                                               :ARG0 (s36.p2 / person
                                                             :name (s36.n2 / name
                                                                           :op1 "Kant"))
                                               :ARG1 (s36.t2 / thing
                                                             :ARG2 (s36.a3 / and
                                                                           :op1 (s36.a2 / admire-01
                                                                                        :ARG1 (s36.a4 / and
                                                                                                      :op1 (s36.s2 / sky
                                                                                                                   :location (s36.a / above)
                                                                                                                   :mod (s36.s3 / starry))
                                                                                                      :op2 (s36.l / law
                                                                                                                  :ARG1-of (s36.m2 / moral-02)
                                                                                                                  :location (s36.w / within
                                                                                                                                   :op1 s36.s2))))
                                                                           :op2 (s36.a5 / awe-01
                                                                                        :ARG1 s36.a4))))
                               :mod (s36.p3 / philosophy))
                 :time (s36.m / moment
                              :mod (s36.t / that)))
   :snt37 (s37.p / possible-01
                 :ARG1 (s37.k / know-01
                              :ARG0 (s37.c / creature
                                           :ARG1-of (s37.r / resemble-01
                                                           :ARG2 (s37.w / we)))
                              :ARG1 (s37.a / amr-unknown
                                           :topic (s37.t / thing
                                                         :mod (s37.s / such)))))
   :snt38 (s38.p2 / project
                  :ARG0-of (s38.t / take-01
                                  :ARG1 (s38.w / we)
                                  :ARG3 (s38.c2 / condition
                                                :ARG1-of (s38.c / call-01
                                                                :ARG0 (s38.p / person
                                                                             :name (s38.n / name
                                                                                          :op1 "Heidegger"))
                                                                :ARG2 (s38.b2 / be-located-at-91
                                                                              :ARG1 s38.w
                                                                              :ARG2 s38.c2
                                                                              :time (s38.a / already)))
                                                :mod (s38.e / exist-01))
                                  :direction (s38.b / back)
                                  :time (s38.a2 / always))
                  :domain (s38.i / it))
   :snt39 (s39.p2 / project
                  :domain (s39.i / it
                                 :same-as s38.i)
                  :topic (s39.q / question-01
                                :ARG1 (s39.a / and
                                             :ARG1-of (s39.c / call-01
                                                             :ARG0 (s39.p / person
                                                                          :name (s39.n / name
                                                                                       :op1 "Socrates"))
                                                             :ARG2 (s39.l / life
                                                                          :ARG1-of (s39.e / examine-01)))
                                             :op1 (s39.t / thing
                                                         :ARG1-of (s39.b / believe-01
                                                                         :ARG0 (s39.w / we)))
                                             :op2 (s39.t2 / thing
                                                          :ARG0-of (s39.c2 / cause-01
                                                                           :ARG1 s39.b)))))
   :snt40 (s40.p / person
                 :name (s40.n / name
                              :op1 "Socrates")
                 :ARG1-of (s40.h / have-degree-91
                                 :ARG2 (s40.w / wise)
                                 :ARG3 (s40.e / enough)
                                 :ARG6 (s40.k / know-01
                                              :ARG1 (s40.k2 / know-01
                                                            :ARG1 (s40.n2 / nothing)
                                                            :ARG0 s40.p)
                                              :ARG0 s40.p))
                 :same-as s39.p)
   :snt41 (s41.d / die-01
                 :ARG1 (s41.p / person
                              :name (s41.n / name
                                           :op1 "Socrates")
                              :same-as s39.p)
                 :location (s41.p3 / prison)
                 :manner (s41.i / intact
                                :domain (s41.p2 / philosophy
                                                :poss s41.p)))
   :snt42 (s42.s / start-01
                 :ARG0 (s42.p / person
                              :name (s42.n / name
                                           :op1 "Tony")
                              :same-as s2.p)
                 :ARG1 (s42.d / do-02
                              :ARG0 s42.p
                              :ARG1 (s42.h / homework
                                           :poss s42.p)))
   :snt43 (s43.l / learn-01
                 :ARG0 (s43.h / he
                              :same-as s2.p)
                 :ARG1 (s43.a / and
                              :op1 (s43.a2 / and
                                           :op1 (s43.r / reason-01
                                                       :ARG0 s43.h)
                                           :op2 (s43.c / cause-01
                                                       :ARG0 s43.h))
                              :op2 (s43.t / thing
                                          :ARG0-of (s43.c2 / cause-01))
                              :op3 (s43.a3 / and
                                           :op1 s43.t
                                           :op2 (s43.c3 / correlate-01)
                                           :poss s43.h)
                              :op4 (s43.l2 / logic
                                           :poss s43.h)
                              :op5 (s43.f / fallacy
                                          :poss s43.h)))
   :snt44 (s44.t / turn-out-11
                 :ARG1 (s44.h / have-03
                              :ARG0 (s44.p / person
                                           :name (s44.n / name
                                                        :op1 "Tony")
                                           :same-as s2.p)
                              :ARG1 (s44.m / muscle
                                           :mod (s44.p2 / philosophy))))
   :snt45 (s45.c / contrast-01
                 :ARG1 (s45.i / imprison-01
                              :ARG1 (s45.b / body
                                           :part-of (s45.h / he
                                                           :same-as s2.p)))
                 :ARG2 (s45.f / free-04
                              :ARG1 (s45.m / mind
                                           :poss s45.h)))
   :snt46 (s46.l / learn-01
                 :ARG0 (s46.p / person
                              :name (s46.n / name
                                           :op1 "Tony")
                              :same-as s2.p)
                 :ARG1 (s46.a / and
                              :op1 (s46.p3 / promiscuous
                                           :domain (s46.o / organization))
                              :op2 (s46.p2 / person
                                           :ARG1-of (s46.w / worry-01
                                                           :manner (s46.i / intellectual)))
                              :op3 (s46.d / dubious-02
                                          :ARG1 (s46.e / ethics))
                              :op4 (s46.r / ridiculous-02
                                          :mod (s46.m / metaphoric))))
   :snt47 (s47.m / mean-01
                 :ARG1 (s47.a / and
                              :domain (s47.t / that)
                              :op1 (s47.p / person
                                          :name (s47.n / name
                                                       :op1 "Plato"))
                              :op2 (s47.p2 / person
                                           :name (s47.n2 / name
                                                         :op1 "Descartes"))
                              :op3 (s47.p3 / person
                                           :name (s47.n3 / name
                                                         :op1 "Nietzsche"))
                              :op4 (s47.p4 / person
                                           :name (s47.n4 / name
                                                         :op1 "Bill"
                                                         :op2 "Clinton"))))
   :snt48 (s48.i3 / infer-01
                  :ARG1 (s48.s / say-01
                               :ARG0 (s48.i / i
                                            :same-as s3.i)
                               :ARG1 (s48.k / know-01
                                            :ARG0 s48.i
                                            :polarity "-")
                               :time (s48.g / give-01
                                            :ARG0 (s48.h2 / he
                                                          :same-as s2.p)
                                            :ARG1 (s48.p / paper
                                                         :medium-of (s48.a2 / argue-01
                                                                            :ARG0 s48.h2
                                                                            :ARG1 (s48.p2 / possible-01
                                                                                          :ARG1 (s48.h / have-degree-91
                                                                                                       :ARG1 (s48.i2 / imperative
                                                                                                                     :mod (s48.c / categorical))
                                                                                                       :ARG2 (s48.c4 / compromise-01
                                                                                                                     :ARG0 s48.i2
                                                                                                                     :polarity "-")
                                                                                                       :ARG3 (s48.t2 / too)
                                                                                                       :ARG6 (s48.d / deal-01
                                                                                                                    :ARG0 s48.i2
                                                                                                                    :ARG2 (s48.c6 / conflict-01
                                                                                                                                  :ARG0-of (s48.a / affect-01
                                                                                                                                                  :ARG1 (s48.e / everyday
                                                                                                                                                               :poss (s48.w / we)))
                                                                                                                                  :ARG0-of (s48.c3 / challenge-01
                                                                                                                                                   :ARG2 (s48.t / tell-01
                                                                                                                                                                :ARG0 s48.w
                                                                                                                                                                :ARG1 (s48.t3 / truth-value
                                                                                                                                                                              :ARG0-of (s48.c2 / cause-01
                                                                                                                                                                                               :ARG1 (s48.c5 / condemn-01
                                                                                                                                                                                                             :ARG1 s48.w
                                                                                                                                                                                                             :ARG2 (s48.f / fail-01
                                                                                                                                                                                                                          :ARG1 s48.w
                                                                                                                                                                                                                          :ARG2 (s48.m / moral-02)))))
                                                                                                                                                                :ARG2 s48.h2
                                                                                                                                                                :ARG2 s48.i)))))))
                                                         :mod (s48.f2 / final)
                                                         :poss s48.h2)
                                            :ARG2 s48.i)))
   :snt49 (s49.t2 / think-01
                  :ARG0 (s49.w / we)
                  :ARG2 (s49.t / that)
                  :mode "imperative")
   :snt50 (s50.c / cause-01
                 :ARG0 (s50.a / and
                              :op1 (s50.m / mark-02
                                          :ARG1 (s50.n2 / name-01
                                                        :ARG1 (s50.p / person
                                                                     :name (s50.n / name
                                                                                  :op1 "Tony")
                                                                     :same-as s2.p))
                                          :time (s50.m2 / moment
                                                        :mod (s50.t / that))
                                          :polarity "-")
                              :op2 (s50.s / stand-01
                                          :ARG1 (s50.w / we
                                                       :mod (s50.j / just)
                                                       :quant "2")
                                          :ARG2 (s50.t2 / there))))
   :snt51 (s51.c / contrast-01
                 :ARG1 (s51.a / and
                              :op1 (s51.p2 / professor)
                              :op2 (s51.c2 / convict-01)
                              :polarity "-")
                 :ARG2 (s51.m / mind
                              :ARG1-of (s51.r / ready-02
                                              :ARG2 (s51.d / do-02
                                                           :ARG0 s51.m
                                                           :ARG1 (s51.p / philosophy)))
                              :mod (s51.j / just)
                              :quant "2"))
   :snt52 (s52.a / and
                 :op2 (s52.s / say-01
                             :ARG0 (s52.i / i
                                          :same-as s3.i)
                             :ARG1 (s52.d / do-02
                                          :ARG0 (s52.w / we)
                                          :ARG1 (s52.t / this)
                                          :mode "imperative")
                             :ARG2 (s52.p / person
                                          :name (s52.n / name
                                                       :op1 "Tony")
                                          :same-as s2.p)))
   :snt53 (s53.t / thank-01
                 :ARG1 (s53.y / you
                              :same-as s3.i)))

