# ::id doc-485
# ::doc_file doc-485
# ::tok http : / / www . ted . com / talks / allison_hunt_gets_a_new_hip< / url> <next_sent> Allison Hunt : My three minutes has n't started yet , has it ? <next_sent> No , you ca n't start the three minutes . <next_sent> Reset the three minutes , that 's just not fair . <next_sent> AH : Oh my God , it 's harsh up here . <next_sent> I mean I 'm nervous enough as it is . <next_sent> But I am not as nervous as I was five weeks ago . <next_sent> Five weeks ago I had total hip replacement surgery . <next_sent> Do you know that surgery ? <next_sent> Electric saw , power drill , totally disgusting unless you 're David Bolinsky , in which case it 's all truth and beauty . <next_sent> Sure David , if it 's not your hip , it 's truth and beauty . <next_sent> Anyway , I did have a really big epiphany around the situation , so Chris invited me to tell you about it . <next_sent> But first you need to know two things about me . <next_sent> Just two things . <next_sent> I 'm Canadian , and I 'm the youngest of seven kids . <next_sent> Now , in Canada , we have that great healthcare system . <next_sent> That means we get our new hips for free . <next_sent> And being the youngest of seven , I have never been at the front of the line for anything . <next_sent> OK ? <next_sent> So my hip had been hurting me for years . <next_sent> I finally went to the doctor , which was free . <next_sent> And she referred me to an orthopedic surgeon , also free . <next_sent> Finally got to see him after 10 months of waiting -- almost a year . <next_sent> That is what free gets you . <next_sent> I met the surgeon , and he took some free X - rays , and I got a good look at them . <next_sent> And you know , even I could tell my hip was bad , and I actually work in marketing . <next_sent> So he said , " Allison , we 've got to get you on the table . <next_sent> I 'm going to replace your hip -- it 's about an 18 - month wait . " <next_sent> 18 more months . <next_sent> I 'd already waited 10 months , and I had to wait 18 more months . <next_sent> You know , it 's such a long wait that I actually started to even think about it in terms of TEDs . <next_sent> I would n't have my new hip for this TED . <next_sent> I would n't have my new hip for TEDGlobal in Africa . <next_sent> I would not have my new hip for TED 2008 . <next_sent> I would still be on my bad hip . <next_sent> That was so disappointing . <next_sent> So , I left his office and I was walking through the hospital , and that 's when I had my epiphany . <next_sent> This youngest of seven had to get herself to the front of the line . <next_sent> Oh yeah . <next_sent> Can I tell you how un - Canadian that is ? <next_sent> We do not think that way . <next_sent> In fact , when we 're traveling abroad , it 's how we identify fellow Canadians . <next_sent> Hey , are you from Canada ? <next_sent> " Oh , me too ! <next_sent> Hi ! " <next_sent> " Great ! <next_sent> Excellent ! " <next_sent> So no , suddenly I was n't averse to butting any geezer off the list . <next_sent> Some 70 - year - old who wanted his new hip so he could be back golfing , or gardening . <next_sent> No , no. Front of the line . <next_sent> So by now I was walking the lobby , and of course , that hurt , because of my hip , and I kind of needed a sign . <next_sent> And I saw a sign . <next_sent> In the window of the hospital 's tiny gift shop there was a sign that said , " Volunteers Needed . " Hmm . <next_sent> Well , they signed me up immediately . <next_sent> They were desperate for volunteers because the average age of the volunteer at the hospital gift shop was 75 . <next_sent> Yeah . <next_sent> They needed some young blood . <next_sent> So , next thing you know , I had my bright blue volunteer vest , I had my photo ID , and I was fully trained by my 89 - year - old boss . <next_sent> I worked alone . <next_sent> Every Friday morning I was at the gift shop . <next_sent> While ringing in hospital staff 's Tic Tacs , I 'd casually ask , " What do you do ? " <next_sent> Then I 'd tell them , " Well , I 'm getting my hip replaced -- in 18 months . <next_sent> It 's gonna be so great when the pain stops . <next_sent> Ow ! " <next_sent> All the staff got to know the plucky , young volunteer . <next_sent> My next surgeon 's appointment was , coincidentally , right after a shift at the gift shop . <next_sent> So , naturally , I had my vest and my identification . <next_sent> I draped them casually over the chair in the doctor 's office . <next_sent> And you know , when he walked in , I could just tell that he saw them . <next_sent> Moments later , I had a surgery date just weeks away , and a big fat prescription for Percocet . <next_sent> Now , word on the street was that it was actually my volunteering that got me to the front of the line . <next_sent> And , you know , I 'm not even ashamed of that . <next_sent> Two reasons . <next_sent> First of all , I am going to take such good care of this new hip . <next_sent> But also I intend to stick with the volunteering , which actually leads me to the biggest epiphany of them all . <next_sent> Even when a Canadian cheats the system , they do it in a way that benefits society .
(d / document
   :snt1 (s1.u / url-entity
               :topic (s1.t / talk-01
                            :ARG0 (s1.p / person
                                        :name (s1.n / name
                                                    :op1 "Europe"))))
   :snt2 (s2.s / say-01
               :ARG0 (s2.p / person
                           :name (s2.n / name
                                       :op1 "Allison"
                                       :op2 "Hunt"))
               :ARG1 (s2.s2 / start-01
                            :ARG1 (s2.t / temporal-quantity
                                        :unit (s2.m / minute)
                                        :quant "3")
                            :ARG1-of (s2.r / request-confirmation-91)
                            :time (s2.y / yet)
                            :polarity "-"))
   :snt3 (s3.p / possible-01
               :ARG1 (s3.s / start-01
                           :ARG0 (s3.y / you
                                       :same-as s2.p)
                           :ARG1 (s3.t / temporal-quantity
                                       :unit (s3.m / minute)
                                       :quant "3"
                                       :same-as s2.t))
               :polarity "-")
   :snt4 (s4.r / reserve-01
               :ARG1 (s4.t / temporal-quantity
                           :unit (s4.m / minute)
                           :quant "3"
                           :same-as s2.t)
               :ARG1-of (s4.f / fair-01
                              :mod (s4.j / just)
                              :polarity "-"))
   :snt5 (s5.s / say-01
               :ARG0 (s5.p / person
                           :name (s5.n / name
                                       :op1 "AH"))
               :ARG1 (s5.h / harsh-02
                           :location (s5.h2 / here
                                            :mod (s5.u / up))
                           :mod (s5.p2 / person
                                       :name (s5.n2 / name
                                                    :op1 "God")
                                       :mod (s5.o / oh))))
   :snt6 (s6.m / mean-01
               :ARG0 (s6.i / i
                           :same-as s2.p)
               :ARG2 (s6.h / have-degree-91
                           :ARG1 s6.i
                           :ARG2 (s6.n / nervous-01
                                       :ARG1 s6.i)
                           :ARG3 (s6.e / enough)
                           :concession (s6.i2 / it)))
   :snt7 (s7.h / have-concession-91
               :ARG1 (s7.h2 / have-degree-91
                            :ARG1 (s7.i / i
                                        :same-as s2.p)
                            :ARG2 (s7.n / nervous-01
                                        :ARG1 s7.i)
                            :ARG3 (s7.e / equal)
                            :ARG4 (s7.n2 / nervous-01
                                         :ARG1 s7.i
                                         :time (s7.b / before
                                                     :quant (s7.t / temporal-quantity
                                                                  :unit (s7.w / week)
                                                                  :quant "5")
                                                     :op1 (s7.n3 / now)))
                            :polarity "-"))
   :snt8 (s8.s / surgery-01
               :ARG1 (s8.i / i
                           :same-as s2.p)
               :ARG2 (s8.r / replace-01
                           :ARG1 (s8.h / hip))
               :degree (s8.t2 / total)
               :time (s8.b / before
                           :quant (s8.t / temporal-quantity
                                        :unit (s8.w / week)
                                        :quant "5"
                                        :same-as s7.t)
                           :op1 (s8.n / now)))
   :snt9 (s9.k / know-01
               :ARG0 (s9.y / you)
               :ARG1 (s9.s / surgery-01
                           :mod (s9.t / that)
                           :same-as s8.t2)
               :polarity (s9.a / amr-unknown))
   :snt10 (s10.h / have-condition-91
                 :ARG1 (s10.d / disgust-01
                              :degree (s10.t2 / total))
                 :ARG2 (s10.p / person
                              :name (s10.n / name
                                           :op1 "David"
                                           :op2 "Bolinsky")
                              :domain (s10.y / you
                                             :same-as s9.y)
                              :polarity "-")
                 :condition-of (s10.a2 / and
                                       :domain (s10.a / all)
                                       :op1 (s10.t3 / true-01)
                                       :op2 (s10.b / beautiful-02))
                 :rel (s10.t / thing
                             :instrument-of (s10.s / see-01
                                                   :mod (s10.e / electric))
                             :mod (s10.d2 / drill-01
                                          :ARG1-of (s10.p2 / power-01))))
   :snt11 (s11.s / say-01
                 :ARG0 (s11.i / i)
                 :ARG1 (s11.h / have-condition-91
                              :ARG1 (s11.a / and
                                           :domain (s11.i2 / it)
                                           :op1 (s11.t / true-01)
                                           :op2 (s11.b / beautiful-02))
                              :ARG2 (s11.h2 / hip
                                            :polarity "-"))
                 :ARG1-of (s11.s2 / sure-02)
                 :ARG2 (s11.p / person
                              :name (s11.n / name
                                           :op1 "David")
                              :part s11.h2
                              :same-as s10.n))
   :snt12 (s12.c / cause-01
                 :ARG0 (s12.h / have-03
                              :ARG0 (s12.i / i
                                           :same-as s2.p)
                              :ARG1 (s12.e / epiphany
                                           :mod (s12.b / big
                                                       :degree (s12.r / really))
                                           :topic (s12.s / situation)))
                 :ARG1 (s12.i2 / invite-01
                               :ARG0 (s12.p / person
                                            :name (s12.n / name
                                                         :op1 "Chris"))
                               :ARG1 s12.i
                               :ARG2 (s12.t / tell-01
                                            :ARG0 s12.i
                                            :ARG1 (s12.y / you
                                                         :same-as s9.y)
                                            :ARG2 s12.s))
                 :mod (s12.a / anyway))
   :snt13 (s13.c / contrast-01
                 :ARG2 (s13.n / need-01
                              :ARG0 (s13.y / you
                                           :same-as s9.y)
                              :ARG1 (s13.k / know-01
                                           :ARG0 s13.y
                                           :ARG1 (s13.t / thing
                                                        :topic (s13.i / i
                                                                      :same-as s2.p)
                                                        :quant "2"))
                              :time (s13.f / first)))
   :snt14 (s14.t / thing
                 :mod (s14.j / just)
                 :quant "2"
                 :same-as s13.t)
   :snt15 (s15.a / and
                 :op1 (s15.p / person
                             :domain (s15.i / i
                                            :same-as s2.p)
                             :mod (s15.c / country
                                         :name (s15.n / name
                                                      :op1 "Canada")))
                 :op2 (s15.h / have-degree-91
                             :ARG1 s15.i
                             :ARG2 (s15.y / young)
                             :ARG3 (s15.m / most)
                             :ARG5 (s15.k / kid
                                          :ARG1-of (s15.i2 / include-91
                                                           :ARG2 (s15.k2 / kid
                                                                         :quant "7")))))
   :snt16 (s16.h / have-03
                 :ARG0 (s16.w / we)
                 :ARG1 (s16.s / system
                              :mod (s16.h2 / healthcare)
                              :mod (s16.g / great)
                              :mod (s16.t / that))
                 :location (s16.c / country
                                  :name (s16.n / name
                                               :op1 "Canada"))
                 :time (s16.n2 / now))
   :snt17 (s17.m / mean-01
                 :ARG1 (s17.t / that
                              :same-as s16.h)
                 :ARG2 (s17.g / get-01
                              :ARG0 (s17.w / we
                                           :part (s17.h / hip
                                                        :ARG1-of (s17.n / new-01)
                                                        :ARG1-of s17.g))
                              :ARG3 (s17.f / free-03)))
   :snt18 (s18.a / and
                 :op2 (s18.b / be-located-at-91
                             :purpose (s18.a2 / anything)
                             :ARG1 (s18.i / i
                                          :same-as s2.p)
                             :ARG1-of (s18.c / cause-01
                                             :ARG0 (s18.h / have-degree-91
                                                          :ARG1 s18.i
                                                          :ARG2 (s18.y2 / young)
                                                          :ARG3 (s18.m / most)
                                                          :ARG5 (s18.p / person
                                                                       :age (s18.t / temporal-quantity
                                                                                   :unit (s18.y / year)
                                                                                   :quant "7"))))
                             :ARG2 (s18.f / front
                                          :part-of (s18.l / line))
                             :time (s18.e / ever)
                             :polarity "-"))
   :snt19 (s19.o / okay-01
                 :polarity (s19.a / amr-unknown))
   :snt20 (s20.i2 / infer-01
                  :ARG1 (s20.h2 / hurt-01
                                :ARG0 (s20.h / hip
                                             :part-of (s20.i / i
                                                             :same-as s2.p
                                                             :same-as s11.h2))
                                :ARG1 s20.i
                                :duration (s20.m / multiple
                                                 :op1 (s20.t / temporal-quantity
                                                             :unit (s20.y / year)
                                                             :quant "1"))))
   :snt21 (s21.g / go-02
                 :ARG0 (s21.i / i
                              :same-as s2.p)
                 :ARG1-of (s21.f2 / free-03)
                 :ARG4 (s21.d / doctor)
                 :mod (s21.f / final))
   :snt22 (s22.a2 / and
                  :op2 (s22.r / refer-02
                              :ARG0 (s22.s / she
                                           :same-as s21.f2)
                              :ARG1 (s22.i / i
                                           :same-as s2.p)
                              :ARG2 (s22.p / person
                                           :ARG0-of (s22.s2 / surgery-01
                                                            :ARG2 (s22.o / orthopedics))
                                           :ARG1-of (s22.f / free-03
                                                           :mod (s22.a / also)))))
   :snt23 (s23.g / get-01
                 :ARG1 (s23.s / see-01
                              :ARG1 (s23.h / he
                                           :same-as s22.p)
                              :time (s23.a / after
                                           :op1 (s23.w / wait-01
                                                       :duration (s23.t / temporal-quantity
                                                                        :unit (s23.m / month)
                                                                        :quant "10")
                                                       :duration (s23.a2 / almost
                                                                         :op1 (s23.t2 / temporal-quantity
                                                                                      :unit (s23.y / year)
                                                                                      :quant "1")))))
                 :time (s23.f / final))
   :snt24 (s24.g / get-01
                 :ARG0 (s24.y / you)
                 :ARG1 (s24.t / that)
                 :ARG3 (s24.f / free-03))
   :snt25 (s25.a / and
                 :op1 (s25.m / meet-03
                             :ARG0 (s25.i / i
                                          :same-as s2.p)
                             :ARG1 (s25.p / person
                                          :ARG0-of (s25.s2 / surgery-01)
                                          :same-as s22.p))
                 :op2 (s25.x / xray-01
                             :quant (s25.s / some)
                             :ARG1 s25.p
                             :ARG1-of (s25.f / free-03))
                 :op3 (s25.l / look-01
                             :ARG0 s25.i
                             :ARG1 (s25.t / they
                                          :same-as s25.x)
                             :ARG1-of (s25.g / good-02)))
   :snt26 (s26.a2 / and
                  :ARG1-of (s26.k / know-01
                                  :ARG0 (s26.y / you))
                  :op1 (s26.p / possible-01
                              :ARG1 (s26.t / tell-02
                                           :ARG0 (s26.i / i
                                                        :mod (s26.e / even
                                                                    :same-as s2.p)
                                                        :part (s26.h / hip
                                                                     :same-as s11.h2))
                                           :ARG1 (s26.b / bad-07
                                                        :ARG1 s26.h))
                              :mod s26.a2)
                  :op2 (s26.w / work-01
                              :ARG0 s26.i
                              :ARG1 (s26.m / market-01)
                              :ARG1-of (s26.a / actual-02)))
   :snt27 (s27.c / cause-01
                 :ARG1 (s27.s / say-01
                              :ARG0 (s27.h / he
                                           :same-as s22.p)
                              :ARG1 (s27.o / obligate-01
                                           :ARG1 (s27.w / we)
                                           :ARG2 (s27.g / get-05
                                                        :ARG0 s27.w
                                                        :ARG1 (s27.p / person
                                                                     :name (s27.n / name
                                                                                  :op1 "Allison")
                                                                     :same-as s2.p)
                                                        :ARG2 (s27.t / table)))))
   :snt28 (s28.a2 / and
                  :op1 (s28.r / replace-01
                              :ARG0 (s28.i / i
                                           :same-as s22.p)
                              :ARG1 (s28.h / hip
                                           :part-of (s28.y / you
                                                           :same-as s2.p)
                                           :same-as s11.h2))
                  :op2 (s28.w / wait-01
                              :ARG2 s28.r
                              :duration (s28.a / about
                                               :op1 (s28.t / temporal-quantity
                                                           :unit (s28.m / month)
                                                           :quant "18"))))
   :snt29 (s29.t / temporal-quantity
                 :quant (s29.m2 / more)
                 :unit (s29.m / month)
                 :quant "18")
   :snt30 (s30.a2 / and
                  :op1 (s30.w / wait-01
                              :ARG1 (s30.i / i
                                           :same-as s2.p)
                              :duration (s30.t / temporal-quantity
                                               :unit (s30.m / month)
                                               :quant "10")
                              :time (s30.a / already))
                  :op2 (s30.o / obligate-01
                              :ARG1 s30.i
                              :ARG2 (s30.w2 / wait-01
                                            :ARG1 s30.i
                                            :duration (s30.t2 / temporal-quantity
                                                              :mod (s30.m3 / more)
                                                              :unit (s30.m2 / month)
                                                              :quant "18"))))
   :snt31 (s31.l / long-03
                 :ARG0-of (s31.c / cause-01
                                 :ARG1 (s31.s / start-01
                                              :ARG0 (s31.i / i
                                                           :same-as s2.p)
                                              :ARG1 (s31.t / think-01
                                                           :ARG0 s31.i
                                                           :ARG1 (s31.i2 / it)
                                                           :ARG2 (s31.c2 / conference
                                                                         :name (s31.n / name
                                                                                      :op1 "TEDs"))
                                                           :mod (s31.e / even))
                                              :ARG1-of (s31.a / actual-02)))
                 :ARG1 (s31.w / wait-01)
                 :ARG1-of (s31.k / know-01
                                 :ARG0 (s31.y / you))
                 :degree (s31.s2 / such))
   :snt32 (s32.h / have-03
                 :purpose (s32.c / conference
                                 :name (s32.n / name
                                              :op1 "TED")
                                 :mod (s32.t / this))
                 :ARG0 (s32.i / i
                              :part (s32.h2 / hip
                                            :ARG1-of (s32.n2 / new-01)
                                            :ARG1-of s32.h
                                            :same-as s11.h2)
                              :same-as s2.p)
                 :polarity "-")
   :snt33 (s33.h / have-03
                 :ARG0 (s33.i / i
                              :same-as s2.p)
                 :ARG1 (s33.h2 / hip
                               :ARG1-of (s33.n3 / new-01)
                               :poss s33.i
                               :same-as s11.h2)
                 :beneficiary (s33.b / broadcast-program
                                     :name (s33.n / name
                                                  :op1 "TEDGlobal")
                                     :location (s33.c / continent
                                                      :name (s33.n2 / name
                                                                    :op1 "Africa")))
                 :polarity "-")
   :snt34 (s34.h / have-03
                 :purpose (s34.c / conference
                                 :name (s34.n / name
                                              :op1 "TED")
                                 :time (s34.d / date-entity
                                              :year "2008"))
                 :ARG0 (s34.i / i
                              :part (s34.h2 / hip
                                            :ARG1-of (s34.n2 / new-01)
                                            :ARG1-of s34.h
                                            :same-as s11.h2)
                              :same-as s2.p)
                 :polarity "-")
   :snt35 (s35.b2 / be-located-at-91
                  :ARG1 (s35.i / i
                               :part (s35.h / hip
                                            :ARG1-of (s35.b / bad-07)
                                            :ARG2-of s35.b2
                                            :same-as s11.h2)
                               :same-as s2.p)
                  :mod (s35.s / still))
   :snt36 (s36.h / have-degree-91
                 :ARG1 (s36.t / that)
                 :ARG2 (s36.d / disappoint-01
                              :ARG0 s36.t)
                 :ARG3 (s36.s / so))
   :snt37 (s37.a / and
                 :op1 (s37.l / leave-11
                             :ARG0 (s37.i / i
                                          :same-as s2.p)
                             :ARG1 (s37.o / office
                                          :poss (s37.h2 / he
                                                        :same-as s22.p)))
                 :op2 (s37.w / walk-01
                             :ARG0 s37.i
                             :ARG2 (s37.t / through
                                          :op1 (s37.h3 / hospital)))
                 :op3 (s37.h / have-03
                             :ARG0 s37.i
                             :ARG1 (s37.e / epiphany
                                          :poss s37.i)
                             :time s37.l))
   :snt38 (s38.o / obligate-01
                 :ARG1 (s38.p / person
                              :mod (s38.t2 / this)
                              :mod (s38.y2 / young
                                           :ARG2-of (s38.h / have-degree-91
                                                           :ARG1 s38.p
                                                           :ARG3 (s38.m / most))
                                           :age (s38.t / temporal-quantity
                                                       :unit (s38.y / year)
                                                       :quant "7"
                                                       :same-as s15.k2))
                              :same-as s2.p)
                 :ARG2 (s38.g / get-05
                              :ARG0 s38.p
                              :ARG1 s38.p
                              :ARG2 (s38.f / front
                                           :part-of (s38.l / line))))
   :snt39 (s39.o / oh-yeah
                 :mode "expressive")
   :snt40 (s40.p / possible-01
                 :ARG1 (s40.t / tell-01
                              :ARG0 (s40.i / i
                                           :same-as s2.p)
                              :ARG1 (s40.t3 / thing
                                            :degree-of (s40.c / country
                                                              :name (s40.n / name
                                                                           :op1 "Canada")
                                                              :polarity "-")
                                            :domain (s40.t2 / that))
                              :ARG2 (s40.y / you
                                           :same-as s9.y))
                 :polarity (s40.a / amr-unknown))
   :snt41 (s41.t2 / think-01
                  :ARG0 (s41.w2 / we)
                  :manner (s41.w / way
                                 :mod (s41.t / that))
                  :polarity "-")
   :snt42 (s42.i / identify-01
                 :ARG0 (s42.w / we)
                 :ARG1 (s42.p / person
                              :mod (s42.f / fellow)
                              :mod (s42.c / country
                                          :name (s42.n / name
                                                       :op1 "Canada")))
                 :manner (s42.i3 / it)
                 :mod (s42.i2 / in-fact)
                 :rel (s42.t / travel-01
                             :ARG0 s42.w
                             :ARG1 (s42.a / abroad)))
   :snt43 (s43.b / be-from-91
                 :ARG1 (s43.y / you
                              :same-as s2.p)
                 :ARG2 (s43.c / country
                              :name (s43.n / name
                                           :op1 "Canada")
                              :same-as s16.c)
                 :mod (s43.h / hey
                             :mode "expressive")
                 :polarity (s43.a / amr-unknown))
   :snt44 (s44.i / i
                 :mod (s44.o / oh
                             :mode "expressive")
                 :mod (s44.t / too)
                 :same-as s2.p)
   :snt45 (s45.h / hi)
   :snt46 (s46.g / great
                 :mode "expressive")
   :snt47 (s47.e / excellent-02
                 :mode "expressive")
   :snt48 (s48.c / cause-01
                 :ARG1 (s48.o2 / open-05
                               :ARG1 (s48.i / i
                                            :same-as s2.p)
                               :ARG2 (s48.b / butt-in-01
                                            :ARG0 s48.i
                                            :ARG1 (s48.g / geezer
                                                         :mod (s48.a / any))
                                            :location (s48.o / off
                                                             :op1 (s48.l / list)))
                               :manner (s48.s / sudden)
                               :polarity "-"))
   :snt49 (s49.p / person
                 :ARG0-of (s49.w / want-01
                                 :purpose (s49.p2 / possible-01
                                                  :ARG1 (s49.b / back
                                                               :op1 (s49.o / or
                                                                           :op1 (s49.g2 / golf-01)
                                                                           :op2 (s49.g / garden-01))))
                                 :ARG1 (s49.h / hip
                                              :ARG1-of (s49.n / new-01)))
                 :age (s49.t / temporal-quantity
                             :unit (s49.y / year)
                             :quant "70")
                 :mod (s49.s / some)
                 :part s49.h
                 :domain-of s49.b
                 :ARG0-of s49.g2
                 :ARG0-of s49.g)
   :snt50 (s50.a / and
                 :op1 (s50.h / have-polarity-91
                             :ARG2 "-")
                 :op2 (s50.i / in-front-of
                             :op1 (s50.l / line)
                             :same-as s38.f))
   :snt51 (s51.a / and
                 :op1 (s51.w / walk-01
                             :ARG0 (s51.i / i
                                          :part (s51.h / hip
                                                       :same-as s11.h2)
                                          :same-as s2.p)
                             :ARG2 (s51.l / lobby)
                             :time (s51.b / by
                                          :op1 (s51.n2 / now)))
                 :op2 (s51.h2 / hurt-02
                              :ARG1 s51.w
                              :ARG1-of (s51.c / cause-01
                                              :ARG0 s51.h)
                              :mod (s51.o / of-course))
                 :op3 (s51.n / need-01
                             :ARG0 s51.i
                             :ARG1 (s51.s / sign)
                             :degree (s51.k / kind-of)))
   :snt52 (s52.a / and
                 :op2 (s52.s / see-01
                             :ARG0 (s52.i / i
                                          :same-as s2.p)
                             :ARG1 (s52.s2 / signal-07)))
   :snt53 (s53.h / hmm
                 :domain (s53.s3 / sign
                                 :ARG0-of (s53.s / say-01
                                                 :ARG1 (s53.n / need-01
                                                              :ARG1 (s53.p / person
                                                                           :ARG0-of (s53.v / volunteer-01))))
                                 :location (s53.w / window
                                                  :part-of (s53.s2 / shop
                                                                   :mod (s53.g / gift-01)
                                                                   :mod (s53.t / tiny)
                                                                   :poss (s53.h2 / hospital
                                                                                 :same-as s37.h3))))
                 :mode "expressive")
   :snt54 (s54.s / sign-up-03
                 :ARG0 (s54.t / they)
                 :ARG1 (s54.i / i
                              :same-as s2.p)
                 :mod (s54.w / well)
                 :time (s54.i2 / immediate))
   :snt55 (s55.d / desperate-02
                 :ARG0 (s55.t / they
                              :same-as s54.t)
                 :ARG1 (s55.p / person
                              :ARG0-of (s55.v / volunteer-01
                                              :location (s55.s / shop
                                                               :location (s55.h / hospital)
                                                               :mod (s55.g / gift)
                                                               :same-as s53.s2)))
                 :ARG1-of (s55.c / cause-01
                                 :ARG0 (s55.a / age-01
                                              :ARG1-of (s55.a2 / average-04)
                                              :ARG2 "75")))
   :snt56 (s56.y / yeah)
   :snt57 (s57.n / need-01
                 :ARG0 (s57.t / they
                              :same-as s54.t)
                 :ARG1 (s57.b / blood
                              :quant (s57.s / some)
                              :mod (s57.y / young)))
   :snt58 (s58.a / and
                 :op1 (s58.h / have-03
                             :ARG0 (s58.i / i
                                          :same-as s2.p)
                             :ARG1 (s58.v / vest
                                          :purpose (s58.v2 / volunteer-01)
                                          :mod (s58.b / blue
                                                      :ARG1-of (s58.b3 / bright-02))
                                          :poss s58.i))
                 :op2 (s58.h2 / have-03
                              :ARG0 s58.i
                              :ARG1 (s58.d / document-01
                                           :ARG1 (s58.i2 / identity
                                                         :ARG1-of (s58.p2 / photograph-01)
                                                         :poss s58.i)))
                 :op3 (s58.t3 / train-01
                              :ARG0 (s58.p / person
                                           :ARG0-of (s58.h3 / have-rel-role-91
                                                            :ARG1 s58.i
                                                            :ARG2 (s58.b2 / boss))
                                           :age (s58.t / temporal-quantity
                                                       :unit (s58.y / year)
                                                       :quant "89"))
                              :ARG1-of (s58.f / full-09)
                              :ARG2 s58.i)
                 :time (s58.t2 / thing
                               :ARG1-of (s58.k / know-01
                                               :ARG0 (s58.y2 / you))
                               :mod (s58.n / next)))
   :snt59 (s59.w / work-01
                 :ARG0 (s59.i / i
                              :same-as s2.p)
                 :manner (s59.a / alone))
   :snt60 (s60.b / be-located-at-91
                 :ARG1 (s60.i / i
                              :same-as s2.p)
                 :ARG2 (s60.s / shop
                              :mod (s60.g / gift-01)
                              :same-as s53.s2)
                 :frequency (s60.r / rate-entity-91
                                   :ARG4 (s60.d / date-entity
                                                :dayperiod (s60.m / morning)
                                                :weekday (s60.f / friday))))
   :snt61 (s61.a2 / ask-01
                  :ARG0 (s61.i / i
                               :same-as s2.p)
                  :ARG1 (s61.d / do-02
                               :ARG0 (s61.y / you
                                            :same-as s61.p)
                               :ARG1 (s61.a / amr-unknown))
                  :manner (s61.c / casual)
                  :time (s61.r / ring-01
                               :ARG0 s61.i
                               :ARG1 (s61.p2 / product
                                             :name (s61.n / name
                                                          :op1 "Tic"
                                                          :op2 "Tacs")
                                             :poss (s61.p / person
                                                          :ARG2-of (s61.s / staff-01
                                                                          :ARG1 (s61.h / hospital))))))
   :snt62 (s62.t / tell-01
                 :ARG0 (s62.i / i
                              :part (s62.h / hip
                                           :same-as s11.h2)
                              :same-as s2.p)
                 :ARG1 (s62.g / get-01
                              :ARG0 s62.i
                              :ARG1 (s62.r / replace-01
                                           :ARG1 s62.h)
                              :mod (s62.w / well)
                              :time (s62.a / after
                                           :quant (s62.t2 / temporal-quantity
                                                          :unit (s62.m / month)
                                                          :quant "18")
                                           :op1 (s62.n / now)))
                 :ARG2 (s62.t4 / they
                               :same-as s61.p)
                 :time (s62.t3 / then))
   :snt63 (s63.g / great
                 :degree (s63.s / so)
                 :time (s63.s2 / stop-01
                               :ARG1 (s63.p / pain-01)))
   :snt64 (s64.o / ouch
                 :mode "expressive")
   :snt65 (s65.g / get-03
                 :ARG1 (s65.p / person
                              :ARG2-of (s65.s / staff-01)
                              :mod (s65.a / all)
                              :same-as s61.p)
                 :ARG2 (s65.k / know-02
                              :ARG0 s65.p
                              :ARG1 (s65.p2 / person
                                            :ARG0-of (s65.v / volunteer-01)
                                            :mod (s65.y / young)
                                            :mod (s65.p3 / plucky)
                                            :same-as s2.p)))
   :snt66 (s66.b / be-temporally-at-91
                 :ARG1 (s66.a2 / appointment-02
                               :ARG0 (s66.i / i
                                            :same-as s2.p)
                               :ARG1 (s66.p / person
                                            :ARG0-of (s66.s3 / surgery-01
                                                             :ARG2 s66.i))
                               :mod (s66.n / next))
                 :ARG2 (s66.a / after
                              :ARG1-of (s66.c / coincide-01)
                              :mod (s66.r / right)
                              :op1 (s66.s / shift
                                          :location (s66.s2 / shop
                                                            :mod (s66.g / gift)
                                                            :same-as s53.s2))))
   :snt67 (s67.c / cause-01
                 :ARG1 (s67.h / have-03
                              :ARG0 (s67.i / i
                                           :same-as s2.p)
                              :ARG1 (s67.a / and
                                           :op1 (s67.v / vest
                                                       :poss s67.i
                                                       :same-as s58.v)
                                           :op2 (s67.t / thing
                                                       :ARG2-of (s67.i2 / identify-01
                                                                        :ARG1 s67.i)
                                                       :same-as s2.p
                                                       :same-as s58.d))
                              :ARG1-of (s67.n / natural-03)))
   :snt68 (s68.d2 / drape-01
                  :ARG0 (s68.i / i
                               :same-as s2.p)
                  :ARG1 (s68.t / they
                               :same-as s67.a)
                  :ARG2 (s68.o2 / over
                                :op1 (s68.c2 / chair
                                             :location (s68.o / office
                                                              :poss (s68.p / person
                                                                           :ARG0-of (s68.h / have-org-role-91
                                                                                           :ARG2 (s68.d / doctor))
                                                                           :same-as s22.p))))
                  :manner (s68.c / casual))
   :snt69 (s69.a / and
                 :op2 (s69.k / know-06
                             :ARG0 (s69.y / you)
                             :ARG1 (s69.p / possible-01
                                          :ARG1 (s69.t / tell-02
                                                       :ARG0 (s69.i / i
                                                                    :same-as s2.p)
                                                       :ARG1 (s69.s / see-01
                                                                    :ARG0 (s69.h / he
                                                                                 :same-as s22.p)
                                                                    :ARG1 (s69.t2 / they
                                                                                  :same-as s67.a))
                                                       :mod (s69.j / just))
                                          :time (s69.w / walk-01
                                                       :ARG0 s69.h))))
   :snt70 (s70.h / have-03
                 :ARG0 (s70.i / i
                              :same-as s2.p)
                 :ARG1 (s70.a3 / and
                               :op1 (s70.d / date
                                           :time (s70.a2 / after
                                                         :quant (s70.m2 / multiple
                                                                        :op1 (s70.t2 / temporal-quantity
                                                                                     :unit (s70.w / week)
                                                                                     :quant "1"))
                                                         :mod (s70.j / just)
                                                         :op1 (s70.n2 / now))
                                           :time-of (s70.s / surgery-01
                                                           :ARG1 s70.i))
                               :op2 (s70.p / prescribe-02
                                           :ARG1 (s70.t3 / thing)
                                           :ARG1-of (s70.f / fat-03)
                                           :ARG2 (s70.p2 / product
                                                         :name (s70.n / name
                                                                      :op1 "Percocet"))
                                           :mod (s70.b / big)))
                 :time (s70.a / after
                              :quant (s70.m / multiple
                                            :op1 (s70.t / temporal-quantity
                                                        :quant "1"))))
   :snt71 (s71.w / word-01
                 :ARG1 (s71.g / get-05
                              :ARG0 (s71.v / volunteer-01
                                           :ARG0 (s71.i / i
                                                        :same-as s2.p))
                              :ARG1 s71.i
                              :ARG1-of (s71.a / actual-02)
                              :ARG2 (s71.f / front
                                           :part-of (s71.l / line)))
                 :location (s71.s / street))
   :snt72 (s72.a / and
                 :op2 (s72.s / shame-02
                             :ARG1 (s72.i / i
                                          :same-as s2.p)
                             :ARG1-of (s72.k / know-01
                                             :ARG0 (s72.y / you))
                             :ARG2 (s72.t / that
                                          :same-as s71.i)
                             :mod (s72.e / even)
                             :polarity "-"))
   :snt73 (s73.c / cause-01
                 :ARG0 (s73.r / reason
                              :quant "2"))
   :snt74 (s74.c / care-03
                 :ARG0 (s74.i / i
                              :same-as s2.p)
                 :ARG1 (s74.h / hip
                              :ARG1-of (s74.n / new-01)
                              :mod (s74.t / this)
                              :same-as s11.h2)
                 :ARG1-of (s74.g / good-02
                                 :degree (s74.s / such))
                 :mod (s74.f / first-of-all))
   :snt75 (s75.c / contrast-01
                 :ARG2 (s75.i2 / intend-01
                               :ARG0 (s75.i / i
                                            :same-as s2.p)
                               :ARG1 (s75.s / stick-01
                                            :ARG1 s75.i
                                            :ARG2 (s75.v / volunteer-01
                                                         :ARG0 s75.i
                                                         :ARG0-of (s75.l / lead-03
                                                                         :ARG1 s75.i
                                                                         :ARG1-of (s75.a / actual-02)
                                                                         :ARG2 (s75.e / epiphany
                                                                                      :ARG1-of (s75.h / have-degree-91
                                                                                                      :ARG2 (s75.b / big)
                                                                                                      :ARG3 (s75.m / most)
                                                                                                      :ARG5 (s75.t / they
                                                                                                                   :mod (s75.a2 / all)))))))
                               :mod (s75.a3 / also)))
   :snt76 (s76.h / have-concession-91
                 :ARG1 (s76.d / do-02
                              :ARG0 (s76.c / cheat-02
                                           :ARG0 (s76.p / person
                                                        :mod (s76.c2 / country
                                                                     :name (s76.n / name
                                                                                  :op1 "Canada")))
                                           :ARG1 (s76.s2 / system))
                              :ARG1 (s76.i / it
                                           :same-as s76.c)
                              :manner (s76.b / benefit-01
                                             :ARG0 s76.p
                                             :ARG1 (s76.s / society)))
                 :ARG2 (s76.e / even-when
                              :op1 s76.c)))

