# ::id doc-1152
# ::doc_file doc-1152
# ::tok http : / / www . ted . com / talks / louie_schwartzberg_hidden_miracles_of_the_natural_world< / url> <next_sent> What is the intersection between technology , art and science ? <next_sent> Curiosity and wonder , because it drives us to explore , because we 're surrounded by things we ca n't see . <next_sent> And I love to use film to take us on a journey through portals of time and space , to make the invisible visible , it expands our horizons , it transforms our perception , it opens our minds and it touches our heart . <next_sent> So here are some scenes from my 3D IMAX film , " Mysteries of the Unseen World . " <next_sent> There is movement which is too slow for our eyes to detect , and time lapse makes us discover and broaden our perspective of life . <next_sent> We can see how organisms emerge and grow , how a vine survives by creeping from the forest floor to look at the sunlight . <next_sent> And at the grand scale , time lapse allows us to see our planet in motion . <next_sent> We can view not only the vast sweep of nature , but the restless movement of humanity . <next_sent> Each streaking dot represents a passenger plane , and by turning air traffic data into time - lapse imagery , we can see something that 's above us constantly but invisible : the vast network of air travel over the United States . <next_sent> We can do the same thing with ships at sea . <next_sent> We can turn data into a time - lapse view of a global economy in motion . <next_sent> And decades of data give us the view of our entire planet as a single organism sustained by currents circulating throughout the oceans and by clouds swirling through the atmosphere , pulsing with lightning , crowned by the aurora borealis . <next_sent> It may be the ultimate time - lapse image : the anatomy of Earth brought to life . <next_sent> We can shoot images that are thousands of times And we can see how nature 's ingenious devices work , and perhaps we can even imitate them . <next_sent> When a dragonfly flutters by , you may not realize , but it 's the greatest flier in nature . <next_sent> It can hover , fly backwards , even upside down . <next_sent> And by tracking markers on an insect 's wings , we can visualize the air flow that they produce . <next_sent> Nobody knew the secret , but high speed shows that a dragonfly can move all four wings in different directions And what we learn can lead us to new kinds of robotic flyers that can expand our vision of important and remote places . <next_sent> We 're giants , and we 're unaware of things that are too small for us to see . <next_sent> The electron microscope fires electrons which creates images which can magnify things by as much as a million times . <next_sent> This is the egg of a butterfly . <next_sent> And there are unseen creatures living all over your body , including mites that spend their entire lives dwelling on your eyelashes , crawling over your skin at night . <next_sent> Can you guess what this is ? <next_sent> Shark skin . <next_sent> A caterpillar 's mouth . <next_sent> The eye of a fruit fly . <next_sent> An eggshell . <next_sent> A flea . <next_sent> A snail 's tongue . <next_sent> We think we know most of the animal kingdom , but there may be millions of tiny species waiting to be discovered . <next_sent> A spider also has great secrets , because spider 's silk thread is pound for pound stronger than steel but completely elastic . <next_sent> This journey will take us all the way down to the nano world . <next_sent> The silk is 100 times thinner than human hair . <next_sent> On there is bacteria , and near that bacteria , 10 times smaller , a virus . <next_sent> Inside of that , 10 times smaller , three strands of DNA , and nearing the limit of our most powerful microscopes , single carbon atoms . <next_sent> With the tip of a powerful microscope , we can actually move atoms and begin to create amazing nano devices . <next_sent> Some could one day patrol our body for all kinds of diseases and clean out clogged arteries along the way . <next_sent> Tiny chemical machines of the future can one day , perhaps , repair DNA . <next_sent> We are on the threshold of extraordinary advances , born of our drive to unveil the mysteries of life . <next_sent> So under an endless rain of cosmic dust , the air is full of pollen , micro - diamonds and jewels from other planets , and supernova explosions . <next_sent> People go about their lives surrounded by the unseeable . <next_sent> Knowing that there 's so much around us we can see forever changes our understanding of the world , and by looking at unseen worlds , we recognize that we exist in the living universe , and this new perspective creates wonder and inspires us to become explorers in our own backyards . <next_sent> Who knows what awaits to be seen and what new wonders will transform our lives . <next_sent> We 'll just have to see . <next_sent> Thank you .
(d / document
   :snt1 (s1.u / url-entity
               :polarity "-"
               :value "YouTube")
   :snt2 (s2.i / intersect-01
               :ARG0 (s2.a / amr-unknown)
               :ARG1 (s2.t / technology)
               :ARG1 (s2.s / science)
               :ARG2 (s2.a2 / art))
   :snt3 (s3.c / cause-01
               :ARG0 (s3.c2 / cause-01
                            :ARG0 (s3.s2 / surround-01
                                         :ARG1 (s3.t / thing
                                                     :ARG1-of (s3.s / see-01
                                                                    :ARG0 (s3.w / we)
                                                                    :ARG1-of (s3.p / possible-01
                                                                                   :polarity "-")))
                                         :ARG2 s3.w)
                            :ARG1 (s3.d / drive-02
                                        :ARG0 (s3.a / and
                                                    :op1 (s3.c3 / curious-01)
                                                    :op2 (s3.w2 / wonder-01))
                                        :ARG1 s3.w
                                        :ARG2 (s3.e / explore-01
                                                    :ARG0 s3.w)))
               :ARG1 s3.a)
   :snt4 (s4.a / and
               :op2 (s4.l / love-01
                          :ARG0 (s4.i / i)
                          :ARG1 (s4.u / use-01
                                      :ARG0 s4.i
                                      :ARG1 (s4.f / film)
                                      :ARG2 (s4.t / take-01
                                                  :ARG0 s4.f
                                                  :ARG1 (s4.w / we
                                                              :part (s4.m2 / mind)
                                                              :part (s4.h / heart))
                                                  :ARG2 (s4.j / journey-01
                                                              :ARG0 s4.w
                                                              :path (s4.c / channel
                                                                          :mod (s4.a2 / and
                                                                                      :op1 (s4.t3 / time)
                                                                                      :op2 (s4.s3 / space)))))
                                      :op3 (s4.m / make-02
                                                 :ARG0 s4.f
                                                 :ARG1 (s4.p3 / possible-01
                                                              :ARG1 (s4.s2 / see-01
                                                                           :ARG1 (s4.t2 / thing
                                                                                        :ARG1-of (s4.s / see-01
                                                                                                       :ARG1-of (s4.p2 / possible-01
                                                                                                                       :polarity "-"))))))))
               :op4 (s4.e / expand-01
                          :ARG0 s4.f
                          :ARG1 (s4.h2 / horizon
                                       :poss s4.w))
               :op5 (s4.t5 / transform-01
                           :ARG0 s4.f
                           :ARG1 (s4.p / perceive-01
                                       :ARG0 s4.w))
               :op6 (s4.o / open-01
                          :ARG0 s4.f
                          :ARG1 s4.m2)
               :op7 (s4.t4 / touch-01
                           :ARG0 s4.f
                           :ARG1 s4.h))
   :snt5 (s5.c / cause-01
               :ARG1 (s5.s / scene
                           :quant (s5.s2 / some)
                           :location (s5.h / here)
                           :source (s5.f / film
                                         :name (s5.n / name
                                                     :op1 "Mysteries"
                                                     :op2 "of"
                                                     :op3 "the"
                                                     :op4 "Unseen"
                                                     :op5 "World")
                                         :mod (s5.p / product
                                                    :name (s5.n2 / name
                                                                 :op1 "IMAX"))
                                         :poss (s5.i / i
                                                     :same-as s4.i)))
               :rel (s5.d / dimension
                          :quant "3"))
   :snt6 (s6.a / and
               :op1 (s6.m2 / move-01
                           :ARG1-of (s6.h / have-degree-91
                                          :ARG2 (s6.s / slow-01
                                                      :ARG1 s6.m2)
                                          :ARG3 (s6.t2 / too)
                                          :ARG6 (s6.p2 / possible-01
                                                       :ARG1 (s6.d / detect-01
                                                                   :ARG0 (s6.e / eye
                                                                               :part-of (s6.w / we))
                                                                   :ARG1 s6.m2))))
               :op2 (s6.m / make-02
                          :ARG0 (s6.l / lapse-01
                                      :ARG1 (s6.t / time))
                          :ARG1 (s6.a2 / and
                                       :op1 (s6.d2 / discover-01
                                                   :ARG0 s6.w
                                                   :ARG1 (s6.p / perspective
                                                               :poss s6.w
                                                               :topic (s6.l2 / life)))
                                       :op2 (s6.b / broaden-01
                                                  :ARG0 s6.w
                                                  :ARG1 s6.p))))
   :snt7 (s7.p / possible-01
               :ARG1 (s7.s / see-01
                           :ARG0 (s7.w / we)
                           :ARG1 (s7.a / and
                                       :op1 (s7.e / emerge-01
                                                  :ARG0 (s7.o / organism))
                                       :op2 (s7.g / grow-01
                                                  :ARG1 s7.o)
                                       :op3 (s7.s3 / survive-01
                                                   :ARG0 (s7.v / vine)
                                                   :manner (s7.c / creep-01
                                                                 :purpose (s7.l / look-01
                                                                                :ARG0 s7.v
                                                                                :ARG1 (s7.s2 / sunlight))
                                                                 :ARG0 s7.v
                                                                 :source (s7.f / floor
                                                                               :part-of (s7.f2 / forest)))))))
   :snt8 (s8.a2 / and
                :op2 (s8.a / allow-01
                           :ARG0 (s8.l / lapse-01
                                       :ARG1 (s8.t / time))
                           :ARG1 (s8.s2 / see-01
                                        :ARG0 (s8.w / we)
                                        :ARG1 (s8.m / move-01
                                                    :ARG1 (s8.p / planet
                                                                :poss s8.w)))
                           :extent (s8.s / scale
                                         :mod (s8.g / grand))))
   :snt9 (s9.p / possible-01
               :ARG1 (s9.v2 / view-01
                            :ARG0 (s9.w / we)
                            :ARG1 (s9.a / and
                                        :op1 (s9.s / sweep-02
                                                   :ARG1 (s9.n / nature)
                                                   :mod (s9.v / vast))
                                        :op2 (s9.m / move-01
                                                   :ARG0 (s9.h / humanity)
                                                   :ARG0-of (s9.r / rest-01)))))
   :snt10 (s10.a4 / and
                  :op1 (s10.r / represent-01
                              :ARG0 (s10.d3 / dot
                                            :ARG1-of (s10.d2 / discriminate-01)
                                            :mod (s10.e / each))
                              :ARG1 (s10.p2 / plane
                                            :mod (s10.p / passenger)))
                  :op2 (s10.p3 / possible-01
                               :ARG1 (s10.s / see-01
                                            :ARG0 (s10.w / we)
                                            :ARG1 (s10.s3 / something
                                                          :domain (s10.n2 / network-01
                                                                          :ARG1 (s10.t3 / travel-01
                                                                                        :ARG4 (s10.a3 / air)
                                                                                        :location (s10.o / over
                                                                                                         :op1 (s10.c3 / country
                                                                                                                      :name (s10.n / name
                                                                                                                                   :op1 "United"
                                                                                                                                   :op2 "States"))))
                                                                          :mod (s10.v / vast))
                                                          :location (s10.a / above
                                                                           :ARG1-of (s10.c2 / contrast-01
                                                                                            :ARG2 (s10.s2 / see-01
                                                                                                          :ARG1 s10.s3
                                                                                                          :polarity "-"))
                                                                           :frequency (s10.c / constant)
                                                                           :op1 s10.w)))
                               :manner (s10.t4 / turn-02
                                               :ARG1 (s10.d / data
                                                            :mod (s10.t2 / traffic
                                                                         :location (s10.a2 / air)))
                                               :ARG2 (s10.i / imagery
                                                            :mod (s10.l / lapse
                                                                        :mod (s10.t / time))))))
   :snt11 (s11.p / possible-01
                 :ARG1 (s11.d / do-02
                              :ARG0 (s11.w / we)
                              :ARG1 (s11.t / thing
                                           :ARG1-of (s11.s / same-01))
                              :ARG3 (s11.s3 / ship
                                            :location (s11.s2 / sea))))
   :snt12 (s12.p / possible-01
                 :ARG1 (s12.t2 / turn-02
                               :ARG0 (s12.w / we)
                               :ARG1 (s12.d / data)
                               :ARG2 (s12.v / view-01
                                            :ARG1 (s12.e / economy
                                                         :ARG1-of (s12.m / move-03)
                                                         :mod (s12.g / globe))
                                            :mod (s12.l / lapse
                                                        :mod (s12.t / time)))))
   :snt13 (s13.a / and
                 :op2 (s13.g / give-01
                             :ARG0 (s13.d / data
                                          :duration (s13.m / multiple
                                                           :op1 (s13.t / temporal-quantity
                                                                       :unit (s13.d2 / decade)
                                                                       :quant "1")))
                             :ARG1 (s13.v / view-01
                                          :ARG1 (s13.p / planet
                                                       :mod (s13.e / entire)
                                                       :poss (s13.w / we
                                                                    :same-as s8.p))
                                          :ARG2 (s13.o2 / organism
                                                        :ARG1-of (s13.s / single-02)
                                                        :ARG1-of (s13.s2 / sustain-01
                                                                         :ARG0 (s13.a2 / and
                                                                                       :op1 (s13.c4 / current
                                                                                                    :ARG1-of (s13.c / circulate-01
                                                                                                                    :location (s13.o / ocean)))
                                                                                       :op2 (s13.c2 / cloud
                                                                                                    :ARG1-of (s13.s4 / swirl-01
                                                                                                                     :ARG4 (s13.a3 / atmosphere))
                                                                                                    :ARG1-of (s13.s3 / swell-01
                                                                                                                     :ARG3 (s13.l / lightning-01))
                                                                                                    :ARG1-of (s13.c3 / crown-01
                                                                                                                     :ARG0 (s13.a4 / aurora
                                                                                                                                   :mod (s13.b / borealis))))))))
                             :ARG2 s13.w))
   :snt14 (s14.p2 / possible-01
                  :ARG1 (s14.i / image
                               :ARG1-of (s14.m / mean-01
                                               :ARG2 (s14.b / bring-01
                                                            :ARG1 (s14.a / anatomy
                                                                         :poss (s14.p / planet
                                                                                      :name (s14.n / name
                                                                                                   :op1 "Earth")
                                                                                      :same-as s8.p))
                                                            :ARG2 (s14.l2 / life)))
                               :domain (s14.i2 / it)
                               :mod (s14.l / lapse
                                           :mod (s14.t / time))
                               :mod (s14.u / ultimate)))
   :snt15 (s15.a / and
                 :op1 (s15.p / possible-01
                             :ARG1 (s15.s2 / shoot-03
                                           :ARG0 (s15.w / we)
                                           :ARG1 (s15.i / image
                                                        :quant (s15.m / multiple
                                                                      :op1 "1000"))))
                 :op2 (s15.p2 / possible-01
                              :ARG1 (s15.a2 / and
                                            :op1 (s15.s / see-01
                                                        :ARG0 s15.p2
                                                        :ARG1 (s15.t / thing
                                                                     :manner-of (s15.w2 / work-09
                                                                                        :ARG1 (s15.d / device
                                                                                                     :mod (s15.l / luck)
                                                                                                     :poss (s15.n / nature)))))
                                            :op2 (s15.p3 / possible-01
                                                         :ARG1 (s15.i2 / imitate-01
                                                                       :ARG0 s15.w
                                                                       :ARG1 s15.d
                                                                       :mod (s15.e / even))))))
   :snt16 (s16.c / contrast-01
                 :ARG1 (s16.p / possible-01
                              :ARG1 (s16.r / realize-01
                                           :ARG0 (s16.y / you)
                                           :time (s16.f / flutter-01
                                                        :ARG0 (s16.d / dragonfly))
                                           :polarity "-"))
                 :ARG2 (s16.f2 / fly-01
                               :ARG0 s16.d
                               :ARG1-of (s16.h / have-degree-91
                                               :ARG2 (s16.g / great)
                                               :ARG3 (s16.m / most))
                               :mod (s16.n / nature)))
   :snt17 (s17.p / possible-01
                 :ARG1 (s17.a / and
                              :op1 (s17.h / hover-01
                                          :ARG1 (s17.i / it
                                                       :same-as s16.d))
                              :op2 (s17.f / fly-01
                                          :ARG1 s17.i
                                          :direction (s17.b / backwards))
                              :op3 (s17.u / upside
                                          :direction (s17.d / down-03)
                                          :mod (s17.e / even))))
   :snt18 (s18.a2 / and
                  :op2 (s18.p / possible-01
                              :ARG1 (s18.v / visualize-01
                                           :ARG0 (s18.w / we)
                                           :ARG1 (s18.f / flow-01
                                                        :ARG1 (s18.a / air)
                                                        :ARG1-of (s18.p2 / produce-01
                                                                         :ARG0 (s18.i / insect
                                                                                      :part s18.w2))))
                              :manner (s18.t / track-01
                                             :ARG1 (s18.m / mark
                                                          :location (s18.w2 / wing)))))
   :snt19 (s19.a2 / and
                  :op1 (s19.c / contrast-01
                              :ARG1 (s19.k2 / know-01
                                            :ARG0 (s19.n2 / nobody)
                                            :ARG1 (s19.s / secret))
                              :ARG2 (s19.s2 / show-01
                                            :ARG0 (s19.s3 / speed
                                                          :ARG1-of (s19.h / high-02))
                                            :ARG1 (s19.p2 / possible-01
                                                          :ARG1 (s19.m / move-01
                                                                       :ARG0 (s19.d3 / dragonfly
                                                                                     :part (s19.w2 / wing
                                                                                                   :mod (s19.a / all)
                                                                                                   :ARG1-of s19.m
                                                                                                   :quant "4"))
                                                                       :ARG2 (s19.d2 / direction
                                                                                     :ARG1-of (s19.d / differ-02))))))
                  :op2 (s19.p3 / possible-01
                               :ARG1 (s19.l / lead-03
                                            :ARG0 (s19.t / thing
                                                         :ARG1-of (s19.l2 / learn-01
                                                                          :ARG0 (s19.w / we)))
                                            :ARG1 s19.w
                                            :ARG2 (s19.f / fly-01
                                                         :ARG0 (s19.r2 / robot)
                                                         :ARG0-of (s19.e2 / expand-01
                                                                          :ARG1 (s19.e / envision-01
                                                                                       :ARG0 s19.w
                                                                                       :ARG1 (s19.p / place
                                                                                                    :ARG1-of (s19.i / important-01)
                                                                                                    :mod (s19.r / remote)))
                                                                          :ARG1-of (s19.p4 / possible-01))
                                                         :mod (s19.k / kind
                                                                     :ARG1-of (s19.n / new-01))))))
   :snt20 (s20.a / and
                 :op1 (s20.g / giant
                             :domain (s20.w / we))
                 :op2 (s20.r / realize-01
                             :ARG0 s20.w
                             :ARG1 (s20.t / thing
                                          :ARG1-of (s20.h / have-degree-91
                                                          :ARG2 (s20.s2 / small)
                                                          :ARG3 (s20.t2 / too)
                                                          :ARG6 (s20.s / see-01
                                                                       :ARG0 s20.w)))
                             :polarity "-"))
   :snt21 (s21.f / fire-01
                 :ARG0 (s21.m2 / microscope
                               :mod (s21.e / electron))
                 :ARG0-of (s21.c / create-01
                                 :ARG1 (s21.i / image
                                              :ARG0-of (s21.m / magnify-01
                                                              :ARG1 (s21.t / thing)
                                                              :ARG1-of (s21.p / possible-01)
                                                              :ARG2 (s21.t2 / times
                                                                            :quant (s21.a / as-much-as
                                                                                          :op1 "1000000")))))
                 :ARG1 (s21.a2 / atom))
   :snt22 (s22.e / egg
                 :domain (s22.t / this)
                 :part-of (s22.b / butterfly))
   :snt23 (s23.a2 / and
                  :op2 (s23.c2 / creature
                               :ARG0-of (s23.l / live-01
                                               :location (s23.a / all-over
                                                                :op1 (s23.b / body
                                                                            :poss (s23.y / you
                                                                                         :part (s23.e2 / eyelash)
                                                                                         :part (s23.s2 / skin)))))
                               :ARG1-of (s23.s / see-01
                                               :polarity "-")
                               :ARG2-of (s23.i2 / include-01
                                                :ARG1 (s23.i / Mitt
                                                             :ARG0-of (s23.s3 / spend-02
                                                                              :ARG1 (s23.l2 / live-01
                                                                                            :ARG0 s23.i
                                                                                            :mod (s23.e / entire)))
                                                             :ARG0-of (s23.d2 / dwell-01
                                                                              :ARG2 s23.e2)
                                                             :ARG0-of (s23.c / crawl-01
                                                                             :ARG1 (s23.o / over
                                                                                          :op1 s23.s2)
                                                                             :time (s23.d / date-entity
                                                                                          :dayperiod (s23.n / night)))))))
   :snt24 (s24.p / possible-01
                 :ARG1 (s24.g / guess-01
                              :ARG0 (s24.y / you)
                              :ARG1 (s24.a / amr-unknown
                                           :domain (s24.t / this)))
                 :polarity (s24.a2 / amr-unknown))
   :snt25 (s25.s / skin
                 :mod (s25.s2 / slash))
   :snt26 (s26.m / mouth
                 :part-of (s26.c / caterpillar))
   :snt27 (s27.f / fly-01
                 :ARG2 (s27.e / eye
                              :part-of (s27.f2 / fruit)))
   :snt28 (s28.e / eggshell)
   :snt29 (s29.f / flea)
   :snt30 (s30.t / tongue
                 :part-of (s30.s / snail))
   :snt31 (s31.c / contrast-01
                 :ARG1 (s31.t / think-01
                              :ARG0 (s31.w2 / we
                                            :same-as s20.w)
                              :ARG1 (s31.k2 / know-01
                                            :ARG0 s31.w2
                                            :ARG1 (s31.m / most
                                                         :ARG3-of (s31.i / include-91
                                                                         :ARG2 (s31.k / kingdom
                                                                                      :mod (s31.a / animal))))))
                 :ARG2 (s31.p / possible-01
                              :ARG1 (s31.w / wait-01
                                           :ARG1 (s31.s / species
                                                        :quant (s31.m2 / multiple
                                                                       :op1 "1000000")
                                                        :mod (s31.t2 / tiny))
                                           :ARG2 (s31.d / discover-01
                                                        :ARG1 s31.s))))
   :snt32 (s32.c / cause-01
                 :ARG0 (s32.c3 / contrast-01
                               :ARG1 (s32.h2 / have-degree-91
                                             :ARG1 (s32.t / thread
                                                          :consist-of (s32.s2 / silk)
                                                          :poss (s32.s3 / spider))
                                             :ARG2 (s32.s5 / strong-02
                                                           :ARG1 s32.t)
                                             :ARG3 (s32.m / more
                                                          :quant (s32.p / pound))
                                             :ARG4 (s32.s4 / steel))
                               :ARG2 (s32.e / elastic
                                            :ARG1-of (s32.c2 / complete-02)
                                            :domain s32.t))
                 :ARG1 (s32.h / have-03
                              :ARG0 s32.s3
                              :ARG1 (s32.s / secret
                                           :mod (s32.g / great))
                              :mod (s32.a / also)))
   :snt33 (s33.t / take-01
                 :ARG0 (s33.j / journey-01
                              :mod (s33.t2 / this))
                 :ARG1 (s33.w / we
                              :same-as s20.w)
                 :ARG2 (s33.a / all-the-way
                              :direction (s33.d / down))
                 :ARG3 (s33.w2 / world
                               :mod (s33.n / nano)))
   :snt34 (s34.h2 / have-degree-91
                  :ARG1 (s34.s / silk
                               :same-as s32.t)
                  :ARG2 (s34.t / thin-03
                               :ARG1 s34.s)
                  :ARG3 (s34.t2 / times
                                :quant "100")
                  :ARG4 (s34.h / hair
                               :part-of (s34.h3 / human)))
   :snt35 (s35.b2 / be-located-at-91
                  :ARG1 (s35.b / bacterium)
                  :ARG2 (s35.t / there)
                  :ARG2 (s35.v / virus
                               :ARG1-of (s35.h / have-degree-91
                                               :ARG2 (s35.s / small)
                                               :ARG3 (s35.t2 / times
                                                             :quant "10"))
                               :ARG1-of (s35.n / near-02
                                               :ARG2 s35.b)))
   :snt36 (s36.a / and
                 :location (s36.i / inside
                                  :op1 (s36.t / that
                                              :same-as s35.v))
                 :op1 (s36.h / have-degree-91
                             :ARG2 (s36.s2 / small)
                             :ARG3 (s36.t2 / times
                                           :quant "10"))
                 :op2 (s36.s3 / strand
                              :consist-of (s36.n3 / nucleic-acid
                                                  :name (s36.n / name
                                                               :op1 "DNA"))
                              :quant "3")
                 :op3 (s36.n2 / near-01
                              :ARG2 (s36.l2 / limit
                                            :ARG1-of (s36.m / mean-01
                                                            :ARG2 (s36.a2 / atom
                                                                          :ARG1-of (s36.s / single-02)
                                                                          :consist-of (s36.c / carbon)))
                                            :poss (s36.l / lens
                                                         :ARG1-of (s36.h2 / have-degree-91
                                                                          :ARG2 (s36.p / powerful-02
                                                                                       :ARG1 s36.l)
                                                                          :ARG3 (s36.m2 / most))
                                                         :poss (s36.w / we
                                                                      :same-as s20.w)))))
   :snt37 (s37.p / possible-01
                 :ARG1 (s37.a3 / and
                               :op1 (s37.m2 / move-01
                                            :ARG0 (s37.w / we
                                                         :same-as s20.w)
                                            :ARG1 (s37.a4 / atom))
                               :op2 (s37.b / begin-01
                                           :ARG0 s37.w
                                           :ARG1 (s37.c / create-01
                                                        :ARG0 s37.w
                                                        :ARG1 (s37.d / device
                                                                     :ARG0-of (s37.a2 / amaze-01)
                                                                     :mod (s37.n / nano)))))
                 :ARG1-of (s37.a / actual-02)
                 :instrument (s37.t / tip
                                    :part-of (s37.m / microscope
                                                    :ARG1-of (s37.p2 / powerful-02))))
   :snt38 (s38.p2 / possible-01
                  :ARG1 (s38.a3 / and
                                :op1 (s38.p / patrol-01
                                            :purpose (s38.d2 / disease
                                                             :mod (s38.k / kind
                                                                         :mod (s38.a / all)))
                                            :ARG0 (s38.s / some)
                                            :ARG1 (s38.b / body
                                                         :poss (s38.w2 / we))
                                            :time (s38.d / day
                                                         :mod (s38.o2 / one)))
                                :op2 (s38.c / clean-out-03
                                            :ARG0 s38.s
                                            :ARG1 (s38.o / Coronary
                                                         :ARG1-of (s38.c2 / clog-02))
                                            :location (s38.a2 / along
                                                              :op1 (s38.w / way)))))
   :snt39 (s39.p / possible-01
                 :ARG1 (s39.r / repair-01
                              :ARG0 (s39.m / machine
                                           :mod (s39.c / chemical)
                                           :mod (s39.t / tiny)
                                           :time (s39.f / future))
                              :ARG1 (s39.n2 / nucleic-acid
                                            :name (s39.n / name
                                                         :op1 "DNA")))
                 :time (s39.d / day
                              :mod (s39.o / one)))
   :snt40 (s40.b / be-located-at-91
                 :ARG1 (s40.w / we
                              :ARG1-of (s40.b2 / bear-02
                                               :ARG0 (s40.d / drive-03
                                                            :ARG0 s40.w
                                                            :ARG1 (s40.u / unveil-01
                                                                         :ARG0 s40.w
                                                                         :ARG1 (s40.m / mystery
                                                                                      :topic (s40.l / life)))))
                              :same-as s20.w)
                 :ARG2 (s40.t / threshold
                              :poss (s40.a / advance-01
                                           :mod (s40.e / extraordinary))))
   :snt41 (s41.c / cause-01
                 :ARG1 (s41.f / fill-01
                              :ARG1 (s41.a / air)
                              :ARG2 (s41.a2 / and
                                            :op1 (s41.p2 / pollen)
                                            :op2 (s41.d / diamond
                                                        :mod (s41.m / micro))
                                            :op3 (s41.d2 / diamond
                                                         :source (s41.p / planet
                                                                        :mod (s41.o / other)))
                                            :op4 (s41.e2 / explode-01
                                                         :ARG1 (s41.s / supernova)))
                              :location (s41.u / under
                                               :op1 (s41.r / rain-01
                                                           :ARG1 (s41.d3 / dust
                                                                         :mod (s41.c2 / cosmic))
                                                           :ARG1-of (s41.e / end-01
                                                                           :polarity "-")))))
   :snt42 (s42.g / go-06
                 :ARG0 (s42.p / person)
                 :ARG1 (s42.a / about
                              :op1 (s42.l / life
                                          :poss s42.p))
                 :manner (s42.s2 / surround-01
                                 :ARG1 s42.p
                                 :ARG2 (s42.t / thing
                                              :ARG1-of (s42.s / see-01
                                                              :polarity "-"))))
   :snt43 (s43.a / and
                 :op1 (s43.c / change-01
                             :ARG0 (s43.k / know-01
                                          :ARG0 (s43.w / we
                                                       :same-as s42.p)
                                          :ARG1 (s43.m / much
                                                       :quant (s43.s3 / so)
                                                       :ARG1-of (s43.s / see-01
                                                                       :ARG0 s43.w
                                                                       :ARG1-of (s43.p3 / possible-01))
                                                       :location (s43.a3 / around
                                                                         :op1 s43.w)))
                             :ARG1 (s43.u / understand-01
                                          :ARG0 s43.w
                                          :ARG1 (s43.w3 / world))
                             :duration (s43.f / forever))
                 :op2 (s43.r / recognize-02
                             :ARG0 s43.w
                             :ARG1 (s43.e / exist-01
                                          :ARG1 s43.w
                                          :location (s43.u2 / universe
                                                            :ARG0-of (s43.l / live-01)))
                             :manner (s43.l2 / look-01
                                             :ARG0 s43.w
                                             :ARG1 (s43.w4 / world
                                                           :ARG1-of (s43.s2 / see-01
                                                                            :polarity "-"))))
                 :op3 (s43.a2 / and
                              :op1 (s43.c2 / create-01
                                           :ARG0 (s43.p2 / perspective
                                                         :ARG1-of (s43.n / new-01)
                                                         :mod (s43.t / this))
                                           :ARG1 (s43.w2 / wonder-02))
                              :op2 (s43.i / inspire-01
                                          :ARG0 s43.p2
                                          :ARG1 s43.w
                                          :ARG2 (s43.b / become-01
                                                       :ARG1 s43.w
                                                       :ARG2 (s43.p / person
                                                                    :ARG0-of (s43.e2 / explore-01))
                                                       :location (s43.y / yard
                                                                        :poss s43.w)))))
   :snt44 (s44.k / know-01
                 :ARG0 (s44.a / amr-unknown)
                 :ARG1 (s44.a2 / and
                               :op1 (s44.t / thing
                                           :ARG1-of (s44.a3 / await-01
                                                            :ARG2 (s44.s / see-01
                                                                         :ARG1 s44.t)))
                               :op2 (s44.t2 / transform-01
                                            :ARG0 (s44.w2 / wonder
                                                          :ARG1-of (s44.n / new-01))
                                            :ARG1 (s44.l / life
                                                         :poss (s44.w / we
                                                                      :same-as s42.p)))))
   :snt45 (s45.o / obligate-01
                 :ARG1 (s45.w / we
                              :same-as s20.w)
                 :ARG2 (s45.s / see-01
                              :ARG0 s45.w)
                 :mod (s45.j / just))
   :snt46 (s46.t / thank-01
                 :ARG1 (s46.y / you
                              :same-as s4.i)))

