# ::id doc-156
# ::doc_file doc-156
# ::tok http : / / www . ted . com / talks / suzanne_lee_grow_your_own_clothes< / url> <next_sent> So as a fashion designer , I 've always tended to think of materials something like this , or this , or maybe this . <next_sent> But then I met a biologist , and now I think of materials like this -- green tea , sugar , a few microbes and a little time . <next_sent> I 'm essentially using a kombucha recipe , which is a symbiotic mix of bacteria , yeasts and other micro - organisms , which spin cellulose in a fermentation process . <next_sent> Over time , these tiny threads form in the liquid into layers and produce a mat on the surface . <next_sent> So we start by brewing the tea . <next_sent> I brew up to about 30 liters of tea at a time , and then while it 's still hot , add a couple of kilos of sugar . <next_sent> We stir this in until it 's completely dissolved and then pour it into a growth bath . <next_sent> We need to check that the temperature has cooled to below 30 degrees C. <next_sent> And then we 're ready to add the living organism . <next_sent> And along with that , some acetic acid . <next_sent> And once you get this process going , you can actually recycle your previous fermented liquid . <next_sent> We need to maintain an optimum temperature for the growth . <next_sent> And I use a heat mat to sit the bath on and a thermostat to regulate it . <next_sent> And actually , in hot weather , I can just grow it outside . <next_sent> So this is my mini fabric farm . <next_sent> After about three days , the bubbles will appear on the surface of the liquid . <next_sent> So this is telling us that the fermentation is in full swing . <next_sent> And the bacteria are feeding on the sugar nutrients in the liquid . <next_sent> So they 're spinning these tiny nano fibers of pure cellulose . <next_sent> And they 're sticking together , forming layers and giving us a sheet on the surface . <next_sent> After about two to three weeks , we 're looking at something which is about an inch in thickness . <next_sent> So the bath on the left is after five days , and on the right , after 10 . <next_sent> And this is a static culture . <next_sent> You do n't have to do anything to it ; you just literally watch it grow . <next_sent> It does n't need light . <next_sent> And when it 's ready to harvest , you take it out of the bath and you wash it in cold , soapy water . <next_sent> At this point , it 's really heavy . <next_sent> It 's over 90 percent water , so we need to let that evaporate . <next_sent> So I spread it out onto a wooden sheet . <next_sent> Again , you can do that outside and just let it dry in the air . <next_sent> And as it 's drying , it 's compressing , so what you 're left with , depending on the recipe , is something that 's either like a really light - weight , transparent paper , or something which is much more like a flexible vegetable leather . <next_sent> And then you can either cut that out and sew it conventionally , or you can use the wet material to form it around a three - dimensional shape . <next_sent> And as it evaporates , it will knit itself together , forming seams . <next_sent> So the color in this jacket is coming purely from green tea . <next_sent> I guess it also looks a little bit like human skin , which intrigues me . <next_sent> Since it 's organic , I 'm really keen to try and minimize the addition of any chemicals . <next_sent> I can make it change color without using dye by a process of iron oxidation . <next_sent> Using fruit and vegetable staining , create organic patterning . <next_sent> And using indigo , make it anti - microbial . <next_sent> And in fact , cotton would take up to 18 dips in indigo to achieve a color this dark . <next_sent> And because of the super - absorbency of this kind of cellulose , it just takes one , and a really short one at that . <next_sent> What I ca n't yet do is make it water - resistant . <next_sent> So if I was to walk outside in the rain wearing this dress today , I would immediately start to absorb huge amounts of water . <next_sent> The dress would get really heavy , and eventually the seams would probably fall apart -- leaving me feeling rather naked . <next_sent> Possibly a good performance piece , but definitely not ideal for everyday wear . <next_sent> What I 'm looking for is a way to give the material the qualities that I need . <next_sent> So what I want to do is say to a future bug , " Spin me a thread . <next_sent> Align it in this direction . <next_sent> Make it hydrophobic . <next_sent> And while you 're at it , just form it around this 3D shape . " <next_sent> Bacterial cellulose is actually already being used for wound healing , and possibly in the future for biocompatible blood vessels , possibly even replacement bone tissue . <next_sent> But with synthetic biology , we can actually imagine engineering this bacterium to produce something that gives us the quality , quantity and shape of material that we desire . <next_sent> Obviously , as a designer , that 's really exciting because then I start to think , wow , we could actually imagine growing consumable products . <next_sent> What excites me about using microbes is their efficiency . <next_sent> So we only grow what we need . <next_sent> There 's no waste . <next_sent> And in fact , we could make it from a waste stream -- so for example , a waste sugar stream from a food processing plant . <next_sent> Finally , at the end of use , we could biodegrade it naturally along with your vegetable peelings . <next_sent> What I 'm not suggesting is that microbial cellulose is going to be a replacement for cotton , leather or other textile materials . <next_sent> But I do think it could be quite a smart and sustainable addition to our increasingly precious natural resources . <next_sent> Ultimately , maybe it wo n't even be fashion where we see these microbes have their impact . <next_sent> We could , for example , imagine growing a lamp , a chair , a car or maybe even a house . <next_sent> So I guess what my question to you is : in the future , what would you choose to grow ? <next_sent> Thank you very much . <next_sent> Suzanne , just a curiosity , what you 're wearing is not random . <next_sent> This is one of the jackets you grew ? <next_sent> SL : Yes , it is . <next_sent> It 's probably -- part of the project 's still in process because this one is actually biodegrading in front of your eyes . <next_sent> It 's absorbing my sweat , and it 's feeding on it . <next_sent> Okay , so we 'll let you go and save it , and rescue it . <next_sent> Suzanne Lee .
(d / document
   :snt1 (s1.u / url-entity
               :value "ossobuco")
   :snt2 (s2.c / cause-01
               :ARG1 (s2.t / tend-02
                           :ARG1 (s2.i / i
                                       :manner (s2.p / person
                                                     :ARG0-of (s2.d / design-01
                                                                    :ARG1 (s2.f / fashion))))
                           :ARG2 (s2.t2 / think-01
                                        :ARG0 s2.i
                                        :ARG1 (s2.m / material)
                                        :ARG2 (s2.s / something
                                                    :ARG1-of (s2.r / resemble-01
                                                                   :ARG2 (s2.o / or
                                                                               :ARG1-of (s2.p2 / possible-01)
                                                                               :op1 (s2.t3 / this)
                                                                               :op2 (s2.t4 / this)))))
                           :time (s2.a / always)))
   :snt3 (s3.c / contrast-01
               :ARG2 (s3.a / and
                           :op1 (s3.m2 / meet-02
                                       :ARG0 (s3.i / i
                                                   :same-as s2.i)
                                       :ARG1 (s3.b / biologist)
                                       :time (s3.t2 / then))
                           :op2 (s3.t3 / think-01
                                       :ARG0 s3.i
                                       :ARG1 (s3.m / material
                                                   :ARG1-of (s3.r / resemble-01
                                                                  :ARG2 (s3.t4 / this))
                                                   :example (s3.a2 / and
                                                                   :op1 (s3.t / tea
                                                                              :ARG1-of (s3.g / green-02))
                                                                   :op2 (s3.s / sugar)
                                                                   :op3 (s3.m3 / microorganism
                                                                               :quant (s3.f / few))
                                                                   :op4 (s3.t5 / time
                                                                               :quant (s3.l / little))))
                                       :time (s3.n / now))))
   :snt4 (s4.u / use-01
               :ARG0 (s4.i / i
                           :same-as s2.i)
               :ARG1 (s4.r / recipe
                           :ARG3-of (s4.m2 / mix-01
                                           :ARG1 (s4.a / and
                                                       :ARG0-of (s4.s / spin-01
                                                                      :ARG1 (s4.c / cellulose)
                                                                      :manner (s4.f / ferment-01))
                                                       :op1 (s4.b / bacterium)
                                                       :op2 (s4.b2 / bacterium)
                                                       :op3 (s4.m / microorganism
                                                                  :mod (s4.o / other)))
                                           :mod (s4.s2 / symbiotic))
                           :mod (s4.k / kombucha))
               :mod (s4.e / essential))
   :snt5 (s5.a / and
               :mod (s5.o / over-time)
               :op1 (s5.f / form-01
                          :ARG1 (s5.t2 / thread
                                       :mod (s5.t3 / tiny)
                                       :mod (s5.t / this)
                                       :same-as s4.c)
                          :location (s5.l2 / liquid)
                          :prep-into (s5.l / layer))
               :op2 (s5.p / produce-01
                          :ARG0 s5.t2
                          :ARG1 (s5.m / mat)
                          :location (s5.s / surface)))
   :snt6 (s6.s / start-01
               :ARG0 (s6.w / we)
               :ARG2 (s6.b / brew-01
                           :ARG0 s6.w
                           :ARG1 (s6.t / tea
                                       :same-as s3.t)))
   :snt7 (s7.a3 / and
                :op1 (s7.b / brew-01
                           :ARG0 (s7.i / i
                                       :same-as s2.i)
                           :ARG1 (s7.t / tea
                                       :quant (s7.u / up-to
                                                    :op1 (s7.a / about
                                                               :op1 (s7.v / volume-quantity
                                                                          :unit (s7.l / liter)
                                                                          :quant "30")))))
                :op2 (s7.a2 / add-02
                            :ARG0 s7.i
                            :ARG1 (s7.s2 / sugar
                                         :quant (s7.c / couple
                                                      :op1 (s7.m / mass-quantity
                                                                 :unit (s7.k / kilogram)
                                                                 :quant "1")))
                            :time (s7.h / hot-05
                                        :ARG1 s7.t
                                        :time (s7.s / still))
                            :time (s7.t2 / then)))
   :snt8 (s8.a / and
               :op1 (s8.s / stir-01
                          :ARG0 (s8.w / we
                                      :same-as s6.w)
                          :ARG1 (s8.t2 / this
                                       :same-as s3.t)
                          :duration (s8.u / until
                                          :op1 (s8.d / dissolve-01
                                                     :ARG1 s8.t2
                                                     :ARG1-of (s8.c / complete-02))))
               :op2 (s8.p / pour-01
                          :ARG0 s8.w
                          :ARG1 s8.t2
                          :ARG3 (s8.b / bath
                                      :mod (s8.g / grow-01))
                          :time (s8.t / then)))
   :snt9 (s9.n / need-01
               :ARG0 (s9.w / we
                           :same-as s6.w)
               :ARG1 (s9.c2 / check-01
                            :ARG0 s9.w
                            :ARG1 (s9.c3 / cool-01
                                         :ARG1 (s9.t / temperature)
                                         :ARG4 (s9.b / below
                                                     :op1 (s9.t2 / temperature-quantity
                                                                 :scale (s9.c / celsius)
                                                                 :quant "30")))))
   :snt10 (s10.a2 / and
                  :op2 (s10.r / ready-02
                              :ARG1 (s10.w / we
                                           :same-as s6.w)
                              :ARG2 (s10.a / add-02
                                           :ARG0 s10.w
                                           :ARG1 (s10.o / organism
                                                        :ARG0-of (s10.l / live-01)))
                              :time (s10.t / then)))
   :snt11 (s11.a2 / and
                  :op2 (s11.a / accompany-01
                              :ARG0 (s11.s / small-molecule
                                           :name (s11.n / name
                                                        :op1 "acetic"
                                                        :op2 "acid")
                                           :quant (s11.s2 / some))
                              :ARG1 (s11.t / that)))
   :snt12 (s12.a2 / and
                  :op2 (s12.p / possible-01
                              :ARG1 (s12.r / recycle-01
                                           :ARG0 (s12.y / you)
                                           :ARG1 (s12.l / liquid
                                                        :ARG1-of (s12.f / ferment-01)
                                                        :poss s12.y
                                                        :time (s12.p2 / previous)))
                              :ARG1-of (s12.a / actual-02)
                              :time (s12.g / get-04
                                           :ARG0 s12.y
                                           :ARG1 (s12.g2 / go-01
                                                         :ARG1 (s12.p3 / process-02
                                                                       :mod (s12.t / this))))))
   :snt13 (s13.n / need-01
                 :ARG0 (s13.w / we
                              :same-as s6.w)
                 :ARG1 (s13.m / maintain-01
                              :ARG0 s13.w
                              :ARG1 (s13.t / temperature
                                           :purpose (s13.g / grow-01)
                                           :mod (s13.o / optimum))))
   :snt14 (s14.a / and
                 :op1 (s14.u / use-01
                             :ARG0 (s14.i / i
                                          :same-as s2.i)
                             :ARG1 (s14.m / mat
                                          :mod (s14.h / heat-01))
                             :ARG2 (s14.s / sit-01
                                          :ARG0 s14.i
                                          :ARG1 (s14.b / bath
                                                       :same-as s8.b)))
                 :op2 (s14.u2 / use-01
                              :purpose (s14.r / regulate-01
                                              :ARG0 (s14.t / thermostat)
                                              :ARG1 s14.b)
                              :ARG0 s14.i
                              :ARG1 s14.t))
   :snt15 (s15.a2 / and
                  :op2 (s15.p / possible-01
                              :ARG1 (s15.g / grow-03
                                           :ARG0 (s15.i / i
                                                        :same-as s2.i)
                                           :ARG1 (s15.i2 / it
                                                         :same-as s3.t)
                                           :location (s15.o / outside)
                                           :mod (s15.j / just))
                              :ARG1-of (s15.a / actual-02)
                              :time (s15.w / weather
                                           :ARG1-of (s15.h / hot-05))))
   :snt16 (s16.c / cause-01
                 :ARG1 (s16.f2 / farm
                               :consist-of (s16.f / fabric)
                               :domain (s16.t / this)
                               :mod (s16.m / mini)
                               :poss (s16.i / i
                                            :same-as s2.i)))
   :snt17 (s17.a3 / appear-01
                  :ARG1 (s17.b / bubble)
                  :location (s17.s / surface
                                   :part-of (s17.l / liquid))
                  :time (s17.a2 / after
                                :quant (s17.a / about
                                              :op1 (s17.t / temporal-quantity
                                                          :unit (s17.d / day)
                                                          :quant "3"))))
   :snt18 (s18.i / infer-01
                 :ARG1 (s18.t / tell-01
                              :ARG0 (s18.t2 / this
                                            :same-as s17.a3)
                              :ARG1 (s18.s / swing-02
                                           :ARG1 (s18.f / ferment-01)
                                           :ARG1-of (s18.f2 / full-09))
                              :ARG2 (s18.w / we
                                           :same-as s6.w)))
   :snt19 (s19.a / and
                 :op2 (s19.f / feed-01
                             :ARG0 (s19.b / bacterium
                                          :same-as s10.o)
                             :ARG2 (s19.n / nutrient
                                          :location (s19.l / liquid
                                                           :same-as s17.l)
                                          :mod (s19.s / sugar))))
   :snt20 (s20.i / infer-01
                 :ARG1 (s20.s / spin-01
                              :ARG0 (s20.t / they
                                           :same-as s10.o)
                              :ARG1 (s20.f / fiber
                                           :consist-of (s20.c / cellulose
                                                              :ARG1-of (s20.p / pure-02))
                                           :mod (s20.n / nano)
                                           :mod (s20.t3 / tiny)
                                           :mod (s20.t2 / this)
                                           :same-as s4.c)))
   :snt21 (s21.a / and
                 :op2 (s21.s2 / stick-01
                              :ARG1 (s21.t / they
                                           :same-as s4.c)
                              :ARG3 (s21.t2 / together))
                 :op3 (s21.f / form-01
                             :ARG0 s21.t
                             :ARG1 (s21.l / layer))
                 :op4 (s21.g / give-01
                             :ARG0 s21.t
                             :ARG1 (s21.s / sheet
                                          :location (s21.s3 / surface))
                             :ARG2 (s21.w / we
                                          :same-as s6.w)))
   :snt22 (s22.l / look-01
                 :ARG0 (s22.w / we
                              :same-as s6.w)
                 :ARG1 (s22.s / something
                              :mod (s22.t3 / thickness
                                           :mod (s22.a2 / about
                                                        :op1 (s22.d / distance-quantity
                                                                    :unit (s22.i / inch)
                                                                    :quant "1"))))
                 :time (s22.a3 / after
                               :quant (s22.a / about
                                             :op1 (s22.b / between
                                                         :op1 (s22.t / temporal-quantity
                                                                     :unit (s22.w2 / week)
                                                                     :quant "2")
                                                         :op2 (s22.t2 / temporal-quantity
                                                                      :unit (s22.w3 / week)
                                                                      :quant "3")))))
   :snt23 (s23.i / infer-01
                 :ARG1 (s23.a3 / and
                               :op1 (s23.b / bathe-01
                                           :time (s23.a / after
                                                        :quant (s23.t / temporal-quantity
                                                                      :unit (s23.d / day)
                                                                      :quant "5")
                                                        :ARG1-of (s23.l / left-19)))
                               :op2 (s23.b2 / bathe-01
                                            :quant (s23.t2 / temporal-quantity
                                                           :unit (s23.d2 / day)
                                                           :quant "10")
                                            :prep-on (s23.r / right-08)
                                            :time (s23.a2 / after
                                                          :op1 s23.d2))))
   :snt24 (s24.a / and
                 :op2 (s24.c / culture
                             :domain (s24.t / this)
                             :mod (s24.s / static)))
   :snt25 (s25.c / contrast-01
                 :ARG1 (s25.o / obligate-01
                              :ARG1 (s25.y / you)
                              :ARG2 (s25.d / do-02
                                           :ARG0 s25.y
                                           :ARG1 (s25.a / anything)
                                           :ARG2 (s25.i / it
                                                        :same-as s24.t))
                              :polarity "-")
                 :ARG2 (s25.w / watch-01
                              :ARG0 s25.y
                              :ARG1 (s25.g / grow-01
                                           :ARG1 s25.i)
                              :manner (s25.l / literal)
                              :mod (s25.j / just)))
   :snt26 (s26.n / need-01
                 :ARG0 (s26.i / it
                              :same-as s24.t)
                 :ARG1 (s26.l / light)
                 :polarity "-")
   :snt27 (s27.a / and
                 :op2 (s27.a2 / and
                              :op1 (s27.t / take-out-11
                                          :ARG0 (s27.y / you)
                                          :ARG1 (s27.i / it
                                                       :same-as s24.t)
                                          :source (s27.b / bath
                                                         :same-as s8.b))
                              :op2 (s27.w / wash-01
                                          :ARG0 s27.y
                                          :ARG1 s27.i
                                          :ARG2 (s27.w2 / water
                                                        :ARG1-of (s27.c / cold-01)
                                                        :mod (s27.s / soapy)))
                              :time (s27.r / ready-02
                                           :ARG2 (s27.h / harvest-01
                                                        :ARG1 s27.i))))
   :snt28 (s28.h / heavy
                 :degree (s28.r / really)
                 :domain (s28.i / it)
                 :time (s28.p / point
                              :mod (s28.t / this)))
   :snt29 (s29.c / cause-01
                 :ARG0 (s29.w / water
                              :quant (s29.o / over
                                            :op1 (s29.p / percentage-entity
                                                        :value "90"))
                              :domain (s29.i / it
                                             :same-as s24.t))
                 :ARG1 (s29.n / need-01
                              :ARG0 (s29.w2 / we
                                            :same-as s6.w)
                              :ARG1 (s29.l / let-01
                                           :ARG0 s29.w2
                                           :ARG1 (s29.e / evaporate-01
                                                        :ARG1 s29.w))))
   :snt30 (s30.c / cause-01
                 :ARG1 (s30.s2 / spread-out-04
                               :ARG0 (s30.i / i
                                            :same-as s2.i)
                               :ARG1 (s30.i2 / it
                                             :same-as s24.t)
                               :ARG2 (s30.s / sheet
                                            :consist-of (s30.w / wood))))
   :snt31 (s31.p / possible-01
                 :ARG1 (s31.a3 / and
                               :op1 (s31.d / do-02
                                           :ARG0 (s31.y / you)
                                           :ARG1 (s31.t / that
                                                        :same-as s30.s2)
                                           :location (s31.o / outside))
                               :op2 (s31.l / let-01
                                           :ARG0 s31.y
                                           :ARG1 (s31.d2 / dry-02
                                                         :ARG1 (s31.i / it
                                                                      :same-as s24.t)
                                                         :location (s31.a2 / air))
                                           :mod (s31.j / just)))
                 :mod (s31.a / again))
   :snt32 (s32.a / and
                 :op2 (s32.c2 / compress-01
                              :ARG0 (s32.i / it
                                           :same-as s24.t)
                              :ARG1-of (s32.c / cause-01
                                              :ARG0 (s32.d2 / dry-02
                                                            :ARG1 s32.i)
                                              :ARG1 (s32.l2 / leave-17
                                                            :ARG0-of (s32.d / depend-01
                                                                            :ARG1 (s32.r2 / recipe))
                                                            :ARG1 (s32.s / something
                                                                         :ARG1-of (s32.r3 / resemble-01
                                                                                          :ARG2 (s32.p / paper
                                                                                                       :mod (s32.t / transparency)
                                                                                                       :mod (s32.w / weight
                                                                                                                   :ARG1-of (s32.l3 / light-06
                                                                                                                                    :degree (s32.r / really)))))
                                                                         :mod (s32.r4 / resemble-01
                                                                                      :ARG1 (s32.s2 / something)
                                                                                      :ARG2 (s32.l / leather
                                                                                                   :ARG1-of (s32.f / flexible-03)
                                                                                                   :mod (s32.v / vegetable))
                                                                                      :ARG2-of (s32.h / have-degree-91
                                                                                                      :ARG1 s32.s2
                                                                                                      :ARG3 (s32.m / more
                                                                                                                   :quant (s32.m2 / much)))))
                                                            :ARG2 (s32.y / you)))))
   :snt33 (s33.a / and
                 :op2 (s33.p / possible-01
                             :ARG1 (s33.o / or
                                          :op1 (s33.a2 / and
                                                       :op1 (s33.c2 / cut-out-06
                                                                    :ARG0 (s33.y / you)
                                                                    :ARG1 (s33.t / that
                                                                                 :same-as s32.s))
                                                       :op2 (s33.s / sewer
                                                                   :domain s33.t
                                                                   :manner (s33.c / conventional)))
                                          :op2 (s33.p2 / possible-01
                                                       :ARG1 (s33.u / use-01
                                                                    :ARG0 s33.y
                                                                    :ARG1 (s33.m / material
                                                                                 :ARG1-of (s33.w / wet-01))
                                                                    :ARG2 (s33.f / form-01
                                                                                 :ARG0 s33.y
                                                                                 :ARG1 s33.t
                                                                                 :ARG2 s33.m
                                                                                 :manner (s33.a3 / around
                                                                                                 :op1 (s33.s2 / shape
                                                                                                              :mod (s33.d / dimension
                                                                                                                          :quant "3")))))))
                             :time (s33.t2 / then)))
   :snt34 (s34.a / and
                 :op2 (s34.k / knit-03
                             :ARG0 (s34.i / it
                                          :same-as s33.m)
                             :ARG0-of (s34.f / form-01
                                             :ARG1 (s34.s / seam))
                             :ARG1 s34.i
                             :mod (s34.t / together)
                             :time (s34.e / evaporate-01
                                          :ARG1 s34.i)))
   :snt35 (s35.i / infer-01
                 :ARG1 (s35.c2 / come-03
                               :ARG1 (s35.c / color
                                            :part-of (s35.j / jacket
                                                            :mod (s35.t2 / this)))
                               :ARG1-of (s35.p / pure-02)
                               :ARG2 (s35.t / tea
                                            :ARG1-of (s35.g / green-02)
                                            :same-as s3.t)))
   :snt36 (s36.g / guess-01
                 :ARG0 (s36.i / i
                              :same-as s2.i)
                 :ARG1 (s36.l2 / look-02
                               :ARG0 (s36.i3 / it
                                             :same-as s35.j)
                               :ARG0-of (s36.i2 / intrigue-01
                                                :ARG1 s36.i)
                               :ARG1 (s36.r / resemble-01
                                            :ARG1 s36.i3
                                            :ARG2 (s36.s / skin
                                                         :part-of (s36.h / human))
                                            :degree (s36.b / bit
                                                           :mod (s36.l / little)))
                               :mod (s36.a / also)))
   :snt37 (s37.k / keen-02
                 :ARG1 (s37.i / i
                              :same-as s2.i)
                 :ARG1-of (s37.c / cause-01
                                 :ARG0 (s37.o / organic
                                              :domain (s37.i2 / it
                                                              :same-as s35.j)))
                 :ARG2 (s37.t / try-01
                              :ARG0 s37.i
                              :ARG1 (s37.m / minimize-01
                                           :ARG0 s37.i
                                           :ARG1 (s37.a / add-02
                                                        :ARG1 (s37.c2 / chemical
                                                                      :mod (s37.a2 / any)))))
                 :degree (s37.r / really))
   :snt38 (s38.p / possible-01
                 :ARG1 (s38.m / make-02
                              :ARG0 (s38.i / i
                                           :same-as s2.i)
                              :ARG1 (s38.c / change-01
                                           :ARG0 (s38.i3 / it
                                                         :same-as s35.j)
                                           :ARG1 (s38.c2 / color)
                                           :manner (s38.u / use-01
                                                          :ARG0 s38.i
                                                          :ARG1 (s38.d / dye)
                                                          :polarity "-")
                                           :manner (s38.p2 / process-02
                                                           :mod (s38.o / oxidize-01
                                                                       :ARG1 (s38.i2 / iron))))))
   :snt39 (s39.c / create-01
                 :ARG0 (s39.y / you)
                 :ARG1 (s39.p / pattern
                              :mod (s39.o / organic))
                 :ARG2-of (s39.u / use-01
                                 :ARG0 s39.y
                                 :ARG1 (s39.s / stain-01
                                              :ARG1 (s39.a / and
                                                           :op1 (s39.f / fruit)
                                                           :op2 (s39.v / vegetable))))
                 :mode "imperative")
   :snt40 (s40.a / and
                 :op2 (s40.m / make-02
                             :ARG0 (s40.y / you)
                             :ARG1 (s40.c / counter-01
                                          :ARG0 (s40.i / indigo)
                                          :ARG1 (s40.b / bacterium))
                             :condition (s40.u / use-01
                                               :ARG1 s40.i)
                             :mode "imperative"))
   :snt41 (s41.a2 / and
                  :mod (s41.i / in-fact)
                  :op2 (s41.t / take-10
                              :ARG0 (s41.c2 / cotton)
                              :ARG0 (s41.a / achieve-01
                                           :ARG0 s41.c2
                                           :ARG1 (s41.c / color
                                                        :ARG1-of (s41.d / dark-02
                                                                        :degree (s41.t2 / this))))
                              :ARG1 (s41.u / up-to
                                           :quant-of (s41.d2 / dip-02
                                                             :ARG1 (s41.i2 / indigo))
                                           :op1 "18")))
   :snt42 (s42.a3 / and
                  :op2 (s42.c / cause-01
                              :ARG0 (s42.a / absorb-01
                                           :ARG0 (s42.c2 / cellulose
                                                         :mod (s42.k / kind
                                                                     :mod (s42.t2 / this)))
                                           :degree (s42.s2 / super))
                              :ARG1 (s42.t / take-10
                                           :ARG0 (s42.i / it)
                                           :ARG1 (s42.a4 / and
                                                         :op1 (s42.o / one)
                                                         :op2 (s42.s / short-07
                                                                     :ARG1 s42.o
                                                                     :ARG1-of (s42.a2 / add-02)
                                                                     :degree (s42.r / really)))
                                           :mod (s42.j / just))))
   :snt43 (s43.p / possible-01
                 :ARG1 (s43.d / do-02
                              :ARG0 (s43.i / i
                                           :same-as s2.i)
                              :ARG1 (s43.m / make-02
                                           :ARG0 s43.i
                                           :ARG1 (s43.r / resist-01
                                                        :ARG0 (s43.i2 / it
                                                                      :same-as s35.j)
                                                        :ARG1 (s43.w / water)))
                              :time (s43.y / yet))
                 :polarity "-")
   :snt44 (s44.i3 / infer-01
                  :ARG1 (s44.s / start-01
                               :ARG0 (s44.i / i
                                            :same-as s2.i)
                               :ARG1 (s44.a / absorb-01
                                            :ARG0 s44.i
                                            :ARG1 (s44.a2 / amount
                                                          :mod (s44.h / huge)
                                                          :quant-of (s44.w2 / water)))
                               :condition (s44.w / walk-01
                                                 :ARG0 s44.i
                                                 :ARG2 (s44.o / outside)
                                                 :condition (s44.r / rain-01)
                                                 :manner (s44.w3 / wear-01
                                                                 :ARG0 s44.i
                                                                 :ARG1 (s44.d / dress
                                                                              :mod (s44.t / this)
                                                                              :same-as s35.j)
                                                                 :time (s44.t2 / today)))
                               :time (s44.i2 / immediate)))
   :snt45 (s45.a / and
                 :op1 (s45.g / get-03
                             :ARG1 (s45.d / dress
                                          :same-as s35.j)
                             :ARG2 (s45.h / heavy
                                          :degree (s45.r2 / really)))
                 :op2 (s45.f / fall-apart-09
                             :ARG0-of (s45.l / leave-13
                                             :ARG1 (s45.f2 / feel-01
                                                           :ARG0 (s45.i / i
                                                                        :same-as s2.i)
                                                           :ARG1 (s45.n / naked
                                                                        :degree (s45.r / rather)
                                                                        :domain s45.i)))
                             :ARG1 (s45.s / seam)
                             :mod (s45.p / probable)
                             :time (s45.e / eventual)))
   :snt46 (s46.c / contrast-01
                 :ARG1 (s46.p3 / possible-01
                               :ARG1 (s46.g / good-02
                                            :ARG1 (s46.p2 / piece
                                                          :ARG0-of (s46.p / perform-01))))
                 :ARG2 (s46.i / ideal
                              :purpose (s46.w / wear-01
                                              :frequency (s46.e / everyday))
                              :mod (s46.d / definite)
                              :polarity "-"))
   :snt47 (s47.l / look-01
                 :ARG0 (s47.i / i
                              :same-as s2.i)
                 :ARG1 (s47.w / way
                              :manner-of (s47.g / give-01
                                                :ARG1 (s47.q / quality
                                                             :ARG1-of (s47.n / need-01
                                                                             :ARG0 s47.i))
                                                :ARG2 (s47.m / material))))
   :snt48 (s48.i2 / infer-01
                  :ARG1 (s48.w / want-01
                               :ARG0 (s48.i / i
                                            :same-as s2.i)
                               :ARG1 (s48.s / say-01
                                            :ARG0 s48.i
                                            :ARG1 (s48.s2 / spin-03
                                                          :ARG0 s48.i
                                                          :ARG1 (s48.t / thread)
                                                          :beneficiary s48.i
                                                          :mode "imperative")
                                            :ARG2 (s48.b / bug
                                                         :time (s48.f / future)))))
   :snt49 (s49.a / align-01
                 :ARG1 (s49.i / it
                              :same-as s48.t)
                 :ARG2 (s49.d / direction
                              :mod (s49.t / this)))
   :snt50 (s50.m / make-02
                 :ARG0 (s50.y / you)
                 :ARG1 (s50.h / hydrophobic
                              :domain (s50.i / it
                                             :same-as s48.t))
                 :mode "imperative")
   :snt51 (s51.a / and
                 :op2 (s51.f / form-01
                             :ARG0 (s51.y / you)
                             :ARG1 (s51.i / it
                                          :same-as s48.t)
                             :manner (s51.a2 / around
                                             :op1 (s51.s / shape
                                                         :mod (s51.d / dimension
                                                                     :quant "3")
                                                         :mod (s51.t / this)))
                             :mod (s51.j / just)
                             :time (s51.b / be-located-at-91
                                          :ARG1 s51.y
                                          :ARG2 s51.i)
                             :mode "imperative"))
   :snt52 (s52.u / use-01
                 :ARG1 (s52.c / cellulose
                              :mod (s52.b / bacterium))
                 :ARG1-of (s52.a / actual-02)
                 :ARG2 (s52.a3 / and
                               :op1 (s52.h / heal-01
                                           :ARG1 (s52.w / wound))
                               :op2 (s52.a4 / and
                                            :op1 (s52.v / vessel
                                                        :ARG1-of (s52.p / possible-01)
                                                        :mod (s52.b3 / blood)
                                                        :mod (s52.b2 / biocompatible))
                                            :op2 (s52.r / replace-01
                                                        :ARG1 (s52.t / tissue
                                                                     :part-of (s52.b4 / bone))
                                                        :ARG1-of (s52.p2 / possible-01)
                                                        :mod (s52.e / even))
                                            :time (s52.f / future)))
                 :time (s52.a2 / already))
   :snt53 (s53.c / contrast-01
                 :ARG2 (s53.p / possible-01
                              :ARG1 (s53.i / imagine-01
                                           :ARG0 (s53.w / we)
                                           :ARG1 (s53.e / engineer-01
                                                        :ARG1 (s53.b / bacterium
                                                                     :mod (s53.t / this))
                                                        :ARG2 (s53.p2 / produce-01
                                                                      :ARG0 s53.b
                                                                      :ARG1 (s53.s2 / something
                                                                                    :ARG0-of (s53.g / give-01
                                                                                                    :ARG1 (s53.a2 / and
                                                                                                                  :op1 (s53.q / quality)
                                                                                                                  :op2 (s53.q2 / quantity
                                                                                                                               :poss (s53.m / material
                                                                                                                                            :ARG1-of (s53.d / desire-01
                                                                                                                                                            :ARG0 s53.w)))
                                                                                                                  :op3 (s53.s / shape
                                                                                                                              :poss s53.m))
                                                                                                    :ARG2 s53.w))))
                                           :ARG1-of (s53.a / actual-02))
                              :instrument (s53.b2 / biology
                                                  :mod (s53.s3 / synthetic))))
   :snt54 (s54.e / excite-01
                 :ARG0 (s54.t / that)
                 :ARG1-of (s54.o / obvious-01)
                 :ARG1-of (s54.c / cause-01
                                 :ARG0 (s54.s / start-01
                                              :ARG0 (s54.i / i
                                                           :same-as s2.i)
                                              :ARG1 (s54.t3 / think-01
                                                            :ARG0 s54.i
                                                            :ARG1 (s54.p2 / possible-01
                                                                          :ARG1 (s54.i2 / imagine-01
                                                                                        :ARG0 (s54.w / we)
                                                                                        :ARG1 (s54.g / grow-01
                                                                                                     :ARG1 (s54.p4 / product
                                                                                                                   :ARG1-of (s54.c2 / consume-01
                                                                                                                                    :ARG1-of (s54.p3 / possible-01))))
                                                                                        :ARG1-of (s54.a / actual-02))
                                                                          :mod (s54.w2 / wow
                                                                                       :mode "expressive")))
                                              :time (s54.t2 / then)))
                 :ARG2 (s54.p / person
                              :ARG0-of (s54.d / design-01)
                              :domain s54.i)
                 :degree (s54.r / really))
   :snt55 (s55.t / thing
                 :ARG0-of (s55.e2 / excite-01
                                  :ARG0 (s55.u / use-01
                                               :ARG1 (s55.b / bacterium))
                                  :ARG1 (s55.i / i
                                               :same-as s2.i))
                 :domain (s55.e / efficient-01
                                :ARG1 s55.b))
   :snt56 (s56.c / cause-01
                 :ARG1 (s56.g / grow-01
                              :ARG0 (s56.w / we)
                              :ARG1 (s56.t / thing
                                           :ARG1-of (s56.n / need-01
                                                           :ARG0 s56.w))
                              :mod (s56.o / only)))
   :snt57 (s57.w / waste-01
                 :polarity "-")
   :snt58 (s58.a / and
                 :op2 (s58.p2 / possible-01
                              :ARG1 (s58.m / make-01
                                           :ARG0 (s58.w3 / we)
                                           :ARG1 (s58.i2 / it)
                                           :ARG2 (s58.s / stream
                                                        :example (s58.s2 / stream
                                                                         :mod (s58.s3 / sugar)
                                                                         :mod (s58.w2 / waste)
                                                                         :source (s58.p / plant
                                                                                        :ARG0-of (s58.p3 / process-01
                                                                                                         :ARG1 (s58.f / food))))
                                                        :mod (s58.w / waste)))
                              :mod (s58.i / in-fact)))
   :snt59 (s59.p / possible-01
                 :ARG1 (s59.d / degrade-01
                              :ARG0 (s59.w / we)
                              :ARG1 (s59.i / it
                                           :same-as s58.i2)
                              :ARG1-of (s59.n / natural-03)
                              :accompanier (s59.b2 / book
                                                   :ARG2-of (s59.b / bait-01
                                                                   :ARG1 (s59.v / vegetable))
                                                   :part-of (s59.y / you)))
                 :mod (s59.f / final)
                 :time (s59.e / end-01
                              :ARG1 (s59.u / use-01)))
   :snt60 (s60.s / suggest-01
                 :ARG0 (s60.i / i
                              :same-as s2.i)
                 :ARG1 (s60.r / replace-01
                              :ARG1 (s60.o / or
                                           :op1 (s60.c2 / cotton)
                                           :op2 (s60.l / leather)
                                           :op3 (s60.m / material
                                                       :mod (s60.t / textile)
                                                       :mod (s60.o2 / other)))
                              :ARG2 (s60.c / cellulose
                                           :mod (s60.b / bacterium)))
                 :polarity "-")
   :snt61 (s61.c / contrast-01
                 :ARG2 (s61.t / think-01
                              :ARG0 (s61.i / i
                                           :same-as s2.i)
                              :ARG1 (s61.p / possible-01
                                           :ARG1 (s61.a / add-02
                                                        :ARG1 (s61.i3 / it
                                                                      :same-as s60.c)
                                                        :ARG1-of (s61.s2 / sustain-01
                                                                         :ARG1-of (s61.p2 / possible-01))
                                                        :ARG1-of (s61.s / smart-06
                                                                        :degree (s61.q / quite))
                                                        :ARG2 (s61.r / resource
                                                                     :ARG1-of (s61.n / natural-03)
                                                                     :mod (s61.p3 / precious
                                                                                  :ARG1-of (s61.i2 / increase-01))
                                                                     :poss (s61.w / we))))))
   :snt62 (s62.p / possible-01
                 :ARG1 (s62.f / fashion
                              :location-of (s62.s / see-01
                                                  :ARG0 (s62.w / we)
                                                  :ARG1 (s62.i / impact-01
                                                               :ARG0 (s62.m / microorganism
                                                                            :mod (s62.t / this))))
                              :mod (s62.e / even)
                              :polarity "-")
                 :mod (s62.u / ultimate))
   :snt63 (s63.p / possible-01
                 :ARG1 (s63.i / imagine-01
                              :ARG0 (s63.w / we)
                              :ARG0-of (s63.e2 / exemplify-01)
                              :ARG1 (s63.g / grow-03
                                           :ARG1 (s63.o / or
                                                        :op1 (s63.l / lamp)
                                                        :op2 (s63.c2 / chair)
                                                        :op3 (s63.c / car)
                                                        :op4 (s63.h / house
                                                                    :ARG1-of (s63.p2 / possible-01)
                                                                    :mod (s63.e / even))))))
   :snt64 (s64.c / cause-01
                 :ARG1 (s64.g2 / guess-01
                               :ARG0 (s64.i / i
                                            :same-as s2.i)
                               :ARG1 (s64.q / question-01
                                            :ARG0 s64.i
                                            :ARG1 (s64.c2 / choose-01
                                                          :ARG0 (s64.y / you
                                                                       :same-as s2.i)
                                                          :ARG1 (s64.g / grow-01
                                                                       :ARG1 s64.y)
                                                          :time (s64.f / future))
                                            :ARG2 s64.y))
                 :rel (s64.a / amr-unknown))
   :snt65 (s65.t / thank-01
                 :ARG0 (s65.i / i)
                 :ARG1 (s65.y / you
                              :same-as s2.i)
                 :mod (s65.m / much
                             :degree (s65.v / very)))
   :snt66 (s66.s / say-01
                 :ARG1 (s66.r / random
                              :domain (s66.t / thing
                                             :ARG1-of (s66.w / wear-01
                                                             :ARG0 (s66.p / person
                                                                          :name (s66.n / name
                                                                                       :op1 "Suzanne")
                                                                          :same-as s2.i)))
                              :mod (s66.c / curiosity
                                          :mod (s66.j / just))
                              :polarity "-")
                 :ARG2 s66.p)
   :snt67 (s67.i / include-91
                 :ARG1 (s67.t / this
                              :same-as s35.j)
                 :ARG2 (s67.j / jacket
                              :ARG1-of (s67.g / grow-03
                                              :ARG0 (s67.y / you
                                                           :same-as s2.i)))
                 :polarity (s67.a / amr-unknown))
   :snt68 (s68.s / say-01
                 :ARG0 (s68.p / person
                              :name (s68.n / name
                                           :op1 "SL"))
                 :ARG1 (s68.y / yes))
   :snt69 (s69.c / cause-01
                 :ARG0 (s69.d / degrade-01
                              :ARG1 (s69.p3 / project
                                            :mod (s69.t / this
                                                        :same-as s35.j))
                              :ARG1-of (s69.a / actual-02)
                              :location (s69.i / in-front-of
                                               :op1 (s69.e / eye
                                                           :part-of (s69.y / you
                                                                           :same-as s2.i))))
                 :ARG1 (s69.p2 / process-01
                               :ARG1 s69.p3
                               :mod (s69.s / still))
                 :mod (s69.p / probable))
   :snt70 (s70.a2 / and
                  :op1 (s70.a / absorb-01
                              :ARG0 (s70.i2 / it
                                            :same-as s35.j)
                              :ARG1 (s70.s / sweat
                                           :poss (s70.i / i
                                                        :same-as s2.i)))
                  :op2 (s70.f / feed-01
                              :ARG0 s70.i2
                              :ARG2 s70.i2))
   :snt71 (s71.c / cause-01
                 :ARG1 (s71.a / and
                              :op1 (s71.l / let-01
                                          :ARG0 (s71.w / we)
                                          :ARG1 (s71.g / go-02
                                                       :ARG0 (s71.y / you
                                                                    :same-as s2.i)))
                              :op2 (s71.s / save-02
                                          :ARG0 s71.y
                                          :ARG1 (s71.i / it
                                                       :same-as s35.j))
                              :op3 (s71.r / rescue-01
                                          :ARG0 s71.w
                                          :ARG1 s71.i))
                 :ARG1-of (s71.o / okay-04))
   :snt72 (s72.p / person
                 :name (s72.n / name
                              :op1 "Suzanne"
                              :op2 "Lee")
                 :same-as s2.i))

