# ::id doc-614
# ::doc_file doc-614
# ::tok http : / / www . ted . com / talks / becky_blanton_the_year_i_was_homeless< / url> <next_sent> I 'm a writer and a journalist , and I 'm also an insanely curious person , so in 22 years as a journalist , I 've learned how to do a lot of new things . <next_sent> And three years ago , one of the things I learned how to do was to become invisible . <next_sent> I became one of the working homeless . <next_sent> I quit my job as a newspaper editor after my father died in February of that same year , and decided to travel . <next_sent> His death hit me pretty hard . <next_sent> And there were a lot of things that I wanted to feel and deal with while I was doing that . <next_sent> I 've camped my whole life . <next_sent> And I decided that living in a van for a year to do this would be like one long camping trip . <next_sent> So I packed my cat , my Rottweiler and my camping gear into a 1975 Chevy van , and drove off into the sunset , having fully failed to realize three critical things . <next_sent> One : that society equates living in a permanent structure , even a shack , with having value as a person . <next_sent> Two : I failed to realize how quickly the negative perceptions of other people can impact our reality , if we let it . <next_sent> Three : I failed to realize that homelessness is an attitude , not a lifestyle . <next_sent> At first , living in the van was great . <next_sent> And I had time to relax and to grieve . <next_sent> But then the anger and the depression about my father 's death set in . <next_sent> My freelance job ended . <next_sent> And I had to get a full - time job to pay the bills . <next_sent> What had been a really mild spring turned into a miserably hot summer . <next_sent> And it became impossible to park anywhere -- -- without being very obvious that I had a cat and a dog with me , and it was really hot . <next_sent> The cat came and went through an open window in the van . <next_sent> The doggy went into doggy day care . <next_sent> And I sweated . <next_sent> Whenever I could , I used employee showers in office buildings and truck stops . <next_sent> Or I washed up in public rest rooms . <next_sent> Nighttime temperatures in the van rarely dropped below 80 degrees Fahrenheit , making it difficult or impossible to sleep . <next_sent> Food rotted in the heat . <next_sent> Ice in my ice chest melted within hours , and it was pretty miserable . <next_sent> I could n't afford to find an apartment , or could n't afford an apartment that would allow me to have the Rottweiler and the cat . <next_sent> And I refused to give them up , so I stayed in the van . <next_sent> And when the heat made me too sick to walk the 50 feet to the public restroom outside my van at night , I used a bucket and a trash bag as a toilet . <next_sent> When winter weather set in , the temperatures dropped below freezing . <next_sent> And they stayed there . <next_sent> And I faced a whole new set of challenges . <next_sent> I parked a different place every night so I would avoid being noticed and hassled by the police . <next_sent> I did n't always succeed . <next_sent> But I felt out of control of my life . <next_sent> And I do n't know when or how it happened , but the speed at which I went from being a talented writer and journalist to being a homeless woman , living in a van , took my breath away . <next_sent> I had n't changed . <next_sent> My I.Q. had n't dropped . <next_sent> My talent , my integrity , my values , everything about me remained the same . <next_sent> But I had changed somehow . <next_sent> I spiraled deeper and deeper into a depression . <next_sent> And eventually someone referred me to a homeless health clinic . <next_sent> And I went . <next_sent> I had n't bathed in three days . <next_sent> I was as smelly and as depressed as anyone in line . <next_sent> I just was n't drunk or high . <next_sent> And when several of the homeless men realized that , including a former university professor , they said , " You are n't homeless . Why are you really here ? " <next_sent> Other homeless people did n't see me as homeless , but I did . <next_sent> Then the professor listened to my story and he said , " You have a job . You have hope . <next_sent> The real homeless do n't have hope . " <next_sent> A reaction to the medication the clinic gave me for my depression left me suicidal . <next_sent> And I remember thinking , " If I killed myself , no one would notice . " <next_sent> A friend told me , shortly after that , that she had heard that Tim Russert , a nationally renowned journalist , had been talking about me on national T.V. <next_sent> An essay I 'd written about my father , the year before he died , was in Tim 's new book . <next_sent> And he was doing the talk show circuit . <next_sent> And he was talking about my writing . <next_sent> And when I realized that Tim Russert , former moderator of " Meet the Press , " was talking about my writing , while I was living in a van in a W al-Mart parking lot , I started laughing . <next_sent> You should too . <next_sent> I started laughing because it got to the point where , was I a writer , or was I a homeless woman ? <next_sent> And I cried . <next_sent> Because I was a writer . <next_sent> I was a writer . <next_sent> Shortly after that I moved back to Tennessee . <next_sent> I alternated between living in a van and couch surfing with friends . <next_sent> And I started writing again . <next_sent> By the summer of the following year I was a working journalist . <next_sent> I was winning awards . <next_sent> I was living in my own apartment . <next_sent> I was no longer homeless . <next_sent> And I was no longer invisible . <next_sent> Thousands of people work full and part - time jobs , and live in their cars . <next_sent> But society continues to stigmatize and criminalize living in your vehicle or on the streets . <next_sent> So the homeless , the working homeless , primarily remain invisible . <next_sent> But if you ever meet one , engage them , encourage them , and offer them hope . <next_sent> The human spirit can overcome anything if it has hope . <next_sent> And I 'm not here to be the poster girl for the homeless . <next_sent> I 'm not here to encourage you to give money to the next panhandler you meet . <next_sent> But I am here to tell you that , based on my experience , people are not where they live , where they sleep , or what their life situation is at any given time . <next_sent> Three years ago I was living in a van in a W al-Mart parking lot , and today I 'm speaking at TED . <next_sent> Hope always , always finds a way . <next_sent> Thank you .
(d / document
   :snt1 (s1.u / url-entity
               :topic (s1.t / talk-01))
   :snt2 (s2.c / cause-01
               :ARG0 (s2.a4 / and
                            :op1 (s2.a3 / and
                                        :domain (s2.i / i)
                                        :op1 (s2.p / person
                                                   :ARG0-of (s2.w / write-01))
                                        :op2 (s2.j / journalist))
                            :op2 (s2.p2 / person
                                        :ARG0-of (s2.c2 / curious-01
                                                        :degree (s2.i2 / insane))
                                        :domain s2.i
                                        :mod (s2.a2 / also)))
               :ARG1 (s2.l / learn-01
                           :ARG0 s2.i
                           :ARG1 (s2.d / do-02
                                       :ARG0 s2.i
                                       :ARG1 (s2.t2 / thing
                                                    :quant (s2.l2 / lot)
                                                    :ARG1-of (s2.n / new-01)))
                           :time (s2.a / after
                                       :quant (s2.t / temporal-quantity
                                                    :unit (s2.y / year)
                                                    :quant "22")
                                       :op1 (s2.n2 / now))))
   :snt3 (s3.a / and
               :op2 (s3.b / become-01
                          :ARG1 (s3.i / i
                                      :same-as s2.i)
                          :ARG2 (s3.s / see-01
                                      :ARG1 s3.i
                                      :polarity "-")
                          :time (s3.b2 / before
                                       :quant (s3.t / temporal-quantity
                                                    :unit (s3.y / year)
                                                    :quant "3")
                                       :op1 (s3.n / now)))
               :rel (s3.i2 / include-91
                           :ARG2 (s3.t2 / thing
                                        :ARG1-of (s3.d / do-02
                                                       :ARG0 s3.i
                                                       :manner (s3.t3 / thing
                                                                      :ARG1-of (s3.l / learn-01
                                                                                     :ARG0 s3.i))))))
   :snt4 (s4.b / become-01
               :ARG1 (s4.i / i
                           :same-as s2.i)
               :ARG2 (s4.p / person
                           :ARG1-of (s4.i2 / include-91
                                           :ARG2 (s4.p2 / person
                                                        :ARG0-of (s4.w / work-01)
                                                        :mod (s4.h / homeless)))
                           :quant "1"))
   :snt5 (s5.a2 / and
                :op1 (s5.q / quit-01
                           :ARG0 (s5.i / i
                                       :same-as s2.i)
                           :ARG1 (s5.j / job
                                       :mod (s5.h / have-org-role-91
                                                  :ARG0 s5.i
                                                  :ARG1 (s5.n / newspaper)
                                                  :ARG2 (s5.e / editor))
                                       :poss s5.i)
                           :time (s5.a / after
                                       :op1 (s5.d3 / die-01
                                                   :ARG1 (s5.p / person
                                                               :ARG0-of (s5.h2 / have-rel-role-91
                                                                               :ARG1 s5.i
                                                                               :ARG2 (s5.f / father)))
                                                   :time (s5.d / date-entity
                                                               :time (s5.y / year
                                                                           :ARG1-of (s5.s / same-01)
                                                                           :mod (s5.t / that))
                                                               :month "2"))))
                :op2 (s5.d2 / decide-01
                            :ARG0 s5.i
                            :ARG1 (s5.t2 / travel-01
                                         :ARG0 s5.i)))
   :snt6 (s6.h3 / hit-01
                :ARG0 (s6.d / die-01
                            :ARG1 (s6.h2 / he
                                         :same-as s5.p)
                            :same-as s5.d3)
                :ARG1 (s6.i / i
                            :same-as s2.i)
                :ARG1-of (s6.h / hard-04
                               :degree (s6.p / pretty)))
   :snt7 (s7.a / and
               :op2 (s7.w / want-01
                          :ARG0 (s7.i / i
                                      :same-as s2.i)
                          :ARG1 (s7.a2 / and
                                       :op1 (s7.f / feel-01
                                                  :ARG0 s7.i
                                                  :ARG2 (s7.t2 / thing
                                                               :quant (s7.l / lot)))
                                       :op2 (s7.d / deal-01
                                                  :ARG0 s7.i
                                                  :ARG2 s7.t2))
                          :time (s7.d2 / do-02
                                       :ARG0 s7.i
                                       :ARG1 (s7.t / that
                                                   :same-as s5.t2))))
   :snt8 (s8.c / camp-02
               :ARG0 (s8.i / i
                           :same-as s2.i)
               :duration (s8.l / life
                               :mod (s8.w / whole)
                               :poss s8.i))
   :snt9 (s9.a / and
               :op2 (s9.d / decide-01
                          :ARG0 (s9.i / i
                                      :same-as s2.i)
                          :ARG1 (s9.r / resemble-01
                                      :ARG1 (s9.l / live-01
                                                  :purpose (s9.d2 / do-02
                                                                  :ARG0 s9.i
                                                                  :ARG1 (s9.t2 / this
                                                                               :same-as s5.t2))
                                                  :duration (s9.t / temporal-quantity
                                                                  :unit (s9.y / year)
                                                                  :quant "1")
                                                  :location (s9.v / van))
                                      :ARG2 (s9.t3 / trip-03
                                                   :purpose (s9.c / camp-02)
                                                   :ARG1-of (s9.l2 / long-03)
                                                   :quant "1"))))
   :snt10 (s10.c4 / cause-01
                  :ARG0 (s10.f / fail-01
                               :ARG1 (s10.i / i
                                            :same-as s2.i)
                               :ARG1-of (s10.f2 / full-09)
                               :ARG2 (s10.r / realize-01
                                            :ARG0 s10.i
                                            :ARG1 (s10.t / thing
                                                         :ARG1-of (s10.c5 / critical-02)
                                                         :quant "3")))
                  :ARG1 (s10.a2 / and
                                :op1 (s10.p / pack-01
                                            :ARG0 s10.i
                                            :ARG1 (s10.a / and
                                                         :op1 (s10.c3 / cat
                                                                      :poss s10.i)
                                                         :op2 (s10.d2 / dog
                                                                      :name (s10.n / name
                                                                                   :op1 "Rottweiler")
                                                                      :poss s10.i)
                                                         :op3 (s10.g / gear
                                                                     :purpose (s10.c / camp-02
                                                                                     :ARG0 s10.i)
                                                                     :poss s10.i))
                                            :ARG2 (s10.v / van
                                                         :mod (s10.c2 / car-make
                                                                      :name (s10.n2 / name
                                                                                    :op1 "Chevy"))
                                                         :time (s10.d / date-entity
                                                                      :year "1975")))
                                :op2 (s10.d3 / drive-01
                                             :ARG0 s10.i
                                             :destination (s10.s / sunset))))
   :snt11 (s11.e / equate-01
                 :ARG0 (s11.s2 / society)
                 :ARG1 (s11.l / live-01
                              :location (s11.s3 / structure
                                                :example (s11.s / shack
                                                                :mod (s11.e2 / even))
                                                :mod (s11.p / permanent)))
                 :ARG2 (s11.v / value-01
                              :ARG1 (s11.p2 / person))
                 :li "1")
   :snt12 (s12.f / fail-01
                 :ARG1 (s12.i / i
                              :same-as s2.i)
                 :ARG2 (s12.r2 / realize-01
                               :ARG0 s12.i
                               :ARG1 (s12.t / thing
                                            :ARG3-of (s12.h / have-degree-91
                                                            :ARG1 (s12.p3 / possible-01
                                                                          :ARG1 (s12.i2 / impact-01
                                                                                        :ARG0 (s12.p / perceive-01
                                                                                                     :ARG0 (s12.p2 / person
                                                                                                                   :mod (s12.o / other))
                                                                                                     :ARG0-of (s12.n / negative-02))
                                                                                        :ARG1 (s12.r / reality
                                                                                                     :poss (s12.w / we))
                                                                                        :condition (s12.l / let-01
                                                                                                          :ARG0 s12.w
                                                                                                          :ARG1 s12.i2)))
                                                            :ARG2 (s12.q / quick-02))))
                 :li "2")
   :snt13 (s13.f / fail-01
                 :ARG1 (s13.i / i
                              :same-as s2.i)
                 :ARG2 (s13.r / realize-01
                              :ARG0 s13.i
                              :ARG1 (s13.a / and
                                           :domain (s13.h / homelessness
                                                          :polarity "-")
                                           :op1 (s13.a2 / attitude)
                                           :op2 (s13.l / lifestyle
                                                       :polarity "-")))
                 :li "3")
   :snt14 (s14.g / great
                 :domain (s14.l / live-01
                                :location (s14.v / van
                                                 :same-as s10.v))
                 :time (s14.a / at-first))
   :snt15 (s15.a / and
                 :op2 (s15.h / have-03
                             :ARG0 (s15.i / i
                                          :same-as s2.i)
                             :ARG1 (s15.t / time
                                          :purpose (s15.a2 / and
                                                           :op1 (s15.r / relax-01
                                                                       :ARG1 s15.i)
                                                           :op2 (s15.g / grieve-01
                                                                       :ARG0 s15.i)))))
   :snt16 (s16.c / contrast-01
                 :ARG2 (s16.s / set-16
                              :ARG1 (s16.a / and
                                           :op1 (s16.a2 / anger-01
                                                        :ARG1 (s16.i / i
                                                                     :same-as s2.i))
                                           :op2 (s16.d / depress-01
                                                       :ARG0 (s16.d2 / die-01
                                                                     :ARG1 (s16.p / person
                                                                                  :ARG0-of (s16.h / have-rel-role-91
                                                                                                  :ARG1 s16.i
                                                                                                  :ARG2 (s16.f / father))
                                                                                  :same-as s5.p)
                                                                     :same-as s5.d3)
                                                       :ARG1 s16.i))
                              :time (s16.t / then)))
   :snt17 (s17.e / end-01
                 :ARG1 (s17.j / job
                              :mod (s17.f / freelance)
                              :poss (s17.i / i
                                           :same-as s2.i)))
   :snt18 (s18.a / and
                 :op2 (s18.o / obligate-01
                             :ARG1 (s18.i / i
                                          :same-as s2.i)
                             :ARG2 (s18.g / get-01
                                          :purpose (s18.p / pay-01
                                                          :ARG0 s18.i
                                                          :ARG3 (s18.m / monetary-quantity
                                                                       :ARG1-of (s18.b / bill-01)))
                                          :ARG0 s18.i
                                          :ARG1 (s18.j / job
                                                       :mod (s18.f / full-time)))))
   :snt19 (s19.t / turn-02
                 :ARG1 (s19.s / spring
                              :mod (s19.m / mild
                                          :degree (s19.r / really)))
                 :ARG2 (s19.d / date-entity
                              :season (s19.s2 / summer
                                              :ARG1-of (s19.h / hot-05
                                                              :degree (s19.m2 / miserable)))))
   :snt20 (s20.a / and
                 :op2 (s20.b / become-01
                             :ARG2 (s20.p2 / possible-01
                                           :ARG1 (s20.p / park-01
                                                        :ARG2 (s20.a3 / anywhere)
                                                        :manner (s20.o / obvious-01
                                                                       :ARG1 (s20.h / have-03
                                                                                    :ARG0 (s20.i / i
                                                                                                 :same-as s2.i)
                                                                                    :ARG1 (s20.a2 / and
                                                                                                  :op1 (s20.c / cat
                                                                                                              :same-as s10.c3)
                                                                                                  :op2 (s20.d / dog
                                                                                                              :same-as s10.d2)))
                                                                       :degree (s20.v / very)
                                                                       :polarity "-"))
                                           :polarity "-"))
                 :op3 (s20.h2 / hot-05
                              :ARG1 (s20.i2 / it)
                              :degree (s20.r / really)))
   :snt21 (s21.a / and
                 :op1 (s21.c2 / come-01
                              :ARG1 (s21.c / cat
                                           :same-as s10.c3))
                 :op2 (s21.g / go-02
                             :ARG0 s21.c
                             :path (s21.w / window
                                          :ARG1-of (s21.o / open-09)
                                          :part-of (s21.v / van
                                                          :same-as s10.v))))
   :snt22 (s22.g / go-02
                 :ARG0 (s22.d2 / doggy
                               :same-as s10.d2)
                 :ARG4 (s22.c / care-03
                              :ARG1 s22.d2
                              :mod (s22.d / day)))
   :snt23 (s23.a / and
                 :op2 (s23.e / expend-01
                             :ARG1 (s23.i / i
                                          :same-as s2.i)))
   :snt24 (s24.u / use-01
                 :ARG0 (s24.i / i
                              :same-as s2.i)
                 :ARG1 (s24.s / shower-01
                              :ARG2 (s24.p / person
                                           :ARG1-of (s24.e / employ-01))
                              :location (s24.a / and
                                               :op1 (s24.b / building
                                                           :mod (s24.o / office))
                                               :op2 (s24.s2 / stop-01
                                                            :ARG1 (s24.t / truck))))
                 :ARG1-of (s24.p2 / possible-01
                                  :mod (s24.a2 / any)))
   :snt25 (s25.o / or
                 :op2 (s25.w / wash-01
                             :ARG0 (s25.i / i
                                          :same-as s2.i)
                             :location (s25.r2 / room
                                               :purpose (s25.r / rest-01)
                                               :ARG1-of (s25.p / public-02))))
   :snt26 (s26.d2 / drop-01
                  :ARG0-of (s26.m / make-02
                                  :ARG1 (s26.o / or
                                               :op2 (s26.p / possible-01
                                                           :ARG1 (s26.s / sleep-01)
                                                           :polarity "-")))
                  :ARG1 (s26.t / temperature
                               :location (s26.v / van
                                                :same-as s10.v)
                               :time (s26.n / night))
                  :ARG1-of (s26.r / rare-02)
                  :ARG4 (s26.b / below
                               :op1 (s26.t2 / temperature-quantity
                                            :scale (s26.f / fahrenheit)
                                            :quant "80"))
                  :rel (s26.d / difficult
                              :domain s26.s))
   :snt27 (s27.r / rot-01
                 :ARG0 (s27.h / heat)
                 :ARG1 (s27.f / food))
   :snt28 (s28.a2 / and
                  :op1 (s28.m / melt-01
                              :ARG1 (s28.i2 / ice
                                            :location (s28.c / chest
                                                             :mod (s28.i3 / ice)
                                                             :poss (s28.i / i
                                                                          :same-as s2.i)))
                              :time (s28.a / after
                                           :quant (s28.u / up-to
                                                         :op1 (s28.m3 / multiple
                                                                      :op1 (s28.t / temporal-quantity
                                                                                  :unit (s28.h / hour)
                                                                                  :quant "1")))))
                  :op2 (s28.m2 / miserable
                               :degree (s28.p / pretty)
                               :domain (s28.i4 / it)))
   :snt29 (s29.o / or
                 :op1 (s29.p / possible-01
                             :ARG1 (s29.a / afford-01
                                          :ARG0 (s29.i / i
                                                       :same-as s2.i)
                                          :ARG1 (s29.f / find-01
                                                       :ARG0 s29.i
                                                       :ARG1 (s29.a6 / apartment)))
                             :polarity "-")
                 :op2 (s29.p2 / possible-01
                              :ARG1 (s29.a2 / afford-01
                                            :ARG0 s29.i
                                            :ARG1 (s29.a7 / apartment
                                                          :ARG0-of (s29.a3 / allow-01
                                                                           :ARG1 (s29.h / have-03
                                                                                        :ARG0 s29.i
                                                                                        :ARG1 (s29.a4 / and
                                                                                                      :op1 (s29.a5 / animal
                                                                                                                   :name (s29.n / name
                                                                                                                                :op1 "Rottweiler")
                                                                                                                   :same-as s10.d2)
                                                                                                      :op2 (s29.c / cat
                                                                                                                  :same-as s10.c3)
                                                                                                      :same-as s20.a2)))))
                              :polarity "-"))
   :snt30 (s30.a / and
                 :op2 (s30.r / refuse-01
                             :ARG0 (s30.i / i
                                          :same-as s2.i)
                             :ARG0-of (s30.c / cause-01
                                             :ARG1 (s30.s / stay-01
                                                          :ARG1 s30.i
                                                          :location (s30.v / van
                                                                           :same-as s10.v)))
                             :ARG1 (s30.g / give-up-07
                                          :ARG0 s30.i
                                          :ARG1 (s30.t / they
                                                       :same-as s20.a2))))
   :snt31 (s31.a / and
                 :op2 (s31.u / use-01
                             :ARG0 (s31.i / i
                                          :same-as s2.i)
                             :ARG1 (s31.a2 / and
                                           :op1 (s31.b2 / bucket)
                                           :op2 (s31.b / bag
                                                       :mod (s31.t3 / trash)))
                             :ARG2 (s31.t / toilet)
                             :time (s31.m / make-02
                                          :ARG0 (s31.h2 / heat
                                                        :same-as s27.h)
                                          :ARG1 (s31.s / sick-05
                                                       :ARG1 s31.i
                                                       :ARG2-of (s31.h / have-degree-91
                                                                       :ARG3 (s31.t2 / too)
                                                                       :ARG6 (s31.w / walk-01
                                                                                    :ARG0 s31.i
                                                                                    :ARG2 (s31.r / restroom
                                                                                                 :ARG1-of (s31.p / public-02)
                                                                                                 :location (s31.o / outside
                                                                                                                  :op1 (s31.v / van
                                                                                                                              :poss s31.i
                                                                                                                              :same-as s10.v)))
                                                                                    :extent (s31.d2 / distance-quantity
                                                                                                    :unit (s31.f / foot)
                                                                                                    :quant "50")
                                                                                    :time (s31.d / date-entity
                                                                                                 :dayperiod (s31.n / night)))))
                                          :ARG1 s31.i)))
   :snt32 (s32.d / drop-01
                 :ARG1 (s32.t / temperature)
                 :ARG4 (s32.b / below
                              :op1 (s32.f / freeze-01))
                 :time (s32.s / set-16
                              :ARG1 (s32.w / weather
                                           :mod (s32.w2 / winter))))
   :snt33 (s33.a / and
                 :op2 (s33.s / stay-01
                             :ARG1 (s33.t2 / they
                                           :same-as s20.a2)
                             :location (s33.t / there)))
   :snt34 (s34.a / and
                 :op2 (s34.f / face-01
                             :ARG0 (s34.i / i
                                          :same-as s2.i)
                             :ARG1 (s34.s / set
                                          :ARG1-of (s34.n / new-01)
                                          :consist-of (s34.c / challenge-01)
                                          :mod (s34.w / whole))))
   :snt35 (s35.p / park-01
                 :purpose (s35.a2 / avoid-01
                                  :ARG0 (s35.i / i
                                               :same-as s2.i)
                                  :ARG1 (s35.a / and
                                               :op1 (s35.n2 / notice-01
                                                            :ARG0 (s35.p3 / police)
                                                            :ARG1 s35.i)
                                               :op2 (s35.h / hassle-01
                                                           :ARG0 s35.p3
                                                           :ARG1 s35.i)))
                 :ARG0 s35.i
                 :ARG1 (s35.p2 / place
                               :ARG1-of (s35.d2 / differ-02))
                 :frequency (s35.r / rate-entity-91
                                   :ARG3 (s35.d / date-entity
                                                :dayperiod (s35.n / night))))
   :snt36 (s36.s / succeed-01
                 :ARG0 (s36.i / i
                              :same-as s2.i)
                 :time (s36.a / always)
                 :polarity "-")
   :snt37 (s37.c / contrast-01
                 :ARG2 (s37.f / feel-01
                              :ARG0 (s37.i / i
                                           :same-as s2.i)
                              :ARG1 (s37.o / out-06
                                           :ARG1 s37.i
                                           :ARG2 (s37.c2 / control-01
                                                         :ARG0 s37.i
                                                         :ARG1 (s37.l / life
                                                                      :poss s37.i)))))
   :snt38 (s38.a / and
                 :op2 (s38.c / contrast-01
                             :ARG1 (s38.k / know-01
                                          :ARG0 (s38.i / i
                                                       :same-as s2.i)
                                          :ARG1 (s38.o / or
                                                       :op1 (s38.t4 / time)
                                                       :op2 (s38.t3 / thing
                                                                    :manner-of (s38.i2 / it)))
                                          :polarity "-")
                             :ARG2 (s38.t / take-away-05
                                          :ARG0 (s38.s / speed-01
                                                       :ARG1 (s38.g / go-01
                                                                    :ARG1 s38.i
                                                                    :ARG3 (s38.a2 / and
                                                                                  :op1 (s38.p / person
                                                                                              :ARG0-of (s38.w2 / write-01)
                                                                                              :mod (s38.t2 / talent))
                                                                                  :op2 (s38.j / journalist
                                                                                              :mod s38.t2))
                                                                    :ARG4 (s38.w / woman
                                                                                 :ARG0-of (s38.l / live-01
                                                                                                 :location (s38.v / van
                                                                                                                  :same-as s10.v))
                                                                                 :domain s38.i
                                                                                 :mod (s38.h / homeless))))
                                          :ARG1 (s38.b / breathe-01
                                                       :ARG0 s38.i))))
   :snt39 (s39.c / change-01
                 :ARG1 (s39.i / i
                              :same-as s2.i)
                 :polarity "-")
   :snt40 (s40.d / drop-01
                 :ARG1 (s40.t / test
                              :poss (s40.i / i
                                           :same-as s2.i))
                 :polarity "-")
   :snt41 (s41.r / remain-01
                 :ARG1 (s41.a / and
                              :op1 (s41.t / talent
                                          :poss (s41.i / i
                                                       :same-as s2.i))
                              :op2 (s41.i2 / integrity
                                           :poss s41.i)
                              :op3 (s41.v / value
                                          :poss s41.i)
                              :op4 (s41.e / everything
                                          :topic s41.i))
                 :ARG3 (s41.s / same-01
                              :ARG1 s41.a))
   :snt42 (s42.c2 / contrast-01
                  :ARG2 (s42.c / change-01
                               :ARG1 (s42.i / i
                                            :same-as s2.i)
                               :manner (s42.s / somehow)))
   :snt43 (s43.s / spiral-01
                 :ARG1 (s43.i / i
                              :same-as s2.i)
                 :ARG1-of (s43.h / have-degree-91
                                 :ARG2 (s43.d / deep-02
                                              :ARG1 s43.s)
                                 :ARG3 (s43.m / more))
                 :ARG4 (s43.d2 / depress-01
                               :ARG1 s43.i))
   :snt44 (s44.a / and
                 :op2 (s44.r / refer-02
                             :ARG0 (s44.s / someone)
                             :ARG1 (s44.i / i
                                          :same-as s2.i)
                             :ARG2 (s44.c / clinic
                                          :mod (s44.h2 / health)
                                          :mod (s44.p / person
                                                      :ARG0-of (s44.h / have-03
                                                                      :ARG1 (s44.h3 / home)
                                                                      :polarity "-")))
                             :time (s44.e / eventual)))
   :snt45 (s45.a / and
                 :op2 (s45.g / go-02
                             :ARG0 (s45.i / i
                                          :same-as s2.i)))
   :snt46 (s46.b / bathe-01
                 :ARG0 (s46.i / i
                              :same-as s2.i)
                 :duration (s46.t / temporal-quantity
                                  :unit (s46.d / day)
                                  :quant "3")
                 :polarity "-")
   :snt47 (s47.h / have-degree-91
                 :ARG1 (s47.i / i
                              :same-as s2.i)
                 :ARG2 (s47.a / and
                              :op1 (s47.s / smelly)
                              :op2 (s47.d / depress-01
                                          :ARG1 s47.i))
                 :ARG3 (s47.e / equal)
                 :ARG4 (s47.a2 / anyone
                               :ARG1-of (s47.l / line-up-02)))
   :snt48 (s48.o / or
                 :mod (s48.j / just)
                 :op1 (s48.d / drunk
                             :domain (s48.i / i
                                            :same-as s2.i)
                             :polarity "-")
                 :op2 (s48.h / high-04
                             :ARG1 s48.i
                             :polarity "-"))
   :snt49 (s49.a3 / and
                  :op2 (s49.s / say-01
                              :ARG0 (s49.m / man
                                           :quant (s49.s2 / several)
                                           :ARG2-of (s49.i / include-01
                                                           :ARG1 (s49.m2 / man
                                                                         :ARG0-of (s49.h / have-org-role-91
                                                                                         :ARG1 (s49.u / university)
                                                                                         :ARG2 (s49.p / professor)
                                                                                         :time (s49.f / former)))))
                              :ARG1 (s49.b / be-located-at-91
                                           :ARG1 (s49.y / you
                                                        :same-as s2.i)
                                           :ARG1-of (s49.r / real-04)
                                           :ARG1-of (s49.c / cause-01
                                                           :ARG0 (s49.a2 / amr-unknown))
                                           :ARG2 (s49.h2 / here))
                              :time (s49.r2 / realize-01
                                            :ARG0 s49.m))
                  :rel (s49.h3 / homeless
                               :domain s49.y
                               :polarity (s49.a / -)
                               :ARG1-of s49.a))
   :snt50 (s50.s / see-01
                 :ARG0 (s50.p / person
                              :ARG0-of (s50.h / have-03
                                              :ARG1 (s50.h2 / home)
                                              :polarity "-")
                              :mod (s50.o / other))
                 :ARG1 (s50.i / i
                              :same-as s2.i)
                 :ARG2 (s50.h3 / homeless)
                 :concession (s50.s2 / see-01
                                     :ARG0 s50.i
                                     :ARG2 s50.h3)
                 :polarity "-")
   :snt51 (s51.a / and
                 :op1 (s51.l / listen-01
                             :ARG0 (s51.p / professor
                                          :same-as s49.h)
                             :ARG1 (s51.s2 / story
                                           :poss (s51.i / i
                                                        :same-as s2.i))
                             :time (s51.t / then))
                 :op2 (s51.s / say-01
                             :ARG0 s51.p
                             :ARG1 (s51.a2 / and
                                           :op1 (s51.h / have-03
                                                       :ARG0 (s51.y / you
                                                                    :same-as s2.i)
                                                       :ARG1 (s51.j / job))
                                           :op2 (s51.h2 / hopeful-03
                                                        :ARG0 s51.y))
                             :time s51.t))
   :snt52 (s52.h3 / hopeful-03
                  :ARG0 (s52.p / person
                               :ARG0-of (s52.h / have-03
                                               :ARG1 (s52.h2 / home
                                                             :ARG1-of (s52.r / real-04))
                                               :polarity "-"))
                  :polarity "-")
   :snt53 (s53.l / leave-13
                 :ARG0 (s53.r / react-01
                              :ARG1 (s53.m / medication
                                           :ARG1-of (s53.g / give-01
                                                           :ARG0 (s53.c / clinic
                                                                        :same-as s44.c)
                                                           :ARG2 (s53.i / i
                                                                        :same-as s2.i)
                                                           :ARG3 (s53.d / depress-01
                                                                        :ARG1 s53.i
                                                                        :same-as s43.d2))))
                 :ARG1 (s53.s / suicide
                              :domain s53.i))
   :snt54 (s54.a / and
                 :op2 (s54.r / remember-01
                             :ARG0 (s54.i / i
                                          :same-as s2.i)
                             :ARG1 (s54.t / think-01
                                          :ARG0 s54.i
                                          :ARG1 (s54.n2 / notice-01
                                                        :ARG0 (s54.n / no-one)
                                                        :condition (s54.k / kill-01
                                                                          :ARG0 s54.i
                                                                          :ARG1 s54.i)))))
   :snt55 (s55.t3 / tell-01
                  :ARG0 (s55.p / person
                               :ARG0-of (s55.h / have-rel-role-91
                                               :ARG1 (s55.i / i
                                                            :same-as s2.i)
                                               :ARG2 (s55.f / friend)))
                  :ARG1 (s55.h2 / hear-01
                                :ARG0 s55.p
                                :ARG1 (s55.t / talk-01
                                             :ARG0 (s55.j / journalist
                                                          :name (s55.n / name
                                                                       :op1 "Tim"
                                                                       :op2 "Russert")
                                                          :ARG1-of (s55.r / renown-01
                                                                          :location (s55.n2 / nation)))
                                             :ARG1 s55.i
                                             :medium (s55.t2 / television
                                                             :mod s55.n2)))
                  :time (s55.a / after
                               :ARG1-of (s55.s / short-07)
                               :op1 (s55.t4 / that)))
   :snt56 (s56.i2 / include-01
                  :ARG1 (s56.e / essay
                               :ARG1-of (s56.w / write-01
                                               :ARG0 (s56.i / i
                                                            :same-as s2.i)
                                               :time (s56.b / before
                                                            :quant (s56.t / temporal-quantity
                                                                          :unit (s56.y / year)
                                                                          :quant "1")
                                                            :op1 (s56.d / die-01
                                                                        :ARG1 (s56.p / person
                                                                                     :ARG0-of (s56.h / have-rel-role-91
                                                                                                     :ARG1 s56.i
                                                                                                     :ARG2 (s56.f / father))
                                                                                     :same-as s5.p))))
                               :topic s56.p)
                  :ARG2 (s56.b2 / book
                                :ARG1-of (s56.n2 / new-01)
                                :poss (s56.p2 / person
                                              :name (s56.n / name
                                                           :op1 "Tim")
                                              :same-as s55.j)))
   :snt57 (s57.a / and
                 :op2 (s57.d / do-02
                             :ARG0 (s57.h / he
                                          :same-as s55.j)
                             :ARG1 (s57.c / circuit
                                          :mod (s57.t / talk-show))))
   :snt58 (s58.a / and
                 :op2 (s58.t / talk-01
                             :ARG0 (s58.h / he
                                          :same-as s55.j)
                             :ARG1 (s58.w / write-01
                                          :ARG0 (s58.i / i
                                                       :same-as s2.i))))
   :snt59 (s59.a / and
                 :op2 (s59.s / start-01
                             :ARG0 (s59.i / i
                                          :same-as s2.i)
                             :ARG1 (s59.l / laugh-01
                                          :ARG0 s59.i)
                             :time (s59.r / realize-01
                                          :ARG0 s59.i
                                          :ARG1 (s59.t / talk-01
                                                       :ARG0 (s59.p2 / person
                                                                     :name (s59.n / name
                                                                                  :op1 "Tim"
                                                                                  :op2 "Russert")
                                                                     :ARG0-of (s59.m / moderate-02
                                                                                     :ARG1 (s59.b / broadcast-program
                                                                                                  :name (s59.n2 / name
                                                                                                                :op1 "Meet"
                                                                                                                :op2 "the"
                                                                                                                :op3 "Press"))
                                                                                     :time (s59.f / former))
                                                                     :same-as s55.j)
                                                       :ARG1 (s59.w / write-01
                                                                    :ARG0 s59.i
                                                                    :same-as s58.w))
                                          :time (s59.l2 / live-01
                                                        :ARG0 s59.i
                                                        :location (s59.v / van
                                                                         :same-as s10.v)
                                                        :location (s59.l3 / lot
                                                                          :ARG2-of (s59.p / park-01)
                                                                          :poss (s59.c / company
                                                                                       :name (s59.n3 / name
                                                                                                     :op1 "Wal-Mart")))))))
   :snt60 (s60.r / recommend-01
                 :ARG2 (s60.y / you)
                 :mod (s60.t / too))
   :snt61 (s61.s / start-01
                 :ARG0 (s61.i / i
                              :same-as s2.i)
                 :ARG1 (s61.l / laugh-01
                              :ARG0 s61.i)
                 :ARG1-of (s61.c / cause-01
                                 :ARG0 (s61.g / get-03
                                              :ARG1 (s61.i2 / it)
                                              :ARG2 (s61.p2 / point
                                                            :location-of (s61.a / amr-choice
                                                                                :op1 (s61.p / person
                                                                                            :ARG0-of (s61.w2 / write-01)
                                                                                            :domain s61.i)
                                                                                :op2 (s61.w / woman
                                                                                            :domain s61.i
                                                                                            :mod (s61.h / homeless)))))))
   :snt62 (s62.a / and
                 :op2 (s62.c / cry-02
                             :ARG0 (s62.i / i
                                          :same-as s2.i)))
   :snt63 (s63.c / cause-01
                 :ARG0 (s63.p / person
                              :ARG0-of (s63.w / write-01)
                              :domain (s63.i / i
                                             :same-as s2.i)))
   :snt64 (s64.p / person
                 :ARG0-of (s64.w / write-01)
                 :domain (s64.i / i
                                :same-as s2.i))
   :snt65 (s65.m / move-01
                 :ARG1 (s65.i / i
                              :same-as s2.i)
                 :ARG2 (s65.s2 / state
                               :name (s65.n / name
                                            :op1 "Tennessee"))
                 :direction (s65.b / back)
                 :time (s65.a / after
                              :ARG1-of (s65.s / short-07)
                              :op1 (s65.t / that)))
   :snt66 (s66.a / alternate-01
                 :ARG0 (s66.i / i
                              :same-as s2.i)
                 :ARG1 (s66.a2 / and
                               :op1 (s66.l / live-01
                                           :ARG0 s66.i
                                           :location (s66.v / van))
                               :op2 (s66.s / surf-01
                                           :ARG0 s66.i
                                           :ARG1 (s66.c / couch)
                                           :accompanier (s66.p / person
                                                               :ARG0-of (s66.h / have-rel-role-91
                                                                               :ARG1 s66.i
                                                                               :ARG2 (s66.f / friend))))))
   :snt67 (s67.a2 / and
                  :op2 (s67.s / start-01
                              :ARG0 (s67.i / i
                                           :same-as s2.i)
                              :ARG1 (s67.w / write-01
                                           :ARG0 s67.i
                                           :mod (s67.a / again))))
   :snt68 (s68.j / journalist
                 :ARG0-of (s68.w / work-01)
                 :domain (s68.i / i
                                :same-as s2.i)
                 :time (s68.b / by
                              :op1 (s68.d / date-entity
                                          :mod (s68.y / year
                                                      :ARG1-of (s68.f / follow-01))
                                          :season (s68.s / summer))))
   :snt69 (s69.w / win-01
                 :ARG0 (s69.i / i
                              :same-as s2.i)
                 :ARG1 (s69.a / award-01
                              :ARG2 s69.i))
   :snt70 (s70.l / live-01
                 :ARG0 (s70.i / i
                              :same-as s2.i)
                 :location (s70.a / apartment
                                  :poss s70.i))
   :snt71 (s71.h / homeless
                 :domain (s71.i / i
                                :same-as s2.i)
                 :time (s71.n / no-longer))
   :snt72 (s72.a / and
                 :op2 (s72.p / possible-01
                             :ARG1 (s72.s / see-01
                                          :ARG1 (s72.i / i
                                                       :same-as s2.i))
                             :time (s72.n / no-longer)
                             :polarity "-"))
   :snt73 (s73.a2 / and
                  :op1 (s73.w / work-01
                              :ARG0 (s73.p2 / person
                                            :quant (s73.m / multiple
                                                          :op1 "1000"))
                              :ARG1 (s73.a / and
                                           :op1 (s73.j / job
                                                       :mod (s73.f / full-time))
                                           :op2 (s73.j2 / job
                                                        :mod (s73.p / part-time))))
                  :op2 (s73.l / live-01
                              :ARG0 s73.p2
                              :location (s73.c / car
                                               :poss s73.p2)))
   :snt74 (s74.c2 / contrast-01
                  :ARG2 (s74.c / continue-01
                               :ARG0 (s74.s / society)
                               :ARG1 (s74.a / and
                                            :op1 (s74.s2 / stigmatize-01
                                                         :ARG0 s74.s
                                                         :ARG1 (s74.l / live-01
                                                                      :location (s74.o / or
                                                                                       :op1 (s74.v / vehicle
                                                                                                   :poss (s74.y / you))
                                                                                       :op2 (s74.s3 / street))))
                                            :op2 (s74.c3 / criminalize-01
                                                         :ARG0 s74.s
                                                         :ARG2 s74.l))))
   :snt75 (s75.c / cause-01
                 :ARG1 (s75.r / remain-01
                              :ARG1 (s75.a / and
                                           :op1 (s75.p / person
                                                       :mod (s75.h2 / home))
                                           :op2 (s75.p2 / person
                                                        :ARG0-of (s75.w / work-01)
                                                        :ARG0-of (s75.h / have-03
                                                                        :ARG1 s75.h2
                                                                        :polarity "-")))
                              :ARG3 (s75.s / see-01
                                           :ARG1 s75.a)
                              :mod (s75.p3 / primary)))
   :snt76 (s76.c / contrast-01
                 :ARG2 (s76.a / and
                              :condition (s76.m / meet-02
                                                :ARG0 (s76.y / you)
                                                :ARG1 (s76.o2 / one)
                                                :time (s76.e3 / ever))
                              :op1 (s76.e2 / engage-01
                                           :ARG0 s76.y
                                           :ARG2 s76.o2)
                              :op2 (s76.e / encourage-01
                                          :ARG0 s76.y
                                          :ARG1 s76.o2)
                              :op3 (s76.o / offer-01
                                          :ARG0 s76.y
                                          :ARG1 (s76.h / hope-01
                                                       :ARG0 s76.o2)
                                          :ARG3 s76.o2)))
   :snt77 (s77.p / possible-01
                 :ARG1 (s77.o / overcome-01
                              :ARG0 (s77.s / spirit
                                           :mod (s77.h2 / human))
                              :ARG1 (s77.a / anything)
                              :condition (s77.h / hopeful-03
                                                :ARG0 s77.s)))
   :snt78 (s78.a / and
                 :op2 (s78.b / be-located-at-91
                             :purpose (s78.g / girl
                                             :beneficiary (s78.p / person
                                                                 :ARG0-of (s78.h / have-03
                                                                                 :ARG1 (s78.h3 / home)
                                                                                 :polarity "-"))
                                             :domain (s78.i / i
                                                            :same-as s2.i)
                                             :mod (s78.p2 / poster))
                             :ARG1 s78.i
                             :ARG2 (s78.h2 / here)
                             :polarity "-"))
   :snt79 (s79.b / be-located-at-91
                 :purpose (s79.e / encourage-01
                                 :ARG0 (s79.i / i
                                              :same-as s2.i)
                                 :ARG1 (s79.y / you)
                                 :ARG2 (s79.g / give-01
                                              :ARG0 s79.y
                                              :ARG1 (s79.m2 / money)
                                              :ARG2 (s79.p / person
                                                           :ARG0-of (s79.h / handle-01
                                                                           :ARG1 (s79.a / Pan))
                                                           :ARG1-of (s79.m / meet-03
                                                                           :ARG0 s79.y)
                                                           :mod (s79.n / next))))
                 :ARG1 s79.i
                 :ARG2 (s79.h2 / here)
                 :polarity "-")
   :snt80 (s80.c / contrast-01
                 :ARG2 (s80.b2 / be-located-at-91
                               :purpose (s80.t / tell-01
                                               :ARG0 (s80.i / i
                                                            :same-as s2.i)
                                               :ARG1 (s80.o / or
                                                            :ARG1-of (s80.b / base-02
                                                                            :ARG2 (s80.e / experience-01
                                                                                         :ARG0 s80.i))
                                                            :op1 (s80.b3 / be-located-at-91
                                                                         :ARG1 (s80.p / person)
                                                                         :polarity s80.p)
                                                            :op2 (s80.l4 / location
                                                                         :location-of (s80.s2 / sleep-01
                                                                                              :ARG0 s80.p))
                                                            :op3 (s80.s / situation
                                                                        :mod (s80.l2 / live-01
                                                                                     :ARG0 s80.p)
                                                                        :time (s80.t2 / time
                                                                                      :mod (s80.g / given
                                                                                                  :mod (s80.a / any)))))
                                               :ARG2 (s80.y / you))
                               :ARG1 s80.i
                               :ARG2 (s80.h / here))
                 :rel (s80.l3 / location
                              :location-of (s80.l / live-01
                                                  :ARG0 s80.p))
                 :rel "-")
   :snt81 (s81.a / and
                 :op1 (s81.l / live-01
                             :ARG0 (s81.i / i
                                          :same-as s2.i)
                             :location (s81.v / van)
                             :location (s81.l2 / lot
                                               :ARG2-of (s81.p / park-01)
                                               :part-of (s81.c / company
                                                               :name (s81.n / name
                                                                            :op1 "Wal-Mart"))
                                               :same-as s59.l3)
                             :time (s81.b / before
                                          :quant (s81.t / temporal-quantity
                                                        :unit (s81.y / year)
                                                        :quant "3"
                                                        :same-as s3.t)
                                          :op1 (s81.n3 / now)))
                 :op2 (s81.s / speak-01
                             :ARG0 s81.i
                             :location (s81.c2 / conference
                                               :name (s81.n2 / name
                                                             :op1 "TED"))
                             :time (s81.t2 / today)))
   :snt82 (s82.h / hope-01
                 :time (s82.a / always
                              :ARG0-of (s82.f / find-01
                                              :ARG1 (s82.w / way))))
   :snt83 (s83.t / thank-01
                 :ARG1 (s83.y / you)))

