# ::id doc-1177
# ::doc_file doc-1177
# ::tok http : / / www . ted . com / talks / mckenna_pope_want_to_be_an_activist_start_with_your_toys< / url> <next_sent> I 'm McKenna Pope . <next_sent> I 'm 14 years old , and when I was 13 , I convinced one of the largest toy companies , toymakers , in the world , Hasbro , to change the way that they marketed one of their most best - selling products . <next_sent> So allow me to tell you about it . <next_sent> So I have a brother , Gavin . <next_sent> When this whole shebang happened , he was four . <next_sent> He loved to cook . <next_sent> He was always getting ingredients out of the fridge and mixing them into these , needless to say , uneatable concoctions , or making invisible macaroni and cheese . <next_sent> He wanted to be a chef really badly . <next_sent> I mean , we all had those when we were little . <next_sent> And he wanted one so badly . <next_sent> But then he started to realize something . <next_sent> In the commercials , and on the boxes for the Easy - Bake Ovens , Hasbro marketed them specifically to girls . <next_sent> was they would only feature girls on the boxes or in the commercials , and there would be flowery prints all over the ovens and it would be in bright pink and purple , very gender - specific colors to females , right ? <next_sent> So it kind of was sending a message that only girls are supposed to cook ; boys are n't . <next_sent> And this discouraged my brother a lot . <next_sent> He thought that he was n't supposed to want to be a chef , because that was something that girls did . <next_sent> Girls cooked ; boys did n't , or so was the message that Hasbro was sending . <next_sent> And this got me thinking , God , I wish there was a way that I could change this , that could I have my voice heard by Hasbro so I could ask them and tell them what they were doing wrong and ask them to change it . <next_sent> And that got me thinking about a website that I had learned about a few months prior called Change . org . <next_sent> Change . org is an online petition - sharing platform where you can create a petition and share it across all of these social media networks , through Facebook , through Twitter , through YouTube , through Reddit , through Tumblr , through whatever you can think of . <next_sent> And so I created a petition along with the YouTube video that I added to the petition basically asking Hasbro to change the way that they marketed it , in featuring boys in the commercials , on the boxes , and most of all creating them in less gender - specific colors . <next_sent> So this petition started to take off -- humongously fast , you have no idea . <next_sent> I was getting interviewed by all these national news outlets and press outlets , and it was amazing . <next_sent> In three weeks , maybe three and a half , I had 46,000 signatures on this petition . <next_sent> Thank you . <next_sent> So , needless to say , it was crazy . <next_sent> Eventually , Hasbro themselves invited me to their headquarters so they could go and unveil their new Easy - Bake Oven product to me in black , silver and blue . <next_sent> It was literally one of the best moments of my life . <next_sent> What I did n't realize at the time , however , was that I had become an activist , I could change something , that even as a kid , or maybe even especially as a kid , my voice mattered , and your voice matters too . <next_sent> I want to let you know it 's not going to be easy , and it was n't easy for me , because I faced a lot of obstacles . <next_sent> People online , and sometimes even in real life , were disrespectful to me and my family , and talked about how the whole thing was a waste of time , and it really discouraged me . <next_sent> And actually , I have some examples , because what 's better revenge than displaying their idiocy ? <next_sent> So , let 's see . <next_sent> How about from Whiteboy77AGS : " People always need something to about . " <next_sent> It hurt me , and it made me think , what 's the point of making change in the future ? <next_sent> But then I started to realize something . <next_sent> Haters gonna hate . <next_sent> Come on , say it with me . <next_sent> One , two , three : Haters gonna hate . <next_sent> So let your haters hate , you know what , and make your change , because I know you can . <next_sent> I look out into this crowd , and I see 400 people who came out because they wanted to know how they could make a change , and I know that you can , and all of you watching at home can too because you have so much that you can do and that you believe in , and you can trade it across all these social media , through Facebook , through Twitter , through YouTube , through Reddit , through Tumblr , through whatever else you can think of . <next_sent> And you can make that change . <next_sent> You can take what you believe in and turn it into a cause and change it . <next_sent> And that spark that you 've been hearing about all day today , and turn it into a fire . <next_sent> Thank you .
(d / document
   :snt1 (s1.u / url-entity
               :topic (s1.p / person
                            :name (s1.n / name
                                        :op1 "Democratic"
                                        :op2 "Middle")))
   :snt2 (s2.p / person
               :name (s2.n / name
                           :op1 "McKenna"
                           :op2 "Pope")
               :domain (s2.i / i))
   :snt3 (s3.a3 / and
                :op1 (s3.a / age-01
                           :ARG1 (s3.i / i
                                       :same-as s2.i)
                           :ARG2 (s3.t / temporal-quantity
                                       :unit (s3.y / year)
                                       :quant "14"))
                :op2 (s3.c5 / convince-01
                            :ARG0 s3.i
                            :ARG1 (s3.c2 / company
                                         :name (s3.n / name
                                                     :op1 "Hasbro")
                                         :ARG1-of (s3.i2 / include-91
                                                         :ARG2 (s3.c3 / company
                                                                      :ARG0-of (s3.m / make-01
                                                                                     :ARG1 (s3.t3 / toy))
                                                                      :ARG1-of (s3.h / have-degree-91
                                                                                     :ARG2 (s3.l / large)
                                                                                     :ARG3 (s3.m3 / most)
                                                                                     :ARG5 (s3.c4 / company
                                                                                                  :location (s3.w2 / world)
                                                                                                  :ARG1 s3.s2))
                                                                      :mod s3.t3)))
                            :ARG2 (s3.c / change-01
                                        :ARG0 s3.c2
                                        :ARG1 (s3.w / way
                                                    :manner-of (s3.m2 / market-01
                                                                      :ARG0 s3.c2
                                                                      :ARG1 (s3.p / product
                                                                                  :ARG1-of (s3.i3 / include-91
                                                                                                  :ARG2 (s3.p2 / product
                                                                                                               :ARG1-of (s3.s2 / sell-01)
                                                                                                               :poss s3.c2))
                                                                                  :quant "1"))))
                            :time (s3.a2 / age-01
                                         :ARG1 s3.i
                                         :ARG2 (s3.t2 / temporal-quantity
                                                      :unit (s3.y2 / year)
                                                      :quant "13")))
                :rel (s3.g / good-02
                           :ARG1 (s3.s / sell-01
                                       :ARG1-of (s3.h2 / have-degree-91
                                                       :ARG2 s3.g
                                                       :ARG3 (s3.m4 / most)))
                           :ARG1 s3.s2)
                :rel (s3.t4 / toy))
   :snt4 (s4.a / allow-01
               :ARG0 (s4.y / you)
               :ARG1 (s4.t / tell-01
                           :ARG0 (s4.i / i
                                       :same-as s2.i)
                           :ARG1 (s4.i2 / it)
                           :ARG2 s4.y))
   :snt5 (s5.h / have-03
               :ARG0 (s5.i / i
                           :same-as s2.i)
               :ARG1 (s5.p / person
                           :name (s5.n / name
                                       :op1 "Gavin")
                           :ARG0-of (s5.h2 / have-rel-role-91
                                           :ARG1 s5.i
                                           :ARG2 (s5.b / brother))))
   :snt6 (s6.a / age-01
               :ARG1 (s6.h / he
                           :same-as s5.p)
               :ARG2 (s6.t / temporal-quantity
                           :unit (s6.y / year)
                           :quant "4")
               :time (s6.s / shebang
                           :mod (s6.w / whole)
                           :mod (s6.t2 / this)))
   :snt7 (s7.l / love-01
               :ARG0 (s7.h / he
                           :same-as s5.p)
               :ARG1 (s7.c / cook-01
                           :ARG0 s7.h))
   :snt8 (s8.o / or
               :op1 (s8.a2 / and
                           :op1 (s8.g / get-01
                                      :ARG0 (s8.h / he
                                                  :same-as s5.p)
                                      :ARG1 (s8.i / ingredient)
                                      :source (s8.f / fridge))
                           :op2 (s8.m3 / mix-01
                                       :ARG0 s8.h
                                       :ARG1 s8.i
                                       :ARG3 (s8.p / percentage-entity
                                                   :ARG1-of (s8.e / eat-01
                                                                  :ARG1-of (s8.p2 / possible-01
                                                                                  :polarity "-"))
                                                   :ARG1-of (s8.s / say-01)
                                                   :mod (s8.t / this)))
                           :time (s8.a / always))
               :op2 (s8.m2 / make-01
                           :ARG0 s8.h
                           :ARG1 (s8.a3 / and
                                        :ARG1-of (s8.s2 / see-01
                                                        :ARG1-of (s8.p3 / possible-01
                                                                        :polarity "-"))
                                        :op1 (s8.m / macaroni)
                                        :op2 (s8.c / cheese)))
               :rel (s8.n / need-01
                          :ARG1 s8.s
                          :polarity "-"))
   :snt9 (s9.w / want-01
               :ARG0 (s9.h / he
                           :same-as s5.p)
               :ARG1 (s9.c / chef
                           :domain s9.h)
               :ARG1-of (s9.b / bad-05
                              :degree (s9.r / really)))
   :snt10 (s10.m / mean-01
                 :ARG0 (s10.i / i
                              :same-as s2.i)
                 :ARG2 (s10.h / have-03
                              :ARG0 (s10.w / we
                                           :mod (s10.a / all))
                              :ARG1 (s10.t / that
                                           :same-as s8.a3)
                              :time (s10.l / little
                                           :domain s10.w)))
   :snt11 (s11.a / and
                 :op2 (s11.w / want-01
                             :ARG0 (s11.h / he
                                          :same-as s5.p)
                             :ARG1 (s11.o / one)
                             :ARG1-of (s11.b / bad-05
                                             :degree (s11.s / so))))
   :snt12 (s12.c / contrast-01
                 :ARG2 (s12.s2 / start-01
                               :ARG0 (s12.h / he
                                            :same-as s5.p)
                               :ARG1 (s12.r / realize-01
                                            :ARG0 s12.h
                                            :ARG1 (s12.s / something))
                               :time (s12.t / then)))
   :snt13 (s13.m / market-01
                 :ARG0 (s13.c2 / company
                               :name (s13.n / name
                                            :op1 "Hasbro")
                               :same-as s3.t4)
                 :ARG1 (s13.o / oven
                              :ARG1-of (s13.e / easy-05)
                              :same-as s3.p)
                 :ARG1-of (s13.s / specific-02)
                 :ARG2 (s13.g / girl)
                 :medium (s13.a / and
                                :op1 (s13.c / commercial)
                                :op2 (s13.b / box
                                            :purpose s13.o)))
   :snt14 (s14.a2 / and
                  :ARG1-of (s14.r / request-confirmation-91)
                  :op1 (s14.f / feature-01
                              :ARG0 (s14.t / they
                                           :same-as s3.t4)
                              :ARG1 (s14.g2 / girl)
                              :location (s14.o2 / or
                                                :op1 (s14.b / box
                                                            :same-as s13.o)
                                                :op2 (s14.c2 / commercial
                                                             :same-as s13.c))
                              :mod (s14.o / only))
                  :op2 (s14.p2 / print
                               :location (s14.a / all-over
                                                :op1 (s14.o3 / oven
                                                             :same-as s3.p))
                               :mod (s14.f3 / flowery)
                               :op3 (s14.a3 / and
                                            :mod (s14.c / color
                                                        :ARG2-of (s14.s / specific-02
                                                                        :ARG1 (s14.g / gender)
                                                                        :ARG2 (s14.f2 / female)
                                                                        :degree (s14.v / very)))
                                            :op1 (s14.p / pink-04
                                                        :ARG1-of (s14.b2 / bright-02))
                                            :op2 (s14.p3 / purple-02))))
   :snt15 (s15.s / send-01
                 :ARG0 (s15.i / it)
                 :ARG1 (s15.m / message-01
                              :ARG1 (s15.a / and
                                           :op1 (s15.s2 / suppose-02
                                                        :ARG1 (s15.g / girl
                                                                     :mod (s15.o / only))
                                                        :ARG2 (s15.c / cook-01
                                                                     :ARG0 s15.g))
                                           :op2 (s15.s3 / suppose-02
                                                        :ARG1 (s15.b / boy)
                                                        :ARG2 s15.c
                                                        :ARG2 (s15.c2 / cook-01
                                                                      :ARG0 s15.b)
                                                        :polarity "-")))
                 :degree (s15.k / kind-of))
   :snt16 (s16.a / and
                 :op2 (s16.d / discourage-01
                             :quant (s16.l / lot)
                             :ARG0 (s16.t / this
                                          :same-as s13.m)
                             :ARG1 (s16.p / person
                                          :ARG0-of (s16.h / have-rel-role-91
                                                          :ARG1 (s16.i / i
                                                                       :same-as s2.i)
                                                          :ARG2 (s16.b / brother))
                                          :same-as s5.p)))
   :snt17 (s17.t / think-01
                 :ARG0 (s17.h / he
                              :same-as s5.p)
                 :ARG1 (s17.s2 / suppose-02
                               :ARG1 s17.h
                               :ARG1-of (s17.c / cause-01
                                               :ARG0 (s17.d / do-02
                                                            :ARG0 (s17.g / girl)
                                                            :ARG1 (s17.s / something
                                                                         :domain (s17.c2 / chef))))
                               :ARG2 (s17.w / want-01
                                            :ARG0 s17.h
                                            :ARG1 s17.c2)
                               :polarity "-"))
   :snt18 (s18.a / and
                 :op1 (s18.c2 / cook-01
                              :ARG0 (s18.g / girl))
                 :op2 (s18.c3 / cook-01
                              :ARG0 (s18.b / boy)
                              :polarity "-")
                 :op3 (s18.m / message-01
                             :ARG1-of (s18.s / send-01
                                             :ARG0 (s18.c / company
                                                          :name (s18.n / name
                                                                       :op1 "Hasbro")
                                                          :same-as s3.t4))))
   :snt19 (s19.a / and
                 :op2 (s19.g / get-04
                             :ARG0 (s19.t4 / this)
                             :ARG1 (s19.t3 / think-01
                                           :ARG0 (s19.i / i
                                                        :part (s19.v / voice)
                                                        :same-as s2.i)
                                           :ARG1 (s19.w2 / wish-01
                                                         :ARG0 s19.i
                                                         :ARG1 (s19.w / way
                                                                      :manner-of (s19.p2 / possible-01
                                                                                         :ARG1 (s19.c / change-01
                                                                                                      :ARG0 s19.i
                                                                                                      :ARG1 (s19.t5 / this)))
                                                                      :manner-of (s19.p3 / possible-01
                                                                                         :ARG1 (s19.h / hear-01
                                                                                                      :purpose (s19.a2 / and
                                                                                                                       :op1 (s19.a3 / ask-01
                                                                                                                                    :ARG0 s19.i
                                                                                                                                    :ARG2 (s19.c3 / company
                                                                                                                                                  :name (s19.n2 / name
                                                                                                                                                                :op1 "Hasbro")
                                                                                                                                                  :same-as s3.t4))
                                                                                                                       :op2 (s19.t / tell-01
                                                                                                                                   :ARG0 s19.i
                                                                                                                                   :ARG1 (s19.t2 / thing
                                                                                                                                                 :ARG1-of (s19.d / do-02
                                                                                                                                                                 :ARG0 s19.c3
                                                                                                                                                                 :ARG1-of (s19.w3 / wrong-02)))
                                                                                                                                   :ARG2 s19.c3)
                                                                                                                       :op3 (s19.a4 / ask-02
                                                                                                                                    :ARG0 s19.i
                                                                                                                                    :ARG1 (s19.c2 / change-01
                                                                                                                                                  :ARG0 s19.c3
                                                                                                                                                  :ARG1 s19.t5)
                                                                                                                                    :ARG2 s19.c3))
                                                                                                      :ARG0 s19.c3
                                                                                                      :ARG1 s19.v
                                                                                                      :ARG2 s19.i)))
                                                         :mod (s19.p / person
                                                                     :name (s19.n / name
                                                                                  :op1 "God")
                                                                     :mode "expressive")))))
   :snt20 (s20.a / and
                 :op2 (s20.g / get-04
                             :ARG0 (s20.t2 / that)
                             :ARG1 (s20.t3 / think-01
                                           :ARG0 (s20.i / i
                                                        :same-as s2.i)
                                           :ARG1 (s20.w / website
                                                        :name (s20.n / name
                                                                     :op1 (s20.c / change-01
                                                                                 :ARG2 (s20.u / url-entity
                                                                                              :value "tripod.com")))
                                                        :ARG1-of (s20.l / learn-01
                                                                        :ARG0 s20.i
                                                                        :time (s20.p / prior
                                                                                     :quant (s20.f / few
                                                                                                   :op1 (s20.t / temporal-quantity
                                                                                                               :unit (s20.m / month)
                                                                                                               :quant "1"))))))))
   :snt21 (s21.p3 / platform
                  :domain (s21.u / url-entity
                                 :value "change-01")
                  :instrument-of (s21.s / share-01
                                        :ARG1 (s21.p / petition))
                  :location-of (s21.p4 / possible-01
                                       :ARG1 (s21.a3 / and
                                                     :op1 (s21.c / create-01
                                                                 :ARG0 (s21.y / you)
                                                                 :ARG1 (s21.p2 / petition))
                                                     :op2 (s21.s2 / share-01
                                                                  :ARG0 s21.y
                                                                  :ARG1 s21.p2
                                                                  :ARG2 (s21.n6 / network
                                                                                :mod (s21.m / media
                                                                                            :mod (s21.s3 / social))
                                                                                :mod (s21.t2 / this)
                                                                                :mod (s21.a2 / all))
                                                                  :manner (s21.a / ,
                                                                                 :op1 (s21.p6 / publication
                                                                                              :name (s21.n / name
                                                                                                           :op1 "Facebook"))
                                                                                 :op2 (s21.p7 / publication
                                                                                              :name (s21.n2 / name
                                                                                                            :op1 "Twitter")
                                                                                              :op3-of s21.a)
                                                                                 :op4 (s21.p8 / publication
                                                                                              :name (s21.n3 / name
                                                                                                            :op1 "YouTube"))
                                                                                 :op5 (s21.p9 / publication
                                                                                              :name (s21.n4 / name
                                                                                                            :op1 "Reddit"))
                                                                                 :op6 (s21.p10 / publication
                                                                                               :name (s21.n5 / name
                                                                                                             :op1 "Tumblr"))
                                                                                 :op7 (s21.w / whatever
                                                                                             :ARG1-of (s21.t / think-01
                                                                                                             :ARG0 s21.y
                                                                                                             :ARG1-of (s21.p5 / possible-01)))))))
                  :mod (s21.o / online))
   :snt22 (s22.a3 / and
                  :op2 (s22.c / cause-01
                              :ARG1 (s22.c6 / create-01
                                            :ARG0 (s22.i / i
                                                         :same-as s2.i)
                                            :ARG1 (s22.p / petition
                                                         :ARG0-of (s22.a5 / ask-02
                                                                          :ARG1 (s22.c2 / change-01
                                                                                        :ARG0 (s22.c5 / company
                                                                                                      :name (s22.n2 / name
                                                                                                                    :op1 "Hasbro")
                                                                                                      :same-as s3.t4)
                                                                                        :ARG1 (s22.a4 / and
                                                                                                      :op1 (s22.w / way
                                                                                                                  :manner-of (s22.m / market-01
                                                                                                                                    :ARG0 s22.c5
                                                                                                                                    :ARG1 (s22.i2 / it
                                                                                                                                                  :same-as s22.p)))
                                                                                                      :op2 (s22.f / feature-01
                                                                                                                  :ARG0 s22.c5
                                                                                                                  :ARG1 (s22.b3 / boy)
                                                                                                                  :ARG2 (s22.c4 / commercial)
                                                                                                                  :location (s22.b2 / box))
                                                                                                      :op3 (s22.c7 / create-01
                                                                                                                   :ARG0 s22.c5
                                                                                                                   :ARG1 s22.b3
                                                                                                                   :manner (s22.c3 / color
                                                                                                                                   :ARG1-of (s22.s / specific-02
                                                                                                                                                   :ARG2 (s22.g / gender)
                                                                                                                                                   :mod (s22.l / less)))
                                                                                                                   :mod (s22.m2 / most
                                                                                                                                :mod (s22.a2 / all)))))
                                                                          :ARG2 s22.c5
                                                                          :mod (s22.b / basic))
                                                         :accompanier (s22.v / video
                                                                             :ARG1-of (s22.a / add-02
                                                                                             :ARG0 s22.i
                                                                                             :ARG2 s22.p)
                                                                             :medium (s22.p2 / publication
                                                                                             :name (s22.n / name
                                                                                                          :op1 "YouTube")
                                                                                             :same-as s21.p8))))))
   :snt23 (s23.c / cause-01
                 :ARG0 (s23.h / have-03
                              :ARG0 (s23.y / you)
                              :ARG1 (s23.i / idea)
                              :polarity "-")
                 :ARG1 (s23.s / start-01
                              :ARG1 (s23.t / take-off-08
                                           :ARG1 (s23.p / petition
                                                        :mod (s23.t2 / this)
                                                        :same-as s22.p)
                                           :ARG1-of (s23.f / fast-02
                                                           :degree (s23.h2 / huge)))))
   :snt24 (s24.a4 / and
                  :op1 (s24.i2 / interview-01
                               :ARG0 (s24.a3 / and
                                             :op1 (s24.o / outlet
                                                         :mod (s24.n2 / news)
                                                         :mod (s24.n / nation)
                                                         :mod (s24.a / all))
                                             :op2 (s24.o2 / outlet
                                                          :mod (s24.p / press)
                                                          :mod (s24.t / this)
                                                          :mod s24.a))
                               :ARG1 (s24.i / i
                                            :same-as s2.i))
                  :op2 (s24.a2 / amaze-01
                               :ARG0 s24.i2))
   :snt25 (s25.h / have-03
                 :ARG0 (s25.i / i
                              :same-as s2.i)
                 :ARG1 (s25.s / sign-01
                              :ARG1 (s25.p / petition
                                           :mod (s25.t3 / this)
                                           :same-as s22.p)
                              :quant "45000")
                 :rel (s25.t / temporal-quantity
                             :quant-of (s25.a / and
                                              :op1 (s25.t2 / temporal-quantity
                                                           :ARG1-of (s25.p2 / possible-01)
                                                           :unit s25.t
                                                           :quant "1.5"
                                                           :quant "3"))
                             :quant "3")
                 :time s25.p2)
   :snt26 (s26.t / thank-01
                 :ARG1 (s26.y / you))
   :snt27 (s27.c / cause-01
                 :ARG1 (s27.n / need-01
                              :ARG1 (s27.s / say-01
                                           :ARG1 (s27.c2 / crazy-03
                                                         :ARG1 (s27.i / it)))
                              :polarity "-"))
   :snt28 (s28.i2 / invite-01
                  :purpose (s28.p / possible-01
                                  :ARG1 (s28.a / and
                                               :op1 (s28.g / go-02
                                                           :ARG0 (s28.c / company
                                                                        :name (s28.n / name
                                                                                     :op1 "Hasbro")
                                                                        :same-as s3.t4))
                                               :op2 (s28.u / unveil-01
                                                           :ARG0 s28.c
                                                           :ARG1 (s28.p2 / product
                                                                         :ARG1-of (s28.n2 / new-01)
                                                                         :mod (s28.o / oven
                                                                                     :ARG1-of (s28.e / easy-05))
                                                                         :poss s28.c)
                                                           :ARG2 (s28.i / i
                                                                        :same-as s2.i)
                                                           :manner (s28.a2 / and
                                                                           :op1 (s28.b / black-04)
                                                                           :op2 (s28.s / silver)
                                                                           :op3 (s28.b2 / blue)))))
                  :ARG0 s28.c
                  :ARG1 s28.i
                  :ARG2 (s28.h / headquarters
                               :poss s28.c)
                  :time (s28.e2 / eventual))
   :snt29 (s29.m / moment
                 :ARG1-of (s29.i2 / include-91
                                  :ARG2 (s29.m2 / moment
                                                :ARG1-of (s29.h / have-degree-91
                                                                :ARG2 (s29.g / good-02
                                                                             :ARG1 s29.m2)
                                                                :ARG3 (s29.m3 / most))
                                                :ARG5 (s29.l / life
                                                             :poss (s29.i / i
                                                                          :same-as s2.i))))
                 :domain (s29.i3 / it)
                 :mod (s29.l2 / literal)
                 :quant "1")
   :snt30 (s30.c2 / contrast-01
                  :ARG2 (s30.r / realize-01
                               :ARG0 (s30.i / i
                                            :same-as s2.i)
                               :ARG1 (s30.a2 / and
                                             :op1 (s30.b / become-01
                                                         :ARG1 s30.i
                                                         :ARG2 (s30.a / activist))
                                             :op2 (s30.p / possible-01
                                                         :ARG1 (s30.c / change-01
                                                                      :ARG0 s30.i
                                                                      :ARG1 (s30.s / something)))
                                             :op3 (s30.a3 / and
                                                          :op1 (s30.m / matter-01
                                                                      :ARG1 (s30.v / voice
                                                                                   :poss s30.i))
                                                          :op2 (s30.m2 / matter-01
                                                                       :ARG1 (s30.v2 / voice
                                                                                     :poss (s30.y / you))
                                                                       :mod (s30.t2 / too))
                                                          :time (s30.o / or
                                                                       :op1 (s30.k / kid
                                                                                   :domain s30.i
                                                                                   :mod (s30.e2 / even))
                                                                       :op2 (s30.p2 / possible-01
                                                                                    :ARG1 (s30.k2 / kid
                                                                                                  :domain s30.i
                                                                                                  :mod (s30.e / especially)
                                                                                                  :mod s30.o)))))
                               :time (s30.t / time)
                               :polarity "-"))
   :snt31 (s31.w / want-01
                 :ARG0 (s31.i / i
                              :same-as s2.i)
                 :ARG1 (s31.l / let-know-07
                              :ARG0 s31.i
                              :ARG1 (s31.y / you)
                              :ARG2 (s31.a / and
                                           :op1 (s31.e / easy-05
                                                       :ARG1 (s31.i2 / it)
                                                       :polarity "-")
                                           :op2 (s31.e2 / easy-05
                                                        :ARG1 s31.i2
                                                        :ARG1-of (s31.c / cause-01
                                                                        :ARG0 (s31.f / face-01
                                                                                     :ARG0 s31.i
                                                                                     :ARG1 (s31.o / obstacle
                                                                                                  :quant (s31.l2 / lot))))
                                                        :prep-for s31.i
                                                        :polarity "-"))))
   :snt32 (s32.a3 / and
                  :op1 (s32.d2 / disrespect-01
                               :ARG0 (s32.p / person
                                            :medium (s32.o / online))
                               :ARG1 (s32.i / i
                                            :same-as s2.i)
                               :ARG1 (s32.a2 / and
                                             :op1 s32.i
                                             :op2 (s32.f / family
                                                         :poss s32.i)))
                  :op2 (s32.t / talk-01
                              :ARG0 s32.p
                              :ARG1 (s32.w / waste-01
                                           :ARG0 (s32.t2 / thing
                                                         :mod (s32.w2 / whole))
                                           :ARG1 (s32.t3 / time)))
                  :op3 (s32.d / discourage-01
                              :ARG0 (s32.a / and
                                           :op1 s32.d2
                                           :op2 (s32.l / live-01
                                                       :ARG1-of (s32.r / real-04)
                                                       :frequency (s32.s / sometimes)
                                                       :mod (s32.e / even)
                                                       :ARG0 s32.p2)
                                           :op2 s32.t)
                              :ARG1 s32.i
                              :degree (s32.r2 / really))
                  :rel (s32.p2 / person))
   :snt33 (s33.a3 / and
                  :op2 (s33.h / have-03
                              :ARG0 (s33.i / i
                                           :same-as s2.i)
                              :ARG1 (s33.e / example
                                           :quant (s33.s / some))
                              :ARG1-of (s33.a / actual-02)
                              :ARG1-of (s33.c / cause-01
                                              :ARG0 (s33.r / revenge
                                                           :ARG1-of (s33.h2 / have-degree-91
                                                                            :ARG2 (s33.g / good-02
                                                                                         :ARG1 s33.r)
                                                                            :ARG3 (s33.m / more)
                                                                            :ARG4 (s33.d / display-01
                                                                                         :ARG1 (s33.i2 / idiocy
                                                                                                       :poss (s33.t / they
                                                                                                                    :same-as s33.e))))
                                                           :domain (s33.a2 / amr-unknown)))))
   :snt34 (s34.l / let-01
                 :ARG1 (s34.s / see-01
                              :ARG0 (s34.w / we)))
   :snt35 (s35.s2 / suggest-01
                  :ARG1 (s35.n2 / need-01
                                :ARG0 (s35.p2 / person)
                                :ARG1 (s35.s / something)
                                :source (s35.p / person
                                               :name (s35.n / name
                                                            :op1 "Whiteboy77AGS"))
                                :time (s35.a / always)))
   :snt36 (s36.a2 / and
                  :op1 (s36.h / hurt-01
                              :ARG0 (s36.i2 / it)
                              :ARG1 (s36.i / i
                                           :same-as s2.i))
                  :op2 (s36.m / make-02
                              :ARG0 s36.i2
                              :ARG1 (s36.t / think-01
                                           :ARG0 s36.i
                                           :ARG1 (s36.p / point-03
                                                        :ARG1 (s36.c / change-01
                                                                     :time (s36.f / future))
                                                        :ARG2 (s36.a / amr-unknown)))))
   :snt37 (s37.c / contrast-01
                 :ARG2 (s37.s2 / start-01
                               :ARG0 (s37.i / i
                                            :same-as s2.i)
                               :ARG1 (s37.r / realize-01
                                            :ARG0 s37.i
                                            :ARG1 (s37.s / something))
                               :time (s37.t / then)))
   :snt38 (s38.h2 / hate-01
                  :ARG0 (s38.p / person
                               :ARG0-of (s38.h / hate-01)))
   :snt39 (s39.c / come-on-25
                 :ARG1 (s39.s / say-01
                              :ARG0 (s39.y / you)
                              :ARG1 (s39.i2 / it)
                              :accompanier (s39.i / i
                                                  :same-as s2.i))
                 :mode "imperative")
   :snt40 (s40.h2 / hate-01
                  :li (s40.a / and
                             :op1 "1"
                             :op2 "2"
                             :op3 "3")
                  :ARG0 (s40.p / person
                               :ARG0-of (s40.h / hate-01)))
   :snt41 (s41.c2 / cause-01
                  :ARG1 (s41.a / and
                               :op1 (s41.l / let-01
                                           :ARG0 (s41.y / you)
                                           :ARG1 (s41.h2 / hate-01
                                                         :ARG0 (s41.p / person
                                                                      :ARG0-of (s41.h / hate-01
                                                                                      :ARG1 s41.y)))
                                           :concession (s41.k / know-01
                                                              :ARG0 s41.y
                                                              :ARG1 (s41.t / thing))
                                           :mode "imperative")
                               :op2 (s41.c4 / change-01
                                            :ARG0 s41.y
                                            :ARG1-of (s41.c3 / cause-01
                                                             :ARG0 (s41.k2 / know-01
                                                                           :ARG0 (s41.i / i
                                                                                        :same-as s2.i)
                                                                           :ARG1 (s41.c / capable-01
                                                                                        :ARG1 s41.y
                                                                                        :ARG2 s41.c4)))
                                            :mode "imperative")))
   :snt42 (s42.a4 / and
                  :op1 (s42.l / look-01
                              :ARG0 (s42.i / i
                                           :same-as s2.i)
                              :ARG1 (s42.c6 / crowd
                                            :mod (s42.t3 / this)))
                  :op2 (s42.s / see-01
                              :ARG0 s42.i
                              :ARG1 (s42.p / person
                                           :ARG1-of (s42.c5 / come-out-09
                                                            :ARG1-of (s42.c2 / cause-01
                                                                             :ARG0 (s42.w / want-01
                                                                                          :ARG0 s42.p
                                                                                          :ARG1 (s42.k / know-01
                                                                                                       :ARG0 s42.p
                                                                                                       :ARG1 (s42.t / thing
                                                                                                                    :manner-of (s42.p2 / possible-01
                                                                                                                                       :ARG1 (s42.m / make-01
                                                                                                                                                    :ARG0 s42.p
                                                                                                                                                    :ARG1 (s42.c4 / change-01))))))))
                                           :quant "400"))
                  :op3 (s42.k2 / know-01
                               :ARG0 s42.i
                               :ARG1 (s42.a5 / and
                                             :op1 (s42.c / capable-01
                                                         :ARG1 (s42.y / you))
                                             :op2 (s42.p3 / possible-01
                                                          :ARG1-of (s42.c3 / cause-01
                                                                           :ARG0 (s42.h / have-03
                                                                                        :ARG0 s42.y
                                                                                        :ARG1 (s42.a6 / and
                                                                                                      :op1 (s42.m3 / much
                                                                                                                   :quant (s42.s2 / so)
                                                                                                                   :ARG1-of (s42.d / do-02
                                                                                                                                   :ARG0 s42.y
                                                                                                                                   :ARG1-of (s42.p4 / possible-01)))
                                                                                                      :op2 (s42.b / believe-01
                                                                                                                  :ARG0 s42.y
                                                                                                                  :ARG1 s42.y))))
                                                          :mod (s42.t5 / too))
                                             :op3 (s42.p5 / possible-01
                                                          :ARG1 (s42.t6 / trade-01
                                                                        :ARG0 s42.y
                                                                        :ARG1 s42.m3
                                                                        :medium (s42.m2 / media
                                                                                        :mod (s42.s3 / social)
                                                                                        :mod (s42.t4 / this)
                                                                                        :mod (s42.a3 / all))
                                                                        :path (s42.a / ,
                                                                                     :op1 (s42.p7 / publication
                                                                                                  :name (s42.n / name
                                                                                                               :op1 "Facebook")
                                                                                                  :op2-of s42.a)
                                                                                     :op3 (s42.p8 / publication
                                                                                                  :name (s42.n2 / name
                                                                                                                :op1 "Twitter")
                                                                                                  :op4-of s42.a)
                                                                                     :op5 (s42.p9 / publication
                                                                                                  :name (s42.n3 / name
                                                                                                                :op1 "YouTube")
                                                                                                  :same-as s21.p8)
                                                                                     :op6 (s42.p10 / publication
                                                                                                   :name (s42.n4 / name
                                                                                                                 :op1 "Reddit")
                                                                                                   :op7-of s42.a)
                                                                                     :op8 (s42.p11 / publication
                                                                                                   :name (s42.n5 / name
                                                                                                                 :op1 "Tumblr"))
                                                                                     :op9 (s42.w3 / whatever
                                                                                                  :ARG1-of (s42.t2 / think-01
                                                                                                                   :ARG0 s42.y
                                                                                                                   :ARG1-of (s42.p6 / possible-01))
                                                                                                  :mod (s42.e / else)))))))
                  :rel (s42.y2 / you
                               :ARG0-of (s42.w2 / watch-01
                                                :location (s42.h2 / home))
                               :mod (s42.a2 / all)))
   :snt43 (s43.a / and
                 :op2 (s43.p / possible-01
                             :ARG1 (s43.c / change-01
                                          :ARG0 (s43.y / you)
                                          :ARG1 (s43.t / that
                                                       :same-as s41.c4))))
   :snt44 (s44.p / possible-01
                 :ARG1 (s44.a / and
                              :op1 (s44.t / take-01
                                          :ARG0 (s44.y / you)
                                          :ARG1 (s44.t2 / thing
                                                        :ARG1-of (s44.b / believe-01
                                                                        :ARG0 s44.y)))
                              :op2 (s44.t3 / turn-02
                                           :ARG0 s44.y
                                           :ARG1 s44.t2
                                           :ARG2 (s44.c / cause
                                                        :op3 (s44.c2 / change-01
                                                                     :ARG0 s44.y
                                                                     :ARG1 s44.t2)))))
   :snt45 (s45.a2 / and
                  :op2 (s45.t3 / turn-02
                               :ARG1 (s45.s / spark-01
                                            :ARG1-of (s45.h / hear-01
                                                            :ARG0 (s45.y / you)
                                                            :duration (s45.d / day
                                                                             :mod (s45.a / all)
                                                                             :time (s45.t2 / today)))
                                            :mod (s45.t / that))
                               :ARG2 (s45.f / fire)))
   :snt46 (s46.t / thank-01
                 :ARG1 (s46.y / you
                              :same-as s2.i)))

