# ::id doc-602
# ::doc_file doc-602
# ::tok http : / / www . ted . com / talks / gavin_pretor_pinney_cloudy_with_a_chance_of_joy< / url> <next_sent> Clouds . <next_sent> Have you ever noticed how much people moan about them ? <next_sent> They get a bad rap . <next_sent> If you think about it , the English language has written into it negative associations towards the clouds . <next_sent> Someone who 's down or depressed , they 're under a cloud . <next_sent> And when there 's bad news in store , there 's a cloud on the horizon . <next_sent> I saw an article the other day . <next_sent> It was about problems with computer processing over the Internet . <next_sent> " A cloud over the cloud , " was the headline . <next_sent> It seems like they 're everyone 's default doom - and - gloom metaphor . <next_sent> But I think they 're beautiful , do n't you ? <next_sent> It 's just that their beauty is missed because they 're so omnipresent , so , I do n't know , commonplace , that people do n't notice them . <next_sent> They do n't notice the beauty , but they do n't even notice the clouds unless they get in the way of the sun . <next_sent> And so people think of clouds as things that get in the way . <next_sent> They think of them as the annoying , frustrating obstructions , and then they rush off and do some blue - sky thinking . <next_sent> But most people , when you stop to ask them , will admit to harboring a strange sort of fondness for clouds . <next_sent> It 's like a nostalgic fondness , and they make them think of their youth . <next_sent> Who here ca n't remember thinking , well , looking and finding shapes in the clouds when they were kids ? <next_sent> You know , when you were masters of daydreaming ? <next_sent> Aristophanes , the ancient Greek playwright , he described the clouds as the patron godesses of idle fellows two and a half thousand years ago , and you can see what he means . <next_sent> It 's just that these days , us adults seem reluctant to allow ourselves the indulgence of just allowing our imaginations to drift along in the breeze , and I think that 's a pity . <next_sent> I think we should perhaps do a bit more of it . <next_sent> I think we should be a bit more willing , perhaps , to look at the beautiful sight of the sunlight bursting out from behind the clouds and go , " Wait a minute , that 's two cats dancing the salsa ! " <next_sent> Or seeing the big , white , puffy one up there over the shopping center looks like the Abominable Snowman going to rob a bank . <next_sent> They 're like nature 's version of those inkblot images , you know , that shrinks used to show their patients in the ' 60s , and I think if you consider the shapes you see in the clouds , you 'll save money on psychoanalysis bills . <next_sent> And you look up and what do you see ? <next_sent> Right ? Or maybe the opposite . <next_sent> You 've just been dumped by your partner , and everywhere you look , it 's kissing couples . <next_sent> Perhaps you 're having a moment of existential angst . <next_sent> You know , you 're thinking about your own mortality . <next_sent> And there , on the horizon , it 's the Grim Reaper . <next_sent> Or maybe you see a topless sunbather . <next_sent> What would that mean ? <next_sent> What would that mean ? <next_sent> I have no idea . <next_sent> But one thing I do know is this : The bad press that clouds get is totally unfair . <next_sent> I think we should stand up for them , which is why , a few years ago , I started the Cloud Appreciation Society . <next_sent> Tens of thousands of members now in almost 100 countries around the world . <next_sent> And all these photographs that I 'm showing , they were sent in by members . <next_sent> And the society exists to remind people of this : Clouds are not something to moan about . <next_sent> I think , if you live with your head in the clouds every now and then , it helps you keep your feet on the ground . <next_sent> And I want to show you why , with the help of some of my favorite types of clouds . <next_sent> It 's composed entirely of ice crystals cascading from the upper reaches of the troposphere , and as these ice crystals fall , they pass through different layers with different winds and they speed up and slow down , giving the cloud these brush - stroked appearances , these brush - stroke forms known as fall streaks . <next_sent> And these winds up there can be very , very fierce . <next_sent> They can be 200 miles an hour , 300 miles an hour . <next_sent> These clouds are bombing along , but from all the way down here , they appear to be moving gracefully , slowly , like most clouds . <next_sent> And so to tune into the clouds is to slow down , to calm down . <next_sent> It 's like a bit of everyday meditation . <next_sent> Those are common clouds . <next_sent> What about rarer ones , like the lenticularis , the UFO - shaped lenticularis cloud ? <next_sent> These clouds form in the region of mountains . <next_sent> This is when a layer is made up of very , very cold water droplets , and in one region they start to freeze , and this freezing sets off a chain reaction which spreads outwards with the ice crystals cascading and falling down below , giving the appearance of jellyfish tendrils down below . <next_sent> Rarer still , the Kelvin–Helmholtz cloud . <next_sent> Not a very snappy name . <next_sent> Needs a rebrand . <next_sent> This looks like a series of breaking waves , and it 's caused by shearing winds -- the wind above the cloud layer and below the cloud layer differ significantly , and in the middle , in between , you get this undulating of the air , and if the difference in those speeds is just right , the tops of the undulations curl over in these beautiful breaking wave - like vortices . <next_sent> All right . <next_sent> Those are rarer clouds than the cirrus , but they 're not that rare . <next_sent> If you look up , and you pay attention to the sky , you 'll see them sooner or later , maybe not quite as dramatic as these , but you 'll see them . <next_sent> And you 'll see them around where you live . <next_sent> Clouds are the most egalitarian of nature 's displays , because we all have a good , fantastic view of the sky . <next_sent> And these clouds , these rarer clouds , remind us that the exotic can be found in the everyday . <next_sent> Nothing is more nourishing , more stimulating to an active , inquiring mind than being surprised , being amazed . <next_sent> It 's why we 're all here at TED , right ? <next_sent> But you do n't need to rush off away from the familiar , across the world to be surprised . <next_sent> You just need to step outside , pay attention to what 's so commonplace , so everyday , so mundane that everybody else misses it . <next_sent> One cloud that people rarely miss is this one : the cumulonimbus storm cloud . <next_sent> It 's what 's produces thunder and lightning and hail . <next_sent> These clouds spread out at the top in this enormous anvil fashion stretching 10 miles up into the atmosphere . <next_sent> They are an expression of the majestic architecture of our atmosphere . <next_sent> But from down below , they are the embodiment of the powerful , elemental force and power that drives our atmosphere . <next_sent> To be there is to be connected in the driving rain and the hail , to feel connected to our atmosphere . <next_sent> It 's to be reminded that we are creatures that inhabit this ocean of air . <next_sent> We do n't live beneath the sky . <next_sent> We live within it . <next_sent> And that connection , that visceral connection to our atmosphere feels to me like an antidote . <next_sent> It 's an antidote to the growing tendency we have to feel that we can really ever experience life by watching it on a computer screen , you know , when we 're in a wi - fi zone . <next_sent> But the one cloud that best expresses why cloudspotting is more valuable today than ever is this one , the cumulus cloud . <next_sent> Right ? <next_sent> It forms on a sunny day . <next_sent> If you close your eyes and think of a cloud , it 's probably one of these that comes to mind . <next_sent> All those cloud shapes at the beginning , those were cumulus clouds . <next_sent> The sharp , crisp outlines of this formation make it the best one for finding shapes in . <next_sent> And it reminds us of the aimless nature of cloudspotting , what an aimless activity it is . <next_sent> You 're not going to change the world by lying on your back and gazing up at the sky , are you ? <next_sent> The digital world conspires to make us feel eternally busy , perpetually busy . <next_sent> You know , when you 're not dealing with the traditional pressures of earning a living and putting food on the table , raising a family , writing thank you letters , you have to now contend with answering a mountain of unanswered emails , updating a Facebook page , feeding your Twitter feed . <next_sent> And cloudspotting legitimizes doing nothing . <next_sent> We need to be reminded by these patron goddesses of idle fellows that slowing down and being in the present , not thinking about what you 've got to do and what you should have done , but just being here , letting your imagination lift from the everyday concerns down here and just being in the present , it 's good for you , and it 's good for the way you feel . <next_sent> It 's good for your ideas . <next_sent> It 's good for your creativity . <next_sent> It 's good for your soul . <next_sent> So keep looking up , marvel at the ephemeral beauty , and always remember to live life with your head in the clouds . <next_sent> Thank you very much .
(d / document
   :snt1 (s1.u / url-entity
               :topic (s1.t / talk-01))
   :snt2 (s2.c / cloud)
   :snt3 (s3.n / notice-01
               :ARG0 (s3.y / you)
               :ARG1 (s3.m / moan-01
                           :quant (s3.m2 / much
                                         :degree (s3.s / so))
                           :ARG0 (s3.p / person)
                           :ARG1 (s3.t / they
                                       :same-as s2.c))
               :polarity (s3.a / amr-unknown)
               :time (s3.e / ever))
   :snt4 (s4.s / slam-02
               :ARG1 (s4.t / they
                           :same-as s2.c)
               :ARG1-of (s4.b / bad-07))
   :snt5 (s5.w / write-01
               :ARG0 (s5.l / language
                           :name (s5.n / name
                                       :op1 "English"))
               :ARG1 (s5.a / association
                           :ARG0-of (s5.n2 / negative-02)
                           :direction (s5.c / cloud))
               :condition s5.l
               :rel (s5.t / think-01
                          :ARG0 (s5.y / you)
                          :ARG1 (s5.i / it)))
   :snt6 (s6.c / cloud
               :domain (s6.s / someone
                             :ARG1-of (s6.d2 / down-01)
                             :ARG1-of (s6.d / depress-01)))
   :snt7 (s7.a / and
               :op2 (s7.c / cloud
                          :location (s7.h / horizon)
                          :time (s7.s / store-01
                                      :ARG1 (s7.n / news
                                                  :ARG1-of (s7.b / bad-07)))))
   :snt8 (s8.s / see-01
               :ARG0 (s8.i / i
                           :same-as s3.y)
               :ARG1 (s8.a / article)
               :time (s8.d / day
                           :mod (s8.o / other)))
   :snt9 (s9.c2 / concern-02
                :ARG0 (s9.i2 / it
                             :same-as s8.a)
                :ARG1 (s9.p / problem
                            :topic (s9.p2 / process-01
                                          :ARG0 (s9.c / computer)
                                          :medium (s9.i / internet))))
   :snt10 (s10.h / headline-01
                 :ARG2 (s10.c / cloud
                              :location (s10.o / over
                                               :op1 (s10.c2 / cloud))))
   :snt11 (s11.s / seem-01
                 :ARG1 (s11.m / metaphor
                              :ARG1-of (s11.d / default-02)
                              :domain (s11.t / they
                                             :same-as s2.c)
                              :mod (s11.a / and
                                          :op1 (s11.d2 / doom)
                                          :op2 (s11.g / gloom))
                              :poss (s11.e / everyone)))
   :snt12 (s12.c / contrast-01
                 :ARG2 (s12.t2 / think-01
                               :ARG0 (s12.i / i
                                            :same-as s3.y)
                               :ARG1 (s12.b / beautiful-02
                                            :ARG1 (s12.t / they
                                                         :same-as s2.c))
                               :ARG1-of (s12.r / request-confirmation-91)))
   :snt13 (s13.c2 / cause-01
                  :ARG0 (s13.m / miss-02
                               :ARG1 (s13.b / beautiful-02
                                            :ARG1 (s13.t / they
                                                         :same-as s2.c))
                               :ARG1-of (s13.c / cause-01
                                               :ARG0 (s13.o / omnipresent
                                                            :degree (s13.s / so)
                                                            :domain s13.t))
                               :mod (s13.j / just))
                  :ARG1 (s13.n / notice-01
                               :ARG0 (s13.p / person)
                               :ARG1 s13.t
                               :ARG1-of (s13.k / know-01
                                               :ARG0 (s13.i / i
                                                            :same-as s3.y)
                                               :polarity "-")
                               :mod (s13.c3 / commonplace)
                               :polarity "-"))
   :snt14 (s14.c2 / contrast-01
                  :ARG1 (s14.n / notice-01
                               :ARG0 (s14.t / they
                                            :same-as s13.p)
                               :ARG1 (s14.b / beauty)
                               :polarity "-")
                  :ARG2 (s14.n2 / notice-01
                                :ARG0 s14.t
                                :ARG1 (s14.c / cloud
                                             :same-as s5.c)
                                :condition (s14.h / hinder-01
                                                  :ARG0 s14.c
                                                  :ARG1 (s14.s / sun))
                                :mod (s14.e / even)
                                :polarity "-"))
   :snt15 (s15.a / and
                 :op2 (s15.c / cause-01
                             :ARG1 (s15.t / think-01
                                          :ARG0 (s15.p / person)
                                          :ARG1 (s15.c2 / cloud)
                                          :ARG2 (s15.h / hinder-01
                                                       :ARG0 s15.c2))))
   :snt16 (s16.a / and
                 :op1 (s16.t5 / think-01
                              :ARG0 (s16.t2 / they
                                            :same-as s15.p)
                              :ARG1 (s16.t3 / they
                                            :same-as s15.c2)
                              :ARG2 (s16.t4 / thing
                                            :ARG0-of (s16.f / frustrate-01)
                                            :ARG0-of (s16.a3 / annoy-01)
                                            :ARG0-of (s16.o / obstruct-01)))
                 :op2 (s16.a2 / and
                              :op1 (s16.r / rush-01
                                          :ARG1 s16.t2
                                          :ARG2 (s16.o2 / off))
                              :op2 (s16.t6 / think-01
                                           :ARG0 s16.t2
                                           :manner (s16.s / sky
                                                          :mod (s16.b / blue))
                                           :mod (s16.s2 / some))
                              :time (s16.t / then)))
   :snt17 (s17.c2 / contrast-01
                  :ARG2 (s17.a / admit-01
                               :ARG0 (s17.p / person
                                            :mod (s17.m / most))
                               :ARG1 (s17.h / harbor-01
                                            :ARG0 s17.p
                                            :ARG1 (s17.f / fondness
                                                         :mod (s17.s / sort
                                                                     :mod (s17.s3 / strange))
                                                         :topic (s17.c / cloud)))
                               :time (s17.s2 / stop-01
                                             :purpose (s17.a2 / ask-01
                                                              :ARG0 (s17.y / you)
                                                              :ARG2 s17.p)
                                             :ARG0 s17.y)))
   :snt18 (s18.a / and
                 :op1 (s18.r / resemble-01
                             :ARG1 (s18.i / it
                                          :same-as s17.f)
                             :ARG2 (s18.f / fuzz-01
                                          :ARG1 (s18.n / nostalgia)))
                 :op2 (s18.m / make-02
                             :ARG0 (s18.t / they
                                          :same-as s17.c)
                             :ARG1 (s18.t2 / think-01
                                           :ARG0 s18.t
                                           :ARG1 (s18.y / youth
                                                        :poss s18.t))))
   :snt19 (s19.p / possible-01
                 :ARG1 (s19.r / remember-01
                              :ARG0 (s19.a / amr-unknown
                                           :location (s19.h / here))
                              :ARG1 (s19.t2 / think-01
                                            :ARG0 s19.a
                                            :ARG1 (s19.a2 / and
                                                          :op1 (s19.l / look-01
                                                                      :ARG0 s19.a
                                                                      :ARG1 (s19.t / thing
                                                                                   :ARG2-of (s19.s / shape-01))
                                                                      :ARG1 (s19.c / cloud))
                                                          :op2 (s19.f / find-01
                                                                      :ARG0 s19.a
                                                                      :ARG1 s19.t
                                                                      :location s19.c)
                                                          :time (s19.k / kid
                                                                       :domain s19.a))))
                 :polarity "-")
   :snt20 (s20.b / be-temporally-at-91
                 :ARG2 (s20.m / master-01
                              :ARG0 (s20.y / you)
                              :ARG1 (s20.d / daydream-00
                                           :ARG0 s20.y))
                 :mod (s20.k / know-06
                             :ARG0 s20.y)
                 :polarity (s20.a / amr-unknown))
   :snt21 (s21.a2 / and
                  :op1 (s21.d / describe-01
                              :ARG0 (s21.p2 / person
                                            :ARG0-of (s21.w / write-01
                                                            :ARG1 (s21.s2 / story))
                                            :mod (s21.c2 / country
                                                         :name (s21.n / name
                                                                      :op1 "Greece"))
                                            :mod (s21.a / ancient))
                              :ARG1 (s21.c / cloud)
                              :ARG2 (s21.q / queen
                                           :mod (s21.p / patron)
                                           :poss (s21.f / fellow
                                                        :ARG1-of (s21.i / idle-01)))
                              :time (s21.b / before
                                           :quant (s21.t / temporal-quantity
                                                         :unit (s21.y / year)
                                                         :quant "2.5")
                                           :op1 (s21.n2 / now)))
                  :op2 (s21.p3 / possible-01
                               :ARG1 (s21.s / see-01
                                            :ARG0 (s21.y2 / you)
                                            :ARG1 (s21.t2 / thing
                                                          :ARG2-of (s21.m / mean-01
                                                                          :ARG0 s21.p2))))
                  :rel (s21.r / Aristophanes))
   :snt22 (s22.a5 / and
                  :op1 (s22.s / seem-01
                              :ARG1 (s22.r / reluctant-01
                                           :ARG0 (s22.w / we
                                                        :mod (s22.a / adult))
                                           :ARG1 (s22.a2 / allow-01
                                                         :ARG0 s22.w
                                                         :ARG1 (s22.i3 / indulge-01
                                                                       :ARG0 s22.w
                                                                       :ARG1 (s22.a3 / allow-01
                                                                                     :ARG0 s22.w
                                                                                     :ARG1 (s22.d2 / drift-01
                                                                                                   :ARG1 (s22.i2 / imagine-01
                                                                                                                 :ARG0 s22.w)
                                                                                                   :path (s22.a4 / along)
                                                                                                   :path (s22.b / breeze))
                                                                                     :mod (s22.j2 / just)))))
                              :mod (s22.j / just)
                              :time (s22.d / day
                                           :mod (s22.t2 / this)))
                  :op2 (s22.t / think-01
                              :ARG0 (s22.i / i
                                           :same-as s3.y)
                              :ARG1 (s22.p / pity
                                           :domain s22.s)))
   :snt23 (s23.t / think-01
                 :ARG0 (s23.i / i
                              :same-as s3.y)
                 :ARG1 (s23.r / recommend-01
                              :ARG1 (s23.d / do-02
                                           :ARG0 (s23.w / we
                                                        :same-as s22.w)
                                           :ARG1 (s23.i2 / it
                                                         :quant (s23.m / more
                                                                       :quant (s23.b / bit))
                                                         :same-as s22.a3))))
   :snt24 (s24.t2 / think-01
                  :ARG0 (s24.i / i
                               :same-as s3.y)
                  :ARG1 (s24.r / recommend-01
                               :ARG1 (s24.w3 / will-02
                                             :ARG0 (s24.w2 / we
                                                           :same-as s22.w)
                                             :ARG1 (s24.a / and
                                                          :op1 (s24.l / look-01
                                                                      :ARG0 s24.w2
                                                                      :ARG1 (s24.s2 / sight-01
                                                                                    :ARG1 (s24.b4 / burst-02
                                                                                                  :ARG1 (s24.s3 / sunlight)
                                                                                                  :ARG2 (s24.b2 / behind
                                                                                                                :op1 (s24.c3 / cloud)))
                                                                                    :ARG1-of (s24.b / beautiful-02)))
                                                          :op2 (s24.g / go-23
                                                                      :ARG0 s24.w2
                                                                      :ARG1 (s24.w / wait-01
                                                                                   :ARG1-of (s24.c2 / cause-01
                                                                                                    :ARG0 (s24.c / cat
                                                                                                                 :ARG0-of (s24.d / dance-01
                                                                                                                                 :ARG1 (s24.s / salsa))
                                                                                                                 :quant "2"))
                                                                                   :duration (s24.t / temporal-quantity
                                                                                                    :unit (s24.m / minute)
                                                                                                    :quant "1"))))
                                             :ARG1-of (s24.p / possible-01)
                                             :ARG2-of (s24.h / have-degree-91
                                                             :ARG1 s24.w2
                                                             :ARG3 (s24.m2 / more
                                                                           :quant (s24.b3 / bit))))))
   :snt25 (s25.o2 / or
                  :op2 (s25.l / look-02
                              :ARG0 (s25.s / see-01
                                           :ARG1 (s25.o / one
                                                        :ARG1-of (s25.w / white-03)
                                                        :location (s25.t / there
                                                                         :mod (s25.o3 / over
                                                                                      :op1 (s25.c / center
                                                                                                  :mod (s25.s2 / shop-01))))
                                                        :mod (s25.p2 / puffy)
                                                        :mod (s25.b2 / big)))
                              :ARG1 (s25.g / go-02
                                           :ARG0 (s25.p / person
                                                        :name (s25.n / name
                                                                     :op1 "Snowman")
                                                        :ARG1-of (s25.a / abominable-02))
                                           :ARG1 (s25.r / rob-01
                                                        :ARG0 s25.p
                                                        :ARG1 (s25.b / bank)))))
   :snt26 (s26.a / and
                 :op1 (s26.r / resemble-01
                             :ARG1 (s26.t / they)
                             :ARG2 (s26.v / version
                                          :mod (s26.i2 / image
                                                       :ARG1-of (s26.s4 / show-01
                                                                        :ARG0 (s26.s5 / shrink)
                                                                        :ARG2 (s26.p2 / person
                                                                                      :ARG0-of (s26.h / have-rel-role-91
                                                                                                      :ARG1 s26.s5
                                                                                                      :ARG2 (s26.p / patient)))
                                                                        :time (s26.u / use-03)
                                                                        :time (s26.d / date-entity
                                                                                     :decade "1960"))
                                                       :mod (s26.i3 / inkblot))
                                          :poss (s26.n / nature))
                             :mod (s26.k / know-06
                                         :ARG0 (s26.y / you)))
                 :op2 (s26.t2 / think-01
                              :ARG0 (s26.i / i
                                           :same-as s3.y)
                              :ARG1 (s26.s / save-01
                                           :ARG0 s26.y
                                           :ARG1 (s26.m / money)
                                           :ARG3 (s26.b / bill-01
                                                        :ARG3 (s26.p3 / psychoanalysis))
                                           :condition (s26.c2 / consider-02
                                                              :ARG0 s26.y
                                                              :ARG1 (s26.s3 / shape-01
                                                                            :ARG1-of (s26.s2 / see-01
                                                                                             :ARG0 s26.y
                                                                                             :location (s26.c / cloud)))))))
   :snt27 (s27.a2 / and
                  :op2 (s27.a3 / and
                               :op1 (s27.l / look-01
                                           :ARG0 (s27.y / you)
                                           :direction (s27.u / up))
                               :op2 (s27.s / see-01
                                           :ARG0 s27.y
                                           :ARG1 (s27.a / amr-unknown))))
   :snt28 (s28.o2 / or
                  :ARG1-of (s28.r / request-confirmation-91)
                  :op2 (s28.p / possible-01
                              :ARG1 (s28.t / thing
                                           :ARG1-of (s28.o / opposite-01))))
   :snt29 (s29.a / and
                 :op1 (s29.d / dump-01
                             :ARG0 (s29.p2 / person
                                           :ARG0-of (s29.h / have-rel-role-91
                                                           :ARG1 (s29.y / you)
                                                           :ARG2 (s29.p / partner)))
                             :ARG1 s29.y
                             :time (s29.j / just))
                 :op2 (s29.c / couple
                             :ARG0-of (s29.k / kiss-01)
                             :location (s29.l / look-01
                                              :ARG0 s29.y
                                              :location (s29.e / everywhere))))
   :snt30 (s30.p / possible-01
                 :ARG1 (s30.h / have-03
                              :ARG0 (s30.y / you)
                              :ARG1 (s30.m / moment
                                           :time-of (s30.a / angst
                                                           :mod (s30.e / exist-01)))))
   :snt31 (s31.k / know-01
                 :ARG0 (s31.y / you)
                 :ARG1 (s31.t / think-01
                              :ARG0 s31.y
                              :ARG1 (s31.m / mortality
                                           :poss s31.y)))
   :snt32 (s32.a / and
                 :op2 (s32.p / person
                             :name (s32.n / name
                                          :op1 "Grim"
                                          :op2 "Reaper")
                             :location (s32.h / horizon)
                             :location (s32.t / there)))
   :snt33 (s33.o / or
                 :op2 (s33.p2 / possible-01
                              :ARG1 (s33.s / see-01
                                           :ARG0 (s33.y / you)
                                           :ARG1 (s33.p / person
                                                        :mod (s33.t / topless)
                                                        :mod (s33.s2 / sun)))))
   :snt34 (s34.m / mean-01
                 :ARG1 (s34.t / that
                              :same-as s33.s)
                 :ARG2 (s34.a / amr-unknown))
   :snt35 (s35.m / mean-01
                 :ARG1 (s35.t / that
                              :same-as s33.s)
                 :ARG2 (s35.a / amr-unknown))
   :snt36 (s36.h / have-03
                 :ARG0 (s36.i / i
                              :same-as s3.y)
                 :ARG1 (s36.i2 / idea)
                 :polarity "-")
   :snt37 (s37.c2 / contrast-01
                  :ARG2 (s37.k / know-01
                               :ARG0 (s37.i / i
                                            :same-as s3.y)
                               :ARG1 (s37.f / fair-01
                                            :ARG1 (s37.p / press
                                                         :ARG1-of (s37.b / bad-07)
                                                         :ARG1-of (s37.g / get-01
                                                                         :ARG0 (s37.c / cloud)))
                                            :mod (s37.t / total)
                                            :polarity "-")))
   :snt38 (s38.c / cause-01
                 :ARG0 (s38.t3 / think-01
                               :ARG0 (s38.i / i
                                            :same-as s3.y)
                               :ARG1 (s38.r / recommend-01
                                            :ARG1 (s38.s / stand-up-07
                                                         :ARG1 (s38.w / we)
                                                         :beneficiary (s38.t2 / they
                                                                              :same-as s37.c))))
                 :ARG1 (s38.s2 / start-01
                               :ARG0 s38.i
                               :ARG1 (s38.o / organization
                                            :name (s38.n / name
                                                         :op1 "Cloud"
                                                         :op2 "Appreciation"
                                                         :op3 "Society"))
                               :time (s38.b / before
                                            :quant (s38.f / few
                                                          :op1 (s38.t / temporal-quantity
                                                                      :unit (s38.y / year)
                                                                      :quant "1"))
                                            :op1 (s38.n2 / now))))
   :snt39 (s39.m / member
                 :quant (s39.m2 / multiple
                                :op1 "10000")
                 :ARG1-of (s39.b / be-located-at-91
                                 :ARG2 (s39.c / country
                                              :quant (s39.a / almost
                                                            :op1 "100")
                                              :location (s39.w / world))
                                 :time (s39.n / now)))
   :snt40 (s40.a2 / and
                  :op2 (s40.s / send-01
                              :ARG0 (s40.p / person
                                           :ARG0-of (s40.h / have-org-role-91
                                                           :ARG2 (s40.m / member)))
                              :ARG1 (s40.p2 / photograph-01
                                            :ARG1-of (s40.s2 / show-01
                                                             :ARG0 (s40.i / i
                                                                          :same-as s3.y))
                                            :mod (s40.t / this)
                                            :mod (s40.a / all))))
   :snt41 (s41.a / and
                 :op2 (s41.e / exist-01
                             :purpose (s41.r / remind-01
                                             :ARG0 (s41.s / society
                                                          :same-as s38.o)
                                             :ARG1 (s41.m / moan-01
                                                          :ARG0 (s41.c / cloud)
                                                          :mod (s41.t / this)
                                                          :polarity "-")
                                             :ARG2 (s41.p / person))
                             :ARG1 s41.s))
   :snt42 (s42.t / think-01
                 :ARG0 (s42.i / i
                              :same-as s3.y)
                 :ARG1 (s42.h2 / help-01
                               :ARG0 (s42.i2 / it
                                             :same-as s42.l)
                               :ARG1 (s42.k / keep-01
                                            :ARG0 (s42.y / you
                                                         :part (s42.h / head)
                                                         :part (s42.f / foot))
                                            :ARG1 s42.f
                                            :location (s42.g / ground))
                               :ARG2 s42.y
                               :condition (s42.l / live-01
                                                 :ARG0 s42.y
                                                 :frequency (s42.n / now-and-then)
                                                 :manner (s42.b / be-located-at-91
                                                                :ARG1 s42.h
                                                                :ARG2 (s42.c / cloud
                                                                             :same-as s26.c)))))
   :snt43 (s43.a / and
                 :op2 (s43.w / want-01
                             :ARG0 (s43.i / i
                                          :same-as s3.y)
                             :ARG1 (s43.s / show-01
                                          :ARG0 s43.i
                                          :ARG1 (s43.t / thing
                                                       :ARG0-of (s43.c / cause-01))
                                          :ARG1-of (s43.h / help-01
                                                          :ARG0 (s43.t2 / type
                                                                        :quant (s43.s2 / some)
                                                                        :ARG1-of (s43.i2 / include-91
                                                                                         :ARG2 (s43.t3 / type
                                                                                                       :ARG1-of (s43.f / favor-01
                                                                                                                       :ARG0 s43.i)))
                                                                        :mod (s43.c2 / cloud)))
                                          :ARG2 (s43.y / you))))
   :snt44 (s44.a / and
                 :op1 (s44.c3 / compose-01
                              :ARG1 (s44.i2 / it)
                              :ARG2 (s44.p / particle
                                           :ARG1-of (s44.c / cascade-01
                                                           :source (s44.r / reach-03
                                                                          :ARG1 (s44.t2 / troposphere)
                                                                          :mod (s44.u2 / upper)))
                                           :consist-of (s44.i / ice))
                              :mod (s44.e / entire))
                 :op2 (s44.p2 / pass-03
                              :ARG1 s44.p
                              :path (s44.l / layer
                                           :ARG0-of (s44.h / have-03
                                                           :ARG1 (s44.w / wind))
                                           :ARG1-of (s44.d / differ-02
                                                           :ARG1 s44.w))
                              :time (s44.f / fall-01
                                           :ARG1 s44.p))
                 :op3 (s44.a2 / and
                              :ARG0-of (s44.g / give-01
                                              :ARG1 (s44.a3 / and
                                                            :op1 (s44.a4 / appear-02
                                                                         :ARG2 (s44.s4 / stroke-01
                                                                                       :ARG0 (s44.b / brush)))
                                                            :op2 (s44.f3 / form
                                                                         :ARG1-of (s44.k / know-02
                                                                                         :ARG2 (s44.s3 / strike-01
                                                                                                       :ARG2 (s44.f2 / fall-01)))
                                                                         :mod (s44.s5 / stroke-01)
                                                                         :mod (s44.t / this)))
                                              :ARG2 (s44.c2 / cloud))
                              :op1 (s44.s2 / speed-01
                                           :ARG1 s44.p
                                           :direction (s44.u / up-02))
                              :op2 (s44.s / slow-down-03
                                          :ARG1 s44.p)))
   :snt45 (s45.a / and
                 :op2 (s45.p / possible-01
                             :ARG1 (s45.f / fierce
                                          :degree (s45.v / very)
                                          :domain (s45.w / wind-up-02
                                                         :ARG1 (s45.t2 / this)
                                                         :ARG2 (s45.t / there)))))
   :snt46 (s46.p / possible-01
                 :ARG1 (s46.o / or
                              :op1 (s46.r / rate-entity-91
                                          :ARG1 (s46.t2 / they
                                                        :same-as s45.w)
                                          :ARG1 (s46.d / distance-quantity
                                                       :unit (s46.m / mile)
                                                       :quant "200")
                                          :ARG2 (s46.t / temporal-quantity
                                                       :unit (s46.h / hour)
                                                       :quant "1"))
                              :op2 (s46.r2 / rate-entity-91
                                           :ARG1 (s46.d2 / distance-quantity
                                                         :unit (s46.m2 / mile)
                                                         :quant "300")
                                           :ARG2 s46.t)))
   :snt47 (s47.c3 / contrast-01
                  :ARG1 (s47.b / bomb-01
                               :ARG0 (s47.c / cloud
                                            :mod (s47.t / this)
                                            :same-as s43.t2)
                               :manner (s47.a2 / along)
                               :source (s47.h / here
                                              :direction (s47.d / down-03
                                                                :ARG1 s47.c
                                                                :extent (s47.a / all-the-way))))
                  :ARG2 (s47.a3 / appear-02
                                :ARG1 (s47.m2 / move-01
                                              :ARG1 s47.c
                                              :ARG1-of (s47.s / simple-02)
                                              :ARG1-of (s47.s2 / slow-05)
                                              :ARG1-of (s47.r / resemble-01
                                                              :ARG2 (s47.c2 / cloud
                                                                            :mod (s47.m / most))))))
   :snt48 (s48.a / and
                 :op2 (s48.c2 / cause-01
                              :ARG1 (s48.t / tune-in-02
                                           :ARG2 (s48.c3 / cloud
                                                         :same-as s43.t2)
                                           :ARG2 (s48.a2 / and
                                                         :op1 (s48.s / slow-down-03)
                                                         :op2 (s48.c / calm-down-02)))))
   :snt49 (s49.r / resemble-01
                 :ARG1 (s49.i / it)
                 :ARG2 (s49.m / meditate-01
                              :quant (s49.b / bit)
                              :time (s49.e / everyday)))
   :snt50 (s50.c / cloud
                 :domain (s50.t / that)
                 :mod (s50.c2 / common))
   :snt51 (s51.a / amr-unknown
                 :rel (s51.i / identify-01
                             :ARG2 (s51.o / object
                                          :ARG0-of (s51.f / fly-01)))
                 :topic (s51.o2 / one
                                :ARG1-of (s51.r / rare-02
                                                :ARG2-of (s51.h / have-degree-91
                                                                :ARG1 s51.o2
                                                                :ARG3 (s51.m / more)))
                                :ARG1-of (s51.r2 / resemble-01
                                                 :ARG2 (s51.c / cloud
                                                              :ARG1-of (s51.s / shape-01
                                                                              :ARG2 s51.o)
                                                              :mod (s51.p / planet
                                                                          :name (s51.n / name
                                                                                       :op1 "Labour"
                                                                                       :op1 "lenticularis")
                                                                          :ARG2-of s51.o2)))))
   :snt52 (s52.f / form-01
                 :ARG1 (s52.c / cloud
                              :mod (s52.t / this))
                 :location (s52.r / region
                                  :mod (s52.m / mountain)))
   :snt53 (s53.b / be-temporally-at-91
                 :ARG1 (s53.t / this
                              :same-as s52.f)
                 :ARG2 (s53.a / and
                              :op1 (s53.m / make-01
                                          :ARG1 (s53.l / layer)
                                          :ARG2 (s53.d3 / droplet
                                                        :ARG1-of (s53.c3 / cold-01
                                                                         :degree (s53.v / very))
                                                        :mod (s53.w / water)))
                              :op2 (s53.s3 / start-01
                                           :ARG1 (s53.f2 / freeze-02
                                                         :ARG1 s53.d3)
                                           :location (s53.r2 / region
                                                             :mod (s53.o / one)))
                              :op3 (s53.s / set-off-05
                                          :ARG0 s53.f2
                                          :ARG1 (s53.r / reaction
                                                       :ARG1-of (s53.s2 / spread-02
                                                                        :manner (s53.a2 / and
                                                                                        :ARG0-of (s53.g / give-01
                                                                                                        :ARG1 (s53.r3 / resemble-01
                                                                                                                      :ARG1 (s53.s4 / stone
                                                                                                                                    :consist-of (s53.i / ice))
                                                                                                                      :ARG2 (s53.s5 / strand
                                                                                                                                    :mod (s53.j / jellyfish))))
                                                                                        :op1 (s53.c / cascade-01
                                                                                                    :ARG1 s53.s4)
                                                                                        :op2 (s53.f / fall-01
                                                                                                    :ARG1 s53.s4
                                                                                                    :direction (s53.d / down
                                                                                                                      :mod (s53.b2 / below)
                                                                                                                      :op1 (s53.d2 / down
                                                                                                                                   :op2 (s53.b3 / below))))
                                                                                        :mode "expressive"))
                                                       :mod (s53.c2 / chain)))))
   :snt54 (s54.c / cloud
                 :ARG1-of (s54.h / have-degree-91
                                 :ARG2 (s54.b / bad-07
                                              :mod (s54.s / still))
                                 :ARG3 (s54.m / more))
                 :rel (s54.n / name
                             :op1 "Kelvin–Helmholtz")
                 :rel s54.b
                 :ARG1-of s54.b)
   :snt55 (s55.n / name
                 :mod (s55.s / snappy
                             :degree (s55.v / very)
                             :polarity "-"))
   :snt56 (s56.n / need-01
                 :ARG1 (s56.b / brand-01))
   :snt57 (s57.a3 / and
                  :op1 (s57.l2 / look-02
                               :ARG0 (s57.t / this
                                            :same-as s54.n)
                               :ARG1 (s57.s / series
                                            :consist-of (s57.w / wave
                                                               :ARG1-of (s57.b4 / break-01))))
                  :op2 (s57.c / cause-01
                              :ARG0 (s57.h / hear-01
                                           :ARG0 (s57.w5 / wind)
                                           :ARG1-of (s57.m / mean-01))
                              :ARG1 s57.t)
                  :rel (s57.a4 / and
                               :op1 (s57.d / differ-02
                                           :ARG1 (s57.w6 / wind
                                                         :location (s57.a / above
                                                                          :op1 (s57.l / layer
                                                                                      :mod (s57.c2 / cloud))))
                                           :ARG1-of (s57.s2 / significant-02)
                                           :ARG2 (s57.w7 / wind
                                                         :location (s57.b2 / below
                                                                           :op1 s57.l)))
                               :op2 (s57.g / get-01
                                           :ARG0 (s57.y / you)
                                           :ARG1 (s57.r / rate-01
                                                        :ARG1 (s57.a2 / air))
                                           :location (s57.b3 / between
                                                             :location (s57.m2 / middle)
                                                             :op1 s57.w7))
                               :op3 (s57.c3 / curl-up-02
                                            :ARG1 (s57.t2 / top
                                                          :part-of (s57.w2 / wave
                                                                           :same-as s57.r))
                                            :condition (s57.r3 / right-03
                                                               :ARG1 (s57.d2 / differ-02
                                                                             :ARG1 (s57.s3 / speed-01
                                                                                           :ARG1 s57.l))
                                                               :mod (s57.j / just))
                                            :manner (s57.w4 / width
                                                            :ARG1-of (s57.r2 / resemble-01
                                                                             :ARG2 (s57.w3 / wave
                                                                                           :ARG1-of (s57.b5 / break-01))
                                                                             :ARG2 (s57.v / vortex))
                                                            :ARG1-of (s57.b / beautiful-02)))))
   :snt58 (s58.r / right-06
                 :mod (s58.a / all))
   :snt59 (s59.c3 / contrast-01
                  :ARG1 (s59.c2 / cloud
                                :ARG1-of (s59.h / have-degree-91
                                                :ARG2 (s59.r / rare-02
                                                             :ARG1 s59.c2)
                                                :ARG3 (s59.m / more)
                                                :ARG4 (s59.c / cirrus))
                                :domain (s59.t / that))
                  :ARG2 (s59.r2 / rare-02
                                :ARG1 s59.c2
                                :degree (s59.t2 / that)
                                :polarity "-"))
   :snt60 (s60.a2 / and
                  :op1 (s60.s / see-01
                              :ARG0 (s60.y / you)
                              :ARG1 (s60.t / they
                                           :same-as s59.t)
                              :condition (s60.a / and
                                                :op1 (s60.l / look-01
                                                            :ARG0 s60.y
                                                            :direction (s60.u / up))
                                                :op2 (s60.a3 / attend-02
                                                             :ARG0 s60.y
                                                             :ARG1 (s60.s3 / sky)))
                              :time (s60.e2 / eventual))
                  :op2 (s60.h / have-degree-91
                              :ARG1 s60.t
                              :ARG1-of (s60.p / possible-01)
                              :ARG2 (s60.d / dramatic)
                              :ARG3 (s60.e / equal
                                           :degree (s60.q / quite))
                              :ARG4 (s60.t2 / this
                                            :same-as s57.w4)
                              :polarity "-")
                  :op2 (s60.c / contrast-01
                              :ARG1 s60.h
                              :ARG2 (s60.s2 / see-01
                                            :ARG0 s60.y
                                            :ARG1 s60.t)))
   :snt61 (s61.a / and
                 :op2 (s61.s / see-01
                             :ARG0 (s61.y / you)
                             :ARG1 (s61.t / they
                                          :same-as s59.t)
                             :location (s61.a2 / around
                                               :op1 (s61.t2 / thing
                                                            :location-of (s61.l / live-01
                                                                                :ARG0 s61.y)))))
   :snt62 (s62.c / cause-01
                 :ARG0 (s62.h / have-03
                              :ARG0 (s62.w / we
                                           :mod (s62.a / all))
                              :ARG1 (s62.v / view-01
                                           :ARG0 s62.w
                                           :ARG1 (s62.s / sky
                                                        :same-as s60.s3)
                                           :ARG1-of (s62.f / fantastic-02)
                                           :ARG1-of (s62.g / good-02)))
                 :ARG1 (s62.h2 / have-degree-91
                               :ARG1 (s62.c2 / cloud)
                               :ARG2 (s62.e / egalitarian)
                               :ARG3 (s62.m / most)
                               :ARG5 (s62.t / thing
                                            :ARG1-of (s62.d / display-01
                                                            :ARG0 (s62.n / nature)))))
   :snt63 (s63.a / and
                 :op2 (s63.r2 / remind-01
                              :ARG0 (s63.c / cloud
                                           :ARG1-of (s63.h / have-degree-91
                                                           :ARG2 (s63.r / rare-02)
                                                           :ARG3 (s63.m / more))
                                           :mod (s63.t2 / this)
                                           :same-as s57.w4)
                              :ARG1 (s63.p / possible-01
                                           :ARG1 (s63.f / find-01
                                                        :ARG1 (s63.t / thing
                                                                     :mod (s63.e2 / exotic))
                                                        :time (s63.e / everyday)))
                              :ARG2 (s63.w / we)))
   :snt64 (s64.a3 / and
                  :op1 (s64.t / thing
                              :ARG0-of (s64.h3 / hunger-01
                                               :ARG1 (s64.m / mind
                                                            :ARG0-of (s64.i / inquire-01)
                                                            :ARG0-of (s64.a / activity-06)))
                              :ARG2-of (s64.h / have-degree-91
                                              :ARG1 (s64.n / nothing)
                                              :ARG3 (s64.m2 / more)))
                  :op2 (s64.h2 / have-degree-91
                               :ARG1 s64.n
                               :ARG2 (s64.s / stimulate-01
                                            :ARG0 s64.n
                                            :ARG1 s64.m)
                               :ARG3 (s64.m3 / more)
                               :ARG4 (s64.a4 / and
                                             :op1 (s64.s2 / surprise-01)
                                             :op2 (s64.a2 / amaze-01))))
   :snt65 (s65.c / cause-01
                 :ARG0 (s65.i / it)
                 :ARG1 (s65.b / be-located-at-91
                              :ARG1 (s65.w / we
                                           :mod (s65.a / all))
                              :ARG2 (s65.h / here
                                           :location (s65.p / publication
                                                            :name (s65.n / name
                                                                         :op1 "TED"))))
                 :ARG1-of (s65.r / request-confirmation-91))
   :snt66 (s66.c / contrast-01
                 :ARG2 (s66.n / need-01
                              :ARG0 (s66.y / you)
                              :ARG1 (s66.r / rush-01
                                           :purpose (s66.s / surprise-01
                                                           :ARG1 s66.y)
                                           :ARG1 s66.y
                                           :ARG2 (s66.a2 / away
                                                         :op1 (s66.t / thing
                                                                     :ARG1-of (s66.f / familiarize-01)
                                                                     :location (s66.a / across
                                                                                      :op1 (s66.w / world
                                                                                                  :same-as s39.w))))
                                           :direction (s66.o / off))
                              :polarity "-"))
   :snt67 (s67.n / need-01
                 :ARG0 (s67.y / you)
                 :ARG1 (s67.a / and
                              :op1 (s67.s4 / step-01
                                           :ARG0 s67.y
                                           :ARG2 (s67.o / outside))
                              :op2 (s67.a2 / attend-02
                                           :ARG0 s67.y
                                           :ARG1 (s67.t / thing
                                                        :ARG1-of (s67.h2 / have-degree-91
                                                                         :ARG2 (s67.m2 / mundane)
                                                                         :ARG3 (s67.s3 / so)
                                                                         :ARG6 (s67.m / miss-02
                                                                                      :ARG0 (s67.e2 / everybody
                                                                                                    :mod (s67.e / else))
                                                                                      :ARG1 s67.t))
                                                        :mod (s67.c / commonplace
                                                                    :ARG1-of (s67.h / have-degree-91
                                                                                    :ARG2 (s67.e3 / everyday)
                                                                                    :ARG3 (s67.s2 / so))
                                                                    :degree (s67.s / so)))))
                 :mod (s67.j / just))
   :snt68 (s68.c / cloud
                 :domain (s68.c2 / cloud
                                 :quant (s68.o / one)
                                 :ARG1-of (s68.m / miss-02
                                                 :ARG0 (s68.p / person)
                                                 :ARG1-of (s68.r / rare-02)))
                 :mod (s68.t / this)
                 :mod (s68.c4 / cumulonimbus)
                 :mod (s68.c3 / cloud
                              :mod (s68.s / storm-01)))
   :snt69 (s69.i / it
                 :ARG0-of (s69.p / produce-01
                                 :ARG1 (s69.a / and
                                              :op1 (s69.t / thunder)
                                              :op2 (s69.l / lightning-01)
                                              :op3 (s69.h / hail)))
                 :same-as s68.c3)
   :snt70 (s70.s / spread-out-04
                 :ARG1 (s70.c / cloud
                              :ARG1-of (s70.s2 / stretch-01
                                               :ARG2 (s70.d / distance-quantity
                                                            :unit (s70.m / mile)
                                                            :quant "10")
                                               :ARG2 (s70.a2 / atmosphere)
                                               :direction (s70.u / up-03))
                              :mod (s70.t / this
                                          :same-as s43.t2))
                 :location (s70.t3 / top)
                 :manner (s70.a / anvil
                                :mod (s70.e / enormous)
                                :mod (s70.t2 / this)))
   :snt71 (s71.e / express-01
                 :ARG0 (s71.t / they
                              :same-as s43.t2)
                 :ARG1 (s71.a / architecture
                              :mod (s71.m / majestic)
                              :poss (s71.a2 / atmosphere
                                            :poss (s71.w / we))))
   :snt72 (s72.c / contrast-01
                 :ARG2 (s72.e2 / embody-01
                               :ARG1 (s72.a / and
                                            :ARG0-of (s72.d2 / drive-02
                                                             :ARG1 (s72.a2 / atmosphere
                                                                           :poss (s72.w / we
                                                                                        :same-as s71.w)
                                                                           :same-as s71.a2))
                                            :op1 (s72.f / force
                                                        :ARG1-of (s72.p2 / powerful-02)
                                                        :mod (s72.e / element
                                                                    :ARG1 (s72.p / power)))
                                            :op2 s72.p)
                               :ARG2 (s72.t / they
                                            :same-as s43.t2)
                               :source (s72.b / below
                                              :direction (s72.d / down))))
   :snt73 (s73.a / and
                 :op1 (s73.c / connect-01
                             :time (s73.a2 / and
                                           :ARG0-of (s73.d / drive-01)
                                           :op1 (s73.r / rain-01)
                                           :op2 (s73.h / hail)))
                 :op2 (s73.f / feel-01
                             :ARG1 (s73.c2 / connect-01
                                           :ARG2 (s73.a3 / atmosphere
                                                         :poss (s73.w / we
                                                                      :same-as s71.w)
                                                         :same-as s71.a2)))
                 :rel (s73.b / be-located-at-91
                             :ARG2 (s73.t / there)))
   :snt74 (s74.r / remind-01
                 :ARG1 (s74.c / creature
                              :ARG0-of (s74.i / inhabit-01
                                              :ARG1 (s74.o / ocean
                                                           :consist-of (s74.a / air)
                                                           :mod (s74.t / this)))
                              :domain (s74.w / we)))
   :snt75 (s75.l / live-01
                 :ARG0 (s75.w / we)
                 :location (s75.b / beneath
                                  :op1 (s75.s / sky
                                              :same-as s60.s3))
                 :polarity "-")
   :snt76 (s76.l / live-01
                 :ARG0 (s76.w / we
                              :same-as s75.w)
                 :manner (s76.w2 / within
                                 :op1 (s76.i / it
                                             :same-as s60.s3)))
   :snt77 (s77.a / and
                 :op2 (s77.f / feel-05
                             :ARG1 (s77.c / connect-01
                                          :ARG2 (s77.a3 / atmosphere
                                                        :poss (s77.w / we))
                                          :mod (s77.v / visceral))
                             :ARG2 (s77.i / i
                                          :same-as s3.y)
                             :ARG2 (s77.t / thing
                                          :ARG1-of (s77.r / resemble-01
                                                          :ARG2 (s77.a2 / antidote)))))
   :snt78 (s78.a / antidote
                 :domain (s78.i2 / it
                                 :same-as s77.c)
                 :prep-to (s78.t / tend-02
                                 :ARG1 (s78.o / obligate-01
                                              :ARG1 (s78.w2 / we)
                                              :ARG2 (s78.f / feel-01
                                                           :ARG0 s78.w2
                                                           :ARG1 (s78.p2 / possible-01
                                                                         :ARG1 (s78.e2 / experience-01
                                                                                       :ARG0 s78.w2
                                                                                       :ARG1 (s78.l / life)
                                                                                       :ARG1-of (s78.r / real-04)
                                                                                       :time (s78.e / ever))
                                                                         :ARG2 (s78.w / watch-01
                                                                                      :ARG0 s78.w2
                                                                                      :ARG1 s78.l
                                                                                      :location (s78.s / screen
                                                                                                       :part-of (s78.c / computer))
                                                                                      :time (s78.b / be-located-at-91
                                                                                                   :ARG1 s78.w2
                                                                                                   :ARG2 (s78.z / zone
                                                                                                                :mod (s78.i / internet
                                                                                                                            :ARG1-of (s78.p / personal-02))))))))
                                 :ARG1-of (s78.g / grow-01)))
   :snt79 (s79.c4 / contrast-01
                  :ARG2 (s79.e2 / express-01
                                :ARG0 (s79.c2 / cloud
                                              :ARG1-of (s79.m / mean-01
                                                              :ARG2 (s79.c3 / cloud
                                                                            :mod (s79.t2 / this)
                                                                            :mod (s79.c5 / cumulus)))
                                              :quant "1")
                                :ARG1 (s79.t / thing
                                             :ARG0-of (s79.c / cause-01
                                                             :ARG1 (s79.h / have-degree-91
                                                                          :ARG1 (s79.s / spy-01
                                                                                       :ARG0 s79.c2)
                                                                          :ARG2 (s79.v / value-01
                                                                                       :ARG1 s79.s
                                                                                       :time (s79.t3 / today))
                                                                          :ARG3 (s79.m2 / more)
                                                                          :ARG4 (s79.e / ever))))))
   :snt80 (s80.r / request-confirmation-91)
   :snt81 (s81.f / form-01
                 :ARG1 (s81.i / it
                              :same-as s79.c5)
                 :time (s81.d / day
                              :mod (s81.s / sunny)))
   :snt82 (s82.c3 / come-to-mind-09
                  :ARG1 (s82.y / you
                               :part (s82.e / eye))
                  :ARG2 (s82.o / one
                               :ARG1-of (s82.i / include-91
                                               :ARG2 (s82.t2 / this
                                                             :same-as s57.w4)))
                  :condition (s82.a / and
                                    :op1 (s82.c / close-01
                                                :ARG0 s82.y
                                                :ARG1 s82.e)
                                    :op2 (s82.t / think-01
                                                :ARG0 s82.y
                                                :ARG1 (s82.c2 / cloud)))
                  :mod (s82.p / probable))
   :snt83 (s83.c2 / cloud
                  :domain (s83.s / shape-01
                                 :ARG2 (s83.c / cloud)
                                 :mod (s83.a / all)
                                 :time (s83.b / begin-01))
                  :mod (s83.c3 / cumulus))
   :snt84 (s84.m / make-02
                 :ARG0 (s84.o / outline-01
                              :ARG1 (s84.f2 / form-01
                                            :mod (s84.t / this)
                                            :same-as s79.c5)
                              :ARG1-of (s84.s2 / sharp-02)
                              :mod (s84.c / crisp))
                 :ARG1 (s84.h / have-degree-91
                              :purpose (s84.f / find-01
                                              :ARG1 (s84.s / shape-01))
                              :ARG1 s84.f2
                              :ARG2 (s84.g / good-02
                                           :ARG1 s84.f2)
                              :ARG3 (s84.m2 / most)))
   :snt85 (s85.a3 / and
                  :op2 (s85.r / remind-01
                              :ARG0 (s85.i / it
                                           :same-as s79.c5)
                              :ARG1 (s85.n / nature
                                           :ARG0-of (s85.a2 / aim-01
                                                            :polarity "-")
                                           :mod (s85.s2 / spy-01
                                                        :ARG1-of (s85.a / activity-06
                                                                        :degree (s85.s / so))))
                              :ARG2 (s85.w / we)))
   :snt86 (s86.c / change-01
                 :ARG0 (s86.y / you
                              :part (s86.b / back))
                 :ARG1 (s86.w / world)
                 :ARG1-of (s86.r / request-confirmation-91)
                 :manner (s86.a / and
                                :op1 (s86.l / lie-07
                                            :ARG1 s86.y
                                            :ARG2 s86.b)
                                :op2 (s86.g / gaze-01
                                            :ARG0 s86.y
                                            :ARG1 (s86.s / sky
                                                         :same-as s60.s3)
                                            :direction (s86.u / up)))
                 :polarity "-")
   :snt87 (s87.c / conspire-01
                 :ARG0 (s87.w2 / world
                               :mod (s87.d / digital))
                 :ARG1 (s87.m / make-02
                              :ARG0 s87.w2
                              :ARG1 (s87.f / feel-01
                                           :ARG0 (s87.w / we)
                                           :ARG1 (s87.b / busy-01
                                                        :ARG1 s87.w
                                                        :ARG2 (s87.b2 / busy-01
                                                                      :ARG1 s87.w
                                                                      :duration (s87.v2 / variable
                                                                                        :name (s87.n2 / name
                                                                                                      :op2 "perpetually")))
                                                        :duration (s87.e / entire)
                                                        :duration (s87.v / variable
                                                                         :name (s87.n / name
                                                                                      :op1 "New"))))))
   :snt88 (s88.o / obligate-01
                 :ARG2 (s88.c / contend-01
                              :ARG0 (s88.y / you)
                              :ARG1 (s88.a2 / and
                                            :op1 (s88.a3 / answer-01
                                                         :ARG0 s88.y
                                                         :ARG1 (s88.m / mountain
                                                                      :consist-of (s88.e2 / email-01
                                                                                          :ARG1-of (s88.a4 / answer-01))))
                                            :op2 (s88.u / update-01
                                                        :ARG0 s88.y
                                                        :ARG1 (s88.p / page
                                                                     :mod (s88.p3 / publication
                                                                                  :name (s88.n / name
                                                                                               :op1 "Facebook"))))
                                            :op3 (s88.f3 / feed-01
                                                         :ARG0 s88.y
                                                         :ARG1 (s88.f2 / feed
                                                                       :mod (s88.p4 / publication
                                                                                    :name (s88.n2 / name
                                                                                                  :op1 "Twitter"))
                                                                       :poss s88.y)))
                              :time (s88.n3 / now))
                 :mod (s88.k / know-06
                             :ARG0 s88.y)
                 :time (s88.d / deal-01
                              :ARG0 s88.y
                              :ARG2 (s88.p2 / pressure-01
                                            :ARG0 (s88.a / and
                                                         :op1 (s88.e / earn-01
                                                                     :ARG0 s88.y
                                                                     :ARG1 (s88.l2 / living))
                                                         :op2 (s88.p5 / put-01
                                                                      :ARG0 s88.y
                                                                      :ARG1 (s88.f4 / food)
                                                                      :ARG2 (s88.t / table))
                                                         :op3 (s88.r / raise-03
                                                                     :ARG0 s88.y
                                                                     :ARG1 (s88.f / family))
                                                         :op4 (s88.w / write-01
                                                                     :ARG0 s88.y
                                                                     :ARG1 (s88.l / letter
                                                                                  :purpose (s88.t2 / thank-01
                                                                                                   :ARG1 s88.y))))
                                            :ARG1 s88.y
                                            :mod (s88.t3 / tradition))
                              :polarity "-"))
   :snt89 (s89.a / and
                 :op2 (s89.l / legitimize-01
                             :ARG1 (s89.s / smoke-01)
                             :ARG2 (s89.d / do-02
                                          :ARG1 (s89.n / nothing))))
   :snt90 (s90.n / need-01
                 :ARG0 (s90.w2 / we)
                 :ARG1 (s90.r2 / remind-01
                               :ARG0 (s90.q / queen
                                            :mod (s90.p / patron)
                                            :mod (s90.t4 / this)
                                            :topic (s90.f2 / fellow
                                                           :ARG1-of (s90.i / idle-01)))
                               :ARG1 (s90.a / and
                                            :ARG1-of (s90.c2 / contrast-01
                                                             :ARG2 (s90.a3 / and
                                                                           :op1 (s90.g / good-04
                                                                                       :ARG1 s90.a
                                                                                       :ARG2 (s90.y / you))
                                                                           :op2 (s90.g2 / good-04
                                                                                        :ARG1 (s90.b / be-located-at-91
                                                                                                     :ARG1 s90.y
                                                                                                     :ARG2 (s90.h / here)
                                                                                                     :mod (s90.j / just))
                                                                                        :ARG2 (s90.w / way
                                                                                                     :manner-of (s90.f / feel-01
                                                                                                                       :ARG0 s90.y)))))
                                            :op1 (s90.s / slow-down-03)
                                            :op2 (s90.t3 / think-01
                                                         :ARG1 (s90.a2 / and
                                                                       :op1 (s90.t / thing
                                                                                   :ARG1-of (s90.d / do-02
                                                                                                   :ARG0 s90.y
                                                                                                   :ARG2-of (s90.o / obligate-01
                                                                                                                   :ARG1 s90.y)))
                                                                       :op2 (s90.t2 / thing
                                                                                    :ARG1-of (s90.d2 / do-02
                                                                                                     :ARG0 s90.y
                                                                                                     :ARG1-of (s90.r / recommend-01))))
                                                         :polarity "-"))
                               :ARG2 s90.w2)
                 :rel (s90.l / let-01
                             :ARG0 s90.y
                             :ARG1 (s90.l2 / lift-01
                                           :ARG0 (s90.i2 / imagine-01
                                                         :ARG0 s90.y)
                                           :ARG2 (s90.c / concern-01
                                                        :mod (s90.e / everyday))
                                           :direction (s90.d3 / down
                                                              :op1 (s90.p2 / present)))))
   :snt91 (s91.g / good-04
                 :ARG1 (s91.i2 / it)
                 :ARG2 (s91.i / idea
                              :poss (s91.y / you)))
   :snt92 (s92.g / good-04
                 :ARG1 (s92.i / it
                              :same-as s91.i2)
                 :ARG2 (s92.c / creativity
                              :poss (s92.y / you)))
   :snt93 (s93.g / good-04
                 :ARG1 (s93.i / it
                              :same-as s91.i2)
                 :ARG2 (s93.s / soul
                              :part-of (s93.y / you)))
   :snt94 (s94.c / cause-01
                 :ARG1 (s94.a3 / and
                               :op1 (s94.k / keep-02
                                           :ARG0 (s94.y / you
                                                        :part (s94.h / head
                                                                     :location (s94.c2 / cloud)))
                                           :ARG1 (s94.l3 / look-01
                                                         :ARG0 s94.y
                                                         :direction (s94.u / up))
                                           :mode "imperative")
                               :op2 (s94.a / admire-01
                                           :ARG0 s94.y
                                           :ARG1 (s94.b / beauty
                                                        :mod (s94.e / ephemeral)))
                               :op3 (s94.r / remember-01
                                           :ARG0 s94.y
                                           :ARG1 (s94.l2 / live-01
                                                         :ARG0 s94.y
                                                         :ARG1 (s94.l / life)
                                                         :manner s94.h)
                                           :time (s94.a2 / always)
                                           :mode "imperative")))
   :snt95 (s95.t / thank-01
                 :ARG0 (s95.i / i)
                 :ARG1 (s95.y / you)
                 :mod (s95.m / much
                             :degree (s95.v / very))))

