# ::id doc-272
# ::doc_file doc-272
# ::tok http : / / www . ted . com / talks / theo_jansen_creates_new_creatures< / url> <next_sent> I would like to tell you about a project which I started about 16 years ago , and it 's about making new forms of life . <next_sent> And these are made of this kind of tube -- electricity tube , we call it in Holland . <next_sent> And we can start a film about that , and we can see a little bit backwards in time . <next_sent> Eventually , these beasts are going to live in herds on the beaches . <next_sent> Theo Jansen is working hard on this evolution . <next_sent> Theo Jansen : I want to put these forms of life on the beaches . <next_sent> And they should survive over there , on their own , in the future . <next_sent> Learning to live on their own -- and it 'll take couple of more years to let them walk on their own . <next_sent> The mechanical beasts will not get their energy from food , but from the wind . <next_sent> The wind will move feathers on their back , which will drive their feet . <next_sent> The beast walks sideways on the wet sand of the beach , with its nose pointed into the wind . <next_sent> As soon as it walks into either the rolling surf or the dry sand , it stops , and walks in the opposite direction . <next_sent> Evolution has generated many species . <next_sent> This is the Animaris Currens Ventosa . <next_sent> TJ : This is a herd , and it is built according to genetical codes . <next_sent> And it is a sort of race , and each and every animal is different , and the winning codes will multiply . <next_sent> And now it goes from -- yes , now it goes from left to right . <next_sent> This is a new generation , a new family , which is able to store the winds . <next_sent> So , the wings pump up air in lemonade bottles , which are on top of that . <next_sent> And they can use that energy in case the wind falls away , and the tide is coming up , and there is still a little bit of energy to reach the dunes and save their lives , because they are drowned very easily . <next_sent> I could show you this animal . <next_sent> Thank you . <next_sent> So , the proportion of the tubes in this animal is very important for the walking . <next_sent> There are 11 numbers , which I call the 11 holy numbers . <next_sent> These are the distances of the tubes which make it walk that way . <next_sent> In fact , it 's a new invention of the wheel . <next_sent> It works the same as a wheel . <next_sent> The axis of a wheel is staying on the same level , and this hip is staying on the same level as well . <next_sent> In fact , this is better than a wheel , because when you try to drive with your bicycle on the beach , you will notice it 's very hard to do . <next_sent> And the feet just step over the sand , and the wheel has to touch every piece of the ground in between . <next_sent> There 's a guy pushing there , behind , but can also walk on the wind very well . <next_sent> It 's 3.2 tons . <next_sent> And this is working on the stored winds in the bottles . <next_sent> It has a feeler , where it can feel obstacles and turn around . <next_sent> And that stuff , you see , is going to it the other way . <next_sent> Can I have the feeler here ? <next_sent> OK . <next_sent> Good . <next_sent> So , they have to survive all the dangers of the beach , and one of the big dangers is the sea . <next_sent> This is the sea . <next_sent> And it must feel the water of the sea . <next_sent> And this is the water feeler . <next_sent> And what 's very important is this tube . <next_sent> It sucks in air normally , but when it swallows water , it feels the resistance of it . <next_sent> So imagine that the animal is walking towards the sea . <next_sent> As soon as it touches the water , you should hear a sort of sound of running air . <next_sent> Yes ! <next_sent> So if it does n't feel , it will be drowned , OK ? <next_sent> Here , we have the brain of the animal . <next_sent> In fact , it is a step counter , and it counts the steps . <next_sent> It 's a binary step counter . <next_sent> So as soon it has been to the sea , it changes the pattern of zeroes and ones here , and it knows always where it is on the beach . <next_sent> So it 's very simple brain . <next_sent> It says , well , there 's the sea , there are dunes , and I 'm here . <next_sent> So it 's a sort of imagination of the simple world of the beach animal . <next_sent> Thank you . <next_sent> One of the biggest enemies are the storms . <next_sent> This is a part of the nose of the Animaris Percipiere , and when the nose is fixed -- of the animal -- the whole animal is fixed . <next_sent> So when the storm is coming up , it drives a pin into the ground . <next_sent> And the nose is fixed , the whole animal is fixed . <next_sent> The wind may turn , but the animal will turn always its nose into the wind . <next_sent> Now , another couple of years , and these animals will survive on their own . <next_sent> I still have to help them a lot . <next_sent> Thank you very much , ladies and gentlemen .
(d / document
   :snt1 (s1.u / url-entity
               :topic (s1.t / talk-01
                            :ARG0 (s1.p / person
                                        :name (s1.n / name
                                                    :op1 "ossobuco"
                                                    :op2 "talk-01"))))
   :snt2 (s2.l2 / like-02
                :ARG0 (s2.i / i)
                :ARG1 (s2.t / tell-01
                            :ARG0 s2.i
                            :ARG1 (s2.p / project
                                        :ARG1-of (s2.s / start-01
                                                       :ARG0 s2.i
                                                       :time (s2.b / before
                                                                   :quant (s2.a / about
                                                                                :op1 (s2.t2 / temporal-quantity
                                                                                            :unit (s2.y / year)
                                                                                            :quant "16"))
                                                                   :op1 (s2.n2 / now)))
                                        :topic (s2.m / make-01
                                                     :ARG1 (s2.f / form
                                                                 :ARG1-of (s2.n / new-01)
                                                                 :mod (s2.l / life))))
                            :ARG2 (s2.y2 / you)))
   :snt3 (s3.a / and
               :op2 (s3.m / make-01
                          :ARG1 (s3.t / this
                                      :same-as s2.f)
                          :ARG2 (s3.t3 / tube
                                       :mod (s3.k / kind
                                                  :mod (s3.t2 / this))
                                       :mod (s3.t4 / tube
                                                   :ARG1-of (s3.c / call-01
                                                                  :ARG0 (s3.w / we)
                                                                  :location (s3.c2 / country
                                                                                   :name (s3.n / name
                                                                                               :op1 "Holland")))
                                                   :mod (s3.e / electricity)))))
   :snt4 (s4.a / and
               :op2 (s4.p / possible-01
                          :ARG1 (s4.s2 / start-01
                                       :ARG0 (s4.w / we)
                                       :ARG1 (s4.f / film
                                                   :topic (s4.t / that))))
               :op3 (s4.p2 / possible-01
                           :ARG1 (s4.s / see-01
                                       :ARG0 s4.w
                                       :ARG1 (s4.b / backwards
                                                   :degree (s4.b2 / bit
                                                                  :mod (s4.l / little))
                                                   :op1 (s4.t2 / time)))))
   :snt5 (s5.l / live-01
               :ARG0 (s5.b2 / beast
                            :mod (s5.t / this)
                            :same-as s2.f)
               :location (s5.b / beach)
               :manner (s5.h / herd)
               :time (s5.e / eventual))
   :snt6 (s6.w / work-01
               :ARG0 (s6.p / person
                           :name (s6.n / name
                                       :op1 "Theo"
                                       :op2 "Jansen")
                           :same-as s2.i)
               :ARG1 (s6.e / evolve-01
                           :mod (s6.t / this))
               :ARG1-of (s6.h / hard-02))
   :snt7 (s7.s / say-01
               :ARG0 (s7.p / person
                           :name (s7.n / name
                                       :op1 "Theo"
                                       :op2 "Jansen")
                           :same-as s2.i)
               :ARG1 (s7.w / want-01
                           :ARG0 (s7.i / i
                                       :same-as s2.i)
                           :ARG1 (s7.p2 / put-01
                                        :ARG0 s7.i
                                        :ARG1 (s7.f / form
                                                    :mod (s7.t / this)
                                                    :mod (s7.l / life)
                                                    :same-as s2.f)
                                        :ARG2 (s7.b / beach
                                                    :same-as s5.b))))
   :snt8 (s8.a / and
               :op2 (s8.r / recommend-01
                          :ARG1 (s8.s / survive-01
                                      :ARG0 (s8.t2 / they
                                                   :same-as s2.f)
                                      :location (s8.t / there)
                                      :mod (s8.b / by-oneself)
                                      :time (s8.f / future))))
   :snt9 (s9.a / and
               :op1 (s9.l / learn-01
                          :ARG1 (s9.l3 / live-01
                                       :ARG0 (s9.t3 / they
                                                    :same-as s2.f)
                                       :manner (s9.b / by-oneself)))
               :op2 (s9.t / take-10
                          :ARG0 (s9.l2 / let-01
                                       :ARG0 s9.t3
                                       :ARG1 (s9.w / walk-01
                                                   :ARG0 s9.t3
                                                   :mod (s9.b2 / by-oneself)))
                          :ARG1 (s9.c / couple
                                      :op1 (s9.t2 / temporal-quantity
                                                  :unit (s9.y / year)
                                                  :quant "1")
                                      :mod-of s9.t2))
               :rel (s9.m / more))
   :snt10 (s10.c / contrast-01
                 :ARG1 (s10.g / get-01
                              :ARG0 (s10.b / beast
                                           :mod (s10.m / mechanics)
                                           :same-as s2.f)
                              :ARG1 (s10.e / energy
                                           :poss s10.b)
                              :ARG2 (s10.f / food)
                              :polarity "-")
                 :ARG2 (s10.g2 / get-01
                               :ARG0 s10.b
                               :ARG1 s10.e
                               :ARG2 (s10.w / wind)))
   :snt11 (s11.m / move-01
                 :ARG0 (s11.w / wind
                              :same-as s10.w)
                 :ARG0-of (s11.d / drive-02
                                 :ARG1 (s11.f2 / foot))
                 :ARG1 (s11.f / feather
                              :location (s11.b / back
                                               :part-of (s11.t / they
                                                               :part s11.f2
                                                               :same-as s2.f))))
   :snt12 (s12.w / walk-01
                 :ARG0 (s12.b2 / beast
                               :part (s12.n / nose))
                 :ARG2 (s12.s / sand
                              :ARG1-of (s12.w2 / wet-01)
                              :part-of (s12.b / beach))
                 :direction (s12.s2 / sideways)
                 :manner (s12.p / point-01
                                :ARG0 s12.b2
                                :ARG1 s12.n
                                :ARG2 (s12.w3 / wind
                                              :same-as s10.w)))
   :snt13 (s13.a / and
                 :op1 (s13.s2 / stop-01
                              :ARG0 (s13.i / it
                                           :same-as s12.b2))
                 :op2 (s13.w2 / walk-01
                              :ARG0 s13.i
                              :ARG2 (s13.d / direction
                                           :ARG1-of (s13.o / opposite-01)))
                 :time (s13.a2 / as-soon-as
                               :op1 (s13.w / walk-01
                                           :ARG0 s13.i
                                           :ARG2 (s13.o2 / or
                                                         :op1 (s13.s3 / surf-01
                                                                      :ARG1-of (s13.r / roll-01))
                                                         :op2 (s13.s / sand
                                                                     :ARG1-of (s13.d2 / dry-02))))))
   :snt14 (s14.g / generate-01
                 :ARG0 (s14.e / evolution)
                 :ARG1 (s14.s / species
                              :quant (s14.m / many)))
   :snt15 (s15.a / animal
                 :name (s15.n / name
                              :op1 "Animaris"
                              :op2 "Currens"
                              :op3 "Ventosa")
                 :domain (s15.t / this))
   :snt16 (s16.s / say-01
                 :ARG0 (s16.p / person
                              :name (s16.n / name
                                           :op1 "TJ"))
                 :ARG1 (s16.a / and
                              :op1 (s16.h / herd
                                          :domain (s16.t / this))
                              :op2 (s16.b / build-01
                                          :ARG1 s16.t
                                          :ARG1-of (s16.c2 / conform-01
                                                           :ARG2 (s16.c / code
                                                                        :mod (s16.g / genetics))))))
   :snt17 (s17.a / and
                 :op1 (s17.r / race-02
                             :domain (s17.i / it
                                            :same-as s16.t)
                             :mod (s17.s / sort))
                 :op2 (s17.d / differ-02
                             :ARG1 (s17.a2 / animal
                                           :mod (s17.e2 / every)
                                           :mod (s17.e / each)))
                 :op3 (s17.m / multiply-01
                             :ARG1 (s17.c / code
                                          :ARG0-of (s17.w / win-01))))
   :snt18 (s18.a / and
                 :op2 (s18.g / go-01
                             :ARG1 (s18.i / it
                                          :same-as s16.t)
                             :time (s18.n / now))
                 :op3 (s18.g2 / go-01
                              :ARG1 s18.i
                              :ARG3 (s18.l / left-20)
                              :ARG4 (s18.r / right-04)
                              :time s18.n))
   :snt19 (s19.g / generation
                 :ARG1-of (s19.c / capable-01
                                 :ARG2 (s19.s / store-01
                                              :ARG1 (s19.w / wind)
                                              :ARG0 s19.g))
                 :domain (s19.t / this
                                :same-as s16.t)
                 :mod (s19.f / family
                             :ARG1-of (s19.n / new-01)))
   :snt20 (s20.i / infer-01
                 :ARG1 (s20.p / pump-01
                              :ARG0 (s20.w / wing)
                              :ARG1 (s20.a / air)
                              :location (s20.b / bottle
                                               :location (s20.t2 / top
                                                                 :op1 (s20.t / that))
                                               :mod (s20.l / lemonade))))
   :snt21 (s21.a / and
                 :ARG1-of (s21.c / cause-01
                                 :ARG0 (s21.d / drown-01
                                              :ARG1 (s21.t2 / they
                                                            :same-as s16.t)
                                              :ARG1-of (s21.e / easy-05
                                                              :degree (s21.v / very))))
                 :op2 (s21.p / possible-01
                             :ARG1 (s21.u2 / use-01
                                           :ARG0 s21.t2
                                           :ARG1 (s21.e2 / energy
                                                         :mod (s21.t / that))
                                           :condition (s21.a2 / and
                                                              :op1 (s21.f / fall-01
                                                                          :ARG1 (s21.w / wind)
                                                                          :direction (s21.a4 / away))
                                                              :op2 (s21.e3 / energy
                                                                           :purpose (s21.a3 / and
                                                                                            :op1 (s21.r / reach-01
                                                                                                        :ARG1 (s21.d2 / dune))
                                                                                            :op2 (s21.s / save-02
                                                                                                        :ARG1 (s21.l / life
                                                                                                                     :poss s21.t2)))
                                                                           :degree (s21.b / bit
                                                                                          :mod (s21.l2 / little)
                                                                                          :mod (s21.s2 / still))))))
                 :rel (s21.c2 / come-01
                              :ARG1 (s21.t3 / tide)
                              :direction (s21.u / up)))
   :snt22 (s22.p / possible-01
                 :ARG1 (s22.s / show-01
                              :ARG0 (s22.i / i
                                           :same-as s2.i)
                              :ARG1 (s22.a / animal
                                           :mod (s22.t / this)
                                           :same-as s12.b2)
                              :ARG2 (s22.y / you
                                           :same-as s2.y2)))
   :snt23 (s23.t / thank-01
                 :ARG1 (s23.y / you
                              :same-as s2.i))
   :snt24 (s24.c / cause-01
                 :ARG1 (s24.i / important-01
                              :ARG1 (s24.p / proportion
                                           :quant-of (s24.t2 / tube
                                                             :part-of (s24.a / animal
                                                                             :mod (s24.t / this)
                                                                             :same-as s12.b2)))
                              :ARG2 (s24.w / walk-01)
                              :degree (s24.v / very)))
   :snt25 (s25.n / number
                 :ARG1-of (s25.c / call-01
                                 :ARG0 (s25.i / i
                                              :same-as s2.i)
                                 :ARG2 (s25.n2 / number
                                               :mod (s25.h / holy)))
                 :quant "11")
   :snt26 (s26.d / distance
                 :ARG0-of (s26.m / make-02
                                 :ARG1 (s26.w / walk-01
                                              :ARG0 (s26.i / it
                                                           :same-as s12.b2)
                                              :ARG2 (s26.w2 / way
                                                            :mod (s26.t / that))))
                 :domain (s26.t2 / this
                                 :same-as s25.n)
                 :poss (s26.t3 / tube
                               :same-as s24.t2))
   :snt27 (s27.i2 / invent-01
                  :ARG1 (s27.w / wheel)
                  :ARG1-of (s27.n / new-01)
                  :mod (s27.i / in-fact))
   :snt28 (s28.w2 / work-09
                  :ARG1 (s28.i / it)
                  :ARG1-of (s28.s / same-01
                                  :ARG2 (s28.w3 / work-09
                                                :ARG1 (s28.w / wheel))))
   :snt29 (s29.a / and
                 :op1 (s29.s2 / stay-01
                              :ARG1 (s29.a3 / axis
                                            :part-of (s29.w / wheel))
                              :ARG3 (s29.l / level
                                           :ARG1-of (s29.s / same-01)))
                 :op2 (s29.s3 / stay-01
                              :ARG1 (s29.h / hip
                                           :mod (s29.t / this))
                              :ARG3 s29.l
                              :mod (s29.a2 / as-well)))
   :snt30 (s30.c / cause-01
                 :ARG0 (s30.n / notice-01
                              :ARG0 (s30.y / you)
                              :ARG1 (s30.h / hard-02
                                           :ARG1 (s30.d / do-02
                                                        :ARG1 (s30.d2 / drive-01
                                                                      :ARG0 s30.y
                                                                      :instrument (s30.b2 / bicycle
                                                                                          :poss s30.y)
                                                                      :location (s30.b / beach
                                                                                       :same-as s12.b)))
                                           :degree (s30.v / very))
                              :time (s30.t2 / try-01
                                            :ARG0 s30.y
                                            :ARG1 s30.d2))
                 :ARG1 (s30.h2 / have-degree-91
                               :ARG1 (s30.t / this
                                            :same-as s28.i)
                               :ARG2 (s30.g / good-02)
                               :ARG3 (s30.m / more)
                               :ARG4 (s30.w / wheel)
                               :mod (s30.i / in-fact)))
   :snt31 (s31.a / and
                 :op2 (s31.a2 / and
                              :op1 (s31.s2 / step-01
                                           :ARG0 (s31.f / foot)
                                           :ARG2 (s31.o2 / over
                                                         :op1 (s31.s / sand))
                                           :mod (s31.j / just))
                              :op2 (s31.o / obligate-01
                                          :ARG2 (s31.t / touch-01
                                                       :ARG0 (s31.w / wheel
                                                                    :same-as s27.w)
                                                       :ARG1 (s31.p / piece
                                                                    :mod (s31.e / every)
                                                                    :part-of (s31.g / ground
                                                                                    :location (s31.b / between
                                                                                                     :op1 s31.f
                                                                                                     :op2 s31.s)))))))
   :snt32 (s32.c / contrast-01
                 :ARG1 (s32.p2 / push-01
                               :ARG0 (s32.g / guy)
                               :ARG2 (s32.t / there)
                               :location (s32.b / behind))
                 :ARG2 (s32.p / possible-01
                              :ARG1 (s32.w / walk-01
                                           :ARG0 s32.g
                                           :ARG1-of (s32.w2 / well-09
                                                            :degree (s32.v / very))
                                           :ARG2 (s32.w3 / wind
                                                         :same-as s10.w))
                              :mod (s32.a / also)))
   :snt33 (s33.m / mass-quantity
                 :domain (s33.i / it
                                :same-as s10.w)
                 :unit (s33.t / ton)
                 :quant "3.2")
   :snt34 (s34.a / and
                 :op2 (s34.w2 / work-09
                              :ARG1 (s34.t / this
                                           :same-as s10.w)
                              :ARG2 (s34.w / wind
                                           :ARG1-of (s34.s / store-01
                                                           :ARG2 (s34.b / bottle)))))
   :snt35 (s35.h / have-03
                 :ARG0 (s35.i / it
                              :same-as s10.w)
                 :ARG1 (s35.f / feel-01
                              :location-of (s35.p / possible-01
                                                  :ARG1 (s35.a / and
                                                               :op1 (s35.f2 / feel-01
                                                                            :ARG0 s35.i
                                                                            :ARG1 (s35.o / obstacle))
                                                               :op2 (s35.t / turn-01
                                                                           :ARG0 s35.i
                                                                           :direction (s35.a2 / around))))))
   :snt36 (s36.a / and
                 :op2 (s36.g / go-06
                             :ARG0 (s36.s2 / stuff
                                           :mod (s36.t / that))
                             :ARG1 (s36.i / it
                                          :same-as s10.w)
                             :manner (s36.w / way
                                            :mod (s36.o / other))
                             :mod (s36.s / see-03
                                         :ARG0 (s36.y / you))))
   :snt37 (s37.p2 / possible-01
                  :ARG1 (s37.h / have-03
                               :ARG0 (s37.i / i
                                            :same-as s2.y2)
                               :ARG1 (s37.p / person
                                            :ARG0-of (s37.f / feel-01)
                                            :same-as s35.f)
                               :location (s37.h2 / here))
                  :polarity (s37.a / amr-unknown))
   :snt38 (s38.o / okay-04)
   :snt39 (s39.g / good-02)
   :snt40 (s40.c / cause-01
                 :ARG1 (s40.a2 / and
                               :op1 (s40.o / obligate-01
                                           :ARG1 (s40.t / they
                                                        :same-as s16.t)
                                           :ARG2 (s40.s2 / survive-01
                                                         :ARG0 s40.t
                                                         :ARG1 (s40.d / danger
                                                                      :mod (s40.a / all)
                                                                      :mod (s40.b / beach
                                                                                  :same-as s12.b))))
                               :op2 (s40.i / include-91
                                           :ARG0 (s40.s / sea)
                                           :ARG2 (s40.d2 / danger
                                                         :mod (s40.b2 / big)))))
   :snt41 (s41.s / sea
                 :domain (s41.t / this
                                :same-as s40.s)
                 :same-as s40.s)
   :snt42 (s42.a / and
                 :op2 (s42.o / obligate-01
                             :ARG2 (s42.f / feel-01
                                          :ARG0 (s42.i / it
                                                       :same-as s10.w)
                                          :ARG1 (s42.w / water
                                                       :poss (s42.s / sea
                                                                    :same-as s40.s)))))
   :snt43 (s43.a / and
                 :op2 (s43.p / person
                             :ARG0-of (s43.f / feel-01
                                             :ARG1 (s43.w / water))
                             :domain (s43.t / this
                                            :same-as s35.f)))
   :snt44 (s44.a / and
                 :op2 (s44.i / important-01
                             :ARG1 (s44.t2 / tube
                                           :mod (s44.t / this))
                             :degree (s44.v / very)))
   :snt45 (s45.c / contrast-01
                 :ARG1 (s45.s / suck-01
                              :ARG0 (s45.i / it
                                           :same-as s10.w)
                              :ARG1 (s45.a / air)
                              :ARG1-of (s45.n / normal-02))
                 :ARG2 (s45.f / feel-01
                              :ARG0 s45.i
                              :ARG1 (s45.r / resist-01
                                           :ARG0 s45.i
                                           :ARG1 (s45.w / water))
                              :time (s45.s2 / swallow-01
                                            :ARG0 s45.i
                                            :ARG1 s45.w)))
   :snt46 (s46.i / imagine-01
                 :ARG0 (s46.y / you)
                 :ARG1 (s46.w / walk-01
                              :ARG0 (s46.a / animal
                                           :same-as s10.w)
                              :ARG2 (s46.s / sea
                                           :same-as s40.s))
                 :mode "imperative")
   :snt47 (s47.r / recommend-01
                 :ARG1 (s47.h / hear-01
                              :ARG0 (s47.y / you)
                              :ARG1 (s47.s2 / sound-02
                                            :ARG1 (s47.a / air
                                                         :ARG1-of (s47.r2 / run-01))
                                            :mod (s47.s / sort))
                              :time (s47.a2 / as-soon-as
                                            :op1 (s47.t / touch-01
                                                        :ARG0 (s47.i / it
                                                                     :same-as s10.w)
                                                        :ARG1 (s47.w / water
                                                                     :same-as s42.w)))))
   :snt48 (s48.y / yes
                 :mode "expressive")
   :snt49 (s49.d / drown-01
                 :ARG1 (s49.i / it
                              :same-as s10.w)
                 :ARG1-of (s49.o / okay-01
                                 :polarity (s49.a / amr-unknown))
                 :condition (s49.f / feel-01
                                   :ARG0 s49.i
                                   :polarity "-"))
   :snt50 (s50.h / have-03
                 :ARG0 (s50.w / we)
                 :ARG1 (s50.b / brain
                              :part-of (s50.a / animal
                                              :same-as s10.w))
                 :location (s50.h2 / here))
   :snt51 (s51.a / and
                 :mod (s51.i / in-fact)
                 :op1 (s51.c2 / counter-01
                              :ARG0 (s51.i2 / it
                                            :same-as s50.b)
                              :ARG1 (s51.s / step))
                 :op2 (s51.c / count-01
                             :ARG0 s51.i2
                             :ARG1 s51.s))
   :snt52 (s52.c / counter-01
                 :ARG0 (s52.i / it
                              :same-as s50.b)
                 :ARG1 (s52.s / step-01)
                 :mod (s52.b / binary))
   :snt53 (s53.i / infer-01
                 :ARG1 (s53.a3 / and
                               :op1 (s53.c / change-01
                                           :ARG0 (s53.i2 / it
                                                         :same-as s10.w)
                                           :ARG1 (s53.p / pattern-01
                                                        :ARG1 (s53.a2 / and
                                                                      :op1 (s53.e / Zero)
                                                                      :op2 (s53.o / one)))
                                           :location (s53.h / here)
                                           :time (s53.a4 / as-soon-as
                                                         :op1 (s53.b / be-located-at-91
                                                                     :ARG1 s53.i2
                                                                     :ARG2 (s53.s / sea
                                                                                  :same-as s40.s))))
                               :op2 (s53.k / know-01
                                           :ARG0 s53.i2
                                           :ARG1 (s53.l / location
                                                        :location (s53.b2 / beach
                                                                          :same-as s12.b))
                                           :time (s53.a / always))))
   :snt54 (s54.i / infer-01
                 :ARG1 (s54.b / brain
                              :ARG1-of (s54.s / simple-02
                                              :degree (s54.v / very))
                              :domain (s54.i2 / it
                                              :same-as s50.b)))
   :snt55 (s55.s / say-01
                 :ARG0 (s55.i2 / it
                               :same-as s50.b)
                 :ARG1 (s55.a / and
                              :mod (s55.w / well)
                              :op1 (s55.s2 / sea
                                           :location (s55.t / there)
                                           :same-as s40.s)
                              :op2 (s55.d / dune
                                          :location s55.t
                                          :same-as s21.d2)
                              :op3 (s55.b / be-located-at-91
                                          :ARG1 (s55.i / i
                                                       :same-as s50.b)
                                          :ARG2 (s55.h / here))))
   :snt56 (s56.i2 / infer-01
                  :ARG1 (s56.i / imagine-01
                               :ARG1 (s56.w / world
                                            :ARG1-of (s56.s / simple-02)
                                            :mod (s56.a / animal
                                                        :mod (s56.b / beach)))
                               :domain (s56.i3 / it)
                               :mod (s56.s2 / sort)))
   :snt57 (s57.t / thank-01
                 :ARG1 (s57.y / you
                              :same-as s2.i))
   :snt58 (s58.s2 / storm-01
                  :ARG0-of (s58.h2 / have-rel-role-91
                                   :ARG0 (s58.s / storm)
                                   :ARG2 (s58.e / enemy
                                                :ARG1-of (s58.h / have-degree-91
                                                                :ARG2 (s58.b / big)
                                                                :ARG3 (s58.m / most))))
                  :ARG1-of (s58.i / include-91))
   :snt59 (s59.a / and
                 :op1 (s59.t / this
                             :part-of (s59.n2 / nose
                                              :part-of (s59.a2 / animal
                                                               :name (s59.n / name
                                                                            :op1 "Animaris"
                                                                            :op2 "Percipiere"))
                                              :part-of (s59.a3 / animal
                                                               :mod (s59.w / whole)
                                                               :same-as s59.a2)))
                 :op2 (s59.f / fix-02
                             :ARG1 s59.n2))
   :snt60 (s60.c / cause-01
                 :ARG1 (s60.d / drive-02
                              :ARG0 (s60.s / storm-01)
                              :ARG1 (s60.p / pin)
                              :ARG2 (s60.g / ground))
                 :time (s60.c2 / come-up-13
                               :ARG1 s60.s))
   :snt61 (s61.a / and
                 :op2 (s61.a2 / and
                              :op1 (s61.f / fix-02
                                          :ARG1 (s61.n / nose
                                                       :same-as s59.a2))
                              :op2 (s61.f2 / fix-02
                                           :ARG1 (s61.a3 / animal
                                                         :mod (s61.w / whole)
                                                         :same-as s59.a2))))
   :snt62 (s62.c / contrast-01
                 :ARG1 (s62.p / possible-01
                              :ARG1 (s62.t / turn-01
                                           :ARG1 (s62.w / wind
                                                        :same-as s10.w)))
                 :ARG2 (s62.t2 / turn-01
                               :ARG0 (s62.a2 / animal
                                             :part (s62.n / nose
                                                          :same-as s59.a2)
                                             :same-as s59.a2)
                               :ARG1 s62.n
                               :direction s62.w
                               :time (s62.a / always)))
   :snt63 (s63.a / and
                 :op1 (s63.c / couple
                             :mod (s63.a3 / another)
                             :op1 (s63.t / temporal-quantity
                                         :unit (s63.y / year)
                                         :quant "1"))
                 :op2 (s63.s / survive-01
                             :ARG0 (s63.a2 / animal
                                           :mod (s63.t2 / this)
                                           :same-as s16.t)
                             :mod (s63.b / by-oneself))
                 :time (s63.n / now))
   :snt64 (s64.o / obligate-01
                 :ARG1 (s64.i / i
                              :same-as s2.i)
                 :ARG2 (s64.h / help-01
                              :quant (s64.l / lot)
                              :ARG0 s64.i
                              :ARG2 (s64.t / they
                                           :same-as s16.t))
                 :mod (s64.s / still))
   :snt65 (s65.s / say-01
                 :ARG1 (s65.t / thank-01
                              :ARG1 (s65.y / you)
                              :mod (s65.m / much
                                          :degree (s65.v / very)))
                 :ARG2 (s65.a / and
                              :op1 (s65.l / lady)
                              :op2 (s65.g / gentleman)
                              :same-as s65.y)))

