# ::id doc-942
# ::doc_file doc-942
# ::tok http : / / www . ted . com / talks / catherine_mohr_builds_green< / url> <next_sent> First of all , I 'm a geek . <next_sent> I 'm an organic food - eating , carbon footprint - minimizing , robotic surgery geek . <next_sent> And I really want to build green , but I 'm very suspicious of all of these well - meaning articles , people long on moral authority and short on data , telling me how to do these kinds of things . <next_sent> And so I have to figure this out for myself . <next_sent> For example : Is this evil ? <next_sent> I have dropped a blob of organic yogurt from happy self - actualized local cows on my counter top , and I grab a paper towel and I want to wipe it up . <next_sent> But can I use a paper towel ? <next_sent> The answer to this can be found in embodied energy . <next_sent> This is the amount of energy that goes into any paper towel or embodied water , and every time I use a paper towel , I am using this much virtual energy and water . <next_sent> Wipe it up , throw it away . <next_sent> Now , if I compare that to a cotton towel that I can use a thousand times , I do n't have a whole lot of embodied energy until I wash that yogurty towel . <next_sent> This is now operating energy . <next_sent> So if I throw my towel in the washing machine , I 've now put energy and water back into that towel ... <next_sent> unless I use a front - loading , high - efficiency washing machine , and then it looks a little bit better . <next_sent> But what about a recycled paper towel that comes in those little half sheets ? <next_sent> Well , now a paper towel looks better . <next_sent> Screw the paper towels . <next_sent> Let 's go to a sponge . <next_sent> I wipe it up with a sponge , and I put it under the running water , and I have a lot less energy and a lot more water . <next_sent> Unless you 're like me and you leave the handle in the position of hot even when you turn it on , and then you start to use more energy . <next_sent> Or worse , you let it run until it 's warm to rinse out your towel . <next_sent> And now all bets are off . <next_sent> So what this says is that sometimes the things that you least expect -- the position in which you put the handle -- have a bigger effect than any of those other things that you were trying to optimize . <next_sent> Now imagine someone as twisted as me trying to build a house . <next_sent> That 's what my husband and I are doing right now . <next_sent> And so , we wanted to know , how green could we be ? <next_sent> And there 's a thousand and one articles out there telling us how to make all these green trade - offs . <next_sent> And they are just as suspect in telling us to optimize these little things around the edges and missing the elephant in the living room . <next_sent> We wanted to know how much better we could do . <next_sent> And so , like many people , we start with a house on a lot , and I 'm going to show you a typical construction on the top and what we 're doing on the bottom . <next_sent> So first , we demolish it . <next_sent> It takes some energy , but if you deconstruct it -- you take it all apart , you use the bits -- you can get some of that energy back . <next_sent> We then dug a big hole to put in a rainwater catchment tank to take our yard water independent . <next_sent> And then we poured a big foundation for passive solar . <next_sent> Now , you can reduce the embodied energy by about 25 percent by using high fly ash concrete . <next_sent> We then put in framing . <next_sent> And so this is framing -- lumber , composite materials -- and it 's kind of hard to get the embodied energy out of that , but it can be a sustainable resource if you use FSC - certified lumber . <next_sent> We then go on to the first thing that was very surprising . <next_sent> If we put aluminum windows in this house , we would double the energy use right there . <next_sent> Now , PVC is a little bit better , but still not as good as the wood that we chose . <next_sent> We then put in plumbing , electrical and HVAC , and insulate . <next_sent> Now , spray foam is an excellent insulator -- it fills in all the cracks -- but it is pretty high embodied energy , and , sprayed - in cellulose or blue jeans is a much lower energy alternative to that . <next_sent> We also used straw bale infill for our library , which has zero embodied energy . <next_sent> When it comes time to sheetrock , if you use EcoRock it 's about a quarter of the embodied energy of standard sheetrock . <next_sent> And then you get to the finishes , the subject of all of those " go green " articles , and on the scale of a house they almost make no difference at all . <next_sent> And yet , all the press is focused on that . <next_sent> Except for flooring . <next_sent> If you put carpeting in your house , it 's about a tenth of the embodied energy of the entire house , unless you use concrete or wood for a much lower embodied energy . <next_sent> So now we add in the final construction energy , we add it all up , and we 've built a house for less than half of the typical embodied energy for building a house like this . <next_sent> But before we pat ourselves too much on the back , we have poured 151 megawatt hours of energy into constructing this house when there was a house there before . <next_sent> And so the question is : How could we make that back ? <next_sent> And so if I run my new energy - efficient house forward , compared with the old , non - energy - efficient house , we make it back in about six years . <next_sent> Now , I probably would have upgraded the old house to be more energy - efficient , and in that case , it would take me more about 20 years to break even . <next_sent> Now , if I had n't paid attention to embodied energy , it would have taken us over 50 years to break even compared to the upgraded house . <next_sent> So what does this mean ? <next_sent> On the scale of my portion of the house , this is equivalent to about as much as I drive in a year , it 's about five times as much as if I went entirely vegetarian . <next_sent> But my elephant in the living room flies . <next_sent> Clearly , I need to walk home from TED . <next_sent> But all the calculations for embodied energy are on the blog . <next_sent> And , remember , it 's sometimes the things that you are not expecting to be the biggest changes that are . <next_sent> Thank you .
(d / document
   :snt1 (s1.u / url-entity
               :topic (s1.t / talk-01))
   :snt2 (s2.g / geek
               :domain (s2.i / i
                             :same-as s1.t)
               :mod (s2.f / first-of-all))
   :snt3 (s3.g / geek
               :ARG0-of (s3.m / minimize-01
                              :ARG0 (s3.i / i
                                          :same-as s1.t)
                              :ARG1 (s3.f2 / footprint
                                           :mod (s3.c / carbon)))
               :domain s3.i
               :mod (s3.s / surgery-01
                          :mod (s3.r / robot))
               :mod (s3.e / eat-01
                          :ARG0 s3.i
                          :ARG1 (s3.f / food)
                          :manner (s3.o / organic)))
   :snt4 (s4.a2 / and
                :op2 (s4.c / contrast-01
                           :ARG1 (s4.w / want-01
                                       :ARG0 (s4.i / i
                                                   :same-as s1.t)
                                       :ARG1 (s4.b / build-01
                                                   :ARG0 s4.i
                                                   :ARG1 (s4.g / green-03))
                                       :degree (s4.r / really))
                           :ARG2 (s4.s2 / suspicious-02
                                        :ARG0 s4.i
                                        :ARG1 (s4.a3 / article
                                                     :ARG0-of (s4.m / mean-02
                                                                    :ARG1-of (s4.w2 / well-09))
                                                     :mod (s4.t4 / this)
                                                     :mod (s4.a / all)
                                                     :mod (s4.t / tell-01
                                                                :ARG0 (s4.p / person
                                                                            :ARG1-of (s4.l / long-03
                                                                                           :ARG2 (s4.a4 / authority
                                                                                                        :ARG1-of (s4.m2 / moral-02)))
                                                                            :ARG1-of (s4.s / short-06
                                                                                           :ARG2 (s4.d / data)))
                                                                :ARG1 (s4.t2 / thing
                                                                             :manner-of (s4.d2 / do-02
                                                                                               :ARG1 (s4.t3 / thing
                                                                                                            :mod (s4.k / kind
                                                                                                                       :mod (s4.t5 / this)))))
                                                                :ARG2 s4.i))
                                        :degree (s4.v / very))))
   :snt5 (s5.a / and
               :op2 (s5.c / cause-01
                          :ARG1 (s5.o / obligate-01
                                      :ARG2 (s5.f / figure-out-05
                                                  :ARG0 (s5.i / i
                                                              :same-as s1.t)
                                                  :ARG1 (s5.t / this)
                                                  :mod (s5.b / by-oneself
                                                             :same-as s1.t)))))
   :snt6 (s6.e2 / exemplify-01
                :ARG0 (s6.e / evil
                            :domain (s6.t / this)
                            :polarity (s6.a / amr-unknown)))
   :snt7 (s7.a2 / and
                :op1 (s7.d / drop-01
                           :ARG0 (s7.i / i
                                       :same-as s1.t)
                           :ARG1 (s7.b / blob
                                       :consist-of (s7.y / yogurt
                                                         :mod (s7.o / organic)))
                           :ARG4 (s7.t / top
                                       :part (s7.c / counter)
                                       :poss s7.i)
                           :source (s7.c2 / cow
                                          :ARG1-of (s7.l / local-02)
                                          :ARG1-of (s7.a / actual-02)
                                          :ARG1-of (s7.h / happy-01)))
                :op2 (s7.g / grab-01
                           :ARG0 s7.i
                           :ARG1 (s7.t2 / towel
                                        :consist-of (s7.p / paper)))
                :op3 (s7.w / want-01
                           :ARG0 s7.i
                           :ARG1 (s7.w2 / wipe-01
                                        :ARG0 s7.i
                                        :ARG1 s7.t2)))
   :snt8 (s8.c / contrast-01
               :ARG2 (s8.p2 / possible-01
                            :ARG1 (s8.u / use-01
                                        :ARG0 (s8.i / i
                                                    :same-as s1.t)
                                        :ARG1 (s8.t / towel
                                                    :consist-of (s8.p / paper)))
                            :polarity (s8.a / amr-unknown)))
   :snt9 (s9.p / possible-01
               :ARG1 (s9.f / find-01
                           :ARG1 (s9.t / thing
                                       :ARG2-of (s9.a / answer-01
                                                      :ARG1 (s9.t2 / this)))
                           :ARG2 (s9.e2 / energy
                                        :ARG2-of (s9.e / embody-01))))
   :snt10 (s10.a2 / and
                  :op1 (s10.a / amount
                              :mod (s10.t / this)
                              :quant-of (s10.e2 / energy
                                                :ARG1-of (s10.g / go-01
                                                                :ARG4 (s10.o / or
                                                                             :op1 (s10.t3 / towel)
                                                                             :op2 (s10.w / water
                                                                                         :ARG2-of (s10.e / embody-01))))))
                  :op2 (s10.u2 / use-01
                               :ARG0 (s10.i / i
                                            :same-as s1.t)
                               :ARG1 (s10.a3 / and
                                             :quant (s10.m / much
                                                           :mod (s10.t2 / this))
                                             :op1 (s10.e3 / energy
                                                          :mod (s10.v / virtual))
                                             :op2 (s10.w2 / water))
                               :frequency (s10.r / rate-entity-91
                                                 :ARG4 (s10.u / use-01
                                                              :ARG0 s10.i
                                                              :ARG1 s10.t3))))
   :snt11 (s11.a / and
                 :op1 (s11.w / wipe-off-03
                             :ARG0 (s11.y / you)
                             :ARG1 (s11.i / it)
                             :mode "imperative")
                 :op2 (s11.t / throw-01
                             :ARG0 s11.y
                             :ARG1 s11.i
                             :ARG2 (s11.a2 / away)
                             :mode "imperative"))
   :snt12 (s12.h / have-03
                 :ARG0 (s12.i / i
                              :same-as s1.t)
                 :ARG1 (s12.e2 / energy
                               :quant (s12.l / lot
                                             :mod (s12.w2 / whole))
                               :ARG2-of (s12.e / embody-01))
                 :condition (s12.c / compare-01
                                   :ARG0 s12.i
                                   :ARG1 (s12.t / that
                                                :same-as s11.i)
                                   :ARG2 (s12.t2 / towel
                                                 :ARG1-of (s12.u2 / use-01
                                                                  :ARG0 s12.i
                                                                  :ARG1-of (s12.p / possible-01)
                                                                  :frequency "1000")
                                                 :consist-of (s12.c2 / cotton)
                                                 :mod (s12.y / yogurty
                                                             :same-as s12.u2)))
                 :time (s12.n / now)
                 :time (s12.u / until
                              :op1 (s12.w / wash-01
                                          :ARG0 s12.i
                                          :ARG1 s12.t2))
                 :polarity "-")
   :snt13 (s13.o / operate-01
                 :ARG1 (s13.e / energy
                              :mod (s13.t / this
                                          :same-as s12.e2))
                 :time (s13.n / now))
   :snt14 (s14.c / cause-01
                 :ARG1 (s14.p / put-01
                              :ARG0 (s14.i / i
                                           :same-as s1.t)
                              :ARG1 (s14.a / and
                                           :op1 (s14.e / energy)
                                           :op2 (s14.w2 / water))
                              :ARG2 (s14.t2 / towel
                                            :poss s14.i)
                              :condition (s14.t / throw-01
                                                :ARG0 s14.i
                                                :ARG1 s14.t2
                                                :ARG2 (s14.m / machine
                                                             :ARG0-of (s14.w / wash-01)))
                              :direction (s14.b / back)
                              :time (s14.n / now)))
   :snt15 (s15.h / have-condition-91
                 :ARG2 (s15.a / and
                              :op1 (s15.u / use-01
                                          :ARG0 (s15.i / i
                                                       :same-as s1.t)
                                          :ARG1 (s15.m / machine
                                                       :ARG0-of (s15.w / wash-01)
                                                       :ARG1-of (s15.e / efficient-01
                                                                       :ARG1-of (s15.h3 / high-02))
                                                       :ARG1-of (s15.l2 / load-01
                                                                        :mod (s15.f / front))))
                              :op2 (s15.l3 / look-02
                                           :ARG0 (s15.i2 / it
                                                         :same-as s14.t2)
                                           :ARG1-of (s15.h2 / have-degree-91
                                                            :ARG2 (s15.g / good-02)
                                                            :ARG3 (s15.m2 / more
                                                                          :quant (s15.b / bit
                                                                                        :mod (s15.l / little))))
                                           :time (s15.t / then))))
   :snt16 (s16.c2 / contrast-01
                  :ARG2 (s16.a / amr-unknown
                               :topic (s16.t2 / towel
                                              :ARG1-of (s16.r / recycle-01)
                                              :ARG1-of (s16.c / come-01
                                                              :manner (s16.s / sheet
                                                                             :mod (s16.h / half)
                                                                             :mod (s16.l / little)
                                                                             :mod (s16.t / that)))
                                              :consist-of (s16.p / paper))))
   :snt17 (s17.l / look-02
                 :ARG0 (s17.t / towel
                              :consist-of (s17.p / paper))
                 :ARG1-of (s17.h / have-degree-91
                                 :ARG2 (s17.g / good-02)
                                 :ARG3 (s17.m / more))
                 :mod (s17.w / well)
                 :time (s17.n / now))
   :snt18 (s18.s / screw-02
                 :ARG1 (s18.p2 / please
                               :mod (s18.p / paper)))
   :snt19 (s19.g / go-02
                 :ARG0 (s19.w / we)
                 :ARG4 (s19.s / sponge)
                 :mode "imperative")
   :snt20 (s20.a / and
                 :op1 (s20.w3 / wipe-01
                              :ARG0 (s20.i / i
                                           :same-as s1.t)
                              :ARG1 (s20.i2 / it
                                            :same-as s14.t2)
                              :instrument (s20.s / sponge))
                 :op2 (s20.p / put-01
                             :ARG0 s20.i
                             :ARG1 s20.i2
                             :ARG2 (s20.u / under
                                          :op1 (s20.w / water
                                                      :ARG1-of (s20.r / run-01))))
                 :op3 (s20.h / have-03
                             :ARG0 s20.i
                             :ARG1 (s20.a2 / and
                                           :op1 (s20.e / energy
                                                       :ARG1-of (s20.h2 / have-quant-91
                                                                        :ARG3 (s20.l / less
                                                                                     :quant (s20.l2 / lot))))
                                           :op2 (s20.w2 / water
                                                        :ARG1-of (s20.h3 / have-quant-91
                                                                         :ARG3 (s20.m / more
                                                                                      :quant (s20.l3 / lot)))))))
   :snt21 (s21.h2 / have-condition-91
                  :ARG1 (s21.a2 / and
                                :op1 (s21.a / and
                                            :op1 (s21.r / resemble-01
                                                        :ARG1 (s21.y / you)
                                                        :ARG2 (s21.i / i
                                                                     :same-as s1.t))
                                            :op2 (s21.l / leave-14
                                                        :ARG0 s21.y
                                                        :ARG1 (s21.p / position-01
                                                                     :ARG1 (s21.h / handle)
                                                                     :ARG2 (s21.h3 / hot-05
                                                                                   :ARG1 s21.h))
                                                        :concession (s21.e2 / even-when
                                                                            :op1 (s21.t2 / turn-on-13
                                                                                         :ARG0 s21.y
                                                                                         :ARG1 s21.h))))
                                :op2 (s21.s / start-01
                                            :ARG0 s21.y
                                            :ARG1 (s21.u / use-01
                                                         :ARG0 s21.y
                                                         :ARG1 (s21.e / energy
                                                                      :mod (s21.m / more)))
                                            :time (s21.t / then)))
                  :ARG2 s21.a
                  :polarity "-")
   :snt22 (s22.o / or
                 :op2 (s22.l / let-01
                             :ARG0 (s22.y / you)
                             :ARG1 (s22.r2 / run-01
                                           :purpose (s22.r / rinse-01
                                                           :ARG0 s22.y
                                                           :ARG2 (s22.t / towel
                                                                        :poss s22.y))
                                           :ARG0 s22.y
                                           :ARG1 (s22.i / it
                                                        :same-as s21.h)
                                           :time (s22.u / until
                                                        :op1 (s22.w / warm-07
                                                                    :ARG1 s22.i)))
                             :ARG1-of (s22.h / have-degree-91
                                             :ARG2 (s22.b / bad-07
                                                          :ARG1 s22.l)
                                             :ARG3 (s22.m / more))))
   :snt23 (s23.a3 / and
                  :op2 (s23.a2 / all
                               :domain (s23.b / bet-01
                                              :mod (s23.a / all)
                                              :mod (s23.o / off))
                               :time (s23.n / now)))
   :snt24 (s24.s / say-01
                 :ARG0 (s24.t4 / this)
                 :ARG1 (s24.a / affect-01
                              :ARG0 (s24.t2 / thing
                                            :ARG1-of (s24.e / expect-01
                                                            :ARG0 (s24.y / you)
                                                            :ARG2-of (s24.h2 / have-degree-91
                                                                             :ARG1 s24.t2
                                                                             :ARG3 (s24.l / least)))
                                            :ARG2-of (s24.p / position-01
                                                            :ARG2-of (s24.p2 / put-01
                                                                             :ARG0 s24.y
                                                                             :ARG1 (s24.h / handle))))
                              :ARG1-of (s24.h3 / have-degree-91
                                               :ARG2 (s24.b / big)
                                               :ARG3 (s24.m / more)
                                               :ARG4 (s24.t3 / thing
                                                             :ARG1-of (s24.o / optimize-01
                                                                             :ARG0 s24.y
                                                                             :ARG1-of (s24.t5 / try-01
                                                                                              :ARG0 s24.y))
                                                             :mod (s24.o2 / other)
                                                             :mod (s24.t / that)
                                                             :mod (s24.a2 / any)))
                              :frequency (s24.s2 / sometimes)))
   :snt25 (s25.i2 / imagine-01
                  :ARG0 (s25.y / you)
                  :ARG1 (s25.t / try-01
                               :ARG0 (s25.s / someone
                                            :ARG1-of (s25.h / have-degree-91
                                                            :ARG2 (s25.t2 / twisted-02
                                                                          :ARG1 s25.s)
                                                            :ARG3 (s25.e / equal)
                                                            :ARG4 (s25.i / i
                                                                         :same-as s1.t)))
                               :ARG1 (s25.b / build-01
                                            :ARG0 s25.s
                                            :ARG1 (s25.h2 / house)))
                  :time (s25.n / now)
                  :mode "imperative")
   :snt26 (s26.d / do-02
                 :ARG0 (s26.a / and
                              :op1 (s26.p / person
                                          :ARG0-of (s26.h / have-rel-role-91
                                                          :ARG1 (s26.i / i
                                                                       :same-as s1.t)
                                                          :ARG2 (s26.h2 / husband)))
                              :op2 s26.i)
                 :ARG1 (s26.t / that)
                 :time (s26.n / now
                              :mod (s26.r / right)))
   :snt27 (s27.a2 / and
                  :mod (s27.s / so)
                  :op2 (s27.w / want-01
                              :ARG0 (s27.w2 / we)
                              :ARG1 (s27.k / know-01
                                           :ARG0 s27.w2
                                           :ARG1 (s27.g / green-03
                                                        :ARG1 s27.w2
                                                        :ARG1-of (s27.p / possible-01)
                                                        :degree (s27.a / amr-unknown)))))
   :snt28 (s28.a2 / and
                  :op2 (s28.a3 / article
                               :ARG0-of (s28.t / tell-01
                                               :ARG1 (s28.t2 / thing
                                                             :manner-of (s28.m / make-02
                                                                               :ARG0 (s28.w / we)
                                                                               :ARG1 (s28.t4 / trade-01
                                                                                             :ARG1-of (s28.g / green-03)
                                                                                             :mod (s28.t3 / this)
                                                                                             :mod (s28.a / all))))
                                               :ARG2 s28.w)
                               :location (s28.o / out-there)
                               :quant "1000"))
   :snt29 (s29.a / and
                 :op2 (s29.h / have-degree-91
                             :ARG1 (s29.t2 / they)
                             :ARG2 (s29.s / suspect-01
                                          :ARG2 s29.t2)
                             :ARG3 (s29.e3 / equal
                                           :mod (s29.j / just)))
                 :rel (s29.t / tell-01
                             :ARG0 s29.t2
                             :ARG1 (s29.o / optimize-01
                                          :ARG0 (s29.w / we)
                                          :ARG1 (s29.t3 / thing
                                                        :location (s29.a3 / around
                                                                          :op1 (s29.e / edge))
                                                        :mod (s29.l / little)
                                                        :mod (s29.t4 / this))
                                          :ARG1-of (s29.m / mean-01
                                                          :ARG2 (s29.a2 / and
                                                                        :op1 s29.o
                                                                        :op2 (s29.m2 / miss-02
                                                                                     :ARG0 s29.t2
                                                                                     :ARG1 (s29.e2 / elephant
                                                                                                   :location (s29.r / room
                                                                                                                    :mod (s29.l2 / living)))))))
                             :ARG2 s29.w))
   :snt30 (s30.w / want-01
                 :ARG0 (s30.w2 / we
                               :same-as s27.w2)
                 :ARG1 (s30.k / know-01
                              :ARG0 s30.w2
                              :ARG1 (s30.t / thing
                                           :quant-of (s30.t2 / thing
                                                             :ARG1-of (s30.h / have-degree-91
                                                                             :ARG2 (s30.g / good-02)
                                                                             :ARG3 (s30.m / more))
                                                             :ARG1-of (s30.d / do-02
                                                                             :ARG0 s30.w2
                                                                             :ARG1-of (s30.p / possible-01))))))
   :snt31 (s31.a / and
                 :mod (s31.s2 / so)
                 :op1 (s31.s3 / start-01
                              :ARG0 (s31.w / we
                                           :same-as s27.w2)
                              :ARG1 (s31.h / house
                                           :location (s31.l / lot))
                              :ARG1-of (s31.r / resemble-01
                                              :ARG2 (s31.p / person
                                                           :quant (s31.m / many))))
                 :op2 (s31.s / show-01
                             :ARG0 (s31.i / i
                                          :same-as s1.t)
                             :ARG1 (s31.a2 / and
                                           :op1 (s31.t / thing
                                                       :ARG1-of (s31.t4 / typical-02)
                                                       :ARG1-of (s31.c / construct-01)
                                                       :location (s31.t3 / top))
                                           :op2 (s31.t2 / thing
                                                        :ARG1-of (s31.d / do-02
                                                                        :ARG0 s31.w
                                                                        :location (s31.b / bottom))))
                             :ARG2 (s31.y / you)))
   :snt32 (s32.d / demolish-01
                 :ARG0 (s32.w / we
                              :same-as s27.w2)
                 :ARG1 (s32.i / it
                              :same-as s31.h)
                 :ord (s32.o / ordinal-entity
                             :value "1"))
   :snt33 (s33.c / contrast-01
                 :ARG1 (s33.t / take-10
                              :ARG0 (s33.i / it
                                           :same-as s32.d)
                              :ARG1 (s33.e / energy
                                           :quant (s33.s / some)))
                 :ARG2 (s33.p / possible-01
                              :ARG1 (s33.g / get-back-09
                                           :ARG0 (s33.y / you)
                                           :ARG1 (s33.e2 / energy
                                                         :quant (s33.s2 / some)
                                                         :mod (s33.t2 / that
                                                                      :same-as s33.e)))
                              :condition (s33.a2 / and
                                                 :op1 (s33.d / dismantle-01
                                                             :ARG1 (s33.i2 / it
                                                                           :mod (s33.a / all
                                                                                       :same-as s31.h)
                                                                           :same-as s31.h))
                                                 :op2 (s33.u / use-01
                                                             :ARG0 s33.y
                                                             :ARG1 (s33.b / bit)))))
   :snt34 (s34.d2 / dig-01
                  :purpose (s34.p / put-01
                                  :purpose (s34.t / take-01
                                                  :ARG0 (s34.t2 / tank
                                                                :ARG2-of (s34.c / catch-03
                                                                                :ARG1 (s34.r / rainwater)))
                                                  :ARG1 (s34.w / water
                                                               :ARG0-of (s34.d / depend-01
                                                                               :polarity "-")
                                                               :location (s34.y / yard
                                                                                :poss (s34.w2 / we
                                                                                              :same-as s27.w2))))
                                  :ARG0 s34.w2
                                  :ARG2 s34.t2)
                  :ARG0 s34.w2
                  :ARG1 (s34.h / hole
                               :mod (s34.b / big))
                  :time (s34.t3 / then))
   :snt35 (s35.a / and
                 :op2 (s35.p2 / pour-01
                              :ARG0 (s35.w / we
                                           :same-as s27.w2)
                              :ARG1 (s35.f / found-01
                                           :ARG1 (s35.s / sun
                                                        :mod (s35.p / passive))
                                           :mod (s35.b / big))
                              :time (s35.t / then)))
   :snt36 (s36.p2 / possible-01
                  :ARG1 (s36.r / reduce-01
                               :ARG0 (s36.y / you)
                               :ARG1 (s36.e2 / energy
                                             :ARG1-of (s36.e / embody-01))
                               :ARG2 (s36.a / about
                                            :op1 (s36.p / percentage-entity
                                                        :value "25"))
                               :manner (s36.u / use-01
                                              :ARG0 s36.y
                                              :ARG1 (s36.c / concrete
                                                           :consist-of (s36.a2 / ash
                                                                               :ARG1-of (s36.h / high-02)
                                                                               :consist-of (s36.f / fly-01)))))
                  :time (s36.n / now))
   :snt37 (s37.p / put-in-05
                 :ARG0 (s37.w / we
                              :same-as s27.w2)
                 :ARG1 (s37.f / frame-01
                              :ARG0 s37.w)
                 :time (s37.t / then))
   :snt38 (s38.a / and
                 :op1 (s38.f / frame-01
                             :ARG2 (s38.a2 / and
                                           :op1 (s38.l / lumber)
                                           :op2 (s38.m / material
                                                       :mod (s38.c2 / composite)))
                             :mod (s38.t2 / this))
                 :op2 (s38.h / hard-02
                             :ARG1 (s38.g / get-01
                                          :ARG1 (s38.e2 / energy
                                                        :ARG1-of (s38.e / embody-01))
                                          :ARG2 (s38.t / that
                                                       :same-as s38.a2))
                             :concession-of (s38.p / possible-01
                                                   :ARG1 (s38.r / resource
                                                                :ARG1-of (s38.s / sustain-01
                                                                                :ARG1-of (s38.p2 / possible-01))
                                                                :domain (s38.i / it
                                                                               :same-as s38.a2))
                                                   :condition (s38.u / use-01
                                                                     :ARG0 (s38.y / you)
                                                                     :ARG1 (s38.l2 / lumber
                                                                                   :ARG1-of (s38.c / certify-01
                                                                                                   :ARG2 (s38.g2 / government-organization
                                                                                                                 :name (s38.n / name
                                                                                                                              :op1 "FSC"))))))
                             :degree (s38.k / kind-of)))
   :snt39 (s39.g / go-on-25
                 :ARG0 (s39.w / we
                              :same-as s27.w2)
                 :ARG1 (s39.t2 / thing
                               :ARG0-of (s39.s / surprise-01
                                               :degree (s39.v / very))
                               :ord (s39.o / ordinal-entity
                                           :value "1"))
                 :time (s39.t / then))
   :snt40 (s40.d / double-01
                 :ARG0 (s40.w / we
                              :same-as s27.w2)
                 :ARG1 (s40.u / use-01
                              :ARG0 (s40.h / house
                                           :mod (s40.t / this
                                                       :same-as s25.h2)
                                           :mod (s40.r / right))
                              :ARG1 (s40.e / energy))
                 :condition (s40.p / put-01
                                   :ARG0 s40.w
                                   :ARG1 (s40.w2 / window
                                                 :consist-of (s40.a / aluminum))
                                   :ARG2 s40.h))
   :snt41 (s41.c2 / contrast-01
                  :ARG1 (s41.h / have-degree-91
                               :ARG1 (s41.f / film
                                            :name (s41.n / name
                                                         :op1 "PVC"))
                               :ARG2 (s41.g / good-02
                                            :ARG1 s41.f
                                            :mod (s41.b / bit
                                                        :mod (s41.l / little)))
                               :ARG3 (s41.m / more))
                  :ARG2 (s41.h2 / have-degree-91
                                :ARG1 s41.f
                                :ARG2 (s41.g2 / good-02
                                              :ARG1 s41.f)
                                :ARG3 (s41.e / equal
                                             :polarity "-")
                                :ARG4 (s41.w2 / wood
                                              :ARG1-of (s41.c / choose-01
                                                              :ARG0 (s41.w / we
                                                                           :same-as s27.w2)))
                                :mod (s41.s / still))
                  :time (s41.n2 / now))
   :snt42 (s42.a3 / and
                  :op1 (s42.p2 / put-01
                               :ARG0 (s42.w / we
                                            :same-as s27.w2)
                               :ARG1 (s42.p / plumb-04))
                  :op2 (s42.p3 / put-01
                               :ARG0 s42.w
                               :ARG1 (s42.t2 / thing
                                             :mod (s42.e / electricity)
                                             :mod (s42.a / air-conditioning)))
                  :op3 (s42.i / insulate-01
                              :ARG0 s42.w)
                  :time (s42.t / then
                               :ARG1 (s42.a2 / and
                                             :op1 s42.p2
                                             :op2 s42.p3
                                             :op3 s42.t2)))
   :snt43 (s43.c2 / contrast-01
                  :ARG1 (s43.i / insulate-01
                               :ARG0 (s43.f2 / foam
                                             :ARG1-of (s43.s / spray-01)
                                             :ARG2-of (s43.f / fill-01
                                                             :ARG1 (s43.c3 / crack
                                                                           :mod (s43.a / all))))
                               :ARG1-of (s43.e4 / excellent-02))
                  :ARG2 (s43.a3 / and
                                :op1 (s43.e2 / energy
                                             :ARG1-of (s43.e / embody-01)
                                             :ARG1-of (s43.h2 / high-02
                                                              :degree (s43.p / pretty))
                                             :domain s43.f2)
                                :op2 (s43.a2 / alternative
                                             :domain (s43.s2 / spray-01
                                                             :ARG2 (s43.o / or
                                                                          :op1 (s43.c / cellulose)
                                                                          :op2 (s43.j / jeans
                                                                                      :mod (s43.b / blue))))
                                             :mod (s43.e3 / energy
                                                          :ARG1-of (s43.h / have-degree-91
                                                                          :ARG2 (s43.l / low-04
                                                                                       :ARG1 s43.e3)
                                                                          :ARG3 (s43.m / more
                                                                                       :quant (s43.m2 / much))))
                                             :prep-to (s43.t / that
                                                             :same-as s43.s)))
                  :time (s43.n / now))
   :snt44 (s44.u / use-01
                 :ARG0 (s44.w / we
                              :same-as s27.w2)
                 :ARG1 (s44.i / infill
                              :ARG0-of (s44.h / have-03
                                              :ARG1 (s44.e2 / energy
                                                            :ARG2-of (s44.e / embody-01))
                                              :polarity "-")
                              :consist-of (s44.b / bale
                                                 :consist-of (s44.s / straw)))
                 :ARG2 (s44.l / library
                              :poss s44.w)
                 :mod (s44.a / also))
   :snt45 (s45.i / include-91
                 :ARG1 (s45.e2 / energy
                               :ARG1-of (s45.e / embody-01
                                               :ARG2 (s45.s / sheetrock
                                                            :ARG1-of (s45.s3 / standard-02))
                                               :ARG2 (s45.s2 / sheetrock)))
                 :ARG3 (s45.a / about
                              :op1 "1/4")
                 :condition (s45.u / use-01
                                   :ARG0 (s45.y / you)
                                   :ARG1 (s45.p / product
                                                :name (s45.n / name
                                                             :op1 "EcoRock")))
                 :time (s45.c / come-12))
   :snt46 (s46.a3 / and
                  :op1 (s46.g / get-05
                              :ARG1 (s46.y / you)
                              :ARG2 (s46.f / finish-01
                                           :mod (s46.s2 / subject
                                                        :topic-of (s46.a4 / article
                                                                          :mod (s46.a / all)
                                                                          :topic (s46.g2 / go-06
                                                                                         :ARG1 (s46.g3 / green-03)))))
                              :time (s46.t / then))
                  :op2 (s46.m / make-02
                              :ARG0 (s46.t2 / they)
                              :ARG1 (s46.d / differ-02)
                              :condition (s46.s / scale
                                                :poss (s46.h / house))
                              :mod (s46.a2 / almost)
                              :mod (s46.a5 / at-all)
                              :polarity "-"))
   :snt47 (s47.a2 / and
                  :op2 (s47.f / focus-01
                              :ARG0 (s47.p / press
                                           :mod (s47.a / all))
                              :ARG1-of (s47.h / have-concession-91)
                              :ARG2 (s47.t / that)))
   :snt48 (s48.e / except-01
                 :ARG1 (s48.f / floor))
   :snt49 (s49.i / include-91
                 :ARG1 (s49.a / about
                              :op1 (s49.p / percentage-entity
                                          :value "10"))
                 :ARG2 (s49.e3 / energy
                               :ARG1-of (s49.e / embody-01)
                               :condition (s49.u / use-01
                                                 :ARG0 (s49.y / you)
                                                 :ARG1 (s49.o / or
                                                              :op1 (s49.c2 / concrete)
                                                              :op2 (s49.w / wood))
                                                 :polarity "-"))
                 :ARG2 (s49.e4 / energy
                               :ARG1-of (s49.e2 / embody-01)
                               :ARG1-of (s49.h / have-degree-91
                                               :ARG2 (s49.l / low-04)
                                               :ARG3 (s49.m / more
                                                            :quant (s49.m2 / much)))
                               :poss (s49.h2 / house
                                             :mod (s49.e5 / entire)
                                             :poss s49.y))
                 :condition (s49.p2 / put-01
                                    :ARG0 s49.y
                                    :ARG1 (s49.c / carpeting)
                                    :ARG2 s49.h2))
   :snt50 (s50.c / cause-01
                 :ARG1 (s50.a4 / and
                               :op1 (s50.a / add-02
                                           :ARG0 (s50.w / we
                                                        :same-as s27.w2)
                                           :ARG1 (s50.e2 / energy
                                                         :mod (s50.c2 / construct-01
                                                                      :mod (s50.f / final)))
                                           :time (s50.n / now))
                               :op2 (s50.a2 / add-up-04
                                            :ARG1 s50.e2
                                            :ARG2 (s50.i2 / it
                                                          :mod (s50.a3 / all)))
                               :op3 (s50.b / build-01
                                           :ARG0 s50.w
                                           :ARG1 (s50.h2 / house)
                                           :ARG3 (s50.l / less-than
                                                        :ARG1-of (s50.i / include-91
                                                                        :ARG2 (s50.e3 / energy
                                                                                      :purpose (s50.b2 / build-01
                                                                                                       :ARG1 (s50.h3 / house
                                                                                                                     :ARG1-of (s50.r / resemble-01
                                                                                                                                     :ARG2 (s50.t / this
                                                                                                                                                  :same-as s25.h2))))
                                                                                      :ARG1-of (s50.e / embody-01)
                                                                                      :ARG1-of (s50.t2 / typical-02)))
                                                        :op1 (s50.h / half)))))
   :snt51 (s51.c2 / contrast-01
                  :ARG2 (s51.p2 / pour-01
                                :ARG0 (s51.w / we
                                             :part (s51.b / back
                                                          :ARG1-of (s51.h / have-quant-91
                                                                          :ARG2 (s51.m2 / much)
                                                                          :ARG3 (s51.t2 / too)))
                                             :same-as s27.w2)
                                :ARG1 (s51.e / energy
                                             :mod (s51.p3 / power-quantity
                                                          :unit (s51.m / megawatt)
                                                          :unit (s51.h2 / hour)
                                                          :quant "151"))
                                :ARG2 (s51.c / construct-01
                                             :ARG0 s51.w
                                             :ARG1 (s51.h3 / house
                                                           :mod (s51.t / this)
                                                           :same-as s25.h2)
                                             :time (s51.b2 / be-located-at-91
                                                           :ARG1 (s51.h4 / house)
                                                           :time (s51.b4 / before)))
                                :time (s51.b3 / before
                                              :op1 (s51.p / pat-01
                                                          :ARG0 s51.w
                                                          :ARG1 s51.b))))
   :snt52 (s52.a2 / and
                  :op2 (s52.q / question-01
                              :ARG1 (s52.p / possible-01
                                           :ARG1 (s52.m / make-01
                                                        :ARG0 (s52.w / we
                                                                     :same-as s27.w2)
                                                        :ARG1 (s52.t / that
                                                                     :same-as s51.e)
                                                        :manner (s52.a / amr-unknown)
                                                        :mod (s52.b / back)))))
   :snt53 (s53.a3 / and
                  :op2 (s53.c / cause-01
                              :ARG1 (s53.h / have-condition-91
                                           :ARG1 (s53.m / make-it-14
                                                        :ARG0 (s53.w / we
                                                                     :same-as s27.w2)
                                                        :ARG1 (s53.b / back)
                                                        :time (s53.a2 / after
                                                                      :quant (s53.a / about
                                                                                    :op1 (s53.t / temporal-quantity
                                                                                                :unit (s53.y / year)
                                                                                                :quant "6"))
                                                                      :op1 (s53.n2 / now)))
                                           :ARG2 (s53.r / run-04
                                                        :ARG0 (s53.i / i
                                                                     :same-as s1.t)
                                                        :ARG1 (s53.h2 / house
                                                                      :ARG1-of (s53.n / new-01
                                                                                      :same-as s25.h2)
                                                                      :ARG1-of (s53.c2 / compare-01
                                                                                       :ARG2 (s53.h3 / house
                                                                                                     :ARG2-of (s53.e2 / efficient-01
                                                                                                                      :ARG1 (s53.e4 / energy)
                                                                                                                      :polarity "-")
                                                                                                     :mod (s53.o / old)))
                                                                      :ARG2-of (s53.e / efficient-01
                                                                                      :ARG1 (s53.e3 / energy))
                                                                      :poss s53.i)
                                                        :direction (s53.f / forward)))))
   :snt54 (s54.a2 / and
                  :op1 (s54.u / upgrade-02
                              :purpose (s54.e / efficient-01
                                              :ARG1 (s54.h2 / house
                                                            :mod (s54.o / old)
                                                            :same-as s53.h3)
                                              :ARG2 (s54.e2 / energy)
                                              :ARG2-of (s54.h / have-degree-91
                                                              :ARG1 s54.h2
                                                              :ARG3 (s54.m / more)))
                              :ARG0 (s54.i / i
                                           :same-as s1.t)
                              :ARG1 s54.h2
                              :mod (s54.p / probable)
                              :time (s54.n / now))
                  :op2 (s54.c / cause-01
                              :ARG0 s54.u
                              :ARG1 (s54.t / take-10
                                           :ARG0 (s54.b / break-even-09
                                                        :ARG1 s54.i)
                                           :ARG1 (s54.a / about
                                                        :op1 (s54.t2 / temporal-quantity
                                                                     :unit (s54.y / year)
                                                                     :quant "20"))
                                           :ARG2 s54.i)))
   :snt55 (s55.t / take-10
                 :ARG0 (s55.b / break-even-09
                              :ARG1 (s55.w / we
                                           :same-as s27.w2))
                 :ARG1 (s55.o / over
                              :op1 (s55.t2 / temporal-quantity
                                           :unit (s55.y / year)
                                           :quant "50"))
                 :ARG1-of (s55.c / compare-01
                                 :ARG2 (s55.h / house
                                              :ARG1-of (s55.u / upgrade-02)
                                              :same-as s25.h2))
                 :ARG2 s55.w
                 :condition (s55.a / attend-02
                                   :ARG0 (s55.i / i
                                                :same-as s1.t)
                                   :ARG1 (s55.e2 / energy
                                                 :ARG1-of (s55.e / embody-01))
                                   :polarity "-")
                 :time (s55.n / now))
   :snt56 (s56.m / mean-01
                 :ARG1 (s56.t / this)
                 :ARG2 (s56.a / amr-unknown))
   :snt57 (s57.a3 / and
                  :domain (s57.s / scale
                                 :poss (s57.p / portion
                                              :part-of (s57.h3 / house
                                                               :same-as s25.h2)
                                              :poss (s57.i / i
                                                           :same-as s1.t)))
                  :op1 (s57.e3 / equal-01
                               :ARG1 (s57.t2 / this)
                               :ARG2 (s57.h / have-quant-91
                                            :ARG1 s57.t2
                                            :ARG3 (s57.e2 / equal)
                                            :ARG4 (s57.d / drive-01
                                                         :ARG0 s57.i
                                                         :duration (s57.t / temporal-quantity
                                                                          :unit (s57.y / year)
                                                                          :quant "1"))))
                  :op2 (s57.h2 / have-quant-91
                               :ARG1 s57.t2
                               :ARG2 s57.e3
                               :ARG3 (s57.t3 / times
                                             :quant (s57.a / about
                                                           :op1 "5"))
                               :ARG4 (s57.m / much)
                               :ARG4 (s57.m2 / much
                                             :condition (s57.g / go-08
                                                               :ARG1 s57.i
                                                               :ARG2 (s57.v / vegetarian
                                                                            :degree (s57.e / entire)))))
                  :rel (s57.a2 / about))
   :snt58 (s58.c / contrast-01
                 :ARG2 (s58.f / fly-01
                              :ARG0 (s58.e / elephant
                                           :location (s58.r / room
                                                            :mod (s58.l / living))
                                           :poss (s58.i / i
                                                        :same-as s1.t))))
   :snt59 (s59.n2 / need-01
                  :ARG0 (s59.i / i
                               :same-as s1.t)
                  :ARG1 (s59.w / walk-01
                               :ARG0 s59.i
                               :ARG2 (s59.h / home)
                               :source (s59.e / event
                                              :name (s59.n / name
                                                           :op1 "TED")))
                  :ARG1-of (s59.c / clear-06))
   :snt60 (s60.c2 / contrast-01
                  :ARG2 (s60.t / thing
                               :ARG3-of (s60.c / calculate-01
                                               :ARG1 (s60.e2 / energy
                                                             :ARG1-of (s60.e / embody-01)))
                               :location (s60.b / blog)
                               :mod (s60.a / all)))
   :snt61 (s61.a / and
                 :op2 (s61.r / remember-01
                             :ARG0 (s61.y / you)
                             :ARG1 (s61.e / expect-01
                                          :ARG0 s61.y
                                          :ARG1 (s61.t / thing
                                                       :ARG1-of (s61.h / have-degree-91
                                                                       :ARG2 (s61.b / big)
                                                                       :ARG3 (s61.m / most))
                                                       :ARG1-of (s61.c / change-01)
                                                       :frequency (s61.s / sometimes))
                                          :polarity "-")))
   :snt62 (s62.t / thank-01
                 :ARG1 (s62.y / you)))

