# ::id doc-175
# ::doc_file doc-175
# ::tok http : / / www . ted . com / talks / jonathan_klein_photos_that_changed_the_world< / url> <next_sent> In my industry , we believe that images can change the world . <next_sent> Okay , we 're naive , we 're bright - eyed and bushy - tailed . <next_sent> The truth is that we know that the images themselves do n't change the world , but we 're also aware that , since the beginning of photography , images have provoked reactions in people , and those reactions have caused change to happen . <next_sent> So let 's begin with a group of images . <next_sent> I 'd be extremely surprised if you did n't recognize many or most of them . <next_sent> They 're best described as iconic : so iconic , perhaps , they 're cliches . <next_sent> In fact , they 're so well - known that you might even recognize them in a slightly or somewhat different form . <next_sent> But I think we 're looking for something more . <next_sent> We 're looking for something more . <next_sent> We 're looking for images that shine an uncompromising light on crucial issues , images that transcend borders , that transcend religions , images that provoke us to step up and do something -- in other words , to act . <next_sent> Well , this image you 've all seen . <next_sent> It changed our view of the physical world . <next_sent> We had never seen our planet from this perspective before . <next_sent> Many people credit a lot of the birth of the environmental movement to our seeing the planet like this for the first time -- its smallness , its fragility . <next_sent> Forty years later , this group , more than most , are well aware of the destructive power that our species can wield over our environment . <next_sent> And at last , we appear to be doing something about it . <next_sent> This destructive power takes many different forms . <next_sent> For example , these images taken by Brent Stirton in the Congo . <next_sent> These gorillas were murdered , some would even say crucified , and unsurprisingly , they sparked international outrage . <next_sent> Most recently , we 've been tragically reminded of the destructive power of nature itself with the recent earthquake in Haiti . <next_sent> Well , I think what is far worse is man 's destructive power over man . <next_sent> Samuel Pisar , an Auschwitz survivor , said , and I 'll quote him , " The Holocaust teaches us that nature , even in its cruelest moments , is benign in comparison with man , when he loses his moral compass and his reason . " <next_sent> There 's another kind of crucifixion . <next_sent> The horrifying images from Abu Ghraib as well as the images from Guantanamo had a profound impact . <next_sent> The publication of those images , as opposed to the images themselves , caused a government to change its policies . <next_sent> Some would argue that it is those images that did more to fuel the insurgency in Iraq than virtually any other single act . <next_sent> Furthermore , those images forever removed the so - called moral high ground of the occupying forces . <next_sent> Let 's go back a little . <next_sent> In the 1960 s and 1970 s , the Vietnam War was basically shown in America 's living rooms day in , day out . <next_sent> News photos brought people face to face with the victims of the war : a little girl burned by napalm , a student killed by the National Guard at Kent State University in Ohio during a protest . <next_sent> In fact , these images became the voices of protest themselves . <next_sent> Now , images have power to shed light of understanding on suspicion , ignorance , and in particular -- <next_sent> I 've given a lot of talks on this but I 'll just show one image -- <next_sent> the issue of HIV / AIDS . <next_sent> In the 1980 s , the stigmatization of people with the disease was an enormous barrier to even discussing or addressing it . <next_sent> A simple act , in 1987 , of the most famous woman in the world , the Princess of Wales , touching an HIV / AIDS infected baby did a great deal , especially in Europe , to stop that . <next_sent> She , better than most , knew the power of an image . <next_sent> So when we are confronted by a powerful image , we all have a choice : We can look away , or we can address the image . <next_sent> Thankfully , when these photos appeared in The Guardian in 1998 , they put a lot of focus and attention and , in the end , a lot of money towards the Sudan famine relief efforts . <next_sent> Did the images change the world ? <next_sent> No , but they had a major impact . <next_sent> Images often push us to question our core beliefs and our responsibilities to each other . <next_sent> We all saw those images after Katrina , and I think for millions of people they had a very strong impact . <next_sent> And I think it 's very unlikely that they were far from the minds of Americans when they went to vote in November 2008 . <next_sent> Unfortunately , some very important images are deemed too graphic or disturbing for us to see them . <next_sent> I 'll show you one photo here , and it 's a photo by Eugene Richards of an Iraq War veteran from an extraordinary piece of work , which has never been published , called War Is Personal . <next_sent> But images do n't need to be graphic in order to remind us of the tragedy of war . <next_sent> John Moore set up this photo at Arlington Cemetery . <next_sent> After all the tense moments of conflict in all the conflict zones of the world , there 's one photograph from a much quieter place that haunts me still , much more than the others . <next_sent> Ansel Adams said , and I 'm going to disagree with him , " You do n't take a photograph , you make it . " <next_sent> In my view , it 's not the photographer who makes the photo , it 's you . <next_sent> We bring to each image our own values , our own belief systems , and as a result of that , the image resonates with us . <next_sent> My company has 70 million images . <next_sent> I have one image in my office . <next_sent> Here it is . <next_sent> I hope that the next time you see an image that sparks something in you , you 'll better understand why , and I know that speaking to this audience , you 'll definitely do something about it . <next_sent> And thank you to all the photographers .
(d / document
   :snt1 (s1.u / url-entity
               :ARG1-of (s1.b / bear-02)
               :topic (s1.p / person
                            :name (s1.n / name
                                        :mod "other")))
   :snt2 (s2.b / believe-01
               :ARG0 (s2.w / we)
               :ARG1 (s2.p / possible-01
                           :ARG1 (s2.c / change-01
                                       :ARG0 (s2.i2 / image)
                                       :ARG1 (s2.w2 / world)))
               :location (s2.i3 / industry
                                :poss (s2.i / i)))
   :snt3 (s3.o / okay-04
               :ARG1 (s3.a / and
                           :op1 (s3.n / naive
                                      :domain (s3.w / we
                                                    :part (s3.e / eye
                                                                :ARG1-of (s3.b / bright-02))
                                                    :part (s3.t / tail
                                                                :mod (s3.b2 / bushy)
                                                                :op2-of s3.a)))))
   :snt4 (s4.c4 / contrast-01
                :ARG1 (s4.k / know-01
                            :ARG0 (s4.w / we)
                            :ARG1 (s4.c2 / change-01
                                         :ARG0 (s4.i / image)
                                         :ARG1 (s4.w2 / world
                                                      :same-as s2.w2)
                                         :polarity "-")
                            :ARG1-of (s4.t / true-01))
                :ARG2 (s4.r2 / realize-01
                             :ARG0 s4.w
                             :ARG1 (s4.a2 / and
                                          :op1 (s4.p3 / provoke-01
                                                      :ARG0 s4.i
                                                      :ARG1 (s4.r / react-01
                                                                  :ARG0 (s4.p / person)))
                                          :op2 (s4.c / cause-01
                                                     :ARG0 s4.r
                                                     :ARG1 (s4.c3 / change-01))
                                          :time (s4.s / since
                                                      :op1 (s4.b / begin-01
                                                                 :ARG1 (s4.p2 / photograph-01))))
                             :mod (s4.a / also)))
   :snt5 (s5.l / let-01
               :ARG1 (s5.b / begin-01
                           :ARG0 (s5.w / we)
                           :ARG1 (s5.g / group
                                       :consist-of (s5.i / image))))
   :snt6 (s6.s / surprise-01
               :ARG1 (s6.i / i
                           :same-as s2.i)
               :condition (s6.r / recognize-02
                                :ARG0 (s6.y / you)
                                :ARG1 (s6.o / or
                                            :op1 (s6.p / person
                                                       :quant (s6.m / many))
                                            :op2 (s6.p2 / person
                                                        :quant (s6.m2 / most)
                                                        :ARG1-of (s6.i2 / include-91
                                                                        :ARG2 (s6.t / they
                                                                                    :same-as s5.g))))
                                :polarity "-")
               :degree (s6.e / extreme))
   :snt7 (s7.d / describe-01
               :ARG1 (s7.t / they
                           :same-as s5.g)
               :ARG2 (s7.i / iconic
                           :ARG2-of (s7.h / have-degree-91
                                          :ARG1 s7.t
                                          :ARG1-of (s7.p / possible-01)
                                          :ARG3 (s7.s / so)
                                          :ARG6 (s7.c / cliche
                                                      :domain s7.t))))
   :snt8 (s8.h / have-degree-91
               :ARG1 (s8.t / they
                           :same-as s5.g)
               :ARG3 (s8.s2 / so
                            :ARG2 (s8.w / well))
               :ARG6 (s8.k / know-02
                           :ARG1 s8.t)
               :ARG6 (s8.p / possible-01
                           :ARG1 (s8.r / recognize-02
                                       :ARG0 (s8.y / you)
                                       :ARG1 s8.t
                                       :manner (s8.o / or
                                                     :op1 (s8.f / form
                                                                :mod (s8.s / slight))
                                                     :op2 (s8.f2 / form
                                                                 :ARG1-of (s8.d / differ-02
                                                                                :degree (s8.s3 / somewhat))))
                                       :mod (s8.e / even)))
               :mod (s8.i / in-fact))
   :snt9 (s9.c / contrast-01
               :ARG2 (s9.t / think-01
                           :ARG0 (s9.i / i
                                       :same-as s2.i)
                           :ARG1 (s9.l / look-01
                                       :ARG0 (s9.w / we)
                                       :ARG1 (s9.s / something
                                                   :mod (s9.m / more)))))
   :snt10 (s10.l / look-01
                 :ARG0 (s10.w / we
                              :same-as s9.w)
                 :ARG1 (s10.s / something
                              :mod (s10.m / more)))
   :snt11 (s11.l2 / look-01
                  :ARG0 (s11.w / we
                               :same-as s9.w)
                  :ARG1 (s11.a2 / and
                                :op1 (s11.i / image)
                                :op2 (s11.i2 / image
                                             :ARG0-of (s11.t / transcend-01
                                                             :ARG1 (s11.b / border)))
                                :op3 (s11.i3 / image
                                             :ARG0-of (s11.p / provoke-01
                                                             :ARG1 s11.w
                                                             :ARG2 (s11.a3 / and
                                                                           :op1 (s11.s3 / step-up-03
                                                                                        :ARG0 s11.w)
                                                                           :op2 (s11.d / do-02
                                                                                       :ARG0 s11.w
                                                                                       :ARG1 (s11.s2 / something
                                                                                                     :ARG1-of (s11.m / mean-01
                                                                                                                     :ARG2 (s11.a / act-02
                                                                                                                                  :ARG0 s11.w))))))))
                  :rel (s11.s / shine-01
                              :ARG0 s11.i
                              :ARG1 (s11.l / light-04
                                           :ARG0-of (s11.c / compromise-01)
                                           :ARG1 (s11.i4 / issue-02
                                                         :mod (s11.c2 / crucial))))
                  :rel (s11.r / religion))
   :snt12 (s12.s / see-01
                 :ARG0 (s12.y / you
                              :mod (s12.a / all))
                 :ARG1 (s12.i / image
                              :mod (s12.t / this))
                 :mod (s12.w / well))
   :snt13 (s13.c / change-01
                 :ARG0 (s13.i / it
                              :same-as s12.i)
                 :ARG1 (s13.v / view-02
                              :ARG0 (s13.w / we)
                              :ARG1 (s13.w2 / world
                                            :mod (s13.p / physical))))
   :snt14 (s14.s / see-01
                 :ARG0 (s14.w / we)
                 :ARG1 (s14.p2 / planet
                               :poss s14.w)
                 :source (s14.p / perspective
                                :mod (s14.t / this))
                 :time (s14.e / ever)
                 :time (s14.b / before)
                 :polarity "-")
   :snt15 (s15.c / credit-01
                 :ARG0 (s15.p / person
                              :quant (s15.m / many))
                 :ARG1 (s15.b / bear-02
                              :quant (s15.l / lot)
                              :ARG1 (s15.m2 / movement-07
                                            :ARG1 (s15.e / environment)))
                 :ARG2 (s15.s / see-01
                              :ARG0 (s15.w / we)
                              :ARG1 (s15.p2 / planet
                                            :ARG1-of (s15.r / resemble-01
                                                            :ARG2 (s15.t / this))
                                            :example (s15.a / and
                                                            :op1 (s15.s2 / small
                                                                         :domain s15.p2)
                                                            :op2 (s15.s3 / sound
                                                                         :domain s15.p2
                                                                         :polarity "-")))
                              :ord (s15.o / ordinal-entity
                                          :value "1")))
   :snt16 (s16.r / realize-01
                 :ARG0 (s16.g / group
                              :ARG1-of (s16.h / have-quant-91
                                              :ARG3 (s16.m / more)
                                              :ARG4 (s16.g2 / group
                                                            :mod (s16.m2 / most)))
                              :mod (s16.t2 / this
                                           :same-as s15.w))
                 :ARG1 (s16.p2 / power
                               :ARG0-of (s16.d / destroy-01)
                               :ARG1-of (s16.w3 / wield-01
                                                :ARG0 (s16.s / species
                                                             :poss (s16.w / we))
                                                :ARG1-of (s16.p / possible-01)
                                                :ARG2 (s16.e / environment
                                                             :poss s16.w)))
                 :degree (s16.w2 / well)
                 :time (s16.a / after
                              :quant (s16.t / temporal-quantity
                                            :unit (s16.y / year)
                                            :quant "40")))
   :snt17 (s17.a / and
                 :op2 (s17.a2 / appear-02
                              :ARG1 (s17.d / do-02
                                           :ARG0 (s17.w / we)
                                           :ARG1 (s17.s / something)
                                           :ARG2 (s17.i / it
                                                        :same-as s16.p2))
                              :time (s17.a3 / at-last)))
   :snt18 (s18.f / form
                 :quant (s18.m / many)
                 :ARG1-of (s18.d2 / differ-02)
                 :domain (s18.p / power
                                :ARG0-of (s18.d / destroy-01)
                                :mod (s18.t / this)
                                :same-as s16.p2))
   :snt19 (s19.e / exemplify-01
                 :ARG0 (s19.i / image
                              :ARG1-of (s19.t / take-01
                                              :ARG0 (s19.p / person
                                                           :name (s19.n / name
                                                                        :op1 "Brent"
                                                                        :op2 "Stirton"))
                                              :location (s19.c / country
                                                               :name (s19.n2 / name
                                                                             :op1 "Congo")))
                              :mod (s19.t2 / this)))
   :snt20 (s20.a / and
                 :op1 (s20.m3 / murder-01
                              :ARG1 (s20.m2 / monkey
                                            :mod (s20.t / this)))
                 :op2 (s20.s / say-01
                             :ARG0 (s20.p / person
                                          :quant (s20.s2 / some))
                             :ARG1 (s20.m / martyr-01
                                          :ARG1 s20.m2)
                             :mod (s20.e / even))
                 :op3 (s20.s3 / spark-01
                              :ARG0 s20.m2
                              :ARG1 (s20.o / outrage-01
                                           :mod (s20.i / international))
                              :ARG1-of (s20.e2 / expect-01
                                               :polarity "-")))
   :snt21 (s21.r3 / remind-01
                  :ARG1 (s21.p / power
                               :ARG0-of (s21.d / destroy-01)
                               :ARG1-of (s21.c / cause-01
                                               :ARG0 (s21.e / earthquake
                                                            :location (s21.c2 / country
                                                                              :name (s21.n / name
                                                                                           :op1 "Haiti"))
                                                            :time (s21.r2 / recent)))
                               :poss (s21.n2 / nature))
                  :ARG1-of (s21.h / have-degree-91
                                  :ARG2 (s21.r / recent)
                                  :ARG3 (s21.m / most))
                  :ARG2 (s21.w / we)
                  :manner (s21.t / tragic))
   :snt22 (s22.t / think-01
                 :ARG0 (s22.i / i
                              :same-as s2.i)
                 :ARG1 (s22.h / have-degree-91
                              :ARG1 (s22.p / power
                                           :instrument-of (s22.d / destroy-01)
                                           :poss (s22.m / man))
                              :ARG2 (s22.b / bad-07
                                           :ARG1 s22.p)
                              :ARG3 (s22.m2 / more
                                            :quant (s22.f / far)))
                 :mod (s22.w / well
                             :mode "expressive"))
   :snt23 (s23.a / and
                 :op1 (s23.s / say-01
                             :ARG0 (s23.p / person
                                          :name (s23.n / name
                                                       :op1 "Samuel"
                                                       :op2 "Pisar")
                                          :ARG0-of (s23.s2 / survive-01
                                                           :ARG1 (s23.f / facility
                                                                        :name (s23.n2 / name
                                                                                      :op1 "Auschwitz"))))
                             :ARG2 (s23.t / teach-01
                                          :ARG0 (s23.e2 / event
                                                        :name (s23.n3 / name
                                                                      :op1 "Holocaust"))
                                          :ARG1 (s23.b2 / benign
                                                        :ARG1-of (s23.c / compare-01
                                                                        :ARG2 (s23.m / man))
                                                        :concession (s23.m2 / moment
                                                                            :ARG1-of (s23.h / have-degree-91
                                                                                            :ARG2 (s23.b / bad-07
                                                                                                         :ARG1 s23.m2)
                                                                                            :ARG3 (s23.m4 / most))
                                                                            :mod (s23.e / even)
                                                                            :poss (s23.n4 / nature))
                                                        :domain s23.n4
                                                        :time (s23.l / lose-02
                                                                     :ARG0 s23.m
                                                                     :ARG1 (s23.a2 / and
                                                                                   :op1 (s23.c2 / compass
                                                                                                :ARG1-of (s23.m3 / moral-02)
                                                                                                :poss s23.m)
                                                                                   :op2 (s23.r / reason
                                                                                               :poss s23.m))))
                                          :ARG1-of (s23.q / quote-01
                                                          :ARG0 (s23.i / i
                                                                       :same-as s2.i)
                                                          :ARG2 s23.p)
                                          :ARG2 (s23.w / we))))
   :snt24 (s24.h / hanging-07
                 :mod (s24.k / kind
                             :mod (s24.a / another)))
   :snt25 (s25.i3 / impact-01
                  :ARG0 (s25.a / and
                               :op1 (s25.i / image
                                           :ARG0-of (s25.h / horrify-01)
                                           :source (s25.i4 / incident
                                                           :name (s25.n / name
                                                                        :op1 "Abu"
                                                                        :op2 "Ghraib")))
                               :op2 (s25.i2 / image
                                            :source (s25.f / facility
                                                           :name (s25.n2 / name
                                                                         :op1 "Guantanamo"))))
                  :mod (s25.p / profound))
   :snt26 (s26.c / cause-01
                 :ARG0 (s26.p2 / publish-01
                               :ARG1 (s26.i / image
                                            :ARG1-of (s26.i3 / instead-of-91
                                                             :ARG2 (s26.i2 / image
                                                                           :same-as s25.a))
                                            :mod (s26.t / that
                                                        :same-as s25.a)))
                 :ARG1 (s26.c2 / change-01
                               :ARG0 (s26.g2 / government-organization
                                             :ARG0-of (s26.g / govern-01))
                               :ARG1 (s26.p / policy-01
                                            :ARG0 s26.g2)))
   :snt27 (s27.a3 / argue-01
                  :ARG0 (s27.s2 / some)
                  :ARG1 (s27.d / do-02
                               :ARG0 (s27.i / image
                                            :mod (s27.t / that)
                                            :same-as s25.a)
                               :ARG1-of (s27.h / have-quant-91
                                               :ARG3 (s27.m / more)
                                               :ARG4 (s27.a / act-02
                                                            :ARG1-of (s27.s / single-02)
                                                            :mod (s27.o / other)
                                                            :mod (s27.a2 / any)))
                               :ARG2 (s27.f / fuel-01
                                            :ARG0 s27.i
                                            :ARG1 (s27.i2 / insurgency
                                                          :location (s27.c / country
                                                                           :name (s27.n / name
                                                                                        :op1 "Iraq")))))
                  :rel (s27.v / virtual))
   :snt28 (s28.a / and
                 :op2 (s28.r / remove-01
                             :ARG0 (s28.i / image
                                          :mod (s28.t / that)
                                          :same-as s25.a)
                             :ARG1 (s28.g / ground
                                          :ARG1-of (s28.h / high-02)
                                          :ARG1-of (s28.m / moral-02)
                                          :mod (s28.s / so-called)
                                          :poss (s28.f / force
                                                       :ARG0-of (s28.o / occupy-01)))
                             :duration (s28.f2 / forever)))
   :snt29 (s29.g / go-back-19
                 :ARG1 (s29.w / we)
                 :degree (s29.l / little)
                 :mode "imperative")
   :snt30 (s30.s / show-01
                 :ARG1 (s30.w / war
                              :name (s30.n / name
                                           :op1 "Vietnam"
                                           :op2 "War"))
                 :location (s30.r / room
                                  :mod (s30.l / living)
                                  :poss (s30.c / country
                                               :name (s30.n2 / name
                                                             :op1 "America")))
                 :manner (s30.d3 / day
                                 :mod (s30.o / out))
                 :mod (s30.b / basic)
                 :time (s30.a / and
                              :op1 (s30.d / date-entity
                                          :decade "1960")
                              :op2 (s30.d2 / date-entity
                                           :decade "1970")))
   :snt31 (s31.b / bring-01
                 :ARG0 (s31.p3 / photograph-01
                               :ARG1 (s31.n5 / news))
                 :ARG1 (s31.f / face-01
                              :ARG0 (s31.p / person)
                              :ARG1 (s31.v / victim
                                           :example (s31.a / and
                                                           :op1 (s31.g / girl
                                                                       :ARG1-of (s31.b2 / burn-01
                                                                                        :ARG2 (s31.n4 / napalm))
                                                                       :mod (s31.l / little))
                                                           :op2 (s31.p2 / person
                                                                        :ARG0-of (s31.s2 / study-01)
                                                                        :ARG1-of (s31.k / kill-01
                                                                                        :ARG0 (s31.m / military
                                                                                                     :name (s31.n / name
                                                                                                                  :op1 "National"
                                                                                                                  :op2 "Guard"))
                                                                                        :location (s31.u / university
                                                                                                         :name (s31.n2 / name
                                                                                                                       :op1 "Kent"
                                                                                                                       :op2 "State"
                                                                                                                       :op3 "University")
                                                                                                         :location (s31.s / state
                                                                                                                          :name (s31.n3 / name
                                                                                                                                        :op1 "Ohio")))
                                                                                        :time (s31.p4 / protest-01))))
                                           :mod (s31.w / war
                                                       :same-as s30.w)))
                 :ARG2 s31.p)
   :snt32 (s32.b / become-01
                 :ARG1 (s32.i / image
                              :mod (s32.t / this)
                              :same-as s31.p3)
                 :ARG2 (s32.v / voice-01
                              :ARG1 (s32.p / protest-01))
                 :mod (s32.i2 / in-fact))
   :snt33 (s33.p2 / power-01
                  :ARG1 (s33.i2 / image)
                  :ARG2 (s33.s / shed-light-10
                               :ARG0 s33.i2
                               :ARG1 (s33.u / understand-01
                                            :ARG1 (s33.a / and
                                                         :op1 (s33.s2 / suspect-01)
                                                         :op2 (s33.i / ignorant-02)
                                                         :op3 (s33.p / particular))))
                  :time (s33.n / now))
   :snt34 (s34.c / contrast-01
                 :ARG1 (s34.t / talk-01
                              :quant (s34.l / lot)
                              :ARG0 (s34.i / i
                                           :same-as s2.i)
                              :ARG1 (s34.t2 / this))
                 :ARG2 (s34.s / show-01
                              :ARG0 s34.i
                              :ARG1 (s34.i2 / image
                                            :quant "1")
                              :mod (s34.j / just)))
   :snt35 (s35.i / issue-02
                 :ARG0 (s35.d / disease
                              :name (s35.n / name
                                           :op1 "HIV/AIDS")))
   :snt36 (s36.b / barrier
                 :domain (s36.s / stigmatize-01
                                :ARG1 (s36.p / person
                                             :ARG0-of (s36.h / have-03
                                                             :ARG1 (s36.d3 / disease
                                                                           :same-as s35.d))))
                 :mod (s36.e / enormous)
                 :prep-to (s36.o / or
                                 :mod (s36.e2 / even)
                                 :op1 (s36.d2 / discuss-01
                                              :ARG1 s36.d3)
                                 :op2 (s36.a / address-02
                                             :ARG1 s36.d3))
                 :time (s36.d / date-entity
                              :decade "1980"))
   :snt37 (s37.d4 / do-02
                  :ARG0 (s37.a / act-02
                               :ARG1 (s37.t2 / touch-01
                                             :ARG0 (s37.w / woman
                                                          :name (s37.n / name
                                                                       :op1 "Princess"
                                                                       :op2 "of"
                                                                       :op3 "Wales")
                                                          :ARG1-of (s37.h / have-degree-91
                                                                          :ARG2 (s37.f / fame-01
                                                                                       :ARG1 s37.w)
                                                                          :ARG3 (s37.m / most)
                                                                          :ARG5 (s37.w2 / world)))
                                             :ARG1 (s37.b / baby
                                                          :ARG1-of (s37.i / infect-01
                                                                          :ARG0 (s37.d3 / disease
                                                                                        :name (s37.n2 / name
                                                                                                      :op1 "HIV/AIDS")
                                                                                        :same-as s35.d)))
                                             :time (s37.d / date-entity
                                                          :year "1987"))
                               :ARG1-of (s37.s / simple-02))
                  :ARG1 (s37.d2 / deal
                                :mod (s37.g / great))
                  :ARG2 (s37.s2 / stop-01
                                :ARG0 s37.a
                                :ARG1 (s37.t / that))
                  :location (s37.c / continent
                                   :name (s37.n3 / name
                                                 :op1 "Europe")
                                   :mod (s37.e / especially)))
   :snt38 (s38.k / know-04
                 :ARG0 (s38.s / she
                              :same-as s37.w)
                 :ARG1 (s38.p / powerful-02
                              :ARG1 (s38.i / image))
                 :ARG1-of (s38.h / have-degree-91
                                 :ARG2 (s38.g / good-02)
                                 :ARG3 (s38.m / more)
                                 :ARG4 (s38.m2 / most)))
   :snt39 (s39.c / cause-01
                 :ARG1 (s39.h / have-03
                              :ARG0 (s39.w / we
                                           :mod (s39.a2 / all))
                              :ARG1 (s39.c2 / choose-01
                                            :ARG0 s39.w
                                            :ARG1 (s39.o / or
                                                         :op1 (s39.p / possible-01
                                                                     :ARG1 (s39.l / look-01
                                                                                  :ARG0 s39.w
                                                                                  :direction (s39.a3 / away)))
                                                         :op2 (s39.p2 / possible-01
                                                                      :ARG1 (s39.a / address-02
                                                                                   :ARG0 s39.w
                                                                                   :ARG1 (s39.i / image
                                                                                                :ARG1-of (s39.p3 / powerful-02))))))
                              :time (s39.c3 / confront-01
                                            :ARG1 s39.i
                                            :ARG1 s39.w)))
   :snt40 (s40.p2 / put-01
                  :ARG0 (s40.t2 / they
                                :same-as s40.p)
                  :ARG1 (s40.a / and
                               :quant (s40.l / lot)
                               :op1 (s40.f2 / focus-01
                                            :ARG0 s40.t2)
                               :op2 (s40.a3 / attend-02
                                            :ARG0 s40.t2)
                               :op3 (s40.m / money-01
                                           :quant (s40.l2 / lot)
                                           :ARG0 s40.t2
                                           :ARG1 (s40.e / effort-01
                                                        :ARG1 (s40.r / relieve-01
                                                                     :ARG1 (s40.f / famine
                                                                                  :location (s40.c / country
                                                                                                   :name (s40.n2 / name
                                                                                                                 :op1 "Sudan")))))
                                           :time (s40.e2 / end)))
                  :ARG2-of (s40.t / thankful-02)
                  :time (s40.a2 / appear-01
                                :ARG1 (s40.p / photo
                                             :mod (s40.t3 / this))
                                :location (s40.n3 / newspaper
                                                  :name (s40.n / name
                                                               :op1 "Guardian"))
                                :time (s40.d / date-entity
                                             :year "1998")))
   :snt41 (s41.c / change-01
                 :ARG0 (s41.i / image
                              :same-as s40.p)
                 :ARG1 (s41.w / world)
                 :polarity (s41.a / amr-unknown))
   :snt42 (s42.c / contrast-01
                 :ARG2 (s42.i / impact-01
                              :ARG0 (s42.t / they
                                           :same-as s40.p)
                              :ARG1-of (s42.m / major-02)))
   :snt43 (s43.p / push-02
                 :ARG0 (s43.i / image)
                 :ARG1 (s43.w / we)
                 :ARG2 (s43.q / question-03
                              :ARG0 s43.w
                              :ARG1 (s43.a / and
                                           :op1 (s43.b / believe-01
                                                       :ARG0 s43.w
                                                       :mod (s43.c / core))
                                           :op2 (s43.r / responsible-03
                                                       :ARG0 s43.w
                                                       :ARG1 (s43.o2 / other
                                                                     :mod (s43.e / each)))))
                 :frequency (s43.o / often))
   :snt44 (s44.a3 / and
                  :op1 (s44.s / see-01
                              :ARG0 (s44.w / we
                                           :mod (s44.a2 / all))
                              :ARG1 (s44.i2 / image
                                            :mod (s44.t / that)
                                            :same-as s40.p)
                              :time (s44.a / after
                                           :op1 (s44.n2 / natural-disaster
                                                        :name (s44.n / name
                                                                     :op1 "Katrina"))))
                  :op2 (s44.t2 / think-01
                               :ARG0 (s44.i / i
                                            :same-as s2.i)
                               :ARG1 (s44.i3 / impact-01
                                             :ARG0 s44.i2
                                             :ARG1 (s44.p / person
                                                          :quant (s44.m / multiple
                                                                        :op1 "1000000"))
                                             :ARG1-of (s44.s2 / strong-02
                                                              :degree (s44.v / very)))))
   :snt45 (s45.a / and
                 :op2 (s45.t2 / think-01
                              :ARG0 (s45.i / i
                                           :same-as s2.i)
                              :ARG1 (s45.l / likely-01
                                           :ARG1 (s45.f / far
                                                        :domain (s45.t / they
                                                                       :same-as s40.p)
                                                        :op1 (s45.m / mind
                                                                    :poss (s45.p / person
                                                                                 :mod (s45.c / country
                                                                                             :name (s45.n / name
                                                                                                          :op1 "America"))))
                                                        :time (s45.g / go-02
                                                                     :ARG0 s45.p
                                                                     :ARG1 (s45.v2 / vote-01
                                                                                   :ARG0 s45.p
                                                                                   :time (s45.d / date-entity
                                                                                                :month "11"
                                                                                                :year "2008"))))
                                           :degree (s45.v / very)
                                           :polarity "-")))
   :snt46 (s46.d / deem-01
                 :ARG1 (s46.h / have-degree-91
                              :ARG1 (s46.i / image
                                           :quant (s46.s2 / some)
                                           :ARG1-of (s46.i2 / important-01
                                                            :degree (s46.v / very)))
                              :ARG2 (s46.o / or
                                           :op1 (s46.g / graphic
                                                       :domain s46.i)
                                           :op2 (s46.d2 / disturb-01
                                                        :ARG0 s46.i))
                              :ARG3 (s46.t / too)
                              :ARG6 (s46.s / see-01
                                           :ARG0 (s46.w / we)
                                           :ARG1 s46.i))
                 :ARG2-of (s46.f / fortunate-01
                                 :polarity "-"))
   :snt47 (s47.a / and
                 :op1 (s47.s / show-01
                             :ARG0 (s47.i / i
                                          :same-as s2.i)
                             :ARG1 (s47.p2 / photo
                                           :quant "1")
                             :ARG2 (s47.y / you)
                             :location (s47.h / here))
                 :op2 (s47.p3 / photo
                              :source (s47.p / person
                                             :name (s47.n / name
                                                          :op1 "Eugene"
                                                          :op2 "Richards"))
                              :topic (s47.v / veteran
                                            :mod (s47.w / war
                                                        :name (s47.n2 / name
                                                                      :op1 "Iraq"
                                                                      :op2 "War")))
                              :topic (s47.p4 / piece
                                             :ARG1-of (s47.w2 / work-01)
                                             :ARG1-of (s47.p6 / publish-01
                                                              :time (s47.e / ever)
                                                              :polarity "-")
                                             :ARG1-of (s47.c / call-01
                                                             :ARG2 (s47.p5 / publication
                                                                           :name (s47.n3 / name
                                                                                         :op1 "War"
                                                                                         :op2 "Is"
                                                                                         :op3 "Personal")))
                                             :mod (s47.e2 / extraordinary))))
   :snt48 (s48.c / contrast-01
                 :ARG2 (s48.n / need-01
                              :purpose (s48.r / remind-01
                                              :ARG0 (s48.i / image)
                                              :ARG1 (s48.t / tragedy
                                                           :mod (s48.w / war-01))
                                              :ARG2 (s48.w2 / we))
                              :ARG0 s48.i
                              :ARG1 (s48.g / graphic
                                           :domain s48.i)
                              :polarity "-"))
   :snt49 (s49.s / set-up-03
                 :ARG0 (s49.p / person
                              :name (s49.n / name
                                           :op1 "John"
                                           :op2 "Moore"))
                 :ARG1 (s49.p2 / photo
                               :location (s49.f / facility
                                                :name (s49.n2 / name
                                                              :op1 "Arlington"
                                                              :op2 "Cemetery"))
                               :mod (s49.t / this
                                           :same-as s47.p2)))
   :snt50 (s50.h / haunt-01
                 :ARG0 (s50.p / photograph
                              :source (s50.p2 / place
                                              :ARG1-of (s50.h2 / have-degree-91
                                                               :ARG2 (s50.q / quiet-04
                                                                            :ARG1 s50.p2)
                                                               :ARG3 (s50.m2 / more
                                                                             :quant (s50.m5 / much))
                                                               :ARG3 (s50.m3 / more
                                                                             :quant (s50.m6 / much))))
                              :quant "1")
                 :ARG1 (s50.i / i
                              :same-as s2.i)
                 :ARG2-of (s50.h3 / have-degree-91
                                  :ARG1 s50.i
                                  :ARG3 (s50.m4 / more
                                                :quant s50.m6)
                                  :ARG4 (s50.o / other)
                                  :same-as s34.i2)
                 :mod (s50.s / still)
                 :time (s50.a / after
                              :op1 (s50.m / moment
                                          :ARG1-of (s50.t / tense-03)
                                          :mod (s50.a2 / all)
                                          :mod (s50.c / conflict-01
                                                      :location (s50.z / zone
                                                                       :mod (s50.c2 / conflict-01)
                                                                       :mod (s50.a3 / all)
                                                                       :part-of (s50.w / world))))))
   :snt51 (s51.a / and
                 :op1 (s51.s / say-01
                             :ARG0 (s51.p / person
                                          :name (s51.n / name
                                                       :op1 "Ansel"
                                                       :op2 "Adams"))
                             :ARG1 (s51.t / take-01
                                          :ARG0 (s51.y / you)
                                          :ARG1 (s51.p2 / photograph-01)
                                          :polarity "-"))
                 :op2 (s51.d / disagree-01
                             :ARG0 (s51.i / i
                                          :same-as s2.i)
                             :ARG2 s51.p)
                 :op2 (s51.m / make-01
                             :ARG0 s51.y
                             :ARG1 s51.p2))
   :snt52 (s52.v / view-01
                 :ARG0 (s52.i / i
                              :same-as s2.i)
                 :ARG1 (s52.a / and
                              :op1 (s52.m / make-01
                                          :ARG0 (s52.p / person
                                                       :ARG0-of (s52.p2 / photograph-01)
                                                       :polarity "-")
                                          :ARG1 (s52.p3 / photograph-01))
                              :op2 (s52.y / you)))
   :snt53 (s53.r / resonate-01
                 :ARG1 (s53.b2 / bring-01
                               :ARG0 (s53.w / we)
                               :ARG1 (s53.a / and
                                            :op1 (s53.v / value
                                                        :poss s53.w)
                                            :op2 (s53.s / system
                                                        :mod (s53.b / believe-01)
                                                        :poss s53.w))
                               :ARG2 (s53.i / image
                                            :mod (s53.e / each)))
                 :ARG2-of (s53.r2 / result-01
                                  :ARG1 s53.b2))
   :snt54 (s54.h / have-03
                 :ARG0 (s54.c / company
                              :poss (s54.i / i
                                           :same-as s2.i))
                 :ARG1 (s54.i2 / image
                               :quant "70000000"))
   :snt55 (s55.h / have-03
                 :ARG0 (s55.i / i
                              :same-as s2.i)
                 :ARG1 (s55.i2 / image
                               :quant "1"
                               :same-as s34.i2)
                 :location (s55.o / office
                                  :poss s55.i))
   :snt56 (s56.i / it
                 :location (s56.h / here)
                 :same-as s34.i2)
   :snt57 (s57.a / and
                 :op1 (s57.h2 / hope-01
                              :ARG0 (s57.i / i
                                           :same-as s2.i)
                              :ARG1 (s57.u / understand-01
                                           :ARG0 (s57.y / you)
                                           :ARG1 (s57.t / thing
                                                        :ARG0-of (s57.c / cause-01
                                                                        :ARG1 (s57.s4 / spark-01
                                                                                      :ARG1 (s57.s2 / something)
                                                                                      :location s57.y
                                                                                      :ARG0 s57.i2)))
                                           :ARG1-of (s57.h / have-degree-91
                                                           :ARG2 (s57.g / good-02)
                                                           :ARG3 (s57.m / more))
                                           :time (s57.s / see-01
                                                        :ARG0 s57.y
                                                        :ARG1 (s57.i2 / image)
                                                        :mod (s57.n / next))))
                 :op2 (s57.k / know-01
                             :ARG0 s57.i
                             :ARG1 (s57.d2 / do-02
                                           :ARG0 s57.y
                                           :ARG1 (s57.s3 / something)
                                           :ARG2 s57.y
                                           :mod (s57.d / definite)
                                           :time (s57.s5 / speak-01
                                                         :ARG0 s57.y
                                                         :ARG2 (s57.a2 / audience
                                                                       :mod (s57.t2 / this))))))
   :snt58 (s58.a2 / and
                  :op2 (s58.t / thank-01
                              :ARG1 (s58.p / person
                                           :ARG0-of (s58.p2 / photograph-01)
                                           :mod (s58.a / all)))))

