# ::id doc-736
# ::doc_file doc-736
# ::tok http : / / www . ted . com / talks / kees_moeliker_how_a_dead_duck_changed_my_life< / url> <next_sent> This is the Natural History Museum in Rotterdam , where I work as a curator . <next_sent> It 's my job to make sure the collection stays okay , and that it grows , and basically it means I collect dead animals . <next_sent> Back in 1995 , we got a new wing next to the museum . <next_sent> It was made of glass , and this building really helped me to do my job good . <next_sent> The building was a true bird - killer . <next_sent> You may know that birds do n't understand the concept of glass . <next_sent> They do n't see it , so they fly into the windows and get killed . <next_sent> The only thing I had to do was go out , pick them up , and have them stuffed for the collection . <next_sent> And in those days , I developed an ear to identify birds just by the sound of the bangs they made against the glass . <next_sent> And it was on June 5 , 1995 , that I heard a loud bang against the glass that changed my life and ended that of a duck . <next_sent> And this is what I saw when I looked out of the window . <next_sent> This is the dead duck . <next_sent> It flew against the window . <next_sent> It 's laying dead on its belly . <next_sent> But next to the dead duck is a live duck , and please pay attention . <next_sent> Both are of the male s ex. <next_sent> And then this happened . <next_sent> The live duck mounted the dead duck , and started to copulate . <next_sent> Well , I 'm a biologist . <next_sent> I 'm an ornithologist . <next_sent> I said , " Something 's wrong here . " <next_sent> One is dead , one is alive . <next_sent> That must be necrophilia . <next_sent> I look . <next_sent> Both are of the male s ex. <next_sent> Homosexual necrophilia . <next_sent> So I -- I took my camera , I took my notebook , took a chair , and started to observe this behavior . <next_sent> After 75 minutes — — I had seen enough , and I got hungry , and I wanted to go home . <next_sent> So I went out , collected the duck , and before I put it in the freezer , I checked if the victim was indeed of the male s ex. <next_sent> And here 's a rare picture of a duck 's penis , so it was indeed of the male s ex. <next_sent> It 's a rare picture because there are 10,000 species of birds and only 300 possess a penis . <next_sent> [ The first case of homosexual necrophilia in the mallard Anas platyrhynchos ] <next_sent> I knew I 'd seen something special , but it took me six years to decide to publish it . <next_sent> I mean , it 's a nice topic for a birthday party or at the coffee machine , but to share this among your peers is something different . <next_sent> I did n't have the framework . <next_sent> So after six years , my friends and colleagues urged me to publish , so I published " The first case of homosexual necrophilia in the mallard . " <next_sent> And here 's the situation again . <next_sent> A is my office , B is the place where the duck hit the glass , and C is from where I watched it . <next_sent> And here are the ducks again . <next_sent> As you probably know , in science , when you write a kind of special paper , only six or seven people read it . <next_sent> But then something good happened . <next_sent> I got a phone call from a person called Marc Abrahams , and he told me , " You 've won a prize with your duck paper : the Ig Nobel Prize . " <next_sent> And the Ig Nobel Prize — — the Ig Nobel Prize honors research that first makes people laugh , and then makes them think , with the ultimate goal to make more people interested in science . <next_sent> That 's a good thing , so I accepted the prize . <next_sent> I went -- let me remind you that Marc Abrahams did n't call me from Stockholm . <next_sent> He called me from Cambridge , Massachusetts . <next_sent> So I traveled to Boston , to Cambridge , and I went to this wonderful Ig Nobel Prize ceremony held at Harvard University , and this ceremony is a very nice experience . <next_sent> Real Nobel laureates hand you the prize . <next_sent> That 's the first thing . <next_sent> And there are nine other winners who get prizes . <next_sent> Here 's one of my fellow winners . <next_sent> That 's Charles Paxton who won the 2000 biology prize for his paper , " Courtship behavior of ostriches towards humans under farming conditions in Britain . " <next_sent> And I think there are one or two more Ig Nobel Prize winners in this room . <next_sent> Dan , where are you ? <next_sent> Dan Ariely ? <next_sent> Applause for Dan . <next_sent> Dan won his prize in medicine for demonstrating that high - priced fake medicine works better than low - priced fake medicine . <next_sent> So here 's my one minute of fame , my acceptance speech , and here 's the duck . <next_sent> This is its first time on the U.S. West Coast . <next_sent> I 'm going to pass it around . <next_sent> Yeah ? <next_sent> You can pass it around . <next_sent> Please note it 's a museum specimen , but there 's no chance you 'll get the avian flu . <next_sent> After winning this prize , my life changed . <next_sent> In the first place , people started to send me all kinds of duck - related things , and I got a real nice collection . <next_sent> More importantly , people started to send me their observations of remarkable animal behavior , and believe me , if there 's an animal misbehaving on this planet , I know about it . <next_sent> This is a moose . <next_sent> It 's a moose trying to copulate with a bronze statue of a bison . <next_sent> This is in Montana , 2008 . <next_sent> This is a frog that tries to copulate with a goldfish . <next_sent> This is the Netherlands , 2011 . <next_sent> These are cane toads in Australia . <next_sent> This is roadkill . <next_sent> Please note that this is necrophilia . <next_sent> It 's remarkable : the position . <next_sent> The missionary position is very rare in the animal kingdom . <next_sent> These are pigeons in Rotterdam . <next_sent> Barn swallows in Hong Kong , 2004 . <next_sent> This is a turkey in Wisconsin on the premises of the Ethan Allen juvenile correctional institution . <next_sent> It took all day , and the prisoners had a great time . <next_sent> So what does this mean ? <next_sent> I mean , the question I ask myself , why does this happen in nature ? <next_sent> Well , what I concluded from reviewing all these cases is that it is important that this happens only when death is instant and in a dramatic way and in the right position for copulation . <next_sent> At least , I thought it was till I got these slides . <next_sent> And here you see a dead duck . <next_sent> It 's been there for three days , and it 's laying on its back . <next_sent> So there goes my theory of necrophilia . <next_sent> Another example of the impact of glass buildings on the life of birds . <next_sent> This is Mad Max , a blackbird who lives in Rotterdam . <next_sent> The only thing this bird did was fly against this window from 2004 to 2008 , day in and day out . <next_sent> Here he goes , and here 's a short video . <next_sent> So what this bird does is fight his own image . <next_sent> He sees an intruder in his territory , and it 's coming all the time and he 's there , so there is no end to it . <next_sent> And I thought , in the beginning -- I studied this bird for a couple of years -- that , well , should n't the brain of this bird be damaged ? <next_sent> It 's not . <next_sent> I show you here some slides , some frames from the video , and at the last moment before he hits the glass , he puts his feet in front , and then he bangs against the glass . <next_sent> So I 'll conclude to invite you all to Dead Duck Day . <next_sent> That 's on June 5 every year . <next_sent> At five minutes to six in the afternoon , we come together at the Natural History Museum in Rotterdam , the duck comes out of the museum , and we try to discuss new ways to prevent birds from colliding with windows . <next_sent> And as you know , or as you may not know , this is one of the major causes of death for birds in the world . <next_sent> In the U.S. alone , a billion birds die in collision with glass buildings . <next_sent> And when it 's over , we go to a Chinese restaurant and we have a six - course duck dinner . <next_sent> So I hope to see you next year in Rotterdam , the Netherlands , for Dead Duck Day . <next_sent> Thank you . <next_sent> Oh , sorry . <next_sent> May I have my duck back , please ? <next_sent> Thank you .
(d / document
   :snt1 (s1.u / url-entity
               :topic (s1.t / talk-01
                            :ARG0 (s1.p / person
                                        :name (s1.n / name
                                                    :ARG0 "i"
                                                    :op1 "Europe"))))
   :snt2 (s2.m / museum
               :name (s2.n / name
                           :op1 "Natural"
                           :op2 "History"
                           :op3 "Museum")
               :domain (s2.t / this)
               :location (s2.c / city
                               :name (s2.n2 / name
                                            :op1 "Rotterdam"))
               :location-of (s2.w / work-01
                                  :ARG0 (s2.i / i)
                                  :ARG1 (s2.c2 / curator)))
   :snt3 (s3.a2 / and
                :op1 (s3.j / job
                           :domain (s3.e / ensure-01
                                         :ARG0 (s3.i / i
                                                     :same-as s2.i)
                                         :ARG1 (s3.a / and
                                                     :op1 (s3.s / stay-01
                                                                :ARG1 (s3.c / collect-01)
                                                                :ARG3 (s3.o / okay-04
                                                                            :ARG1 s3.c))
                                                     :op2 (s3.g / grow-01
                                                                :ARG1 s3.c)))
                           :poss s3.i)
                :op2 (s3.m / mean-01
                           :ARG1 s3.e
                           :ARG2 (s3.c2 / collect-01
                                        :ARG0 s3.i
                                        :ARG1 (s3.a3 / animal
                                                     :ARG1-of (s3.d / die-01)))
                           :mod (s3.b / basic)))
   :snt4 (s4.g / get-01
               :ARG0 (s4.w / we)
               :ARG1 (s4.w2 / wing
                            :ARG1-of (s4.n / new-01)
                            :location (s4.n2 / next-to
                                             :op1 (s4.m / museum
                                                        :same-as s2.t)))
               :time (s4.d / date-entity
                           :mod (s4.b / back)
                           :year "1995"))
   :snt5 (s5.a / and
               :op1 (s5.m / make-01
                          :ARG1 (s5.i2 / it
                                       :same-as s4.w2)
                          :ARG2 (s5.g / glass))
               :op2 (s5.h / help-01
                          :ARG0 (s5.b / building
                                      :mod (s5.t / this)
                                      :same-as s4.w2)
                          :ARG1 (s5.d / do-02
                                      :ARG0 (s5.i / i
                                                  :same-as s2.i)
                                      :ARG1 (s5.j / job
                                                  :poss s5.i)
                                      :ARG1-of (s5.g2 / good-02))
                          :ARG1-of (s5.r / real-04)
                          :ARG2 s5.i))
   :snt6 (s6.k / kill-01
               :ARG0 (s6.b2 / building
                            :same-as s4.w2)
               :ARG1 (s6.b / bird)
               :ARG1-of (s6.t / true-01))
   :snt7 (s7.p / possible-01
               :ARG1 (s7.k / know-01
                           :ARG0 (s7.y / you)
                           :ARG1 (s7.u / understand-01
                                       :ARG0 (s7.b / bird)
                                       :ARG1 (s7.c / concept
                                                   :topic (s7.g / glass))
                                       :polarity "-")))
   :snt8 (s8.c / cause-01
               :ARG0 (s8.s / see-01
                           :ARG0 (s8.t / they
                                       :same-as s7.b)
                           :ARG1 (s8.i / it
                                       :same-as s7.g)
                           :polarity "-")
               :ARG1 (s8.a / and
                           :op1 (s8.f / fly-01
                                      :ARG1 s8.t
                                      :destination (s8.w / window))
                           :op2 (s8.k / kill-01
                                      :ARG1 s8.t)))
   :snt9 (s9.o / obligate-01
               :ARG1 (s9.i / i
                           :same-as s2.i)
               :ARG2 (s9.a / and
                           :op1 (s9.g / go-out-17
                                      :ARG0 s9.i)
                           :op2 (s9.p / pick-up-04
                                      :ARG0 s9.i
                                      :ARG1 (s9.t / they
                                                  :same-as s7.b))
                           :op3 (s9.h / have-04
                                      :ARG0 s9.i
                                      :ARG1 (s9.s / stuff-01
                                                  :purpose (s9.c / collect-01
                                                                 :same-as s3.c)
                                                  :ARG1 s9.t)))
               :mod (s9.o2 / only))
   :snt10 (s10.a / and
                 :op2 (s10.d2 / develop-02
                              :purpose (s10.i2 / identify-01
                                               :ARG0 (s10.i / i
                                                            :part (s10.e / ear)
                                                            :same-as s2.i)
                                               :ARG1 (s10.b2 / bird)
                                               :instrument (s10.s / sound-02
                                                                  :ARG1 (s10.b / bang-01
                                                                               :ARG0 s10.b2
                                                                               :prep-against (s10.g / glass))
                                                                  :mod (s10.j / just)))
                              :ARG0 s10.i
                              :ARG1 s10.e
                              :time (s10.d / day
                                           :mod (s10.t / that))))
   :snt11 (s11.a / and
                 :op2 (s11.h / hear-01
                             :ARG0 (s11.i / i
                                          :same-as s2.i)
                             :ARG1 (s11.b / bang-01
                                          :ARG0-of (s11.c / change-01
                                                          :ARG1 (s11.l / life
                                                                       :poss s11.i))
                                          :ARG0-of (s11.e / end-01
                                                          :ARG1 (s11.l2 / life
                                                                        :poss (s11.d2 / duck)))
                                          :ARG1 (s11.g / glass
                                                       :same-as s10.g)
                                          :mod (s11.l3 / loud))
                             :time (s11.d / date-entity
                                          :day "5"
                                          :month "6"
                                          :year "1995")))
   :snt12 (s12.a / and
                 :op2 (s12.s / see-01
                             :ARG0 (s12.i / i
                                          :same-as s2.i)
                             :ARG1 (s12.t / this)
                             :time (s12.l / look-01
                                          :ARG0 s12.i
                                          :ARG1 (s12.o / out
                                                       :op1 (s12.w / window)))))
   :snt13 (s13.d2 / duck
                  :ARG1-of (s13.d / die-01
                                  :same-as s11.d2)
                  :domain (s13.t / this
                                 :same-as s11.d2))
   :snt14 (s14.f / fly-01
                 :ARG2 (s14.i / it
                              :same-as s11.d2)
                 :path (s14.a / against
                              :op1 (s14.w / window
                                          :same-as s12.w)))
   :snt15 (s15.l / lay-01
                 :ARG1 (s15.i / it
                              :part (s15.b / belly)
                              :same-as s11.d2)
                 :location s15.b
                 :manner (s15.d / die-01
                                :ARG1 s15.i))
   :snt16 (s16.c / contrast-01
                 :ARG2 (s16.a / and
                              :op1 (s16.d2 / duck
                                           :ARG0-of (s16.l / live-01)
                                           :location (s16.n / next-to
                                                            :op1 (s16.d3 / duck
                                                                         :ARG1-of (s16.d / die-01
                                                                                         :same-as s11.d2))))
                              :op2 (s16.a2 / attend-02
                                           :ARG0 (s16.y / you)
                                           :mode "imperative"
                                           :polite "+")))
   :snt17 (s17.s / sex-01
                 :ARG0 (s17.m / male)
                 :ARG1 (s17.b / both))
   :snt18 (s18.a / and
                 :op2 (s18.t2 / this
                              :time (s18.t / then)))
   :snt19 (s19.a / and
                 :op1 (s19.m / mount-03
                             :ARG0 (s19.d2 / duck
                                           :ARG0-of (s19.l / live-01)
                                           :same-as s16.l)
                             :ARG1 (s19.d3 / duck
                                           :ARG1-of (s19.d / die-01)
                                           :same-as s11.d2))
                 :op2 (s19.s / start-01
                             :ARG0 s19.d2
                             :ARG1 (s19.c / cop
                                          :domain s19.d2)))
   :snt20 (s20.b / biologist
                 :domain (s20.i / i
                                :same-as s2.i)
                 :mod (s20.w / well))
   :snt21 (s21.o / ornithologist
                 :domain (s21.i / i
                                :same-as s2.i))
   :snt22 (s22.s / say-01
                 :ARG0 (s22.i / i
                              :same-as s2.i)
                 :ARG1 (s22.w / wrong-02
                              :ARG1 (s22.s2 / something)
                              :location (s22.h / here)))
   :snt23 (s23.a / and
                 :op1 (s23.d / die-01
                             :ARG1 (s23.o / one))
                 :op2 (s23.l / live-01
                             :ARG0 (s23.o2 / one)))
   :snt24 (s24.i / infer-01
                 :ARG1 (s24.n / necrophilia
                              :domain (s24.t / that)))
   :snt25 (s25.l / look-01
                 :ARG0 (s25.i / i
                              :same-as s2.i))
   :snt26 (s26.s / sex-01
                 :ARG0 (s26.m / male)
                 :ARG1 (s26.b / both))
   :snt27 (s27.n / necrophilia
                 :mod (s27.h / homosexual))
   :snt28 (s28.c2 / cause-01
                  :ARG1 (s28.a / and
                               :op1 (s28.t / take-01
                                           :ARG0 (s28.i / i
                                                        :same-as s2.i)
                                           :ARG1 (s28.c / camera
                                                        :poss s28.i))
                               :op2 (s28.n / notebook
                                           :poss s28.i)
                               :op3 (s28.t2 / take-01
                                            :ARG0 s28.i
                                            :ARG1 (s28.c3 / chair))
                               :op4 (s28.s / start-01
                                           :ARG0 s28.i
                                           :ARG1 (s28.o / observe-01
                                                        :ARG0 s28.i
                                                        :ARG1 (s28.b / behave-01
                                                                     :mod (s28.t3 / this))))))
   :snt29 (s29.a2 / and
                  :op1 (s29.s / see-01
                              :ARG0 (s29.i / i
                                           :same-as s2.i)
                              :ARG1-of (s29.h / have-quant-91
                                              :ARG3 (s29.e / enough)))
                  :op2 (s29.g / get-03
                              :ARG1 s29.i
                              :ARG2 (s29.h3 / hunger-01
                                            :ARG0 s29.i))
                  :op3 (s29.w / want-01
                              :ARG0 s29.i
                              :ARG1 (s29.g2 / go-02
                                            :ARG0 s29.i
                                            :ARG4 (s29.h2 / home)))
                  :time (s29.a / after
                               :quant (s29.t / temporal-quantity
                                             :unit (s29.m / minute)
                                             :quant "75")))
   :snt30 (s30.c / cause-01
                 :ARG1 (s30.a / and
                              :op1 (s30.g / go-out-17
                                          :ARG0 (s30.i / i
                                                       :same-as s2.i))
                              :op2 (s30.c4 / collect-01
                                           :ARG0 s30.i
                                           :ARG1 (s30.d / duck
                                                        :same-as s11.d2))
                              :op3 (s30.c3 / check-01
                                           :ARG0 s30.i
                                           :ARG1 (s30.t / truth-value
                                                        :polarity-of (s30.v / victim
                                                                            :ARG0-of (s30.s / sex-01)
                                                                            :ARG1-of (s30.c2 / cause-01
                                                                                             :ARG0 (s30.m / male)
                                                                                             :mod (s30.i2 / indeed))
                                                                            :same-as s11.d2))
                                           :time (s30.b / before
                                                        :op1 (s30.p / put-01
                                                                    :ARG0 s30.i
                                                                    :ARG1 s30.d
                                                                    :ARG2 (s30.f / freezer))))))
   :snt31 (s31.a / and
                 :op2 (s31.p2 / picture-01
                              :ARG0-of (s31.c / cause-01
                                              :ARG1 (s31.s / sex-01
                                                           :ARG0 (s31.m / male)
                                                           :mod (s31.i / indeed)))
                              :ARG1 (s31.p / penis
                                           :part-of (s31.d / duck))
                              :ARG1-of (s31.r / rare-02)
                              :location (s31.h / here)))
   :snt32 (s32.p2 / picture
                  :ARG1-of (s32.r / rare-02)
                  :ARG1-of (s32.c / cause-01
                                  :ARG0 (s32.a / and
                                               :op1 (s32.s / species
                                                           :mod (s32.b / bird)
                                                           :quant "10000")
                                               :op2 (s32.s2 / species
                                                            :ARG0-of (s32.p3 / possess-01
                                                                             :ARG1 (s32.p / penis))
                                                            :mod (s32.b2 / bird)
                                                            :mod (s32.o / only)
                                                            :quant "300")))
                  :domain (s32.i / it
                                 :same-as s31.p))
   :snt33 (s33.c / case-04
                 :ARG1 (s33.n2 / necrophilia
                               :location (s33.m / mallard
                                                :name (s33.n / name
                                                             :op1 "Anas"
                                                             :op2 "Gulf"))
                               :mod (s33.h / homosexual)
                               :op2 (s33.c2 / cent))
                 :ord (s33.o / ordinal-entity
                             :value "1"))
   :snt34 (s34.c / contrast-01
                 :ARG1 (s34.k / know-01
                              :ARG0 (s34.i / i
                                           :same-as s2.i)
                              :ARG1 (s34.s / see-01
                                           :ARG0 s34.i
                                           :ARG1 (s34.s2 / something
                                                         :ARG1-of (s34.s3 / special-02))))
                 :ARG2 (s34.t / take-10
                              :ARG0 (s34.d / decide-01
                                           :ARG0 s34.i
                                           :ARG1 (s34.p / publish-01
                                                        :ARG0 s34.i
                                                        :ARG1 s34.s2))
                              :ARG1 (s34.t2 / temporal-quantity
                                            :unit (s34.y / year)
                                            :quant "6")
                              :ARG2 s34.i))
   :snt35 (s35.m2 / mean-01
                  :ARG0 (s35.i / i
                               :same-as s2.i)
                  :ARG2 (s35.c2 / contrast-01
                                :ARG1 (s35.t3 / topic
                                              :ARG1-of (s35.n / nice-01
                                                              :purpose (s35.o / or
                                                                              :op1 (s35.p / party
                                                                                          :mod (s35.b / birthday))
                                                                              :op2 (s35.t / thing
                                                                                          :location (s35.m / machine
                                                                                                           :mod (s35.c / coffee)))))
                                              :domain (s35.i2 / it
                                                              :same-as s33.h))
                                :ARG2 (s35.s / share-01
                                             :ARG0 (s35.y / you)
                                             :ARG1 (s35.t2 / this
                                                           :same-as s33.h)
                                             :ARG2 (s35.p2 / peer
                                                           :poss s35.y)
                                             :domain (s35.s2 / something
                                                             :ARG1-of (s35.d / differ-02)))))
   :snt36 (s36.h / have-03
                 :ARG0 (s36.i / i
                              :same-as s2.i)
                 :ARG1 (s36.f / framework)
                 :polarity "-")
   :snt37 (s37.c2 / cause-01
                  :ARG0 (s37.u / urge-01
                               :ARG0 (s37.a2 / and
                                             :op1 (s37.p / person
                                                         :ARG0-of (s37.h / have-rel-role-91
                                                                         :ARG2 (s37.f / friend)))
                                             :op2 (s37.p2 / person
                                                          :ARG0-of (s37.h2 / have-rel-role-91
                                                                           :ARG1 (s37.i / i
                                                                                        :same-as s2.i)
                                                                           :ARG2 (s37.c3 / colleague))))
                               :ARG1 s37.i
                               :ARG2 (s37.p3 / publish-01
                                             :ARG0 s37.i
                                             :ARG1 (s37.b / book
                                                          :topic (s37.c / case-04
                                                                        :ARG1 (s37.n / necrophilia
                                                                                     :mod (s37.h3 / homosexual))
                                                                        :location (s37.m / mallard)
                                                                        :ord (s37.o / ordinal-entity
                                                                                    :value "1"))))
                               :time (s37.a / after
                                            :quant (s37.t / temporal-quantity
                                                          :unit (s37.y / year)
                                                          :quant "6")))
                  :ARG1 (s37.p4 / publish-01
                                :ARG0 s37.i
                                :ARG1 s37.b))
   :snt38 (s38.a2 / and
                  :op2 (s38.s / situation
                              :location (s38.h / here)
                              :mod (s38.a / again)))
   :snt39 (s39.a / and
                 :op1 (s39.o / office
                             :name (s39.n / name
                                          :op1 "A")
                             :poss (s39.i / i
                                          :same-as s2.i))
                 :op2 (s39.p / place
                             :location-of (s39.h / hit-01
                                                 :ARG0 (s39.d / duck
                                                              :same-as s11.d2)
                                                 :ARG1 (s39.g / glass))
                             :li "B")
                 :op3 (s39.p2 / place
                              :name (s39.n2 / name
                                            :op1 "B")
                              :location-of (s39.w / watch-01
                                                  :ARG0 s39.i
                                                  :ARG1 s39.d
                                                  :location s39.d)
                              :mod "C"))
   :snt40 (s40.a2 / and
                  :op2 (s40.d / duck
                              :location (s40.h / here)
                              :mod (s40.a / again)))
   :snt41 (s41.r / read-01
                 :ARG0 (s41.p2 / person
                               :quant (s41.o2 / or
                                              :op1 "6"
                                              :op2 "7")
                               :mod (s41.o / only))
                 :ARG1 (s41.s / science)
                 :ARG1-of (s41.k2 / know-01
                                  :ARG0 (s41.y / you)
                                  :mod (s41.p3 / probable))
                 :condition (s41.w / write-01
                                   :ARG0 s41.y
                                   :ARG1 (s41.p / paper
                                                :ARG1-of (s41.s2 / special-02)
                                                :mod (s41.k / kind)))
                 :mod s41.s)
   :snt42 (s42.c / contrast-01
                 :ARG2 (s42.e / event
                              :mod (s42.s / something
                                          :ARG1-of (s42.g / good-02))
                              :time (s42.t / then)))
   :snt43 (s43.a / and
                 :op1 (s43.c / call-02
                             :ARG0 (s43.p2 / person
                                           :name (s43.n / name
                                                        :op1 "Marc"
                                                        :op2 "Abrahams"))
                             :ARG1 (s43.i / i
                                          :same-as s2.i)
                             :medium (s43.p3 / phone))
                 :op2 (s43.t / tell-01
                             :ARG0 s43.p2
                             :ARG1 (s43.w / win-01
                                          :ARG0 s43.i
                                          :ARG1 (s43.p4 / prize
                                                        :name (s43.n2 / name
                                                                      :op1 "Ig"
                                                                      :op2 "Nobel"
                                                                      :op3 "Prize"))
                                          :manner (s43.p / paper
                                                         :mod (s43.d / duck)
                                                         :poss s43.i
                                                         :same-as s37.b))
                             :ARG2 s43.i))
   :snt44 (s44.a / and
                 :op2 (s44.h / honor-01
                             :ARG0 (s44.a2 / award
                                           :name (s44.n / name
                                                        :op1 "Ig"
                                                        :op2 "Nobel"
                                                        :op3 "Prize"
                                                        :op4 "Nobel"
                                                        :op5 "Prize"))
                             :ARG1 (s44.r / research-01
                                          :purpose (s44.m3 / make-02
                                                           :ARG0 s44.a2
                                                           :ARG1 (s44.i / interest-01
                                                                        :ARG1 (s44.p2 / person
                                                                                      :quant (s44.m4 / more))
                                                                        :ARG2 (s44.s / science))
                                                           :mod (s44.u / ultimate))
                                          :ARG0-of (s44.m / make-02
                                                          :ARG1 (s44.l / laugh-01
                                                                       :ARG0 (s44.p / person))
                                                          :time (s44.f / first))
                                          :ARG0-of (s44.m2 / make-02
                                                           :ARG1 (s44.t2 / think-01
                                                                         :ARG0 s44.p)
                                                           :time (s44.t / then)))))
   :snt45 (s45.c / cause-01
                 :ARG0 (s45.t2 / thing
                               :ARG1-of (s45.g / good-02)
                               :domain (s45.t / that
                                              :same-as s44.h))
                 :ARG1 (s45.a / accept-01
                              :ARG0 (s45.i / i
                                           :same-as s2.i)
                              :ARG1 (s45.p / prize
                                           :same-as s43.p4)))
   :snt46 (s46.a / and
                 :op1 (s46.g / go-02
                             :ARG0 (s46.i / i
                                          :same-as s2.i))
                 :op2 (s46.l / let-01
                             :ARG0 (s46.y / you)
                             :ARG1 (s46.r / remind-01
                                          :ARG0 (s46.i2 / i
                                                        :same-as s2.i)
                                          :ARG1 (s46.c / call-02
                                                       :ARG0 (s46.p / person
                                                                    :name (s46.n / name
                                                                                 :op1 "Marc"
                                                                                 :op2 "Abrahams")
                                                                    :same-as s43.p2)
                                                       :ARG1 s46.i2
                                                       :source (s46.c2 / city
                                                                       :name (s46.n2 / name
                                                                                     :op1 "Stockholm"))
                                                       :polarity "-")
                                          :ARG2 s46.y)))
   :snt47 (s47.c / call-02
                 :ARG0 (s47.h / he
                              :same-as s43.p2)
                 :ARG1 (s47.i / i
                              :same-as s2.i)
                 :source (s47.c2 / city
                                 :name (s47.n / name
                                              :op1 "Cambridge")
                                 :location (s47.s / state
                                                  :name (s47.n2 / name
                                                                :op1 "Massachusetts"))))
   :snt48 (s48.c / cause-01
                 :ARG1 (s48.a / and
                              :op1 (s48.c3 / city
                                           :name (s48.n / name
                                                        :op1 "Boston"))
                              :op2 (s48.c4 / city
                                           :name (s48.n2 / name
                                                         :op1 "Cambridge")
                                           :same-as s47.c2)
                              :op3 (s48.g / go-02
                                          :ARG0 (s48.i / i
                                                       :same-as s2.i)
                                          :ARG4 (s48.c2 / ceremony
                                                        :ARG1-of (s48.w / wonderful-03)
                                                        :ARG1-of (s48.h / hold-04
                                                                        :location (s48.u / university
                                                                                         :name (s48.n4 / name
                                                                                                       :op1 "Harvard"
                                                                                                       :op2 "University")))
                                                        :ARG1-of (s48.e / experience-01
                                                                        :ARG0 s48.i
                                                                        :ARG1-of (s48.n5 / nice-01
                                                                                         :degree (s48.v / very)))
                                                        :mod (s48.a2 / award
                                                                     :name (s48.n3 / name
                                                                                   :op1 "Ig"
                                                                                   :op2 "Nobel"
                                                                                   :op3 "Prize")
                                                                     :same-as s43.p4)
                                                        :mod (s48.t / this))))
                 :rel (s48.t2 / travel-01
                              :ARG0 s48.i))
   :snt49 (s49.h / hand-01
                 :ARG0 (s49.p / person
                              :ARG1-of (s49.c / certify-01
                                              :ARG2 (s49.a2 / award-01
                                                            :ARG1 (s49.a / award
                                                                         :name (s49.n / name
                                                                                      :op1 "Nobel"))
                                                            :ARG2 s49.p)))
                 :ARG1 (s49.p2 / prize
                               :same-as s43.p4)
                 :ARG2 (s49.y / you)
                 :rel (s49.r / real-04))
   :snt50 (s50.t2 / thing
                  :domain (s50.t / that
                                 :same-as s49.h)
                  :ord (s50.o / ordinal-entity
                              :value "1"))
   :snt51 (s51.a / and
                 :op2 (s51.g / get-01
                             :ARG0 (s51.p / person
                                          :ARG0-of (s51.w / win-01)
                                          :mod (s51.o / other)
                                          :quant "9")
                             :ARG1 (s51.p2 / prize-01
                                           :ARG1 s51.p)))
   :snt52 (s52.p / person
                 :ARG1-of (s52.i2 / include-91
                                  :ARG2 (s52.p2 / person
                                                :ARG0-of (s52.w / win-01)
                                                :mod (s52.f / fellow
                                                            :poss (s52.i / i
                                                                         :same-as s2.i)))
                                  :quant "1")
                 :location (s52.h / here))
   :snt53 (s53.p2 / person
                  :name (s53.n / name
                               :op1 "Charles"
                               :op2 "Paxton")
                  :ARG0-of (s53.w / win-01
                                  :ARG1 (s53.p3 / prize
                                                :ARG5 (s53.p / paper
                                                             :topic (s53.b / behave-01
                                                                           :ARG1 (s53.c3 / court)
                                                                           :ARG2 (s53.h / human)
                                                                           :condition (s53.c / condition
                                                                                             :location (s53.c2 / country
                                                                                                               :name (s53.n2 / name
                                                                                                                             :op1 "Britain"))
                                                                                             :mod (s53.f / farm-01))
                                                                           :mod (s53.e / exact)))
                                                :time (s53.d / date-entity
                                                             :year "2000")
                                                :topic (s53.b2 / biology)))
                  :domain (s53.t / that
                                 :same-as s52.i2)
                  :poss-of s53.p)
   :snt54 (s54.a / and
                 :op2 (s54.t / think-01
                             :ARG0 (s54.i / i
                                          :same-as s2.i)
                             :ARG1 (s54.b / be-located-at-91
                                          :ARG1 (s54.p / person
                                                       :quant (s54.o / or
                                                                     :op1 "1"
                                                                     :op2 "2")
                                                       :ARG0-of (s54.w / win-01
                                                                       :ARG1 (s54.a2 / award
                                                                                     :name (s54.n / name
                                                                                                  :op1 "Ig"
                                                                                                  :op2 "Nobel"
                                                                                                  :op3 "Prize")
                                                                                     :same-as s43.p4))
                                                       :mod (s54.m / more))
                                          :ARG2 (s54.r / room
                                                       :mod (s54.t2 / this)))))
   :snt55 (s55.s / say-01
                 :ARG0 (s55.i / i)
                 :ARG1 (s55.b / be-located-at-91
                              :ARG1 (s55.p / person
                                           :name (s55.n / name
                                                        :op1 "Dan"))
                              :ARG2 (s55.a / amr-unknown))
                 :ARG2 s55.p)
   :snt56 (s56.p / person
                 :name (s56.n / name
                              :op1 "Dan"
                              :op2 "Ariely")
                 :polarity (s56.a / amr-unknown)
                 :same-as s55.p)
   :snt57 (s57.a / applaud-01
                 :ARG1 (s57.p / person
                              :name (s57.n / name
                                           :op1 "Dan")
                              :same-as s55.p))
   :snt58 (s58.w / win-01
                 :ARG0 (s58.p / person
                              :name (s58.n / name
                                           :op1 "Dan")
                              :same-as s55.p)
                 :ARG1 (s58.p4 / prize-01
                               :ARG1 s58.p
                               :ARG2 (s58.m / medicine))
                 :ARG3 (s58.d / demonstrate-01
                              :ARG0 s58.p
                              :ARG1 (s58.w2 / work-09
                                            :ARG1 (s58.m2 / medicine
                                                          :ARG1-of (s58.f / fake-02)
                                                          :ARG1-of (s58.p2 / price-01
                                                                           :ARG1-of (s58.h2 / high-02)))
                                            :ARG1-of (s58.h / have-degree-91
                                                            :ARG2 (s58.g / good-02
                                                                         :ARG1 s58.w2)
                                                            :ARG3 (s58.m4 / more)
                                                            :ARG4 (s58.m3 / medicine
                                                                          :ARG1-of (s58.f2 / fake-02)
                                                                          :ARG1-of (s58.p3 / price-01
                                                                                           :ARG2 (s58.l / low-04)))))))
   :snt59 (s59.c / cause-01
                 :ARG1 (s59.a2 / and
                               :location (s59.h / here)
                               :op1 (s59.f / fame-01
                                           :ARG1 (s59.i / i
                                                        :same-as s55.p)
                                           :duration (s59.t / temporal-quantity
                                                            :unit (s59.m / minute)
                                                            :quant "1"))
                               :op2 (s59.s / speak-01
                                           :ARG0 s59.i
                                           :ARG3 (s59.a / accept-01
                                                        :ARG0 s59.i))
                               :op3 (s59.d / duck)))
   :snt60 (s60.b / be-located-at-91
                 :ARG1 (s60.i / it
                              :same-as s59.d)
                 :ARG2 (s60.c2 / country-region
                               :name (s60.n / name
                                            :op1 "West"
                                            :op2 "Coast")
                               :part-of (s60.c / country
                                               :name (s60.n2 / name
                                                             :op1 "U.S.")))
                 :domain (s60.t / this)
                 :ord (s60.o / ordinal-entity
                             :value "1"))
   :snt61 (s61.p / pass-05
                 :ARG0 (s61.i / i
                              :same-as s2.i)
                 :ARG1 (s61.i2 / it
                               :same-as s59.d))
   :snt62 (s62.y / yeah
                 :polarity (s62.a / amr-unknown))
   :snt63 (s63.p2 / possible-01
                  :ARG1 (s63.p / pass-05
                               :ARG0 (s63.y / you
                                            :same-as s2.i)
                               :ARG1 (s63.i / it
                                            :same-as s59.d)))
   :snt64 (s64.c2 / contrast-01
                  :ARG1 (s64.n2 / note-01
                                :ARG0 (s64.y / you)
                                :ARG1 (s64.s / specimen
                                             :domain (s64.i / it
                                                            :same-as s59.d)
                                             :location (s64.m / museum))
                                :mode "imperative"
                                :polite "+")
                  :ARG2 (s64.c / chance-02
                               :ARG1 (s64.g / get-01
                                            :ARG0 s64.y
                                            :ARG1 (s64.d / disease
                                                         :name (s64.n / name
                                                                      :op1 "avian"
                                                                      :op2 "flu")))
                               :polarity "-"))
   :snt65 (s65.c / change-01
                 :ARG1 (s65.l / life
                              :poss (s65.i / i
                                           :same-as s2.i)
                              :same-as s11.l)
                 :time (s65.a / after
                              :op1 (s65.w / win-01
                                          :ARG0 s65.i
                                          :ARG1 (s65.p / prize
                                                       :mod (s65.t / this)
                                                       :same-as s43.p4))))
   :snt66 (s66.a2 / and
                  :mod (s66.i2 / in-the-first-place)
                  :op1 (s66.s2 / start-01
                               :ARG0 (s66.p / person)
                               :ARG1 (s66.s / send-01
                                            :ARG0 s66.p
                                            :ARG1 (s66.t / thing
                                                         :quant (s66.k / kind
                                                                       :mod (s66.a / all))
                                                         :ARG1-of (s66.r2 / relate-01
                                                                          :ARG2 (s66.d / duck)))
                                            :ARG2 (s66.i / i
                                                         :same-as s2.i)))
                  :op2 (s66.g / get-01
                              :ARG0 s66.i
                              :ARG1 (s66.c / collect-01
                                           :ARG1-of (s66.n / nice-01
                                                           :degree (s66.r / really)))))
   :snt67 (s67.a / and
                 :op1 (s67.s2 / start-01
                              :ARG0 (s67.p / person)
                              :ARG1 (s67.s / send-01
                                           :ARG0 s67.p
                                           :ARG1 (s67.o / observe-01
                                                        :ARG0 s67.p
                                                        :ARG1 (s67.b / behave-01
                                                                     :ARG0 (s67.a2 / animal)
                                                                     :ARG1-of (s67.r / remarkable-02)))
                                           :ARG2 (s67.i / i
                                                        :same-as s2.i))
                              :ARG1-of (s67.h2 / have-degree-91
                                               :ARG2 (s67.i2 / important-01
                                                             :ARG1 s67.s2)
                                               :ARG3 (s67.m / more)))
                 :op2 (s67.b3 / believe-01
                              :ARG0 (s67.y / you)
                              :ARG1 s67.i
                              :topic (s67.h / have-condition-91
                                            :ARG1 (s67.k / know-01
                                                         :ARG0 s67.i
                                                         :ARG1 (s67.b2 / behave-01
                                                                       :ARG0 s67.a2
                                                                       :location (s67.p2 / planet
                                                                                         :mod (s67.t / this)))))))
   :snt68 (s68.m / moose
                 :domain (s68.t / this))
   :snt69 (s69.m / moose
                 :ARG0-of (s69.t / try-01
                                 :ARG1 (s69.c / cop
                                              :prep-with (s69.s / statue
                                                                :consist-of (s69.b2 / bronze)
                                                                :mod (s69.b / bison))))
                 :domain (s69.i / it
                                :same-as s68.t))
   :snt70 (s70.b / be-located-at-91
                 :ARG1 (s70.t / this)
                 :ARG2 (s70.s / state
                              :name (s70.n / name
                                           :op1 "Montana"))
                 :time (s70.d / date-entity
                              :year "2008"))
   :snt71 (s71.f / frog
                 :ARG0-of (s71.t2 / try-01
                                  :ARG1 (s71.c / cop
                                               :accompanier (s71.g / goldfish)))
                 :domain (s71.t / this
                                :same-as s70.t))
   :snt72 (s72.c / country
                 :name (s72.n / name
                              :op1 "Netherlands")
                 :domain (s72.t / this)
                 :time (s72.d / date-entity
                              :year "2011"))
   :snt73 (s73.t2 / toad
                  :domain (s73.t / this)
                  :location (s73.c2 / country
                                    :name (s73.n / name
                                                 :op1 "Australia"))
                  :mod (s73.c / cane))
   :snt74 (s74.r / roadkill
                 :domain (s74.t / this))
   :snt75 (s75.n2 / note-01
                  :ARG0 (s75.y / you)
                  :ARG1 (s75.n / necrophilia
                               :domain (s75.t / this))
                  :mode "imperative"
                  :polite "+")
   :snt76 (s76.r / remarkable-02
                 :ARG1 (s76.p / position-02))
   :snt77 (s77.r / rare-02
                 :ARG1 (s77.p / position
                              :mod (s77.m / missionary))
                 :degree (s77.v / very)
                 :location (s77.k / kingdom
                                  :mod (s77.a / animal)))
   :snt78 (s78.b / bird
                 :domain (s78.t / this)
                 :location (s78.c / city
                                  :name (s78.n / name
                                               :op1 "Rotterdam")
                                  :same-as s2.c))
   :snt79 (s79.s / swallow-01
                 :ARG0 (s79.a / Barnes)
                 :location (s79.c / city
                                  :name (s79.n / name
                                               :op1 "Hong"
                                               :op2 "Kong"))
                 :time (s79.d / date-entity
                              :year "2004"))
   :snt80 (s80.t2 / turkey
                  :domain (s80.t / this)
                  :location (s80.s / state
                                   :name (s80.n / name
                                                :op1 "Wisconsin"))
                  :location (s80.i2 / institution
                                    :name (s80.n2 / name
                                                  :op1 "Ethan"
                                                  :op2 "Allen")
                                    :ARG2-of (s80.i / incarcerate-01)
                                    :mod (s80.j / juvenile)))
   :snt81 (s81.a2 / and
                  :op1 (s81.t / take-10
                              :ARG0 (s81.i2 / it)
                              :ARG1 (s81.d / day
                                           :mod (s81.a / all)))
                  :op2 (s81.h / have-03
                              :ARG0 (s81.p / person
                                           :ARG1-of (s81.i / imprison-01))
                              :ARG1 (s81.t2 / time
                                            :mod (s81.g / great))))
   :snt82 (s82.m / mean-01
                 :ARG1 (s82.t / this)
                 :ARG2 (s82.a / amr-unknown))
   :snt83 (s83.m / mean-01
                 :ARG0 (s83.i / i
                              :same-as s2.i)
                 :ARG2 (s83.q / question-01
                              :ARG1 (s83.c / cause-01
                                           :ARG0 (s83.a / amr-unknown)
                                           :ARG1 (s83.e / event
                                                        :mod (s83.t / this)
                                                        :mod (s83.n / nature)))
                              :ARG1-of (s83.a2 / ask-01
                                               :ARG0 s83.i
                                               :ARG2 s83.i)))
   :snt84 (s84.c2 / conclude-01
                  :ARG0 (s84.i / i
                               :same-as s2.i)
                  :ARG1 (s84.i2 / important-01
                                :ARG1 (s84.h / have-condition-91
                                             :ARG1 (s84.t2 / this
                                                           :same-as s83.t)
                                             :ARG2 (s84.a2 / and
                                                           :manner (s84.d2 / dramatic)
                                                           :op1 (s84.i3 / instant
                                                                        :domain (s84.d / die-01))
                                                           :op2 (s84.p / position-01
                                                                       :ARG1 s84.d
                                                                       :ARG1-of (s84.r2 / right-03)
                                                                       :ARG2 (s84.c3 / cop)))
                                             :mod (s84.o / only)))
                  :mod (s84.w / well)
                  :source (s84.r / review-01
                                 :ARG0 s84.i
                                 :ARG1 (s84.c / case-03
                                              :mod (s84.t / this)
                                              :mod (s84.a / all))))
   :snt85 (s85.t / think-01
                 :ARG0 (s85.i / i
                              :same-as s2.i)
                 :ARG1 (s85.i2 / it)
                 :mod (s85.a / at-least)
                 :time (s85.u / until
                              :op1 (s85.g / get-01
                                          :ARG0 s85.i
                                          :ARG1 (s85.s / slide-01
                                                       :mod (s85.t2 / this)))))
   :snt86 (s86.a / and
                 :op2 (s86.s / see-01
                             :ARG0 (s86.y / you)
                             :ARG1 (s86.d2 / duck
                                           :ARG1-of (s86.d / die-01))
                             :location (s86.h / here)))
   :snt87 (s87.a / and
                 :op1 (s87.b2 / be-located-at-91
                              :ARG1 (s87.i / it
                                           :part (s87.b / back)
                                           :same-as s86.d2)
                              :ARG2 (s87.t2 / there)
                              :duration (s87.t / temporal-quantity
                                               :unit (s87.d / day)
                                               :quant "3"))
                 :op2 (s87.l / lay-01
                             :ARG1 s87.i
                             :ARG2 s87.b))
   :snt88 (s88.g / go-10
                 :ARG1 (s88.t / theory
                              :poss (s88.i / i
                                           :same-as s2.i)
                              :topic (s88.n / necrophilia))
                 :ARG2 (s88.t2 / there)
                 :mod (s88.s / so))
   :snt89 (s89.t / thing
                 :example-of (s89.i / impact-01
                                    :ARG0 (s89.b2 / building
                                                  :consist-of (s89.g / glass))
                                    :ARG1 (s89.l / live-01
                                                 :ARG0 (s89.b / bird)))
                 :mod (s89.a / another))
   :snt90 (s90.b / blackbird
                 :name (s90.n / name
                              :op1 "Mad"
                              :op2 "Max")
                 :ARG0-of (s90.l / live-01
                                 :location (s90.c / city
                                                  :name (s90.n2 / name
                                                                :op1 "Rotterdam")
                                                  :same-as s2.c))
                 :domain (s90.t / this))
   :snt91 (s91.f / fly-01
                 :ARG0 (s91.b / bird
                              :mod (s91.t / this)
                              :same-as s90.l)
                 :mod (s91.o / only)
                 :mod (s91.o2 / out
                              :op1 (s91.d4 / day)
                              :op2 (s91.d5 / day))
                 :path (s91.a / against
                              :op1 (s91.w / window
                                          :mod (s91.t2 / this)))
                 :time (s91.d3 / date-interval
                               :op1 (s91.d / date-entity
                                           :year "2004"
                                           :same-as s79.d)
                               :op2 (s91.d2 / date-entity
                                            :year "2008"
                                            :same-as s70.d)))
   :snt92 (s92.a / and
                 :op1 (s92.g / go-02
                             :ARG0 (s92.h / he
                                          :same-as s90.l)
                             :location (s92.h2 / here))
                 :op2 (s92.v / video
                             :ARG1-of (s92.s / short-07)
                             :location s92.h2))
   :snt93 (s93.i2 / infer-01
                  :ARG1 (s93.f / fight-01
                               :ARG0 (s93.b / bird
                                            :mod (s93.t / this)
                                            :same-as s90.l)
                               :ARG2 (s93.i / image
                                            :poss s93.b)))
   :snt94 (s94.a2 / and
                  :ARG0-of (s94.c / cause-01
                                  :ARG1 (s94.e / end-01
                                               :ARG1 (s94.p / person
                                                            :ARG0-of (s94.i / intrude-01))
                                               :polarity "-"))
                  :op1 (s94.s / see-01
                              :ARG0 (s94.h / he
                                           :same-as s90.l)
                              :ARG1 s94.p
                              :location (s94.t / territory
                                               :poss s94.h))
                  :op2 (s94.c2 / come-01
                               :ARG1 s94.p
                               :frequency (s94.t3 / time
                                                  :mod (s94.a / all)))
                  :op3 (s94.b / be-located-at-91
                              :ARG1 s94.h
                              :ARG2 (s94.t2 / there)))
   :snt95 (s95.a2 / and
                  :op2 (s95.t2 / think-01
                               :ARG0 (s95.i / i
                                            :ARG0-of (s95.s / study-01
                                                            :ARG1 (s95.b2 / bird
                                                                          :mod (s95.t3 / this)
                                                                          :part (s95.b3 / brain)
                                                                          :same-as s90.l)
                                                            :duration (s95.c / couple
                                                                             :op1 (s95.t / temporal-quantity
                                                                                         :unit (s95.y / year)
                                                                                         :quant "1")))
                                            :same-as s2.i)
                               :ARG1 (s95.r / recommend-01
                                            :ARG1 (s95.d / damage-01
                                                         :ARG1 s95.b3)
                                            :mod (s95.w / well)
                                            :polarity (s95.a / amr-unknown)
                                            :polarity "-")
                               :time (s95.b / begin-01)))
   :snt96 (s96.h / have-polarity-91
                 :ARG2 "-")
   :snt97 (s97.a2 / and
                  :ARG1-of (s97.s / show-01
                                  :ARG0 (s97.i / i
                                               :same-as s2.i)
                                  :ARG2 (s97.y / you)
                                  :location (s97.h2 / here)
                                  :op1-of s97.a2)
                  :op2 (s97.f2 / frame-06
                               :quant (s97.s4 / some)
                               :source (s97.v / video
                                              :same-as s92.v))
                  :op3 (s97.p / put-01
                              :ARG0 (s97.h / he
                                           :part (s97.f / foot)
                                           :same-as s90.l)
                              :ARG1 s97.f
                              :ARG2 (s97.f3 / front)
                              :time (s97.b2 / before
                                            :op1 (s97.h3 / hit-02
                                                         :ARG0 s97.h
                                                         :ARG1 (s97.g / glass)))
                              :time (s97.m / moment
                                           :mod (s97.l / last)))
                  :op4 (s97.b / bang-04
                              :ARG0 s97.h
                              :direction (s97.a / against
                                                :op1 s97.g)
                              :time (s97.t / then))
                  :rel (s97.s2 / slide-01
                               :mod (s97.s3 / some)))
   :snt98 (s98.c / cause-01
                 :ARG1 (s98.c2 / conclude-02
                               :ARG0 (s98.i / i
                                            :same-as s2.i)
                               :ARG2 (s98.i2 / invite-01
                                             :ARG0 s98.i
                                             :ARG1 (s98.y / you
                                                          :mod (s98.a / all)
                                                          :same-as s97.y)
                                             :ARG2 (s98.e / event
                                                          :name (s98.n / name
                                                                       :op1 "Dead"
                                                                       :op2 "Duck"
                                                                       :op3 "Day")))))
   :snt99 (s99.t / that
                 :frequency (s99.r / rate-entity-91
                                   :ARG3 (s99.y / year)
                                   :ARG4 (s99.d / date-entity
                                                :day "5"
                                                :month "6"))
                 :same-as s98.e)
   :snt100 (s100.a3 / and
                    :op1 (s100.c3 / come-01
                                  :ARG1 (s100.w2 / we)
                                  :location (s100.m2 / museum
                                                     :name (s100.n / name
                                                                   :op1 "Natural"
                                                                   :op2 "History"
                                                                   :op3 "Museum")
                                                     :location (s100.c / city
                                                                       :name (s100.n2 / name
                                                                                      :op1 "Rotterdam")
                                                                       :same-as s2.c))
                                  :mod (s100.t2 / together))
                    :op2 (s100.c4 / come-01
                                  :ARG1 (s100.d3 / duck
                                                 :same-as s11.d2)
                                  :ARG1-of (s100.o / out-06
                                                   :ARG2 s100.m2))
                    :op3 (s100.t3 / try-01
                                  :ARG0 s100.w2
                                  :ARG1 (s100.d2 / discuss-01
                                                 :ARG0 s100.w2
                                                 :ARG1 (s100.w / way
                                                               :ARG1-of (s100.n3 / new-01)
                                                               :manner-of (s100.p / prevent-01
                                                                                  :ARG1 (s100.c2 / collide-01
                                                                                                 :ARG0 (s100.b2 / bird)
                                                                                                 :ARG1 (s100.w3 / window))))))
                    :time (s100.a / after
                                  :quant (s100.b / between
                                                 :op1 (s100.d / date-entity
                                                              :dayperiod (s100.a2 / afternoon))
                                                 :op2 (s100.t / temporal-quantity
                                                              :unit (s100.m / minute)
                                                              :quant "6"))))
   :snt101 (s101.a / and
                   :op2 (s101.o / or
                                :op1 (s101.k / know-01
                                             :ARG0 (s101.y / you
                                                           :same-as s97.y)
                                             :ARG1 (s101.i / include-91
                                                           :ARG1 (s101.t / this
                                                                         :same-as s100.c2)
                                                           :ARG2 (s101.c / cause-01
                                                                         :ARG1 (s101.d / die-01
                                                                                       :ARG1 (s101.b / bird))
                                                                         :ARG1-of (s101.m / major-02)
                                                                         :location (s101.w / world
                                                                                           :same-as s67.p2))))
                                :op2 (s101.k2 / know-01
                                              :ARG0 s101.y
                                              :ARG1-of (s101.p / possible-01)
                                              :polarity "-")))
   :snt102 (s102.d / die-01
                   :ARG1 (s102.b / bird
                                 :quant "1000000000")
                   :ARG1-of (s102.c / cause-01
                                    :ARG0 (s102.c2 / collide-01
                                                   :ARG0 s102.b
                                                   :ARG1 (s102.b2 / building
                                                                  :consist-of (s102.g / glass))))
                   :location (s102.c3 / country
                                      :name (s102.n / name
                                                    :op1 "U.S.")
                                      :mod (s102.a / alone)))
   :snt103 (s103.a / and
                   :op2 (s103.a2 / and
                                 :op1 (s103.g / go-02
                                              :ARG0 (s103.w / we
                                                            :same-as s100.w2)
                                              :ARG4 (s103.r / restaurant
                                                            :mod (s103.c / country
                                                                         :name (s103.n / name
                                                                                       :op1 "China"))))
                                 :op2 (s103.h / have-06
                                              :ARG0 s103.w
                                              :ARG1 (s103.d / dinner
                                                            :consist-of (s103.c2 / course
                                                                                 :quant "6")
                                                            :mod (s103.d2 / duck)))
                                 :time (s103.o / over-01
                                               :ARG1 (s103.i / it))))
   :snt104 (s104.c / cause-01
                   :ARG1 (s104.h / hope-01
                                 :ARG0 (s104.i / i
                                               :same-as s2.i)
                                 :ARG1 (s104.s / see-01
                                               :purpose (s104.e / event
                                                                :name (s104.n3 / name
                                                                               :op1 "Dead"
                                                                               :op2 "Duck"
                                                                               :op3 "Day")
                                                                :same-as s98.e)
                                               :ARG0 s104.i
                                               :ARG1 (s104.y2 / you
                                                              :same-as s97.y)
                                               :location (s104.c2 / city
                                                                  :name (s104.n / name
                                                                                :op1 "Rotterdam")
                                                                  :location (s104.c3 / country
                                                                                     :name (s104.n2 / name
                                                                                                    :op1 "Netherlands"))
                                                                  :same-as s2.c)
                                               :time (s104.y / year
                                                             :mod (s104.n4 / next)))))
   :snt105 (s105.t / thank-01
                   :ARG1 (s105.y / you
                                 :same-as s2.i))
   :snt106 (s106.s / sorry-01
                   :ARG1 (s106.i / i)
                   :mod (s106.o / oh
                                :mode "expressive"))
   :snt107 (s107.p / permit-01
                   :ARG1 (s107.h / have-03
                                 :ARG0 (s107.i / i
                                               :same-as s2.i)
                                 :ARG1 (s107.b / back
                                               :mod (s107.d / duck
                                                            :poss s107.i)))
                   :polarity (s107.a / amr-unknown)
                   :polite "+")
   :snt108 (s108.t / thank-01
                   :ARG1 (s108.y / you
                                 :same-as s2.i)))

