# ::id doc-1175
# ::doc_file doc-1175
# ::tok http : / / www . ted . com / talks / maya_penn_meet_a_young_entrepreneur_cartoonist_designer_activist< / url> <next_sent> Server : May I help you , sir ? <next_sent> Customer : Uh , let 's see . <next_sent> Server : We have pan seared registry error sprinkled with the finest corrupted data , binary brioche , RAM sandwiches , Conficker fitters , and a scripting salad with or without polymorphic dressing , and a grilled coding kabob . <next_sent> Customer : I 'd like a RAM sandwich and a glass of your finest Code 39 . <next_sent> Server : Would you like any desserts , sir ? <next_sent> Our special is tracking cookie . <next_sent> Customer : I 'd like a batch of some zombie tracking cookies , thank you . <next_sent> Server : Coming right up , sir . <next_sent> Your food will be served shortly . <next_sent> Maya Penn : I 've been drawing ever since I could hold a crayon , and I 've been making animated flip books since I was three years old . <next_sent> At that age , I also learned about what an animator was . <next_sent> There was a program on TV about jobs most kids do n't know about . <next_sent> When I understood that an animator makes the cartoons I saw on TV , I immediately said , " That 's what I want to be . " <next_sent> I do n't know if I said it mentally or out loud , but that was a greatly defining moment in my life . <next_sent> Animation and art has always been my first love . <next_sent> It was my love for technology that sparked the idea for " Malicious Dishes . " <next_sent> There was a virus on my computer , and I was trying to get rid of it , and all of a sudden , I just thought , what if viruses have their own little world inside the computer ? <next_sent> Maybe a restaurant where they meet up and do virusy things ? <next_sent> And thus , " Malicious Dishes " was born . <next_sent> At four years old , my dad showed me how to take apart a computer and put it back together again . <next_sent> That started my love for technology . <next_sent> I built my first website myself in HTML , and I 'm learning JavaScript and Python . <next_sent> I 'm also working on an animated series called " The Pollinators . " <next_sent> It 's about bees and other pollinators in our environment and why they 're so important . <next_sent> If plants are n't pollinated by the pollinators , then all creatures , including ourselves , that depend on these plants , would starve . <next_sent> So I decided to take these cool creatures and make a superhero team . <next_sent> Pollinator : Deforestsaurus ! <next_sent> I should have known ! <next_sent> I need to call on the rest of the Pollinators ! <next_sent> Thank you . <next_sent> All of my animations start with ideas , but what are ideas ? <next_sent> Ideas can spark a movement . <next_sent> Ideas are opportunities and innovation . <next_sent> Ideas truly are what make the world go round . <next_sent> If it was n't for ideas , we would n't be where we are now with technology , medicine , art , culture , and how we even live our lives . <next_sent> At eight years old , I took my ideas and started my own business called Maya 's Ideas , and my nonprofit , Maya 's Ideas for the Planet . <next_sent> And I make eco - friendly clothing and accessories . <next_sent> I 'm 13 now , and although I started my business in 2008 , my artistic journey started way before then . <next_sent> I was greatly influenced by art , and I wanted to incorporate it in everything I did , even my business . <next_sent> I would find different fabrics around the house , and say , &amp ; quot ; This could be a scarf or a hat , &amp ; quot ; and I had all these ideas for designs . <next_sent> I noticed when I wore my creations , people would stop me and say , " Wow , that 's really cute . <next_sent> Where can I get one ? " <next_sent> And I thought , I can start my own business . <next_sent> Now I did n't have any business plans at only eight years old . <next_sent> I only knew I wanted to make pretty creations that were safe for the environment and I wanted to give back . <next_sent> My mom taught me how to sew , and on my back porch , I would sit and make little headbands out of ribbon , and I would write down the names and the price of each item . <next_sent> I started making more items like hats , scarves and bags . <next_sent> Soon , my items began selling all over the world , and I had customers in Denmark , Italy , Australia , Canada and more . <next_sent> Now , I had a lot to learn about my business , like branding and marketing , staying engaged with my customers , and seeing what sold the most and the least . <next_sent> Soon , my business really started to take off . <next_sent> Then one day , Forbes magazine contacted me when I was 10 years old . <next_sent> They wanted to feature me and my company in their article . <next_sent> Now a lot of people ask me , why is your business eco - friendly ? <next_sent> I 've had a passion for protecting the environment and its creatures since I was little . <next_sent> My parents taught me at an early age about giving back and being a good steward to the environment . <next_sent> I heard about how the dyes in some clothing or the process of even making the items was harmful to the people and the planet , so I started doing my own research , and I discovered that even after dyeing has being completed , there is a waste issue that gives a negative impact on the environment . <next_sent> For example , the grinding of materials , or the dumping of dried powder materials . <next_sent> These actions can pollute the air , making it toxic to anyone or anything that inhales it . <next_sent> So when I started my business , I knew two things : All of my items had to be eco - friendly , and 10 to 20 percent of the profits I made went to local and global charities and environmental organizations . <next_sent> I feel I 'm part of the new wave of entrepreneurs that not only seeks to have a successful business , but also a sustainable future . <next_sent> I feel that I can meet the needs of my customers without compromising the ability of future generations to live in a greener tomorrow . <next_sent> We live in a big , diverse and beautiful world , and that makes me even more passionate to save it . <next_sent> But it 's never enough to just to get it through your heads about the things that are happening in our world . <next_sent> It takes to get it through your hearts , because when you get it through your heart , that is when movements are sparked . <next_sent> That is when opportunities and innovation are created , and that is why ideas come to life . <next_sent> Thank you , and peace and blessings . <next_sent> Thank you . <next_sent> Pat Mitchell : So , you heard Maya talk about the amazing parents who are behind this incredible woman . <next_sent> Where are they ?
(d / document
   :snt1 (s1.u / url-entity
               :topic (s1.t / talk-01
                            :ARG0 (s1.p / person
                                        :name (s1.n / name))
                            :mod (s1.m / minister
                                       :polarity "-")))
   :snt2 (s2.s / say-01
               :ARG0 (s2.p / person
                           :ARG0-of (s2.s2 / serve-01))
               :ARG1 (s2.h2 / help-01
                            :ARG0 (s2.i / i)
                            :ARG2 (s2.y / you
                                        :ARG0-of (s2.h / have-rel-role-91
                                                       :ARG2 (s2.s3 / sir)
                                                       :same-as s2.y)))
               :polarity (s2.a / amr-unknown))
   :snt3 (s3.s / say-01
               :ARG0 (s3.c / customer
                           :same-as s2.y)
               :ARG1 (s3.s2 / see-01
                            :ARG0 (s3.w / we)
                            :mode "imperative")
               :mod (s3.u / uh))
   :snt4 (s4.s3 / say-01
                :ARG0 (s4.p2 / person
                             :ARG0-of (s4.s6 / serve-01))
                :ARG1 (s4.h / have-03
                            :ARG0 (s4.w / we))
                :rel (s4.e / err-01
                           :ARG1 (s4.r / registry)
                           :ARG1-of (s4.s5 / sear-01
                                           :instrument (s4.p / pan))
                           :ARG1-of (s4.m / mix-01
                                          :ARG2 (s4.a / and
                                                      :op1 (s4.d / data
                                                                 :ARG1-of (s4.c2 / corrupt-01)
                                                                 :ARG1-of (s4.h2 / have-degree-91
                                                                                 :ARG2 (s4.f / fine-03
                                                                                             :ARG1 s4.d)
                                                                                 :ARG3 (s4.m2 / most)))
                                                      :op2 (s4.b2 / brioche
                                                                  :mod (s4.b / binary))
                                                      :op3 (s4.p4 / product
                                                                  :name (s4.n / name
                                                                              :op1 "RAM")
                                                                  :op4 (s4.s2 / sandwich))
                                                      :op5 (s4.p5 / product
                                                                  :name (s4.n2 / name
                                                                               :op1 "Conficker"
                                                                               :op2 "fuck"))
                                                      :op6 (s4.s / salad
                                                                 :ARG1-of (s4.s4 / script-01)
                                                                 :op1-of (s4.o / or
                                                                               :op2 (s4.d2 / dressing
                                                                                           :mod (s4.p3 / polymorphic))))
                                                      :op7 (s4.k / kabob
                                                                 :ARG1-of (s4.b3 / broil-01)
                                                                 :mod (s4.c / code))))))
   :snt5 (s5.s2 / say-01
                :ARG0 (s5.c2 / customer)
                :ARG1 (s5.l / like-02
                            :ARG0 (s5.i / i
                                        :same-as s2.y)
                            :ARG1 (s5.a / and
                                        :op1 (s5.s / sandwich
                                                   :mod (s5.p / product
                                                              :name (s5.n / name
                                                                          :op1 "RAM")))
                                        :op2 (s5.c / code
                                                   :quant (s5.v / volume-quantity
                                                                :unit (s5.g / glass)
                                                                :mod "39"
                                                                :quant "1")
                                                   :ARG1-of (s5.h / have-degree-91
                                                                  :ARG2 (s5.f / fine-03
                                                                              :ARG1 s5.c)
                                                                  :ARG3 (s5.m / most))
                                                   :poss (s5.y / you
                                                               :same-as s2.i)))))
   :snt6 (s6.s / say-01
               :ARG0 (s6.p / person
                           :ARG0-of (s6.s2 / serve-01))
               :ARG1 (s6.l / like-02
                           :ARG1 (s6.d / dessert
                                       :mod (s6.a2 / any))
                           :ARG2 (s6.s3 / sir
                                        :same-as s2.y))
               :polarity (s6.a / amr-unknown))
   :snt7 (s7.t / track-01
               :ARG1 (s7.c / cookie)
               :ARG1-of (s7.s / special-02
                              :ARG2 (s7.w / we
                                          :same-as s4.w)))
   :snt8 (s8.s / say-01
               :ARG0 (s8.c2 / customer)
               :ARG1 (s8.l / like-02
                           :ARG0 (s8.i / i
                                       :same-as s2.y)
                           :ARG1 (s8.b / batch
                                       :consist-of (s8.c / cookie
                                                         :quant (s8.s2 / some)
                                                         :ARG0-of (s8.t2 / track-01
                                                                         :ARG1 (s8.z / zombie))))
                           :ARG2-of (s8.t / thank-01
                                          :ARG0 s8.i)))
   :snt9 (s9.s / say-01
               :ARG0 (s9.p / person
                           :ARG0-of (s9.s2 / serve-01))
               :ARG1 (s9.c / come-01
                           :direction (s9.u / up)
                           :mod (s9.r / right))
               :ARG2 (s9.s3 / sir
                            :same-as s2.y))
   :snt10 (s10.s / serve-02
                 :ARG1 (s10.f / food
                              :poss (s10.y / you
                                           :same-as s2.y))
                 :time (s10.s2 / short-07))
   :snt11 (s11.s / say-01
                 :ARG0 (s11.p / person
                              :name (s11.n / name
                                           :op1 "Maya"
                                           :op2 "Penn"))
                 :ARG1 (s11.a2 / and
                               :op1 (s11.d / draw-01
                                           :ARG0 s11.p
                                           :time (s11.s2 / since
                                                         :mod (s11.e / ever)
                                                         :op1 (s11.p2 / possible-01
                                                                      :ARG1 (s11.h / hold-01
                                                                                   :ARG0 s11.p
                                                                                   :ARG1 (s11.c / crayon)))))
                               :op2 (s11.m / make-01
                                           :ARG0 s11.p
                                           :ARG1 (s11.b / book
                                                        :ARG1-of (s11.f / flip-01)
                                                        :ARG1-of (s11.m2 / make-01))
                                           :time (s11.s3 / since
                                                         :op1 (s11.a / age-01
                                                                     :ARG1 s11.p
                                                                     :ARG2 (s11.t / temporal-quantity
                                                                                  :unit (s11.y / year)
                                                                                  :quant "3"))))))
   :snt12 (s12.l / learn-01
                 :ARG0 (s12.i / i
                              :same-as s11.p)
                 :ARG1 (s12.t2 / thing
                               :domain (s12.p / person
                                              :mod (s12.a3 / animal
                                                           :ARG0-of (s12.m / make-01))))
                 :mod (s12.a2 / also)
                 :time (s12.a / age
                              :mod (s12.t / that)
                              :poss s12.i
                              :same-as s11.a))
   :snt13 (s13.b / broadcast-program
                 :medium (s13.t / television)
                 :topic (s13.j / job
                               :ARG1-of (s13.k2 / know-01
                                                :ARG0 (s13.k / kid
                                                             :mod (s13.m / most))
                                                :polarity "-")))
   :snt14 (s14.s / say-01
                 :ARG0 (s14.i / i
                              :same-as s11.p)
                 :ARG1 (s14.w / want-01
                              :ARG0 s14.i
                              :ARG1 (s14.t2 / that
                                            :same-as s14.m))
                 :manner (s14.i2 / immediate)
                 :time (s14.u / understand-01
                              :ARG0 s14.i
                              :ARG1 (s14.m / make-01
                                           :ARG0 (s14.p / person
                                                        :mod (s14.a / animal))
                                           :ARG1 (s14.c / cartoon
                                                        :ARG1-of (s14.s2 / see-01
                                                                         :ARG0 s14.i
                                                                         :medium (s14.t / television))
                                                        :mod (s14.a2 / animal)))))
   :snt15 (s15.c / contrast-01
                 :ARG1 (s15.k / know-01
                              :ARG0 (s15.i / i
                                           :same-as s11.p)
                              :ARG1 (s15.o / or
                                           :op1 (s15.s / say-01
                                                       :ARG0 s15.i
                                                       :ARG1 (s15.i2 / it)
                                                       :manner (s15.m / mental))
                                           :op2 (s15.s2 / say-01
                                                        :ARG0 s15.i
                                                        :ARG1 s15.i2
                                                        :manner (s15.l2 / loud)))
                              :polarity "-")
                 :ARG2 (s15.m2 / moment
                               :ARG1 (s15.l / life
                                            :poss s15.i)
                               :ARG1-of (s15.d / define-01
                                               :ARG0 (s15.t / that)
                                               :degree (s15.g / great))
                               :domain s15.t))
   :snt16 (s16.l / love-01
                 :ARG0 (s16.i / i
                              :same-as s11.p)
                 :ARG1 (s16.a2 / and
                               :op1 (s16.e / editor)
                               :op2 (s16.a3 / art))
                 :ord (s16.o / ordinal-entity
                             :value "1")
                 :time (s16.a / always))
   :snt17 (s17.s / spark-01
                 :ARG0 (s17.l / love-01
                              :ARG0 (s17.i / i
                                           :same-as s11.p)
                              :ARG1 (s17.t / technology))
                 :ARG1 (s17.i2 / idea
                               :topic (s17.b / book
                                             :name (s17.n / name
                                                          :op1 "Malicious"
                                                          :op2 "Dishes"))))
   :snt18 (s18.a3 / and
                  :op1 (s18.b / be-located-at-91
                              :ARG1 (s18.v / virus)
                              :ARG2 (s18.c / computer
                                           :poss (s18.i / i
                                                        :same-as s11.p)))
                  :op2 (s18.t2 / try-01
                               :ARG0 s18.i
                               :ARG1 (s18.r / rid-01
                                            :ARG0 s18.i
                                            :ARG1 s18.v))
                  :op3 (s18.t / think-01
                              :ARG0 s18.i
                              :ARG1 (s18.h2 / have-condition-91
                                            :ARG1 (s18.a2 / amr-unknown)
                                            :ARG2 (s18.h / have-03
                                                         :ARG0 (s18.v2 / virus)
                                                         :ARG1 (s18.w / world
                                                                      :location (s18.i2 / inside
                                                                                        :op1 s18.c)
                                                                      :mod (s18.l / little)
                                                                      :poss s18.v2)))
                              :manner (s18.s / sudden
                                             :mod (s18.a / all))
                              :mod (s18.j / just)))
   :snt19 (s19.p / possible-01
                 :ARG1 (s19.r / restaurant
                              :location-of (s19.a2 / and
                                                   :op1 (s19.m / meet-up-04
                                                               :ARG0 (s19.t / they
                                                                            :same-as s18.v2))
                                                   :op2 (s19.d / do-02
                                                               :ARG0 s19.t
                                                               :ARG1 (s19.t2 / thing
                                                                             :mod (s19.v / virus)))))
                 :polarity (s19.a / amr-unknown))
   :snt20 (s20.a / and
                 :op2 (s20.c / cause-01
                             :ARG1 (s20.b / bear-02
                                          :ARG1 (s20.t / thing
                                                       :name (s20.n / name
                                                                    :op1 "Malicious"
                                                                    :op2 "Dishes")))))
   :snt21 (s21.s / show-01
                 :ARG0 (s21.p / person
                              :ARG0-of (s21.h / have-rel-role-91
                                              :ARG1 (s21.i / i
                                                           :same-as s11.p)
                                              :ARG2 (s21.d / dad)))
                 :ARG1 (s21.t2 / thing
                               :manner-of (s21.a3 / and
                                                  :op1 (s21.f / fall-apart-09
                                                              :ARG1 (s21.c / computer))
                                                  :op2 (s21.p2 / put-01
                                                               :ARG1 s21.c
                                                               :ARG2 (s21.b / back)
                                                               :mod (s21.t3 / together)
                                                               :mod (s21.a / again))))
                 :ARG2 s21.i
                 :time (s21.a2 / age-01
                               :ARG1 s21.i
                               :ARG2 (s21.t / temporal-quantity
                                            :unit (s21.y / year)
                                            :quant "4")))
   :snt22 (s22.s / start-01
                 :ARG0 (s22.t2 / that
                               :same-as s21.s)
                 :ARG1 (s22.l / love-01
                              :ARG0 (s22.i / i
                                           :same-as s11.p)
                              :ARG1 (s22.t / technology)))
   :snt23 (s23.a / and
                 :op1 (s23.b / build-01
                             :ARG0 (s23.i / i
                                          :same-as s11.p)
                             :ARG1 (s23.w / website
                                          :ord (s23.o / ordinal-entity
                                                      :value "1")
                                          :poss s23.i)
                             :medium (s23.l / language
                                            :name (s23.n / name
                                                         :op1 "HTML")))
                 :op2 (s23.l4 / learn-01
                              :ARG0 s23.i
                              :ARG1 (s23.a2 / and
                                            :op1 (s23.l2 / language
                                                         :name (s23.n2 / name
                                                                       :op1 "JavaScript"))
                                            :op2 (s23.l3 / language
                                                         :name (s23.n3 / name
                                                                       :op1 "Python")))))
   :snt24 (s24.w / work-01
                 :ARG0 (s24.i / i
                              :same-as s11.p)
                 :ARG1 (s24.s / series
                              :name (s24.n / name
                                           :op1 "The"
                                           :op2 "Pollinators")
                              :mod (s24.a2 / animated))
                 :mod (s24.a / also))
   :snt25 (s25.a / and
                 :domain (s25.i2 / it
                                 :same-as s24.s)
                 :op2 (s25.t / thing
                             :ARG0-of (s25.c / cause-01
                                             :ARG1 (s25.i / important-01
                                                          :ARG1 (s25.a2 / and
                                                                        :location (s25.e / environment
                                                                                         :poss (s25.w / we))
                                                                        :op1 (s25.b / bee)
                                                                        :op2 (s25.p / person
                                                                                    :ARG0-of (s25.p2 / poll)
                                                                                    :mod (s25.o / other)))
                                                          :degree (s25.s / so)))))
   :snt26 (s26.s / starve-01
                 :ARG1 (s26.c / creature
                              :ARG0-of (s26.d / depend-01
                                              :ARG1 (s26.p / plant
                                                           :mod (s26.t / this)))
                              :ARG2-of (s26.i / include-01
                                              :ARG1 (s26.w / we))
                              :mod (s26.a / all))
                 :condition (s26.p3 / poll-01
                                    :ARG0 (s26.p2 / poll
                                                  :same-as s25.a2)
                                    :ARG1 s26.p
                                    :polarity "-"))
   :snt27 (s27.c / cause-01
                 :ARG1 (s27.d / decide-01
                              :ARG0 (s27.i / i
                                           :same-as s11.p)
                              :ARG1 (s27.a / and
                                           :op1 (s27.t / take-01
                                                       :ARG0 s27.i
                                                       :ARG1 (s27.c3 / creature
                                                                     :ARG1-of (s27.c2 / cool-04)
                                                                     :mod (s27.t3 / this)))
                                           :op2 (s27.m / make-01
                                                       :ARG0 s27.i
                                                       :ARG1 (s27.t2 / team
                                                                     :mod (s27.s / superhero))))))
   :snt28 (s28.s / say-01
                 :ARG0 (s28.p / person
                              :ARG0-of (s28.p2 / poll-01))
                 :ARG1 (s28.t / thing
                              :name (s28.n / name
                                           :op1 "Deforestsaurus")))
   :snt29 (s29.r / recommend-01
                 :ARG1 (s29.k / know-01
                              :ARG0 (s29.i / i
                                           :same-as s11.p)))
   :snt30 (s30.n / need-01
                 :ARG0 (s30.i / i
                              :same-as s11.p)
                 :ARG1 (s30.c / call-on-05
                              :ARG0 s30.i
                              :ARG1 (s30.p / poll
                                           :mod (s30.r / rest))))
   :snt31 (s31.t / thank-01
                 :ARG1 (s31.y / you
                              :same-as s2.i))
   :snt32 (s32.c / contrast-01
                 :ARG1 (s32.s / start-01
                              :ARG1 (s32.a3 / avatar
                                            :mod (s32.a / all)
                                            :poss (s32.i / i
                                                         :same-as s11.p))
                              :ARG2 (s32.i2 / idea))
                 :ARG2 (s32.a2 / amr-unknown
                               :domain s32.i2))
   :snt33 (s33.p / possible-01
                 :ARG1 (s33.s / spark-01
                              :ARG0 (s33.i / idea)
                              :ARG1 (s33.m / movement-07)))
   :snt34 (s34.a / and
                 :domain (s34.i / idea)
                 :op1 (s34.o / opportunity)
                 :op2 (s34.i2 / innovate-01))
   :snt35 (s35.m / make-02
                 :ARG0 (s35.i / idea)
                 :ARG1 (s35.g / go-02
                              :ARG0 (s35.w / world)
                              :ARG1 (s35.r / round))
                 :ARG1-of (s35.t / true-01))
   :snt36 (s36.h2 / have-condition-91
                  :ARG1 (s36.b / be-located-at-91
                               :ARG1 (s36.w / we)
                               :ARG2 (s36.a / amr-unknown
                                            :time (s36.n / now))
                               :polarity "-")
                  :ARG2 (s36.i / idea
                               :polarity "-")
                  :rel (s36.a2 / and
                               :ARG1-of (s36.h / have-03
                                               :ARG0 s36.w)
                               :op1 (s36.t / technology)
                               :op2 (s36.m / medicine)
                               :op3 (s36.a3 / art)
                               :op4 (s36.c / culture)
                               :op5 (s36.t2 / thing
                                            :manner-of (s36.l / live-01
                                                              :ARG0 s36.w
                                                              :ARG1 (s36.l2 / live-01
                                                                            :ARG0 s36.w)
                                                              :mod (s36.e / even)))))
   :snt37 (s37.a2 / and
                  :op1 (s37.t / take-01
                              :ARG0 (s37.i / i
                                           :same-as s11.p)
                              :ARG1 (s37.i2 / idea
                                            :poss s37.i))
                  :op2 (s37.s / start-01
                              :ARG0 s37.i
                              :ARG1 (s37.a3 / and
                                            :op1 (s37.b / business
                                                        :name (s37.n / name
                                                                     :op1 "Maya"
                                                                     :op2 "Ideas")
                                                        :ARG1-of (s37.c / call-01)
                                                        :poss s37.i)
                                            :op2 (s37.b2 / business
                                                         :name (s37.n2 / name
                                                                       :op1 "Maya"
                                                                       :op2 "Ideas"
                                                                       :op3 "for"
                                                                       :op4 "the"
                                                                       :op5 "Planet")
                                                         :ARG0-of (s37.p / profit-01)
                                                         :poss s37.i)))
                  :time (s37.a / age-01
                               :ARG1 s37.i
                               :ARG2 (s37.t2 / temporal-quantity
                                             :unit (s37.y / year)
                                             :quant "8")))
   :snt38 (s38.a2 / and
                  :op2 (s38.m / make-01
                              :ARG0 (s38.i / i
                                           :same-as s11.p)
                              :ARG1 (s38.a3 / and
                                            :op1 (s38.c / clothing
                                                        :ARG1-of (s38.f / friendly-01
                                                                        :ARG2 (s38.e / eco)))
                                            :op2 (s38.a / accessory))))
   :snt39 (s39.a2 / and
                  :op1 (s39.a / age-01
                              :ARG1 (s39.i / i
                                           :same-as s11.p)
                              :ARG2 (s39.t / temporal-quantity
                                           :unit (s39.y / year)
                                           :quant "13")
                              :time (s39.n / now))
                  :op2 (s39.h / have-concession-91
                              :ARG1 (s39.s2 / start-01
                                            :ARG1 (s39.j / journey-01
                                                         :ARG0 s39.i
                                                         :mod (s39.a3 / art))
                                            :time (s39.b / before
                                                         :quant (s39.w / way)
                                                         :op1 (s39.d / date-entity
                                                                     :year "2008")))
                              :ARG2 (s39.s / start-01
                                           :ARG0 s39.i
                                           :ARG1 (s39.b2 / business
                                                         :poss s39.i
                                                         :same-as s37.b)
                                           :time s39.d)))
   :snt40 (s40.a / and
                 :op1 (s40.i3 / influence-01
                              :ARG0 (s40.a3 / art)
                              :ARG1 (s40.i / i
                                           :same-as s11.p)
                              :degree (s40.g / great))
                 :op2 (s40.w / want-01
                             :ARG0 s40.i
                             :ARG1 (s40.i2 / incorporate-02
                                           :ARG0 s40.i
                                           :ARG1 s40.a3
                                           :ARG2 (s40.a2 / and
                                                         :op1 (s40.e2 / everything
                                                                      :ARG1-of (s40.d / do-02
                                                                                      :ARG0 s40.i))
                                                         :op2 (s40.b / business
                                                                     :mod (s40.e / even)
                                                                     :poss s40.i)))))
   :snt41 (s41.a2 / and
                  :op1 (s41.f2 / find-01
                               :ARG0 (s41.i / i
                                            :same-as s11.p)
                               :ARG1 (s41.f / fabricate-01
                                            :ARG1-of (s41.d2 / differ-02))
                               :location (s41.a3 / around
                                                 :op1 (s41.h3 / house)))
                  :op2 (s41.s / say-01
                              :ARG0 s41.i
                              :ARG1 (s41.p / possible-01
                                           :ARG1 (s41.o / or
                                                        :domain (s41.t / this)
                                                        :op1 (s41.s2 / scarf)
                                                        :op2 (s41.h / hat))))
                  :op3 (s41.h2 / have-03
                               :ARG0 s41.i
                               :ARG1 (s41.i2 / idea
                                             :mod (s41.t2 / this)
                                             :mod (s41.a / all)
                                             :topic (s41.d / design-01))))
   :snt42 (s42.n / notice-01
                 :ARG0 (s42.i / i
                              :same-as s11.p)
                 :ARG1 (s42.a / and
                              :op1 (s42.s2 / stop-01
                                           :ARG0 (s42.p / person)
                                           :ARG1 s42.i)
                              :op2 (s42.s / say-01
                                          :ARG0 s42.p
                                          :ARG1 (s42.c2 / cute
                                                        :degree (s42.r / really)
                                                        :domain (s42.t / thing
                                                                       :ARG1-of (s42.c / create-01)
                                                                       :poss s42.i)
                                                        :mod (s42.w2 / wow
                                                                     :mode "expressive"))
                                          :ARG2 s42.i)
                              :time (s42.w / wear-01
                                           :ARG0 s42.i
                                           :ARG1 s42.t)))
   :snt43 (s43.p / possible-01
                 :ARG1 (s43.g / get-01
                              :ARG0 (s43.i / i
                                           :same-as s42.p)
                              :ARG1 (s43.o / one)
                              :location (s43.a / amr-unknown)))
   :snt44 (s44.a / and
                 :op2 (s44.t / think-01
                             :ARG0 (s44.i / i
                                          :same-as s11.p)
                             :ARG1 (s44.p / possible-01
                                          :ARG1 (s44.s / start-01
                                                       :ARG0 s44.i
                                                       :ARG1 (s44.b / business
                                                                    :poss s44.i)))))
   :snt45 (s45.p / plan-01
                 :ARG0 (s45.i / i
                              :same-as s11.p)
                 :ARG1 (s45.b / business)
                 :age (s45.t / temporal-quantity
                             :mod (s45.o / only)
                             :unit (s45.y / year)
                             :quant "8")
                 :polarity "-")
   :snt46 (s46.k / know-01
                 :ARG0 (s46.i / i
                              :same-as s11.p)
                 :ARG1 (s46.a / and
                              :op1 (s46.w / want-01
                                          :ARG0 s46.i
                                          :ARG1 (s46.m / make-01
                                                       :ARG0 s46.i
                                                       :ARG1 (s46.t / thing
                                                                    :ARG0-of (s46.s / safe-01
                                                                                    :ARG2 (s46.e / environment))
                                                                    :ARG1-of (s46.c / create-01
                                                                                    :ARG0 s46.i)
                                                                    :mod (s46.p / pretty))))
                              :op2 (s46.w2 / want-01
                                           :ARG0 s46.i
                                           :ARG1 (s46.g / give-back-03
                                                        :ARG0 s46.i
                                                        :ARG1 s46.t)))
                 :mod (s46.o / only))
   :snt47 (s47.a / and
                 :op1 (s47.t / teach-01
                             :ARG0 (s47.p / person
                                          :ARG0-of (s47.h / have-rel-role-91
                                                          :ARG1 (s47.i / i
                                                                       :same-as s11.p)
                                                          :ARG2 (s47.m2 / mom)))
                             :ARG1 (s47.s2 / stitch-01
                                           :ARG0 s47.i)
                             :ARG2 s47.i)
                 :op2 (s47.a2 / and
                              :location (s47.p2 / porch
                                                :mod (s47.b / back)
                                                :poss s47.i)
                              :op1 (s47.s / sit-01
                                          :ARG1 s47.i)
                              :op2 (s47.m / make-01
                                          :ARG0 s47.i
                                          :ARG1 (s47.e2 / earring
                                                        :mod (s47.l / little))
                                          :ARG2 (s47.r / ribbon))
                              :op3 (s47.w / write-01
                                          :ARG0 s47.i
                                          :ARG1 (s47.a3 / and
                                                        :op1 (s47.t2 / thing
                                                                     :ARG2-of (s47.n / name-01
                                                                                     :ARG1 (s47.i2 / item
                                                                                                   :mod (s47.e / each))))
                                                        :op2 (s47.t3 / thing
                                                                     :ARG2-of (s47.p3 / price-01
                                                                                      :ARG1 s47.i2))))))
   :snt48 (s48.s2 / start-01
                  :ARG0 (s48.i / i
                               :same-as s11.p)
                  :ARG1 (s48.m / make-01
                               :ARG0 s48.i
                               :ARG1 (s48.i2 / item
                                             :example (s48.a / and
                                                             :op1 (s48.h / hat)
                                                             :op2 (s48.s / scarf)
                                                             :op3 (s48.b / bag))
                                             :mod (s48.m2 / more))))
   :snt49 (s49.a2 / and
                  :op1 (s49.b / begin-01
                              :ARG1 (s49.s / sell-01
                                           :ARG1 (s49.i2 / item
                                                         :poss (s49.i / i
                                                                      :same-as s11.p))
                                           :location (s49.a / all-over
                                                            :op1 (s49.w / world))))
                  :op2 (s49.h / have-03
                              :ARG0 s49.i
                              :ARG1 (s49.c5 / customer
                                            :location (s49.a3 / and
                                                              :op1 (s49.c / country
                                                                          :name (s49.n / name
                                                                                       :op1 "Denmark"))
                                                              :op2 (s49.c2 / country
                                                                           :name (s49.n2 / name
                                                                                         :op1 "Italy"))
                                                              :op3 (s49.c3 / country
                                                                           :name (s49.n3 / name
                                                                                         :op1 "Australia"))
                                                              :op4 (s49.c4 / country
                                                                           :name (s49.n4 / name
                                                                                         :op1 "Canada"))
                                                              :op5 (s49.m / more))))
                  :time (s49.s2 / soon))
   :snt50 (s50.h / have-03
                 :ARG0 (s50.i / i
                              :same-as s11.p)
                 :ARG1 (s50.l / learn-01
                              :ARG0 s50.i
                              :ARG1 (s50.l3 / lot
                                            :example (s50.a / and
                                                            :op1 (s50.b / brand-01
                                                                        :ARG0 s50.i)
                                                            :op2 (s50.m / market-01
                                                                        :ARG0 s50.i)
                                                            :op3 (s50.s4 / stay-01
                                                                         :ARG1 s50.i
                                                                         :ARG3 (s50.e / engage-01
                                                                                      :ARG1 s50.i
                                                                                      :ARG2 (s50.c / customer
                                                                                                   :poss s50.i)))
                                                            :op4 (s50.s / see-01
                                                                        :ARG0 s50.i
                                                                        :ARG1 (s50.a2 / and
                                                                                      :op1 (s50.t / thing
                                                                                                  :ARG1-of (s50.s2 / sell-01
                                                                                                                   :ARG1-of (s50.h2 / have-quant-91
                                                                                                                                    :ARG3 (s50.m2 / most))))
                                                                                      :op2 (s50.t2 / thing
                                                                                                   :ARG1-of (s50.s3 / sell-01)
                                                                                                   :ARG1-of (s50.h3 / have-quant-91
                                                                                                                    :ARG3 (s50.m3 / most)
                                                                                                                    :ARG3 (s50.l2 / least)))))))
                              :ARG2 (s50.b2 / business
                                            :poss s50.i
                                            :same-as s37.b))
                 :time (s50.n / now))
   :snt51 (s51.s2 / start-01
                  :ARG1 (s51.t / take-off-08
                               :ARG1 (s51.b / business
                                            :poss (s51.i / i
                                                         :same-as s11.p)
                                            :same-as s37.b))
                  :ARG1-of (s51.r / real-04)
                  :time (s51.s / soon))
   :snt52 (s52.c / contact-01
                 :ARG0 (s52.m / magazine
                              :name (s52.n / name
                                           :op1 "Forbes"))
                 :ARG1 (s52.i / i
                              :same-as s11.p)
                 :time (s52.d / day
                              :mod (s52.o / one))
                 :time (s52.t2 / then)
                 :time (s52.a / age-01
                              :ARG1 s52.i
                              :ARG2 (s52.t / temporal-quantity
                                           :unit (s52.y / year)
                                           :quant "10")))
   :snt53 (s53.w / want-01
                 :ARG0 (s53.t / they
                              :same-as s52.m)
                 :ARG1 (s53.f / feature-01
                              :ARG0 s53.t
                              :ARG1 (s53.a / and
                                           :op1 (s53.i / i
                                                       :same-as s11.p)
                                           :op2 (s53.c / company
                                                       :poss s53.i
                                                       :same-as s37.b))
                              :ARG2 (s53.a2 / article
                                            :poss s53.t)))
   :snt54 (s54.a2 / ask-01
                  :ARG0 (s54.p / person
                               :quant (s54.l / lot))
                  :ARG1 (s54.c / cause-01
                               :ARG0 (s54.a / amr-unknown)
                               :ARG1 (s54.f / friendly-01
                                            :ARG1 (s54.b / business
                                                         :poss (s54.y / you
                                                                      :same-as s11.p)
                                                         :same-as s37.b)
                                            :ARG2 (s54.e / ecology)))
                  :ARG2 (s54.i / i
                               :same-as s11.p)
                  :time (s54.n / now))
   :snt55 (s55.h / have-03
                 :ARG0 (s55.i / i
                              :same-as s11.p)
                 :ARG1 (s55.p / passion
                              :topic (s55.p2 / protect-01
                                             :ARG0 s55.i
                                             :ARG1 (s55.a / and
                                                          :op1 (s55.e / environment)
                                                          :op2 (s55.c / creature
                                                                      :poss s55.e))))
                 :time (s55.s / since
                              :op1 (s55.l / little
                                          :domain s55.i)))
   :snt56 (s56.t / teach-01
                 :ARG0 (s56.p2 / person
                               :ARG0-of (s56.h / have-rel-role-91
                                               :ARG1 (s56.i / i
                                                            :same-as s11.p)
                                               :ARG2 (s56.p / parent)))
                 :ARG1 (s56.a2 / and
                               :op1 (s56.g / give-back-03
                                           :ARG0 s56.i)
                               :op2 (s56.s / steward
                                           :ARG1-of (s56.g2 / good-02)
                                           :beneficiary (s56.e2 / environment)
                                           :domain s56.i))
                 :ARG2 s56.i
                 :time (s56.a / age-01
                              :ARG1 s56.i
                              :mod (s56.e / early)))
   :snt57 (s57.a3 / and
                  :op1 (s57.c / cause-01
                              :ARG0 (s57.h2 / hear-01
                                            :ARG0 (s57.i / i
                                                         :same-as s11.p)
                                            :ARG1 (s57.h / harmful-02
                                                         :ARG0 (s57.o / or
                                                                      :op1 (s57.d2 / dye-01
                                                                                   :location (s57.c2 / clothing
                                                                                                     :mod (s57.s / some)))
                                                                      :op2 (s57.p3 / process-02
                                                                                   :ARG1 (s57.m / make-01
                                                                                                :ARG1 (s57.i4 / item
                                                                                                              :same-as s57.c2)
                                                                                                :mod (s57.e2 / even))))
                                                         :ARG1 (s57.a2 / and
                                                                       :op1 (s57.p / person)
                                                                       :op2 (s57.p2 / planet))))
                              :ARG1 (s57.s2 / start-01
                                            :ARG0 s57.i
                                            :ARG1 (s57.r / research-01
                                                         :ARG0 s57.i)))
                  :op2 (s57.d / discover-01
                              :ARG0 s57.i
                              :ARG1 (s57.i3 / issue-02
                                            :ARG0 (s57.w / waste)
                                            :ARG0-of (s57.i2 / impact-01
                                                             :ARG0-of (s57.n / negative-02)
                                                             :ARG1 (s57.e / environment))
                                            :time (s57.a / after
                                                         :mod (s57.e3 / even)
                                                         :op1 (s57.c3 / complete-01
                                                                      :ARG1 (s57.d3 / dye-01))))))
   :snt58 (s58.e / exemplify-01
                 :ARG0 (s58.o / or
                              :op1 (s58.g / grind-01
                                          :ARG1 (s58.m / material))
                              :op2 (s58.d2 / dump-01
                                           :ARG1 (s58.m2 / material
                                                         :consist-of (s58.p / powder
                                                                            :ARG1-of (s58.d / dry-02))))))
   :snt59 (s59.p2 / possible-01
                  :ARG0-of (s59.m / make-02
                                  :ARG1 (s59.t2 / toxic
                                                :beneficiary (s59.o / or
                                                                    :op1 (s59.a3 / anyone)
                                                                    :op2 (s59.a4 / anything
                                                                                 :ARG0-of (s59.i / inhale-01
                                                                                                 :ARG1 (s59.a2 / air))))
                                                :domain s59.a2))
                  :ARG1 (s59.p / pollute-01
                               :ARG0 (s59.a / act-02
                                            :mod (s59.t / this)
                                            :same-as s58.e)
                               :ARG1 s59.a2))
   :snt60 (s60.c / cause-01
                 :ARG1 (s60.k / know-01
                              :ARG0 (s60.i / i
                                           :same-as s11.p)
                              :ARG1 (s60.a2 / and
                                            :op1 (s60.o / obligate-01
                                                        :ARG1 (s60.i3 / item
                                                                      :mod (s60.a / all)
                                                                      :poss s60.i)
                                                        :ARG2 (s60.f / friendly-01
                                                                     :ARG1 s60.i3
                                                                     :ARG2 (s60.e / ecology)))
                                            :op2 (s60.g2 / go-10
                                                         :ARG1 (s60.p3 / profit-01
                                                                       :ARG1-of (s60.i2 / include-91
                                                                                        :ARG2 (s60.p4 / profit-01
                                                                                                      :ARG1-of (s60.m / make-05
                                                                                                                      :ARG0 s60.i))
                                                                                        :ARG3 (s60.b / between
                                                                                                     :op1 (s60.p / percentage-entity
                                                                                                                 :value "10")
                                                                                                     :op2 (s60.p2 / percentage-entity
                                                                                                                  :value "20"))))
                                                         :ARG2 (s60.a3 / and
                                                                       :op1 (s60.a4 / and
                                                                                    :op1 (s60.c3 / charity
                                                                                                 :mod (s60.g / globe)))
                                                                       :op2 (s60.a5 / and
                                                                                    :op1 (s60.c2 / charity
                                                                                                 :ARG1-of (s60.l / local-02))
                                                                                    :op2 s60.c3
                                                                                    :op2 (s60.o2 / organization
                                                                                                 :mod (s60.e2 / environment))))))
                              :time (s60.s / start-01
                                           :ARG0 s60.i
                                           :ARG1 (s60.b2 / business
                                                         :poss s60.i
                                                         :same-as s37.b))))
   :snt61 (s61.f / feel-01
                 :ARG0 (s61.i / i
                              :same-as s11.p)
                 :ARG1 (s61.h2 / have-part-91
                               :ARG1 s61.i
                               :ARG2 (s61.w / wave-04
                                            :ARG0-of (s61.s / seek-01
                                                            :ARG1 (s61.a2 / and
                                                                          :op1 (s61.h / have-03
                                                                                      :ARG0 (s61.e / entrepreneur)
                                                                                      :ARG1 (s61.b / business
                                                                                                   :ARG0-of (s61.s2 / succeed-01)))
                                                                          :op2 (s61.f2 / future
                                                                                       :ARG1-of (s61.s3 / sustain-01
                                                                                                        :ARG1-of (s61.p / possible-01))
                                                                                       :mod (s61.a / also))))
                                            :ARG1 s61.e
                                            :ARG1-of (s61.n / new-01))))
   :snt62 (s62.f / feel-01
                 :ARG0 (s62.i / i
                              :same-as s11.p)
                 :ARG1 (s62.p / possible-01
                              :ARG1 (s62.m / meet-01
                                           :ARG0 s62.i
                                           :ARG1 (s62.t / thing
                                                        :ARG1-of (s62.n / need-01
                                                                        :ARG0 (s62.c3 / customer
                                                                                      :poss s62.i)))
                                           :manner (s62.c2 / compromise-02
                                                           :ARG0 s62.i
                                                           :ARG1 (s62.p2 / possible-01
                                                                         :ARG1 (s62.l / live-01
                                                                                      :ARG0 (s62.g / generation
                                                                                                   :time (s62.f2 / future))
                                                                                      :ARG1-of (s62.h / have-degree-91
                                                                                                      :ARG2 (s62.c / clean-04)
                                                                                                      :ARG3 (s62.m2 / more))
                                                                                      :time (s62.t2 / tomorrow)))
                                                           :polarity "-"))))
   :snt63 (s63.a / and
                 :op1 (s63.l / live-01
                             :ARG0 (s63.w / we)
                             :location (s63.w2 / world
                                               :ARG1-of (s63.b / beautiful-02)
                                               :mod (s63.d / diverse)
                                               :mod (s63.b2 / big)))
                 :op2 (s63.m / make-02
                             :ARG0 s63.l
                             :ARG1 (s63.p / passionate
                                          :ARG2-of (s63.h / have-degree-91
                                                          :ARG1 (s63.i / i
                                                                       :same-as s11.p)
                                                          :ARG3 (s63.m2 / more
                                                                        :mod (s63.e / even)))
                                          :topic (s63.s / save-02
                                                        :ARG0 s63.i
                                                        :ARG1 s63.w2))))
   :snt64 (s64.c / contrast-01
                 :ARG2 (s64.h / have-quant-91
                              :ARG1 (s64.i / it)
                              :ARG3 (s64.e / enough)
                              :ARG6 (s64.g / get-through-12
                                           :ARG0 (s64.i2 / it
                                                         :topic (s64.e2 / event
                                                                        :location (s64.w2 / world
                                                                                          :poss (s64.w / we))))
                                           :ARG1 (s64.h2 / head
                                                         :part-of (s64.y / you))
                                           :mod (s64.j / just))
                              :time (s64.e3 / ever)
                              :polarity "-"))
   :snt65 (s65.t / take-10
                 :ARG1 (s65.g / get-through-12
                              :ARG0 (s65.i / it)
                              :ARG1 (s65.h / heart
                                           :part-of (s65.y / you)))
                 :ARG1-of (s65.c / cause-01
                                 :ARG0 (s65.s / spark-01
                                              :ARG1 (s65.m / movement-07)
                                              :time (s65.g2 / get-through-12
                                                            :ARG0 s65.i
                                                            :ARG1 s65.i))))
   :snt66 (s66.a2 / and
                  :op1 (s66.c3 / create-01
                               :ARG1 (s66.a / and
                                            :op1 (s66.o / opportunity)
                                            :op2 (s66.i2 / innovate-01))
                               :time (s66.t / that))
                  :op2 (s66.c / cause-01
                              :ARG0 s66.t
                              :ARG1 (s66.c2 / come-04
                                            :ARG1 (s66.i / idea)
                                            :ARG2 (s66.l / live-01
                                                         :ARG1 s66.i))))
   :snt67 (s67.a / and
                 :op1 (s67.t / thank-01
                             :ARG1 (s67.y / you))
                 :op2 (s67.p / peace)
                 :op3 (s67.t2 / thing
                              :ARG2-of (s67.b / bless-01)))
   :snt68 (s68.t / thank-01
                 :ARG1 (s68.y / you
                              :same-as s11.p))
   :snt69 (s69.s / say-01
                 :ARG0 (s69.p2 / person
                               :name (s69.n / name
                                            :op1 "Pat"
                                            :op2 "Mitchell"))
                 :ARG1 (s69.i / infer-01
                              :ARG1 (s69.h2 / hear-01
                                            :ARG0 (s69.y / you
                                                         :same-as s69.p2)
                                            :ARG1 (s69.t / talk-01
                                                         :ARG0 (s69.p3 / person
                                                                       :name (s69.n2 / name
                                                                                     :op1 "Maya")
                                                                       :same-as s11.p)
                                                         :ARG1 (s69.p4 / person
                                                                       :ARG0-of (s69.a / amaze-01)
                                                                       :ARG0-of (s69.h / have-rel-role-91
                                                                                       :ARG2 (s69.p / parent))
                                                                       :location (s69.b / behind
                                                                                        :op1 s69.p3)))
                                            :ARG2 s69.p3)))
   :snt70 (s70.b / be-located-at-91
                 :ARG1 (s70.t / they
                              :same-as s69.p4)
                 :ARG2 (s70.a / amr-unknown)))

