# ::id doc-1069
# ::doc_file doc-1069
# ::tok http : / / www . ted . com / talks / rosie_king_how_autism_freed_me_to_be_myself< / url> <next_sent> I have n't told many people this , but in my head , I 've got thousands of secret worlds all going on all at the same time . <next_sent> I am also autistic . <next_sent> People tend to diagnose autism with really specific check - box descriptions , but in reality , it 's a whole variation as to what we 're like . <next_sent> For instance , my little brother , he 's very severely autistic . <next_sent> He 's nonverbal . <next_sent> He ca n't talk at all . <next_sent> But I love to talk . <next_sent> People often associate autism with liking maths and science and nothing else , but I know so many autistic people who love being creative . <next_sent> But that is a stereotype , and the stereotypes of things are often , if not always , wrong . <next_sent> For instance , a lot of people think autism and think " Rain Man " immediately . <next_sent> That 's the common belief , that every single autistic person is Dustin Hoffman , and that 's not true . <next_sent> But that 's not just with autistic people , either . <next_sent> I 've seen it with LGBTQ people , with women , with POC people . <next_sent> People are so afraid of variety that they try to fit everything into a tiny little box with really specific labels . <next_sent> This is something that actually happened to me in real life : I googled " autistic people are ... " <next_sent> and it comes up with suggestions as to what you 're going to type . <next_sent> I googled " autistic people are ... " <next_sent> and the top result was " demons . " <next_sent> That is the first thing that people think when they think autism . <next_sent> They know . <next_sent> One of the things I can do because I 'm autistic — it 's an ability rather than a disability — is I 've got a very , very vivid imagination . <next_sent> Let me explain it to you a bit . <next_sent> It 's like I 'm walking in two worlds most of the time . <next_sent> There 's the real world , the world that we all share , and there 's the world in my mind , and the world in my mind is often so much more real than the real world . <next_sent> Like , it 's very easy for me to let my mind loose because I do n't try and fit myself into a tiny little box . <next_sent> That 's one of the best things about being autistic . <next_sent> You do n't have the urge to do that . <next_sent> You find what you want to do , you find a way to do it , and you get on with it . <next_sent> If I was trying to fit myself into a box , I would n't be here , I would n't have achieved half the things that I have now . <next_sent> There are problems , though . <next_sent> There are problems with being autistic , and there are problems with having too much imagination . <next_sent> School can be a problem in general , but having also to explain to a teacher on a daily basis that their lesson is inexplicably dull and you are secretly taking refuge in a world inside your head in which you are not in that lesson , that adds to your list of problems . <next_sent> Also , when my imagination takes hold , my body takes on a life of its own . <next_sent> When something very exciting happens in my inner world , I 've just got to run . <next_sent> I 've got to rock backwards and forwards , or sometimes scream . <next_sent> This gives me so much energy , and I 've got to have an outlet for all that energy . <next_sent> But I 've done that ever since I was a child , ever since I was a tiny little girl . <next_sent> And my parents thought it was cute , so they did n't bring it up , but when I got into school , they did n't really agree that it was cute . <next_sent> It can be that people do n't want to be friends with the girl that starts screaming in an algebra lesson . <next_sent> And this does n't normally happen in this day and age , but it can be that people do n't want to be friends with the autistic girl . <next_sent> It can be that people do n't want to associate with anyone who wo n't or ca n't fit themselves into a box that 's labeled normal . <next_sent> But that 's fine with me , because it sorts the wheat from the chaff , and I can find which people are genuine and true and I can pick these people as my friends . <next_sent> But if you think about it , what is normal ? <next_sent> What does it mean ? <next_sent> Imagine if that was the best compliment you ever received . <next_sent> " Wow , you are really normal . " <next_sent> But compliments are , " you are extraordinary " or " you step outside the box . " <next_sent> It 's " you 're amazing . " <next_sent> So if people want to be these things , why are so many people striving to be normal ? <next_sent> Why are people pouring their brilliant individual light into a mold ? <next_sent> People are so afraid of variety that they try and force everyone , even people who do n't want to or ca n't , to become normal . <next_sent> There are camps for LGBTQ people or autistic people to try and make them this " normal , " and that 's terrifying that people would do that in this day and age . <next_sent> All in all , I would n't trade my autism and my imagination for the world . <next_sent> Because I am autistic , I 've presented documentaries to the BBC , I 'm in the midst of writing a book , I 'm doing this — this is fantastic — and one of the best things that I 've achieved , that I consider to have achieved , is I 've found ways of communicating with my little brother and sister , who as I 've said are nonverbal . <next_sent> They ca n't speak . <next_sent> And people would often write off someone who 's nonverbal , but that 's silly , because my little brother and sister are the best siblings that you could ever hope for . <next_sent> They 're just the best , and I love them so much and I care about them more than anything else . <next_sent> I 'm going to leave you with one question : If we ca n't get inside the person 's minds , no matter if they 're autistic or not , instead of punishing anything that strays from normal , why not celebrate uniqueness and cheer every time someone unleashes their imagination ? <next_sent> Thank you .
(d / document
   :snt1 (s1.u / url-entity
               :rel (s1.n / number
                          :value "talk-01")
               :rel (s1.u2 / url-entity
                           :value "talk-01")
               :rel (s1.i / i))
   :snt2 (s2.c / contrast-01
               :ARG1 (s2.t / tell-01
                           :ARG0 (s2.i / i
                                       :part (s2.h2 / head))
                           :ARG1 (s2.t2 / this)
                           :ARG2 (s2.p / person
                                       :quant (s2.m / many))
                           :polarity "-")
               :ARG2 (s2.h / have-03
                           :ARG0 s2.i
                           :ARG1 (s2.w / world
                                       :quant (s2.m2 / multiple
                                                     :op1 "1000")
                                       :ARG1-of (s2.g / go-on-15
                                                      :time (s2.t3 / time
                                                                   :ARG1-of (s2.s / same-01)))
                                       :mod (s2.s2 / secret))
                           :location s2.h2))
   :snt3 (s3.a2 / autistic
                :domain (s3.i / i
                              :same-as s2.i)
                :mod (s3.a / also))
   :snt4 (s4.c2 / contrast-01
                :ARG1 (s4.t / tend-02
                            :ARG1 (s4.p / person)
                            :ARG2 (s4.d2 / diagnose-01
                                         :ARG0 s4.p
                                         :ARG1 (s4.a / autism)
                                         :ARG2 (s4.d / describe-01
                                                     :ARG1 (s4.b / box
                                                                 :mod (s4.c / check-01))
                                                     :ARG1-of (s4.s / specific-02
                                                                    :degree (s4.r / really)))))
                :ARG2 (s4.v / vary-01
                            :ARG1 s4.a
                            :ARG2 (s4.t2 / thing
                                         :ARG2-of (s4.r2 / resemble-01
                                                         :ARG1 (s4.w / we)))
                            :mod (s4.w2 / whole)
                            :mod (s4.i / in-reality)))
   :snt5 (s5.e / exemplify-01
               :ARG0 (s5.a / autistic
                           :degree (s5.s / severe
                                         :degree (s5.v / very))
                           :domain (s5.p / person
                                         :ARG0-of (s5.h / have-rel-role-91
                                                        :ARG1 (s5.i / i
                                                                    :same-as s2.i)
                                                        :ARG2 (s5.b / brother))
                                         :mod (s5.l / little))))
   :snt6 (s6.s / speak-01
               :ARG0 (s6.h / he
                           :same-as s5.p)
               :polarity "-")
   :snt7 (s7.p / possible-01
               :ARG1 (s7.t / talk-01
                           :ARG0 (s7.h / he
                                       :same-as s5.p)
                           :mod (s7.a / at-all))
               :polarity "-")
   :snt8 (s8.c / contrast-01
               :ARG2 (s8.l / love-01
                           :ARG0 (s8.i / i
                                       :same-as s2.i)
                           :ARG1 (s8.t / talk-01
                                       :ARG0 s8.i)))
   :snt9 (s9.c / contrast-01
               :ARG1 (s9.a2 / associate-01
                            :ARG0 (s9.p / person)
                            :ARG1 (s9.a3 / autism)
                            :ARG2 (s9.l / like-01
                                        :ARG1 (s9.a / and
                                                    :op1 (s9.m2 / mathematics)
                                                    :op2 (s9.s / science)
                                                    :op3 (s9.n / nothing
                                                               :mod (s9.e / else))))
                            :frequency (s9.o / often))
               :ARG2 (s9.k / know-02
                           :ARG0 (s9.i / i
                                       :same-as s2.i)
                           :ARG1 (s9.p2 / person
                                        :ARG0-of (s9.l2 / love-01
                                                        :ARG1 (s9.c2 / create-01
                                                                     :ARG0 s9.p2))
                                        :ARG1-of (s9.h / have-quant-91
                                                       :ARG2 (s9.m / many)
                                                       :ARG3 (s9.s2 / so))
                                        :mod s9.a3)))
   :snt10 (s10.c / contrast-01
                 :ARG2 (s10.a2 / and
                               :op1 (s10.s / stereotype-01
                                           :ARG2 (s10.t / that
                                                        :same-as s9.a2))
                               :op2 (s10.w / wrong-04
                                           :ARG2 (s10.s2 / stereotype-01
                                                         :ARG1 (s10.t2 / thing))
                                           :frequency (s10.o2 / or
                                                              :op1 (s10.o / often)
                                                              :op2 (s10.a / always))))
                 :rel "-")
   :snt11 (s11.e / exemplify-01
                 :ARG0 (s11.a / and
                              :op1 (s11.t / think-01
                                          :ARG0 (s11.p / person
                                                       :quant (s11.l / lot))
                                          :ARG1 (s11.a2 / autism))
                              :op2 (s11.t2 / think-01
                                           :ARG0 s11.p
                                           :ARG1 (s11.m / man
                                                        :ARG0-of (s11.r / rain-01))
                                           :time (s11.i / immediate))))
   :snt12 (s12.a / and
                 :op1 (s12.b / believe-01
                             :ARG1 (s12.p2 / person
                                           :name (s12.n / name
                                                        :op1 "Dustin"
                                                        :op2 "Hoffman")
                                           :domain (s12.p / person
                                                          :quant (s12.e / every)
                                                          :ARG1-of (s12.s / single-02)
                                                          :mod (s12.d / disability
                                                                      :name (s12.n2 / name
                                                                                    :op1 "autistic"
                                                                                    :op1 "disability"))))
                             :mod (s12.c / common))
                 :op2 (s12.t / true-01
                             :ARG1 s12.p2
                             :polarity "-"))
   :snt13 (s13.c2 / contrast-01
                  :ARG2 (s13.c / concern-02
                               :ARG0 (s13.t / that)
                               :ARG1 (s13.p / person
                                            :mod (s13.d / disability))
                               :mod (s13.j / just
                                           :polarity "-")
                               :mod (s13.e / either)))
   :snt14 (s14.s / see-01
                 :ARG0 (s14.i / i
                              :same-as s2.i)
                 :ARG1 (s14.i3 / it
                               :same-as s13.t)
                 :accompanier (s14.a / and
                                     :op1 (s14.p / person
                                                 :mod (s14.o / or
                                                             :op1 (s14.l / lesbian)
                                                             :op2 (s14.g / gay-01)
                                                             :op3 (s14.b / bisexual)
                                                             :op4 (s14.t / transgender)
                                                             :op4 (s14.i2 / interest)
                                                             :op5 (s14.q / queer)
                                                             :op6 (s14.q2 / queer)))
                                     :op2 (s14.w / woman)
                                     :op3 (s14.p2 / person
                                                  :mod s14.i2)))
   :snt15 (s15.h / have-degree-91
                 :ARG1 (s15.p / person)
                 :ARG2 (s15.f / fear-01
                              :ARG0 s15.p
                              :ARG1 (s15.v / vary-01))
                 :ARG3 (s15.s / so)
                 :ARG6 (s15.t3 / try-01
                               :ARG0 s15.p
                               :ARG1 (s15.f2 / fit-01
                                             :ARG0 s15.p
                                             :ARG1 (s15.e / everything)
                                             :ARG2 (s15.b / box
                                                          :mod (s15.l2 / little)
                                                          :mod (s15.t2 / tiny)
                                                          :prep-with (s15.t / thing
                                                                            :ARG1-of (s15.s2 / specific-02
                                                                                             :degree (s15.r / really))
                                                                            :ARG2-of (s15.l / label-01))))))
   :snt16 (s16.s / something
                 :domain (s16.g / google-01
                                :ARG0 (s16.i / i
                                             :same-as s2.i)
                                :ARG1 (s16.a2 / and
                                              :op1 (s16.p / person
                                                          :mod (s16.d / disability
                                                                      :name (s16.n / name
                                                                                   :op1 "socialism")))))
                 :mod (s16.e / event
                             :ARG1-of (s16.a / actual-02)
                             :location (s16.l / live-01
                                              :ARG1-of (s16.r / real-04))
                             :mod s16.i))
   :snt17 (s17.a / and
                 :op2 (s17.c / come-up-11
                             :ARG0 (s17.i / it)
                             :ARG1 (s17.t / thing
                                          :ARG1-of (s17.s / suggest-01)
                                          :topic (s17.t2 / type-01
                                                         :ARG0 (s17.y / you)))))
   :snt18 (s18.g / google-01
                 :ARG0 (s18.i / i
                              :same-as s2.i)
                 :ARG1 (s18.a / and
                              :op2 (s18.p / person
                                          :mod (s18.d / disability
                                                      :name (s18.n / name
                                                                   :op1 "autistic")))))
   :snt19 (s19.a / and
                 :op2 (s19.r / result-01
                             :ARG2 (s19.d / demon)
                             :mod (s19.t / top)))
   :snt20 (s20.t3 / think-01
                  :ARG0 (s20.p / person)
                  :ARG1 (s20.t2 / thing
                                :domain (s20.t / that)
                                :ord (s20.o / ordinal-entity
                                            :value "1"))
                  :time (s20.t4 / think-01
                                :ARG0 s20.p
                                :ARG1 (s20.a / autism)))
   :snt21 (s21.k / know-01
                 :ARG0 (s21.t / they
                              :same-as s20.p))
   :snt22 (s22.i3 / include-91
                  :ARG1 (s22.h / have-03
                               :ARG0 (s22.i / i
                                            :same-as s2.i)
                               :ARG1 (s22.i2 / imagine-01
                                             :ARG0 s22.i
                                             :mod (s22.v2 / vivid
                                                          :degree (s22.v / very))))
                  :ARG2 (s22.t / thing
                               :ARG1-of (s22.d2 / do-02
                                                :ARG0 s22.i
                                                :ARG1-of (s22.p / possible-01
                                                                :ARG1-of (s22.c2 / cause-01
                                                                                 :ARG0 (s22.a / autistic
                                                                                              :ARG2-of (s22.i4 / instead-of-91
                                                                                                               :ARG1 (s22.c / capable-01
                                                                                                                            :ARG1 s22.i)
                                                                                                               :ARG2 (s22.d / disability
                                                                                                                            :domain s22.i))
                                                                                              :domain s22.i))))))
   :snt23 (s23.l / let-01
                 :ARG0 (s23.y / you)
                 :ARG1 (s23.e / explain-01
                              :ARG0 (s23.i / i
                                           :same-as s2.i)
                              :ARG1 (s23.i2 / it)
                              :ARG2 s23.y
                              :degree (s23.b / bit))
                 :mode "imperative")
   :snt24 (s24.r / resemble-01
                 :ARG2 (s24.w / walk-01
                              :ARG0 (s24.i / i
                                           :same-as s2.i)
                              :ARG2 (s24.w2 / world
                                            :quant "2")
                              :time (s24.t / time
                                           :quant (s24.m / most))))
   :snt25 (s25.a3 / and
                  :op1 (s25.a2 / and
                               :op1 (s25.w2 / world
                                            :ARG1-of (s25.r / real-04))
                               :op2 (s25.w3 / world
                                            :ARG1-of (s25.s / share-01
                                                            :ARG0 (s25.w / we
                                                                         :mod (s25.a / all)))))
                  :op3 (s25.w4 / world
                               :location (s25.m / mind
                                                :part-of (s25.i / i
                                                                :same-as s2.i)))
                  :op4 (s25.r2 / real-04
                               :ARG1 (s25.w5 / world
                                             :same-as s25.w4)
                               :ARG2-of (s25.h / have-degree-91
                                               :ARG1 s25.w5
                                               :ARG3 (s25.m2 / more
                                                             :quant (s25.m3 / much
                                                                            :degree (s25.s2 / so)))
                                               :ARG4 (s25.w6 / world
                                                             :ARG1-of (s25.r3 / real-04)
                                                             :same-as s25.a2))
                               :frequency (s25.o / often)))
   :snt26 (s26.e2 / exemplify-01
                  :ARG1 (s26.e / easy-05
                               :ARG1 (s26.l / let-01
                                            :ARG0 (s26.i / i
                                                         :part (s26.m / mind
                                                                      :same-as s25.m)
                                                         :same-as s2.i)
                                            :ARG1 (s26.l3 / loosen-01
                                                          :ARG1 s26.m)
                                            :ARG1-of (s26.c / cause-01
                                                            :ARG0 (s26.t2 / try-01
                                                                          :ARG0 s26.i
                                                                          :ARG1 (s26.f / fit-01
                                                                                       :ARG0 s26.i
                                                                                       :ARG1 s26.i
                                                                                       :ARG2 (s26.b / box
                                                                                                    :mod (s26.l2 / little)
                                                                                                    :mod (s26.t / tiny)))
                                                                          :polarity "-")))
                               :degree (s26.v / very)))
   :snt27 (s27.t2 / thing
                  :ARG1-of (s27.i / include-91
                                  :ARG2 (s27.t3 / thing
                                                :ARG1-of (s27.h / have-degree-91
                                                                :ARG2 (s27.g / good-02
                                                                             :ARG1 s27.t3)
                                                                :ARG3 (s27.m / most))
                                                :topic (s27.p / person
                                                              :mod (s27.d / disability
                                                                          :name (s27.n / name
                                                                                       :op1 "autistic")
                                                                          :mode "expressive"))))
                  :domain (s27.t / that)
                  :quant "1")
   :snt28 (s28.u / urge-01
                 :ARG1 (s28.y / you)
                 :ARG2 (s28.d / do-02
                              :ARG0 s28.y
                              :ARG1 (s28.t / that))
                 :polarity "-")
   :snt29 (s29.a / and
                 :op1 (s29.f / find-01
                             :ARG0 (s29.y / you)
                             :ARG1 (s29.t / thing
                                          :ARG1-of (s29.d / do-02
                                                          :ARG0 s29.y
                                                          :ARG1-of (s29.w / want-01
                                                                          :ARG0 s29.y))))
                 :op2 (s29.f2 / find-01
                              :ARG0 s29.y
                              :ARG1 (s29.w2 / way
                                            :manner-of (s29.d2 / do-02
                                                               :ARG0 s29.y
                                                               :ARG1 s29.t)))
                 :op3 (s29.g / get-on-21
                             :ARG0 s29.y
                             :ARG1 s29.t))
   :snt30 (s30.a2 / and
                  :condition (s30.t2 / try-01
                                     :ARG0 (s30.i / i
                                                  :same-as s2.i)
                                     :ARG1 (s30.f / fit-01
                                                  :ARG0 s30.i
                                                  :ARG1 s30.i
                                                  :ARG2 (s30.b2 / box)))
                  :op1 (s30.b / be-located-at-91
                              :ARG1 s30.i
                              :ARG2 (s30.h3 / here)
                              :polarity "-")
                  :op2 (s30.a / achieve-01
                              :ARG0 s30.i
                              :ARG1 (s30.t / thing
                                           :quant (s30.h / half)
                                           :ARG1-of (s30.h2 / have-03
                                                            :ARG0 s30.i
                                                            :time (s30.n / now)))
                              :polarity "-"))
   :snt31 (s31.h / have-concession-91
                 :ARG1 (s31.p / problem))
   :snt32 (s32.a / and
                 :op1 (s32.p / problem
                             :topic (s32.a2 / autistic))
                 :op2 (s32.p2 / problem
                              :topic (s32.i / imagine-01
                                            :ARG1-of (s32.h / have-quant-91
                                                            :ARG2 (s32.m / much)
                                                            :ARG3 (s32.t / too)))))
   :snt33 (s33.c / contrast-01
                 :ARG1 (s33.p2 / possible-01
                               :ARG1 (s33.p3 / problem
                                             :ARG1-of (s33.g / general-02)
                                             :domain (s33.s / school)))
                 :ARG2 (s33.o / obligate-01
                              :ARG1 (s33.y / you)
                              :ARG1-of (s33.a / add-02
                                              :ARG2 (s33.l2 / list-01
                                                            :ARG0 s33.y
                                                            :ARG1 (s33.p4 / problem)))
                              :ARG2 (s33.e / explain-01
                                           :ARG1 (s33.a3 / and
                                                         :op1 (s33.d2 / dull-04
                                                                      :ARG1 (s33.l / lesson
                                                                                   :poss (s33.p / person
                                                                                                :ARG0-of (s33.t2 / teach-01)))
                                                                      :ARG1-of (s33.e2 / explain-01
                                                                                       :polarity "-"))
                                                         :op2 (s33.t / take-01
                                                                     :ARG0 s33.y
                                                                     :ARG1 (s33.r2 / refuge)
                                                                     :ARG2 (s33.w / world
                                                                                  :location (s33.i / inside
                                                                                                   :op1 (s33.h / head))
                                                                                  :location-of (s33.b / be-located-at-91
                                                                                                      :ARG1 s33.y
                                                                                                      :ARG2 s33.l
                                                                                                      :polarity "-"))
                                                                     :manner (s33.s2 / secret)))
                                           :ARG2 s33.p
                                           :frequency (s33.r / rate-entity-91
                                                             :ARG3 (s33.t3 / temporal-quantity
                                                                           :unit (s33.d / day)
                                                                           :quant "1")))
                              :mod (s33.a2 / also)))
   :snt34 (s34.t / take-on-09
                 :ARG0 (s34.b / body
                              :poss (s34.i / i
                                           :same-as s2.i))
                 :ARG1 (s34.l / life
                              :mod (s34.o / own
                                          :poss s34.b))
                 :mod (s34.a / also)
                 :time (s34.h / hold-01
                              :ARG0 (s34.i2 / imagine-01
                                            :ARG0 s34.i)))
   :snt35 (s35.o / obligate-01
                 :ARG1 (s35.i / i
                              :same-as s2.i)
                 :ARG2 (s35.r / run-02
                              :ARG0 s35.i)
                 :mod (s35.j / just)
                 :rel (s35.s / something
                             :ARG0-of (s35.e / excite-01
                                             :degree (s35.v / very))
                             :location (s35.w / world
                                              :mod (s35.i2 / inner)
                                              :poss s35.i))
                 :time s35.e)
   :snt36 (s36.o / obligate-01
                 :ARG1 (s36.i / i
                              :same-as s2.i)
                 :ARG2 (s36.o2 / or
                               :op1 (s36.r / rock-01
                                           :ARG0 s36.i
                                           :direction (s36.a / and
                                                             :op1 (s36.b / backwards)
                                                             :op2 (s36.f / forward-01)))
                               :op2 (s36.s / scream-01
                                           :ARG0 s36.i
                                           :frequency (s36.s2 / sometimes))))
   :snt37 (s37.a2 / and
                  :op1 (s37.g / give-01
                              :ARG0 (s37.t2 / this)
                              :ARG1 (s37.e / energy
                                           :quant (s37.m / much
                                                         :degree (s37.s / so)))
                              :ARG2 (s37.i / i
                                           :same-as s2.i))
                  :op2 (s37.o / obligate-01
                              :ARG2 (s37.h / have-03
                                           :ARG0 s37.i
                                           :ARG1 (s37.o2 / outlet
                                                         :purpose (s37.e2 / energy
                                                                          :mod (s37.t / that)
                                                                          :mod (s37.a / all))))))
   :snt38 (s38.c2 / contrast-01
                  :ARG2 (s38.d / do-02
                               :ARG0 (s38.i / i
                                            :same-as s2.i)
                               :ARG1 (s38.t / that
                                            :same-as s37.t2)
                               :time (s38.s / since
                                            :op1 (s38.c / child
                                                        :domain s38.i))
                               :time (s38.s2 / since
                                             :mod (s38.e / ever)
                                             :op1 (s38.g / girl
                                                         :domain s38.i
                                                         :mod (s38.l / little)
                                                         :mod (s38.t2 / tiny)))))
   :snt39 (s39.a2 / and
                  :op2 (s39.c2 / contrast-01
                               :ARG1 (s39.c / cause-01
                                            :ARG0 (s39.t / think-01
                                                         :ARG0 (s39.p2 / person
                                                                       :ARG0-of (s39.h / have-rel-role-91
                                                                                       :ARG1 (s39.i / i
                                                                                                    :same-as s2.i)
                                                                                       :ARG2 (s39.p / parent)))
                                                         :ARG1 (s39.i2 / it
                                                                       :same-as s37.t2)
                                                         :ARG2 (s39.c3 / cute))
                                            :ARG1 (s39.b / bring-up-02
                                                         :ARG0 s39.p2
                                                         :ARG1 s39.i2
                                                         :polarity "-"))
                               :ARG2 (s39.a / agree-01
                                            :ARG0 s39.p2
                                            :ARG1 s39.c3
                                            :ARG1-of (s39.r / real-04)
                                            :time (s39.g / get-05
                                                         :ARG1 s39.i
                                                         :ARG2 (s39.s / school))
                                            :polarity "-")))
   :snt40 (s40.p2 / possible-01
                  :ARG1 (s40.w / want-01
                               :ARG0 (s40.p / person)
                               :ARG1 (s40.h / have-rel-role-91
                                            :ARG0 s40.p
                                            :ARG1 (s40.g / girl
                                                         :ARG0-of (s40.s2 / start-01
                                                                          :ARG1 (s40.s / scream-01
                                                                                       :ARG0 s40.g
                                                                                       :time (s40.l / lesson
                                                                                                    :topic (s40.a / algebra)))))
                                            :ARG2 (s40.f / friend))
                               :polarity "-"))
   :snt41 (s41.a2 / and
                  :op2 (s41.c / contrast-01
                              :ARG1 (s41.e / event
                                           :ARG1-of (s41.n2 / normal-02)
                                           :time (s41.a3 / and
                                                         :op1 (s41.d / day
                                                                     :mod (s41.t / this))
                                                         :op2 (s41.a / age
                                                                     :mod s41.t))
                                           :polarity "-")
                              :ARG2 (s41.p2 / possible-01
                                            :ARG1 (s41.w / want-01
                                                         :ARG0 (s41.p / person)
                                                         :ARG1 (s41.h / have-rel-role-91
                                                                      :ARG0 s41.p
                                                                      :ARG1 (s41.g / girl
                                                                                   :mod (s41.m / medical-condition
                                                                                               :name (s41.n / name
                                                                                                            :op1 "socialism"))
                                                                                   :same-as s40.g)
                                                                      :ARG2 (s41.f / friend))
                                                         :polarity "-"))))
   :snt42 (s42.p2 / possible-01
                  :ARG1 (s42.w / want-01
                               :ARG0 (s42.p / person)
                               :ARG1 (s42.a2 / associate-01
                                             :ARG1 s42.p
                                             :ARG2 (s42.a / anyone
                                                          :op1-of (s42.o / or
                                                                         :op2 (s42.p3 / possible-01
                                                                                      :ARG1 (s42.f / fit-01
                                                                                                   :ARG0 s42.a
                                                                                                   :ARG1 s42.a
                                                                                                   :ARG2 (s42.b / box
                                                                                                                :ARG1-of (s42.l / label-01
                                                                                                                                :ARG2 (s42.n / normal-02
                                                                                                                                             :ARG1 s42.b))))
                                                                                      :ARG1 (s42.f2 / fit-01
                                                                                                    :ARG0 s42.a
                                                                                                    :ARG1 s42.a
                                                                                                    :ARG2 s42.b)
                                                                                      :polarity "-"))))
                               :polarity "-")
                  :rel "-")
   :snt43 (s43.c3 / contrast-01
                  :ARG2 (s43.f2 / fine-04
                                :ARG1 (s43.t / that)
                                :ARG1-of (s43.c / cause-01
                                                :ARG0 (s43.a / and
                                                             :op1 (s43.s / sort-01
                                                                         :ARG0 (s43.i2 / it)
                                                                         :ARG1 (s43.w / wheat)
                                                                         :ARG2 (s43.c2 / chaff))
                                                             :op2 (s43.p3 / possible-01
                                                                          :ARG1 (s43.f / find-01
                                                                                       :ARG0 (s43.i / i
                                                                                                    :same-as s2.i)
                                                                                       :ARG1 (s43.p / person
                                                                                                    :ARG1-of (s43.t3 / true-01)
                                                                                                    :mod (s43.g / genuine)
                                                                                                    :mod (s43.t2 / this))))
                                                             :op3 (s43.p4 / possible-01
                                                                          :ARG1 (s43.p2 / pick-01
                                                                                        :ARG0 s43.i
                                                                                        :ARG1 s43.p
                                                                                        :ARG2 (s43.h / have-rel-role-91
                                                                                                     :ARG1 s43.i
                                                                                                     :ARG2 (s43.f3 / friend))))))
                                :ARG2 s43.i))
   :snt44 (s44.c / contrast-01
                 :ARG2 (s44.n / normal-02
                              :ARG1 (s44.a / amr-unknown)
                              :condition (s44.t / think-01
                                                :ARG0 (s44.y / you)
                                                :ARG1 (s44.i / it))))
   :snt45 (s45.m / mean-01
                 :ARG1 (s45.i / it
                              :same-as s44.n)
                 :ARG2 (s45.a / amr-unknown))
   :snt46 (s46.i / imagine-01
                 :ARG0 (s46.y / you)
                 :ARG1 (s46.c / compliment-01
                              :ARG1-of (s46.h / have-degree-91
                                              :ARG2 (s46.g / good-02
                                                           :ARG1 s46.c)
                                              :ARG3 (s46.m / most))
                              :ARG1-of (s46.r / receive-01
                                              :ARG0 s46.y
                                              :time (s46.e / ever))
                              :ARG2 (s46.t / that))
                 :mode "imperative")
   :snt47 (s47.n / normal-02
                 :ARG1 (s47.y / you)
                 :ARG1-of (s47.r / real-04)
                 :mod (s47.w / wow
                             :mode "expressive"))
   :snt48 (s48.c2 / contrast-01
                  :ARG2 (s48.o / or
                               :domain (s48.c / compliment-01)
                               :op1 (s48.e / extraordinary
                                           :domain (s48.y / you))
                               :op2 (s48.s / step-01
                                           :ARG1 s48.y
                                           :ARG2 (s48.o2 / outside
                                                         :op1 (s48.b / box)))))
   :snt49 (s49.a / amaze-01
                 :ARG0 (s49.y / you))
   :snt50 (s50.i / infer-01
                 :ARG1 (s50.s2 / strive-01
                               :ARG0 (s50.p2 / person
                                             :ARG1-of (s50.h / have-quant-91
                                                             :ARG2 (s50.m / many)
                                                             :ARG3 (s50.s / so)))
                               :ARG1 (s50.n / normal-02
                                            :ARG1 s50.p2)
                               :ARG1-of (s50.c / cause-01
                                               :ARG0 (s50.a / amr-unknown))
                               :condition (s50.w / want-01
                                                 :ARG0 (s50.p / person)
                                                 :ARG1 (s50.t / thing
                                                              :domain s50.p
                                                              :mod (s50.t2 / this)))))
   :snt51 (s51.p2 / pour-01
                  :ARG0 (s51.p / person)
                  :ARG1 (s51.t / thing
                               :ARG0-of (s51.l / light-04)
                               :ARG1-of (s51.b / brilliant-01)
                               :mod (s51.i / individual)
                               :same-as s51.p)
                  :ARG1-of (s51.c / cause-01
                                  :ARG0 (s51.a / amr-unknown))
                  :ARG2 (s51.m / mold))
   :snt52 (s52.h / have-degree-91
                 :ARG1 (s52.p / person)
                 :ARG2 (s52.f / fear-01
                              :ARG0 s52.p
                              :ARG1 (s52.v / vary-01))
                 :ARG3 (s52.s / so)
                 :ARG6 (s52.t / try-01
                              :ARG0 s52.p
                              :ARG1 (s52.f2 / force-01
                                            :ARG0 s52.p
                                            :ARG1 (s52.e2 / everyone
                                                          :example (s52.p2 / person
                                                                           :ARG0-of (s52.w / want-01
                                                                                           :polarity "-")
                                                                           :mod (s52.e / even)
                                                                           :mod (s52.o / or
                                                                                       :op2 (s52.p3 / person
                                                                                                    :ARG1-of (s52.p4 / possible-01
                                                                                                                     :polarity "-")))
                                                                           :op1-of s52.o))
                                            :ARG2 (s52.b / become-01
                                                         :ARG1 s52.e2
                                                         :ARG2 (s52.n / normal-02
                                                                      :ARG1 s52.e2)))))
   :snt53 (s53.a2 / and
                  :op1 (s53.c / camp-02
                              :purpose (s53.t6 / try-01
                                               :ARG1 (s53.m / make-02
                                                            :ARG0 (s53.o2 / or
                                                                          :op1 (s53.p / person
                                                                                      :mod (s53.o / or
                                                                                                  :op1 (s53.l / lesbian)
                                                                                                  :op2 (s53.g / gay-01)
                                                                                                  :op2 s53.o2
                                                                                                  :op3 (s53.b / bisexual)
                                                                                                  :op4 (s53.t5 / transgender)
                                                                                                  :op5 (s53.q / queer)))
                                                                          :op2 (s53.m2 / medical-condition
                                                                                       :name (s53.n / name
                                                                                                    :op1 "autistic")))
                                                            :ARG1 (s53.n2 / normal-02
                                                                          :ARG1 s53.o2
                                                                          :mod (s53.t3 / this))))
                              :ARG0-of s53.t6
                              :ARG1 s53.o)
                  :op2 (s53.t / terrify-01
                              :ARG0 (s53.d2 / do-02
                                            :ARG0 (s53.p2 / person)
                                            :ARG1 (s53.t2 / that
                                                          :same-as s53.t6))
                              :time (s53.a3 / and
                                            :mod (s53.t4 / this)
                                            :op1 (s53.d / day
                                                        :mod s53.t4)
                                            :op2 (s53.a / age))))
   :snt54 (s54.t / trade-01
                 :ARG0 (s54.i / i
                              :same-as s2.i)
                 :ARG1 (s54.a2 / and
                               :op1 (s54.a3 / autism
                                            :poss s54.i)
                               :op2 (s54.i2 / imagine-01
                                            :ARG0 s54.i))
                 :ARG2 (s54.w / world)
                 :mod (s54.a / all-in-all)
                 :polarity "-")
   :snt55 (s55.a2 / and
                  :ARG1-of (s55.c / cause-01)
                  :op1 (s55.a4 / autistic
                               :domain (s55.i / i
                                              :same-as s2.i))
                  :op2 (s55.b / be-located-at-91
                              :ARG1 s55.i
                              :ARG2 (s55.m / midst
                                           :op1 (s55.w2 / write-01
                                                        :ARG0 s55.i
                                                        :ARG1 (s55.b2 / book))))
                  :op3 (s55.d / do-02
                              :ARG0 s55.i
                              :ARG1 (s55.t2 / this)
                              :ARG1-of (s55.f / fantastic-02))
                  :op4 (s55.i2 / include-91
                               :ARG1 (s55.f2 / find-01
                                             :ARG0 s55.i
                                             :ARG1 (s55.w / way
                                                          :manner-of (s55.c2 / communicate-01
                                                                             :ARG0 s55.i
                                                                             :ARG2 (s55.a3 / and
                                                                                           :ARG0-of (s55.s3 / speak-01
                                                                                                            :ARG1-of (s55.s / say-01
                                                                                                                            :ARG0 s55.i)
                                                                                                            :polarity "-")
                                                                                           :op1 (s55.p / person
                                                                                                       :ARG0-of (s55.h2 / have-rel-role-91
                                                                                                                        :ARG1 s55.i
                                                                                                                        :ARG2 (s55.b3 / brother))
                                                                                                       :mod (s55.l / little))
                                                                                           :op2 (s55.p2 / person
                                                                                                        :ARG0-of (s55.h3 / have-rel-role-91
                                                                                                                         :ARG1 s55.i
                                                                                                                         :ARG2 (s55.s2 / sister)))))))
                               :ARG2 (s55.t / thing
                                            :ARG1-of (s55.g / good-02
                                                            :ARG2-of (s55.h / have-degree-91
                                                                            :ARG1 s55.t
                                                                            :ARG3 (s55.m2 / most)))
                                            :ARG1-of (s55.a / achieve-01
                                                            :ARG0 s55.i
                                                            :ARG1-of (s55.c3 / consider-01
                                                                             :ARG0 s55.i))))
                  :rel (s55.p3 / present-01
                               :ARG0 s55.i
                               :ARG1 (s55.d2 / documentary)
                               :ARG2 (s55.p4 / publication
                                             :name (s55.n / name
                                                          :op1 "BBC"))))
   :snt56 (s56.p / possible-01
                 :ARG1 (s56.s / speak-01
                              :ARG0 (s56.t / they
                                           :same-as s55.a3))
                 :polarity "-")
   :snt57 (s57.a / and
                 :op2 (s57.c2 / contrast-01
                              :ARG1 (s57.w / write-off-08
                                           :ARG0 (s57.p / person)
                                           :ARG1 (s57.s5 / someone
                                                         :ARG0-of (s57.s2 / sign-02
                                                                          :polarity "-"))
                                           :frequency (s57.o / often))
                              :ARG2 (s57.s3 / silly
                                            :ARG1-of (s57.c / cause-01
                                                            :ARG0 (s57.s / sibling
                                                                         :ARG1-of (s57.h / have-degree-91
                                                                                         :ARG2 (s57.g / good-02
                                                                                                      :ARG1 s57.s)
                                                                                         :ARG3 (s57.m / most))
                                                                         :ARG1-of (s57.h4 / hope-01
                                                                                          :ARG0 (s57.y / you)
                                                                                          :ARG1-of (s57.p4 / possible-01)
                                                                                          :time (s57.e / ever))
                                                                         :domain (s57.a2 / and
                                                                                         :op1 (s57.p2 / person
                                                                                                      :ARG0-of (s57.h2 / have-rel-role-91
                                                                                                                       :ARG1 (s57.i / i
                                                                                                                                    :same-as s2.i)
                                                                                                                       :ARG2 (s57.b / brother))
                                                                                                      :mod (s57.l / little))
                                                                                         :op2 (s57.p3 / person
                                                                                                      :ARG0-of (s57.h3 / have-rel-role-91
                                                                                                                       :ARG1 s57.i
                                                                                                                       :ARG2 (s57.s4 / sister)))
                                                                                         :same-as s55.a3)))
                                            :domain s57.w)))
   :snt58 (s58.a / and
                 :op1 (s58.h / have-degree-91
                             :ARG1 (s58.t / they
                                          :same-as s55.a3)
                             :ARG2 (s58.g / good-02
                                          :ARG1 s58.t)
                             :ARG3 (s58.m2 / most)
                             :mod s58.t)
                 :op2 (s58.l / love-01
                             :ARG0 (s58.i / i
                                          :same-as s2.i)
                             :ARG1 s58.t
                             :degree (s58.m3 / much
                                             :degree (s58.s / so)))
                 :op3 (s58.c / care-01
                             :ARG0 s58.i
                             :ARG1 s58.t
                             :ARG2-of (s58.h2 / have-degree-91
                                              :ARG1 s58.i
                                              :ARG3 (s58.m / more)
                                              :ARG4 (s58.a2 / anything
                                                            :mod (s58.e / else))))
                 :rel (s58.j / just))
   :snt59 (s59.l / leave-12
                 :ARG0 (s59.i / i
                              :same-as s2.i)
                 :ARG1 (s59.y / you)
                 :ARG2 (s59.q / question-01
                              :ARG1 (s59.c / cause-01
                                           :ARG0 (s59.a / amr-unknown)
                                           :ARG1 (s59.a2 / and
                                                         :op1 (s59.c2 / celebrate-01
                                                                      :ARG0 (s59.w / we)
                                                                      :ARG1 (s59.u / unique-01)
                                                                      :ARG1-of (s59.i4 / instead-of-91
                                                                                       :ARG2 (s59.p3 / punish-01
                                                                                                     :ARG0 s59.w
                                                                                                     :ARG1 (s59.a3 / anything
                                                                                                                   :ARG0-of (s59.s2 / stray-01
                                                                                                                                    :ARG1 (s59.n / normal-02)))))
                                                                      :condition (s59.p2 / possible-01
                                                                                         :ARG1 (s59.g / get-05
                                                                                                      :ARG1 s59.w
                                                                                                      :ARG2 (s59.i3 / inside
                                                                                                                    :op1 (s59.m / mind
                                                                                                                                :part-of (s59.p / person))))
                                                                                         :ARG1-of (s59.r2 / regardless-91
                                                                                                          :ARG2 (s59.o / or
                                                                                                                       :op1 (s59.a4 / autistic
                                                                                                                                    :domain s59.p)
                                                                                                                       :op2 (s59.a5 / autistic
                                                                                                                                    :domain s59.p
                                                                                                                                    :polarity "-")))
                                                                                         :polarity "-"))
                                                         :op2 (s59.c3 / cheer-02
                                                                      :ARG0 s59.w
                                                                      :frequency (s59.r / rate-entity-91
                                                                                        :ARG4 (s59.u2 / unleash-01
                                                                                                      :ARG0 (s59.s / someone)
                                                                                                      :ARG1 (s59.i2 / imagine-01
                                                                                                                    :ARG0 s59.s))))))
                              :quant "1"))
   :snt60 (s60.t / thank-01
                 :ARG1 (s60.y / you
                              :same-as s2.i)))

