# ::id doc-823
# ::doc_file doc-823
# ::tok http : / / www . ted . com / talks / jakob_trollback_rethinks_the_music_video< / url> <next_sent> I 'm working a lot with motion and animation , and also I 'm an old DJ and a musician . <next_sent> So , music videos are something that I always found interesting , but they always seem to be so reactive . <next_sent> So I was thinking , can you remove us as creators and try to make the music be the voice and have the animation following it ? <next_sent> And I think that it 's maybe interesting , also , that it deals with two problematic issues , which are rising waters and religion . <next_sent> Song : Before God destroyed the people on the Earth , he warned Noah to build an Ark . <next_sent> And after Noah built his Ark , I believe he told Noah to warn the people that they must change all their wicked ways before he come upon them and destroy them . <next_sent> And when Noah had done built his Ark , I understand that somebody began to rend a song . <next_sent> And the song began to move on I understand like this . <next_sent> And when Noah had done built his Ark ... <next_sent> So they get tired , has come dark and rain ; they get weary and tired . <next_sent> And then he went and knocked an old lady house . <next_sent> And old lady ran to the door and say , " Who is it ? " <next_sent> Jack say , " Me , Mama - san , could we spend the night here ? <next_sent> Because we 're far from home , we 're very tired . " <next_sent> And the old lady said , " Oh yes , come on in . " <next_sent> It was come dark and rain , will make you weary and tired .
(d / document
   :snt1 (s1.u / url-entity
               :value (s1.u2 / url-entity
                             :value "narcotic")
               :polarity "-")
   :snt2 (s2.a3 / and
                :op1 (s2.w / work-01
                           :quant (s2.l / lot)
                           :ARG0 (s2.i / i)
                           :ARG1 (s2.a2 / and
                                        :op1 (s2.m / motion)
                                        :op2 (s2.a5 / animation)))
                :op2 (s2.a4 / and
                            :op1 (s2.p / person
                                       :ARG0-of (s2.d / dance-01
                                                      :ARG1 (s2.m2 / music))
                                       :domain s2.i
                                       :mod (s2.o / old)
                                       :mod (s2.a / also))
                            :op2 (s2.m3 / musician
                                        :domain s2.i
                                        :mod s2.i)))
   :snt3 (s3.c / contrast-01
               :ARG1 (s3.f / find-02
                           :ARG0 (s3.i / i
                                       :same-as s2.i)
                           :ARG1 (s3.i2 / interest-01
                                        :ARG2 s3.i)
                           :time (s3.a / always))
               :ARG2 (s3.s / seem-01
                           :ARG1 (s3.r / react-01
                                       :ARG0 (s3.v / video
                                                   :mod (s3.m / music))
                                       :degree (s3.s2 / so))
                           :time s3.a))
   :snt4 (s4.p / possible-01
               :ARG1 (s4.a2 / and
                            :op1 (s4.r / remove-01
                                       :ARG0 (s4.y / you)
                                       :ARG1 (s4.w / we
                                                   :ARG0-of (s4.c / create-01)))
                            :op2 (s4.t2 / try-01
                                        :ARG0 s4.y
                                        :ARG1 (s4.a3 / and
                                                     :op1 (s4.m / make-02
                                                                :ARG0 s4.y
                                                                :ARG1 (s4.v / voice-01
                                                                            :ARG0 (s4.m2 / music)))
                                                     :op2 (s4.h / have-03
                                                                :ARG0 s4.y
                                                                :ARG1 (s4.a4 / animation
                                                                             :ARG1-of (s4.f / follow-01
                                                                                            :ARG2 s4.m2))))))
               :ARG1-of (s4.t / think-01
                              :ARG0 (s4.i / i
                                          :same-as s2.i))
               :polarity (s4.a / amr-unknown))
   :snt5 (s5.a2 / and
                :op2 (s5.t / think-01
                           :ARG0 (s5.i / i
                                       :same-as s2.i)
                           :ARG1 (s5.p / possible-01
                                       :ARG1 (s5.i2 / interest-01
                                                    :ARG0 (s5.d / deal-01
                                                                :ARG0 (s5.i4 / it)
                                                                :ARG2 (s5.i3 / issue-02
                                                                             :ARG0 (s5.a3 / and
                                                                                          :op1 (s5.w / water
                                                                                                     :ARG1-of (s5.r2 / rise-01))
                                                                                          :op2 (s5.r / religion))
                                                                             :mod (s5.p2 / problem)
                                                                             :quant "2"))
                                                    :mod (s5.a / also)))))
   :snt6 (s6.s / song
               :topic (s6.w / warn-01
                            :ARG0 (s6.p / person
                                        :name (s6.n / name
                                                    :op1 "God"))
                            :ARG1 (s6.b2 / build-01
                                         :ARG0 (s6.p3 / person
                                                      :name (s6.n3 / name
                                                                   :op1 "Noah"))
                                         :ARG1 (s6.a / ark))
                            :ARG2 s6.p3
                            :time (s6.b / before
                                        :op1 (s6.d / destroy-01
                                                   :ARG0 s6.p
                                                   :ARG1 (s6.p2 / person
                                                                :location (s6.p4 / planet
                                                                                 :name (s6.n2 / name
                                                                                              :op1 "Earth")))))))
   :snt7 (s7.a3 / and
                :op2 (s7.b2 / believe-01
                            :ARG0 (s7.i / i
                                        :same-as s2.i)
                            :ARG1 (s7.t / tell-01
                                        :ARG0 (s7.h / he
                                                    :same-as s6.p)
                                        :ARG1 (s7.w / warn-01
                                                    :ARG0 s7.h
                                                    :ARG1 (s7.o / obligate-01
                                                                :ARG2 (s7.c / change-01
                                                                            :ARG0 (s7.p2 / person)
                                                                            :ARG1 (s7.w2 / way
                                                                                         :mod (s7.w3 / wicked)
                                                                                         :mod (s7.a2 / all)
                                                                                         :poss s7.p2)
                                                                            :time (s7.b / before
                                                                                        :op1 (s7.a4 / and
                                                                                                    :op1 (s7.c2 / come-upon-26
                                                                                                                :ARG0 (s7.p / person
                                                                                                                            :name (s7.n / name
                                                                                                                                        :op1 "Noah")
                                                                                                                            :same-as s6.p3)
                                                                                                                :ARG1 s7.p2)
                                                                                                    :op2 (s7.d / destroy-01
                                                                                                               :ARG0 s7.p
                                                                                                               :ARG1 s7.p2)))))
                                                    :ARG1-of s7.o
                                                    :ARG2 s7.p2)
                                        :ARG2 s7.p)
                            :time (s7.a / after
                                        :op1 (s7.b3 / build-01
                                                    :ARG0 s7.p
                                                    :ARG1 (s7.a5 / ark
                                                                 :poss s7.p
                                                                 :same-as s6.a)))))
   :snt8 (s8.a / and
               :op2 (s8.b / begin-01
                          :ARG0 (s8.s / somebody)
                          :ARG1 (s8.r / rendezvous-01
                                      :ARG0 s8.s
                                      :ARG1 (s8.s2 / song))
                          :ARG1-of (s8.u / understand-01
                                         :ARG0 (s8.i / i
                                                     :same-as s2.i))
                          :time (s8.b2 / build-01
                                       :ARG0 (s8.p / person
                                                   :name (s8.n / name
                                                               :op1 "Noah")
                                                   :same-as s6.p3)
                                       :ARG1 (s8.a2 / ark
                                                    :poss s8.p
                                                    :same-as s6.a))))
   :snt9 (s9.a / and
               :ARG1-of (s9.u / understand-01
                              :ARG0 (s9.i / i
                                          :same-as s2.i)
                              :ARG1-of (s9.r / resemble-01
                                             :ARG2 (s9.t / this)))
               :op2 (s9.b / begin-01
                          :ARG1 (s9.m / move-01
                                      :ARG1 (s9.s / song
                                                  :same-as s8.s2)
                                      :direction (s9.o / on))))
   :snt10 (s10.a / and
                 :op2 (s10.b / be-temporally-at-91
                             :ARG2 (s10.b2 / build-01
                                           :ARG0 (s10.p / person
                                                        :name (s10.n / name
                                                                     :op1 "Noah")
                                                        :same-as s6.p3)
                                           :ARG1 (s10.a2 / ark
                                                         :poss s10.p
                                                         :same-as s6.a))))
   :snt11 (s11.c / cause-01
                 :ARG1 (s11.a / and
                              :op1 (s11.t2 / tire-01
                                           :ARG1 (s11.t / they))
                              :op2 (s11.c2 / come-01
                                           :ARG1 s11.t
                                           :ARG4 (s11.a2 / and
                                                         :op1 (s11.d / dark-03)
                                                         :op2 (s11.r / rain-01))))
                 :ARG1 (s11.a3 / and
                               :op1 (s11.w / weary-01
                                           :ARG1 s11.t)
                               :op2 (s11.t3 / tire-01
                                            :ARG0 s11.t)))
   :snt12 (s12.a / and
                 :op2 (s12.a2 / and
                              :op1 (s12.g / go-02
                                          :ARG0 (s12.h / he
                                                       :same-as s6.p3))
                              :op2 (s12.k / knock-01
                                          :ARG0 s12.h
                                          :ARG1 (s12.h2 / house
                                                        :poss (s12.l / lady
                                                                     :mod (s12.o / old))))
                              :time (s12.t / then)))
   :snt13 (s13.a2 / and
                  :op2 (s13.a3 / and
                               :op1 (s13.r / run-02
                                           :ARG0 (s13.l / lady
                                                        :mod (s13.o / old))
                                           :destination (s13.d / door))
                               :op2 (s13.s / say-01
                                           :ARG0 s13.l
                                           :ARG1 (s13.a / amr-unknown))))
   :snt14 (s14.s / say-01
                 :ARG0 (s14.p / person
                              :name (s14.n / name
                                           :op1 "Jack")
                              :same-as s6.p3)
                 :ARG1 (s14.p3 / possible-01
                               :ARG1 (s14.s2 / spend-02
                                             :ARG0 (s14.w / we)
                                             :ARG1 (s14.n3 / night)
                                             :location (s14.h / here))
                               :polarity (s14.a / amr-unknown))
                 :ARG2 (s14.p2 / person
                               :name (s14.n2 / name
                                             :op1 "San")))
   :snt15 (s15.t / tire-01
                 :ARG1 (s15.w / we
                              :same-as s14.w)
                 :ARG1-of (s15.c / cause-01
                                 :ARG0 (s15.b / be-located-at-91
                                              :ARG1 s15.w
                                              :ARG2 (s15.r / relative-position
                                                           :quant (s15.f / far)
                                                           :op1 (s15.h / home))))
                 :degree (s15.v / very))
   :snt16 (s16.a / and
                 :op2 (s16.s / say-01
                             :ARG0 (s16.l / lady
                                          :mod (s16.o2 / old)
                                          :same-as s13.l)
                             :ARG1 (s16.c / come-on-25
                                          :ARG1 (s16.y2 / you)
                                          :ARG4 (s16.i / inside)
                                          :mod (s16.y / yes
                                                      :mod (s16.o / oh))
                                          :mode "imperative")))
   :snt17 (s17.c / come-01
                 :ARG0-of (s17.m / make-02
                                 :ARG1 (s17.a2 / and
                                               :op1 (s17.w / weary-01
                                                           :ARG1 (s17.y / you))
                                               :op2 (s17.t / tire-01
                                                           :ARG1 s17.y)))
                 :ARG1 (s17.i / it)
                 :ARG4 (s17.a / and
                              :op1 (s17.d / dark-02)
                              :op2 (s17.r / rain-01))))

