# ::id doc-440
# ::doc_file doc-440
# ::tok http : / / www . ted . com / talks / hillel_cooperman_legos_for_grownups< / url> <next_sent> So , these are the Dark Ages . <next_sent> And the Dark Ages are the time between when you put away the Lego for the last time as a kid , and you decide as an adult that it is okay to play with a kid 's toy . <next_sent> Started out with my then four - year - old : " Oh , should buy the kid some Lego . <next_sent> That stuff 's cool . " <next_sent> Walked into the Lego store . <next_sent> Bought him this . <next_sent> It 's totally appropriate for a four - year - old . <next_sent> I think the box says -- let 's see here -- " 8 to 12 " on it . <next_sent> I turn to my wife and said , " Who are we buying this for ? " <next_sent> Pretty soon it got a little bit out of control . <next_sent> The dining room looked like this . <next_sent> You walk there , and it hurts . <next_sent> So we took a room downstairs in the basement that had been used as sort of an Abu Ghraib ann ex. <next_sent> Torture , very funny . <next_sent> Wow , you guys are great . <next_sent> And we put down those little floor tiles , and then I went onto eBay and bought 150 pounds of Lego -- which is insane . <next_sent> My daughter -- the day we got it , I was tucking her in -- and I said , " Honey , you 're my treasure . " <next_sent> And she said , " No , the Lego is the treasure . " <next_sent> And then she said , " Dad , we 're Lego rich . " <next_sent> I was like , " Yeah . <next_sent> I suppose we are . " <next_sent> So then once you do that you 're like , " Oh , crap . Where am I going to put all this ? " <next_sent> So you go to The Container Store and spend an enormous amount of money , and then you start this crazy sorting process that never -- it 's just nuts . <next_sent> Whatever . <next_sent> So then you realize there are these conventions . <next_sent> And you go to one of these conventions , and some dude built the Titanic . <next_sent> And you 're like , " Holy shit ! <next_sent> He had to come in like a truck , a semi , with this thing . " <next_sent> And then someone built this -- this is the Smith Tower in Seattle . <next_sent> Just beautiful . <next_sent> And there 's a dude selling these aftermarket weapons for Lego , because Lego -- the Danish -- no , they 're not into guns . <next_sent> But the Americans ? <next_sent> Oh , we 'll make some guns for Lego , no problem . <next_sent> And at a certain point , you look around , you 're like , " Whoa , this is a really nerdy crowd . " <next_sent> And I mean like this is a nerdy crowd , but that 's like a couple of levels above furries . <next_sent> The nerds here , they get laid -- except for the lady with the condoms in her pocket -- and you say to yourself at some point , " Am I part of this group ? Like , am I into this ? " <next_sent> And I was just like , " Yeah , I guess I am . <next_sent> I 'm coming out . <next_sent> I 'm kind of into this stuff , and I 'm going to stop being embarrassed . " <next_sent> So then you really get into it , and you 're like , " Well , the Lego people in Denmark , they 've got all this software to let you build your own virtually . " <next_sent> And so this is like this CAD program where you build it . <next_sent> And then whatever you design virtually , you click the button and it shows up at your doorstep a week later . <next_sent> And then some of the designs that people do they actually sell in the store . <next_sent> The Lego guys do n't give you any royalties , strangely , but some user made this and then it sold . <next_sent> And it 's pretty amazing actually . <next_sent> Then you notice that if that Lego - provided CAD program is n't enough , there 's an entire open - source , third - party , independent Lego CAD program that lets you do 3D modeling and 3D rendering and make , in fact , movies out of Lego , 3D films of which there are thousands on YouTube , and some of them sort of mimicking famous films and some totally original content -- just beautiful -- and people recreating all sorts of things . <next_sent> I have to take a moment . <next_sent> I love the guy who 's like running away with his clasps , his hooks . <next_sent> There 's a whole programming language and robotics tool , so if you want to teach someone how to program , kid , adult , whatever it is . <next_sent> And the guy that made this , he made a slot machine out of Lego . <next_sent> And I do n't mean he made Lego that looked like a slot machine ; I mean he made a slot machine out of Lego . <next_sent> The insides were Lego . <next_sent> There 's people getting drunk building Lego , and you 've got to finish the thing before you puke . <next_sent> There 's a whole gray market for Lego , thousands of home - based businesses . <next_sent> And some people will fund their entire Lego habit by selling the little guy , but then you have no guys in your ships . <next_sent> And then , just some examples . <next_sent> This stuff really is sculpture . <next_sent> This is amazing what you can do . <next_sent> And do n't kid yourself : some architectural details , incredible organic shapes and just , even , nature out of , again , little blocks . <next_sent> This is my house . <next_sent> And this is my house . <next_sent> I was afraid a car was going to come smash it as I was taking a picture for you guys . <next_sent> Anyway , I 'm out of time . <next_sent> But just very quickly -- we 'll just see if I can do this quick . <next_sent> Because there are n't enough TED logos around here . <next_sent> Let 's see here . <next_sent> Okay . <next_sent> Ta - da .
(d / document
   :snt1 (s1.u / url-entity
               :value "ossobuco")
   :snt2 (s2.i / infer-01
               :ARG1 (s2.a / age
                           :name (s2.n / name
                                       :op1 "Dark")
                           :domain (s2.t / this)))
   :snt3 (s3.a4 / and
                :op2 (s3.m / mean-01
                           :ARG1 (s3.a3 / age
                                        :mod (s3.m2 / middle))
                           :ARG2 (s3.t / time
                                       :mod (s3.b / between
                                                  :op1 (s3.p3 / put-01
                                                              :ARG0 (s3.y / you)
                                                              :ARG1 (s3.p2 / product
                                                                           :name (s3.n / name
                                                                                       :op1 "Lego"))
                                                              :ARG2 (s3.a5 / away)
                                                              :mod (s3.l / last)
                                                              :time (s3.k / kid
                                                                          :domain s3.y))
                                                  :op2 (s3.d / decide-01
                                                             :ARG0 s3.y
                                                             :ARG1 (s3.o / okay-04
                                                                         :ARG1 (s3.p / play-01
                                                                                     :ARG0 s3.y
                                                                                     :ARG2 (s3.t2 / toy
                                                                                                  :poss (s3.k2 / kid))))
                                                             :time (s3.a2 / adult
                                                                          :domain s3.y)))))
                :rel (s3.a / Dark
                           :same-as s2.n))
   :snt4 (s4.s2 / start-01
                :ARG0 (s4.i / i
                            :age (s4.t / temporal-quantity
                                       :time (s4.t2 / then)
                                       :unit (s4.y / year)
                                       :quant "4"))
                :ARG1 (s4.r / recommend-01
                            :ARG1 (s4.b / buy-01
                                        :ARG0 s4.i
                                        :ARG1 (s4.p2 / product
                                                     :name (s4.n / name
                                                                 :op1 "Lego")
                                                     :mod (s4.s / some))
                                        :ARG4 (s4.p / person
                                                    :ARG0-of (s4.h / have-rel-role-91
                                                                   :ARG1 s4.i)))
                            :ARG2 s4.p
                            :mod (s4.o / oh)))
   :snt5 (s5.c / cool-04
               :ARG1 (s5.s / stuff
                           :mod (s5.t / that)))
   :snt6 (s6.w / walk-01
               :ARG4 (s6.s / store
                           :mod (s6.c / company
                                      :name (s6.n / name
                                                  :op1 "Lego"))))
   :snt7 (s7.b / buy-01
               :ARG1 (s7.t / this)
               :ARG2 (s7.h / he))
   :snt8 (s8.a / appropriate-02
               :ARG1 (s8.i / it
                           :same-as s7.t)
               :ARG2 (s8.p / person
                           :age (s8.t / temporal-quantity
                                      :unit (s8.y / year)
                                      :quant "4"))
               :degree (s8.t2 / total))
   :snt9 (s9.t / think-01
               :ARG0 (s9.i / i
                           :same-as s4.i)
               :ARG1 (s9.s / say-01
                           :ARG0 (s9.b2 / box)
                           :ARG1 (s9.b / between
                                       :op1 "8"
                                       :op2 "12")
                           :mod (s9.s2 / see-01
                                       :ARG0 (s9.w / we)
                                       :location (s9.h / here)
                                       :mode "imperative")))
   :snt10 (s10.a2 / and
                  :op1 (s10.t2 / turn-01
                               :ARG0 (s10.i / i
                                            :same-as s4.i)
                               :direction (s10.p / person
                                                 :ARG0-of (s10.h / have-rel-role-91
                                                                 :ARG1 s10.i
                                                                 :ARG2 (s10.w2 / wife))))
                  :op2 (s10.s / say-01
                              :ARG0 s10.i
                              :ARG2 (s10.a / amr-unknown
                                           :ARG2-of (s10.b / buy-01
                                                           :ARG0 (s10.w / we)
                                                           :ARG1 (s10.t / this
                                                                        :same-as s7.t)))))
   :snt11 (s11.g / get-03
                 :ARG1 (s11.i / it)
                 :ARG2 (s11.o / out-06
                              :ARG1 s11.i
                              :ARG2 (s11.c / control-01
                                           :ARG1 s11.i)
                              :degree (s11.b / bit
                                             :mod (s11.l / little)))
                 :time (s11.s / soon
                              :mod (s11.p / pretty)))
   :snt12 (s12.l / look-02
                 :ARG0 (s12.r2 / room
                               :location-of (s12.d / dine-01))
                 :ARG1 (s12.r / resemble-01
                              :ARG2 (s12.t / this)))
   :snt13 (s13.a / and
                 :op1 (s13.w / walk-01
                             :ARG0 (s13.y / you)
                             :ARG2 (s13.t / there))
                 :op2 (s13.h / hurt-02
                             :ARG1 (s13.i / it)))
   :snt14 (s14.c / cause-01
                 :ARG1 (s14.t / take-01
                              :ARG0 (s14.w / we
                                           :same-as s10.w)
                              :ARG1 (s14.r / room
                                           :ARG1-of (s14.u / use-01
                                                           :ARG2 (s14.e / event
                                                                        :mod (s14.i / incident
                                                                                    :name (s14.n / name
                                                                                                 :op1 "Abu"
                                                                                                 :op2 "Ghraib"))
                                                                        :mod (s14.s / sort)))
                                           :location (s14.d / downstairs
                                                            :part-of (s14.b / basement)))))
   :snt15 (s15.a / and
                 :op1 (s15.t / torture-01)
                 :op2 (s15.f / funny-02
                             :ARG1 s15.t
                             :degree (s15.v / very)))
   :snt16 (s16.g / great
                 :domain (s16.g2 / guy
                                 :mod (s16.y / you))
                 :mod (s16.w / wow
                             :mode "expressive"))
   :snt17 (s17.a / and
                 :op1 (s17.p3 / put-01
                              :ARG0 (s17.w / we
                                           :same-as s10.w)
                              :ARG1 (s17.t3 / tile
                                            :mod (s17.f / floor)
                                            :mod (s17.l / little)
                                            :mod (s17.t / that))
                              :ARG2 (s17.d / down))
                 :op2 (s17.a2 / and
                              :mod (s17.i2 / insane)
                              :op1 (s17.g / go-02
                                          :ARG0 (s17.i / i
                                                       :same-as s4.i)
                                          :ARG4 (s17.c / company
                                                       :name (s17.n / name
                                                                    :op1 "eBay"))
                                          :time (s17.t2 / then))
                              :op2 (s17.b / buy-01
                                          :ARG0 s17.i
                                          :ARG1 (s17.p2 / product
                                                        :name (s17.n2 / name
                                                                      :op1 "Lego")
                                                        :quant (s17.m / mass-quantity
                                                                      :unit (s17.p / pound)
                                                                      :quant "150")))))
   :snt18 (s18.a / and
                 :op1 (s18.t2 / tuck-01
                              :ARG0 (s18.i / i
                                           :same-as s4.i)
                              :ARG1 (s18.p / person
                                           :ARG0-of (s18.h / have-rel-role-91
                                                           :ARG1 s18.i
                                                           :ARG2 (s18.d / daughter))))
                 :op2 (s18.s / say-01
                             :ARG0 s18.i
                             :ARG1 (s18.t / treasure
                                          :domain s18.p
                                          :poss s18.i)
                             :ARG2 s18.p)
                 :time (s18.d2 / day
                               :time-of (s18.g / get-01
                                               :ARG0 (s18.w / we
                                                            :same-as s10.w)
                                               :ARG1 (s18.i2 / it
                                                             :same-as s17.p2))))
   :snt19 (s19.a / and
                 :op2 (s19.s / say-01
                             :ARG0 (s19.s2 / she
                                           :same-as s18.p)
                             :ARG1 (s19.t / treasure
                                          :domain (s19.p / product
                                                         :name (s19.n / name
                                                                      :op1 "Lego")
                                                         :same-as s3.p2))))
   :snt20 (s20.a / and
                 :op2 (s20.s / say-01
                             :ARG0 (s20.s2 / she
                                           :same-as s18.p)
                             :ARG1 (s20.r / rich
                                          :domain (s20.w / we
                                                         :same-as s10.w)
                                          :mod (s20.c / company
                                                      :name (s20.n / name
                                                                   :op1 "Lego"))
                                          :mod (s20.p / person
                                                      :ARG0-of (s20.h / have-rel-role-91
                                                                      :ARG1 s20.s2
                                                                      :ARG2 (s20.d / dad))
                                                      :same-as s4.i))
                             :time (s20.t / then)))
   :snt21 (s21.y / yeah
                 :domain (s21.i / i
                                :same-as s4.i))
   :snt22 (s22.s / suppose-01
                 :ARG0 (s22.i / i
                              :same-as s4.i)
                 :ARG1 (s22.w / we
                              :same-as s10.w))
   :snt23 (s23.c / cause-01
                 :ARG1 (s23.r / resemble-01
                              :ARG1 (s23.y / you)
                              :ARG2 (s23.p / put-01
                                           :ARG0 s23.y
                                           :ARG1 (s23.t3 / this
                                                         :mod (s23.a / all))
                                           :ARG2 (s23.a2 / amr-unknown)
                                           :mod (s23.c2 / crap-01
                                                        :mod (s23.o / oh)
                                                        :mode "expressive"))
                              :time (s23.d / do-02
                                           :ARG0 s23.y
                                           :ARG1 (s23.t / that))
                              :time (s23.t2 / then)))
   :snt24 (s24.a3 / and
                  :op1 (s24.a2 / and
                               :op1 (s24.g / go-02
                                           :ARG0 (s24.y / you)
                                           :ARG4 (s24.s4 / store
                                                         :name (s24.n / name
                                                                      :op1 "Container"
                                                                      :op2 "Store")))
                               :op2 (s24.s2 / spend-01
                                            :ARG0 s24.y
                                            :ARG1 (s24.a / amount
                                                         :mod (s24.e / enormous)
                                                         :mod (s24.m / money))))
                  :op2 (s24.s3 / start-01
                               :ARG0 s24.y
                               :ARG1 (s24.p / process-02
                                            :ARG1 (s24.s / sort-01)
                                            :ARG1-of (s24.c / crazy-03
                                                            :polarity "-")
                                            :mod (s24.t2 / this)
                                            :mod (s24.n2 / nuts
                                                         :mod (s24.j / just))
                                            :time (s24.e2 / ever))
                               :time (s24.t / then)))
   :snt25 (s25.w / whatever)
   :snt26 (s26.r / realize-01
                 :ARG0 (s26.y / you)
                 :ARG1 (s26.c / convention
                              :mod (s26.t2 / this))
                 :time (s26.t / then))
   :snt27 (s27.a / and
                 :op2 (s27.a2 / and
                              :op1 (s27.g / go-02
                                          :ARG0 (s27.y / you)
                                          :ARG4 (s27.c / convention
                                                       :ARG1-of (s27.i / include-91
                                                                       :ARG2 (s27.c2 / convention
                                                                                     :mod (s27.t / this)
                                                                                     :same-as s26.c))
                                                       :quant "1"))
                              :op2 (s27.b / build-01
                                          :ARG0 (s27.d / dude
                                                       :mod (s27.s2 / some))
                                          :ARG1 (s27.s / ship
                                                       :name (s27.n / name
                                                                    :op1 "Titanic")))))
   :snt28 (s28.a / and
                 :op2 (s28.r / resemble-01
                             :ARG1 (s28.y / you)
                             :ARG2 (s28.s / shit
                                          :mod (s28.h / holy)
                                          :mode "expressive")))
   :snt29 (s29.o / obligate-01
                 :ARG2 (s29.c / come-01
                              :ARG1 (s29.h / he
                                           :same-as s27.d)
                              :ARG1-of (s29.r / resemble-01
                                              :ARG2 (s29.c2 / come-01
                                                            :ARG1 (s29.t3 / truck
                                                                          :ARG1-of (s29.m / mean-01
                                                                                          :ARG2 (s29.s / semi)))
                                                            :instrument (s29.t / thing
                                                                               :mod (s29.t2 / this)
                                                                               :same-as s27.s)))))
   :snt30 (s30.a / and
                 :op2 (s30.b / build-01
                             :ARG0 (s30.s / someone)
                             :ARG1 (s30.t2 / this
                                           :domain (s30.b2 / building
                                                           :name (s30.n / name
                                                                        :op1 "Smith"
                                                                        :op2 "Tower")
                                                           :location (s30.c / city
                                                                            :name (s30.n2 / name
                                                                                          :op1 "Seattle"))))
                             :time (s30.t / then)))
   :snt31 (s31.b / beautiful-02
                 :mod (s31.j / just))
   :snt32 (s32.a2 / and
                  :op2 (s32.s / sell-01
                              :ARG0 (s32.d / dude)
                              :ARG1 (s32.w / weapon
                                           :mod (s32.a / aftermarket)
                                           :mod (s32.t / this))
                              :ARG1-of (s32.c / cause-01
                                              :ARG0 (s32.i / interest-01
                                                           :ARG1 (s32.c2 / company
                                                                         :name (s32.n / name
                                                                                      :op1 "Lego")
                                                                         :mod (s32.c3 / country
                                                                                      :name (s32.n2 / name
                                                                                                    :op1 "Denmark")))
                                                           :ARG2 (s32.g / gun)
                                                           :mod s32.c3
                                                           :polarity "-"))
                              :ARG3 s32.c2))
   :snt33 (s33.c / contrast-01
                 :ARG2 (s33.p / person
                              :mod (s33.c2 / country
                                           :name (s33.n / name
                                                        :op1 "America"))
                              :polarity (s33.a / amr-unknown)))
   :snt34 (s34.m / make-01
                 :ARG0 (s34.w / we)
                 :ARG1 (s34.g / gun
                              :quant (s34.s / some))
                 :beneficiary (s34.p2 / product
                                      :name (s34.n / name
                                                   :op1 "Lego")
                                      :same-as s32.n)
                 :mod (s34.o / oh)
                 :mod (s34.p / problem
                             :polarity "-"))
   :snt35 (s35.a / and
                 :op2 (s35.l / look-01
                             :ARG0 (s35.y / you)
                             :ARG1 (s35.a2 / around)
                             :time (s35.p / point
                                          :mod (s35.c / certain)))
                 :op3 (s35.c2 / crowd
                              :domain (s35.t / this)
                              :mod (s35.n / nerdy
                                          :degree (s35.r / really))
                              :mod (s35.w / whoa
                                          :mode "expressive")))
   :snt36 (s36.a2 / and
                  :op2 (s36.m / mean-01
                              :ARG0 (s36.i / i
                                           :same-as s4.i)
                              :ARG2 (s36.c / contrast-01
                                           :ARG1 (s36.c3 / crowd
                                                         :domain (s36.t2 / this
                                                                         :same-as s35.t)
                                                         :mod (s36.n / nerdy))
                                           :ARG2 (s36.r2 / resemble-01
                                                         :ARG2 (s36.l / level
                                                                      :quant (s36.c2 / couple)
                                                                      :location (s36.a / above
                                                                                       :op1 (s36.f / fur)))))
                              :ARG2 (s36.r / resemble-01
                                           :ARG1 s36.c3))
                  :rel (s36.t / that
                              :same-as s35.t))
   :snt37 (s37.a3 / and
                  :op1 (s37.l2 / lay-04
                               :ARG1 (s37.n / nerd
                                            :ARG2-of (s37.e / except-01
                                                            :ARG1 (s37.l / lady
                                                                         :ARG0-of (s37.i / in-pocket-03
                                                                                         :ARG1 (s37.c / condom))))
                                            :location (s37.h2 / here
                                                              :same-as s35.t)))
                  :op2 (s37.s / say-01
                              :ARG0 (s37.y / you)
                              :ARG1 (s37.i2 / interest-01
                                            :ARG1 s37.y
                                            :ARG2 (s37.t2 / this)
                                            :polarity (s37.a2 / amr-unknown))
                              :ARG1 (s37.a4 / ask-01
                                            :ARG0 s37.y
                                            :ARG1 s37.i2)
                              :ARG2 s37.y
                              :time (s37.p / point
                                           :mod (s37.s2 / some)))
                  :rel (s37.h / have-part-91
                              :ARG1 (s37.g / group
                                           :mod (s37.t / this)
                                           :same-as s35.t)
                              :ARG2 s37.y
                              :polarity (s37.a / amr-unknown)))
   :snt38 (s38.a / and
                 :op2 (s38.r / resemble-01
                             :ARG1 (s38.i / i
                                          :same-as s4.i)
                             :ARG2 (s38.g / guess-01
                                          :ARG0 s38.i
                                          :ARG1 (s38.t / thing
                                                       :domain s38.i))
                             :mod (s38.j / just)))
   :snt39 (s39.c / come-out-09
                 :ARG1 (s39.i / i
                              :same-as s4.i))
   :snt40 (s40.a / and
                 :op1 (s40.l / like-01
                             :ARG0 (s40.i / i
                                          :same-as s4.i)
                             :ARG1 (s40.s2 / stuff
                                           :mod (s40.t / this)
                                           :same-as s37.t2)
                             :degree (s40.k / kind-of))
                 :op2 (s40.s / stop-01
                             :ARG0 s40.i
                             :ARG1 (s40.e / embarrass-01
                                          :ARG1 s40.i)))
   :snt41 (s41.c / cause-01
                 :ARG1 (s41.a2 / and
                               :op1 (s41.g / get-05
                                           :ARG1 (s41.y / you)
                                           :ARG1-of (s41.r / real-04)
                                           :ARG2 (s41.i / it
                                                        :same-as s37.t2)
                                           :time (s41.t / then))
                               :op2 (s41.s / say-01
                                           :ARG0 s41.y
                                           :ARG1 (s41.h / have-03
                                                        :ARG0 (s41.p / person
                                                                     :location (s41.c3 / country
                                                                                       :name (s41.n2 / name
                                                                                                     :op1 "Denmark"))
                                                                     :mod (s41.c2 / company
                                                                                  :name (s41.n / name
                                                                                               :op1 "Lego")
                                                                                  :same-as s32.n))
                                                        :ARG1 (s41.s2 / software
                                                                      :purpose (s41.l / let-01
                                                                                      :ARG0 s41.p
                                                                                      :ARG1 (s41.b / build-01
                                                                                                   :ARG0 s41.y
                                                                                                   :ARG1 (s41.t2 / thing
                                                                                                                 :poss s41.y)
                                                                                                   :manner (s41.v / virtual)))
                                                                      :mod (s41.t3 / this)
                                                                      :mod (s41.a / all))
                                                        :mod (s41.w / well)))))
   :snt42 (s42.a / and
                 :op2 (s42.r / resemble-01
                             :ARG1 (s42.t2 / this)
                             :ARG2 (s42.p / program
                                          :location-of (s42.b / build-01
                                                              :ARG0 (s42.y / you)
                                                              :ARG1 s42.t2)
                                          :mod (s42.t / thing
                                                      :name (s42.n / name
                                                                   :op1 "CAD"))
                                          :mod (s42.t3 / this))))
   :snt43 (s43.a2 / and
                  :op2 (s43.a3 / and
                               :op1 (s43.c / click-01
                                           :ARG0 (s43.y / you)
                                           :ARG1 (s43.w2 / whatever
                                                         :ARG1-of (s43.d / design-01
                                                                         :ARG0 s43.y
                                                                         :mod (s43.v / virtual))))
                               :op2 (s43.s / show-up-02
                                           :ARG1 (s43.b / button)
                                           :location (s43.d2 / doorstep
                                                             :poss s43.y)
                                           :time (s43.a / after
                                                        :quant (s43.t / temporal-quantity
                                                                      :unit (s43.w / week)
                                                                      :quant "1")
                                                        :op1 s43.c))))
   :snt44 (s44.a2 / and
                  :op2 (s44.d / design-01
                              :quant (s44.s2 / some)
                              :ARG1-of (s44.i / include-91
                                              :ARG2 (s44.d2 / design-01
                                                            :ARG1-of (s44.s / sell-01
                                                                            :ARG0 (s44.p / person)
                                                                            :ARG1-of (s44.a / actual-02)
                                                                            :location (s44.s3 / store))))))
   :snt45 (s45.c2 / contrast-01
                  :ARG1 (s45.g / give-01
                               :ARG0 (s45.g2 / guy
                                             :mod (s45.c / company
                                                         :name (s45.n / name
                                                                      :op1 "Lego")
                                                         :same-as s32.n)
                                             :same-as s41.p)
                               :ARG1 (s45.r / royalty)
                               :ARG2 (s45.y / you)
                               :manner (s45.s3 / strange)
                               :polarity "-")
                  :ARG2 (s45.a / and
                               :op1 (s45.m / make-01
                                           :ARG0 (s45.p / person
                                                        :ARG0-of (s45.u / use-01)
                                                        :mod (s45.s2 / some))
                                           :ARG1 (s45.t2 / this))
                               :op2 (s45.s / sell-01
                                           :ARG1 s45.t2
                                           :time (s45.t / then))))
   :snt46 (s46.a3 / and
                  :op2 (s46.a2 / amaze-01
                               :ARG0 (s46.i / it)
                               :ARG1-of (s46.a / actual-02)
                               :degree (s46.p / pretty)))
   :snt47 (s47.n3 / notice-01
                  :ARG0 (s47.y / you)
                  :ARG1 (s47.l / let-01
                               :ARG0 (s47.p3 / program
                                             :mod (s47.c / company
                                                         :name (s47.n / name
                                                                      :op1 "Lego")
                                                         :same-as s32.n)
                                             :mod (s47.d / depend-01
                                                         :polarity "-")
                                             :mod (s47.s5 / source
                                                          :ARG1-of (s47.o / open-01))
                                             :mod (s47.p4 / provide-01
                                                          :ARG0 s47.c
                                                          :ARG1 s47.p2
                                                          :same-as s32.n))
                               :ARG1 (s47.a2 / and
                                             :op1 (s47.m2 / model-01
                                                          :ARG0 s47.y
                                                          :ARG1 (s47.d2 / dimension))
                                             :op2 (s47.r2 / render-02
                                                          :ARG0 s47.y
                                                          :ARG1 s47.d2
                                                          :medium (s47.d3 / dimension
                                                                          :quant "3"))
                                             :op3 (s47.m / make-01
                                                         :ARG0 s47.y
                                                         :ARG1 (s47.a3 / and
                                                                       :op1 (s47.m3 / movie)
                                                                       :op2 (s47.f2 / film
                                                                                    :ARG1-of (s47.i3 / include-91
                                                                                                     :ARG2 s47.m3
                                                                                                     :ARG3 (s47.s / some
                                                                                                                  :ARG0-of (s47.i / imitate-01
                                                                                                                                  :ARG1 (s47.a4 / and
                                                                                                                                                :ARG1-of (s47.b / beautiful-02
                                                                                                                                                                :mod (s47.j / just))
                                                                                                                                                :op1 (s47.f3 / film
                                                                                                                                                             :ARG1-of (s47.f / fame-01))
                                                                                                                                                :op2 (s47.c2 / content
                                                                                                                                                             :quant (s47.s2 / some)
                                                                                                                                                             :mod (s47.o2 / original
                                                                                                                                                                          :mod (s47.t4 / total))))
                                                                                                                                  :degree (s47.s4 / sort-of))))
                                                                                    :medium (s47.p5 / publication
                                                                                                    :name (s47.n2 / name
                                                                                                                  :op1 "YouTube")
                                                                                                    :quant (s47.m4 / multiple
                                                                                                                   :op1 "1000"))
                                                                                    :mod s47.d3))
                                                         :mod (s47.i2 / in-fact)))
                               :ARG1 (s47.a5 / and
                                             :op1 s47.f3
                                             :op2 s47.c2
                                             :op3 (s47.p / person
                                                         :ARG0-of (s47.r / recreation-02
                                                                         :ARG1 (s47.t2 / thing
                                                                                       :mod (s47.s3 / sort
                                                                                                    :mod (s47.a / all))))))
                               :condition (s47.h / have-quant-91
                                                 :ARG1 (s47.p2 / program
                                                               :same-as s42.t2)
                                                 :ARG3 (s47.e / enough)
                                                 :polarity "-"))
                  :rel (s47.e2 / entire)
                  :rel (s47.t3 / third-party)
                  :time (s47.t / then))
   :snt48 (s48.o / obligate-01
                 :ARG1 (s48.i / i
                              :same-as s4.i)
                 :ARG2 (s48.t / take-01
                              :ARG0 s48.i
                              :ARG1 (s48.m / moment)))
   :snt49 (s49.l / love-01
                 :ARG0 (s49.i / i
                              :same-as s4.i)
                 :ARG1 (s49.g / guy
                              :ARG1-of (s49.r / resemble-01
                                              :ARG2 (s49.r2 / run-02
                                                            :ARG0 s49.g
                                                            :ARG1 (s49.a2 / away)
                                                            :instrument (s49.a / and
                                                                               :op1 (s49.c / clog
                                                                                           :poss s49.g)
                                                                               :op2 (s49.h / hook-01
                                                                                           :ARG0 s49.g))))))
   :snt50 (s50.c / cause-01
                 :ARG0 (s50.a2 / and
                               :mod (s50.w3 / whole)
                               :op1 (s50.l / language
                                           :mod (s50.p / program-01))
                               :op2 (s50.t2 / tool
                                            :purpose (s50.r / robotics)))
                 :ARG1 (s50.h / have-condition-91
                              :ARG2 (s50.w / want-01
                                           :ARG0 (s50.y / you)
                                           :ARG1 (s50.t / teach-01
                                                        :ARG0 s50.y
                                                        :ARG1 (s50.p2 / program-01
                                                                      :ARG0 (s50.s / someone
                                                                                   :mod (s50.o / or
                                                                                               :op1 (s50.k / kid)
                                                                                               :op2 (s50.a / adult)
                                                                                               :op3 (s50.w2 / whatever
                                                                                                            :domain (s50.i / it)))))
                                                        :ARG2 s50.s))))
   :snt51 (s51.a / and
                 :op2 (s51.m3 / make-01
                              :ARG0 (s51.g / guy
                                           :ARG0-of (s51.m2 / make-01
                                                            :ARG1 (s51.t / this)))
                              :ARG1 (s51.m / machine
                                           :mod (s51.s / slot))
                              :ARG2 (s51.p / product
                                           :name (s51.n / name
                                                        :op1 "Lego")
                                           :same-as s32.n)))
   :snt52 (s52.a / and
                 :op2 (s52.m5 / mean-01
                              :ARG0 (s52.i / i
                                           :same-as s4.i)
                              :ARG0-of (s52.m6 / mean-01
                                               :ARG2 (s52.m4 / make-01
                                                             :ARG0 (s52.h / he
                                                                          :same-as s51.g)
                                                             :ARG1 (s52.m2 / machine
                                                                           :mod (s52.s2 / slot)
                                                                           :same-as s51.m)
                                                             :ARG2 (s52.p / product
                                                                          :name (s52.n / name
                                                                                       :op1 "Lego")
                                                                          :ARG0-of (s52.l / look-02
                                                                                          :ARG1 (s52.m / machine
                                                                                                       :mod (s52.s / slot))))))
                              :ARG2 (s52.m3 / make-01
                                            :ARG0 s52.h
                                            :ARG1 s52.p)
                              :polarity "-"))
   :snt53 (s53.p / product
                 :name (s53.n / name
                              :op1 "Lego"
                              :same-as s32.n)
                 :domain (s53.s / side))
   :snt54 (s54.a / and
                 :op1 (s54.g / get-03
                             :ARG1 (s54.p / person)
                             :ARG2 (s54.d / drunk)
                             :manner (s54.b2 / build-01
                                             :ARG0 s54.p
                                             :ARG1 (s54.p2 / product
                                                           :name (s54.n / name
                                                                        :op1 "Lego"))))
                 :op2 (s54.o / obligate-01
                             :ARG1 (s54.y / you)
                             :ARG2 (s54.f / finish-01
                                          :ARG0 s54.y
                                          :ARG1 s54.p2
                                          :time (s54.b / before
                                                       :op1 (s54.p3 / puke-01
                                                                    :ARG0 s54.y)))))
   :snt55 (s55.m / market-01
                 :ARG1 (s55.c / company
                              :name (s55.n / name
                                           :op1 "Lego"))
                 :ARG1-of (s55.g / gray-02)
                 :example (s55.b2 / business
                                  :quant (s55.m2 / multiple
                                                 :op1 "1000")
                                  :ARG1-of (s55.b / base-01
                                                  :location (s55.h / home)))
                 :mod (s55.w / whole))
   :snt56 (s56.a / and
                 :op2 (s56.c2 / contrast-01
                              :ARG1 (s56.f / fund-01
                                           :ARG0 (s56.p / person
                                                        :mod (s56.s3 / some))
                                           :ARG1 (s56.h / habit
                                                        :mod (s56.c / company
                                                                    :name (s56.n / name
                                                                                 :op1 "Lego"))
                                                        :mod (s56.e / entire)
                                                        :poss s56.p)
                                           :ARG2 (s56.s / sell-01
                                                        :ARG0 s56.p
                                                        :ARG1 (s56.g / guy
                                                                     :mod (s56.l / little))))
                              :ARG2 (s56.h2 / have-03
                                            :ARG0 (s56.y / you)
                                            :ARG1 (s56.g2 / guy)
                                            :location (s56.s2 / ship
                                                              :poss s56.y)
                                            :time (s56.t / then)
                                            :polarity "-")))
   :snt57 (s57.a / and
                 :op2 (s57.e / example
                             :quant (s57.s / some)
                             :mod (s57.j / just))
                 :time (s57.t / then))
   :snt58 (s58.s / sculpture
                 :ARG1-of (s58.r / real-04)
                 :domain (s58.s2 / stuff
                                 :mod (s58.t / this)))
   :snt59 (s59.a / amaze-01
                 :ARG0 (s59.t / thing
                              :ARG1-of (s59.d / do-02
                                              :ARG0 (s59.y / you)
                                              :ARG1-of (s59.p / possible-01))
                              :mod (s59.t2 / this)))
   :snt60 (s60.a2 / and
                  :op2 (s60.k / kid-01
                              :ARG0 (s60.y / you)
                              :ARG1 s60.y
                              :mode "imperative"
                              :polarity "-")
                  :rel (s60.a3 / and
                               :op1 (s60.d / detail
                                           :quant (s60.s2 / some)
                                           :mod (s60.b2 / building))
                               :op2 (s60.s / shape-01
                                           :mod (s60.o / organic)
                                           :mod (s60.i / incredible))
                               :op3 (s60.n / nature
                                           :mod (s60.e / even)
                                           :mod (s60.j / just)
                                           :source (s60.b / block
                                                          :mod (s60.l / little)
                                                          :mod (s60.a / again)))))
   :snt61 (s61.h / house
                 :domain (s61.t / this)
                 :poss (s61.i / i
                              :same-as s4.i))
   :snt62 (s62.a / and
                 :op2 (s62.h / house
                             :domain (s62.t / this
                                            :same-as s61.t)
                             :poss (s62.i / i
                                          :same-as s4.i)))
   :snt63 (s63.f / fear-01
                 :ARG0 (s63.i / i
                              :same-as s4.i)
                 :ARG1 (s63.c2 / come-01
                               :ARG1 (s63.c / car)
                               :ARG4 (s63.s / smash-01
                                            :ARG0 s63.c
                                            :ARG1 (s63.i2 / it
                                                          :same-as s61.t)))
                 :time (s63.p / picture-01
                              :ARG0 s63.i
                              :beneficiary (s63.y / you
                                                  :mod (s63.g / guy))))
   :snt64 (s64.o / out-05
                 :ARG1 (s64.i / i
                              :same-as s4.i)
                 :ARG2 (s64.t / time)
                 :mod (s64.a / anyway))
   :snt65 (s65.s / see-01
                 :ARG0 (s65.w / we)
                 :ARG1 (s65.t2 / truth-value
                               :polarity-of (s65.p / possible-01
                                                   :ARG1 (s65.d / do-02
                                                                :ARG0 (s65.i / i
                                                                             :same-as s4.i)
                                                                :ARG1 (s65.t / this)
                                                                :ARG1-of (s65.q2 / quick-02))))
                 :ARG1-of (s65.q / quick-02
                                 :degree (s65.v / very))
                 :ARG2-of (s65.c / contrast-01)
                 :mod (s65.j / just))
   :snt66 (s66.c / cause-01
                 :ARG0 (s66.s / slogan
                              :ARG1-of (s66.h / have-quant-91
                                              :ARG3 (s66.e / enough)
                                              :polarity "-")
                              :mod (s66.p / publication
                                          :name (s66.n / name
                                                       :op1 "TED")))
                 :location (s66.a / around
                                  :op1 (s66.h2 / here)))
   :snt67 (s67.s / see-01
                 :ARG0 (s67.w / we)
                 :location (s67.h / here)
                 :mode "imperative")
   :snt68 (s68.o / okay-01)
   :snt69 (s69.p / person
                 :name (s69.n / name)
                 :mod (s69.m / multiple)
                 :mode "expressive"))

