# ::id doc-277
# ::doc_file doc-277
# ::tok http : / / www . ted . com / talks / dianna_cohen_tough_truths_about_plastic_pollution< / url> <next_sent> I 'm a visual artist , and I 'm also one of the co - founders of the Plastic Pollution Coalition . <next_sent> I 've been working with plastic bags , which I cut up and sew back together as my primary material for my artwork I turn them into two and three - dimensional pieces and sculptures and installations . <next_sent> Upon working with the plastic , after about the first eight years , some of my work started to fissure and break down into smaller little bits of plastic . <next_sent> And I thought , " Great . <next_sent> It 's ephemeral just like us . " <next_sent> Upon educating myself a little further about plastics , I actually realized this was a bad thing . <next_sent> It 's a bad thing that plastic breaks down into smaller little bits , because it 's always still plastic . <next_sent> And what we 're finding is that a lot of it is in the marine environment . <next_sent> I then , in the last few years , learned about the Pacific garbage patch and the gyre . <next_sent> And my initial reaction -- and I think this is a lot of people 's first reaction to learning about it -- is , " Oh my God ! <next_sent> We 've got to go out there and clean this thing up . " <next_sent> So I actually developed a proposal to go out with a cargo ship and two decommissioned fishing trawlers , a crane , a chipping machine and a cold - molding machine . <next_sent> And my intention was to go out to the gyre , raise awareness about this issue and begin to pick up the plastic , chip it into little bits and cold mold it into bricks that could potentially be used as building materials in underdeveloped communities . <next_sent> I began talking with people who actually had been out to the gyre and were studying the plastic problem in the marine environment and upon doing so , I realized actually that cleaning it up would be a very small drop in the bucket relative to how much is being generated every day around the world , and that actually I needed to back up and look at the bigger picture . <next_sent> And the bigger picture is : we need to find a way to turn off the faucet . <next_sent> We need to cut the spigot of single - use and disposable plastics , which are entering the marine environment every day on a global scale . <next_sent> So in looking at that , I also realized that I was really angry . <next_sent> I was n't just concerned about plastic that you 're trying to imagine out in the middle of the Pacific Ocean -- of which I have learned there are now 11 gyres , potentially , of plastic in five major oceans in the world . <next_sent> It 's not just that gyre of plastic that I 'm concerned about -- it 's the gyre of plastic in the supermarket . <next_sent> I 'd go to the supermarket and all of my food is packaged in plastic . <next_sent> All of my beverages are packaged in plastic , even at the health food market . <next_sent> I 'm also concerned about the plastic in the refrigerator , and I 'm concerned about the plastic and the toxins that leach from plastic into us and into our bodies . <next_sent> So I came together with a group of other people who were all looking at this issue , and we created the Plastic Pollution Coalition . <next_sent> We have many initiatives that we 're working on , but some of them are very basic . <next_sent> One is : if 80 to 90 percent of what we 're finding in the ocean -- of the marine debris that we 're finding in the ocean -- is plastic , then why do n't we call it what it is . <next_sent> It 's plastic pollution . <next_sent> Recycling -- everybody kind of ends their books about being sustainable and greening with the idea of recycling . <next_sent> You put something in a bin and you do n't have to think about it again . <next_sent> What is the reality of that ? <next_sent> In the United States , less than seven percent of our plastics are recycled . <next_sent> And if you really look into it , particularly when it comes to plastic bottles , most of it is only down - cycled , or incinerated , or shipped to China . <next_sent> It is down - cycled and turned into lesser things , while a glass bottle can be a glass bottle again or can be used again -- a plastic bottle can never be a plastic bottle again . <next_sent> So this is a big issue for us . <next_sent> Another thing that we 're looking at and asking people to think about is we 've added a fourth R onto the front of the " Reduce , Reuse , Recycle , " three R 's , and that is refuse . <next_sent> Whenever possible , refuse single - use and disposable plastics . <next_sent> Alternatives exist ; some of them are very old - school . <next_sent> I myself am now collecting these cool Pyrex containers and using those instead of Glad and Tupperware containers to store food in . <next_sent> And I know that I am doing a service to myself and my family . <next_sent> It 's very easy to pick up a stainless - steel bottle or a glass bottle , if you 're traveling and you 've forgotten to bring your stainless - steel bottle and fill that up with water or filtered water , versus purchasing plastic bottled water . <next_sent> I guess what I want to say to everybody here -- and I know that you guys know a lot about this issue -- is that this is a huge problem in the oceans , but this is a problem that we 've created as consumers and we can solve . <next_sent> We can solve this by raising awareness of the issue and teaching people to choose alternatives . <next_sent> So whenever possible , to choose alternatives to single - use plastics . <next_sent> We can cut the stem -- tide the stem of this into our oceans and in doing so , save our oceans , save our planet , save ourselves . <next_sent> Thank you .
(d / document
   :snt1 (s1.u / url-entity
               :ARG3-of (s1.h / hyperlink-91
                              :ARG4 (s1.c / city
                                          :name (s1.n / name
                                                      :op1 "ossobuco"))))
   :snt2 (s2.a2 / and
                :op1 (s2.a3 / artist
                            :domain (s2.i / i)
                            :mod (s2.v / visual))
                :op2 (s2.i2 / include-91
                            :ARG1 s2.i
                            :ARG2 (s2.p / person
                                        :ARG0-of (s2.f / found-01
                                                       :ARG1 (s2.o / organization
                                                                   :name (s2.n / name
                                                                               :op1 "Plastic"
                                                                               :op2 "Pollution"
                                                                               :op3 "Coalition"))))
                            :mod (s2.a / also)))
   :snt3 (s3.w / work-01
               :ARG0 (s3.i / i
                           :ARG0-of (s3.t2 / turn-02
                                           :ARG1 (s3.b2 / bag
                                                        :ARG1-of (s3.c / cut-01
                                                                       :ARG0 s3.i)
                                                        :ARG1-of (s3.m / make-01
                                                                       :ARG0 s3.i
                                                                       :manner (s3.b / back)
                                                                       :manner (s3.t / together)
                                                                       :prep-as (s3.m2 / material
                                                                                       :purpose (s3.a2 / artwork
                                                                                                       :poss s3.i)
                                                                                       :mod (s3.p3 / primary)
                                                                                       :poss s3.i))
                                                        :consist-of (s3.p2 / plastic))
                                           :ARG2 (s3.a / and
                                                       :op1 (s3.p / piece
                                                                  :mod (s3.d / dimension
                                                                             :quant "2"))
                                                       :op2 (s3.s / statue)
                                                       :op3 (s3.i2 / installation)))
                           :same-as s2.i)
               :ARG1 s3.b2
               :rel (s3.d2 / dimension
                           :quant "3"))
   :snt4 (s4.s3 / start-01
                :ARG1 (s4.a2 / and
                             :op1 (s4.c / crack-02
                                        :ARG1 (s4.w / work-01
                                                    :quant (s4.s2 / some)
                                                    :ARG0 (s4.i / i
                                                                :same-as s2.i)))
                             :op2 (s4.b2 / break-down-12
                                         :ARG1 s4.w
                                         :ARG2 (s4.b / bit
                                                     :ARG1-of (s4.h / have-degree-91
                                                                    :ARG2 (s4.s / small)
                                                                    :ARG3 (s4.m / more))
                                                     :mod (s4.l / little)
                                                     :part-of (s4.p / plastic))))
                :time (s4.a / after
                            :op1 (s4.t / temporal-quantity
                                       :ord (s4.o / ordinal-entity
                                                  :value "1")
                                       :unit (s4.y / year)
                                       :quant "8"))
                :time (s4.w2 / work-07
                             :ARG0 s4.i
                             :ARG1 s4.p))
   :snt5 (s5.a / and
               :op2 (s5.t / think-01
                          :ARG0 (s5.i / i
                                      :same-as s2.i)
                          :ARG1 (s5.g / great)))
   :snt6 (s6.e / ephemeral
               :ARG1-of (s6.r / resemble-01
                              :ARG2 (s6.w / we)
                              :mod (s6.j / just))
               :domain (s6.i / it))
   :snt7 (s7.r / realize-01
               :ARG0 (s7.i / i
                           :same-as s2.i)
               :ARG1 (s7.t / thing
                           :ARG1-of (s7.b / bad-07)
                           :mod (s7.t2 / this))
               :ARG1-of (s7.a / actual-02)
               :time (s7.e / educate-01
                           :ARG0 s7.i
                           :ARG1 (s7.p / plastic)
                           :ARG1 s7.i
                           :extent (s7.f / further
                                         :quant (s7.l / little))))
   :snt8 (s8.b / bad-07
               :ARG1 (s8.b3 / break-down-12
                            :ARG1 (s8.p / plastic
                                        :mod (s8.s2 / still)
                                        :time (s8.a / always))
                            :ARG2 (s8.b2 / bit
                                         :ARG1-of (s8.h / have-degree-91
                                                        :ARG2 (s8.s / small)
                                                        :ARG3 (s8.m / more))
                                         :mod (s8.l / little))
                            :same-as s7.t2)
               :ARG1-of (s8.c / cause-01
                              :ARG0 s8.p))
   :snt9 (s9.a / and
               :op2 (s9.f / find-01
                          :ARG0 (s9.w / we)
                          :ARG1 (s9.b / be-located-at-91
                                      :ARG1 (s9.i / it
                                                  :quant (s9.l / lot))
                                      :ARG2 (s9.e / environment
                                                  :mod (s9.m / marine)))))
   :snt10 (s10.l / learn-01
                 :ARG0 (s10.i / i
                              :same-as s2.i)
                 :ARG1 (s10.a / and
                              :op1 (s10.p / patch
                                          :mod (s10.g / garbage)
                                          :mod (s10.o / ocean
                                                      :name (s10.n / name
                                                                   :op1 "Pacific")))
                              :op2 (s10.g2 / gyre))
                 :time (s10.b / before
                              :duration (s10.f / few
                                               :op1 (s10.t / temporal-quantity
                                                           :unit (s10.y / year)
                                                           :quant "1"))
                              :op1 (s10.n2 / now))
                 :time (s10.t2 / then))
   :snt11 (s11.a / and
                 :op2 (s11.r / react-01
                             :ARG0 (s11.p / person
                                          :quant (s11.l2 / lot))
                             :ARG1 (s11.p2 / person
                                           :name (s11.n / name
                                                        :op1 "God")
                                           :mod (s11.o / oh
                                                       :mode "expressive"))
                             :ARG1-of (s11.t / think-01
                                             :ARG0 (s11.i / i
                                                          :same-as s2.i)
                                             :ARG2 (s11.r2 / react-01
                                                           :ARG0 s11.p
                                                           :ARG1 (s11.l / learn-01
                                                                        :ARG0 s11.p
                                                                        :ARG1 (s11.i2 / it))
                                                           :ord (s11.o2 / ordinal-entity
                                                                        :value "1")))
                             :ord s11.o2)
                 :rel (s11.t2 / this))
   :snt12 (s12.o / obligate-01
                 :ARG2 (s12.a / and
                              :op1 (s12.g / go-out-17
                                          :ARG0 (s12.w / we)
                                          :ARG1 (s12.o2 / out-there))
                              :op2 (s12.c / clean-up-02
                                          :ARG0 s12.w
                                          :ARG1 (s12.t / thing
                                                       :mod (s12.t2 / this)))))
   :snt13 (s13.c2 / cause-01
                  :ARG1 (s13.d2 / develop-02
                                :ARG0 (s13.i / i
                                             :same-as s2.i)
                                :ARG1 (s13.p / propose-01
                                             :ARG1 (s13.g / go-out-17
                                                          :ARG0 s13.i
                                                          :accompanier (s13.a2 / and
                                                                               :op1 (s13.s / ship
                                                                                           :mod (s13.c / cargo))
                                                                               :op2 (s13.s2 / ship
                                                                                            :ARG0-of (s13.f2 / fish-01
                                                                                                             :purpose (s13.f / fish-01))
                                                                                            :ARG1-of (s13.d / decommission-01)
                                                                                            :quant "2")
                                                                               :op3 (s13.c5 / crane)
                                                                               :op4 (s13.m / machine
                                                                                           :ARG0-of (s13.c3 / chip-in-02))
                                                                               :op5 (s13.m2 / machine
                                                                                            :ARG2-of (s13.r / roof-01
                                                                                                            :manner (s13.c4 / cold-01))))))
                                :ARG1-of (s13.a / actual-02)))
   :snt14 (s14.a / and
                 :op2 (s14.i2 / intend-01
                              :ARG0 (s14.i / i
                                           :same-as s2.i)
                              :ARG1 (s14.a2 / and
                                            :op1 (s14.g / go-out-17
                                                        :ARG0 s14.i
                                                        :ARG4 (s14.g2 / gyre
                                                                      :same-as s10.g2))
                                            :op2 (s14.r / raise-01
                                                        :ARG0 s14.i
                                                        :ARG1 (s14.r2 / realize-01
                                                                      :ARG1 (s14.i3 / issue-02
                                                                                    :mod (s14.t / this))))
                                            :op3 (s14.b / begin-01
                                                        :ARG0 s14.i
                                                        :ARG1 (s14.a3 / and
                                                                      :op1 (s14.p / pick-up-04
                                                                                  :ARG0 s14.i
                                                                                  :ARG1 (s14.p2 / plastic))
                                                                      :op2 (s14.c / chip
                                                                                  :ARG1 s14.p2
                                                                                  :ARG2 (s14.b2 / bit
                                                                                                :mod (s14.l / little)))
                                                                      :op3 (s14.m / mail-01
                                                                                  :ARG0 s14.i
                                                                                  :ARG1 s14.p2
                                                                                  :ARG2 (s14.b3 / brick
                                                                                                :ARG1-of (s14.u / use-01
                                                                                                                :ARG1-of (s14.p3 / possible-01)
                                                                                                                :ARG2 (s14.m2 / material
                                                                                                                              :ARG2-of (s14.b4 / build-01))
                                                                                                                :location (s14.c3 / community
                                                                                                                                  :ARG1-of (s14.d / develop-02
                                                                                                                                                  :polarity "-"))
                                                                                                                :mod (s14.p4 / potential)))
                                                                                  :manner (s14.c2 / cold-01)))))))
   :snt15 (s15.a3 / and
                  :op1 (s15.b2 / begin-01
                               :ARG0 (s15.i / i
                                            :same-as s2.i)
                               :ARG1 (s15.t / talk-01
                                            :ARG0 s15.i
                                            :ARG2 (s15.p / person
                                                         :ARG0-of (s15.g2 / go-02
                                                                          :ARG1-of (s15.a / actual-02)
                                                                          :ARG4 (s15.g3 / gyre
                                                                                        :same-as s10.g2)
                                                                          :direction (s15.o / out))
                                                         :ARG0-of (s15.s3 / study-01
                                                                          :ARG1 (s15.p4 / problem
                                                                                        :location (s15.e / environment
                                                                                                         :mod (s15.s / sea))
                                                                                        :topic (s15.p3 / plastic)
                                                                                        :same-as s14.i3)))))
                  :op2 (s15.r2 / realize-01
                               :ARG0 s15.i
                               :ARG1 (s15.a4 / and
                                             :op1 (s15.d2 / drop-01
                                                          :ARG1 (s15.c / clean-up-02
                                                                       :ARG1 (s15.i2 / it
                                                                                     :same-as s12.t))
                                                          :ARG1-of (s15.r3 / relative-05
                                                                           :ARG2 (s15.t3 / thing
                                                                                         :quant-of (s15.m2 / much
                                                                                                           :quant-of (s15.t4 / thing
                                                                                                                             :ARG1-of (s15.g / generate-01
                                                                                                                                             :frequency (s15.r / rate-entity-91
                                                                                                                                                               :ARG3 (s15.t2 / temporal-quantity
                                                                                                                                                                             :unit (s15.d / day)
                                                                                                                                                                             :quant "1"))
                                                                                                                                             :location (s15.a6 / around
                                                                                                                                                               :op1 (s15.w / world)))))))
                                                          :location (s15.b4 / bucket)
                                                          :mod (s15.s2 / small
                                                                       :degree (s15.v / very)))
                                             :op2 (s15.n / need-01
                                                         :ARG0 s15.i
                                                         :ARG1 (s15.a5 / and
                                                                       :op1 (s15.b / back-up-04
                                                                                   :ARG0 s15.i
                                                                                   :ARG1 s15.i)
                                                                       :op2 (s15.l / look-01
                                                                                   :ARG0 s15.i
                                                                                   :ARG1 (s15.p2 / picture
                                                                                                 :ARG1-of (s15.h / have-degree-91
                                                                                                                 :ARG2 (s15.b3 / big)
                                                                                                                 :ARG3 (s15.m / more)))))
                                                         :ARG1-of (s15.a2 / actual-02)))
                               :time s15.a2))
   :snt16 (s16.a / and
                 :op2 (s16.p / picture
                             :ARG1-of (s16.h / have-degree-91
                                             :ARG2 (s16.b / big)
                                             :ARG3 (s16.m / more)
                                             :same-as s15.p2)
                             :domain (s16.n / need-01
                                            :ARG0 (s16.w2 / we)
                                            :ARG1 (s16.f2 / find-01
                                                          :ARG0 s16.w2
                                                          :ARG1 (s16.w / way
                                                                       :manner-of (s16.t / turn-off-07
                                                                                         :ARG0 s16.w2
                                                                                         :ARG1 (s16.f / faucet)))))))
   :snt17 (s17.n / need-01
                 :ARG0 (s17.w / we)
                 :ARG1 (s17.c / cut-02
                              :ARG0 s17.w
                              :ARG1 (s17.s4 / spigot
                                            :consist-of (s17.f / film
                                                               :ARG0-of (s17.e / enter-01
                                                                               :ARG1 (s17.e2 / environment
                                                                                             :mod (s17.s2 / sea))
                                                                               :frequency (s17.r / rate-entity-91
                                                                                                 :ARG3 (s17.t / temporal-quantity
                                                                                                              :unit (s17.d / day)
                                                                                                              :quant "1"))
                                                                               :manner (s17.s / scale
                                                                                              :mod (s17.g / globe)))
                                                               :ARG1-of (s17.d2 / dispose-01)
                                                               :ARG1-of (s17.u / use-01
                                                                               :ARG1-of (s17.s3 / single-02))))))
   :snt18 (s18.r / realize-01
                 :ARG0 (s18.i / i
                              :same-as s2.i)
                 :ARG1 (s18.a2 / anger-01
                               :ARG0 (s18.l / look-01
                                            :ARG0 s18.i
                                            :ARG1 (s18.t / that))
                               :ARG1 s18.i
                               :degree (s18.r2 / really))
                 :mod (s18.a / also)
                 :time s18.l)
   :snt19 (s19.c / concern-01
                 :ARG0 (s19.p / plastic
                              :ARG1-of (s19.i2 / imagine-01
                                               :ARG0 (s19.y2 / you)
                                               :ARG1-of (s19.t / try-01
                                                               :ARG0 s19.y2)
                                               :location (s19.m2 / middle
                                                                 :direction (s19.o4 / out)
                                                                 :part-of (s19.o / ocean
                                                                                 :name (s19.n / name
                                                                                              :op1 "Pacific"
                                                                                              :op2 "Ocean"))))
                              :ARG2-of (s19.i3 / include-91
                                               :ARG1 (s19.b / be-located-at-91
                                                            :ARG1 (s19.y / Gypsy
                                                                         :quant "11")
                                                            :ARG1-of (s19.l / learn-01
                                                                            :ARG0 (s19.i / i
                                                                                         :same-as s2.i))
                                                            :location (s19.o2 / ocean
                                                                              :ARG1-of (s19.m / major-02)
                                                                              :part-of (s19.o3 / ocean
                                                                                               :location (s19.w / world
                                                                                                                :same-as s15.w))
                                                                              :quant "5")
                                                            :mod (s19.p2 / potential)
                                                            :time (s19.n2 / now))))
                 :ARG1 s19.i
                 :mod (s19.j / just)
                 :polarity "-")
   :snt20 (s20.c / concern-01
                 :ARG0 (s20.g / gyre
                              :mod (s20.t / that)
                              :mod (s20.j / just)
                              :polarity "-")
                 :ARG1 (s20.i / i
                              :same-as s2.i)
                 :ARG1-of (s20.c3 / contrast-01
                                  :ARG2 (s20.c2 / concern-01
                                                :ARG0 s20.g
                                                :ARG1 (s20.g2 / gyre
                                                              :consist-of (s20.p / plastic)
                                                              :location (s20.s / supermarket)))))
   :snt21 (s21.a2 / and
                  :op1 (s21.g / go-02
                              :ARG0 (s21.i / i
                                           :same-as s2.i)
                              :ARG4 (s21.s / supermarket))
                  :op2 (s21.p / package-01
                              :ARG1 (s21.f / food
                                           :mod (s21.a / all)
                                           :poss s21.i)
                              :ARG2 (s21.p2 / plastic)))
   :snt22 (s22.p / package-01
                 :ARG1 (s22.b / beverage
                              :mod (s22.a / all)
                              :poss (s22.i / i
                                           :same-as s2.i))
                 :ARG3 (s22.p2 / plastic)
                 :location (s22.m / market
                                  :mod (s22.f / food
                                              :mod (s22.h / health))
                                  :mod (s22.e / even)))
   :snt23 (s23.a2 / and
                  :op1 (s23.c / concern-01
                              :ARG0 (s23.p / plastic
                                           :location (s23.r / refrigerator))
                              :ARG1 (s23.i / i
                                           :same-as s2.i)
                              :mod (s23.a / also))
                  :op2 (s23.c2 / concern-01
                               :ARG0 (s23.a3 / and
                                             :op1 s23.p
                                             :op2 (s23.p2 / poison
                                                          :ARG1-of (s23.l / leach-01
                                                                          :destination (s23.a4 / and
                                                                                               :op1 (s23.w / we)
                                                                                               :op2 (s23.b / body
                                                                                                           :poss s23.w))
                                                                          :source s23.p)))
                               :ARG1 s23.i))
   :snt24 (s24.c / cause-01
                 :ARG1 (s24.a2 / and
                               :op1 (s24.c3 / come-01
                                            :ARG1 (s24.i / i
                                                         :same-as s2.i)
                                            :accompanier (s24.g / group
                                                                :ARG0-of (s24.l2 / look-01
                                                                                 :ARG1 (s24.i2 / issue-02
                                                                                               :mod (s24.t / this)
                                                                                               :same-as s14.i3))
                                                                :consist-of (s24.p / person
                                                                                   :mod (s24.o / other))
                                                                :mod (s24.a / all)))
                               :op2 (s24.c4 / create-01
                                            :ARG0 (s24.w / we)
                                            :ARG1 (s24.c2 / coalition
                                                          :topic (s24.p2 / pollute-01
                                                                         :ARG1 (s24.l / Plastic))))))
   :snt25 (s25.c / contrast-01
                 :ARG1 (s25.h / have-03
                              :ARG0 (s25.w / we
                                           :same-as s24.w)
                              :ARG1 (s25.i2 / initiative
                                            :quant (s25.m / many)
                                            :ARG1-of (s25.w2 / work-01
                                                             :ARG0 s25.w)))
                 :ARG2 (s25.b / basic
                              :degree (s25.v / very))
                 :rel (s25.i3 / initiative
                              :quant (s25.s / some)
                              :ARG1-of (s25.i / include-91
                                              :ARG2 s25.i2)))
   :snt26 (s26.c / call-01
                 :ARG0 (s26.w / we)
                 :ARG1 (s26.t / thing
                              :ARG1-of (s26.f / find-01
                                              :ARG0 s26.w
                                              :location (s26.o / ocean))
                              :domain (s26.p2 / plastic)
                              :location s26.o)
                 :ARG1-of (s26.c2 / cause-01
                                  :ARG0 (s26.a / amr-unknown))
                 :ARG2 (s26.t3 / thing
                               :domain s26.t)
                 :rel (s26.i / include-91
                             :ARG1 s26.t
                             :ARG2 (s26.t2 / thing
                                           :consist-of (s26.d / debris
                                                              :mod (s26.m / marine)))
                             :ARG3 (s26.b / between
                                          :op2 (s26.p / percentage-entity
                                                      :value "90")
                                          :op1 "80"))
                 :li "1"
                 :polarity "-")
   :snt27 (s27.p2 / pollute-01
                  :ARG1 (s27.p / plastic)
                  :domain (s27.i / it))
   :snt28 (s28.e / end-01
                 :ARG0 (s28.e2 / everybody)
                 :ARG1 (s28.b / book
                              :poss s28.e2
                              :topic (s28.a / and
                                            :op1 (s28.s / sustain-01
                                                        :ARG1-of (s28.p / possible-01))
                                            :op2 (s28.g / green-03)))
                 :ARG2 (s28.r / recycle-01)
                 :ARG2 (s28.i / idea
                              :mod (s28.r2 / recycle-01))
                 :degree (s28.k / kind-of))
   :snt29 (s29.o / obligate-01
                 :ARG1 (s29.y / you)
                 :ARG2 (s29.t / think-01
                              :ARG0 s29.y
                              :ARG1 (s29.s / something)
                              :mod (s29.a / again))
                 :condition (s29.p / put-01
                                   :ARG0 s29.y
                                   :ARG1 s29.s
                                   :ARG2 (s29.b / bin))
                 :polarity "-")
   :snt30 (s30.r / reality
                 :domain (s30.a / amr-unknown)
                 :poss (s30.t / that))
   :snt31 (s31.r / recycle-01
                 :ARG1 (s31.p2 / plastic
                               :ARG1-of (s31.i / include-91
                                               :ARG2 (s31.p3 / plastic
                                                             :poss (s31.w / we))
                                               :ARG3 (s31.p / percentage-entity
                                                            :mod (s31.l / less)
                                                            :value "7")))
                 :location (s31.c / country
                                  :name (s31.n / name
                                               :op1 "United"
                                               :op2 "States")))
   :snt32 (s32.a / and
                 :op2 (s32.h / have-condition-91
                             :ARG1 (s32.o2 / or
                                           :op1 (s32.c3 / cycle-02
                                                        :ARG1 (s32.m / most
                                                                     :ARG3-of (s32.i2 / include-91
                                                                                      :ARG2 (s32.b / bottle
                                                                                                   :mod (s32.p2 / plastic))))
                                                        :mod s32.m)
                                           :op2 (s32.i / incinerate-01
                                                       :ARG1 s32.m)
                                           :op3 (s32.s / ship-01
                                                       :ARG1 s32.m
                                                       :ARG2 (s32.c2 / country
                                                                     :name (s32.n / name
                                                                                  :op1 "China"))))
                             :ARG2 (s32.l / look-into-11
                                          :ARG0 (s32.y / you)
                                          :ARG1 (s32.i3 / it)
                                          :ARG1-of (s32.r / real-04)
                                          :time (s32.c / come-12
                                                       :ARG1 s32.b
                                                       :mod (s32.p / particular))))
                 :rel (s32.o / only))
   :snt33 (s33.c / contrast-01
                 :ARG1 (s33.a3 / and
                               :op1 (s33.c2 / cycle-02
                                            :ARG1 (s33.i / it
                                                         :same-as s9.i)
                                            :ARG1-of (s33.d / down-03))
                               :op2 (s33.t2 / turn-02
                                            :ARG1 s33.i
                                            :ARG2 (s33.t / thing
                                                         :ARG1-of (s33.h / have-degree-91
                                                                         :ARG2 (s33.s / serious-02
                                                                                      :ARG1 s33.t)
                                                                         :ARG3 (s33.m / more)))))
                 :ARG2 (s33.o / or
                              :op1 (s33.p2 / possible-01)
                              :op2 (s33.p3 / possible-01
                                           :ARG1 (s33.u / use-01
                                                        :ARG1 (s33.b / bottle
                                                                     :mod (s33.g / glass
                                                                                 :ARG1 (s33.b2 / bottle
                                                                                               :mod (s33.a / again))
                                                                                 :mod-of s33.b2))
                                                        :mod s33.a)))
                 :ARG2 (s33.p4 / possible-01
                               :ARG1 (s33.b3 / bottle
                                             :mod (s33.p / plastic)
                                             :mod (s33.a2 / again))
                               :time (s33.e / ever)
                               :polarity "-"))
   :snt34 (s34.i / infer-01
                 :ARG1 (s34.i2 / issue-02
                               :ARG0 (s34.t / this)
                               :ARG1 (s34.w / we)
                               :mod (s34.b / big)))
   :snt35 (s35.a2 / and
                  :domain (s35.t / thing
                                 :ARG1-of (s35.l / look-01
                                                 :ARG0 (s35.w2 / we))
                                 :ARG2-of (s35.a4 / ask-01
                                                  :ARG0 s35.w2
                                                  :ARG1 (s35.t2 / think-01
                                                                :ARG0 (s35.p / person)
                                                                :ARG1 s35.t)
                                                  :ARG2 s35.p)
                                 :mod (s35.a3 / another))
                  :op1 (s35.a / add-02
                              :ARG0 s35.w2
                              :ARG1 (s35.s / string-entity
                                           :value "4"
                                           :value "R")
                              :ARG2 (s35.f / front
                                           :mod (s35.s3 / string-entity
                                                        :value "recycle-01")
                                           :part-of (s35.s2 / string-entity
                                                            :mod (s35.w / waste-01)
                                                            :mod "recycle-01"
                                                            :quant "3"
                                                            :value "reduce-01")))
                  :op2 (s35.r / refuse))
   :snt36 (s36.r / refuse-01
                 :ARG0 (s36.y / you)
                 :ARG1 (s36.a / and
                              :op1 (s36.f / film
                                          :ARG1-of (s36.u / use-01
                                                          :ARG1-of (s36.s / single-02)))
                              :op2 (s36.f2 / film
                                           :ARG1-of (s36.d / dispose-01)))
                 :ARG1-of (s36.p / possible-01
                                 :mod (s36.a2 / any))
                 :mode "imperative")
   :snt37 (s37.a2 / and
                  :op1 (s37.e / exist-01
                              :ARG1 (s37.a / alternative))
                  :op2 (s37.s / school
                              :domain (s37.s2 / some
                                              :ARG1-of (s37.i / include-91
                                                              :ARG2 s37.a))
                              :mod (s37.o / old
                                          :degree (s37.v / very))))
   :snt38 (s38.a / and
                 :op1 (s38.c / collect-01
                             :ARG0 (s38.i / i
                                          :same-as s2.i)
                             :ARG1 (s38.c4 / container
                                           :name (s38.n / name
                                                        :op1 "Pyrex")
                                           :ARG1-of (s38.c7 / cool-04)
                                           :mod (s38.t / this)))
                 :op2 (s38.u / use-01
                             :ARG0 s38.i
                             :ARG1 s38.c4
                             :ARG1-of (s38.i2 / instead-of-91
                                              :ARG2 (s38.a2 / and
                                                            :ARG2-of (s38.s / store-01
                                                                            :ARG0 s38.i
                                                                            :ARG1 (s38.f / food))
                                                            :op1 (s38.c5 / container
                                                                         :mod (s38.c2 / company
                                                                                      :name (s38.n2 / name
                                                                                                    :op1 "Glad")))
                                                            :op2 (s38.c6 / container
                                                                         :mod (s38.c3 / company
                                                                                      :name (s38.n3 / name
                                                                                                    :op1 "Tupperware"))))))
                 :time (s38.n4 / now))
   :snt39 (s39.a / and
                 :op2 (s39.k / know-01
                             :ARG0 (s39.i / i
                                          :same-as s2.i)
                             :ARG1 (s39.d / do-02
                                          :ARG0 s39.i
                                          :ARG1 (s39.s / serve-01
                                                       :ARG0 s39.i
                                                       :ARG2 (s39.a2 / and
                                                                     :op1 s39.i
                                                                     :op2 (s39.f / family
                                                                                 :ARG1-of (s39.h / have-org-role-91
                                                                                                 :ARG0 s39.i
                                                                                                 :ARG2 (s39.m / member))))))))
   :snt40 (s40.e / easy-05
                 :ARG1 (s40.p / pick-up-04
                              :ARG0 (s40.y / you)
                              :ARG1 (s40.o / or
                                           :op1 (s40.b / bottle
                                                       :consist-of (s40.s2 / steel
                                                                           :ARG1-of (s40.s / smoke-01)))
                                           :op2 (s40.b2 / bottle
                                                        :mod (s40.g / glass))))
                 :ARG1-of (s40.c / compare-01
                                 :ARG2 (s40.p3 / purchase-01
                                               :ARG0 s40.y
                                               :ARG1 (s40.w3 / water
                                                             :ARG1-of (s40.b4 / bottle-01)
                                                             :mod (s40.p2 / plastic))))
                 :condition (s40.a / and
                                   :op1 (s40.t / travel-01
                                               :ARG0 s40.y)
                                   :op2 (s40.f3 / forget-01
                                                :ARG0 s40.y
                                                :ARG1 (s40.a2 / and
                                                              :op1 (s40.b5 / bring-01
                                                                           :ARG0 s40.y
                                                                           :ARG1 (s40.b3 / bottle
                                                                                         :mod s40.s2
                                                                                         :poss s40.y))
                                                              :op2 (s40.f / fill-up-02
                                                                          :ARG0 s40.y
                                                                          :ARG1 s40.b3
                                                                          :ARG2 (s40.o2 / or
                                                                                        :op1 (s40.w / water)
                                                                                        :op2 (s40.w2 / water
                                                                                                     :ARG1-of (s40.f2 / filter-02)))))))
                 :degree (s40.v / very))
   :snt41 (s41.g / guess-01
                 :ARG0 (s41.i / i
                              :ARG1 (s41.s / say-01
                                           :ARG1 (s41.c2 / contrast-01
                                                         :ARG1 (s41.p3 / problem
                                                                       :domain (s41.t2 / this
                                                                                       :same-as s14.i3)
                                                                       :location (s41.o / ocean)
                                                                       :mod (s41.h2 / huge))
                                                         :ARG2 (s41.a / and
                                                                      :op1 (s41.c3 / create-01
                                                                                   :ARG0 (s41.w2 / we)
                                                                                   :ARG1 s41.p3
                                                                                   :manner (s41.p / person
                                                                                                  :ARG0-of (s41.c / consume-01)))
                                                                      :op2 (s41.p2 / possible-01
                                                                                   :ARG1 (s41.s2 / solve-01
                                                                                                 :ARG0 s41.w2
                                                                                                 :ARG1 s41.p3))))
                                           :ARG1-of (s41.w / want-01
                                                           :ARG0 s41.i)
                                           :ARG2 (s41.e / everybody
                                                        :concession (s41.k / know-01
                                                                           :ARG0 s41.i
                                                                           :ARG1 (s41.k2 / know-01
                                                                                         :ARG0 (s41.y / you
                                                                                                      :mod (s41.g2 / guy)
                                                                                                      :same-as s41.h)
                                                                                         :ARG1 (s41.l / lot
                                                                                                      :topic (s41.i2 / issue-02
                                                                                                                     :ARG0 (s41.t / this)
                                                                                                                     :same-as s14.i3))))
                                                        :location (s41.h / here)))
                              :ARG0-of s41.s
                              :same-as s2.i))
   :snt42 (s42.p2 / possible-01
                  :ARG1 (s42.s / solve-01
                               :ARG0 (s42.w / we)
                               :ARG1 (s42.t2 / this
                                             :same-as s14.i3)
                               :ARG2 (s42.a2 / and
                                             :op1 (s42.r / raise-01
                                                         :ARG1 (s42.r2 / realize-01
                                                                       :ARG1 (s42.i / issue
                                                                                    :same-as s14.i3)))
                                             :op2 (s42.t / teach-01
                                                         :ARG1 (s42.c / choose-01
                                                                      :ARG0 (s42.p / person)
                                                                      :ARG1 (s42.a / alternative))
                                                         :ARG2 s42.p))))
   :snt43 (s43.c / cause-01
                 :ARG1 (s43.c2 / choose-01
                               :ARG1 (s43.a / alternative
                                            :prep-to (s43.p / plastic
                                                            :ARG1-of (s43.u / use-01
                                                                            :ARG1-of (s43.s / single-02))))
                               :time (s43.p2 / possible-01
                                             :mod (s43.a2 / any))))
   :snt44 (s44.a / and
                 :op1 (s44.p2 / possible-01
                              :ARG1 (s44.c / cut-01
                                           :ARG0 (s44.w / we)
                                           :ARG1 (s44.s3 / stem
                                                         :ARG1-of (s44.m / mean-01
                                                                         :ARG2 (s44.t2 / tide))
                                                         :part-of (s44.s4 / stem
                                                                          :part-of (s44.t / this)
                                                                          :same-as s44.s3))
                                           :destination (s44.o / ocean
                                                               :poss s44.w
                                                               :same-as s41.o)))
                 :op2 (s44.s / save-02
                             :ARG0 s44.w
                             :ARG1 s44.o)
                 :op3 (s44.a2 / and
                              :op1 s44.s
                              :op2 (s44.p / planet
                                          :poss s44.w
                                          :same-as s15.w)
                              :op3 (s44.s2 / save-02
                                           :ARG0 s44.w
                                           :ARG1 s44.w)))
   :snt45 (s45.t / thank-01
                 :ARG1 (s45.y / you)))

