# ::id doc-566
# ::doc_file doc-566
# ::tok http : / / www . ted . com / talks / elizabeth_lesser_take_the_other_to_lunch< / url> <next_sent> This room may appear to be holding 600 people , but there 's actually so many more , because in each one of us there is a multitude of personalities . <next_sent> I have two primary personalities that have been in conflict and conversation within me since I was a little girl . <next_sent> I call them " the mystic " and " the warrior . " <next_sent> I was born into a family of politically active , intellectual atheists . <next_sent> There was this equation in my family that went something like this : if you are intelligent , you therefore are not spiritual . <next_sent> I was the freak of the family . <next_sent> I was this weird little kid who wanted to have deep talks about the worlds that might exist beyond the ones that we perceive with our senses . <next_sent> I wanted to know if what we human beings see and hear and think is a full and accurate picture of reality . <next_sent> So , looking for answers , I went to Catholic mass . <next_sent> I tagged along with my neighbors . <next_sent> I read Sartre and Socrates . <next_sent> And then a wonderful thing happened when I was in high school : Gurus from the East started washing up on the shores of America . <next_sent> And I said to myself , " I wanna get me one of them . " <next_sent> And ever since , I 've been walking the mystic path , trying to peer beyond what Albert Einstein called " the optical delusion of everyday consciousness . " <next_sent> So what did he mean by this ? <next_sent> I 'll show you . <next_sent> Take a breath right now of this clear air in this room . <next_sent> Now , see this strange , underwater , coral reef - looking thing ? <next_sent> It 's actually a person 's trachea , and those colored globs are microbes that are actually swimming around in this room right now , all around us . <next_sent> If we 're blind to this simple biology , imagine what we 're missing at the smallest subatomic level right now and at the grandest cosmic levels . <next_sent> My years as a mystic have made me question almost all my assumptions . <next_sent> They 've made me a proud I - do n't - know - it - all . <next_sent> Now when the mystic part of me jabbers on and on like this , the warrior rolls her eyes . <next_sent> She 's concerned about what 's happening in this world right now . <next_sent> She 's worried . <next_sent> She says , " Excuse me , I 'm pissed off , and I know a few things , and we better get busy about them right now . " <next_sent> I 've spent my life as a warrior , working for women 's issues , working on political campaigns , being an activist for the environment . <next_sent> And it can be sort of crazy - making , housing both the mystic and the warrior in one body . <next_sent> I 've always been attracted to those rare people who pull that off , who devote their lives to humanity with the grit of the warrior and the grace of the mystic -- people like Martin Luther King , Jr . , who wrote , " I can never be what I ought to be until you are what you ought to be . <next_sent> This , " he wrote , " is the interrelated structure of reality . " <next_sent> Then Mother Teresa , another mystic warrior , who said , " The problem with the world is that we draw the circle of our family too small . " <next_sent> And Nelson Mandela , who lives by the African concept of " ubuntu , " which means " I need you in order to be me , and you need me in order to be you . " <next_sent> Now we all love to trot out these three mystic warriors as if they were born with the saint gene . <next_sent> But we all actually have the same capacity that they do , and we need to do their work now . <next_sent> I 'm deeply disturbed by the ways in which all of our cultures are demonizing " the Other " by the voice we 're giving to the most divisive among us . <next_sent> Listen to these titles of some of the bestselling books from both sides of the political divide here in the U.S. <next_sent> " Liberalism Is a Mental Disorder , " " Rush Limbaugh Is a Big Fat Idiot , " " Pinheads and Patriots , " " Arguing With Idiots . " <next_sent> They 're supposedly tongue - in - cheek , but they 're actually dangerous . <next_sent> Now here 's a title that may sound familiar , but whose author may surprise you : " Four - and - a - Half - Years of Struggle Against Lies , Stupidity and Cowardice . " <next_sent> Who wrote that ? <next_sent> That was Adolf Hitler 's first title for " Mein Kampf " -- " My Struggle " -- the book that launched the Nazi party . <next_sent> The worst eras in human history , whether in Cambodia or Germany or Rwanda , they start like this , with negative other - izing . <next_sent> And then they morph into violent extremism . <next_sent> This is why I 'm launching a new initiative . <next_sent> And it 's to help all of us , myself included , to counteract the tendency to " otherize . " <next_sent> And I realize we 're all busy people , so do n't worry , you can do this on a lunch break . <next_sent> I 'm calling my initiative , " Take the Other to Lunch . " <next_sent> If you are a Republican , you can take a Democrat to lunch , or if you 're a Democrat , think of it as taking a Republican to lunch . <next_sent> makes you lose your appetite , I suggest you start more local , because there is no shortage of the Other right in your own neighborhood . <next_sent> Maybe that person who worships at the mosque , or the church or the synagogue , down the street . <next_sent> Or someone from the other side of the abortion conflict . <next_sent> Or maybe your brother - in - law who does n't believe in global warming . <next_sent> Anyone whose lifestyle may frighten you , or whose point of view makes smoke come out of your ears . <next_sent> A couple of weeks ago , I took a Conservative Tea Party woman to lunch . <next_sent> Now on paper , she passed my smoking ears test . <next_sent> She 's an activist from the Right , and I 'm an activist from the Left . <next_sent> And we used some guidelines to keep our conversation elevated , and you can use them too , because I know you 're all going to take an Other to lunch . <next_sent> So first of all , decide on a goal : to get to know one person from a group you may have negatively stereotyped . <next_sent> And then , before you get together , agree on some ground rules . <next_sent> My Tea Party lunchmate and I came up with these : do n't persuade , defend or interrupt . <next_sent> Be curious ; be conversational ; be real . <next_sent> And listen . <next_sent> From there , we dove in . <next_sent> And we used these questions : Share some of your life experiences with me . <next_sent> What issues deeply concern you ? <next_sent> And what have you always wanted to ask someone from the other side ? <next_sent> My lunch partner and I came away with some really important insights , and I 'm going to share just one with you . <next_sent> I think it has relevance to any problem between people anywhere . <next_sent> I asked her why her side makes such outrageous allegations and lies about my side . <next_sent> " What ? " she wanted to know . <next_sent> " Like we 're a bunch of elitist , morally - corrupt terrorist - lovers . " <next_sent> Well , she was shocked . <next_sent> She thought my side beat up on her side way more often , that we called them brainless , gun - toting racists , and we both marveled at the labels that fit none of the people we actually know . <next_sent> And since we had established some trust , we believed in each other 's sincerity . <next_sent> We agreed we 'd speak up in our own communities when we witnessed the kind of " otherizing " talk that can wound and fester into paranoia and then be used by those on the fringes to incite . <next_sent> By the end of our lunch , we acknowledged each other 's openness . <next_sent> Neither of us had tried to change the other . <next_sent> But we also had n't pretended that our differences were just going to melt away after a lunch . <next_sent> Instead , we had taken first steps together , past our knee - jerk reactions , to the ubuntu place , which is the only place where solutions to our most intractable - seeming problems will be found . <next_sent> Who should you invite to lunch ? <next_sent> Next time you catch yourself in the act of otherizing , that will be your clue . <next_sent> And what might happen at your lunch ? <next_sent> Will the heavens open and " We Are the World " play over the restaurant sound system ? <next_sent> Probably not . <next_sent> Because ubuntu work is slow , and it 's difficult . <next_sent> It 's two people dropping the pretense of being know - it - alls . <next_sent> It 's two people , two warriors , dropping their weapons and reaching toward each other . <next_sent> Here 's how the great Persian poet Rumi put it : " Out beyond ideas of wrong - doing and right - doing , there is a field . <next_sent> I 'll meet you there . "
(d / document
   :snt1 (s1.u / url-entity
               :ARG3-of (s1.b / bear-02)
               :topic (s1.p / person
                            :name (s1.n / name
                                        :op1 "other")))
   :snt2 (s2.c2 / contrast-01
                :ARG1 (s2.p3 / possible-01
                             :ARG1 (s2.a2 / appear-02
                                          :ARG1 (s2.r / room
                                                      :mod (s2.t / this))
                                          :ARG2 (s2.h2 / hold-01
                                                       :ARG0 s2.r
                                                       :ARG1 (s2.p / person
                                                                   :quant "600"))))
                :ARG1-of (s2.c / cause-01
                               :ARG0 (s2.p2 / personality
                                            :quant (s2.m3 / multitude)
                                            :domain (s2.w / we
                                                          :mod (s2.e / each))))
                :ARG2 (s2.m2 / more
                             :ARG1-of (s2.h / have-quant-91
                                            :ARG2 (s2.m / many)
                                            :ARG3 (s2.s / so))
                             :ARG1-of (s2.a / actual-02)))
   :snt3 (s3.h / have-03
               :ARG0 (s3.i / i)
               :ARG1 (s3.p / personality
                           :ARG0-of (s3.c / conflict-01)
                           :ARG0-of (s3.c2 / converse-01
                                           :location s3.i)
                           :mod (s3.p2 / primary)
                           :quant "2")
               :time (s3.s / since
                           :op1 (s3.g / girl
                                      :domain s3.i
                                      :mod (s3.l / little))))
   :snt4 (s4.c / call-01
               :ARG0 (s4.i / i
                           :same-as s3.i)
               :ARG1 (s4.t / they
                           :same-as s3.s)
               :ARG2 (s4.a / and
                           :op1 (s4.m / mystic)
                           :op2 (s4.w / warrior)))
   :snt5 (s5.b / bear-02
               :ARG1 (s5.i / i
                           :same-as s3.i)
               :location (s5.f / family
                               :ARG1-of (s5.h / have-rel-role-91
                                              :ARG2 (s5.a2 / atheist
                                                           :ARG0-of (s5.a / activity-06
                                                                          :ARG1 (s5.p / politics))
                                                           :mod (s5.i2 / intellectual)))))
   :snt6 (s6.e / equate-01
               :ARG1-of (s6.g / go-01
                              :ARG1-of (s6.r / resemble-01
                                             :ARG2 (s6.t2 / this
                                                          :ARG1-of (s6.m / mean-01
                                                                         :ARG2 (s6.h / have-condition-91
                                                                                     :ARG1 (s6.s / spiritual
                                                                                                 :domain (s6.y / you)
                                                                                                 :polarity "-")
                                                                                     :ARG2 (s6.i2 / intelligent-01
                                                                                                  :ARG1 s6.y))))))
               :location (s6.f / family
                               :poss (s6.i / i
                                           :same-as s3.i)
                               :same-as s5.f)
               :mod (s6.t / this))
   :snt7 (s7.f2 / freak
                :domain (s7.i / i
                              :same-as s3.i)
                :part-of (s7.f / family
                               :same-as s5.f))
   :snt8 (s8.k / kid
               :ARG0-of (s8.w / want-01
                              :ARG1 (s8.t / talk-01
                                          :ARG1 (s8.w4 / world
                                                       :ARG1-of (s8.e / exist-01
                                                                      :ARG1-of (s8.p2 / possible-01))
                                                       :location (s8.b / beyond
                                                                       :op1 (s8.w5 / world
                                                                                   :ARG1-of (s8.p / perceive-01
                                                                                                  :ARG0 (s8.w2 / we)
                                                                                                  :instrument (s8.s / sense-01
                                                                                                                    :ARG0 s8.w2)))))
                                          :ARG1-of (s8.d / deep-03)))
               :domain (s8.i / i
                             :same-as s3.i)
               :mod (s8.l / little)
               :mod (s8.w3 / weird)
               :mod (s8.t2 / this)
               :ARG0-of s8.t)
   :snt9 (s9.w / want-01
               :ARG0 (s9.i / i
                           :same-as s3.i)
               :ARG1 (s9.k / know-01
                           :ARG0 s9.i
                           :ARG1 (s9.t3 / truth-value
                                        :polarity-of (s9.p / picture-01
                                                           :ARG1 (s9.r / reality)
                                                           :ARG1-of (s9.f / full-09)
                                                           :ARG2 (s9.t / thing
                                                                       :ARG1-of (s9.s / see-01
                                                                                      :ARG0 (s9.w2 / we
                                                                                                   :mod (s9.b / being
                                                                                                              :mod (s9.h2 / human))))
                                                                       :ARG1-of (s9.h / hear-01
                                                                                      :ARG0 s9.w2)
                                                                       :ARG1-of (s9.t2 / think-01
                                                                                       :ARG0 s9.w2))
                                                           :mod (s9.a / accurate)))))
   :snt10 (s10.c / cause-01
                 :ARG0 (s10.l / look-01
                              :ARG0 (s10.i / i
                                           :same-as s3.i)
                              :ARG1 (s10.t / thing
                                           :ARG2-of (s10.a / answer-01)))
                 :ARG1 (s10.g / go-02
                              :ARG0 s10.i
                              :ARG4 (s10.m / mass
                                           :mod (s10.r / religious-group
                                                       :name (s10.n / name
                                                                    :op1 "Catholic")))))
   :snt11 (s11.t / tag-01
                 :ARG1 (s11.i / i
                              :same-as s3.i)
                 :ARG2 (s11.p / person
                              :ARG1-of (s11.n / neighbor-01
                                              :ARG2 s11.i)))
   :snt12 (s12.r / read-01
                 :ARG0 (s12.i / i
                              :same-as s3.i)
                 :ARG1 (s12.a / and
                              :op1 (s12.p / person
                                          :name (s12.n / name
                                                       :op1 "Sartre"))
                              :op2 (s12.p2 / person
                                           :name (s12.n2 / name
                                                         :op1 "Socrates"))))
   :snt13 (s13.a / and
                 :op2 (s13.s2 / start-01
                              :ARG0 (s13.d / dog
                                           :name (s13.n / name
                                                        :op1 "Jesus")
                                           :source (s13.w3 / world-region
                                                           :name (s13.n2 / name
                                                                         :op1 "East")))
                              :ARG1 (s13.w / wash-up-03
                                           :ARG1 s13.d
                                           :location (s13.s / shore
                                                            :mod (s13.c / country
                                                                        :name (s13.n3 / name
                                                                                      :op1 "America"))))
                              :ARG1-of (s13.w2 / wonderful-03
                                               :time (s13.h / high-school
                                                            :domain (s13.i / i
                                                                           :same-as s3.i)))
                              :time (s13.t / then)))
   :snt14 (s14.a / and
                 :op2 (s14.s / say-01
                             :ARG0 (s14.i / i
                                          :same-as s3.i)
                             :ARG1 (s14.w / want-01
                                          :ARG0 s14.i
                                          :ARG1 (s14.g / get-01
                                                       :ARG0 s14.i
                                                       :ARG1 (s14.o / one
                                                                    :ARG1-of (s14.i2 / include-91
                                                                                     :ARG2 (s14.t / they
                                                                                                  :same-as s13.d))
                                                                    :mod s14.i)))
                             :ARG2 s14.i))
   :snt15 (s15.a / and
                 :op1 (s15.w / walk-01
                             :purpose (s15.t2 / try-01
                                              :ARG0 (s15.i / i
                                                           :same-as s3.i)
                                              :ARG1 (s15.p2 / peer-01
                                                            :ARG0 s15.i
                                                            :ARG1 (s15.b / beyond
                                                                         :op1 (s15.t / thing
                                                                                     :ARG1-of (s15.c / call-01
                                                                                                     :ARG0 (s15.p3 / person
                                                                                                                   :name (s15.n / name
                                                                                                                                :op1 "Albert"
                                                                                                                                :op2 "Einstein"))
                                                                                                     :ARG2 (s15.d / delude-01
                                                                                                                  :ARG1 (s15.c2 / consciousness
                                                                                                                                :mod (s15.e2 / everyday))
                                                                                                                  :mod (s15.o / optics)))))))
                             :ARG0 s15.i
                             :ARG1 (s15.p / path
                                          :mod (s15.m / mystic))
                             :time (s15.s / since
                                          :mod (s15.e / ever))))
   :snt16 (s16.m / mean-01
                 :ARG0 (s16.h / he
                              :same-as s15.p3)
                 :ARG1 (s16.t / this)
                 :ARG2 (s16.a / amr-unknown))
   :snt17 (s17.s / show-01
                 :ARG0 (s17.i / i
                              :same-as s3.i)
                 :ARG2 (s17.y / you))
   :snt18 (s18.b / breathe-01
                 :ARG0 (s18.y / you)
                 :ARG2 (s18.a / air
                              :ARG1-of (s18.c / clear-08)
                              :location (s18.r2 / room
                                                :mod (s18.t / this)
                                                :same-as s2.r))
                 :time (s18.n / now
                              :mod (s18.r / right))
                 :mode "imperative")
   :snt19 (s19.s / see-01
                 :ARG0 (s19.y / you)
                 :ARG1 (s19.t / thing
                              :ARG0-of (s19.l / look-02
                                              :ARG1 (s19.r / reef
                                                           :mod (s19.c / coral)))
                              :location (s19.u / underwater)
                              :mod (s19.s2 / strange)
                              :mod (s19.t2 / this))
                 :polarity (s19.a / amr-unknown)
                 :time (s19.n / now)
                 :mode "imperative")
   :snt20 (s20.a3 / and
                  :op1 (s20.t3 / trachea
                               :ARG1-of (s20.a / actual-02)
                               :domain (s20.i / it
                                              :same-as s19.t)
                               :poss (s20.p / person))
                  :op2 (s20.b / bacterium
                              :ARG0-of (s20.s / swim-01
                                              :ARG1-of (s20.a2 / actual-02)
                                              :location (s20.r2 / room
                                                                :mod (s20.t2 / this)
                                                                :same-as s2.r)
                                              :location (s20.a5 / around
                                                                :op1 (s20.w / we
                                                                            :same-as s2.w))
                                              :mod (s20.a4 / around)
                                              :time (s20.n / now
                                                           :mod (s20.r / right)))
                              :domain (s20.g / glimmer-01
                                             :ARG1-of (s20.c / color-01)
                                             :mod (s20.t / that))))
   :snt21 (s21.i / imagine-01
                 :ARG0 (s21.y / you)
                 :ARG1 (s21.t / thing
                              :ARG1-of (s21.m / miss-01
                                              :ARG0 (s21.w / we)
                                              :location (s21.a / and
                                                               :op1 (s21.l / level
                                                                           :ARG1-of (s21.h / have-degree-91
                                                                                           :ARG2 (s21.s2 / small)
                                                                                           :ARG3 (s21.m2 / most))
                                                                           :mod (s21.s3 / subatom))
                                                               :op2 (s21.l2 / level
                                                                            :ARG1-of (s21.h2 / have-degree-91
                                                                                             :ARG2 (s21.g / great)
                                                                                             :ARG3 (s21.m3 / most))
                                                                            :mod (s21.u / universe)))
                                              :time (s21.n / now
                                                           :mod (s21.r / right))))
                 :condition (s21.b2 / blind-02
                                    :ARG1 s21.w
                                    :ARG2 (s21.b / biology
                                                 :ARG1-of (s21.s / simple-02)
                                                 :mod (s21.t2 / this)))
                 :mode "imperative")
   :snt22 (s22.m / make-02
                 :ARG0 (s22.m2 / multiple
                               :op1 (s22.t / temporal-quantity
                                           :unit (s22.y / year)
                                           :quant "1")
                               :prep-as (s22.m3 / mystic
                                                :domain (s22.i / i
                                                               :same-as s3.i)))
                 :ARG1 (s22.q / question-03
                              :ARG0 s22.i
                              :ARG1 (s22.t2 / thing
                                            :ARG1-of (s22.a3 / assume-02
                                                             :ARG0 s22.i)
                                            :mod (s22.a / all
                                                        :mod (s22.a2 / almost)))))
   :snt23 (s23.m / make-02
                 :ARG0 (s23.t / they
                              :same-as s22.m2)
                 :ARG1 (s23.p / pride-01
                              :ARG0 (s23.i / i
                                           :same-as s3.i)
                              :ARG2 (s23.k / know-01
                                           :ARG0 s23.i
                                           :ARG1 (s23.i2 / it
                                                         :mod (s23.a / all))
                                           :polarity "-")))
   :snt24 (s24.r2 / roll-01
                  :ARG0 (s24.w / warrior
                               :part (s24.e / eye)
                               :same-as s4.w)
                  :ARG1 s24.e
                  :time (s24.j / jab-01
                               :ARG0 (s24.t / thing
                                            :mod (s24.m / mystic)
                                            :part-of (s24.i / i
                                                            :same-as s3.i)
                                            :same-as s4.m)
                               :ARG1-of (s24.r / resemble-01
                                               :ARG2 (s24.t2 / this))
                               :mod (s24.o / on-and-on))
                  :time (s24.n / now))
   :snt25 (s25.c / concern-01
                 :ARG0 (s25.e / event
                              :location (s25.w / world
                                               :mod (s25.t / this))
                              :time (s25.n / now
                                           :mod (s25.r / right)))
                 :ARG1 (s25.s / she
                              :same-as s4.w))
   :snt26 (s26.w / worry-02
                 :ARG0 (s26.s / she
                              :same-as s4.w))
   :snt27 (s27.s / say-01
                 :ARG0 (s27.s2 / she
                               :same-as s4.w)
                 :ARG1 (s27.e / excuse-01
                              :ARG0 (s27.y / you)
                              :ARG1 s27.s2
                              :ARG1-of (s27.c / cause-01
                                              :ARG0 (s27.a / and
                                                           :op1 (s27.p / piss-off-02
                                                                       :ARG1 s27.s2)
                                                           :op2 (s27.k / know-01
                                                                       :ARG0 s27.s2
                                                                       :ARG1 (s27.t / thing
                                                                                    :quant (s27.f / few)))
                                                           :op3 (s27.b / busy-01
                                                                       :ARG1 (s27.w / we)
                                                                       :ARG2 s27.t
                                                                       :time (s27.n / now
                                                                                    :mod (s27.r / right)))))))
   :snt28 (s28.s / spend-02
                 :ARG0 (s28.i / i
                              :ARG0-of (s28.w3 / work-01
                                               :ARG2 (s28.i2 / issue-02
                                                             :ARG0 (s28.w2 / woman)))
                              :ARG0-of (s28.w4 / work-01
                                               :ARG1 (s28.c / campaign-01
                                                            :mod (s28.p / politics)))
                              :mod (s28.a / activist
                                          :topic (s28.e / environment))
                              :same-as s3.i)
                 :ARG1 (s28.l / life
                              :poss s28.i)
                 :ARG2 (s28.w / warrior))
   :snt29 (s29.a / and
                 :op2 (s29.p / possible-01
                             :ARG1 (s29.m / make-01
                                          :ARG0 (s29.i / it)
                                          :ARG1 (s29.c / crazy-03)
                                          :degree (s29.s / sort-of)
                                          :manner (s29.h / house-01
                                                         :ARG0 s29.i
                                                         :ARG1 (s29.a2 / and
                                                                       :op1 (s29.m2 / mystic)
                                                                       :op2 (s29.w / warrior))
                                                         :ARG3 (s29.b / body
                                                                      :quant "1")))))
   :snt30 (s30.a3 / attract-01
                  :ARG1 (s30.i / i
                               :same-as s3.i)
                  :ARG2 (s30.p / person
                               :ARG0-of (s30.p4 / pull-off-03
                                                :ARG1 (s30.t / that
                                                             :same-as s29.h))
                               :ARG0-of (s30.d / devote-01
                                               :ARG1 (s30.l / life
                                                            :poss s30.p)
                                               :ARG2 (s30.h / humanity)
                                               :manner (s30.a2 / and
                                                               :op1 (s30.g2 / grit-01
                                                                            :ARG0 (s30.w / warrior))
                                                               :op2 (s30.g / grace
                                                                           :poss (s30.m / mystic))))
                               :ARG1-of (s30.r / rare-02)
                               :example (s30.p2 / person
                                                :name (s30.n / name
                                                             :op1 "Martin"
                                                             :op2 "Luther"
                                                             :op3 "King"
                                                             :op4 "Jr.")
                                                :ARG0-of (s30.w2 / write-01
                                                                 :ARG1 (s30.p3 / possible-01
                                                                               :ARG1 (s30.t2 / thing
                                                                                             :ARG2-of (s30.o / obligate-01
                                                                                                             :ARG1 (s30.y / you))
                                                                                             :domain s30.p)
                                                                               :time (s30.e / ever)
                                                                               :time (s30.u / until
                                                                                            :op1 (s30.t3 / thing
                                                                                                         :ARG2-of (s30.o2 / obligate-01
                                                                                                                          :ARG1 s30.y)
                                                                                                         :domain s30.y))
                                                                               :polarity "-"))))
                  :time (s30.a / always))
   :snt31 (s31.w / write-01
                 :ARG0 (s31.h / he
                              :same-as s30.p2)
                 :ARG1 (s31.s / structure-01
                              :ARG0 (s31.t / this)
                              :ARG1 (s31.r / reality)
                              :ARG1-of (s31.r2 / relate-01)))
   :snt32 (s32.s / say-01
                 :ARG0 (s32.p / person
                              :name (s32.n / name
                                           :op1 "Mother"
                                           :op2 "Teresa")
                              :mod (s32.w / warrior
                                          :mod (s32.m2 / mystic)
                                          :mod (s32.a / another))
                              :time (s32.t / then))
                 :ARG1 (s32.p2 / problem
                               :domain (s32.d / draw-02
                                              :ARG0 (s32.w2 / we)
                                              :ARG1 (s32.c / circle
                                                           :ARG1-of (s32.h / have-degree-91
                                                                           :ARG2 (s32.s2 / small)
                                                                           :ARG3 (s32.t2 / too))
                                                           :poss (s32.f / family
                                                                        :ARG1-of (s32.h2 / have-org-role-91
                                                                                         :ARG0 s32.w2
                                                                                         :ARG2 (s32.m / member)))))
                               :topic (s32.w3 / world)))
   :snt33 (s33.a / and
                 :op2 (s33.p / person
                             :name (s33.n / name
                                          :op1 "Nelson"
                                          :op2 "Mandela")
                             :ARG0-of (s33.l / live-01
                                             :manner (s33.c / concept
                                                            :mod (s33.c2 / continent
                                                                         :name (s33.n2 / name
                                                                                       :op1 "Africa"))
                                                            :topic (s33.u / ubuntu
                                                                          :ARG1-of (s33.m / mean-01
                                                                                          :ARG2 (s33.a2 / and
                                                                                                        :op1 (s33.n3 / need-01
                                                                                                                     :ARG0 (s33.i / i)
                                                                                                                     :ARG1 (s33.y / you))
                                                                                                        :op2 (s33.n4 / need-01
                                                                                                                     :ARG0 s33.y
                                                                                                                     :ARG1 s33.i))))))))
   :snt34 (s34.l / love-01
                 :ARG0 (s34.w2 / we
                               :mod (s34.a / all))
                 :ARG1 (s34.t2 / trot-out-02
                               :ARG0 s34.w2
                               :ARG1 (s34.w / warrior
                                            :mod (s34.m / mystic)
                                            :mod (s34.t / this)
                                            :quant "3")
                               :manner (s34.b / bear-02
                                              :ARG0-of (s34.h / have-03
                                                              :ARG1 (s34.g / gene
                                                                           :mod (s34.s / saint)))
                                              :ARG1 s34.w))
                 :time (s34.n / now))
   :snt35 (s35.c3 / contrast-01
                  :ARG2 (s35.a3 / and
                                :op1 (s35.h / have-03
                                            :ARG0 (s35.w / we
                                                         :mod (s35.a2 / all))
                                            :ARG1 (s35.c / capacity
                                                         :ARG1-of (s35.s / same-01
                                                                         :ARG2 (s35.c2 / capacity
                                                                                       :poss (s35.t / they
                                                                                                    :same-as s34.w))))
                                            :ARG1-of (s35.a / actual-02))
                                :op2 (s35.n / need-01
                                            :ARG0 s35.w
                                            :ARG1 (s35.d / do-02
                                                         :ARG0 s35.w
                                                         :ARG1 (s35.w2 / work-01
                                                                       :ARG0 s35.t)
                                                         :time (s35.n2 / now)))))
   :snt36 (s36.d3 / disturb-01
                  :ARG0 (s36.w / way
                               :manner-of (s36.d2 / demonize-01
                                                  :ARG0 (s36.c / culture
                                                               :mod (s36.a / all)
                                                               :poss (s36.w2 / we))
                                                  :ARG1 (s36.o / other)
                                                  :instrument (s36.v / voice
                                                                     :ARG1-of (s36.g / give-01
                                                                                     :ARG0 s36.w2
                                                                                     :ARG2 (s36.p / person
                                                                                                  :ARG1-of (s36.h / have-degree-91
                                                                                                                  :ARG2 (s36.d4 / divide-02
                                                                                                                                :ARG0 s36.v)
                                                                                                                  :ARG3 (s36.m / most))
                                                                                                  :ARG1-of (s36.i2 / include-91
                                                                                                                   :ARG2 s36.w2))))))
                  :ARG1 (s36.i / i
                               :same-as s3.i)
                  :ARG1-of (s36.d / deep-02))
   :snt37 (s37.l / listen-01
                 :ARG0 (s37.y / you)
                 :ARG1 (s37.t2 / title-01
                               :ARG1 (s37.b2 / book
                                             :quant (s37.s2 / some)
                                             :ARG1-of (s37.i / include-91
                                                             :ARG2 (s37.b3 / book
                                                                           :mod (s37.b / bestselling)
                                                                           :source (s37.s / side
                                                                                          :mod (s37.b4 / both)
                                                                                          :part-of (s37.d / divide-02
                                                                                                          :ARG1 (s37.p / politics)
                                                                                                          :location (s37.h / here
                                                                                                                           :location (s37.c / country
                                                                                                                                            :name (s37.n / name
                                                                                                                                                         :op1 "U.S."))))))))
                               :mod (s37.t / this))
                 :mode "imperative")
   :snt38 (s38.a / and
                 :op1 (s38.d / disorder
                             :domain (s38.l / liberal-02)
                             :mod (s38.m / mind))
                 :op2 (s38.i / idiot
                             :ARG1-of (s38.f / fat-03
                                             :mod (s38.b / big))
                             :domain (s38.p / person
                                            :name (s38.n / name
                                                         :op1 "Rush"
                                                         :op2 "Limbaugh"))
                             :mod (s38.f2 / fucking))
                 :op3 (s38.p2 / person
                              :ARG0-of (s38.h / have-org-role-91
                                              :ARG2 (s38.p3 / president))
                              :part-of (s38.h2 / head))
                 :op4 (s38.a2 / argue-02
                              :ARG1 (s38.i2 / idiot)))
   :snt39 (s39.c / contrast-01
                 :ARG1 (s39.s / suppose-01
                              :ARG1 (s39.t2 / tongue-in-cheek
                                            :domain (s39.t / they)))
                 :ARG2 (s39.e / endanger-01
                              :ARG0 s39.t
                              :ARG1-of (s39.a / actual-02)))
   :snt40 (s40.c / contrast-01
                 :ARG1 (s40.s / sound-01
                              :ARG1-of (s40.p / possible-01)
                              :ARG2 (s40.f / familiar))
                 :ARG2 (s40.p2 / possible-01
                               :ARG1 (s40.s4 / surprise-01
                                             :ARG0 (s40.a2 / author-01
                                                           :ARG1 s40.s2)
                                             :ARG1 (s40.y2 / you)))
                 :mod (s40.n / now)
                 :rel (s40.t2 / title-01
                              :ARG2 (s40.s2 / struggle-02
                                            :ARG1 (s40.a / and
                                                         :op1 (s40.l / lie-08)
                                                         :op2 (s40.s3 / stupid)
                                                         :op3 (s40.c2 / coward))
                                            :duration (s40.t / temporal-quantity
                                                             :unit (s40.y / year)
                                                             :quant "2.5"))))
   :snt41 (s41.w / write-01
                 :ARG0 (s41.a / amr-unknown)
                 :ARG1 (s41.t / that
                              :same-as s40.s2))
   :snt42 (s42.t2 / title-01
                  :ARG0 (s42.p / person
                               :name (s42.n / name
                                            :op1 "Adolf"
                                            :op2 "Hitler"))
                  :ARG1 (s42.b / book
                               :name (s42.n2 / name
                                             :op1 "My"
                                             :op2 "Struggle"))
                  :ARG2 (s42.t / that
                               :same-as s40.s2)
                  :ARG2 (s42.b2 / book
                                :name s42.n2
                                :ARG0-of (s42.l / launch-01
                                                :ARG1 (s42.p2 / political-party
                                                              :name (s42.n3 / name
                                                                            :op1 "Nazi"
                                                                            :op2 "Party"))))
                  :ord (s42.o / ordinal-entity
                              :value "1")
                  :rel (s42.e / Mein)
                  :rel (s42.a / Kampf))
   :snt43 (s43.s / start-01
                 :ARG0 (s43.e / era
                              :ARG1-of (s43.h / have-degree-91
                                              :ARG2 (s43.b / bad-07
                                                           :ARG1 s43.e)
                                              :ARG3 (s43.m / most)
                                              :ARG5 (s43.h2 / history
                                                            :poss (s43.h3 / human)))
                              :location (s43.o / or
                                               :op1 (s43.c / country
                                                           :name (s43.n / name
                                                                        :op1 "Cambodia"))
                                               :op2 (s43.c2 / country
                                                            :name (s43.n2 / name
                                                                          :op1 "Germany"))
                                               :op3 (s43.c3 / country
                                                            :name (s43.n3 / name
                                                                          :op1 "Rwanda"))))
                 :ARG1-of (s43.r / resemble-01
                                 :ARG2 (s43.t2 / this))
                 :ARG2 (s43.t / theorize-01
                              :ARG0-of (s43.n4 / negative-02)
                              :ARG1 (s43.o2 / other)))
   :snt44 (s44.a / and
                 :op2 (s44.m / morph-01
                             :ARG1 (s44.t2 / they
                                           :same-as s43.t)
                             :ARG2 (s44.e / extremism
                                          :mod (s44.v / violent))
                             :time (s44.t / then)))
   :snt45 (s45.c / cause-01
                 :ARG0 (s45.t / this)
                 :ARG1 (s45.l / launch-01
                              :ARG0 (s45.i / i
                                           :same-as s3.i)
                              :ARG1 (s45.i2 / initiative
                                            :ARG1-of (s45.n / new-01))))
   :snt46 (s46.a2 / and
                  :op2 (s46.h / have-purpose-91
                              :ARG2 (s46.h2 / help-01
                                            :ARG1 (s46.c / counteract-01
                                                         :ARG0 (s46.w / we
                                                                      :ARG2-of (s46.i2 / include-91
                                                                                       :ARG1 (s46.i / i
                                                                                                    :same-as s3.i))
                                                                      :mod (s46.a / all))
                                                         :ARG1 (s46.t / tend-02
                                                                      :ARG1 s46.w
                                                                      :ARG2 (s46.n / normalize-01
                                                                                   :ARG0 s46.w)))
                                            :ARG2 s46.w)))
   :snt47 (s47.a2 / and
                  :op2 (s47.r / realize-01
                              :ARG0 (s47.i / i
                                           :same-as s3.i)
                              :ARG0-of (s47.c / cause-01
                                              :ARG1 (s47.w2 / worry-02
                                                            :ARG0 (s47.y / you)
                                                            :ARG1-of (s47.c2 / cause-01
                                                                             :ARG0 (s47.p2 / possible-01
                                                                                           :ARG1 (s47.d / do-02
                                                                                                        :ARG0 s47.y
                                                                                                        :ARG1 (s47.t / this
                                                                                                                     :same-as s45.l)
                                                                                                        :time (s47.b / break
                                                                                                                     :mod (s47.l / lunch)))))
                                                            :mode "imperative"
                                                            :polarity "-"))
                              :ARG1 (s47.b2 / busy-01
                                            :ARG1 (s47.w / we
                                                         :mod (s47.a / all))
                                            :ARG2 (s47.p / person))))
   :snt48 (s48.c / call-01
                 :ARG0 (s48.i / i
                              :same-as s3.i)
                 :ARG1 (s48.i2 / initiative
                               :poss s48.i
                               :same-as s45.i2)
                 :ARG2 (s48.t / take-01
                              :ARG1 (s48.o / other)
                              :ARG3 (s48.l / lunch-01)))
   :snt49 (s49.o / or
                 :op1 (s49.p5 / possible-01
                              :ARG1 (s49.t / take-01
                                           :ARG0 (s49.y / you)
                                           :ARG1 (s49.p2 / person
                                                         :ARG0-of (s49.h2 / have-org-role-91
                                                                          :ARG1 (s49.p4 / political-party
                                                                                        :name (s49.n2 / name
                                                                                                      :op1 "Democrat"))))
                                           :ARG3 (s49.l / lunch-01))
                              :condition (s49.p / person
                                                :ARG0-of (s49.h / have-org-role-91
                                                                :ARG1 (s49.p3 / political-party
                                                                              :name (s49.n / name
                                                                                           :op1 "Republican"
                                                                                           :op2 "Party")))
                                                :domain s49.y))
                 :op2 (s49.t3 / think-01
                              :ARG0 s49.y
                              :ARG1 (s49.i / it)
                              :ARG2 (s49.t2 / take-01
                                            :ARG0 s49.y
                                            :ARG1 s49.p2)
                              :condition s49.y))
   :snt50 (s50.h / have-condition-91
                 :ARG1 (s50.s3 / suggest-01
                               :ARG0 (s50.i / i
                                            :same-as s3.i)
                               :ARG1 (s50.s2 / start-01
                                             :ARG0 (s50.y / you)
                                             :ARG1 (s50.l / local-02
                                                          :ARG2-of (s50.h2 / have-degree-91
                                                                           :ARG1 s50.s2
                                                                           :ARG3 (s50.m2 / more))))
                               :ARG1-of (s50.c / cause-01
                                               :ARG0 (s50.s / short-06
                                                            :ARG1 (s50.o / other)
                                                            :location (s50.n / neighborhood
                                                                             :mod (s50.r / right)
                                                                             :poss s50.y)
                                                            :polarity "-")))
                 :ARG2 (s50.m / make-02
                              :ARG1 (s50.l2 / lose-02
                                            :ARG0 s50.y
                                            :ARG1 (s50.a / appetite)
                                            :ARG2 s50.y)))
   :snt51 (s51.p2 / possible-01
                  :ARG1 (s51.p / person
                               :ARG0-of (s51.w / worship-01
                                               :location (s51.o / or
                                                                :location (s51.s / street
                                                                                 :direction (s51.d / down))
                                                                :op1 (s51.m / mosque)
                                                                :op2 (s51.c / church)
                                                                :op3 (s51.s2 / synagogue)))
                               :mod (s51.t / that)))
   :snt52 (s52.o / or
                 :op2 (s52.s2 / someone
                              :source (s52.s / side
                                             :mod (s52.o2 / other)
                                             :mod (s52.c / conflict-01
                                                         :ARG0 (s52.a / abort-01)))))
   :snt53 (s53.o / or
                 :op2 (s53.p2 / possible-01
                              :ARG1 (s53.p / person
                                           :ARG0-of (s53.h / have-rel-role-91
                                                           :ARG1 (s53.y / you)
                                                           :ARG2 (s53.b2 / brother-in-law))
                                           :ARG0-of (s53.b / believe-01
                                                           :ARG1 (s53.w / warm-01
                                                                        :ARG1 (s53.g / globe))
                                                           :polarity "-"))))
   :snt54 (s54.a / anyone
                 :domain (s54.o / or
                                :op1 (s54.l / lifestyle
                                            :ARG0-of (s54.f / frighten-01
                                                            :ARG1 (s54.y / you
                                                                         :part (s54.e / ear))
                                                            :ARG1-of (s54.p / possible-01)))
                                :op2 (s54.h / have-point-of-view-08
                                            :ARG0 s54.a
                                            :ARG0-of (s54.m / make-02
                                                            :ARG1 (s54.c / come-out-09
                                                                         :ARG1 (s54.s / smoke)
                                                                         :source s54.e)))))
   :snt55 (s55.t / take-01
                 :ARG0 (s55.i / i
                              :same-as s3.i)
                 :ARG1 (s55.w2 / woman
                               :mod (s55.p / political-movement
                                           :name (s55.n / name
                                                        :op1 "Conservative"
                                                        :op2 "Tea"
                                                        :op3 "Party")))
                 :ARG3 (s55.l / lunch-01)
                 :time (s55.b / before
                              :quant (s55.c / couple
                                            :op1 (s55.t2 / temporal-quantity
                                                         :unit (s55.w / week)
                                                         :quant "1"))
                              :op1 (s55.n2 / now)))
   :snt56 (s56.p2 / pass-07
                  :ARG1 (s56.s / she
                               :same-as s55.w2)
                  :ARG2 (s56.t / test-01
                               :ARG0 (s56.i / i
                                            :part (s56.e / ear
                                                         :ARG0-of (s56.s2 / smoke-02)
                                                         :ARG1-of s56.t)
                                            :same-as s3.i))
                  :medium (s56.p / paper)
                  :time (s56.n / now))
   :snt57 (s57.a3 / and
                  :op1 (s57.a / activist
                              :ARG1-of (s57.r / right-08)
                              :domain (s57.s / she
                                             :same-as s55.w2))
                  :op2 (s57.a2 / activist
                               :domain (s57.i / i
                                              :same-as s3.i)
                               :source (s57.l / left-19)))
   :snt58 (s58.a2 / and
                  :op1 (s58.u / use-01
                              :ARG0 (s58.w / we)
                              :ARG1 (s58.g / guideline
                                           :quant (s58.s / some))
                              :ARG2 (s58.k / keep-02
                                           :ARG0 s58.w
                                           :ARG1 (s58.e / elevate-01
                                                        :ARG1 (s58.c2 / converse-01
                                                                      :ARG0 s58.w))))
                  :op2 (s58.p / possible-01
                              :ARG1 (s58.u2 / use-01
                                            :ARG0 (s58.y / you
                                                         :mod (s58.a / all))
                                            :ARG1 s58.g
                                            :mod (s58.t2 / too))
                              :ARG1-of (s58.c / cause-01
                                              :ARG0 (s58.k2 / know-01
                                                            :ARG0 (s58.i / i
                                                                         :same-as s3.i)
                                                            :ARG1 (s58.t / take-01
                                                                         :ARG0 s58.y
                                                                         :ARG1 (s58.o / other)
                                                                         :ARG4 (s58.l / lunch-01))))))
   :snt59 (s59.d / decide-01
                 :ARG0 (s59.y / you)
                 :ARG1 (s59.g2 / goal
                               :consist-of (s59.g / get-03
                                                  :ARG1 s59.y
                                                  :ARG2 (s59.k / know-02
                                                               :ARG0 s59.y
                                                               :ARG1 (s59.p / person
                                                                            :ARG1-of (s59.i / include-91
                                                                                            :ARG2 (s59.g3 / group
                                                                                                          :ARG1-of (s59.s / stereotype-01
                                                                                                                          :ARG0 s59.y
                                                                                                                          :ARG1-of (s59.p2 / possible-01)
                                                                                                                          :ARG2 (s59.n / negative-03))))
                                                                            :quant "1"))))
                 :mod (s59.f / first-of-all)
                 :mode "imperative")
   :snt60 (s60.a2 / and
                  :op2 (s60.a / agree-01
                              :ARG0 (s60.y / you)
                              :ARG1 (s60.r / rule
                                           :quant (s60.s / some)
                                           :mod (s60.g / ground))
                              :time (s60.b / before
                                           :op1 (s60.t2 / together
                                                        :domain s60.y))
                              :time (s60.t / then)))
   :snt61 (s61.c / come-up-11
                 :ARG0 (s61.a / and
                              :op1 (s61.p / person
                                          :ARG0-of (s61.h / have-rel-role-91
                                                          :ARG1 (s61.i / i
                                                                       :same-as s3.i)
                                                          :ARG2 (s61.l / lunchmate)))
                              :op2 s61.i)
                 :ARG1 (s61.o / or
                              :op1 (s61.p2 / persuade-01
                                           :ARG0 (s61.y / you)
                                           :polarity "-")
                              :op2 (s61.d / defend-01
                                          :ARG0 s61.y
                                          :polarity "-")
                              :op3 (s61.i2 / interrupt-01
                                           :ARG0 s61.y
                                           :polarity "-")
                              :mode "imperative")
                 :rel (s61.p3 / political-movement
                              :name (s61.n / name
                                           :op1 "Tea"
                                           :op2 "Party"))
                 :rel (s61.t / this))
   :snt62 (s62.a / and
                 :op1 (s62.c2 / curious-01
                              :ARG1 (s62.y / you)
                              :mode "imperative")
                 :op2 (s62.c / converse-01
                             :ARG0 s62.y)
                 :op3 (s62.r / real-04
                             :ARG1 s62.y
                             :mode "imperative"))
   :snt63 (s63.a / and
                 :op2 (s63.l / listen-01
                             :ARG0 (s63.y / you)
                             :mode "imperative"))
   :snt64 (s64.d / dive-01
                 :ARG0 (s64.w / we
                              :same-as s61.p3)
                 :source (s64.t / there))
   :snt65 (s65.a / and
                 :op2 (s65.u / use-01
                             :ARG0 (s65.w / we
                                          :same-as s61.p3)
                             :ARG1 (s65.q / question-01
                                          :ARG1 (s65.s / share-01
                                                       :ARG0 (s65.y / you)
                                                       :ARG1 (s65.t / thing
                                                                    :quant (s65.s2 / some)
                                                                    :ARG1-of (s65.i2 / include-91
                                                                                     :ARG2 (s65.t2 / thing
                                                                                                   :ARG1-of (s65.e / experience-01
                                                                                                                   :ARG0 s65.y
                                                                                                                   :mod (s65.l / life)))))
                                                       :ARG2 (s65.i / i
                                                                    :same-as s3.i))
                                          :mod (s65.t3 / this))))
   :snt66 (s66.c / concern-01
                 :ARG0 (s66.i / issue-02
                              :ARG0 (s66.a / amr-unknown))
                 :ARG1 (s66.y / you)
                 :ARG1-of (s66.d / deep-02))
   :snt67 (s67.a3 / and
                  :op2 (s67.w / want-01
                              :ARG0 (s67.y / you)
                              :ARG1 (s67.a4 / ask-01
                                            :ARG0 s67.y
                                            :ARG1 (s67.a2 / amr-unknown)
                                            :ARG2 (s67.s2 / someone
                                                          :source (s67.s / side
                                                                         :mod (s67.o / other))))
                              :time (s67.a / always)))
   :snt68 (s68.a2 / and
                  :op1 (s68.c / come-01
                              :ARG1 (s68.a / and
                                           :op1 (s68.p2 / person
                                                        :ARG0-of (s68.h / have-rel-role-91
                                                                        :ARG1 (s68.i / i
                                                                                     :same-as s3.i
                                                                                     :same-as s61.p3)
                                                                        :ARG2 (s68.p / partner
                                                                                     :mod (s68.l / lunch-01)))
                                                        :same-as s61.p3)
                                           :op2 s68.i)
                              :ARG4 (s68.i3 / insight
                                            :quant (s68.s2 / some)
                                            :quant (s68.o / one
                                                          :mod (s68.j / just))
                                            :ARG1-of (s68.i2 / important-01
                                                             :degree (s68.r / really)))
                              :direction (s68.a3 / away))
                  :op2 (s68.s / share-01
                              :ARG0 s68.i
                              :ARG1 s68.o
                              :ARG2 (s68.y / you
                                           :same-as s17.y)))
   :snt69 (s69.t / think-01
                 :ARG0 (s69.i / i
                              :same-as s3.i)
                 :ARG1 (s69.r / relevant-01
                              :ARG1 (s69.i2 / it
                                            :same-as s68.o)
                              :ARG2 (s69.p2 / problem
                                            :mod (s69.a / any)
                                            :mod (s69.b / between
                                                        :op1 (s69.p / person
                                                                    :location (s69.a2 / anywhere))))))
   :snt70 (s70.a3 / ask-01
                  :ARG0 (s70.i / i
                               :same-as s3.i)
                  :ARG1 (s70.t / thing
                               :ARG0-of (s70.c / cause-01
                                               :ARG1 (s70.a2 / and
                                                             :op1 (s70.a / allege-01
                                                                         :ARG0 (s70.s2 / side
                                                                                       :poss (s70.s / she
                                                                                                    :same-as s61.p3))
                                                                         :ARG1-of (s70.o / outrageous-02)
                                                                         :mod (s70.s3 / such))
                                                             :op2 (s70.l / lie-08
                                                                         :ARG0 s70.s2
                                                                         :ARG3 s70.s2))))
                  :ARG2 s70.s)
   :snt71 (s71.w / want-01
                 :ARG0 (s71.s / she
                              :same-as s61.p3)
                 :ARG1 (s71.k / know-01
                              :ARG0 s71.s
                              :ARG1 (s71.a / amr-unknown)))
   :snt72 (s72.r / resemble-01
                 :ARG2 (s72.l / love-01
                              :quant (s72.b / bunch)
                              :ARG1 (s72.t / terrorist)
                              :ARG1-of (s72.c / corrupt-01
                                              :ARG3 (s72.m / moral-02))
                              :domain (s72.w / we)
                              :mod (s72.e / elite)))
   :snt73 (s73.s2 / shock-01
                  :ARG1 (s73.s / she
                               :same-as s61.p3)
                  :mod (s73.w / well))
   :snt74 (s74.a2 / and
                  :op1 (s74.t3 / think-01
                               :ARG0 (s74.s / she
                                            :same-as s61.p3)
                               :ARG1 (s74.b / beat-up-05
                                            :ARG0 (s74.s2 / side
                                                          :poss (s74.i / i
                                                                       :same-as s3.i))
                                            :ARG1 s74.s
                                            :ARG1-of (s74.h / have-degree-91
                                                            :ARG2 (s74.o / often)
                                                            :ARG3 (s74.m / more
                                                                         :quant (s74.w / way)))))
                  :op2 (s74.c / call-01
                              :ARG0 (s74.w2 / we
                                            :same-as s72.w)
                              :ARG1 s74.s
                              :ARG2 (s74.t / they)
                              :ARG2 (s74.r / racist
                                           :ARG0-of (s74.t4 / tote-01
                                                            :ARG1 (s74.g / gun))
                                           :mod (s74.b2 / brain
                                                        :polarity "-")))
                  :op3 (s74.l2 / laud-01
                               :ARG0 s74.w2
                               :ARG1 (s74.t2 / thing
                                             :ARG1-of (s74.f / fit-06
                                                             :ARG2 (s74.p / person
                                                                          :quant (s74.n / none)
                                                                          :ARG1-of (s74.k / know-02
                                                                                          :ARG0 s74.w2
                                                                                          :ARG1-of (s74.a / actual-02))))
                                             :ARG2-of (s74.l / label-01))))
   :snt75 (s75.a / and
                 :op2 (s75.b / believe-01
                             :ARG0 (s75.w / we
                                          :same-as s72.w)
                             :ARG1 (s75.s / sincerity
                                          :poss (s75.o / other
                                                       :mod (s75.e / each)
                                                       :same-as s72.w))
                             :ARG1-of (s75.c / cause-01
                                             :ARG0 (s75.e2 / establish-01
                                                           :ARG0 s75.w
                                                           :ARG1 (s75.t / trust
                                                                        :quant (s75.s2 / some))))))
   :snt76 (s76.a / agree-01
                 :ARG0 (s76.w / we
                              :same-as s72.w)
                 :ARG1 (s76.s / speak-up-02
                              :ARG0 s76.w
                              :location (s76.c / community
                                               :poss s76.w))
                 :time (s76.w2 / witness-01
                               :ARG0 s76.w
                               :ARG1 (s76.t / talk-01
                                            :ARG0-of (s76.n / normalize-01)
                                            :ARG0-of (s76.a2 / and
                                                             :ARG1-of (s76.p3 / possible-01)
                                                             :op1 (s76.w3 / wound-01
                                                                          :ARG0 s76.t
                                                                          :ARG1 (s76.p / paranoia))
                                                             :op2 (s76.f / fester-01
                                                                         :ARG1 s76.t
                                                                         :ARG2 s76.p)
                                                             :op3 (s76.u / use-01
                                                                         :ARG0 (s76.p2 / person
                                                                                       :location (s76.f2 / fringe)
                                                                                       :mod (s76.t2 / that))
                                                                         :ARG1 s76.t
                                                                         :ARG2 (s76.i / incite-01
                                                                                      :ARG0 s76.p2)
                                                                         :time (s76.t3 / then)))
                                            :mod (s76.k / kind))))
   :snt77 (s77.a / acknowledge-01
                 :ARG0 (s77.w / we
                              :same-as s72.w)
                 :ARG1 (s77.o / open-05
                              :ARG1 (s77.o2 / other
                                            :mod (s77.e / each)
                                            :same-as s72.w))
                 :time (s77.b / by
                              :op1 (s77.e2 / end-01
                                           :ARG1 (s77.l / lunch-01
                                                        :ARG0 s77.w))))
   :snt78 (s78.t / try-01
                 :ARG0 (s78.w / we
                              :mod (s78.e / either)
                              :same-as s72.w)
                 :ARG1 (s78.c / change-01
                              :ARG0 s78.w
                              :ARG1 (s78.o / other))
                 :polarity "-")
   :snt79 (s79.c / contrast-01
                 :ARG2 (s79.p / pretend-01
                              :ARG0 (s79.w / we
                                           :same-as s72.w)
                              :ARG1 (s79.m / melt-01
                                           :ARG1 (s79.d / differ-02
                                                        :ARG1 s79.w)
                                           :mod (s79.j / just)
                                           :mod (s79.a3 / away)
                                           :time (s79.a / after
                                                        :op1 (s79.l / lunch)))
                              :mod (s79.a2 / also)
                              :polarity "-"))
   :snt80 (s80.i / instead-of-91
                 :ARG1 (s80.s3 / step-01
                               :ARG0 (s80.w / we
                                            :part (s80.k / knee)
                                            :same-as s72.w)
                               :ARG2 (s80.p2 / place
                                             :mod (s80.u / ubuntu)
                                             :mod (s80.p3 / place
                                                          :location-of (s80.f / find-01
                                                                              :ARG1 (s80.s2 / solve-01
                                                                                            :ARG1 (s80.p5 / problem
                                                                                                          :ARG1-of (s80.s / seem-01
                                                                                                                          :ARG1-of (s80.p4 / possible-01
                                                                                                                                           :ARG1 (s80.e / explain-01
                                                                                                                                                        :ARG1-of (s80.h / have-degree-91
                                                                                                                                                                        :ARG2 s80.p4
                                                                                                                                                                        :ARG3 (s80.m / most)))
                                                                                                                                           :polarity "-"))
                                                                                                          :poss s80.w)))
                                                          :mod (s80.o / only))
                                             :same-as s2.r)
                               :manner (s80.t / together)
                               :ord (s80.o2 / ordinal-entity
                                            :value "1")
                               :path (s80.p / past
                                            :op1 (s80.r / react-01
                                                        :ARG0 s80.w
                                                        :manner (s80.j / jerk-01
                                                                       :ARG1 s80.k)))))
   :snt81 (s81.r / recommend-01
                 :ARG1 (s81.i / invite-01
                              :ARG0 (s81.y / you)
                              :ARG1 (s81.a / amr-unknown)
                              :ARG2 (s81.l / lunch-01)))
   :snt82 (s82.c2 / clue
                  :poss (s82.y / you)
                  :time (s82.c / catch-02
                               :ARG0 s82.y
                               :ARG1 (s82.n2 / normalize-01
                                             :ARG0 s82.y)
                               :ARG1 s82.y
                               :mod (s82.n / next)))
   :snt83 (s83.a2 / and
                  :op2 (s83.p / possible-01
                              :ARG1 (s83.a / amr-unknown
                                           :time (s83.l / lunch-01
                                                        :ARG0 (s83.y / you)))))
   :snt84 (s84.a2 / and
                  :op1 (s84.o / open-01
                              :ARG1 (s84.k / Sky))
                  :op2 (s84.p / play-11
                              :ARG0 (s84.m / music
                                           :mod (s84.w2 / world
                                                        :domain (s84.w / we)))
                              :medium (s84.s2 / system
                                              :location (s84.r / restaurant)
                                              :mod (s84.s / sound)))
                  :polarity (s84.a / amr-unknown))
   :snt85 (s85.p / probable
                 :domain (s85.t / thing
                                :polarity "-"))
   :snt86 (s86.c / cause-01
                 :ARG0 (s86.a / and
                              :op1 (s86.s / slow-05
                                          :ARG1 (s86.w / work-01
                                                       :ARG1 (s86.u / ubuntu
                                                                    :same-as s2.r)))
                              :op2 (s86.d / difficult
                                          :domain s86.w)))
   :snt87 (s87.d / drop-05
                 :ARG0 (s87.p / person
                              :quant "2")
                 :ARG1 (s87.p2 / pretend-01
                               :ARG0 s87.p
                               :ARG1 (s87.k / know-01
                                            :ARG0 s87.p
                                            :ARG1 (s87.i / it)
                                            :mod (s87.a / all))))
   :snt88 (s88.a / and
                 :op1 (s88.d / drop-01
                             :ARG0 (s88.p / person
                                          :mod (s88.w / warrior)
                                          :quant "2")
                             :ARG1 (s88.w2 / weapon
                                           :poss s88.p))
                 :op2 (s88.r / reach-03
                             :ARG0 s88.p
                             :ARG2 (s88.o / other
                                          :mod (s88.e / each))
                             :direction (s88.t / toward)))
   :snt89 (s89.p2 / put-02
                  :ARG0 (s89.p / poet
                               :name (s89.n2 / name
                                             :op1 "Rumi")
                               :mod (s89.c / country
                                           :name (s89.n / name
                                                        :op1 "Persian"))
                               :mod (s89.g / great))
                  :ARG1 (s89.f / field
                               :ARG1-of (s89.o / out-06
                                               :ARG2 (s89.b / beyond
                                                            :op1 (s89.i / idea
                                                                        :topic (s89.a / and
                                                                                      :op1 (s89.d / do-02
                                                                                                  :ARG1 (s89.w / wrong-02))
                                                                                      :op2 (s89.d2 / do-02
                                                                                                   :ARG1 (s89.r / right-02)))))))
                  :location (s89.h / here))
   :snt90 (s90.m / meet-02
                 :ARG0 (s90.i / i
                              :same-as s89.p)
                 :ARG1 (s90.y / you)
                 :location (s90.t / there)))

