# ::id doc-1158
# ::doc_file doc-1158
# ::tok http : / / www . ted . com / talks / allan_adams_the_discovery_that_could_rewrite_physics< / url> <next_sent> If you look deep into the night sky , you see stars , and if you look further , you see more stars , and further , galaxies , and further , more galaxies . <next_sent> But if you keep looking further and further , eventually you see nothing for a long while , and then finally you see a faint , fading afterglow , and it 's the afterglow of the Big Bang . <next_sent> Now , the Big Bang was an era in the early universe when everything we see in the night sky was condensed into an incredibly small , incredibly hot , incredibly roiling mass , and from it sprung everything we see . <next_sent> Now , we 've mapped that afterglow with great precision , and when I say we , I mean people who are n't me . <next_sent> We 've mapped the afterglow with spectacular precision , and one of the shocks about it is that it 's almost completely uniform . <next_sent> Fourteen billion light years that way and 14 billion light years that way , it 's the same temperature . <next_sent> Now it 's been 14 billion years since that Big Bang , and so it 's got faint and cold . <next_sent> It 's now 2.7 degrees . <next_sent> But it 's not exactly 2.7 degrees . <next_sent> It 's only 2.7 degrees to about 10 parts in a million . <next_sent> Over here , it 's a little hotter , and over there , it 's a little cooler , and that 's incredibly important to everyone in this room , because where it was a little hotter , there was a little more stuff , and where there was a little more stuff , we have galaxies and clusters of galaxies and superclusters and all the structure you see in the cosmos . <next_sent> And those small , little , inhomogeneities , 20 parts in a million , those were formed by quantum mechanical wiggles in that early universe that were stretched across the size of the entire cosmos . <next_sent> That is spectacular , and that 's not what they found on Monday ; <next_sent> what they found on Monday is cooler . <next_sent> So here 's what they found on Monday : Imagine you take a bell , and you whack the bell with a hammer . <next_sent> What happens ? <next_sent> It rings . <next_sent> But if you wait , that ringing fades and fades and fades until you do n't notice it anymore . <next_sent> Now , that early universe was incredibly dense , like a metal , way denser , and if you hit it , it would ring , but the thing ringing would be the structure of space - time itself , and the hammer would be quantum mechanics . <next_sent> What they found on Monday was evidence of the ringing of the space - time of the early universe , what we call gravitational waves from the fundamental era , and here 's how they found it . <next_sent> Those waves have long since faded . <next_sent> If you go for a walk , you do n't wiggle . <next_sent> Those gravitational waves in the structure of space are totally invisible for all practical purposes . <next_sent> But early on , when the universe was making that last afterglow , the gravitational waves put little twists in the structure of the light that we see . <next_sent> So by looking at the night sky deeper and deeper -- in fact , these guys spent three years on the South Pole looking straight up through the coldest , clearest , cleanest air they possibly could find looking deep into the night sky and studying that glow and looking for the faint twists which are the symbol , the signal , of gravitational waves , the ringing of the early universe . <next_sent> And on Monday , they announced that they had found it . <next_sent> And the thing that 's so spectacular about that to me is not just the ringing , though that is awesome . <next_sent> The thing that 's totally amazing , the reason I 'm on this stage , is because what that tells us is something deep about the early universe . <next_sent> It tells us that we and everything we see around us are basically one large bubble -- and this is the idea of inflation— one large bubble surrounded by something else . <next_sent> This is n't conclusive evidence for inflation , but anything that is n't inflation that explains this will look the same . <next_sent> This is a theory , an idea , that has been around for a while , and we never thought we we 'd really see it . <next_sent> For good reasons , we thought we 'd never see killer evidence , and this is killer evidence . <next_sent> But the really crazy idea is that our bubble is just one bubble in a much larger , roiling pot of universal stuff . <next_sent> We 're never going to see the stuff outside , but by going to the South Pole and spending three years looking at the detailed structure of the night sky , we can figure out that we 're probably in a universe that looks kind of like that . <next_sent> And that amazes me . <next_sent> Thanks a lot .
(d / document
   :snt1 (s1.u / url-entity
               :value "ossobuco")
   :snt2 (s2.a / and
               :op1 (s2.s / see-01
                          :ARG0 (s2.y / you)
                          :ARG1 (s2.s4 / star)
                          :condition (s2.l / look-01
                                           :ARG0 s2.y
                                           :ARG1 (s2.s3 / sky
                                                        :time (s2.d / date-entity
                                                                    :dayperiod (s2.n / night)))))
               :op2 (s2.s2 / see-01
                           :ARG0 s2.y
                           :ARG1 (s2.a2 / and
                                        :op1 (s2.s5 / star
                                                    :quant (s2.m / more))
                                        :op2 (s2.g / galaxy
                                                   :quant (s2.f2 / further)
                                                   :op3-of s2.a2))
                           :condition (s2.l2 / look-01
                                             :ARG0 s2.y
                                             :ARG1 (s2.f / further)))
               :rel (s2.d2 / deep-02))
   :snt3 (s3.c / contrast-01
               :ARG2 (s3.a2 / and
                            :op1 (s3.s / see-01
                                       :ARG0 (s3.y / you)
                                       :ARG1 (s3.n2 / nothing)
                                       :condition (s3.k / keep-02
                                                        :ARG0 s3.y
                                                        :ARG1 (s3.l2 / look-01
                                                                     :ARG0 s3.y
                                                                     :ARG1-of (s3.f4 / further-01)))
                                       :duration (s3.w / while
                                                       :ARG1-of (s3.l / long-03))
                                       :time (s3.e / eventual))
                            :op2 (s3.s2 / see-01
                                        :ARG0 s3.y
                                        :ARG1 (s3.t2 / thing
                                                     :ARG0-of (s3.f2 / faint-01)
                                                     :ARG1-of (s3.f / fade-01)
                                                     :time (s3.a / after
                                                                 :poss (s3.t3 / thing
                                                                              :name (s3.n / name
                                                                                          :op1 "Big"
                                                                                          :op2 "Bang"))))
                                        :time (s3.f3 / final)
                                        :time (s3.t / then))))
   :snt4 (s4.e2 / era
                :domain (s4.t / thing
                              :name (s4.n / name
                                          :op1 "Big"
                                          :op2 "Bang")
                              :same-as s3.t3)
                :time (s4.u / universe
                            :time (s4.e / early))
                :time-of (s4.a / and
                               :op1 (s4.c / condense-01
                                          :ARG1 (s4.e3 / everything
                                                       :ARG1-of (s4.s / see-01
                                                                      :ARG0 (s4.w / we)
                                                                      :location (s4.s3 / sky
                                                                                       :time (s4.d / date-entity
                                                                                                   :dayperiod (s4.n2 / night))
                                                                                       :same-as s2.s3)))
                                          :ARG2 (s4.m / mass
                                                      :ARG1-of (s4.r / rot-01
                                                                     :degree (s4.i2 / incredible))
                                                      :ARG1-of (s4.h / hot-05
                                                                     :degree (s4.i / incredible))
                                                      :mod (s4.s4 / small)))
                               :op2 (s4.s5 / spring-up-02
                                           :ARG1 (s4.e4 / everything
                                                        :ARG1-of (s4.s2 / see-01
                                                                        :ARG0 s4.w))
                                           :source s4.m)))
   :snt5 (s5.a2 / and
                :op1 (s5.m / map-01
                           :ARG0 (s5.w / we)
                           :ARG1 (s5.a / afterglow
                                       :same-as s3.f2)
                           :manner (s5.p2 / precise
                                          :degree (s5.g / great))
                           :time (s5.n / now))
                :op2 (s5.m2 / mean-01
                            :ARG0 (s5.i / i)
                            :ARG2 (s5.p / person
                                        :ARG1-of (s5.h / have-mod-91
                                                       :ARG2 s5.i
                                                       :polarity "-"))
                            :time (s5.s / say-01
                                        :ARG0 s5.i
                                        :ARG1 s5.w)))
   :snt6 (s6.a3 / and
                :op1 (s6.m / map-01
                           :ARG0 (s6.w / we
                                       :same-as s5.w)
                           :ARG1 (s6.a / afterglow
                                       :same-as s3.f2)
                           :manner (s6.p / precise
                                         :mod (s6.s2 / spectacle)))
                :op2 (s6.s / shock-01
                           :ARG1-of (s6.i / include-91
                                          :ARG2 (s6.u / uniform-01
                                                      :ARG1 s6.a
                                                      :ARG1-of (s6.c / complete-02
                                                                     :mod (s6.a2 / almost))))
                           :topic (s6.i2 / it
                                         :same-as s6.m)))
   :snt7 (s7.t / temperature
               :ARG1-of (s7.s / same-01)
               :condition (s7.a / and
                                :op1 (s7.d / distance-quantity
                                           :direction (s7.t2 / that)
                                           :unit (s7.y / year)
                                           :quant "14000000")
                                :op2 (s7.d2 / distance-quantity
                                            :direction (s7.w / way
                                                             :mod (s7.t3 / that))
                                            :unit (s7.y2 / year)
                                            :quant "14000000")))
   :snt8 (s8.b / be-temporally-at-91
               :ARG0-of (s8.c / cause-01
                              :ARG1 (s8.g / get-03
                                          :ARG1 (s8.i / it
                                                      :same-as s3.f2)
                                          :ARG2 (s8.a / and
                                                      :op1 (s8.f / faint-01
                                                                 :ARG0 s8.i)
                                                      :op2 (s8.c2 / cold-01
                                                                  :ARG1 s8.i))))
               :ARG1 (s8.t2 / thing
                            :name (s8.n / name
                                        :op1 "Big"
                                        :op2 "Bang")
                            :same-as s3.t3)
               :ARG2 (s8.b2 / before
                            :quant (s8.t / temporal-quantity
                                         :unit (s8.y / year)
                                         :quant "14000000")
                            :op1 (s8.n3 / now))
               :time (s8.n2 / now))
   :snt9 (s9.t / temperature-quantity
               :scale (s9.c / celsius)
               :time (s9.n / now)
               :quant "2.7")
   :snt10 (s10.c2 / contrast-01
                  :ARG2 (s10.t / temperature-quantity
                               :mod (s10.e / exact
                                           :polarity "-")
                               :scale (s10.c / celsius)
                               :quant "2.7"))
   :snt11 (s11.r / rate-entity-91
                 :ARG1 (s11.a / about
                              :op1 (s11.p / part
                                          :quant "10"))
                 :rel (s11.t / temperature-quantity
                             :mod (s11.o / only)
                             :scale (s11.f / fahrenheit)
                             :quant "2.7")
                 :ARG2 "1000000")
   :snt12 (s12.a3 / and
                  :op1 (s12.a2 / and
                               :op1 (s12.h6 / hot-05
                                            :ARG1 (s12.i3 / it
                                                          :same-as s3.f2)
                                            :ARG2-of (s12.h2 / have-degree-91
                                                             :ARG1 s12.i3
                                                             :ARG3 (s12.m / more))
                                            :degree (s12.l / little)
                                            :location (s12.h5 / here))
                               :op2 (s12.c3 / cool-01
                                            :quant (s12.l2 / little)
                                            :ARG1 s12.i3
                                            :ARG3 (s12.m2 / more
                                                          :quant s12.l2)))
                  :op2 (s12.i / important-01
                              :ARG1 s12.a2
                              :ARG1-of (s12.c / cause-01
                                              :ARG0 (s12.h / have-03
                                                           :ARG0 (s12.w / we)
                                                           :ARG1 (s12.a5 / and
                                                                         :op1 (s12.g / galaxy)
                                                                         :op2 (s12.c2 / cluster
                                                                                      :consist-of (s12.g2 / galaxy))
                                                                         :op3 (s12.s4 / superconductor)
                                                                         :op4 (s12.s2 / structure
                                                                                      :ARG1-of (s12.s / see-01
                                                                                                      :ARG0 (s12.y / you)
                                                                                                      :location (s12.c4 / cosmos))
                                                                                      :mod (s12.a / all)))
                                                           :location (s12.a4 / and
                                                                             :op1 (s12.h7 / hot-05
                                                                                          :ARG1 s12.i3
                                                                                          :ARG2-of (s12.h3 / have-degree-91
                                                                                                           :ARG1 s12.i3
                                                                                                           :ARG3 (s12.m3 / more
                                                                                                                         :quant s12.l)))
                                                                             :op2 (s12.s3 / stuff
                                                                                          :ARG1-of (s12.h4 / have-quant-91
                                                                                                           :ARG2 (s12.l3 / little)
                                                                                                           :ARG3 (s12.m4 / more))))))
                              :ARG2 (s12.e / everyone
                                           :location (s12.r / room
                                                            :mod (s12.t2 / this)))
                              :degree (s12.i2 / incredible))
                  :rel (s12.o / over
                              :op1 (s12.t / there)))
   :snt13 (s13.a / and
                 :op2 (s13.f / form-01
                             :ARG0 (s13.w / wiggle-01
                                          :ARG1-of (s13.s3 / stretch-01
                                                           :ARG2 (s13.t3 / thing
                                                                         :ARG2-of (s13.s / size-01
                                                                                         :ARG1 (s13.c / cosmos
                                                                                                      :mod (s13.e2 / entire)
                                                                                                      :same-as s12.c4))))
                                          :location (s13.u / universe
                                                           :mod (s13.e / early)
                                                           :mod (s13.t2 / that))
                                          :mod (s13.m / mechanics)
                                          :mod (s13.q / quantum))
                             :ARG1 (s13.a2 / asshole
                                           :quant (s13.p / part
                                                         :quant "1000000"
                                                         :quant "20")
                                           :mod (s13.l / little)
                                           :mod (s13.s2 / small)
                                           :mod (s13.t / that))))
   :snt14 (s14.a / and
                 :op1 (s14.s / spectacle
                             :domain (s14.t / that))
                 :op2 (s14.f / find-01
                             :ARG0 (s14.t2 / they)
                             :ARG1 s14.t
                             :time (s14.d / date-entity
                                          :weekday (s14.m / monday))
                             :polarity "-"))
   :snt15 (s15.f / find-01
                 :ARG0 (s15.t / they
                              :same-as s14.t2)
                 :ARG1 (s15.t2 / thing
                               :ARG1-of (s15.h / have-degree-91
                                               :ARG2 (s15.c / cool-04
                                                            :ARG1 s15.t2)
                                               :ARG3 (s15.m2 / more)))
                 :time (s15.d / date-entity
                              :weekday (s15.m / monday)
                              :same-as s14.d))
   :snt16 (s16.f / find-01
                 :ARG0 (s16.t2 / they
                               :same-as s14.t2)
                 :ARG1 (s16.a / and
                              :op1 (s16.i / imagine-01
                                          :ARG0 (s16.y / you)
                                          :ARG1 (s16.t / take-01
                                                       :ARG0 (s16.y2 / you)
                                                       :ARG1 (s16.b / bell))
                                          :mode "imperative")
                              :op2 (s16.w / whack-01
                                          :ARG0 s16.y
                                          :ARG1 s16.b
                                          :instrument (s16.h / hammer)))
                 :location (s16.h2 / here)
                 :time (s16.d / date-entity
                              :weekday (s16.m / monday)
                              :same-as s14.d))
   :snt17 (s17.e / event
                 :mod (s17.a / amr-unknown))
   :snt18 (s18.r / ring-01
                 :ARG1 (s18.i / it
                              :same-as s16.b))
   :snt19 (s19.c / contrast-01
                 :ARG2 (s19.a / and
                              :condition (s19.w / wait-01
                                                :ARG1 (s19.y / you)
                                                :op1-of s19.a)
                              :op2 (s19.f / fade-01
                                          :ARG1 (s19.t / thing
                                                       :ARG1-of (s19.r / ring-01)
                                                       :same-as s18.r))
                              :time (s19.u / until
                                           :op1 (s19.n / notice-01
                                                       :ARG0 s19.y
                                                       :ARG1 s19.t
                                                       :mod (s19.a2 / anymore)
                                                       :polarity "-"))))
   :snt20 (s20.c / contrast-01
                 :ARG1 (s20.a / and
                              :op1 (s20.d / dense
                                          :ARG1-of (s20.r / resemble-01
                                                          :ARG2 (s20.m2 / metal
                                                                        :ARG1-of (s20.h2 / have-degree-91
                                                                                         :ARG2 (s20.d2 / dense)
                                                                                         :ARG3 (s20.m3 / more
                                                                                                       :quant (s20.w / way)))))
                                          :degree (s20.i / incredible)
                                          :domain (s20.u / universe
                                                         :mod (s20.t / that)
                                                         :time (s20.e / early)))
                              :op2 (s20.r2 / ring-01
                                           :ARG1 s20.u
                                           :condition (s20.h3 / hit-01
                                                              :ARG0 (s20.y / you)
                                                              :ARG1 s20.u)))
                 :ARG2 (s20.a2 / and
                               :op1 (s20.s / structure
                                           :poss (s20.t2 / time))
                               :op2 (s20.m / mechanics
                                           :domain (s20.h / hammer)
                                           :mod (s20.q / quantum)))
                 :rel (s20.r3 / ring-01))
   :snt21 (s21.a / and
                 :op1 (s21.f / find-01
                             :ARG0 (s21.t / they
                                          :same-as s14.t2)
                             :ARG1 (s21.e3 / evidence-01
                                           :ARG1 (s21.r / ring-01
                                                        :ARG1 (s21.t3 / time
                                                                      :mod (s21.s / space)
                                                                      :part-of (s21.u / universe
                                                                                      :time (s21.e / early)
                                                                                      :same-as s4.u)))
                                           :ARG1-of (s21.c / call-01
                                                           :ARG0 (s21.w2 / we)
                                                           :ARG2 (s21.w / wave
                                                                        :mod (s21.g / gravity)
                                                                        :time (s21.e2 / era
                                                                                      :mod (s21.f3 / fundamental)))))
                             :time (s21.d / date-entity
                                          :weekday (s21.m / monday)
                                          :same-as s14.d))
                 :op2 (s21.t2 / thing
                              :location (s21.h / here)
                              :manner-of (s21.f2 / find-01
                                                 :ARG0 s21.t
                                                 :ARG1 s21.e3)))
   :snt22 (s22.f / fade-01
                 :ARG1 (s22.w / wave
                              :mod (s22.t / that)
                              :same-as s21.w)
                 :time (s22.b / before
                              :quant (s22.l / long-03)
                              :op1 (s22.n / now))
                 :time (s22.s / since))
   :snt23 (s23.w2 / wiggle-01
                  :ARG0 (s23.y / you)
                  :condition (s23.g / go-02
                                    :ARG0 s23.y
                                    :ARG1 (s23.w / walk-01
                                                 :ARG0 s23.y))
                  :polarity "-")
   :snt24 (s24.p / possible-01
                 :ARG1 (s24.s / see-01
                              :purpose (s24.p3 / purpose
                                               :ARG1-of (s24.p2 / practical-02)
                                               :mod (s24.a / all))
                              :ARG1 (s24.w / wave
                                           :location (s24.s3 / structure
                                                             :poss (s24.s2 / space))
                                           :mod (s24.g / gravity)
                                           :mod (s24.t / that)
                                           :same-as s21.w))
                 :degree (s24.t2 / total)
                 :polarity "-")
   :snt25 (s25.c / contrast-01
                 :ARG2 (s25.p / put-01
                              :ARG0 (s25.w / wave
                                           :mod (s25.g / gravity)
                                           :same-as s21.w)
                              :ARG1 (s25.t / twist-01
                                           :ARG1 (s25.s2 / structure
                                                         :ARG1-of (s25.s / see-01
                                                                         :ARG0 (s25.w2 / we))
                                                         :poss (s25.l2 / light))
                                           :mod (s25.l3 / little))
                              :time (s25.m / make-01
                                           :ARG0 (s25.u / universe
                                                        :same-as s4.u)
                                           :ARG1 (s25.a / afterglow
                                                        :mod (s25.l / last)))
                              :time (s25.e / early)))
   :snt26 (s26.i2 / infer-01
                  :ARG2 (s26.s4 / spend-02
                                :ARG0 (s26.g3 / guy
                                              :mod (s26.t4 / this)
                                              :same-as s14.t2)
                                :ARG1 (s26.t / temporal-quantity
                                             :unit (s26.y / year)
                                             :quant "3")
                                :ARG2 (s26.b / be-located-at-91
                                             :ARG1 s26.g3
                                             :ARG2 (s26.w2 / world-region
                                                           :name (s26.n / name
                                                                        :op1 "South"
                                                                        :op2 "Pole")))
                                :ARG2 (s26.l2 / look-01
                                              :ARG0 s26.g3
                                              :ARG1-of (s26.s5 / straight-04)
                                              :direction (s26.u2 / up)
                                              :direction (s26.t5 / through
                                                                 :op1 (s26.a / air
                                                                             :ARG1-of (s26.h4 / have-degree-91
                                                                                              :ARG2 (s26.c / clean-04
                                                                                                           :ARG1 s26.a)
                                                                                              :ARG3 (s26.m4 / most))
                                                                             :ARG1-of (s26.h3 / have-degree-91
                                                                                              :ARG2 (s26.c2 / clear-06
                                                                                                            :ARG1 s26.a)
                                                                                              :ARG3 (s26.m3 / most))
                                                                             :ARG1-of (s26.h2 / have-degree-91
                                                                                              :ARG2 (s26.c3 / cold-01)
                                                                                              :ARG3 (s26.m2 / most))
                                                                             :ARG1-of (s26.f2 / find-01
                                                                                              :ARG0 s26.g3
                                                                                              :ARG1-of (s26.p2 / possible-01)
                                                                                              :ARG1-of (s26.p / possible-01)))
                                                                 :op1 (s26.s3 / sky
                                                                              :time (s26.d / date-entity
                                                                                           :dayperiod (s26.n2 / night)
                                                                                           :dayperiod (s26.n3 / night
                                                                                                              :same-as s2.s3)))
                                                                 :op2 s26.a)
                                              :manner (s26.a2 / and
                                                              :op1 (s26.l3 / look-01
                                                                           :ARG0 s26.g3)
                                                              :op2 (s26.s6 / study-01
                                                                           :ARG0 s26.g3
                                                                           :ARG1 (s26.g / glow-01
                                                                                        :mod (s26.t2 / that)
                                                                                        :same-as s25.a))
                                                              :op3 (s26.l4 / look-01
                                                                           :ARG0 s26.g3
                                                                           :ARG1 (s26.t6 / twist-01
                                                                                         :ARG1-of (s26.f / faint-01)
                                                                                         :ARG1-of (s26.s7 / symbolize-01
                                                                                                          :ARG2 (s26.t3 / thing
                                                                                                                        :ARG0-of (s26.s / signal-07
                                                                                                                                        :ARG1 (s26.w / wave
                                                                                                                                                     :mod (s26.g2 / gravity)))
                                                                                                                        :op4 (s26.r / ring-01
                                                                                                                                    :ARG1 (s26.u / universe
                                                                                                                                                 :time (s26.e / early)
                                                                                                                                                 :same-as s4.u))))))))
                                :mod (s26.i / in-fact))
                  :rel (s26.d2 / deep-02
                               :ARG1 s26.s3)
                  :rel (s26.h / have-degree-91
                              :ARG2 (s26.d3 / deep-03
                                            :ARG1 (s26.l / look-01
                                                         :ARG1 (s26.s2 / sky
                                                                       :time s26.d
                                                                       :same-as s2.s3)))
                              :ARG1 s26.l
                              :ARG3 (s26.m / more)))
   :snt27 (s27.a / and
                 :op1 (s27.a2 / announce-01
                              :ARG0 (s27.t / they
                                           :same-as s14.t2)
                              :ARG1 (s27.f / find-01
                                           :ARG0 s27.t
                                           :ARG1 (s27.i / it
                                                        :same-as s21.e3))
                              :time (s27.d / date-entity
                                           :weekday (s27.m / monday)
                                           :same-as s14.d)))
   :snt28 (s28.a / and
                 :op2 (s28.h / have-degree-91
                             :ARG1 (s28.r / ring-01
                                          :mod (s28.j / just
                                                      :polarity "-"))
                             :ARG2 (s28.s2 / spectacle
                                           :topic (s28.t / that))
                             :ARG3 (s28.s / so)
                             :beneficiary (s28.i / i
                                                 :same-as s5.i)
                             :concession (s28.a2 / awe-01
                                                 :ARG0 s28.r)))
   :snt29 (s29.a / amaze-01
                 :ARG0 (s29.t2 / thing
                               :ARG0-of (s29.c / cause-01
                                               :ARG1 (s29.b / be-located-at-91
                                                            :ARG1 (s29.i / i
                                                                         :same-as s5.i)
                                                            :ARG2 (s29.s2 / stage
                                                                          :mod (s29.t3 / this)))))
                 :ARG1-of (s29.c2 / cause-01
                                  :ARG0 (s29.t / tell-01
                                               :ARG0 s29.t2
                                               :ARG1 (s29.s / something
                                                            :ARG1-of (s29.d / deep-02)
                                                            :topic (s29.u / universe
                                                                          :time (s29.e / early)
                                                                          :same-as s4.u))
                                               :ARG2 (s29.w / we)))
                 :degree (s29.t4 / total))
   :snt30 (s30.a2 / and
                  :op1 (s30.t / tell-01
                              :ARG0 (s30.i2 / it
                                            :same-as s28.t)
                              :ARG1 (s30.b2 / bubble
                                            :ARG2-of (s30.s3 / surround-01
                                                             :ARG1 (s30.s2 / something
                                                                           :mod (s30.e / else)))
                                            :domain (s30.a / and
                                                           :op1 (s30.w / we
                                                                       :same-as s29.w)
                                                           :op2 (s30.e2 / everything
                                                                        :ARG1-of (s30.s / see-01
                                                                                        :ARG0 s30.w
                                                                                        :location (s30.a3 / around
                                                                                                          :op1 s30.w))))
                                            :mod (s30.l / large)
                                            :mod (s30.b / basic)
                                            :quant "1"))
                  :op2 (s30.i / idea
                              :domain s30.b2))
   :snt31 (s31.c2 / contrast-01
                  :ARG1 (s31.e / evidence-01
                               :ARG0 (s31.t / this
                                            :same-as s28.t)
                               :ARG1 (s31.i / inflate-01)
                               :mod (s31.c / conclusive)
                               :polarity "-")
                  :ARG2 (s31.l / look-02
                               :ARG0 (s31.a / anything
                                            :ARG0-of (s31.e2 / explain-01
                                                             :ARG1 (s31.t2 / this
                                                                           :same-as s28.t))
                                            :mod (s31.i2 / inflation
                                                         :polarity "-"))
                               :ARG1 (s31.s / same-01)))
   :snt32 (s32.a / and
                 :op1 (s32.t / theory
                             :domain (s32.t3 / this))
                 :op2 (s32.i / idea
                             :ARG1-of (s32.e2 / exist-01
                                              :duration (s32.a2 / around)
                                              :duration (s32.w2 / while))
                             :domain s32.t3)
                 :op3 (s32.t2 / think-01
                              :ARG0 (s32.w / we
                                           :same-as s29.w)
                              :ARG1 (s32.s / see-01
                                           :ARG0 s32.w
                                           :ARG1 s32.t3
                                           :ARG1-of (s32.r / real-04))
                              :time (s32.e / ever)
                              :polarity "-"))
   :snt33 (s33.a / and
                 :ARG1-of (s33.c / cause-01
                                 :ARG0 (s33.r / reason
                                              :ARG1-of (s33.g / good-02)))
                 :op1 (s33.t / think-01
                             :ARG0 (s33.w / we
                                          :same-as s29.w)
                             :ARG1 (s33.s / see-01
                                          :ARG0 s33.w
                                          :ARG1 (s33.e2 / evidence-01
                                                        :ARG0-of (s33.k / kill-01))
                                          :time (s33.e / ever)
                                          :polarity "-"))
                 :op2 (s33.e3 / evidence-01
                              :ARG0-of (s33.k2 / kill-01)
                              :domain (s33.t2 / this
                                              :same-as s28.t)))
   :snt34 (s34.c / contrast-01
                 :ARG2 (s34.i / idea
                              :ARG1-of (s34.c2 / crazy-03
                                               :degree (s34.r / really))
                              :domain (s34.b2 / bubble
                                              :ARG1-of (s34.h / have-degree-91
                                                              :ARG2 (s34.l / large)
                                                              :ARG3 (s34.m / more
                                                                           :quant (s34.m2 / much)))
                                              :domain (s34.b / bubble
                                                             :location (s34.p / pot
                                                                              :ARG1-of (s34.r2 / rot-01)
                                                                              :consist-of (s34.s / stuff
                                                                                                 :mod (s34.u / universal)))
                                                             :poss (s34.w / we
                                                                          :same-as s29.w))
                                              :mod (s34.j / just)
                                              :quant "1")))
   :snt35 (s35.c / contrast-01
                 :ARG1 (s35.s / see-01
                              :ARG0 (s35.w / we
                                           :same-as s29.w)
                              :ARG1 (s35.s5 / stuff
                                            :location (s35.o / outside))
                              :time (s35.e / ever)
                              :polarity "-")
                 :ARG2 (s35.p / possible-01
                              :ARG1 (s35.f / figure-out-05
                                           :ARG0 s35.w
                                           :ARG1 (s35.p2 / probable
                                                         :domain (s35.b / be-located-at-91
                                                                        :ARG1 s35.w
                                                                        :ARG2 (s35.u / universe
                                                                                     :ARG0-of (s35.l2 / look-02
                                                                                                      :ARG1 (s35.r / resemble-01
                                                                                                                   :ARG2 (s35.t2 / that)
                                                                                                                   :degree (s35.k / kind-of)))))))
                              :manner (s35.a / and
                                             :op1 (s35.g / go-02
                                                         :ARG0 s35.w
                                                         :ARG4 (s35.w2 / world-region
                                                                       :name (s35.n / name
                                                                                    :op1 "South"
                                                                                    :op2 "Pole")
                                                                       :same-as s26.w2))
                                             :op2 (s35.s3 / spend-02
                                                          :ARG0 s35.w
                                                          :ARG1 (s35.t / temporal-quantity
                                                                       :unit (s35.y / year)
                                                                       :quant "3")
                                                          :ARG2 (s35.l / look-01
                                                                       :ARG0 s35.w
                                                                       :ARG1 (s35.s4 / structure
                                                                                     :ARG1-of (s35.d2 / detail-01)
                                                                                     :poss (s35.s2 / sky
                                                                                                   :time (s35.d / date-entity
                                                                                                                :dayperiod (s35.n2 / night))
                                                                                                   :same-as s2.s3)))))))
   :snt36 (s36.a2 / and
                  :op2 (s36.a / amaze-01
                              :ARG0 (s36.t / that)
                              :ARG1 (s36.i / i
                                           :same-as s5.i)))
   :snt37 (s37.t / thank-01
                 :ARG0 (s37.i / i)
                 :ARG1 (s37.y / you)
                 :mod (s37.l / lot)))

