# ::id doc-339
# ::doc_file doc-339
# ::tok http : / / www . ted . com / talks / james_geary_metaphorically_speaking< / url> <next_sent> Metaphor lives a secret life all around us . <next_sent> We utter about six metaphors a minute . <next_sent> Metaphorical thinking is essential to how we understand ourselves and others , how we communicate , learn , discover and invent . <next_sent> But metaphor is a way of thought before it is a way with words . <next_sent> Now , to assist me in explaining this , I 've enlisted the help of one of our greatest philosophers , the reigning king of the metaphorians , a man whose contributions to the field are so great that he himself has become a metaphor . <next_sent> I am , of course , referring to none other than Elvis Presley . <next_sent> Now , " All Shook Up " is a great love song . <next_sent> It 's also a great example of how whenever we deal with anything abstract -- ideas , emotions , feelings , concepts , thoughts -- we inevitably resort to metaphor . <next_sent> In " All Shook Up , " a touch is not a touch , but a chill . <next_sent> Lips are not lips , but volcanoes . <next_sent> She is not she , but a buttercup . <next_sent> And love is not love , but being all shook up . <next_sent> In this , Elvis is following Aristotle 's classic definition of metaphor as the process of giving the thing a name that belongs to something else . <next_sent> This is the mathematics of metaphor . <next_sent> And fortunately it 's very simple . <next_sent> X equals Y. <next_sent> This formula works wherever metaphor is present . <next_sent> Elvis uses it , but so does Shakespeare in this famous line from " Romeo and Juliet : " Juliet is the sun . <next_sent> Now , here , Shakespeare gives the thing , Juliet , a name that belongs to something else , the sun . <next_sent> But whenever we give a thing a name that belongs to something else , we give it a whole network of analogies too . <next_sent> We mix and match what we know about the metaphor 's source , in this case the sun , with what we know about its target , Juliet . <next_sent> And metaphor gives us a much more vivid understanding of Juliet than if Shakespeare had literally described what she looks like . <next_sent> So , how do we make and understand metaphors ? <next_sent> This might look familiar . <next_sent> The first step is pattern recognition . <next_sent> Look at this image . <next_sent> What do you see ? <next_sent> Three wayward Pac - Men , and three pointy brackets are actually present . <next_sent> What we see , however , are two overlapping triangles . <next_sent> Metaphor is not just the detection of patterns ; it is the creation of patterns . <next_sent> Second step , conceptual synesthesia . <next_sent> Now , synesthesia is the experience of a stimulus in once sense organ in another sense organ as well , such as colored hearing . <next_sent> People with colored hearing actually see colors when they hear the sounds of words or letters . <next_sent> We all have synesthetic abilities . <next_sent> This is the Bouba / Kiki test . <next_sent> What you have to do is identify which of these shapes is called Bouba , and which is called Kiki . <next_sent> If you are like 98 percent of other people , you will identify the round , amoeboid shape as Bouba , and the sharp , spiky one as Kiki . <next_sent> Can we do a quick show of hands ? <next_sent> Does that correspond ? <next_sent> Okay , I think 99.9 would about cover it . <next_sent> Why do we do that ? <next_sent> Because we instinctively find , or create , a pattern between the round shape and the round sound of Bouba , and the spiky shape and the spiky sound of Kiki . <next_sent> And many of the metaphors we use everyday are synesthetic . <next_sent> Silence is sweet . <next_sent> Neckties are loud . <next_sent> Sexually attractive people are hot . <next_sent> Sexually unattractive people leave us cold . <next_sent> Metaphor creates a kind of conceptual synesthesia , in which we understand one concept in the context of another . <next_sent> Third step is cognitive dissonance . <next_sent> This is the Stroop test . <next_sent> What you need to do here is identify as quickly as possible the color of the ink in which these words are printed . <next_sent> You can take the test now . <next_sent> If you 're like most people , you will experience a moment of cognitive dissonance when the name of the color is printed in a differently colored ink . <next_sent> The test shows that we cannot ignore the literal meaning of words even when the literal meaning gives the wrong answer . <next_sent> Stroop tests have been done with metaphor as well . <next_sent> The participants had to identify , as quickly as possible , the literally false sentences . <next_sent> They took longer to reject metaphors as false than they did to reject literally false sentences . <next_sent> Why ? <next_sent> Because we cannot ignore the metaphorical meaning of words either . <next_sent> One of the sentences was , " Some jobs are jails . " <next_sent> Now , unless you 're a prison guard , the sentence " Some jobs are jails " is literally false . <next_sent> Sadly , it 's metaphorically true . <next_sent> And the metaphorical truth interferes with our ability to identify it as literally false . <next_sent> Metaphor matters because it 's around us every day , all the time . <next_sent> Metaphor matters because it creates expectations . <next_sent> Pay careful attention the next time you read the financial news . <next_sent> Agent metaphors describe price movements as the deliberate action of a living thing , as in , " The NASDAQ climbed higher . " <next_sent> Object metaphors describe price movements as non - living things , as in , " The Dow fell like a brick . " <next_sent> Researchers asked a group of people to read a clutch of market commentaries , and then predict the next day 's price trend . <next_sent> Those exposed to agent metaphors had higher expectations that price trends would continue . <next_sent> And they had those expectations because agent metaphors imply the deliberate action of a living thing pursuing a goal . <next_sent> If , for example , house prices are routinely described as climbing and climbing , higher and higher , people might naturally assume that that rise is unstoppable . <next_sent> They may feel confident , say , in taking out mortgages they really ca n't afford . <next_sent> That 's a hypothetical example of course . <next_sent> But this is how metaphor misleads . <next_sent> Metaphor also matters because it influences decisions by activating analogies . <next_sent> A group of students was told that a small democratic country had been invaded and had asked the U.S. for help . <next_sent> And they had to make a decision . <next_sent> What should they do ? <next_sent> Intervene , appeal to the U.N. , or do nothing ? <next_sent> They were each then given one of three descriptions of this hypothetical crisis . <next_sent> Each of which was designed to trigger a different historical analogy : World War II , Vietnam , and the third was historically neutral . <next_sent> Those exposed to the World War II scenario made more interventionist recommendations than the others . <next_sent> Just as we cannot ignore the literal meaning of words , we cannot ignore the analogies that are triggered by metaphor . <next_sent> Metaphor matters because it opens the door to discovery . <next_sent> Whenever we solve a problem , or make a discovery , we compare what we know with what we do n't know . <next_sent> And the only way to find out about the latter is to investigate the ways it might be like the former . <next_sent> Einstein described his scientific method as combinatory play . <next_sent> He famously used thought experiments , which are essentially elaborate analogies , to come up with some of his greatest discoveries . <next_sent> By bringing together what we know and what we do n't know through analogy , metaphorical thinking strikes the spark that ignites discovery . <next_sent> Now metaphor is ubiquitous , yet it 's hidden . <next_sent> But you just have to look at the words around you and you 'll find it . <next_sent> Ralph Waldo Emerson described language as " fossil poetry . " <next_sent> But before it was fossil poetry language was fossil metaphor . <next_sent> And these fossils still breathe . <next_sent> Take the three most famous words in all of Western philosophy : " Cogito ergo sum . " <next_sent> That 's routinely translated as , " I think , therefore I am . " <next_sent> But there is a better translation . <next_sent> The Latin word " cogito " is derived from the prefix " co , " meaning " together , " and the verb " agitare , " meaning " to shake . " <next_sent> So , the original meaning of " cogito " is to shake together . <next_sent> And the proper translation of " cogito ergo sum " is " I shake things up , therefore I am . " <next_sent> Metaphor shakes things up , giving us everything from Shakespeare to scientific discovery in the process . <next_sent> The mind is a plastic snow dome , the most beautiful , most interesting , and most itself , when , as Elvis put it , it 's all shook up . <next_sent> And metaphor keeps the mind shaking , rattling and rolling , long after Elvis has left the building . <next_sent> Thank you very much .
(d / document
   :snt1 (s1.u / url-entity
               :value "ossobuco")
   :snt2 (s2.l2 / live-01
                :ARG0 (s2.r / rational)
                :ARG1 (s2.l / life
                            :mod (s2.s / secret))
                :location (s2.a / around
                                :op1 (s2.w / we)))
   :snt3 (s3.u / utter-01
               :ARG0 (s3.w / we)
               :ARG1 (s3.r / rate-entity-91
                           :ARG1 (s3.a / about
                                       :op1 (s3.a2 / analogy
                                                   :quant "6"))
                           :ARG2 (s3.t / temporal-quantity
                                       :unit (s3.m / minute)
                                       :quant "1")))
   :snt4 (s4.e / essential
               :beneficiary (s4.t / thing
                                  :manner-of (s4.a / and
                                                   :op1 (s4.u / understand-01
                                                              :ARG0 (s4.w / we))
                                                   :op2 (s4.p / person
                                                              :mod (s4.o / other))
                                                   :op2 (s4.c / communicate-01
                                                              :ARG0 s4.w)
                                                   :op3 (s4.l / learn-01
                                                              :ARG0 s4.w)
                                                   :op4 (s4.d / discover-01
                                                              :ARG0 s4.w)
                                                   :op5 (s4.i / invent-01
                                                              :ARG0 s4.w)))
               :domain (s4.t2 / think-01
                              :mod (s4.m / metaphoric)))
   :snt5 (s5.c / contrast-01
               :ARG2 (s5.w / way
                           :domain (s5.m / metaphor)
                           :manner-of (s5.t / think-01)
                           :time (s5.b / before
                                       :op1 (s5.w2 / way
                                                   :domain s5.m
                                                   :manner (s5.w3 / word)))))
   :snt6 (s6.e / enlist-01
               :purpose (s6.a / assist-01
                              :ARG1 (s6.i / i)
                              :ARG2 (s6.e2 / explain-01
                                           :ARG0 s6.i
                                           :ARG1 (s6.t2 / this)))
               :ARG0 s6.i
               :ARG1 (s6.h4 / help-01
                            :ARG0 (s6.p2 / philosopher
                                         :ARG1-of (s6.i2 / include-91
                                                         :ARG2 (s6.p / person
                                                                     :ARG1-of (s6.h / have-degree-91
                                                                                    :ARG2 (s6.g / great)
                                                                                    :ARG3 (s6.m3 / most))
                                                                     :mod (s6.p3 / philosophy)
                                                                     :poss (s6.w / we)))
                                         :ARG1-of (s6.m / mean-01
                                                        :ARG2 (s6.t / thing
                                                                    :ARG0-of (s6.h3 / have-org-role-91
                                                                                    :ARG1 (s6.s2 / surrealist)
                                                                                    :ARG2 (s6.k / king
                                                                                                :ARG0-of (s6.r / reign-01)))
                                                                    :ARG2-of (s6.g2 / great
                                                                                    :ARG2-of (s6.h2 / have-degree-91
                                                                                                    :ARG1 (s6.c / contribute-01
                                                                                                                :ARG2 (s6.f / field))
                                                                                                    :ARG3 (s6.s / so)
                                                                                                    :ARG6 (s6.b / become-01
                                                                                                                :ARG1 s6.p2
                                                                                                                :ARG2 (s6.m2 / metaphor)))))))
                            :ARG2 s6.i)
               :time (s6.n / now))
   :snt7 (s7.r / refer-01
               :ARG0 (s7.i / i)
               :ARG1 (s7.p / person
                           :name (s7.n / name
                                       :op1 "Elvis"
                                       :op2 "Presley")
                           :mod (s7.o2 / other
                                       :polarity "-"))
               :mod (s7.o / of-course))
   :snt8 (s8.s / song
               :name (s8.n / name
                           :op1 "All"
                           :op2 "Shook"
                           :op3 "Up")
               :mod (s8.g / great)
               :rel (s8.n2 / now)
               :topic (s8.l / love-01))
   :snt9 (s9.e2 / exemplify-01
                :ARG0 (s9.i2 / it)
                :ARG1 (s9.p / possible-01
                            :ARG1 (s9.a6 / avoid-01
                                         :ARG1 (s9.r / resort-01
                                                     :ARG0 (s9.w / we)
                                                     :ARG1 (s9.m / metaphor)
                                                     :time (s9.d / deal-01
                                                                 :ARG0 s9.w
                                                                 :ARG2 (s9.a5 / anything
                                                                              :example (s9.a3 / and
                                                                                              :op1 (s9.i / idea)
                                                                                              :op2 (s9.e / emotion)
                                                                                              :op3 (s9.t / thing
                                                                                                         :ARG1-of (s9.f / feel-01))
                                                                                              :op4 (s9.c / concept)
                                                                                              :op5 (s9.t2 / think-01))
                                                                              :mod (s9.a / abstract))
                                                                 :mod (s9.a4 / any))))
                            :polarity "-")
                :mod (s9.g / great)
                :mod (s9.a2 / also))
   :snt10 (s10.c2 / contrast-01
                  :ARG1 (s10.t / touch-01
                               :polarity "-")
                  :ARG2 (s10.t2 / touch-01
                                :ARG0 (s10.c / chill-01))
                  :location (s10.b / book
                                   :name (s10.n / name
                                                :op1 "All"
                                                :op2 "Shook"
                                                :op3 "Up")))
   :snt11 (s11.c / contrast-01
                 :ARG1 (s11.l / lip
                              :polarity "-")
                 :ARG2 (s11.v / volcano))
   :snt12 (s12.c / contrast-01
                 :ARG1 (s12.s / she
                              :polarity "-")
                 :ARG2 (s12.b / buttercup
                              :domain s12.s))
   :snt13 (s13.a2 / and
                  :op2 (s13.c / contrast-01
                              :ARG1 (s13.l / love-01
                                           :polarity "-")
                              :ARG2 (s13.s / shake-up-03
                                           :degree (s13.a / all))))
   :snt14 (s14.f / follow-02
                 :ARG0 (s14.p / person
                              :name (s14.n / name
                                           :op1 "Elvis")
                              :same-as s7.n)
                 :ARG1 (s14.d / define-01
                              :ARG0 (s14.p2 / person
                                            :name (s14.n2 / name
                                                          :op1 "Aristotle"))
                              :ARG1 (s14.m / metaphor)
                              :ARG2 (s14.p3 / process-02
                                            :ARG1 (s14.n3 / name-01
                                                          :ARG0-of (s14.b / belong-01
                                                                          :ARG1 (s14.s / something
                                                                                       :mod (s14.e / else)))
                                                          :ARG1 (s14.t / thing)))
                              :mod (s14.c / classic))
                 :mod (s14.t2 / this))
   :snt15 (s15.m / mathematics
                 :domain (s15.t / this)
                 :mod (s15.m2 / metaphor))
   :snt16 (s16.a / and
                 :op2 (s16.s / simple-02
                             :ARG1 (s16.i / it
                                          :same-as s15.t)
                             :ARG2-of (s16.f / fortunate-01)
                             :degree (s16.v / very)))
   :snt17 (s17.e / equal-01
                 :ARG1 (s17.v / variable
                              :name (s17.n / name
                                           :op1 "X"))
                 :ARG2 (s17.v2 / variable
                               :name (s17.n2 / name))
                 :rel (s17.a / Y.))
   :snt18 (s18.w / work-09
                 :ARG1 (s18.f / formula
                              :mod (s18.t / this))
                 :location (s18.p / present-02
                                  :ARG1 (s18.m / metaphor)
                                  :mod (s18.a / any)))
   :snt19 (s19.c / contrast-01
                 :ARG1 (s19.u / use-01
                              :ARG0 (s19.p / person
                                           :name (s19.n / name
                                                        :op1 "Elvis")
                                           :same-as s7.n)
                              :ARG1 (s19.i / it
                                           :same-as s18.f))
                 :ARG2 (s19.u2 / use-01
                               :ARG0 (s19.p2 / person
                                             :name (s19.n2 / name
                                                           :op1 "Shakespeare"))
                               :ARG1 s19.i
                               :location (s19.l / line
                                                :ARG1-of (s19.f / fame-01)
                                                :mod (s19.t / this)
                                                :op1 (s19.s / sun
                                                            :domain (s19.b / book
                                                                           :name (s19.n3 / name
                                                                                         :op1 "Romeo"
                                                                                         :op2 "and"
                                                                                         :op3 "Juliet")
                                                                           :source-of s19.l)))))
   :snt20 (s20.g / give-01
                 :ARG0 (s20.p / person
                              :name (s20.n / name
                                           :op1 "Shakespeare")
                              :same-as s19.p2)
                 :ARG1 (s20.t / thing
                              :ARG1-of (s20.n5 / name-01
                                               :ARG2 (s20.n3 / name
                                                             :ARG0-of (s20.b / belong-01
                                                                             :ARG1 (s20.s / something
                                                                                          :domain (s20.s2 / sun
                                                                                                          :name (s20.n4 / name
                                                                                                                        :op1 "Juliet")
                                                                                                          :same-as s19.s)
                                                                                          :mod (s20.e / else))))))
                 :location (s20.h / here)
                 :rel (s20.n2 / name
                              :op1 "Juliet")
                 :time (s20.n6 / now))
   :snt21 (s21.c / contrast-01
                 :ARG2 (s21.g2 / give-01
                               :ARG0 (s21.w / we)
                               :ARG1 (s21.n2 / network-01
                                             :ARG1 (s21.a / analogy)
                                             :mod (s21.w2 / whole))
                               :ARG2 (s21.t / thing)
                               :mod (s21.t2 / too)
                               :time (s21.g / give-01
                                            :ARG0 s21.w
                                            :ARG1 s21.t
                                            :ARG2 (s21.n / name
                                                         :ARG0-of (s21.b / belong-01
                                                                         :ARG1 (s21.s / something
                                                                                      :mod (s21.e / else))))
                                            :mod (s21.a2 / any))))
   :snt22 (s22.a / and
                 :op1 (s22.m3 / mix-01
                              :ARG0 (s22.w / we)
                              :ARG1 (s22.t2 / thing
                                            :ARG1-of (s22.k / know-01
                                                            :ARG0 s22.w)
                                            :topic (s22.s / source-01
                                                          :ARG1 (s22.m2 / metaphor)
                                                          :ARG1-of (s22.c / case-04
                                                                          :mod (s22.t3 / this))
                                                          :ARG2 (s22.s2 / sun
                                                                        :same-as s19.s))))
                 :op2 (s22.m / match-01
                             :ARG0 s22.w
                             :ARG1 s22.t2
                             :ARG2 (s22.k2 / know-01
                                           :ARG0 s22.w
                                           :ARG1 (s22.p / person
                                                        :name (s22.n / name
                                                                     :op1 "Juliet")
                                                        :ARG1-of (s22.t / target-01
                                                                        :ARG0 s22.m2)
                                                        :same-as s20.n2))))
   :snt23 (s23.a / and
                 :op2 (s23.g / give-01
                             :ARG0 (s23.m / metaphor)
                             :ARG1 (s23.u / understand-01
                                          :ARG1 (s23.p / person
                                                       :name (s23.n / name
                                                                    :op1 "Juliet"
                                                                    :same-as s20.n2))
                                          :ARG1-of (s23.h / have-degree-91
                                                          :ARG2 (s23.v / vivid)
                                                          :ARG3 (s23.m2 / more
                                                                        :quant (s23.m3 / much))
                                                          :ARG4 (s23.d / describe-01
                                                                       :ARG0 (s23.p2 / person
                                                                                     :name (s23.n2 / name
                                                                                                   :op1 "Shakespeare")
                                                                                     :same-as s19.p2)
                                                                       :ARG1 (s23.t / thing
                                                                                    :ARG1-of (s23.l2 / look-02
                                                                                                     :ARG0 s23.p))
                                                                       :manner (s23.l / literal))))
                             :ARG2 (s23.w / we)))
   :snt24 (s24.a3 / and
                  :manner (s24.a / amr-unknown)
                  :op1 (s24.m / make-01
                              :ARG0 (s24.w / we)
                              :ARG1 (s24.a2 / analogy))
                  :op2 (s24.u / understand-01
                              :ARG0 s24.w
                              :ARG1 s24.a2))
   :snt25 (s25.p / possible-01
                 :ARG1 (s25.l / look-02
                              :ARG0 (s25.t / this)
                              :ARG1 (s25.f / familiarize-01
                                           :ARG2 s25.t)))
   :snt26 (s26.r / recognize-02
                 :ARG1 (s26.p / pattern)
                 :ARG4-of (s26.s / step-01
                                 :ord (s26.o / ordinal-entity
                                             :value "1")))
   :snt27 (s27.l / look-01
                 :ARG0 (s27.y / you)
                 :ARG1 (s27.i / image
                              :mod (s27.t / this))
                 :mode "imperative")
   :snt28 (s28.s / see-01
                 :ARG0 (s28.y / you)
                 :ARG1 (s28.a / amr-unknown))
   :snt29 (s29.p2 / present-02
                  :ARG1 (s29.a2 / and
                                :op1 (s29.m / man
                                            :ARG0-of (s29.h / have-org-role-91
                                                            :ARG1 (s29.b / broadcast-program
                                                                         :name (s29.n / name
                                                                                      :op1 "Pac")))
                                            :mod (s29.w / wayward)
                                            :quant "3")
                                :op2 (s29.g / gram
                                            :mod (s29.p / pointy)
                                            :mod (s29.p3 / program
                                                         :name (s29.n2 / name
                                                                       :op1 "cent"))
                                            :quant "3"))
                  :ARG1-of (s29.a / actual-02))
   :snt30 (s30.c / contrast-01
                 :ARG2 (s30.s / see-01
                              :ARG0 (s30.w / we)
                              :ARG1 (s30.a / angle-quantity
                                           :ARG0-of (s30.o / overlap-01)
                                           :quant "2"
                                           :value "YouTube")))
   :snt31 (s31.c / contrast-01
                 :ARG1 (s31.d / detect-01
                              :ARG0 (s31.m / meteorologist)
                              :ARG1 (s31.p / pattern)
                              :mod (s31.j / just
                                          :polarity "-"))
                 :ARG2 (s31.c2 / create-01
                               :ARG0 s31.m
                               :ARG1 s31.p))
   :snt32 (s32.s2 / synesthesia
                  :ARG4-of (s32.s / step-01
                                  :ord (s32.o / ordinal-entity
                                              :value "2"))
                  :mod (s32.c / conceptual))
   :snt33 (s33.e / experience-01
                 :ARG0 (s33.s3 / stimulate-01
                               :ARG0 (s33.o2 / organ
                                             :mod (s33.s / sense
                                                         :mod (s33.o / once))
                                             :part-of (s33.o3 / organ
                                                              :mod (s33.s2 / sense
                                                                           :mod (s33.a / another))))
                               :example (s33.h / hear-01
                                               :ARG1-of (s33.c / color-01)))
                 :ARG1 (s33.s4 / synesthesia)
                 :mod (s33.a2 / as-well)
                 :time (s33.n / now))
   :snt34 (s34.s / see-01
                 :ARG0 (s34.p / person
                              :ARG0-of (s34.h / have-03
                                              :ARG1 (s34.h2 / hear-01
                                                            :ARG0 s34.p
                                                            :ARG1-of (s34.c2 / color-01))))
                 :ARG1 (s34.c / color)
                 :ARG1-of (s34.a / actual-02)
                 :time (s34.h3 / hear-01
                               :ARG0 s34.p
                               :ARG1 (s34.s2 / sound-02
                                             :ARG1 (s34.o / or
                                                          :op1 (s34.w / word)
                                                          :op2 (s34.l / letter)))))
   :snt35 (s35.c / capable-01
                 :ARG1 (s35.w / we
                              :mod (s35.a / all))
                 :ARG2 (s35.s / synesthetic))
   :snt36 (s36.t / test-01
                 :domain (s36.t2 / this)
                 :mod (s36.s / slash
                             :op1 (s36.p / person
                                         :name (s36.n / name
                                                      :op1 "Bouba"))
                             :op2 (s36.p2 / person
                                          :name (s36.n2 / name
                                                        :op1 "Kiki"))))
   :snt37 (s37.o / obligate-01
                 :ARG1 (s37.y / you)
                 :ARG2 (s37.i / identify-01
                              :ARG0 s37.y
                              :ARG1 (s37.a / and
                                           :op1 (s37.c / call-01
                                                       :ARG1 (s37.s / shape-01
                                                                    :ARG1-of (s37.i2 / include-91
                                                                                     :ARG2 (s37.s2 / shape-01
                                                                                                   :mod (s37.t / this))))
                                                       :ARG2 (s37.n / name
                                                                    :op1 "Bouba"))
                                           :op2 (s37.c2 / call-01
                                                        :ARG1 s37.s2
                                                        :ARG2 (s37.n2 / name
                                                                      :op1 "Kiki")))))
   :snt38 (s38.i / identify-01
                 :ARG0 (s38.y / you)
                 :ARG1 (s38.s / shape
                              :ARG1-of (s38.r2 / round-06)
                              :mod (s38.a / amoeboid))
                 :ARG1 (s38.a2 / and
                               :op2 (s38.i2 / identify-01
                                            :ARG0 s38.y
                                            :ARG1 (s38.o / one
                                                         :name (s38.n2 / name
                                                                       :op1 "Kiki"
                                                                       :same-as s37.n2)
                                                         :ARG1-of (s38.s3 / sharp-02)
                                                         :mod (s38.s4 / spiky))))
                 :op1-of s38.a2
                 :ARG2 (s38.s2 / shape
                               :name (s38.n / name
                                            :op1 "Bouba"
                                            :same-as s37.n))
                 :condition (s38.r / resemble-01
                                   :ARG1 s38.y
                                   :ARG2 (s38.p3 / person
                                                 :mod (s38.o2 / other))
                                   :ARG3 (s38.p / percentage-entity
                                                :value "98"))
                 :rel (s38.p2 / person))
   :snt39 (s39.p / possible-01
                 :ARG1 (s39.s / show-01
                              :ARG0 (s39.w / we
                                           :part (s39.h / hand))
                              :ARG1 s39.h
                              :ARG1-of (s39.q / quick-02))
                 :polarity (s39.a / amr-unknown))
   :snt40 (s40.c / correspond-02
                 :ARG1 (s40.t / that
                              :same-as s39.h)
                 :polarity (s40.a / amr-unknown))
   :snt41 (s41.t / think-01
                 :ARG0 (s41.i / i)
                 :ARG1 (s41.c / cover-01
                              :ARG1 (s41.i2 / it)
                              :degree (s41.a / about)
                              :ARG2 "99.9")
                 :ARG1-of (s41.o / okay-04))
   :snt42 (s42.d / do-02
                 :ARG0 (s42.w / we)
                 :ARG1 (s42.t / that
                              :same-as s39.h)
                 :ARG1-of (s42.c / cause-01
                                 :ARG0 (s42.a / amr-unknown)))
   :snt43 (s43.c / cause-01
                 :ARG0 (s43.o / or
                              :op1 (s43.f / find-01
                                          :ARG0 (s43.w / we)
                                          :ARG1 (s43.p / pattern-01
                                                       :ARG2 (s43.b / between
                                                                    :op1 (s43.s / shape
                                                                                :mod (s43.t / thing
                                                                                            :ARG1-of (s43.r / round-06))
                                                                                :same-as s38.s)
                                                                    :op2 (s43.s3 / sound-02
                                                                                 :ARG1 (s43.t2 / thing
                                                                                               :name (s43.n / name
                                                                                                            :op1 "Bouba")
                                                                                               :same-as s37.n)
                                                                                 :ARG2 s43.t)
                                                                    :op3 (s43.s2 / sound-01
                                                                                 :ARG1 (s43.t3 / thing
                                                                                               :name (s43.n2 / name
                                                                                                             :op1 "Kiki"
                                                                                                             :same-as s37.n2))
                                                                                 :mod (s43.s4 / spiky
                                                                                              :same-as s38.s3))))
                                          :ARG1-of (s43.n3 / natural-02
                                                           :ARG2 s43.w))
                              :op2 (s43.c2 / create-01
                                           :ARG0 s43.w
                                           :ARG1 s43.p)))
   :snt44 (s44.a2 / and
                  :op2 (s44.s / synesthetic
                              :domain (s44.a / analogy
                                             :quant (s44.m / many)
                                             :ARG1-of (s44.u / use-01
                                                             :ARG0 (s44.w / we)
                                                             :frequency (s44.e / everyday)))))
   :snt45 (s45.s2 / sweet-04
                  :ARG1 (s45.s / silence-01))
   :snt46 (s46.l / loud
                 :domain (s46.n / neoconservative))
   :snt47 (s47.h / hot-03
                 :ARG1 (s47.p / person
                              :ARG0-of (s47.a / attract-01
                                              :manner (s47.s / sexual))))
   :snt48 (s48.l / leave-13
                 :ARG0 (s48.p / person
                              :ARG0-of (s48.a / attract-01
                                              :mod (s48.s / sexual)))
                 :ARG1 (s48.c / cold-01
                              :ARG0 s48.p
                              :ARG1 (s48.w / we)))
   :snt49 (s49.c4 / create-01
                  :ARG0 (s49.m / metaphoric)
                  :ARG1 (s49.s / synesthesia
                               :location-of (s49.u / understand-01
                                                   :ARG0 (s49.w / we)
                                                   :ARG1 (s49.c / concept
                                                                :condition (s49.c3 / context
                                                                                   :mod (s49.a / another))
                                                                :mod (s49.o / one)))
                               :mod (s49.c2 / conceptual)
                               :mod (s49.k / kind)))
   :snt50 (s50.d / dissonance
                 :ARG4-of (s50.s / step-01
                                 :ord (s50.o / ordinal-entity
                                             :value "3"))
                 :mod (s50.c / cognition))
   :snt51 (s51.t / test-01
                 :ARG2 (s51.s / stroke-02)
                 :mod (s51.t2 / this))
   :snt52 (s52.o / obligate-01
                 :ARG1 (s52.y / you)
                 :ARG2 (s52.i / identify-01
                              :ARG0 s52.y
                              :ARG1 (s52.c / color
                                           :mod (s52.i2 / ink
                                                        :location-of (s52.p2 / print-01
                                                                             :ARG1 (s52.w / word
                                                                                          :mod (s52.t / this)))))
                              :manner (s52.q / quick-02
                                             :ARG2-of (s52.h / have-degree-91
                                                             :ARG1 s52.i
                                                             :ARG3 (s52.e / equal)
                                                             :ARG4 (s52.p / possible-01
                                                                          :ARG1 s52.i))))
                 :location (s52.h2 / here))
   :snt53 (s53.p / possible-01
                 :ARG1 (s53.t / test-01
                              :ARG0 (s53.y / you)
                              :same-as s51.t2)
                 :time (s53.n / now))
   :snt54 (s54.e / experience-01
                 :ARG0 (s54.y / you)
                 :ARG1 (s54.m / moment
                              :mod (s54.d2 / dissonance
                                           :mod (s54.c / cognition)))
                 :condition (s54.r / resemble-01
                                   :ARG1 s54.y
                                   :ARG2 (s54.p / person
                                                :mod (s54.m2 / most)))
                 :time (s54.p2 / print-01
                               :ARG1 (s54.t / thing
                                            :ARG2-of (s54.n / name-01
                                                            :ARG1 (s54.c2 / color)))
                               :manner (s54.i / ink
                                              :ARG1-of (s54.c3 / color-01
                                                               :ARG1-of (s54.d / differ-02)))))
   :snt55 (s55.s / show-01
                 :ARG0 (s55.t / test-01
                              :same-as s51.t2)
                 :ARG1 (s55.p / possible-01
                              :ARG1 (s55.i / ignore-01
                                           :ARG0 (s55.w / we)
                                           :ARG1 (s55.m / mean-01
                                                        :ARG1 (s55.w2 / word)
                                                        :mod (s55.l / literal))
                                           :concession (s55.e / even-when
                                                              :op1 (s55.g / give-01
                                                                          :ARG0 s55.m
                                                                          :ARG1 (s55.t2 / thing
                                                                                        :ARG2-of (s55.w3 / wrong-04)
                                                                                        :ARG2-of (s55.a / answer-01)))))
                              :polarity "-"))
   :snt56 (s56.t / test-01
                 :instrument (s56.m / metaphor)
                 :mod (s56.s / standard)
                 :mod (s56.a / as-well))
   :snt57 (s57.o / obligate-01
                 :ARG1 (s57.p2 / person
                               :ARG0-of (s57.p / participate-01))
                 :ARG2 (s57.i / identify-01
                              :ARG0 s57.p2
                              :ARG1 (s57.s / sentence-01
                                           :mod (s57.f / false
                                                       :mod (s57.l / literal)))
                              :manner (s57.q / quick-02
                                             :ARG2-of (s57.h / have-degree-91
                                                             :ARG1 s57.i
                                                             :ARG3 (s57.e / equal)
                                                             :ARG4 (s57.p3 / possible-01
                                                                           :ARG1 s57.i)))))
   :snt58 (s58.t / take-10
                 :ARG0 (s58.r / reject-01
                              :ARG1 (s58.a / analogy)
                              :ARG2 (s58.f / false
                                           :domain s58.a))
                 :ARG1-of (s58.h / have-degree-91
                                 :ARG2 (s58.l2 / long-03)
                                 :ARG3 (s58.m / more)
                                 :ARG4 (s58.t2 / take-10
                                               :ARG0 (s58.t3 / they
                                                             :same-as s57.p2)
                                               :ARG1 (s58.r2 / reject-01
                                                             :ARG0 s58.t3
                                                             :ARG1 (s58.s / sentence
                                                                          :mod (s58.f2 / false
                                                                                       :mod (s58.l / literal))))))
                 :ARG2 s58.t3
                 :ARG1-of s58.l2)
   :snt59 (s59.c / cause-01
                 :ARG0 (s59.a / amr-unknown))
   :snt60 (s60.c / cause-01
                 :ARG0 (s60.p / possible-01
                              :ARG1 (s60.i / ignore-01
                                           :ARG0 (s60.w / we)
                                           :ARG1 (s60.m / mean-01
                                                        :ARG1 (s60.w2 / word)
                                                        :mod (s60.m2 / metaphoric))
                                           :mod (s60.e / either))
                              :polarity "-"))
   :snt61 (s61.j / jail
                 :domain (s61.j2 / job
                                 :mod (s61.s2 / some))
                 :rel (s61.t / thing
                             :ARG1-of (s61.i / include-91
                                             :ARG2 (s61.t2 / thing
                                                           :ARG2-of (s61.s / sentence-01)))))
   :snt62 (s62.f / false
                 :condition (s62.g / guard-01
                                   :ARG0 (s62.y / you)
                                   :ARG1 (s62.p / prison)
                                   :polarity "-")
                 :domain (s62.s / sentence-01
                                :ARG2 (s62.j2 / job
                                              :domain (s62.j / jail)
                                              :mod (s62.s2 / some))
                                :same-as s61.t)
                 :manner (s62.l / literal)
                 :time (s62.n / now))
   :snt63 (s63.t / true-01
                 :ARG0-of (s63.s / sad-02)
                 :ARG1 (s63.i / it
                              :same-as s61.t)
                 :manner (s63.l / literal))
   :snt64 (s64.a / and
                 :op2 (s64.i2 / interfere-01
                              :ARG0 (s64.t / truth
                                           :mod (s64.m / metaphoric))
                              :ARG1 (s64.c / capable-01
                                           :ARG1 (s64.w / we)
                                           :ARG2 (s64.i / identify-01
                                                        :ARG0 s64.w
                                                        :ARG1 s64.t
                                                        :ARG2 (s64.f / false
                                                                     :manner (s64.l / literal))))))
   :snt65 (s65.m / matter-01
                 :ARG1 (s65.m2 / metaphoric)
                 :ARG1-of (s65.c / cause-01
                                 :ARG0 (s65.a2 / around
                                               :domain s65.m2
                                               :frequency (s65.r / rate-entity-91
                                                                 :ARG3 (s65.t / temporal-quantity
                                                                              :unit (s65.d / day)
                                                                              :quant "1"))
                                               :frequency (s65.t2 / time
                                                                  :mod (s65.a / all))
                                               :op1 (s65.w / we))))
   :snt66 (s66.m / matter-01
                 :ARG1 (s66.m2 / metaphoric)
                 :ARG1-of (s66.c / cause-01
                                 :ARG0 (s66.c2 / create-01
                                               :ARG0 s66.m2
                                               :ARG1 (s66.e / expect-01))))
   :snt67 (s67.a / attend-02
                 :ARG0 (s67.y / you)
                 :manner (s67.c / careful)
                 :time (s67.t / time
                              :mod (s67.n2 / next)
                              :time-of (s67.r / read-01
                                              :ARG0 s67.y
                                              :ARG1 (s67.n / news
                                                           :mod (s67.f / finance))))
                 :mode "imperative")
   :snt68 (s68.d2 / describe-01
                  :ARG0 (s68.a3 / analogy
                                :mod (s68.a2 / agent))
                  :ARG1 (s68.m3 / move-01
                                :ARG1 (s68.p / price-01))
                  :ARG2 (s68.a / act-02
                               :ARG0 (s68.t / thing
                                            :ARG0-of (s68.l / live-01))
                               :ARG1-of (s68.d / deliberate-01))
                  :example (s68.c / climb-01
                                  :ARG0 (s68.m / market-sector
                                               :name (s68.n / name
                                                            :op1 "NASDAQ"))
                                  :ARG1-of (s68.h / have-degree-91
                                                  :ARG2 (s68.h2 / high-02)
                                                  :ARG3 (s68.m2 / more))))
   :snt69 (s69.d / describe-01
                 :ARG0 (s69.a / analogy
                              :mod (s69.o / object))
                 :ARG1 (s69.m2 / move-01
                               :ARG1 (s69.p / price-01))
                 :ARG2 (s69.t / thing
                              :ARG0-of (s69.l / live-01
                                              :polarity "-")
                              :example (s69.f / fall-01
                                              :ARG1 (s69.m / market-sector
                                                           :name (s69.n / name
                                                                        :op1 "Dow"))
                                              :ARG1-of (s69.r / resemble-01
                                                              :ARG2 (s69.b / brick)))))
   :snt70 (s70.a2 / ask-02
                  :ARG0 (s70.p / person
                               :ARG0-of (s70.r2 / research-01))
                  :ARG1 (s70.a / and
                               :op1 (s70.r / read-01
                                           :ARG0 (s70.g / group
                                                        :consist-of (s70.p2 / person))
                                           :ARG1 (s70.c / clutch
                                                        :quant-of (s70.c2 / comment-01
                                                                          :ARG0 (s70.m / market))))
                               :op2 (s70.p3 / predict-01
                                            :ARG0 s70.g
                                            :ARG1 (s70.t3 / trend-01
                                                          :ARG1 (s70.t2 / thing
                                                                        :ARG2-of (s70.p4 / price-01))
                                                          :time (s70.d / day
                                                                       :mod (s70.n / next)))
                                            :time (s70.t / then)))
                  :ARG2 s70.g)
   :snt71 (s71.e / expect-01
                 :ARG0 (s71.p / person
                              :ARG1-of (s71.e2 / expose-01
                                               :ARG2 (s71.a2 / analogy
                                                             :mod (s71.a / agent)))
                              :mod (s71.t / that))
                 :ARG1 (s71.c / continue-01
                              :ARG1 (s71.t2 / trend
                                            :mod (s71.p2 / price-01)))
                 :ARG1-of (s71.h / have-degree-91
                                 :ARG2 (s71.h2 / high-02
                                               :ARG1 s71.e)
                                 :ARG3 (s71.m / more)))
   :snt72 (s72.a4 / and
                  :op2 (s72.e / expect-01
                              :ARG0 (s72.t2 / they
                                            :same-as s71.p)
                              :ARG1-of (s72.c / cause-01
                                              :ARG0 (s72.i / imply-01
                                                           :ARG0 (s72.a3 / analogy
                                                                         :mod (s72.a2 / agent))
                                                           :ARG1 (s72.a / act-02
                                                                        :ARG0 (s72.t3 / thing
                                                                                      :ARG0-of (s72.l / live-01)
                                                                                      :ARG0-of (s72.p / pursue-01
                                                                                                      :ARG1 (s72.g / goal)))
                                                                        :ARG1-of (s72.d / deliberate-01))))
                              :mod (s72.t / that
                                          :same-as s71.c)))
   :snt73 (s73.p2 / possible-01
                  :ARG1 (s73.a2 / assume-02
                                :ARG0 (s73.p / person)
                                :ARG1 (s73.p3 / possible-01
                                              :ARG1 (s73.k / kill-01
                                                           :ARG1 (s73.m / monetary-quantity
                                                                        :ARG2-of (s73.p4 / price-01
                                                                                         :ARG1 (s73.h3 / house))))
                                              :polarity "-")
                                :ARG1-of (s73.n / natural-03))
                  :condition (s73.d / describe-01
                                    :ARG0-of (s73.e / exemplify-01)
                                    :ARG1 s73.m
                                    :ARG2 (s73.a / and
                                                 :op1 (s73.c / climb-01
                                                             :ARG1 s73.m)
                                                 :op2 (s73.c2 / climb-01
                                                              :ARG1 s73.m
                                                              :ARG1-of (s73.h / have-degree-91
                                                                              :ARG2 (s73.h2 / high-02
                                                                                            :ARG1 s73.c)
                                                                              :ARG3 (s73.m2 / more))))
                                    :mod (s73.r / routine)))
   :snt74 (s74.p / possible-01
                 :ARG1 (s74.f / feel-01
                              :ARG0 (s74.t2 / they
                                            :same-as s73.p)
                              :ARG1 (s74.c / confident-01
                                           :ARG1 s74.t2
                                           :ARG2 (s74.t / take-out-11
                                                        :ARG0 s74.t2
                                                        :ARG1 (s74.m / mortgage-01
                                                                     :ARG1-of (s74.a / afford-01
                                                                                     :ARG0 s74.t2
                                                                                     :ARG1-of (s74.p2 / possible-01
                                                                                                      :ARG1-of (s74.r / real-04)
                                                                                                      :polarity "-")))
                                                        :ARG1-of (s74.s / say-01)))))
   :snt75 (s75.e / exemplify-01
                 :ARG0 (s75.t / that)
                 :ARG1-of (s75.h / hypothetical-02)
                 :mod (s75.o / of-course))
   :snt76 (s76.c / contrast-01
                 :ARG2 (s76.m2 / mismanage-01
                               :ARG0 (s76.m / metaphor)
                               :manner (s76.t / this)))
   :snt77 (s77.m / matter-01
                 :ARG1 (s77.m2 / meteorologist)
                 :ARG1-of (s77.c / cause-01
                                 :ARG0 (s77.i / influence-01
                                              :ARG0 s77.m2
                                              :ARG1 (s77.d / decide-01)
                                              :manner (s77.a / activate-01
                                                             :ARG0 s77.m2
                                                             :ARG1 (s77.a3 / analogy))))
                 :mod (s77.a2 / also))
   :snt78 (s78.t / tell-01
                 :ARG1 (s78.a / and
                              :op1 (s78.i / invade-01
                                          :ARG1 (s78.c / country
                                                       :mod (s78.d / democracy)
                                                       :mod (s78.s / small)))
                              :op2 (s78.a2 / ask-01
                                           :ARG0 s78.c
                                           :ARG1 (s78.h / help-01
                                                        :ARG0 (s78.c2 / country
                                                                      :name (s78.n / name
                                                                                   :op1 "U.S.")
                                                                      :ARG2-of s78.a2))))
                 :ARG2 (s78.g / group
                              :consist-of (s78.p / person
                                                 :ARG0-of (s78.s2 / study-01))))
   :snt79 (s79.a / and
                 :op2 (s79.o / obligate-01
                             :ARG2 (s79.d / decide-01
                                          :ARG0 (s79.t / they
                                                       :same-as s78.g))))
   :snt80 (s80.r / recommend-01
                 :ARG1 (s80.d / do-02
                              :ARG0 (s80.t / they
                                           :same-as s78.g)
                              :ARG1 (s80.a / amr-unknown)))
   :snt81 (s81.a / amr-choice
                 :op1 (s81.i / intervene-01
                             :ARG0 (s81.y / you))
                 :op2 (s81.a2 / appeal-02
                              :ARG0 s81.y
                              :ARG1 (s81.o / organization
                                           :name (s81.n / name
                                                        :op1 "U.N.")
                                           :same-as s78.c2))
                 :op3 (s81.d / do-02
                             :ARG0 s81.y
                             :ARG1 (s81.n2 / nothing)))
   :snt82 (s82.g / give-01
                 :ARG1 (s82.t3 / thing
                               :ARG1-of (s82.i / include-91
                                               :ARG2 (s82.d / describe-01
                                                            :ARG1 (s82.c / crisis
                                                                         :ARG1-of (s82.h / hypothetical-02)
                                                                         :mod (s82.t4 / this))
                                                            :quant "3"))
                               :quant "1")
                 :ARG2 (s82.t2 / they
                               :mod (s82.e / each)
                               :same-as s78.g)
                 :time (s82.t / then))
   :snt83 (s83.d / design-01
                 :ARG1 (s83.t / thing
                              :mod (s83.e / each))
                 :ARG3 (s83.t2 / trigger-01
                               :ARG0 s83.t
                               :ARG1 (s83.a / analogy
                                            :ARG1-of (s83.d2 / differ-02)
                                            :example (s83.a2 / and
                                                             :op1 (s83.w / war
                                                                         :name (s83.n / name
                                                                                      :op1 "World"
                                                                                      :op2 "War"
                                                                                      :op3 "II"))
                                                             :op2 (s83.c / country
                                                                         :name (s83.n2 / name
                                                                                       :op1 "Vietnam"))
                                                             :op3 (s83.n3 / neutral-02
                                                                          :ARG0 (s83.o / ordinal-entity
                                                                                       :value "3")
                                                                          :mod (s83.h / historical)))
                                            :mod (s83.h2 / history))))
   :snt84 (s84.r / recommend-01
                 :ARG0 (s84.p / person
                              :ARG1-of (s84.e / expose-01
                                              :ARG2 (s84.s / scenario
                                                           :mod (s84.w / war
                                                                       :name (s84.n / name
                                                                                    :op1 "World"
                                                                                    :op2 "War"
                                                                                    :op3 "II")
                                                                       :same-as s83.w)))
                              :mod (s84.t / that))
                 :ARG0-of (s84.i / intervene-01)
                 :ARG2-of (s84.h / have-degree-91
                                 :ARG1 s84.p
                                 :ARG3 (s84.m / more)
                                 :ARG4 (s84.t2 / thing
                                               :mod (s84.o / other))))
   :snt85 (s85.p2 / possible-01
                  :ARG1 (s85.i2 / ignore-01
                                :ARG0 (s85.w / we)
                                :ARG1 (s85.a / analogy
                                             :ARG1-of (s85.t2 / trigger-01
                                                              :ARG0 (s85.m2 / metaphor))))
                  :ARG1-of (s85.r / resemble-01
                                  :ARG2 (s85.p / possible-01
                                               :ARG1 (s85.i / ignore-01
                                                            :ARG0 s85.w
                                                            :ARG1 (s85.t / thing
                                                                         :ARG2-of (s85.m / mean-01
                                                                                         :ARG1 (s85.w2 / word))
                                                                         :mod (s85.l / literal)))
                                               :polarity "-"))
                  :polarity "-")
   :snt86 (s86.m / matter-01
                 :ARG1 (s86.m2 / metaphoric)
                 :ARG1-of (s86.c / cause-01
                                 :ARG0 (s86.o / open-01
                                              :ARG0 s86.m2
                                              :ARG1 (s86.d2 / door)
                                              :ARG3 (s86.d / discover-01))))
   :snt87 (s87.c / compare-01
                 :ARG0 (s87.w / we)
                 :ARG1 (s87.t / thing
                              :ARG1-of (s87.k / know-01
                                              :ARG0 s87.w))
                 :ARG2 (s87.t2 / thing
                               :ARG1-of (s87.k2 / know-01
                                                :ARG0 s87.w
                                                :polarity "-"))
                 :time (s87.o / or
                              :mod (s87.a / any)
                              :op1 (s87.s / solve-01
                                          :ARG0 s87.w
                                          :ARG1 (s87.p / problem))
                              :op2 (s87.d / discover-01
                                          :ARG0 s87.w)))
   :snt88 (s88.a / and
                 :op2 (s88.w / way
                             :domain (s88.i / investigate-01
                                            :ARG1 (s88.w2 / way
                                                          :manner-of (s88.p / possible-01
                                                                            :ARG1 (s88.r / resemble-01
                                                                                         :ARG1 (s88.l / latter
                                                                                                      :same-as s87.t2)
                                                                                         :ARG2 (s88.f2 / former
                                                                                                       :same-as s87.t2)))))
                             :manner-of (s88.f / find-out-03
                                               :ARG1 s88.l)
                             :mod (s88.o / only)))
   :snt89 (s89.d / describe-01
                 :ARG0 (s89.p / person
                              :name (s89.n / name
                                           :op1 "Einstein"))
                 :ARG1 (s89.m / method
                              :mod (s89.s / science)
                              :poss s89.p)
                 :ARG2 (s89.p2 / play-01
                               :ARG2-of (s89.c / combine-01)))
   :snt90 (s90.u / use-01
                 :ARG0 (s90.h2 / he
                               :same-as s89.p)
                 :ARG1 (s90.e3 / experiment-01
                               :mod (s90.t2 / think-01)
                               :mod (s90.a / analogy
                                           :mod (s90.e / elaborate)
                                           :mod (s90.e2 / essential)))
                 :ARG1-of (s90.f / fame-01)
                 :ARG2 (s90.c / come-up-11
                              :ARG0 s90.h2
                              :ARG1 (s90.t / thing
                                           :quant (s90.s / some)
                                           :ARG1-of (s90.i / include-91
                                                           :ARG2 (s90.d / discover-01
                                                                        :ARG0 s90.h2
                                                                        :ARG1-of (s90.h / have-degree-91
                                                                                        :ARG2 (s90.g / great)
                                                                                        :ARG3 (s90.m / most)))))))
   :snt91 (s91.s3 / strike-01
                  :ARG0 (s91.t3 / think-01
                                :mod (s91.m / metaphoric))
                  :ARG1 (s91.s / spark-01
                               :ARG0-of (s91.s2 / spark-01
                                                :ARG1 (s91.d / discover-01)))
                  :manner (s91.b / bring-01
                                 :ARG1 (s91.a2 / and
                                               :op1 (s91.t / thing
                                                           :ARG1-of (s91.k / know-01
                                                                           :ARG0 (s91.w / we)))
                                               :op2 (s91.t2 / thing
                                                            :ARG1-of (s91.k2 / know-01
                                                                             :ARG0 s91.w
                                                                             :polarity "-")))
                                 :ARG2 (s91.t4 / together)
                                 :manner (s91.a / analogy)))
   :snt92 (s92.c / contrast-01
                 :ARG1 (s92.u / ubiquitous
                              :domain (s92.m / metaphor)
                              :time (s92.n / now))
                 :ARG2 (s92.h / hide-01
                              :ARG1 s92.m))
   :snt93 (s93.c / contrast-01
                 :ARG2 (s93.a / and
                              :op1 (s93.o / obligate-01
                                          :ARG0 (s93.y / you)
                                          :ARG1 (s93.l / look-01
                                                       :ARG0 s93.y
                                                       :ARG1 (s93.w / word
                                                                    :location (s93.a2 / around
                                                                                      :op1 s93.y)))
                                          :mod (s93.j / just))
                              :op2 (s93.f / find-01
                                          :ARG0 s93.y
                                          :ARG1 (s93.i / it))))
   :snt94 (s94.d / describe-01
                 :ARG0 (s94.p / person
                              :name (s94.n / name
                                           :op1 "Ralph"
                                           :op2 "Waldo"
                                           :op3 "Emerson"))
                 :ARG1 (s94.l / language)
                 :ARG2 (s94.p2 / poetry
                               :mod (s94.f / fossil)))
   :snt95 (s95.c / contrast-01
                 :ARG2 (s95.l / language
                              :domain (s95.i / it
                                             :same-as s94.l)
                              :mod (s95.p / poetry)
                              :mod (s95.f / fossil)
                              :mod (s95.m / metaphor
                                          :mod s95.f)
                              :time (s95.b / before
                                           :op1 s95.i)
                              :same-as s94.l))
   :snt96 (s96.a / and
                 :op2 (s96.b / breathe-01
                             :ARG0 (s96.f / fossil
                                          :mod (s96.t / this))
                             :mod (s96.s / still)))
   :snt97 (s97.t / take-01
                 :ARG0 (s97.y / you)
                 :ARG1 (s97.w / word
                              :ARG1-of (s97.h / have-degree-91
                                              :ARG2 (s97.f / fame-01
                                                           :ARG1 s97.w)
                                              :ARG3 (s97.m2 / most)
                                              :ARG5 (s97.p / philosophy
                                                           :mod (s97.w2 / world-region
                                                                        :name (s97.n / name
                                                                                     :op1 "West"))
                                                           :mod (s97.a / all)))
                              :domain (s97.m / mean-01
                                             :ARG1 (s97.s / string-entity
                                                          :value "Cogito")
                                             :ARG2 (s97.s2 / sum))
                              :quant "3")
                 :mode "imperative")
   :snt98 (s98.t3 / translate-01
                  :ARG1 (s98.t / that
                               :same-as s97.w)
                  :ARG2 (s98.t2 / think-01
                                :ARG0 (s98.i / i)
                                :ARG1 (s98.i2 / infer-01
                                              :ARG1 (s98.b / be-02
                                                           :ARG1 s98.i)))
                  :mod (s98.r / routine))
   :snt99 (s99.c / contrast-01
                 :ARG2 (s99.t / translate-01
                              :ARG1-of (s99.h / have-degree-91
                                              :ARG2 (s99.g / good-02
                                                           :ARG1 s99.t)
                                              :ARG3 (s99.m / more))))
   :snt100 (s100.d / derive-01
                   :ARG1 (s100.w / word
                                 :name (s100.n2 / name
                                                :op1 "cogito")
                                 :mod (s100.l / language
                                              :name (s100.n / name
                                                            :op1 "Latin")))
                   :ARG2 (s100.a / and
                                 :op1 (s100.p / prefix
                                              :ARG1-of (s100.m / mean-01
                                                               :ARG2 (s100.t / together))
                                              :value "co")
                                 :op2 (s100.v / verb
                                              :ARG1-of (s100.m2 / mean-01
                                                                :ARG2 (s100.s / shake-01))
                                              :value "agitare")))
   :snt101 (s101.c / cause-01
                   :ARG1 (s101.m / mean-01
                                 :ARG1 (s101.c2 / cogito
                                                :same-as s100.w)
                                 :ARG2 (s101.s / shake-01
                                               :manner (s101.t / together))
                                 :mod (s101.o / original)))
   :snt102 (s102.a / and
                   :op2 (s102.t2 / translate-01
                                 :ARG1 (s102.c2 / cogito
                                                :same-as s97.w)
                                 :ARG2 (s102.s2 / sum
                                                :ARG0-of (s102.c / cause-01
                                                                 :ARG0 (s102.s / shake-up-03
                                                                               :ARG0 (s102.i / i)
                                                                               :ARG1 (s102.t / thing))
                                                                 :ARG1 (s102.b / be-02
                                                                               :ARG1 s102.i)))
                                 :mod (s102.p / proper)))
   :snt103 (s103.s2 / shake-up-03
                    :ARG0 (s103.m / metaphoric)
                    :ARG0-of (s103.g / give-01
                                     :ARG1 (s103.e / everything
                                                   :example (s103.a / and
                                                                    :op1 (s103.p / person
                                                                                 :name (s103.n / name
                                                                                               :op1 "Shakespeare")
                                                                                 :same-as s19.p2)
                                                                    :op2 (s103.d / discover-01
                                                                                 :ARG1 (s103.s / science))))
                                     :ARG2 (s103.w / we)
                                     :time (s103.p2 / process-02))
                    :ARG1 (s103.t / thing)
                    :ARG1-of s103.p2)
   :snt104 (s104.d / dome
                   :ARG1-of (s104.h / have-degree-91
                                    :ARG2 (s104.b / beautiful-02
                                                  :ARG1 s104.d)
                                    :ARG3 (s104.m2 / most))
                   :ARG1-of (s104.h2 / have-degree-91
                                     :ARG2 (s104.i / interest-01
                                                   :ARG0 s104.d)
                                     :ARG3 (s104.m3 / most)
                                     :ARG3 (s104.m4 / most))
                   :consist-of (s104.s2 / snow)
                   :consist-of (s104.p2 / plastic)
                   :domain (s104.m / mind)
                   :time (s104.s / shake-up-03
                                 :ARG1 (s104.i2 / it
                                                :same-as s104.m)
                                 :ARG1-of (s104.p3 / put-02
                                                   :ARG0 (s104.p / person
                                                                 :name (s104.n / name
                                                                               :op1 "Elvis")
                                                                 :same-as s7.n))
                                 :mod (s104.a / all)))
   :snt105 (s105.a2 / and
                    :op2 (s105.k / keep-02
                                 :ARG0 (s105.m / metaphor)
                                 :ARG1 (s105.a3 / and
                                                :op1 (s105.s / shake-01
                                                             :ARG1 (s105.m2 / mind))
                                                :op2 (s105.r / rattle-01
                                                             :ARG1 s105.m2)
                                                :op3 (s105.r2 / roll-01
                                                              :ARG1 s105.m2))
                                 :time (s105.a / after
                                               :ARG1-of (s105.l2 / long-03)
                                               :op1 (s105.l / leave-11
                                                            :ARG0 (s105.p / person
                                                                          :name (s105.n / name
                                                                                        :op1 "Elvis")
                                                                          :same-as s7.n)
                                                            :ARG1 (s105.b / building)))))
   :snt106 (s106.t / thank-01
                   :ARG0 (s106.i / i)
                   :ARG1 (s106.y / you)
                   :mod (s106.m / much
                                :degree (s106.v / very))))

