# ::id doc-1153
# ::doc_file doc-1153
# ::tok http : / / www . ted . com / talks / christopher_emdin_teach_teachers_how_to_create_magic< / url> <next_sent> Right now there is an aspiring teacher who is working on a 60 - page paper based on some age - old education theory developed by some dead education professor wondering to herself what this task that she 's engaging in has to do with what she wants to do with her life , which is be an educator , change lives , and spark magic . <next_sent> Right now there is an aspiring teacher in a graduate school of education who is watching a professor babble on and on about engagement in the most disengaging way possible . <next_sent> Right now there 's a first - year teacher at home who is pouring through lesson plans trying to make sense of standards , who is trying to make sense of how to grade students appropriately , while at the same time saying to herself over and over again , " Do n't smile till November , " because that 's what she was taught in her teacher education program . <next_sent> Right now there 's a student who is coming up with a way to convince his mom or dad that he 's very , very sick and ca n't make it to school tomorrow . <next_sent> On the other hand , right now there are amazing educators that are sharing information , information that is shared in such a beautiful way that the students are sitting at the edge of their seats just waiting for a bead of sweat to drop off the face of this person so they can soak up all that knowledge . <next_sent> Right now there is also a person who has an entire audience rapt with attention , a person that is weaving a powerful narrative about a world that the people who are listening have never imagined or seen before , but if they close their eyes tightly enough , they can envision that world because the storytelling is so compelling . <next_sent> Right now there 's a person who can tell an audience to put their hands up in the air and they will stay there till he says , " Put them down . " <next_sent> Right now . <next_sent> So people will then say , " Well , Chris , you describe the guy who is going through some awful training but you 're also describing these powerful educators . <next_sent> If you 're thinking about the world of education or urban education in particular , these guys will probably cancel each other out , and then we 'll be okay . " <next_sent> The reality is , the folks I described as the master teachers , the master narrative builders , the master storytellers are far removed from classrooms . <next_sent> The folks who know the skills about how to teach and engage an audience do n't even know what teacher certification means . <next_sent> They may not even have the degrees to be able to have anything to call an education . <next_sent> And that to me is sad . <next_sent> It 's sad because the people who I described , they were very disinterested in the learning process , want to be effective teachers , but they have no models . <next_sent> I 'm going to paraphrase Mark Twain . <next_sent> Mark Twain says that proper preparation , or teaching , is so powerful that it can turn bad morals to good , it can turn awful practices into powerful ones , it can change men and transform them into angels . <next_sent> The folks who I described earlier got proper preparation in teaching , not in any college or university , but by virtue of just being in the same spaces of those who engage . <next_sent> Guess where those places are ? <next_sent> Barber shops , rap concerts , and most importantly , in the black church . <next_sent> And I 've been framing this idea called Pentecostal pedagogy . <next_sent> Who here has been to a black church ? <next_sent> We got a couple of hands . <next_sent> You go to a black church , their preacher starts off and he realizes that he has to engage the audience , so he starts off with this sort of wordplay in the beginning oftentimes , and then he takes a pause , and he says , " Oh my gosh , they 're not quite paying attention . " <next_sent> So he says , " Can I get an amen ? " <next_sent> Audience : Amen . <next_sent> Chris Emdin : So I can I get an amen ? Audience : Amen . <next_sent> CE : And all of a sudden , everybody 's reawoken . <next_sent> That preacher bangs on the pulpit for attention . <next_sent> He drops his voice at a very , very low volume when he wants people to key into him , and those things are the skills that we need for the most engaging teachers . <next_sent> So why does teacher education only give you theory and theory and tell you about standards and tell you about all of these things that have nothing to do with the basic skills , that magic that you need to engage an audience , to engage a student ? <next_sent> So I make the argument that we reframe teacher education , that we could focus on content , and that 's fine , and we could focus on theories , and that 's fine , but content and theories with the absence of the magic of teaching and learning means nothing . <next_sent> Now people oftentimes say , " Well , magic is just magic . " <next_sent> There are teachers who , despite all their challenges , who have those skills , get into those schools and are able to engage an audience , and the administrator walks by and says , " Wow , he 's so good , I wish all my teachers could be that good . " <next_sent> And when they try to describe what that is , they just say , " He has that magic . " <next_sent> But I 'm here to tell you that magic can be taught . <next_sent> Magic can be taught . <next_sent> Magic can be taught . <next_sent> Now , how do you teach it ? <next_sent> You teach it by allowing people to go into those spaces where the magic is happening . <next_sent> If you want to be an aspiring teacher in urban education , you 've got to leave the confines of that university and go into the hood . <next_sent> You 've got to go in there and hang out at the barbershop , you 've got to attend that black church , and you 've got to view those folks that have the power to engage and just take notes on what they do . <next_sent> At our teacher education classes at my university , I 've started a project where every single student that comes in there sits and watches rap concerts . <next_sent> They watch the way that the rappers move and talk with their hands . <next_sent> They study the way that he walks proudly across that stage . <next_sent> They listen to his metaphors and analogies , and they start learning these little things that if they practice enough becomes the key to magic . <next_sent> They learn that if you just stare at a student and raise your eyebrow about a quarter of an inch , you do n't have to say a word because they know that that means that you want more . <next_sent> And if we could transform teacher education to focus on teaching teachers how to create that magic then poof ! we could make dead classes come alive , we could reignite imaginations , and we can change education . <next_sent> Thank you .
(d / document
   :snt1 (s1.u / url-entity
               :rel (s1.m / minister)
               :value "Parliament")
   :snt2 (s2.w3 / work-01
                :ARG0 (s2.p3 / person
                             :ARG0-of (s2.a3 / aspire-01)
                             :ARG0-of (s2.t2 / teach-01)
                             :ARG0-of (s2.w2 / wonder-01
                                             :ARG1 (s2.t4 / thing
                                                          :ARG2-of (s2.h / have-to-do-with-04
                                                                         :ARG0 (s2.t / task-01
                                                                                     :ARG2-of (s2.e3 / engage-01
                                                                                                     :ARG1 s2.p3)
                                                                                     :mod (s2.t5 / this))
                                                                         :ARG1 (s2.d3 / do-02
                                                                                      :ARG0 s2.p3
                                                                                      :ARG1 (s2.a2 / and
                                                                                                   :op1 (s2.p4 / person
                                                                                                               :ARG0-of (s2.e2 / educate-01))
                                                                                                   :op2 (s2.c / change-01
                                                                                                              :ARG0 s2.p3
                                                                                                              :ARG1 (s2.l2 / life))
                                                                                                   :op3 (s2.s3 / spark-01
                                                                                                               :ARG0 s2.p3
                                                                                                               :ARG1 (s2.m / magic)))
                                                                                      :ARG1-of (s2.w / want-01
                                                                                                     :ARG0 s2.p3)
                                                                                      :ARG3 (s2.l / life
                                                                                                  :poss s2.p3))))
                                             :mod (s2.b2 / by-oneself
                                                         :same-as s2.p2)))
                :ARG1 (s2.p2 / paper
                             :ARG1-of (s2.b / base-02
                                            :ARG2 (s2.t3 / theory
                                                         :ARG1-of (s2.d / develop-02
                                                                        :ARG0 (s2.p5 / professor
                                                                                     :ARG1-of (s2.d2 / die-01)
                                                                                     :mod (s2.s2 / some)
                                                                                     :mod (s2.e / educate-01)))
                                                         :mod (s2.a / age-old)
                                                         :mod (s2.s / some)
                                                         :topic s2.e))
                             :consist-of (s2.p / page
                                               :quant "60"))
                :time (s2.n / now
                            :mod (s2.r / right)))
   :snt3 (s3.p / person
               :ARG0-of (s3.a / aspire-01)
               :ARG0-of (s3.t / teach-01)
               :ARG0-of (s3.w / watch-01
                              :ARG1 (s3.b / babble-01
                                          :ARG0 (s3.p3 / professor)
                                          :ARG1 (s3.e2 / engage-01)
                                          :manner (s3.w2 / way
                                                         :ARG1-of (s3.h / have-degree-91
                                                                        :ARG2 (s3.e3 / engage-01
                                                                                     :ARG1-of (s3.p2 / possible-01))
                                                                        :ARG3 (s3.m / most)))
                                          :mod (s3.o / on-and-on)))
               :location (s3.s / school
                               :mod (s3.g / graduate)
                               :mod (s3.e / educate-01))
               :time (s3.n / now
                           :mod (s3.r / right)))
   :snt4 (s4.a / and
               :op1 (s4.p4 / pour-01
                           :ARG0-of (s4.t7 / try-01
                                           :ARG1 (s4.s3 / sense-02
                                                        :ARG1 (s4.p / person
                                                                    :ARG0-of (s4.t / teach-01)
                                                                    :ARG0-of (s4.t8 / try-01
                                                                                    :ARG1 (s4.s4 / sense-02
                                                                                                 :ARG1 s4.p
                                                                                                 :ARG2 (s4.t3 / thing
                                                                                                              :manner-of (s4.g / grade-01
                                                                                                                               :ARG0 s4.p
                                                                                                                               :ARG1 (s4.p2 / person
                                                                                                                                            :ARG0-of (s4.s7 / study-01))
                                                                                                                               :ARG1-of (s4.a2 / appropriate-02)))))
                                                                    :location (s4.h / home)
                                                                    :mod (s4.y / year
                                                                               :ord (s4.o / ordinal-entity
                                                                                          :value "1")))
                                                        :ARG2 (s4.s6 / standard)))
                           :ARG1 s4.p
                           :ARG2 (s4.t4 / through
                                        :op1 (s4.p3 / plan-01
                                                    :ARG1 (s4.l / lesson))))
               :op2 (s4.s2 / say-01
                           :ARG0 s4.p
                           :ARG1 (s4.s5 / smile-01
                                        :ARG0 (s4.y2 / you)
                                        :ARG1-of (s4.c / cause-01
                                                       :ARG0 (s4.t2 / teach-01
                                                                    :ARG1 s4.s5
                                                                    :ARG2 s4.p
                                                                    :subevent-of (s4.p5 / program
                                                                                        :mod (s4.e / educate-01
                                                                                                   :ARG1 s4.p)
                                                                                        :poss s4.p)))
                                        :time (s4.t5 / till
                                                     :op1 (s4.d / date-entity
                                                                :month "11"))
                                        :mode "imperative"
                                        :polarity "-")
                           :ARG2 s4.p
                           :frequency (s4.o2 / over-and-over)
                           :time (s4.t6 / time
                                        :ARG1-of (s4.s / same-01)))
               :time (s4.n / now
                           :mod (s4.r / right)))
   :snt5 (s5.c / come-up-11
               :ARG0 (s5.p / person
                           :ARG0-of (s5.s3 / study-01))
               :ARG1 (s5.w / way
                           :manner-of (s5.c2 / convince-01
                                             :ARG0 s5.p
                                             :ARG1 (s5.o / or
                                                         :op1 (s5.p2 / person
                                                                     :ARG0-of (s5.h / have-rel-role-91
                                                                                    :ARG1 s5.p
                                                                                    :ARG2 (s5.m2 / mom)))
                                                         :op2 (s5.p3 / person
                                                                     :ARG0-of (s5.h2 / have-rel-role-91
                                                                                     :ARG1 s5.p
                                                                                     :ARG2 (s5.d / dad))))
                                             :ARG2 (s5.a / and
                                                         :op1 (s5.s2 / sick-05
                                                                     :ARG1 s5.p
                                                                     :degree (s5.v / very))
                                                         :op2 (s5.p4 / possible-01
                                                                     :ARG1 (s5.m / make-it-14
                                                                                 :ARG0 s5.p
                                                                                 :ARG1 (s5.s / school)
                                                                                 :time (s5.t / tomorrow))
                                                                     :polarity "-"))))
               :time (s5.n / now
                           :mod (s5.r / right)))
   :snt6 (s6.c / contrast-01
               :ARG2 (s6.p / person
                           :ARG0-of (s6.a2 / amaze-01)
                           :ARG0-of (s6.e2 / educate-01)
                           :ARG0-of (s6.s2 / share-01
                                           :ARG1 (s6.i / information
                                                       :ARG1-of (s6.s3 / share-01
                                                                       :ARG1-of (s6.b2 / beautiful-02
                                                                                       :degree (s6.s7 / such))))
                                           :time (s6.n / now
                                                       :mod (s6.r / right))))
               :rel (s6.s4 / sit-01
                           :ARG1 (s6.p2 / person
                                        :ARG0-of (s6.s6 / study-01)
                                        :part (s6.f / face
                                                    :part-of (s6.p3 / person
                                                                    :mod (s6.t2 / this))))
                           :ARG2 (s6.e / edge
                                       :part-of (s6.s / seat
                                                      :poss s6.p2))
                           :manner (s6.w / wait-01
                                         :ARG1 s6.p2
                                         :ARG2 (s6.d / drop-01
                                                     :purpose (s6.p4 / possible-01
                                                                     :ARG1 (s6.s5 / soak-up-02
                                                                                  :ARG0 s6.p2
                                                                                  :ARG1 (s6.k / know-01
                                                                                              :mod (s6.t / that)
                                                                                              :mod (s6.a / all))))
                                                     :ARG0 (s6.b / bead
                                                                 :consist-of (s6.s8 / sweat))
                                                     :ARG1 s6.f)
                                         :mod (s6.j / just))))
   :snt7 (s7.c4 / contrast-01
                :ARG1 (s7.p / person
                            :ARG0-of (s7.h / have-03
                                           :ARG1 (s7.a3 / audience
                                                        :ARG1-of (s7.a2 / attend-02)
                                                        :mod (s7.e2 / entire)
                                                        :mod (s7.r / rapt)))
                            :ARG0-of (s7.w / weave-01
                                           :ARG1 (s7.n / narrative
                                                       :ARG1-of (s7.p4 / powerful-02)
                                                       :topic (s7.w2 / world
                                                                     :ARG1-of (s7.i / imagine-01
                                                                                    :ARG0 (s7.p2 / person
                                                                                                 :ARG0-of (s7.l / listen-01)
                                                                                                 :part (s7.e5 / eye))
                                                                                    :time (s7.e4 / ever)
                                                                                    :polarity "-")
                                                                     :ARG1-of (s7.s / see-01
                                                                                    :ARG0 s7.p2
                                                                                    :time s7.e4
                                                                                    :time (s7.b / before)
                                                                                    :polarity "-"))))
                            :mod (s7.a / also)
                            :time (s7.n2 / now
                                         :mod (s7.r2 / right)))
                :ARG2 (s7.p3 / possible-01
                             :ARG1 (s7.e3 / envision-01
                                          :ARG0 s7.p2
                                          :ARG1 s7.w2)
                             :ARG1-of (s7.c / cause-01
                                            :ARG0 (s7.c3 / compel-01
                                                         :ARG0 (s7.t / tell-01
                                                                     :ARG1 (s7.s3 / story))
                                                         :degree (s7.s2 / so)))
                             :condition (s7.c2 / close-01
                                               :ARG0 s7.p2
                                               :ARG1 s7.e5
                                               :manner (s7.t2 / tight-05
                                                              :ARG2-of (s7.h2 / have-degree-91
                                                                              :ARG1 s7.c2
                                                                              :ARG3 (s7.e / enough)))))
                :rel "-")
   :snt8 (s8.p2 / possible-01
                :ARG1 (s8.t / tell-01
                            :ARG0 (s8.p / person)
                            :ARG1 (s8.p3 / put-01
                                         :ARG0 (s8.a2 / audience
                                                      :part (s8.h / hand))
                                         :ARG1 s8.h
                                         :ARG2 (s8.u2 / up-03
                                                      :ARG1 s8.h
                                                      :ARG2 (s8.a / air)))
                            :ARG2 s8.a2
                            :op2 (s8.s2 / stay-01
                                        :ARG1 s8.h
                                        :ARG3 s8.h
                                        :time (s8.u / until
                                                    :op1 (s8.s / say-01
                                                               :ARG0 s8.p
                                                               :ARG1 (s8.p4 / put-01
                                                                            :ARG0 s8.a2
                                                                            :ARG1 s8.h
                                                                            :ARG2 (s8.d / down)
                                                                            :mode "imperative")))))
                :time (s8.n / now
                            :mod (s8.r / right)))
   :snt9 (s9.n / now
               :mod (s9.r / right))
   :snt10 (s10.c / cause-01
                 :ARG1 (s10.s / say-01
                              :ARG0 (s10.p / person)
                              :ARG1 (s10.c2 / contrast-01
                                            :ARG1 (s10.d / describe-01
                                                         :ARG0 (s10.p2 / person
                                                                       :name (s10.n / name
                                                                                    :op1 "Chris"))
                                                         :ARG1 (s10.g2 / guy
                                                                       :ARG1-of (s10.g / go-12
                                                                                       :ARG2 (s10.t4 / train-01
                                                                                                     :mod (s10.a2 / awful)
                                                                                                     :mod (s10.s2 / some)))))
                                            :ARG2 (s10.d2 / describe-01
                                                          :ARG0 s10.p2
                                                          :ARG1 (s10.p3 / person
                                                                        :ARG0-of (s10.t / teach-01)
                                                                        :ARG1-of (s10.p4 / powerful-02)
                                                                        :mod (s10.t3 / this))
                                                          :mod (s10.a / also))
                                            :mod (s10.w / well))
                              :time (s10.t2 / then)))
   :snt11 (s11.a / and
                 :condition (s11.t2 / think-01
                                    :ARG0 (s11.y / you)
                                    :ARG2 (s11.o2 / or
                                                  :mod (s11.p / particular)
                                                  :op1 (s11.w2 / world
                                                               :mod (s11.e / educate-01))
                                                  :op2 (s11.e2 / educate-01
                                                               :location (s11.c2 / city))))
                 :op1 (s11.p2 / probable
                              :domain (s11.c / cancel-01
                                             :ARG0 (s11.g / guy
                                                          :mod (s11.t3 / this)
                                                          :ARG1-of s11.c
                                                          :same-as s10.p3)))
                 :op2 (s11.o / okay-04
                             :ARG1 (s11.w / we)
                             :time (s11.t / then)))
   :snt12 (s12.r2 / remove-01
                  :quant (s12.f / far)
                  :ARG1 (s12.f2 / folk
                                :ARG1-of (s12.d / describe-01
                                                :ARG0 (s12.i / i
                                                             :same-as s10.p2)
                                                :ARG2 (s12.a / and
                                                             :op1 (s12.p / person
                                                                         :ARG0-of (s12.m / master-01)
                                                                         :ARG0-of (s12.t / teach-01))
                                                             :op2 (s12.p2 / person
                                                                          :ARG0-of (s12.b / build-01
                                                                                          :ARG1 (s12.n / narrate-01)))
                                                             :op3 (s12.p3 / person
                                                                          :ARG0-of (s12.t2 / tell-01
                                                                                           :ARG1 (s12.s / story)))))
                                :same-as s10.p3)
                  :ARG1-of (s12.r / real-04)
                  :ARG2 (s12.c / class))
   :snt13 (s13.k2 / know-01
                  :ARG0 (s13.f / folk
                               :ARG0-of (s13.k / know-01
                                               :ARG1 (s13.s / skill
                                                            :topic (s13.t2 / thing
                                                                           :manner-of (s13.a / and
                                                                                             :op1 (s13.t / teach-01
                                                                                                         :ARG0 (s13.p / person))
                                                                                             :op2 (s13.e / engage-01
                                                                                                         :ARG1 (s13.a2 / audience)))))))
                  :ARG1 (s13.t3 / thing
                                :ARG2-of (s13.m / mean-01
                                                :ARG1 (s13.c / certify-01
                                                             :ARG1 s13.p)))
                  :mod (s13.e2 / even)
                  :polarity "-")
   :snt14 (s14.p / possible-01
                 :ARG1 (s14.h / have-03
                              :purpose (s14.p2 / possible-01
                                               :ARG1 (s14.h2 / have-03
                                                             :ARG0 (s14.t / they
                                                                          :same-as s13.f)
                                                             :ARG1 (s14.a / anything
                                                                          :ARG2-of (s14.c / call-01
                                                                                          :ARG0 s14.t
                                                                                          :ARG1 (s14.e / educate-01)))))
                              :ARG0 s14.t
                              :ARG1 (s14.d / degree)
                              :mod (s14.e2 / even)
                              :polarity "-"))
   :snt15 (s15.a / and
                 :op2 (s15.s / sad-02
                             :ARG0 (s15.t / that)
                             :ARG1 (s15.i / i
                                          :same-as s10.p2)))
   :snt16 (s16.s / sad-02
                 :ARG0 (s16.i3 / it
                               :same-as s15.t)
                 :ARG1-of (s16.c / cause-01
                                 :ARG0 (s16.a / and
                                              :op1 (s16.i2 / interest-01
                                                           :ARG1 (s16.p / person
                                                                        :ARG1-of (s16.d / describe-01
                                                                                        :ARG0 (s16.i / i
                                                                                                     :same-as s10.p2))
                                                                        :same-as s10.p3)
                                                           :ARG2 (s16.p2 / process-02
                                                                         :ARG1 (s16.l / learn-01))
                                                           :degree (s16.v / very))
                                              :op2 (s16.w / want-01
                                                          :ARG0 s16.p
                                                          :ARG1 (s16.t / teach-01
                                                                       :ARG0 s16.p
                                                                       :ARG2-of (s16.e / effective-04
                                                                                       :ARG0 s16.p)))))
                 :concession-of (s16.h / have-03
                                       :ARG0 s16.p
                                       :ARG1 (s16.m / model)
                                       :polarity "-"))
   :snt17 (s17.p / paraphrase-01
                 :ARG0 (s17.i / i
                              :same-as s10.p2)
                 :ARG1 (s17.p2 / person
                               :name (s17.n / name
                                            :op1 "Mark"
                                            :op2 "Twain")))
   :snt18 (s18.s / say-01
                 :ARG0 (s18.p / person
                              :name (s18.n / name
                                           :op1 "Mark"
                                           :op2 "Twain")
                              :same-as s17.p2)
                 :ARG1 (s18.h / have-degree-91
                              :ARG1 (s18.o / or
                                           :op1 (s18.p8 / prepare-02
                                                        :mod (s18.p9 / proper))
                                           :op2 (s18.t / teach-01
                                                       :mod s18.p9))
                              :ARG2 (s18.p4 / powerful-02
                                            :ARG1 s18.o)
                              :ARG3 (s18.s2 / so)
                              :ARG6 (s18.a / and
                                           :op1 (s18.p2 / possible-01
                                                        :ARG1 (s18.t3 / turn-02
                                                                      :ARG0 s18.o
                                                                      :ARG1 (s18.m2 / moral
                                                                                    :ARG1-of (s18.b / bad-07))
                                                                      :ARG2 (s18.g / good-02)))
                                           :op2 (s18.t4 / turn-02
                                                        :ARG0 s18.o
                                                        :ARG1 (s18.p6 / practice-01
                                                                      :mod (s18.a4 / awful))
                                                        :ARG2 (s18.p7 / practice-01
                                                                      :ARG1-of (s18.p5 / powerful-02)))
                                           :op3 (s18.p3 / possible-01
                                                        :ARG1 (s18.a2 / and
                                                                      :op1 (s18.c / change-01
                                                                                  :ARG0 s18.o
                                                                                  :ARG1 (s18.m / man))
                                                                      :op2 (s18.t2 / transform-01
                                                                                   :ARG0 s18.o
                                                                                   :ARG1 s18.m
                                                                                   :ARG2 (s18.a3 / angel)))))))
   :snt19 (s19.g / get-01
                 :ARG0 (s19.f / folk
                              :ARG1-of (s19.d / describe-01
                                              :ARG0 (s19.i / i
                                                           :same-as s10.p2)
                                              :time (s19.b2 / before
                                                            :op1 (s19.n / now)))
                              :same-as s10.p3)
                 :ARG1 (s19.p2 / prepare-02
                               :ARG1 s19.f
                               :ARG2 (s19.t / teach-01)
                               :location (s19.o / or
                                                :op1 (s19.c2 / college
                                                             :mod (s19.a / any))
                                                :op2 (s19.u / university
                                                            :mod s19.a)
                                                :polarity "-")
                               :mod (s19.p3 / proper))
                 :ARG1-of (s19.c / cause-01
                                 :ARG0 (s19.b / be-located-at-91
                                              :ARG1 s19.f
                                              :ARG2 (s19.s2 / space
                                                            :ARG1-of (s19.s / same-01
                                                                            :ARG2 (s19.s3 / space
                                                                                          :poss (s19.p / person
                                                                                                       :ARG0-of (s19.e / engage-01)))))
                                              :mod (s19.j / just))))
   :snt20 (s20.g / guess-01
                 :ARG0 (s20.y / you)
                 :ARG1 (s20.t2 / thing
                               :location-of (s20.p / place
                                                   :mod (s20.t / that)
                                                   :same-as s19.s2))
                 :polarity (s20.a / amr-unknown)
                 :mode "imperative")
   :snt21 (s21.a / and
                 :op1 (s21.s / shop
                             :mod (s21.b / bar))
                 :op2 (s21.c2 / concert
                              :mod (s21.m2 / music
                                           :name (s21.n / name
                                                        :op1 "rap")))
                 :op3 (s21.b2 / be-located-at-91
                              :ARG1-of (s21.h / have-degree-91
                                              :ARG2 (s21.i / important-01)
                                              :ARG3 (s21.m / most))
                              :ARG2 (s21.c / church
                                           :ARG1-of (s21.b3 / black-05))))
   :snt22 (s22.a / and
                 :op2 (s22.f / frame-06
                             :ARG0 (s22.i / i
                                          :same-as s10.p2)
                             :ARG1 (s22.i2 / idea
                                           :ARG1-of (s22.c / call-01
                                                           :ARG2 (s22.p / pedagogy
                                                                        :mod (s22.r / religious-group
                                                                                    :name (s22.n / name
                                                                                                 :op1 "Christian"))))
                                           :mod (s22.t / this))))
   :snt23 (s23.c / church
                 :ARG1-of (s23.b / black-05)
                 :location-of (s23.a / amr-unknown
                                     :location (s23.h / here)))
   :snt24 (s24.g / get-02
                 :ARG0 (s24.w / we)
                 :ARG1 (s24.h / hand
                              :quant (s24.c / couple)))
   :snt25 (s25.a / and
                 :op1 (s25.s4 / start-off-02
                              :ARG0 (s25.p2 / person
                                            :ARG0-of (s25.p3 / preach-01
                                                             :ARG2 (s25.c2 / church
                                                                           :ARG1-of (s25.b2 / black-05)))))
                 :op2 (s25.r / realize-01
                             :ARG0 s25.p2
                             :ARG0-of (s25.c / cause-01
                                             :ARG1 (s25.s5 / start-off-02
                                                           :ARG0 s25.p2
                                                           :ARG1 (s25.w / wordplay
                                                                        :mod (s25.s3 / sort
                                                                                     :mod (s25.t3 / this)))
                                                           :frequency (s25.s2 / sometimes)
                                                           :time (s25.b / begin-01)))
                             :ARG1 (s25.o / obligate-01
                                          :ARG1 s25.p2
                                          :ARG2 (s25.e / engage-01
                                                       :ARG0 s25.p2
                                                       :ARG1 (s25.a3 / audience))))
                 :op3 (s25.p / pause-01
                             :ARG0 s25.p2
                             :time (s25.t / then))
                 :op4 (s25.s / say-01
                             :ARG0 s25.p2
                             :ARG1 (s25.a2 / attend-02
                                           :ARG0 (s25.t2 / they
                                                         :same-as s25.a3)
                                           :degree (s25.q / quite)
                                           :mod (s25.g2 / gosh
                                                        :mod (s25.o2 / oh)
                                                        :mode "expressive")
                                           :polarity "-"))
                 :time (s25.g / go-02
                              :ARG0 (s25.y / you)
                              :ARG4 s25.c2))
   :snt26 (s26.c / cause-01
                 :ARG1 (s26.s / say-01
                              :ARG0 (s26.h / he
                                           :same-as s25.p2)
                              :ARG1 (s26.p / possible-01
                                           :ARG1 (s26.g / get-01
                                                        :ARG0 s26.h
                                                        :ARG1 (s26.a / amen))
                                           :polarity (s26.a2 / amr-unknown))))
   :snt27 (s27.s / say-01
                 :ARG0 (s27.a2 / audience)
                 :ARG1 (s27.a / affirmative))
   :snt28 (s28.s / say-01
                 :ARG0 (s28.p / person
                              :name (s28.n / name
                                           :op1 "Chris"
                                           :op2 "Emdin"))
                 :ARG1 (s28.p2 / possible-01
                               :ARG1 (s28.g / get-01
                                            :ARG0 (s28.i / i
                                                         :same-as s28.p)
                                            :ARG1 (s28.a2 / amen))
                               :ARG1-of (s28.c / cause-01)
                               :polarity (s28.a3 / amr-unknown))
                 :ARG2 (s28.s2 / say-01
                               :ARG0 (s28.a4 / audience)
                               :ARG1 (s28.a / affirmative)))
   :snt29 (s29.s / say-01
                 :ARG0 (s29.p / person
                              :name (s29.n / name
                                           :op1 "CE")
                              :same-as s10.p2)
                 :ARG1 (s29.a2 / and
                               :op2 (s29.w / wake-01
                                           :ARG1 (s29.e / everybody)
                                           :manner (s29.s2 / sudden
                                                           :mod (s29.a / all)))))
   :snt30 (s30.b / bang-04
                 :purpose (s30.a / attend-02
                                 :ARG1 (s30.p / person
                                              :ARG0-of (s30.p2 / preach-01)
                                              :mod (s30.t / that)
                                              :ARG0-of s30.b
                                              :same-as s25.p2))
                 :location (s30.p3 / pulpit))
   :snt31 (s31.a / and
                 :op1 (s31.d / drop-01
                             :ARG0 (s31.h2 / he
                                           :part (s31.v2 / voice)
                                           :same-as s25.p2)
                             :ARG1 s31.v2
                             :manner (s31.v3 / volume
                                             :ARG1-of (s31.l / low-04
                                                             :degree (s31.v / very)))
                             :time (s31.w / want-01
                                          :ARG0 s31.h2
                                          :ARG1 (s31.k / key-02
                                                       :ARG0 (s31.p / person)
                                                       :ARG1 s31.h2)))
                 :op2 (s31.s / skill
                             :ARG1-of (s31.n / need-01
                                             :ARG0 (s31.w2 / we)
                                             :beneficiary (s31.p2 / person
                                                                  :ARG0-of (s31.t / teach-01)
                                                                  :ARG1-of (s31.h / have-degree-91
                                                                                  :ARG2 (s31.e / engage-01
                                                                                               :ARG1 s31.p2)
                                                                                  :ARG3 (s31.m / most))))
                             :domain s31.d))
   :snt32 (s32.c / cause-01
                 :ARG0 (s32.a2 / amr-unknown)
                 :ARG1 (s32.a4 / and
                               :op1 (s32.g / give-01
                                           :ARG0 (s32.e / educate-01
                                                        :ARG1 (s32.p / person
                                                                     :ARG0-of (s32.t / teach-01)))
                                           :ARG1 (s32.a3 / and
                                                         :op1 (s32.t5 / theory)
                                                         :op2 (s32.t6 / theory)
                                                         :op4 (s32.m / magic
                                                                     :ARG1-of (s32.n / need-01
                                                                                     :purpose (s32.e2 / engage-01
                                                                                                      :purpose (s32.e3 / engage-01
                                                                                                                       :ARG0 (s32.y / you)
                                                                                                                       :ARG1 (s32.p2 / person
                                                                                                                                     :ARG0-of (s32.s3 / study-01)))
                                                                                                      :ARG0 s32.y
                                                                                                      :ARG1 (s32.a5 / audience))
                                                                                     :ARG0 s32.y)
                                                                     :mod (s32.t4 / that)))
                                           :ARG2 s32.y
                                           :mod (s32.o / only))
                               :op2 (s32.t2 / tell-01
                                            :ARG0 s32.e
                                            :ARG1 (s32.s2 / standard)
                                            :ARG2 s32.y)
                               :op3 (s32.t3 / tell-01
                                            :ARG0 s32.e
                                            :ARG1 (s32.t7 / thing
                                                          :ARG0-of (s32.h / have-to-do-with-04
                                                                          :ARG1 (s32.s / skill
                                                                                       :mod (s32.b / basic))
                                                                          :ARG2 (s32.n2 / nothing))
                                                          :mod (s32.t8 / this)
                                                          :mod (s32.a / all))
                                            :ARG2 s32.y)))
   :snt33 (s33.c / cause-01
                 :ARG1 (s33.a5 / argue-01
                               :ARG0 (s33.i / i
                                            :same-as s10.p2)
                               :ARG1 (s33.a2 / and
                                             :ARG1-of (s33.c3 / contrast-01
                                                              :ARG2 (s33.m2 / mean-01
                                                                            :ARG1 (s33.a3 / and
                                                                                          :accompanier (s33.a / absent-01
                                                                                                              :ARG1 (s33.m / magic
                                                                                                                           :domain (s33.a4 / and
                                                                                                                                           :op1 (s33.t2 / teach-01)
                                                                                                                                           :op2 (s33.l / learn-01))))
                                                                                          :op1 (s33.c2 / content)
                                                                                          :op2 (s33.t3 / theory))
                                                                            :ARG2 (s33.n / nothing)))
                                             :op1 (s33.r / refine-01
                                                         :ARG0 (s33.w / we)
                                                         :ARG1 (s33.e / educate-01
                                                                      :ARG1 (s33.p / person
                                                                                   :ARG0-of (s33.t / teach-01))))
                                             :op2 (s33.p2 / possible-01
                                                          :ARG1 (s33.f3 / focus-01
                                                                        :ARG0 s33.w
                                                                        :ARG1 s33.c2
                                                                        :ARG1-of (s33.f / fine-04)))
                                             :op3 (s33.p3 / possible-01
                                                          :ARG1 (s33.f4 / focus-01
                                                                        :ARG0 s33.w
                                                                        :ARG1-of (s33.f2 / fine-04)
                                                                        :ARG2 s33.t3)))))
   :snt34 (s34.s / say-01
                 :ARG0 (s34.p / person)
                 :ARG1 (s34.m2 / magic
                               :domain (s34.m / magic
                                              :mod (s34.j / just))
                               :mod (s34.w / well))
                 :frequency (s34.o / occasional)
                 :time (s34.n / now))
   :snt35 (s35.a5 / and
                  :op1 (s35.a4 / and
                               :op1 (s35.g / get-05
                                           :ARG1 (s35.p / person
                                                        :ARG0-of (s35.t / teach-01)
                                                        :ARG0-of (s35.h / have-03
                                                                        :ARG1 (s35.s3 / skill
                                                                                      :mod (s35.t3 / that))
                                                                        :concession (s35.c / challenge-01
                                                                                           :ARG1 s35.p
                                                                                           :mod (s35.a2 / all))))
                                           :ARG2 (s35.s2 / school
                                                         :mod s35.t3))
                               :op2 (s35.p4 / possible-01
                                            :ARG1 (s35.e / engage-01
                                                         :ARG0 s35.p
                                                         :ARG1 (s35.a7 / audience))))
                  :op2 (s35.a6 / and
                               :op1 (s35.w / walk-01
                                           :ARG0 (s35.p2 / person
                                                         :ARG0-of (s35.a / administrate-01))
                                           :ARG2 (s35.b / by))
                               :op2 (s35.s / say-01
                                           :ARG0 s35.p2
                                           :ARG1 (s35.g3 / good-03
                                                         :ARG1 s35.p
                                                         :degree (s35.s4 / so)
                                                         :mod (s35.w3 / wow
                                                                      :mode "expressive")))
                               :op3 (s35.w2 / wish-01
                                            :ARG0 s35.p2
                                            :ARG1 (s35.p5 / possible-01
                                                          :ARG1 (s35.g2 / good-02
                                                                        :ARG1 (s35.p3 / person
                                                                                      :ARG0-of (s35.t2 / teach-01)
                                                                                      :mod (s35.a3 / all))
                                                                        :degree (s35.t4 / that))))))
   :snt36 (s36.a / and
                 :op2 (s36.s / say-01
                             :ARG0 (s36.t3 / they
                                           :same-as s34.p)
                             :ARG1 (s36.h / have-03
                                          :ARG0 (s36.h2 / he
                                                        :same-as s10.g2)
                                          :ARG1 (s36.m / magic
                                                       :mod (s36.t2 / that)))
                             :mod (s36.j / just)
                             :time (s36.t4 / try-01
                                           :ARG0 s36.t3
                                           :ARG1 (s36.d / describe-01
                                                        :ARG0 s36.t3
                                                        :ARG1 (s36.t / that)))))
   :snt37 (s37.c / contrast-01
                 :ARG2 (s37.b / be-located-at-91
                              :purpose (s37.t2 / tell-01
                                               :ARG0 (s37.i / i
                                                            :same-as s10.p2)
                                               :ARG1 (s37.p / possible-01
                                                            :ARG1 (s37.t / teach-01
                                                                         :ARG1 (s37.m / magic)))
                                               :ARG2 (s37.y / you))
                              :ARG1 s37.i
                              :ARG2 (s37.h / here)))
   :snt38 (s38.p / possible-01
                 :ARG1 (s38.t / teach-01
                              :ARG1 (s38.a / Magic)))
   :snt39 (s39.p / possible-01
                 :ARG1 (s39.t / teach-01
                              :ARG1 (s39.a / Magic)))
   :snt40 (s40.t / teach-01
                 :ARG0 (s40.y / you)
                 :ARG1 (s40.i / it
                              :same-as s39.a)
                 :manner (s40.a / amr-unknown)
                 :time (s40.n / now))
   :snt41 (s41.t / teach-01
                 :ARG0 (s41.y / you)
                 :ARG1 (s41.i / it
                              :same-as s39.a)
                 :manner (s41.a / allow-01
                                :ARG0 s41.y
                                :ARG1 (s41.g / go-02
                                             :ARG0 (s41.p / person)
                                             :ARG4 (s41.s / space
                                                          :location-of (s41.m / magic)
                                                          :mod (s41.t2 / that)))))
   :snt42 (s42.o / obligate-01
                 :ARG1 (s42.y / you)
                 :ARG2 (s42.a / and
                              :op1 (s42.l / leave-11
                                          :ARG0 s42.y
                                          :ARG1 (s42.c / confine-01
                                                       :ARG1 (s42.p / person
                                                                    :ARG0 s42.y
                                                                    :ARG0-of (s42.a2 / aspire-01)
                                                                    :ARG0-of (s42.t / teach-01
                                                                                    :topic (s42.e / educate-01
                                                                                                  :location (s42.u2 / urban))))
                                                       :ARG2 (s42.u / university
                                                                    :mod (s42.t2 / that))))
                              :op2 (s42.g / go-02
                                          :ARG0 s42.y
                                          :ARG4 (s42.h / hood)))
                 :condition (s42.w / want-01
                                   :ARG0 s42.y
                                   :ARG1 s42.p))
   :snt43 (s43.o / obligate-01
                 :ARG1 (s43.y / you)
                 :ARG2 (s43.a / and
                              :op1 (s43.g / go-02
                                          :ARG0 s43.y
                                          :ARG4 (s43.t3 / there))
                              :op2 (s43.h / hang-out-06
                                          :ARG1 s43.y
                                          :ARG2 (s43.b / barbershop))
                              :op3 (s43.o2 / obligate-01
                                           :ARG2 (s43.a3 / attend-01
                                                         :ARG0 s43.y
                                                         :ARG1 (s43.c / church
                                                                      :ARG1-of (s43.b2 / black-05)
                                                                      :mod (s43.t / that)))
                                           :ARG2 (s43.a2 / and
                                                         :op1 (s43.v / view-01
                                                                     :ARG0 s43.y
                                                                     :ARG1 (s43.f / folk
                                                                                  :ARG1-of (s43.p / power-01
                                                                                                  :ARG2 (s43.e / engage-01
                                                                                                               :ARG0 s43.y
                                                                                                               :ARG1 s43.f))
                                                                                  :mod (s43.t2 / that)))
                                                         :op2 (s43.n / note-01
                                                                     :ARG0 s43.y
                                                                     :ARG1 (s43.t4 / thing
                                                                                   :ARG1-of (s43.d / do-02
                                                                                                   :ARG0 s43.f))
                                                                     :mod (s43.j / just))))))
   :snt44 (s44.s3 / start-01
                  :ARG0 (s44.i / i
                               :same-as s10.p2)
                  :ARG1 (s44.p3 / project
                                :topic (s44.a / and
                                              :op1 (s44.s2 / sit-01
                                                           :ARG1 (s44.p2 / person
                                                                         :ARG0-of (s44.s4 / study-01)
                                                                         :ARG1-of (s44.s / single-02)
                                                                         :ARG1-of (s44.c2 / come-01
                                                                                          :ARG4 (s44.t2 / there))
                                                                         :mod (s44.e2 / every)))
                                              :op2 (s44.w / watch-01
                                                          :ARG0 s44.p2
                                                          :ARG1 (s44.c3 / concert
                                                                        :mod (s44.r / rap)))))
                  :location (s44.c / class
                                   :location (s44.u / university
                                                    :poss s44.i)
                                   :poss (s44.w2 / we)
                                   :topic (s44.e / educate-01
                                                 :ARG1 (s44.p / person
                                                              :ARG0-of (s44.t / teach-01)))))
   :snt45 (s45.w / watch-01
                 :ARG0 (s45.t2 / they
                               :same-as s44.p2)
                 :ARG1 (s45.w2 / way
                               :manner-of (s45.a / and
                                                 :op1 (s45.m / move-01
                                                             :ARG0 (s45.p / person
                                                                          :ARG0-of (s45.r / rap-02)
                                                                          :part (s45.h / hand)))
                                                 :op2 (s45.t / talk-01
                                                             :ARG0 s45.p
                                                             :instrument s45.h))))
   :snt46 (s46.s2 / study-01
                  :ARG0 (s46.t2 / they
                                :same-as s44.p2)
                  :ARG1 (s46.w2 / way
                                :manner-of (s46.w / walk-01
                                                  :ARG0 (s46.h / he)
                                                  :ARG0-of (s46.p / pride-01
                                                                  :ARG1 s46.h)
                                                  :ARG2 (s46.a / across
                                                               :op1 (s46.s / stage
                                                                           :mod (s46.t / that))))))
   :snt47 (s47.a3 / and
                  :op1 (s47.l2 / listen-01
                               :ARG0 (s47.t / they
                                            :same-as s44.p2)
                               :ARG1 (s47.a2 / and
                                             :op1 (s47.f / fiction)
                                             :op2 (s47.a / analogy)
                                             :poss (s47.h2 / he
                                                           :same-as s46.h)))
                  :op2 (s47.s / start-01
                              :ARG0 s47.t
                              :ARG1 (s47.l / learn-01
                                           :ARG0 s47.t
                                           :ARG1 (s47.t2 / thing
                                                         :ARG1-of (s47.b / become-01
                                                                         :ARG2 (s47.k / key-02
                                                                                      :ARG1 s47.t
                                                                                      :ARG2 (s47.m / magic))
                                                                         :condition (s47.p / practice-01
                                                                                           :ARG0 s47.t
                                                                                           :ARG1-of (s47.h / have-quant-91
                                                                                                           :ARG3 (s47.e / enough))))
                                                         :mod (s47.l3 / little)
                                                         :mod (s47.t3 / this)))))
   :snt48 (s48.l / learn-01
                 :ARG0 (s48.t / they
                              :same-as s44.p2)
                 :ARG1 (s48.o / obligate-01
                              :ARG1 (s48.y / you
                                           :part (s48.e / eyebrow))
                              :ARG1-of (s48.c / cause-01
                                              :ARG0 (s48.k / know-01
                                                           :ARG0 s48.t
                                                           :ARG1 (s48.m / mean-01
                                                                        :ARG1 (s48.a2 / and
                                                                                      :op1 (s48.s2 / stare-01
                                                                                                   :ARG0 s48.y
                                                                                                   :ARG1 (s48.p / person
                                                                                                                :ARG0-of (s48.s3 / study-01))
                                                                                                   :mod (s48.j / just))
                                                                                      :op2 (s48.r / raise-01
                                                                                                  :ARG0 s48.y
                                                                                                  :ARG1 s48.e
                                                                                                  :location (s48.a / about
                                                                                                                   :op1 (s48.d / distance-quantity
                                                                                                                               :unit (s48.i / inch)
                                                                                                                               :quant "0.25"))))
                                                                        :ARG2 (s48.w / want-01
                                                                                     :ARG0 s48.y
                                                                                     :ARG1 (s48.m2 / more)))))
                              :ARG2 (s48.s / say-01
                                           :ARG0 s48.y
                                           :ARG1 (s48.w2 / word))
                              :condition s48.a2
                              :polarity "-"))
   :snt49 (s49.a / and
                 :op2 (s49.h / have-condition-91
                             :ARG1 (s49.a2 / and
                                           :op1 (s49.p4 / possible-01
                                                        :ARG1 (s49.m2 / make-02
                                                                      :ARG0 (s49.w / we)
                                                                      :ARG1 (s49.l / live-01
                                                                                   :ARG0 (s49.c2 / class
                                                                                                 :ARG1-of (s49.d / die-01)))
                                                                      :mod (s49.p2 / poof
                                                                                   :mode "expressive")))
                                           :op2 (s49.p5 / possible-01
                                                        :ARG1 (s49.r / reign-01
                                                                     :ARG0 s49.w
                                                                     :ARG1 (s49.i / imagine-01)))
                                           :op3 (s49.c / change-01
                                                       :ARG0 s49.w
                                                       :ARG1 (s49.e2 / education)))
                             :ARG2 (s49.p3 / possible-01
                                           :ARG1 (s49.t5 / transform-01
                                                         :ARG0 s49.w
                                                         :ARG1 (s49.e / educate-01
                                                                      :ARG1 (s49.p / person
                                                                                   :ARG0-of (s49.t / teach-01)))
                                                         :ARG2 (s49.f / focus-01
                                                                      :ARG0 s49.w
                                                                      :ARG1 s49.e
                                                                      :ARG2 (s49.t2 / teach-01
                                                                                    :ARG0 s49.w
                                                                                    :ARG1 (s49.t4 / thing
                                                                                                  :manner-of (s49.c3 / create-01
                                                                                                                     :ARG0 s49.p
                                                                                                                     :ARG1 (s49.m / magic
                                                                                                                                  :mod (s49.t3 / that))))
                                                                                    :ARG2 s49.p))))))
   :snt50 (s50.t / thank-01
                 :ARG1 (s50.y / you
                              :same-as s10.p2)))

