# ::id doc-288
# ::doc_file doc-288
# ::tok http : / / www . ted . com / talks / ellen_t_hoen_pool_medical_patents_save_lives< / url> <next_sent> In 2002 , a group of treatment activists met to discuss the early development of the airplane . <next_sent> The Wright Brothers , in the beginning of the last century , had for the first time managed to make one of those devices fly . <next_sent> They also had taken out numerous patents on essential parts of the airplane . <next_sent> They were not the only ones . <next_sent> That was common practice in the industry , and those who held patents on airplanes were defending them fiercely and suing competitors left and right . <next_sent> This actually was n't so great for the development of the aviation industry , and this was at a time that in particular the U.S. government was interested in ramping up the production of military airplanes . <next_sent> So there was a bit of a conflict there . <next_sent> The U.S. government decided to take action , and forced those patent holders to make their patents available to share with others to enable the production of airplanes . <next_sent> So what has this got to do with this ? <next_sent> In 2002 , Nelson Otwoma , a Kenyan social scientist , discovered he had HIV and needed access to treatment . <next_sent> He was told that a cure did not exist . <next_sent> AIDS , he heard , was lethal , and treatment was not offered . <next_sent> This was at a time that treatment actually existed in rich countries . <next_sent> AIDS had become a chronic disease . <next_sent> People in our countries here in Europe , in North America , were living with HIV , healthy lives . <next_sent> Not so for Nelson . <next_sent> He was n't rich enough , and not so for his three - year - old son , who he discovered a year later also had HIV . <next_sent> Nelson decided to become a treatment activist and join up with other groups . <next_sent> In 2002 , they were facing a different battle . <next_sent> Prices for ARVs , the drugs needed to treat HIV , cost about 12,000 [ dollars ] per patient per year . <next_sent> The patents on those drugs were held by a number of Western pharmaceutical companies that were not necessarily willing to make those patents available . <next_sent> When you have a patent , you can exclude anyone else from making , from producing or making low - cost versions , for example , available of those medications . <next_sent> Clearly this led to patent wars breaking out all over the globe . <next_sent> Luckily , those patents did not exist everywhere . <next_sent> There were countries that did not recognize pharmaceutical product patents , such as India , and Indian pharmaceutical companies started to produce so - called generic versions , low - cost copies of antiretroviral medicines , and make them available in the developing world , and within a year the price had come down from 10,000 dollars per patient per year to 350 dollars per patient per year , and today that same triple pill cocktail is available for 60 dollars per patient per year , and of course that started to have an enormous effect on the number of people who could afford access to those medicines . <next_sent> Treatment programs became possible , funding became available , and the number of people on antiretroviral drugs started to increase very rapidly . <next_sent> Today , eight million people have access to antiretroviral drugs . <next_sent> Thirty - four million are infected with HIV . <next_sent> Never has this number been so high , but actually this is good news , because what it means is people stop dying . <next_sent> People who have access to these drugs stop dying . <next_sent> And there 's something else . <next_sent> They also stop passing on the virus . <next_sent> This is fairly recent science that has shown that . <next_sent> What that means is we have the tools to break the back of this epidemic . <next_sent> So what 's the problem ? <next_sent> Well , things have changed . <next_sent> First of all , the rules have changed . <next_sent> Today , all countries are obliged to provide patents for pharmaceuticals that last at least 20 years . <next_sent> This is as a result of the intellectual property rules of the World Trade Organization . <next_sent> So what India did is no longer possible . <next_sent> Second , the practice of patent - holding companies have changed . <next_sent> Here you see the patent practices before the World Trade Organization 's rules , before ' 95 , before antiretroviral drugs . <next_sent> This is what you see today , and this is in developing countries , so what that means is , unless we do something deliberate and unless we do something now , we will very soon be faced with another drug price crisis , because new drugs are developed , new drugs go to market , but these medicines are patented in a much wider range of countries . <next_sent> So unless we act , unless we do something today , we will soon be faced [ with ] what some have termed the treatment time bomb . <next_sent> It is n't only the number of drugs that are patented . <next_sent> There 's something else that can really scare generic manufacturers away . <next_sent> This shows you a patent landscape . <next_sent> This is the landscape of one medicine . <next_sent> So you can imagine that if you are a generic company about to decide whether to invest in the development of this product , unless you know that the licenses to these patents are actually going to be available , you will probably choose to do something else . <next_sent> Again , deliberate action is needed . <next_sent> So surely if a patent pool could be established to ramp up the production of military airplanes , we should be able to do something similar to tackle the HIV / AIDS epidemic . <next_sent> And we did . <next_sent> In 2010 , UNITAID established the Medicines Patent Pool for HIV . <next_sent> And this is how it works : Patent holders , inventors that develop new medicines patent those inventions , but make those patents available to the Medicines Patent Pool . <next_sent> The Medicines Patent Pool then license those out to whoever needs access to those patents . <next_sent> That can be generic manufacturers . <next_sent> It can also be not - for - profit drug development agencies , for example . <next_sent> Those manufacturers can then sell those medicines at much lower cost to people who need access to them , to treatment programs that need access to them . <next_sent> They pay royalties over the sales to the patent holders , so they are remunerated for sharing their intellectual property . <next_sent> There is one key difference with the airplane patent pool . <next_sent> The Medicines Patent Pool is a voluntary mechanism . <next_sent> The airplane patent holders were not left a choice whether they 'd license their patents or not . <next_sent> They were forced to do so . <next_sent> That is something that the Medicines Patent Pool cannot do . <next_sent> It relies on the willingness of pharmaceutical companies to license their patents and make them available for others to use . <next_sent> Today , Nelson Otwoma is healthy . <next_sent> He has access to antiretroviral drugs . <next_sent> His son will soon be 14 years old . <next_sent> Nelson is a member of the expert advisory group of the Medicines Patent Pool , and he told me not so long ago , " Ellen , we rely in Kenya and in many other countries on the Medicines Patent Pool to make sure that new medicines also become available to us , that new medicines , without delay , become available to us . " <next_sent> And this is no longer fantasy . <next_sent> Already , I 'll give you an example . <next_sent> In August of this year , the United States drug agency approved a new four - in - one AIDS medication . <next_sent> The company , Gilead , that holds the patents , has licensed the intellectual property to the Medicines Patent Pool . <next_sent> The pool is already working today , two months later , with generic manufacturers to make sure that this product can go to market at low cost where and when it is needed . <next_sent> This is unprecedented . <next_sent> This has never been done before . <next_sent> The rule is about a 10 - year delay for a new product to go to market in developing countries , if at all . <next_sent> This has never been seen before . <next_sent> Nelson 's expectations are very high , and quite rightly so . <next_sent> He and his son will need access to the next generation of antiretrovirals and the next , throughout their lifetime , so that he and many others in Kenya and other countries can continue to live healthy , active lives . <next_sent> Now we count on the willingness of drug companies to make that happen . <next_sent> We count on those companies that understand that it is in the interest , not only in the interest of the global good , but also in their own interest , to move from conflict to collaboration , and through the Medicines Patent Pool they can make that happen . <next_sent> They can also choose not to do that , but those that go down that road may end up in a similar situation the Wright brothers ended up with early last century , facing forcible measures by government . <next_sent> So they 'd better jump now . <next_sent> Thank you .
(d / document
   :snt1 (s1.u / url-entity
               :op1 (s1.o / ossobuco)
               :polarity "-")
   :snt2 (s2.m / meet-03
               :purpose (s2.d3 / discuss-01
                               :ARG0 (s2.g / group
                                           :consist-of (s2.a / activist
                                                             :ARG0-of (s2.t / treat-03)))
                               :ARG1 (s2.d2 / develop-02
                                            :ARG1 (s2.a2 / airplane)
                                            :time (s2.e / early)))
               :ARG0 s2.g
               :time (s2.d / date-entity
                           :year "2002"))
   :snt3 (s3.m2 / manage-02
                :ARG0 (s3.p / person
                            :name (s3.n / name
                                        :op1 "Wright")
                            :ARG0-of (s3.h / have-rel-role-91
                                           :ARG2 (s3.b2 / brother)))
                :ARG1 (s3.m / make-01
                            :ARG0 s3.p
                            :ARG1 (s3.f / fly-01
                                        :ARG0 (s3.d / device
                                                    :ARG1-of (s3.i / include-91
                                                                   :ARG2 (s3.d2 / device
                                                                                :mod (s3.t / that)))
                                                    :quant "1")))
                :ord (s3.o / ordinal-entity
                           :value "1")
                :time (s3.b / begin-01
                            :ARG1 (s3.c / century
                                        :mod (s3.l / last))))
   :snt4 (s4.t / take-out-11
               :ARG0 (s4.t2 / they
                            :same-as s3.p)
               :ARG1 (s4.p2 / patent-01
                            :quant (s4.n / numerous)
                            :ARG1 (s4.p / part
                                        :mod (s4.e / essential)
                                        :part-of (s4.a / airplane
                                                       :same-as s2.a2)))
               :mod (s4.a2 / also))
   :snt5 (s5.o / one
               :domain (s5.t / they
                             :mod (s5.o2 / only
                                         :polarity "-")
                             :same-as s3.p))
   :snt6 (s6.a2 / and
                :op1 (s6.p4 / practice-01
                            :ARG0 (s6.i / industry)
                            :ARG1 (s6.t / that)
                            :mod (s6.c / common))
                :op2 (s6.d / defend-01
                           :ARG0 (s6.p2 / person
                                        :ARG0-of (s6.h / hold-01
                                                       :ARG1 (s6.p / patent-01
                                                                   :ARG0 s6.p2
                                                                   :ARG1 (s6.a / airplane)))
                                        :mod (s6.t2 / that)
                                        :ARG1-of s6.d)
                           :ARG1-of (s6.i2 / intense-02))
                :op3 (s6.s / sue-02
                           :ARG0 s6.p2
                           :ARG1 (s6.p3 / person
                                        :ARG0-of (s6.c2 / compete-01
                                                        :ARG1 s6.p2))
                           :ARG1-of (s6.l / left-19)
                           :ARG1-of (s6.r / right-04)))
   :snt7 (s7.a3 / and
                :op1 (s7.g3 / great
                            :ARG1-of (s7.a / actual-02)
                            :beneficiary (s7.d / develop-02
                                               :ARG1 (s7.i / industry
                                                           :mod (s7.a4 / aviation)))
                            :degree (s7.s / so)
                            :domain (s7.t / this)
                            :polarity "-")
                :op2 (s7.b / be-temporally-at-91
                           :ARG1 s7.t
                           :ARG2 (s7.i2 / interest-01
                                        :ARG1 (s7.g2 / government-organization
                                                     :ARG0-of (s7.g / govern-01
                                                                    :ARG1 (s7.c / country
                                                                                :name (s7.n / name
                                                                                            :op1 "U.S."))))
                                        :ARG2 (s7.r / ramp-up-01
                                                    :ARG0 s7.g2
                                                    :ARG1 (s7.p2 / produce-01
                                                                 :ARG1 (s7.a2 / airplane
                                                                              :mod (s7.m / military))))
                                        :mod (s7.p / particular))))
   :snt8 (s8.c / conflict-01
               :degree (s8.b / bit)
               :location (s8.t / there))
   :snt9 (s9.a3 / and
                :op1 (s9.d / decide-01
                           :ARG0 (s9.g2 / government-organization
                                        :ARG0-of (s9.g / govern-01
                                                       :ARG1 (s9.c / country
                                                                   :name (s9.n / name
                                                                               :op1 "U.S.")))
                                        :same-as s7.g2)
                           :ARG1 (s9.a / act-02
                                       :ARG0 s9.g2))
                :op2 (s9.f / force-01
                           :ARG0 s9.g2
                           :ARG1 (s9.p2 / person
                                        :ARG0-of (s9.h / hold-01
                                                       :ARG1 (s9.p / patent-01))
                                        :mod (s9.t / that)
                                        :same-as s6.p2)
                           :ARG2 (s9.a4 / available-02
                                        :purpose (s9.s / share-01
                                                       :purpose (s9.e / enable-01
                                                                      :ARG0 s9.p2
                                                                      :ARG1 (s9.p3 / produce-01
                                                                                   :ARG1 (s9.a2 / airplane)))
                                                       :ARG0 s9.p2
                                                       :ARG1 s9.p2
                                                       :ARG2 (s9.o / other))
                                        :ARG2 s9.p2)))
   :snt10 (s10.i / infer-01
                 :ARG1 (s10.h / have-to-do-with-04
                              :ARG0 (s10.a / amr-unknown)
                              :ARG1 (s10.t2 / this)
                              :ARG2 (s10.t / this)))
   :snt11 (s11.d2 / discover-01
                  :ARG0 (s11.p / person
                               :name (s11.n / name
                                            :op1 "Nelson"
                                            :op2 "Otwoma")
                               :mod (s11.c / country
                                           :name (s11.n2 / name
                                                         :op1 "Kenya"))
                               :mod (s11.s / scientist
                                           :mod (s11.s2 / society)))
                  :ARG1 (s11.a2 / and
                                :op1 (s11.h / have-03
                                            :ARG0 s11.p
                                            :ARG1 (s11.d3 / disease
                                                          :name (s11.n3 / name
                                                                        :op1 "HIV")))
                                :op2 (s11.n4 / need-01
                                             :ARG0 s11.p
                                             :ARG1 (s11.a / access-01
                                                          :ARG0 s11.p
                                                          :ARG1 (s11.t / treat-03
                                                                       :ARG3 s11.d3))))
                  :time (s11.d / date-entity
                               :year "2002"
                               :same-as s2.d))
   :snt12 (s12.t / tell-01
                 :ARG1 (s12.e / exist-01
                              :ARG1 (s12.c / cure-01)
                              :polarity "-")
                 :ARG2 (s12.h / he
                              :same-as s11.p))
   :snt13 (s13.h2 / hear-01
                  :ARG0 (s13.h / he
                               :same-as s11.p)
                  :ARG1 (s13.a / and
                               :op1 (s13.l / lethal
                                           :domain (s13.d / disease
                                                          :name (s13.n / name
                                                                       :op1 "AIDS")))
                               :op2 (s13.o / offer-01
                                           :ARG1 (s13.t / treat-03)
                                           :polarity "-")))
   :snt14 (s14.b / be-temporally-at-91
                 :ARG1 (s14.t / this)
                 :ARG2 (s14.e / exist-01
                              :ARG1 (s14.t2 / treat-01)
                              :ARG1-of (s14.a / actual-02)
                              :location (s14.c / country
                                               :mod (s14.r / rich))))
   :snt15 (s15.b / become-01
                 :ARG1 (s15.d / disease
                              :name (s15.n / name
                                           :op1 "AIDS")
                              :same-as s13.d)
                 :ARG2 (s15.d2 / disease
                               :mod (s15.c / chronic)))
   :snt16 (s16.l2 / live-02
                  :ARG0 (s16.p / person
                               :location (s16.c3 / country
                                                 :location (s16.a / and
                                                                  :op1 (s16.c / continent
                                                                              :name (s16.n / name
                                                                                           :op1 "Europe"))
                                                                  :op2 (s16.c2 / continent
                                                                               :name (s16.n2 / name
                                                                                             :op1 "North"
                                                                                             :op2 "America")))
                                                 :poss (s16.w / we)))
                  :ARG1 (s16.a2 / and
                                :op1 (s16.d / disease
                                            :name (s16.n3 / name
                                                          :op1 "HIV")
                                            :same-as s11.d3)
                                :op2 (s16.l / life
                                            :mod (s16.h / healthy))))
   :snt17 (s17.s / so
                 :beneficiary (s17.p / person
                                     :name (s17.n / name
                                                  :op1 "Nelson")
                                     :same-as s11.p)
                 :polarity "-")
   :snt18 (s18.a3 / and
                  :op1 (s18.h2 / have-degree-91
                               :ARG1 (s18.h5 / he
                                             :same-as s11.p)
                               :ARG2 (s18.r / rich)
                               :ARG3 (s18.e / enough))
                  :op2 (s18.h3 / have-degree-91
                               :ARG1 s18.h5
                               :ARG2 (s18.r2 / rich
                                             :domain s18.h5
                                             :polarity "-")
                               :ARG3 (s18.e2 / enough)
                               :ARG6 (s18.p / person
                                            :ARG0-of (s18.h4 / have-rel-role-91
                                                             :ARG1 s18.h5
                                                             :ARG2 (s18.s / son))
                                            :ARG0-of (s18.h / have-03
                                                            :ARG1 (s18.d2 / disease
                                                                          :name (s18.n / name
                                                                                       :op1 "HIV")
                                                                          :same-as s11.d3)
                                                            :ARG1-of (s18.d / discover-01
                                                                            :ARG0 s18.p
                                                                            :time (s18.a / after
                                                                                         :quant (s18.t2 / temporal-quantity
                                                                                                        :unit (s18.y2 / year)
                                                                                                        :quant "1")
                                                                                         :op1 s18.d))
                                                            :mod (s18.a2 / also))
                                            :age (s18.t / temporal-quantity
                                                        :unit (s18.y / year)
                                                        :quant "3"))
                               :polarity "-"))
   :snt19 (s19.d / decide-01
                 :ARG0 (s19.p / person
                              :name (s19.n / name
                                           :op1 "Nelson")
                              :same-as s11.p)
                 :ARG1 (s19.a2 / and
                               :op1 (s19.b / become-01
                                           :ARG1 s19.p
                                           :ARG2 (s19.a / activist
                                                        :purpose (s19.t / treat-03)))
                               :op2 (s19.j / join-01
                                           :ARG0 s19.p
                                           :ARG1 (s19.g / group
                                                        :mod (s19.o / other)))))
   :snt20 (s20.f / face-01
                 :ARG0 (s20.t / they)
                 :ARG1 (s20.b / battle-01
                              :ARG1-of (s20.d2 / differ-02))
                 :time (s20.d / date-entity
                              :year "2002"
                              :same-as s2.d))
   :snt21 (s21.c / cost-01
                 :ARG1 (s21.t2 / thing
                               :ARG2-of (s21.p3 / price-01
                                                :ARG1 (s21.p4 / product
                                                              :name (s21.n / name
                                                                           :op1 "official"
                                                                           :op2 "male"
                                                                           :op3 "cell")
                                                              :mod (s21.d3 / drug
                                                                           :ARG1-of (s21.n3 / need-01
                                                                                            :purpose (s21.t3 / treat-03
                                                                                                             :ARG1 (s21.d / disease
                                                                                                                          :name (s21.n2 / name
                                                                                                                                        :op1 "HIV")
                                                                                                                          :same-as s11.d3)
                                                                                                             :ARG2 s21.d3))))))
                 :ARG2 (s21.r / rate-entity-91
                              :ARG1 (s21.p2 / person
                                            :mod (s21.p / patient))
                              :ARG2 (s21.t / temporal-quantity
                                           :unit (s21.y / year)
                                           :quant "1")
                              :ARG3 (s21.a / about
                                           :op1 (s21.m / monetary-quantity
                                                       :unit (s21.d2 / dollar)
                                                       :quant "1000"))))
   :snt22 (s22.h / hold-01
                 :ARG0 (s22.c / company
                              :quant (s22.n3 / number)
                              :ARG0-of (s22.w / will-02
                                              :ARG1 (s22.m / make-02
                                                           :ARG0 s22.c
                                                           :ARG1 (s22.a / available-02
                                                                        :ARG2 (s22.p / patent-01
                                                                                     :ARG1 (s22.d / drug
                                                                                                  :mod (s22.t / that)
                                                                                                  :same-as s21.p4))))
                                              :ARG1-of (s22.n2 / need-01)
                                              :polarity "-")
                              :mod (s22.p2 / pharmaceutical)
                              :mod (s22.w2 / world-region
                                           :name (s22.n / name
                                                        :op1 "West")))
                 :ARG1 s22.p)
   :snt23 (s23.p2 / possible-01
                  :ARG1 (s23.e2 / exclude-01
                                :ARG0 (s23.y / you)
                                :ARG0-of (s23.e3 / exemplify-01)
                                :ARG1 (s23.a / anyone
                                             :mod (s23.e / else))
                                :ARG2 (s23.o / or
                                             :op1 (s23.m / make-01
                                                         :ARG0 s23.a
                                                         :ARG1 (s23.v / version
                                                                      :ARG1-of (s23.c / cost-01
                                                                                      :ARG1-of (s23.l / low-04))
                                                                      :ARG2-of (s23.a2 / available-02
                                                                                       :ARG1 (s23.m2 / medication
                                                                                                     :mod (s23.t / that)
                                                                                                     :same-as s21.p4))))
                                             :op2 (s23.p3 / produce-01
                                                          :ARG1 s23.v)))
                  :condition (s23.p / patent-01
                                    :ARG0 s23.y))
   :snt24 (s24.l / lead-03
                 :ARG0 (s24.t / this)
                 :ARG1-of (s24.c / clear-06)
                 :ARG2 (s24.b / break-out-30
                              :ARG1 (s24.w / war-01
                                           :ARG2 (s24.p / patent-01))
                              :location (s24.a / all-over
                                               :op1 (s24.g / globe))))
   :snt25 (s25.e2 / exist-01
                  :ARG1 (s25.p / patent-01
                               :mod (s25.t / that)
                               :same-as s22.p)
                  :location (s25.e / everywhere)
                  :mod (s25.l / lucky)
                  :polarity "-")
   :snt26 (s26.a6 / and
                  :op1 (s26.r4 / recognize-02
                               :ARG0 (s26.c7 / country
                                             :example (s26.c8 / country
                                                              :name (s26.n / name
                                                                           :op1 "India")))
                               :ARG1 (s26.p / patent-01
                                            :ARG1 (s26.p11 / product
                                                           :mod (s26.p6 / pharmacy)))
                               :polarity "-")
                  :op2 (s26.c2 / come-01
                               :ARG1 (s26.p9 / price-01)
                               :ARG2 (s26.d4 / down-03
                                             :ARG1 s26.p9
                                             :ARG3 (s26.r / rate-entity-91
                                                          :ARG1 (s26.m3 / monetary-quantity
                                                                        :unit (s26.d2 / dollar)
                                                                        :quant "10000")
                                                          :ARG2 (s26.p2 / patient)))
                               :time (s26.a4 / after
                                             :quant (s26.t / temporal-quantity
                                                           :unit (s26.y / year)
                                                           :quant "1")))
                  :op3 (s26.a8 / available-02
                               :ARG2 (s26.c / cocktail
                                            :ARG1-of (s26.s / same-01)
                                            :mod (s26.p7 / pill
                                                         :mod (s26.t6 / triple)))
                               :frequency (s26.r3 / rate-entity-91
                                                  :ARG3 (s26.t4 / temporal-quantity
                                                                :unit (s26.y4 / year)
                                                                :quant "1"))
                               :time (s26.t5 / today))
                  :op4 (s26.s4 / start-01
                               :ARG1 (s26.a2 / affect-01
                                             :ARG0 (s26.a5 / and
                                                           :op1 (s26.p10 / produce-01
                                                                         :ARG0 (s26.c3 / company
                                                                                       :mod s26.c8)
                                                                         :ARG1 (s26.v / version
                                                                                      :ARG2-of (s26.c4 / copy-01
                                                                                                       :ARG1 (s26.m2 / medicine
                                                                                                                     :ARG0-of (s26.c6 / counter-01
                                                                                                                                      :ARG1 (s26.v2 / virus)))
                                                                                                       :ARG1-of (s26.c5 / cost-01
                                                                                                                        :ARG2 (s26.l / low-04)))
                                                                                      :mod (s26.g / generic)
                                                                                      :mod (s26.s2 / so-called)))
                                                           :op2 (s26.m / make-01
                                                                       :ARG0 s26.c3
                                                                       :ARG1 (s26.a7 / available-02
                                                                                     :ARG2 s26.m2
                                                                                     :location (s26.w / world
                                                                                                      :ARG1-of (s26.d / develop-02)))))
                                             :ARG1 (s26.n2 / number
                                                           :quant-of (s26.p5 / person
                                                                             :ARG0-of (s26.a3 / afford-01
                                                                                              :ARG1 (s26.a / access-01
                                                                                                           :ARG0 s26.p5
                                                                                                           :ARG1 s26.m2)
                                                                                              :ARG1-of (s26.p8 / possible-01))))
                                             :mod (s26.e / enormous))
                               :mod (s26.o / of-course))
                  :rel (s26.r2 / rate-entity-91
                               :ARG1 (s26.m4 / monetary-quantity
                                             :unit (s26.d3 / dollar)
                                             :quant "350")
                               :ARG1 (s26.m5 / monetary-quantity
                                             :unit s26.d2
                                             :quant "60")
                               :ARG2 (s26.p3 / patient)
                               :ARG2 (s26.t2 / temporal-quantity
                                             :unit (s26.y2 / year)
                                             :quant "1")
                               :ARG2 (s26.t3 / temporal-quantity
                                             :unit (s26.y3 / year)
                                             :quant "1"))
                  :rel (s26.s3 / start-01
                               :ARG0 s26.c3
                               :ARG1 s26.a5)
                  :rel (s26.p4 / person))
   :snt27 (s27.a / and
                 :op1 (s27.b / become-01
                             :ARG2 (s27.p2 / possible-01
                                           :ARG1 (s27.p3 / program
                                                         :ARG2-of (s27.t / treat-03))))
                 :op2 (s27.b2 / become-01
                              :ARG1 (s27.f / fund-01)
                              :ARG2 (s27.a2 / available-02
                                            :ARG2 s27.f))
                 :op3 (s27.s / start-01
                             :ARG1 (s27.i / increase-01
                                          :ARG1 (s27.n / number
                                                       :quant-of (s27.p / person
                                                                        :prep-on (s27.d / drug
                                                                                        :ARG0-of (s27.c / counter-01
                                                                                                        :ARG1 (s27.v2 / virus)))))
                                          :manner (s27.r / rapid
                                                         :degree (s27.v / very)))))
   :snt28 (s28.a / access-01
                 :ARG0 (s28.p / person
                              :quant "8000000")
                 :ARG1 (s28.d / drug
                              :ARG0-of (s28.c / counter-01
                                              :ARG1 (s28.v / virus)))
                 :time (s28.t / today
                              :same-as s26.t5))
   :snt29 (s29.i / infect-01
                 :ARG1 (s29.p / person
                              :quant "30000000")
                 :ARG2 (s29.d / disease
                              :name (s29.n / name
                                           :op1 "HIV")
                              :same-as s11.d3))
   :snt30 (s30.c2 / contrast-01
                  :ARG1 (s30.h / high-02
                               :ARG1 (s30.n2 / number
                                             :mod (s30.t / this)
                                             :same-as s29.p)
                               :degree (s30.s / so)
                               :time (s30.e / ever)
                               :polarity "-")
                  :ARG2 (s30.n / news
                               :ARG1-of (s30.g / good-04)
                               :ARG1-of (s30.a / actual-02)
                               :ARG1-of (s30.c / cause-01
                                               :ARG0 (s30.m / mean-01
                                                            :ARG1 (s30.t2 / this)
                                                            :ARG2 (s30.s2 / stop-01
                                                                          :ARG1 (s30.d / die-01
                                                                                       :ARG1 (s30.p / person)))))
                               :domain s30.t2))
   :snt31 (s31.s / stop-01
                 :ARG1 (s31.d / die-01
                              :ARG1 (s31.p / person
                                           :ARG0-of (s31.a / access-01
                                                           :ARG1 (s31.d2 / drug
                                                                         :mod (s31.t / this)
                                                                         :same-as s28.d)))))
   :snt32 (s32.a / and
                 :op2 (s32.e / else
                             :mod (s32.s / something)))
   :snt33 (s33.s / stop-01
                 :ARG0 (s33.t / they
                              :same-as s31.p)
                 :ARG1 (s33.p / pass-on-09
                              :ARG0 s33.t
                              :ARG1 (s33.v / virus
                                           :same-as s11.d3))
                 :mod (s33.a / also))
   :snt34 (s34.s / science
                 :ARG0-of (s34.s2 / show-01
                                  :ARG1 (s34.t / that))
                 :domain (s34.t2 / this)
                 :time (s34.r / recent
                              :ARG1-of (s34.f / fair-04)))
   :snt35 (s35.m / mean-01
                 :ARG1 (s35.t / that)
                 :ARG2 (s35.h / have-03
                              :ARG0 (s35.w / we)
                              :ARG1 (s35.t3 / tool
                                            :purpose (s35.b2 / break-01
                                                             :ARG0 s35.w
                                                             :ARG1 (s35.b / back
                                                                          :part-of (s35.e / epidemic
                                                                                          :mod (s35.t2 / this)))))))
   :snt36 (s36.p / problem
                 :domain (s36.a / amr-unknown))
   :snt37 (s37.c / change-01
                 :ARG1 (s37.t / thing)
                 :mod (s37.w / well
                             :mode "expressive"))
   :snt38 (s38.c / change-01
                 :ARG1 (s38.r / rule)
                 :mod (s38.f / first-of-all))
   :snt39 (s39.o / oblige-02
                 :ARG1 (s39.c / country
                              :mod (s39.a / all))
                 :ARG2 (s39.p3 / provide-01
                               :ARG0 s39.c
                               :ARG1 (s39.p / patent-01
                                            :ARG1 (s39.p2 / pharmaceutical)
                                            :duration (s39.a2 / at-least
                                                              :op1 (s39.t / temporal-quantity
                                                                          :unit (s39.y / year)
                                                                          :quant "20"))))
                 :time (s39.t2 / today
                               :same-as s26.t5))
   :snt40 (s40.r / result-01
                 :ARG1 (s40.r2 / rule-01
                               :ARG0 (s40.o / organization
                                            :name (s40.n / name
                                                         :op1 "World"
                                                         :op2 "Trade"
                                                         :op3 "Organization"))
                               :ARG3 (s40.p / property
                                            :mod (s40.i / intellectual)))
                 :ARG2 (s40.t / this
                              :same-as s39.o))
   :snt41 (s41.c / cause-01
                 :ARG1 (s41.p / possible-01
                              :ARG1 (s41.t / thing
                                           :ARG1-of (s41.d / do-02
                                                           :ARG0 (s41.c2 / country
                                                                         :name (s41.n / name
                                                                                      :op1 "India")
                                                                         :same-as s26.c8)))
                              :time (s41.n2 / no-longer)))
   :snt42 (s42.c / change-01
                 :ARG1 (s42.p2 / practice-01
                               :ARG0 (s42.c2 / company
                                             :ARG0-of (s42.h / hold-01
                                                             :ARG1 (s42.p / patent-01))))
                 :li "2")
   :snt43 (s43.s / see-01
                 :ARG0 (s43.y / you)
                 :ARG1 (s43.p2 / practice-01
                               :ARG1 (s43.p / patent-01)
                               :time (s43.b / before
                                            :op1 (s43.r / rule-01
                                                        :ARG0 (s43.o / organization
                                                                     :name (s43.n / name
                                                                                  :op1 "World"
                                                                                  :op2 "Trade"
                                                                                  :op3 "Organization")
                                                                     :same-as s40.o)
                                                        :same-as s40.r2)
                                            :op1 (s43.d2 / drug
                                                         :ARG0-of (s43.c / counter-01
                                                                         :ARG1 (s43.v / virus))))
                               :time (s43.b2 / before
                                             :op1 (s43.d / date-entity
                                                         :year "1995")))
                 :location (s43.h / here))
   :snt44 (s44.c / cause-01
                 :ARG0 (s44.c2 / contrast-01
                               :ARG1 (s44.a3 / and
                                             :op1 (s44.d3 / develop-02
                                                          :ARG1 (s44.d7 / drug
                                                                        :ARG1-of (s44.n / new-01)))
                                             :op2 (s44.g / go-01
                                                         :ARG1 s44.d7
                                                         :ARG4 (s44.m / market-01
                                                                      :ARG1 s44.d7)))
                               :ARG2 (s44.p / patent-01
                                            :ARG1 s44.d7
                                            :location (s44.r / range
                                                             :ARG1-of (s44.h / have-degree-91
                                                                             :ARG2 (s44.w2 / wide-02
                                                                                           :ARG1 s44.r)
                                                                             :ARG3 (s44.m3 / more
                                                                                           :quant (s44.m4 / much)))
                                                             :mod (s44.c4 / country))))
                 :ARG1 (s44.f / face-01
                              :ARG0 (s44.w / we)
                              :ARG1 (s44.c5 / crisis
                                            :mod (s44.t / thing
                                                        :ARG2-of (s44.p2 / price-01
                                                                         :ARG1 (s44.d6 / drug)))
                                            :mod (s44.a4 / another))
                              :ARG2-of (s44.m2 / mean-01
                                               :ARG1 (s44.a / and
                                                            :op1 (s44.s / see-01
                                                                        :ARG0 (s44.y / you)
                                                                        :ARG1 (s44.t2 / this)
                                                                        :time (s44.t4 / today
                                                                                      :same-as s26.t5))
                                                            :op2 (s44.t3 / this
                                                                         :location (s44.c3 / country
                                                                                           :ARG1-of (s44.d2 / develop-02))
                                                                         :same-as s44.t2)))
                              :condition (s44.a2 / and
                                                 :op1 (s44.d4 / do-02
                                                              :ARG0 s44.w
                                                              :ARG1 (s44.s2 / something
                                                                            :ARG1-of (s44.d / deliberate-01))
                                                              :polarity "-")
                                                 :op2 (s44.d5 / do-02
                                                              :ARG0 s44.w
                                                              :ARG1 (s44.s3 / something)
                                                              :time (s44.n2 / now)))
                              :time (s44.s4 / soon
                                            :degree (s44.v / very))))
   :snt45 (s45.c / cause-01
                 :ARG1 (s45.h / have-condition-91
                              :ARG1 (s45.d / do-02
                                           :ARG0 (s45.w / we)
                                           :ARG1 (s45.s2 / something)
                                           :time (s45.t4 / today
                                                         :same-as s26.t5))
                              :ARG1 (s45.f / face-01
                                           :ARG0 s45.w
                                           :ARG1 (s45.t2 / thing
                                                         :ARG1-of (s45.t / term-01
                                                                         :ARG0 (s45.s / some)
                                                                         :ARG2 (s45.b / bomb
                                                                                      :mod (s45.t5 / treat-03
                                                                                                   :time (s45.t3 / time)))))
                                           :time (s45.s3 / soon))
                              :ARG2 (s45.a / act-02
                                           :ARG0 s45.w
                                           :polarity "-")))
   :snt46 (s46.n / number
                 :mod (s46.o / only
                             :polarity "-")
                 :quant-of (s46.d / drug
                                  :ARG1-of (s46.p / patent-01)))
   :snt47 (s47.p / possible-01
                 :ARG1 (s47.s / scare-01
                              :ARG0 (s47.s2 / something
                                            :mod (s47.e / else))
                              :ARG1 (s47.c / company
                                           :ARG0-of (s47.m / manufacture-01
                                                           :ARG1 (s47.g / generic)))
                              :degree (s47.r / really)
                              :direction (s47.a / away)))
   :snt48 (s48.s / show-01
                 :ARG0 (s48.t / this
                              :same-as s44.t2)
                 :ARG1 (s48.l / landscape
                              :mod (s48.p / patent-01))
                 :ARG2 (s48.y / you))
   :snt49 (s49.l / landscape
                 :domain (s49.t / this
                                :same-as s48.l)
                 :poss (s49.m / medicine
                              :quant "1"))
   :snt50 (s50.c / cause-01
                 :ARG1 (s50.p2 / possible-01
                               :ARG1 (s50.i / imagine-01
                                            :ARG0 (s50.y / you)
                                            :ARG1 (s50.c2 / choose-01
                                                          :ARG0 (s50.c3 / company
                                                                        :ARG0-of (s50.d / decide-01
                                                                                        :ARG1 (s50.t3 / truth-value
                                                                                                      :polarity-of (s50.i2 / invest-01
                                                                                                                           :ARG0 s50.c3
                                                                                                                           :ARG2 (s50.d2 / develop-02
                                                                                                                                         :ARG1 (s50.p4 / product
                                                                                                                                                       :mod (s50.t / this)))))
                                                                                        :time (s50.a / about-to))
                                                                        :domain s50.y
                                                                        :mod (s50.g / generic))
                                                          :ARG1 (s50.d3 / do-02
                                                                        :ARG0 s50.y
                                                                        :ARG1 (s50.s / something
                                                                                     :mod (s50.e / else)))
                                                          :condition (s50.k / know-01
                                                                            :ARG0 s50.c3
                                                                            :ARG1 (s50.a3 / available-02
                                                                                          :ARG1-of (s50.a2 / actual-02)
                                                                                          :ARG2 (s50.l / license-01
                                                                                                       :ARG1 (s50.p / patent-01
                                                                                                                    :mod (s50.t2 / this)))))
                                                          :mod (s50.p3 / probable)))))
   :snt51 (s51.n / need-01
                 :ARG1 (s51.a / act-02
                              :ARG1-of (s51.d / deliberate-01))
                 :mod (s51.a2 / again))
   :snt52 (s52.i2 / infer-01
                  :ARG1 (s52.r2 / recommend-01
                                :ARG1 (s52.p4 / possible-01
                                              :ARG1 (s52.d2 / do-02
                                                            :purpose (s52.t / tackle-01
                                                                            :ARG0 (s52.w / we)
                                                                            :ARG1 (s52.e / epidemic
                                                                                         :ARG1-of (s52.i / include-91
                                                                                                         :ARG2 (s52.d / disease
                                                                                                                      :name (s52.n / name
                                                                                                                                   :op1 "HIV/AIDS")))
                                                                                         :same-as s35.e))
                                                            :ARG0 s52.w
                                                            :ARG1 (s52.s / something
                                                                         :ARG1-of (s52.r3 / resemble-01
                                                                                          :ARG2 (s52.e2 / establish-01
                                                                                                        :purpose (s52.r / ramp-up-01
                                                                                                                        :ARG1 (s52.p5 / produce-01
                                                                                                                                      :ARG1 (s52.a / airplane
                                                                                                                                                   :mod (s52.m / military))))
                                                                                                        :ARG1 (s52.p2 / pool-01
                                                                                                                      :ARG1 (s52.p / patent-01)))))))
                                :condition (s52.p3 / possible-01
                                                   :ARG1 s52.e2))
                  :ARG1-of (s52.s2 / sure-02))
   :snt53 (s53.a / and
                 :op1 (s53.e / event
                             :mod (s53.w / we
                                         :same-as s52.w)))
   :snt54 (s54.e / establish-01
                 :ARG0 (s54.o / organization
                              :name (s54.n / name
                                           :op1 "UNITAID")
                              :same-as s52.w)
                 :ARG1 (s54.o2 / organization
                               :name (s54.n2 / name
                                             :op1 "Medicines"
                                             :op2 "Patent"
                                             :op3 "Pool"
                                             :op4 "for"
                                             :op5 "HIV"))
                 :time (s54.d / date-entity
                              :year "2010"))
   :snt55 (s55.a / and
                 :op2 (s55.w / work-09
                             :ARG1 (s55.i2 / it)
                             :ARG1-of (s55.m2 / mean-01
                                              :ARG2 (s55.c / contrast-01
                                                           :ARG1 (s55.p2 / patent-01
                                                                         :ARG0 (s55.a2 / and
                                                                                       :op1 (s55.p4 / person
                                                                                                    :ARG0-of (s55.h / hold-01
                                                                                                                    :ARG1 (s55.p / patent-01)))
                                                                                       :op2 (s55.p5 / person
                                                                                                    :ARG0-of (s55.i / invent-01)
                                                                                                    :ARG0-of (s55.d / develop-02
                                                                                                                    :ARG1 (s55.m3 / medicine
                                                                                                                                  :ARG1-of (s55.n / new-01)))))
                                                                         :ARG2 s55.p)
                                                           :ARG2 (s55.m / make-02
                                                                        :ARG0 s55.a2
                                                                        :ARG1 (s55.a3 / available-02
                                                                                      :ARG1 (s55.p6 / pool-01
                                                                                                    :ARG0 (s55.p3 / patent-01
                                                                                                                  :ARG1 (s55.m4 / medicine))
                                                                                                    :same-as s54.o2)
                                                                                      :ARG2 s55.p2))))))
   :snt56 (s56.l / license-01
                 :ARG0 (s56.o / organization
                              :name (s56.n / name
                                           :op1 "Medicines"
                                           :op2 "Patent"
                                           :op3 "Pool")
                              :same-as s54.o2)
                 :ARG1 (s56.p / patent-01
                              :mod (s56.t / that)
                              :same-as s55.m3)
                 :ARG2 (s56.p2 / person
                               :ARG0-of (s56.n2 / need-01
                                                :ARG1 (s56.a / access-01
                                                             :ARG0 s56.p2
                                                             :ARG1 s56.p)))
                 :time (s56.t2 / then))
   :snt57 (s57.p / possible-01
                 :rel (s57.c / company
                             :ARG0-of (s57.m / manufacture-01
                                             :mod (s57.g / generic
                                                         :ARG1 s57.c))
                             :domain (s57.t / that)))
   :snt58 (s58.p / possible-01
                 :ARG0-of (s58.e / exemplify-01)
                 :ARG1 (s58.a / agency
                              :ARG0-of (s58.d / develop-02
                                              :ARG1 (s58.d2 / drug))
                              :ARG0-of (s58.p2 / profit-01
                                               :polarity "-"))
                 :mod (s58.a2 / also))
   :snt59 (s59.p2 / possible-01
                  :ARG1 (s59.s / sell-01
                               :ARG0 (s59.c / company
                                            :ARG0-of (s59.m / manufacture-01)
                                            :mod (s59.t / that)
                                            :same-as s57.m)
                               :ARG1 (s59.m2 / medicine
                                             :mod s59.t
                                             :same-as s55.m3)
                               :ARG2 (s59.p / person
                                            :ARG0-of (s59.n / need-01
                                                            :ARG1 (s59.a / access-01
                                                                         :ARG0 s59.p
                                                                         :ARG1 s59.m2))
                                            :ARG0-of (s59.a2 / access-01
                                                             :ARG0-of (s59.n2 / need-01)
                                                             :ARG1 s59.m2))
                               :ARG3 (s59.c2 / cost-01
                                             :ARG1 s59.m2
                                             :ARG1-of (s59.h / have-degree-91
                                                             :ARG2 (s59.l / low-04
                                                                          :ARG1 s59.c2)
                                                             :ARG3 (s59.m3 / more
                                                                           :quant (s59.m4 / much))))
                               :destination (s59.p3 / program
                                                    :ARG2-of (s59.t3 / treat-03)))
                  :time (s59.t2 / then))
   :snt60 (s60.c / cause-01
                 :ARG0 (s60.p2 / pay-01
                               :ARG0 (s60.t / they
                                            :same-as s57.m)
                               :ARG1 (s60.r / royalty
                                            :source (s60.s / sell-01))
                               :ARG2 (s60.p3 / person
                                             :ARG0-of (s60.h / hold-01
                                                             :ARG1 (s60.p / patent-01))
                                             :same-as s55.p))
                 :ARG1 (s60.c2 / compensate-01
                               :ARG2 s60.t
                               :ARG3 (s60.s2 / share-01
                                             :ARG1 (s60.p4 / property
                                                           :mod (s60.i / intellectual)
                                                           :poss s60.t)
                                             :ARG2 s60.t)))
   :snt61 (s61.d / differ-02
                 :ARG1-of (s61.k / key-02)
                 :ARG2 (s61.p2 / pool-01
                               :mod (s61.p / patent-01
                                           :ARG1 (s61.a / airplane))
                               :same-as s52.p2)
                 :quant "1")
   :snt62 (s62.m / mechanism
                 :ARG1-of (s62.v / voluntary-02)
                 :domain (s62.o / organization
                                :name (s62.n / name
                                             :op1 "Medicines"
                                             :op2 "Patent"
                                             :op3 "Pool")
                                :same-as s54.o2))
   :snt63 (s63.l / leave-14
                 :ARG1 (s63.c / choose-01
                              :ARG0 (s63.p3 / person
                                            :ARG0-of (s63.h / hold-01
                                                            :ARG1 (s63.p / patent-01
                                                                         :ARG1 (s63.a / airplane)))
                                            :same-as s55.p)
                              :ARG1 (s63.o / or
                                           :op1 (s63.l2 / license-01
                                                        :ARG0 s63.p3
                                                        :ARG1 (s63.p2 / patent-01
                                                                      :ARG0 s63.p3))
                                           :op2 (s63.l3 / license-01
                                                        :ARG0 s63.p3
                                                        :ARG1 s63.p2
                                                        :polarity "-")))
                 :polarity "-")
   :snt64 (s64.f / force-01
                 :ARG1 (s64.t / they
                              :same-as s55.p)
                 :ARG2 (s64.d / do-02
                              :ARG0 s64.t
                              :ARG1 (s64.s / so)))
   :snt65 (s65.p / possible-01
                 :ARG1 (s65.d / do-02
                              :ARG0 (s65.o / organization
                                           :name (s65.n / name
                                                        :op1 "Medicines"
                                                        :op2 "Patent"
                                                        :op3 "Pool")
                                           :same-as s54.o2)
                              :ARG1 (s65.s / something
                                           :mod (s65.t / that
                                                       :same-as s63.l2)))
                 :polarity "-")
   :snt66 (s66.r / rely-01
                 :ARG0 (s66.i / it
                              :same-as s54.o2)
                 :ARG1 (s66.w / will-02
                              :ARG0 (s66.c / company
                                           :mod (s66.p2 / pharmacy))
                              :ARG1 (s66.a / and
                                           :op1 (s66.l / license-01
                                                       :ARG0 s66.c
                                                       :ARG1 (s66.p / patent-01
                                                                    :ARG0 s66.c))
                                           :op2 (s66.m / make-02
                                                       :ARG0 s66.c
                                                       :ARG1 (s66.a2 / available-02
                                                                     :ARG1 (s66.u / use-01
                                                                                  :ARG0 (s66.o / other)
                                                                                  :ARG1 s66.p)
                                                                     :ARG2 s66.p)))))
   :snt67 (s67.h / healthy
                 :domain (s67.p / person
                                :name (s67.n / name
                                             :op1 "Nelson"
                                             :op2 "Otwoma")
                                :same-as s11.p)
                 :time (s67.t / today
                              :same-as s26.t5))
   :snt68 (s68.a / access-01
                 :ARG0 (s68.h / he
                              :same-as s11.p)
                 :ARG1 (s68.d / drug
                              :ARG0-of (s68.c / counter-01
                                              :ARG1 (s68.v / virus))))
   :snt69 (s69.a / age-01
                 :ARG1 (s69.p / person
                              :ARG0-of (s69.h / have-rel-role-91
                                              :ARG1 (s69.h2 / he
                                                            :same-as s11.p)
                                              :ARG2 (s69.s / son)))
                 :ARG2 (s69.t / temporal-quantity
                              :unit (s69.y / year)
                              :quant "14")
                 :time (s69.s2 / soon))
   :snt70 (s70.a3 / and
                  :op1 (s70.h / have-org-role-91
                              :ARG0 (s70.p / person
                                           :name (s70.n / name
                                                        :op1 "Nelson")
                                           :same-as s11.p)
                              :ARG1 (s70.g / group
                                           :consist-of (s70.p2 / person
                                                               :ARG0-of (s70.a / advise-01)
                                                               :ARG1-of (s70.e2 / expert-01))
                                           :part-of (s70.o / organization
                                                           :name (s70.n2 / name
                                                                         :op1 "Medicines"
                                                                         :op2 "Patent"
                                                                         :op3 "Pool")
                                                           :same-as s54.o2))
                              :ARG2 (s70.m4 / member))
                  :op2 (s70.t / tell-01
                              :ARG0 s70.p
                              :ARG1 (s70.r / rely-01
                                           :ARG0 (s70.w / we)
                                           :ARG1 (s70.e / ensure-01
                                                        :ARG0 s70.w
                                                        :ARG1 (s70.a5 / and
                                                                      :op1 (s70.b / become-01
                                                                                  :ARG1 (s70.m2 / medicine
                                                                                                :ARG1-of (s70.n5 / new-01
                                                                                                                 :ARG1 s70.m3))
                                                                                  :ARG2 (s70.a6 / available-02
                                                                                                :ARG2 s70.m2)
                                                                                  :mod (s70.a2 / also))))
                                           :location (s70.a4 / and
                                                             :op1 (s70.c / country
                                                                         :name (s70.n4 / name
                                                                                       :op1 "Kenya"))
                                                             :op2 (s70.c2 / country
                                                                          :quant (s70.m / many)
                                                                          :mod (s70.o2 / other))))
                              :ARG2 (s70.i / i)
                              :ARG2 (s70.p3 / person
                                            :name (s70.n3 / name
                                                          :op1 "Ellen")
                                            :same-as s70.i)
                              :time (s70.b2 / before
                                            :ARG1-of (s70.l / long-03
                                                            :degree (s70.s / so
                                                                           :polarity "-"))
                                            :op1 (s70.n6 / now)))
                  :rel (s70.a7 / available-02
                               :ARG1-of (s70.d / delay-01
                                               :polarity "-")
                               :ARG2 (s70.m3 / medicine)))
   :snt71 (s71.a / and
                 :op2 (s71.f / fantasy
                             :domain (s71.t / this)
                             :time (s71.n / no-longer)))
   :snt72 (s72.g / give-01
                 :ARG0 (s72.i / i
                              :same-as s70.i)
                 :ARG1 (s72.e / example)
                 :ARG2 (s72.y / you)
                 :time (s72.a / already))
   :snt73 (s73.a2 / approve-01
                  :ARG0 (s73.a / agency
                               :mod (s73.d3 / drug)
                               :poss (s73.c / country
                                            :name (s73.n / name
                                                         :op1 "United"
                                                         :op2 "States")))
                  :ARG1 (s73.m / medication
                               :ARG1-of (s73.e / equal-01
                                               :ARG2 (s73.r / ratio-of
                                                            :op1 "4"))
                               :ARG1-of (s73.n3 / new-01)
                               :mod (s73.d2 / disease
                                            :name (s73.n2 / name
                                                          :op1 "AIDS")
                                            :same-as s13.d))
                  :time (s73.d / date-entity
                               :mod (s73.y / year
                                           :mod (s73.t / this))
                               :month "8"))
   :snt74 (s74.l / license-01
                 :ARG0 (s74.c / company
                              :name (s74.n / name
                                           :op1 "Gilead")
                              :ARG0-of (s74.h / hold-01
                                              :ARG1 (s74.p / patent-01)))
                 :ARG1 (s74.p2 / property
                               :mod (s74.i / intellectual))
                 :ARG2 (s74.o / organization
                              :name (s74.n2 / name
                                            :op1 "Medicines"
                                            :op2 "Patent"
                                            :op3 "Pool")
                              :same-as s54.o2))
   :snt75 (s75.w / work-09
                 :purpose (s75.e / ensure-01
                                 :ARG0 (s75.c / company
                                              :ARG0-of (s75.m / manufacture-01)
                                              :mod (s75.g / generic))
                                 :ARG1 (s75.p2 / possible-01
                                               :ARG1 (s75.m2 / market-01
                                                             :ARG1 (s75.p3 / product
                                                                           :mod (s75.t3 / this)
                                                                           :same-as s73.m)
                                                             :ARG1-of (s75.c2 / cost-01
                                                                              :ARG2 (s75.l / low-04))
                                                             :location (s75.t2 / thing
                                                                               :location-of (s75.n / need-01
                                                                                                   :ARG1 s75.p3)))))
                 :ARG1 (s75.p / pool
                              :same-as s54.o2)
                 :time (s75.a2 / already)
                 :time (s75.t4 / today)
                 :time (s75.a / after
                              :quant (s75.t / temporal-quantity
                                            :unit (s75.m3 / month)
                                            :quant "2")))
   :snt76 (s76.p / precedent
                 :domain (s76.t / this)
                 :polarity "-")
   :snt77 (s77.d / do-02
                 :ARG1 (s77.t / this
                              :same-as s76.t)
                 :time (s77.e / ever)
                 :time (s77.b / before)
                 :polarity "-")
   :snt78 (s78.r / rule-01
                 :ARG3 (s78.d / delay-01
                              :ARG1 (s78.g / go-01
                                           :ARG1 (s78.p / product
                                                        :ARG1-of (s78.n / new-01))
                                           :ARG4 (s78.m / market-01
                                                        :ARG1 s78.p
                                                        :location (s78.c / country
                                                                         :ARG1-of (s78.d2 / develop-02))))
                              :condition (s78.a2 / at-all)
                              :duration (s78.a / about
                                               :op1 (s78.t / temporal-quantity
                                                           :unit (s78.y / year)
                                                           :quant "10"))))
   :snt79 (s79.s / see-01
                 :ARG1 (s79.t / this
                              :same-as s76.t)
                 :time (s79.e / ever)
                 :time (s79.b / before)
                 :polarity "-")
   :snt80 (s80.a / and
                 :op1 (s80.h / high-02
                             :ARG1 (s80.e / expect-01
                                          :ARG0 (s80.p / person
                                                       :name (s80.n / name
                                                                    :op1 "Nelson")
                                                       :same-as s11.p))
                             :degree (s80.v / very))
                 :op2 (s80.r / right-02
                             :ARG1 s80.h
                             :degree (s80.q / quite)))
   :snt81 (s81.n3 / need-01
                  :purpose (s81.p4 / possible-01
                                   :ARG1 (s81.c / continue-01
                                                :ARG0 (s81.a5 / and
                                                              :op1 (s81.h2 / he
                                                                           :same-as s11.p)
                                                              :op2 (s81.p3 / person
                                                                           :quant (s81.m / many)
                                                                           :location (s81.a6 / and
                                                                                             :op1 (s81.c3 / country
                                                                                                          :name (s81.n2 / name
                                                                                                                        :op1 "Kenya")
                                                                                                          :same-as s70.c)
                                                                                             :op2 (s81.c4 / country
                                                                                                          :mod (s81.o2 / other)))
                                                                           :mod (s81.o / other)))
                                                :ARG1 (s81.l3 / live-01
                                                              :ARG0 s81.a5
                                                              :ARG1 (s81.l / life
                                                                           :ARG0-of (s81.a2 / activity-06)
                                                                           :mod (s81.h3 / healthy)))))
                  :ARG0 (s81.a3 / and
                                :op1 s81.h2
                                :op2 (s81.p / person
                                            :ARG0-of (s81.h / have-rel-role-91
                                                            :ARG1 s81.h2
                                                            :ARG2 (s81.s / son))
                                            :same-as s18.p))
                  :ARG1 (s81.a / access-01
                               :ARG0 s81.a3
                               :ARG1 (s81.a4 / and
                                             :duration (s81.l2 / lifetime
                                                               :poss s81.a3)
                                             :op1 (s81.g / generation
                                                         :consist-of (s81.p2 / person
                                                                             :ARG0-of (s81.c2 / counter-01
                                                                                              :ARG1 (s81.d / disease
                                                                                                           :name (s81.n / name))
                                                                                              :ARG2 (s81.m2 / member
                                                                                                            :mod (s81.i / independent))))
                                                         :mod (s81.n4 / next))
                                             :op2 (s81.g2 / generation
                                                          :mod (s81.n5 / next)))))
   :snt82 (s82.c2 / count-03
                  :ARG0 (s82.w / we)
                  :ARG1 (s82.w2 / will-02
                                :ARG0 (s82.c / company
                                             :mod (s82.d / drug))
                                :ARG1 (s82.m / make-02
                                             :ARG0 s82.c
                                             :ARG1 (s82.t / that
                                                          :same-as s81.c)))
                  :time (s82.n / now))
   :snt83 (s83.a3 / and
                  :op1 (s83.c4 / count-03
                               :ARG0 (s83.w / we
                                            :same-as s82.w)
                               :ARG1 (s83.c2 / company
                                             :ARG0-of (s83.u / understand-01
                                                             :ARG1 (s83.i / interest-01
                                                                          :ARG2 (s83.a2 / and
                                                                                        :op1 (s83.i2 / interest-01
                                                                                                     :ARG1 (s83.g2 / good-04
                                                                                                                   :ARG1 (s83.g / globe)))
                                                                                        :op2 (s83.i3 / interest-01
                                                                                                     :ARG1 s83.c2
                                                                                                     :mod (s83.a / also)))
                                                                          :ARG2 (s83.m2 / move-01
                                                                                        :ARG0 s83.c2
                                                                                        :ARG2 (s83.c3 / conflict-01)
                                                                                        :ARG3 (s83.c / collaborate-01))))
                                             :mod (s83.t / that)))
                  :op2 (s83.p / possible-01
                              :ARG1 (s83.m / make-02
                                           :ARG0 s83.c2
                                           :ARG1 s83.m2
                                           :instrument (s83.f / facility
                                                              :name (s83.n / name
                                                                           :op1 "Medicines"
                                                                           :op2 "Patent"
                                                                           :op3 "Pool")))))
   :snt84 (s84.c3 / contrast-01
                  :ARG1 (s84.p3 / possible-01
                                :ARG1 (s84.c2 / choose-01
                                              :ARG0 (s84.t3 / they)
                                              :ARG1 (s84.d / do-02
                                                           :ARG0 s84.t3
                                                           :ARG1 (s84.t / that
                                                                        :same-as s84.c2)
                                                           :polarity "-")
                                              :mod (s84.a / also)))
                  :ARG2 (s84.p4 / possible-01
                                :ARG1 (s84.e2 / end-up-03
                                              :ARG1 (s84.p / person
                                                           :ARG0-of (s84.g / go-02
                                                                           :ARG1 (s84.r2 / road
                                                                                         :mod s84.t)
                                                                           :direction (s84.d2 / down))
                                                           :mod (s84.t2 / that))
                                              :ARG2 (s84.s / situation
                                                           :ARG1-of (s84.r / resemble-01
                                                                           :ARG2 (s84.s2 / situation
                                                                                         :ARG2-of (s84.e3 / end-up-03
                                                                                                          :ARG0-of (s84.f / face-01
                                                                                                                          :ARG1 (s84.m / measure-02
                                                                                                                                       :ARG0 (s84.g3 / government-organization
                                                                                                                                                     :ARG0-of (s84.g2 / govern-01))
                                                                                                                                       :manner (s84.f2 / forcible)))
                                                                                                          :ARG1 (s84.p2 / person
                                                                                                                        :name (s84.n / name
                                                                                                                                     :op1 "Wright")
                                                                                                                        :ARG0-of (s84.h / have-rel-role-91
                                                                                                                                        :ARG2 (s84.b / brother))
                                                                                                                        :same-as s3.p)
                                                                                                          :time (s84.e / early
                                                                                                                       :op1 (s84.c / century
                                                                                                                                   :mod (s84.l / last))))))))))
   :snt85 (s85.c / cause-01
                 :ARG1 (s85.j / jump-01
                              :ARG0 (s85.t / they
                                           :same-as s84.p)
                              :time (s85.n / now)))
   :snt86 (s86.t / thank-01
                 :ARG1 (s86.y / you
                              :same-as s70.i)))

