# ::id doc-1000
# ::doc_file doc-1000
# ::tok http : / / www . ted . com / talks / britta_riley_a_garden_in_my_apartment< / url> <next_sent> I , like many of you , am one of the two billion people on Earth who live in cities . <next_sent> And there are days -- I do n't know about the rest of you guys -- but there are days when I palpably feel how much I rely on other people for pretty much everything in my life . <next_sent> And some days , that can even be a little scary . <next_sent> But what I 'm here to talk to you about today is how that same interdependence is actually an extremely powerful social infrastructure that we can actually harness to help heal some of our deepest civic issues , if we apply open source collaboration . <next_sent> A couple of years ago , I read an article by New York Times writer Michael Pollan in which he argued that growing even some of our own food is one of the best things that we can do for the environment . <next_sent> Now at the time that I was reading this , it was the middle of the winter and I definitely did not have room for a lot of dirt in my New York City apartment . <next_sent> So I was basically just willing to settle for just reading the next Wired magazine and finding out how the experts were going to figure out how to solve all these problems for us in the future . <next_sent> But that was actually exactly the point that Michael Pollan was making in this article -- was it 's precisely when we hand over the responsibility for all these things to specialists that we cause the kind of messes that we see with the food system . <next_sent> So , I happen to know a little bit from my own work about how NASA has been using hydroponics to explore growing food in space . <next_sent> And you can actually get optimal nutritional yield by running a kind of high - quality liquid soil over plants ' root systems . <next_sent> Now to a vegetable plant , my apartment has got to be about as foreign as outer space . <next_sent> But I can offer some natural light and year - round climate control . <next_sent> Fast - forward two years later : we now have window farms , which are vertical , hydroponic platforms for food - growing indoors . <next_sent> And the way it works is that there 's a pump at the bottom , which periodically sends some of this liquid nutrient solution up to the top , which then trickles down through plants ' root systems that are suspended in clay pellets -- so there 's no dirt involved . <next_sent> Now light and temperature vary with each window 's microclimate , so a window farm requires a farmer , and she must decide what kind of crops she is going to put in her window farm , and whether she is going to feed her food organically . <next_sent> Back at the time , a window farm was no more than a technically complex idea that was going to require a lot of testing . <next_sent> And I really wanted it to be an open project , because hydroponics is one of the fastest growing areas of patenting in the United States right now and could possibly become another area like Monsanto , where we have a lot of corporate intellectual property in the way of people 's food . <next_sent> So I decided that , instead of creating a product , what I was going to do was open this up to a whole bunch of co - developers . <next_sent> The first few systems that we created , they kind of worked . <next_sent> We were actually able to grow about a salad a week in a typical New York City apartment window . <next_sent> And we were able to grow cherry tomatoes and cucumbers , all kinds of stuff . <next_sent> But the first few systems were these leaky , loud power - guzzlers that Martha Stewart would definitely never have approved . <next_sent> So to bring on more co - developers , what we did was we created a social media site on which we published the designs , we explained how they worked , and we even went so far as to point out everything that was wrong with these systems . <next_sent> And then we invited people all over the world to build them and experiment with us . <next_sent> So actually now on this website , we have 18,000 people . <next_sent> And we have window farms all over the world . <next_sent> What we 're doing is what NASA or a large corporation would call R&amp ; D , or research and development . <next_sent> But what we call it is R&amp ; D - I - Y , or research and develop it yourself . <next_sent> So for example , Jackson came along and suggested that we use air pumps instead of water pumps . <next_sent> It took building a whole bunch of systems to get it right , but once we did , we were able to cut our carbon footprint nearly in half . <next_sent> Tony in Chicago has been taking on growing experiments , like lots of other window farmers , and he 's been able to get his strawberries to fruit for nine months of the year in low - light conditions by simply changing out the organic nutrients . <next_sent> And window farmers in Finland have been customizing their window farms for the dark days of the Finnish winters by outfitting them with LED grow lights that they 're now making open source and part of the project . <next_sent> So window farms have been evolving through a rapid versioning process similar to software . <next_sent> And with every open source project , the real benefit is the interplay between the specific concerns of people customizing their systems for their own particular concerns and the universal concerns . <next_sent> So my core team and I are able to concentrate on the improvements that really benefit everyone . <next_sent> And we 're able to look out for the needs of newcomers . <next_sent> So for do - it - yourselfers , we provide free , very well - tested instructions so that anyone , anywhere around the world , can build one of these systems for free . <next_sent> And there 's a patent pending on these systems as well that 's held by the community . <next_sent> And to fund the project , we partner to create products that we then sell to schools and to individuals who do n't have time to build their own systems . <next_sent> Now within our community , a certain culture has appeared . <next_sent> In our culture , it is better to be a tester who supports someone else 's idea than it is to be just the idea guy . <next_sent> What we get out of this project is we get support for our own work , as well as an experience of actually contributing to the environmental movement in a way other than just screwing in new light bulbs . <next_sent> But I think that Eileen expresses best what we really get out of this , which is the actual joy of collaboration . <next_sent> So she expresses here what it 's like to see someone halfway across the world having taken your idea , built upon it and then acknowledging you for contributing . <next_sent> If we really want to see the kind of wide consumer behavior change that we 're all talking about as environmentalists and food people , maybe we just need to ditch the term " consumer " and get behind the people who are doing stuff . <next_sent> Open source projects tend to have a momentum of their own . <next_sent> And what we 're seeing is that R&amp ; D - I - Y has moved beyond just window farms and LEDs into solar panels and aquaponic systems . <next_sent> And we 're building upon innovations of generations who went before us . <next_sent> And we 're looking ahead at generations who really need us to retool our lives now . <next_sent> So we ask that you join us in rediscovering the value of citizens united , and to declare that we are all still pioneers .
(d / document
   :snt1 (s1.u / url-entity
               :op2 (s1.t2 / talk-01)
               :value (s1.p / person
                            :ARG0-of (s1.t / talk-01)
                            :mod (s1.c / city
                                       :name (s1.n / name
                                                   :op1 "ossobuco"))))
   :snt2 (s2.i2 / include-91
                :ARG1 (s2.i / i)
                :ARG1-of (s2.r / resemble-01
                               :ARG2 (s2.y / you
                                           :quant (s2.m / many)))
                :ARG2 (s2.p / person
                            :ARG0-of (s2.l / live-01
                                           :location (s2.c / city))
                            :location (s2.p2 / planet
                                             :name (s2.n / name
                                                         :op1 "Earth"))
                            :quant "2000000000"))
   :snt3 (s3.a3 / and
                :op2 (s3.d / day
                           :domain (s3.c / contrast-01
                                         :ARG1 (s3.k / know-01
                                                     :ARG0 (s3.i / i
                                                                 :same-as s2.i)
                                                     :ARG1 (s3.a / about
                                                                 :op1 (s3.r2 / rest
                                                                             :ARG1-of (s3.i2 / include-91
                                                                                             :ARG2 (s3.y / you
                                                                                                         :mod (s3.g / guy)
                                                                                                         :same-as s2.p))))
                                                     :polarity "-")
                                         :ARG2 (s3.f / feel-01
                                                     :ARG0 s3.i
                                                     :ARG1 (s3.t / thing
                                                                 :degree-of (s3.r / rely-01
                                                                                  :ARG0 s3.i
                                                                                  :ARG1 (s3.p / person
                                                                                              :mod (s3.o / other))
                                                                                  :ARG2 (s3.e / everything
                                                                                              :degree (s3.p2 / pretty-much)
                                                                                              :subevent-of (s3.l / live-01
                                                                                                                 :ARG0 s3.i))))
                                                     :manner (s3.a2 / acute)))))
   :snt4 (s4.a / and
               :op2 (s4.p / possible-01
                          :ARG1 (s4.s / scary-03
                                      :ARG0 (s4.t / that
                                                  :same-as s3.r)
                                      :degree (s4.l / little)
                                      :mod (s4.e / even))
                          :time (s4.d / day
                                      :quant (s4.s2 / some))))
   :snt5 (s5.c3 / contrast-01
                :rel (s5.b / be-located-at-91
                           :purpose (s5.t / talk-01
                                          :ARG0 (s5.i / i
                                                      :same-as s2.i)
                                          :ARG1 (s5.i3 / infrastructure
                                                       :ARG1-of (s5.p2 / powerful-02
                                                                       :degree (s5.e2 / extreme))
                                                       :ARG1-of (s5.a / actual-02)
                                                       :ARG1-of (s5.e / encounter-01
                                                                      :purpose (s5.h3 / help-01
                                                                                      :ARG0 (s5.w / we)
                                                                                      :ARG1 (s5.h2 / heal-01
                                                                                                   :ARG1 (s5.s3 / some
                                                                                                                :ARG1-of (s5.i2 / include-91
                                                                                                                                :ARG2 (s5.i5 / issue-02
                                                                                                                                             :ARG0 (s5.c / city)
                                                                                                                                             :ARG1 s5.w
                                                                                                                                             :ARG1-of (s5.h / have-degree-91
                                                                                                                                                            :ARG2 (s5.d / deep-02
                                                                                                                                                                        :ARG1 s5.i5)
                                                                                                                                                            :ARG3 (s5.m / most)))))))
                                                                      :ARG0 s5.w
                                                                      :ARG1-of (s5.a2 / actual-02)
                                                                      :ARG1-of (s5.p / possible-01)
                                                                      :condition (s5.a3 / apply-02
                                                                                        :ARG0 s5.w
                                                                                        :ARG1 (s5.c2 / collaborate-01
                                                                                                     :mod (s5.s4 / source
                                                                                                                 :ARG1-of (s5.o / open-04)))))
                                                       :domain (s5.i4 / interdependence
                                                                      :ARG1-of (s5.s / same-01))
                                                       :mod (s5.s2 / society))
                                          :ARG2 (s5.y / you)
                                          :time (s5.t2 / today))
                           :ARG1 s5.i
                           :ARG2 (s5.h4 / here)))
   :snt6 (s6.r / read-01
               :ARG0 (s6.i / i
                           :same-as s2.i)
               :ARG1 (s6.a2 / article
                            :source (s6.p / person
                                          :name (s6.n2 / name
                                                       :op1 "Michael"
                                                       :op2 "Pollan")
                                          :ARG0-of (s6.w2 / write-01)
                                          :ARG0-of (s6.a / argue-01
                                                         :ARG1 (s6.i2 / include-91
                                                                      :ARG1 (s6.g2 / grow-03
                                                                                   :ARG0 (s6.w / we)
                                                                                   :ARG1 (s6.f / food
                                                                                               :quant (s6.s / some
                                                                                                            :mod (s6.e2 / even))
                                                                                               :poss s6.w))
                                                                      :ARG2 (s6.t2 / thing
                                                                                   :ARG1-of (s6.h / have-degree-91
                                                                                                  :ARG2 (s6.g / good-02
                                                                                                              :ARG1 s6.t2)
                                                                                                  :ARG3 (s6.m / most))
                                                                                   :ARG1-of (s6.d / do-02
                                                                                                  :ARG0 s6.w
                                                                                                  :ARG1-of (s6.p2 / possible-01)
                                                                                                  :ARG2 (s6.e / environment)))))
                                          :mod (s6.n3 / newspaper
                                                      :name (s6.n / name
                                                                  :op1 "New"
                                                                  :op2 "York"
                                                                  :op3 "Times"))))
               :time (s6.b / before
                           :quant (s6.c / couple
                                        :op1 (s6.t / temporal-quantity
                                                   :unit (s6.y / year)
                                                   :quant "1"))
                           :op1 (s6.n4 / now)))
   :snt7 (s7.a / and
               :op1 (s7.m / middle
                          :part-of (s7.w / winter))
               :op2 (s7.h / have-03
                          :ARG0 (s7.i / i
                                      :same-as s2.i)
                          :ARG1 (s7.r2 / room
                                       :purpose (s7.d2 / dirt
                                                       :quant (s7.l / lot)))
                          :location (s7.a2 / apartment
                                           :location (s7.c / city
                                                           :name (s7.n / name
                                                                       :op1 "New"
                                                                       :op2 "York"
                                                                       :op3 "City"))
                                           :poss s7.i)
                          :mod (s7.d / definite)
                          :polarity "-")
               :time (s7.r / read-01
                           :ARG0 s7.i
                           :ARG1 (s7.t / this)))
   :snt8 (s8.w2 / will-02
                :ARG0 (s8.i / i
                            :same-as s2.i)
                :ARG1 (s8.s / settle-02
                            :ARG0 s8.i
                            :ARG3 (s8.a2 / and
                                         :op1 (s8.r / read-01
                                                    :ARG0 s8.i
                                                    :ARG1 (s8.m / magazine
                                                                :name (s8.n / name
                                                                            :op1 "Wired")
                                                                :mod (s8.n2 / next))
                                                    :mod (s8.j / just))
                                         :op2 (s8.f2 / find-out-03
                                                     :ARG0 s8.i
                                                     :ARG1 (s8.t / thing
                                                                 :manner-of (s8.f / figure-out-05
                                                                                  :ARG0 (s8.p / person
                                                                                              :ARG1-of (s8.e / expert-01))
                                                                                  :ARG1 (s8.t2 / thing
                                                                                               :manner-of (s8.s2 / solve-01
                                                                                                                 :ARG0 s8.p
                                                                                                                 :ARG1 (s8.p2 / problem
                                                                                                                              :mod (s8.t3 / this)
                                                                                                                              :mod (s8.a / all))
                                                                                                                 :beneficiary (s8.w / we)
                                                                                                                 :time (s8.f3 / future))))))))
                :mod (s8.b / basic))
   :snt9 (s9.c2 / contrast-01
                :ARG2 (s9.p3 / point-04
                             :ARG0 (s9.p / person
                                         :name (s9.n / name
                                                     :op1 "Michael"
                                                     :op2 "Pollan")
                                         :same-as s6.n3)
                             :ARG1 (s9.c / cause-01
                                         :ARG0 (s9.w / we)
                                         :ARG1 (s9.m / mess-up-02
                                                     :ARG1-of (s9.s / see-01
                                                                    :ARG0 s9.w
                                                                    :topic (s9.s3 / system
                                                                                  :mod (s9.f / food)))
                                                     :mod (s9.k / kind))
                                         :time (s9.h / hand-over-02
                                                     :ARG0 s9.w
                                                     :ARG1 (s9.r / responsible-03
                                                                 :ARG1 (s9.t / thing
                                                                             :mod (s9.t3 / this)
                                                                             :mod (s9.a2 / all)))
                                                     :ARG2 (s9.p2 / person
                                                                  :ARG0-of (s9.s2 / specialize-01))))
                             :ARG1-of (s9.a / actual-02)
                             :location (s9.a3 / article
                                              :mod (s9.t2 / this)
                                              :same-as s7.t)
                             :mod (s9.e / exact))
                :rel (s9.p4 / precise))
   :snt10 (s10.h / happen-02
                 :ARG1 (s10.k / know-01
                              :ARG0 (s10.i / i
                                           :same-as s2.i)
                              :ARG1 (s10.b / bit
                                           :mod (s10.l / little)
                                           :topic (s10.u / use-01
                                                         :ARG0 (s10.r / research-institute
                                                                      :name (s10.n / name
                                                                                   :op1 "NASA"))
                                                         :ARG1 (s10.h2 / hydroponics)
                                                         :ARG2 (s10.e / explore-01
                                                                      :ARG0 s10.r
                                                                      :ARG1 (s10.g / grow-03
                                                                                   :ARG1 (s10.f / food)
                                                                                   :location (s10.s / space)))))
                              :source (s10.w / work-01
                                             :ARG0 s10.i)))
   :snt11 (s11.a2 / and
                  :op2 (s11.p2 / possible-01
                               :ARG1 (s11.g / get-01
                                            :ARG0 (s11.y2 / you)
                                            :ARG1 (s11.y / yield-01
                                                         :mod (s11.n / nutrition)
                                                         :mod (s11.o / optimal))
                                            :ARG2 (s11.r2 / run-01
                                                          :ARG0 s11.y2
                                                          :ARG1 (s11.s / soil
                                                                       :mod (s11.l / liquid)
                                                                       :mod (s11.q / quality
                                                                                   :ARG1-of (s11.h / high-02))
                                                                       :mod (s11.k / kind))
                                                          :path (s11.o2 / over
                                                                        :op1 (s11.s2 / system
                                                                                     :mod (s11.r / root
                                                                                                 :part-of (s11.p / plant))))))
                               :ARG1-of (s11.a / actual-02)))
   :snt12 (s12.g / get-03
                 :ARG1 (s12.a / apartment
                              :poss (s12.i / i
                                           :same-as s2.i)
                              :same-as s7.a2)
                 :ARG2 (s12.h / have-degree-91
                              :ARG1 s12.a
                              :ARG2 (s12.f / foreign)
                              :ARG2-of (s12.b / be-located-at-91
                                              :ARG1 s12.a
                                              :ARG4 (s12.s / space
                                                           :mod (s12.o / outer)))
                              :ARG3 (s12.e / equal))
                 :rel (s12.p / plant
                             :mod (s12.v / vegetable))
                 :rel (s12.n / now))
   :snt13 (s13.c2 / contrast-01
                  :ARG2 (s13.p / possible-01
                               :ARG1 (s13.o / offer-01
                                            :ARG0 (s13.i / i
                                                         :same-as s2.i)
                                            :ARG1 (s13.a / and
                                                         :op1 (s13.l / light
                                                                     :quant (s13.s / some)
                                                                     :ARG1-of (s13.n / natural-03))
                                                         :op2 (s13.c3 / control-01
                                                                      :ARG0 s13.i
                                                                      :ARG1 (s13.c / climate)
                                                                      :time (s13.y / year))))))
   :snt14 (s14.h / have-03
                 :ARG0 (s14.w / we)
                 :ARG1 (s14.f / farm
                              :mod (s14.w2 / window)
                              :mod (s14.p / platform
                                          :purpose (s14.g / grow-03
                                                          :ARG1 (s14.f3 / food)
                                                          :location (s14.i / indoors))
                                          :manner (s14.v / vertical)
                                          :mod (s14.h2 / hydroponic)))
                 :ARG1-of (s14.f2 / fastforward-01
                                  :time (s14.a / after
                                               :quant (s14.t / temporal-quantity
                                                             :unit (s14.y / year)
                                                             :quant "2")))
                 :time (s14.n / now))
   :snt15 (s15.a / and
                 :op2 (s15.h / have-manner-91
                             :ARG1 (s15.w / work-09
                                          :ARG1 (s15.i2 / it))
                             :ARG2 (s15.p3 / pump
                                           :ARG0-of (s15.s / send-03
                                                           :ARG1 (s15.s2 / solution
                                                                         :quant (s15.s3 / some)
                                                                         :ARG1-of (s15.t4 / trickle-01
                                                                                          :ARG0-of (s15.c / cause-01
                                                                                                          :ARG1 (s15.i / involve-01
                                                                                                                       :ARG1 (s15.d / dirt)
                                                                                                                       :polarity "-"))
                                                                                          :ARG2 (s15.d2 / down)
                                                                                          :path (s15.s5 / system
                                                                                                        :ARG1-of (s15.s4 / suspend-01
                                                                                                                         :ARG2 (s15.s6 / system
                                                                                                                                       :consist-of (s15.c2 / clay)))
                                                                                                        :part-of (s15.r / root
                                                                                                                        :part-of (s15.p2 / plant)))
                                                                                          :time (s15.t / then))
                                                                         :mod (s15.n / nutrient)
                                                                         :mod (s15.l / liquid)
                                                                         :mod (s15.t2 / this))
                                                           :ARG2 (s15.t3 / top)
                                                           :ARG5 (s15.u / up)
                                                           :frequency (s15.p / periodic))
                                           :location (s15.b / bottom))))
   :snt16 (s16.c / cause-01
                 :ARG0 (s16.v / vary-01
                              :ARG1 (s16.a / and
                                           :op1 (s16.l / light)
                                           :op2 (s16.t / temperature))
                              :ARG3 (s16.m / microclimate
                                           :mod (s16.w / window
                                                       :mod (s16.e / each)))
                              :time (s16.n2 / now))
                 :ARG1 (s16.a2 / and
                               :op1 (s16.r / require-01
                                           :ARG0 (s16.f / farm
                                                        :mod (s16.w2 / window))
                                           :ARG1 (s16.p / person
                                                        :ARG0-of (s16.f2 / farm-01)))
                               :op2 (s16.o / obligate-01
                                           :ARG1 (s16.s / she
                                                        :same-as s16.p)
                                           :ARG2 (s16.d / decide-01
                                                        :ARG0 s16.s
                                                        :ARG1 (s16.a3 / and
                                                                      :op1 (s16.k / kind
                                                                                  :mod (s16.c2 / crop
                                                                                               :ARG1-of (s16.p2 / put-01
                                                                                                                :ARG0 s16.s
                                                                                                                :ARG2 s16.f)))
                                                                      :op2 (s16.t2 / truth-value
                                                                                   :polarity-of (s16.f3 / feed-01
                                                                                                        :ARG0 s16.s
                                                                                                        :ARG1 (s16.f4 / food
                                                                                                                      :poss s16.s)
                                                                                                        :ARG1-of (s16.n / natural-03))))))))
   :snt17 (s17.i / idea
                 :ARG0-of (s17.r / require-01
                                 :ARG1 (s17.t2 / test-01
                                               :quant (s17.l / lot)))
                 :domain (s17.f / farm-01
                                :mod (s17.w / window))
                 :mod (s17.c / complex
                             :mod (s17.t / technical))
                 :mod (s17.n / no-more-than)
                 :time (s17.t3 / time))
   :snt18 (s18.a / and
                 :op2 (s18.w / want-01
                             :ARG0 (s18.i / i
                                          :same-as s2.i)
                             :ARG1 (s18.p4 / project
                                           :ARG1-of (s18.o / open-04)
                                           :domain (s18.i4 / it
                                                           :same-as s17.f))
                             :ARG1-of (s18.r / real-04)
                             :ARG1-of (s18.c / cause-01
                                             :ARG0 (s18.a2 / and
                                                           :op1 (s18.i2 / include-91
                                                                        :ARG1 (s18.h3 / hydroponics)
                                                                        :ARG2 (s18.a4 / area
                                                                                      :ARG1-of (s18.g / grow-01
                                                                                                      :location (s18.c4 / country
                                                                                                                        :name (s18.n / name
                                                                                                                                     :op1 "United"
                                                                                                                                     :op2 "States"))
                                                                                                      :manner (s18.f / fast-02
                                                                                                                     :ARG2-of (s18.h2 / have-degree-91
                                                                                                                                      :ARG1 s18.g
                                                                                                                                      :ARG3 (s18.m / more))))
                                                                                      :mod (s18.p / patent-01))
                                                                        :time (s18.n3 / now
                                                                                      :mod (s18.r3 / right)))
                                                           :op2 (s18.p3 / possible-01
                                                                        :ARG1 (s18.b / become-01
                                                                                     :ARG1 s18.h3
                                                                                     :ARG2 (s18.a5 / area
                                                                                                   :ARG1-of (s18.r2 / resemble-01
                                                                                                                    :ARG2 (s18.c2 / company
                                                                                                                                  :name (s18.n2 / name
                                                                                                                                                :op1 "Monsanto")
                                                                                                                                  :location-of (s18.h / have-03
                                                                                                                                                      :ARG0 (s18.w3 / we)
                                                                                                                                                      :ARG1 (s18.p5 / property
                                                                                                                                                                    :quant (s18.l / lot)
                                                                                                                                                                    :mod (s18.i3 / intellectual)
                                                                                                                                                                    :mod (s18.c3 / corporate)
                                                                                                                                                                    :prep-in (s18.w2 / way
                                                                                                                                                                                     :mod (s18.f2 / food
                                                                                                                                                                                                  :poss (s18.p2 / person)))))))
                                                                                                   :mod (s18.a3 / another))))))))
   :snt19 (s19.c / cause-01
                 :ARG1 (s19.d / decide-01
                              :ARG0 (s19.i / i
                                           :same-as s2.i)
                              :ARG1 (s19.d3 / do-02
                                            :ARG0 s19.i
                                            :ARG1 (s19.o / open-up-03
                                                         :ARG0 s19.i
                                                         :ARG1 (s19.t / this
                                                                      :same-as s17.f)
                                                         :ARG3 (s19.p / person
                                                                      :quant (s19.b / bunch
                                                                                    :mod (s19.w / whole))
                                                                      :ARG0-of (s19.d2 / develop-02)))
                                            :ARG1-of (s19.i2 / instead-of-91
                                                             :ARG2 (s19.c2 / create-01
                                                                           :ARG0 s19.i
                                                                           :ARG1 (s19.p2 / product))))))
   :snt20 (s20.w2 / work-09
                  :ARG1 (s20.s / system
                               :quant (s20.f / few)
                               :ARG1-of (s20.c / create-01
                                               :ARG0 (s20.w / we))
                               :ord (s20.o / ordinal-entity
                                           :value "1"))
                  :degree (s20.k / kind-of))
   :snt21 (s21.p / possible-01
                 :ARG1 (s21.g / grow-03
                              :ARG0 (s21.w / we
                                           :same-as s20.w)
                              :ARG1 (s21.r / rate-entity-91
                                           :ARG1 (s21.a / about
                                                        :op1 (s21.s / salad))
                                           :ARG2 (s21.t / temporal-quantity
                                                        :unit (s21.w2 / week)
                                                        :quant "1"))
                              :ARG1-of (s21.a2 / actual-02)
                              :location (s21.w3 / window
                                                :ARG1-of (s21.t2 / typical-02)
                                                :location (s21.a3 / apartment
                                                                  :location (s21.c / city
                                                                                   :name (s21.n / name
                                                                                                :op1 "New"
                                                                                                :op2 "York"
                                                                                                :op3 "City")
                                                                                   :same-as s7.c)))))
   :snt22 (s22.a2 / and
                  :op2 (s22.p / possible-01
                              :ARG1 (s22.g / grow-03
                                           :ARG0 (s22.w / we
                                                        :same-as s20.w)
                                           :ARG1 (s22.a3 / and
                                                         :op1 (s22.t / tomato
                                                                     :mod (s22.c / cherry))
                                                         :op2 (s22.v / vegetable)
                                                         :op3 (s22.s / stuff
                                                                     :mod (s22.k / kind
                                                                                 :mod (s22.a / all)))))))
   :snt23 (s23.c / contrast-01
                 :ARG2 (s23.s / system
                              :quant (s23.f / few)
                              :ARG0-of (s23.l / leak-01)
                              :ARG0-of (s23.g / guzzle-01
                                              :ARG1 (s23.p2 / power)
                                              :mod (s23.l2 / loud))
                              :ARG1-of (s23.a / approve-01
                                              :ARG0 (s23.p / person
                                                           :name (s23.n / name
                                                                        :op1 "Martha"
                                                                        :op2 "Stewart"))
                                              :mod (s23.d / definite)
                                              :time (s23.e / ever)
                                              :polarity "-")
                              :mod (s23.t / this)
                              :ord (s23.o / ordinal-entity
                                          :value "1"
                                          :same-as s20.s)))
   :snt24 (s24.a / and
                 :purpose (s24.b / bring-on-06
                                 :ARG0 (s24.w / we
                                              :same-as s20.w)
                                 :ARG1 (s24.p / person
                                              :ARG0-of (s24.d2 / develop-02)
                                              :mod (s24.m2 / more)))
                 :op1 (s24.c / create-01
                             :ARG0 s24.w
                             :ARG1 (s24.s / site
                                          :medium-of (s24.p3 / publish-01
                                                             :ARG0 s24.w
                                                             :ARG1 (s24.d / design-01))
                                          :mod (s24.m / media
                                                      :mod (s24.s3 / social))))
                 :op2 (s24.e3 / explain-01
                              :ARG0 s24.w
                              :ARG1 (s24.t / thing
                                           :manner-of (s24.w2 / work-09
                                                              :ARG1 s24.d)))
                 :op3 (s24.g / go-06
                             :ARG0 s24.w
                             :ARG1-of (s24.h / have-degree-91
                                             :ARG2 (s24.f / far)
                                             :ARG3 (s24.s2 / so)
                                             :ARG6 (s24.p2 / point-out-02
                                                           :ARG0 s24.w
                                                           :ARG1 (s24.e2 / everything
                                                                         :ARG1-of (s24.w3 / wrong-02
                                                                                          :ARG2 (s24.s4 / system
                                                                                                        :mod (s24.t2 / this)
                                                                                                        :same-as s20.s)))))
                             :mod (s24.e / even)))
   :snt25 (s25.a2 / and
                  :op1 (s25.i / invite-01
                              :ARG0 (s25.w / we
                                           :same-as s20.w)
                              :ARG1 (s25.p / person
                                           :location (s25.a / all-over
                                                            :op1 (s25.w2 / world)))
                              :ARG2 (s25.a3 / and
                                            :op1 (s25.b / build-01
                                                        :ARG0 s25.p
                                                        :ARG1 (s25.t2 / they
                                                                      :same-as s20.s))
                                            :op2 (s25.e / experiment-01
                                                        :ARG0 s25.p
                                                        :ARG2 s25.w))
                              :time (s25.t / then)))
   :snt26 (s26.h / have-03
                 :ARG0 (s26.w / we
                              :same-as s20.w)
                 :ARG1 (s26.p / person
                              :quant "18")
                 :ARG1-of (s26.a / actual-02)
                 :location (s26.w2 / website
                                   :mod (s26.t / this))
                 :time (s26.n / now))
   :snt27 (s27.a2 / and
                  :op2 (s27.h / have-03
                              :ARG0 (s27.w / we
                                           :same-as s20.w)
                              :ARG1 (s27.f / farm
                                           :mod (s27.w2 / window))
                              :location (s27.a / all-over
                                               :op1 (s27.w3 / world
                                                            :same-as s25.w2))))
   :snt28 (s28.d2 / do-02
                  :ARG0 (s28.w / we
                               :same-as s20.w)
                  :ARG1 (s28.t / thing
                               :ARG1-of (s28.c / call-01
                                               :ARG0 (s28.o / or
                                                            :op1 (s28.r3 / research-institute
                                                                         :name (s28.n / name
                                                                                      :op1 "NASA")
                                                                         :same-as s10.r)
                                                            :op2 (s28.c2 / corporation
                                                                         :mod (s28.l / large)))
                                               :ARG2 (s28.o2 / or
                                                             :op1 (s28.r / research-01)
                                                             :op2 (s28.r2 / research-01)
                                                             :op3 (s28.d / develop-02)))))
   :snt29 (s29.c3 / contrast-01
                  :ARG2 (s29.o / or
                               :op1 (s29.c / call-01
                                           :ARG0 (s29.w / we
                                                        :same-as s20.w)
                                           :ARG1 (s29.i / it
                                                        :same-as s28.d2)
                                           :ARG2 (s29.c2 / camp))
                               :op2 (s29.a / and
                                           :op1 (s29.r / research-01
                                                       :ARG0 (s29.y / you)
                                                       :ARG1 s29.i)
                                           :op2 (s29.d / develop-02
                                                       :ARG0 s29.y
                                                       :ARG1 s29.i))))
   :snt30 (s30.e / exemplify-01
                 :ARG0 (s30.a2 / and
                               :op1 (s30.c / come-along-19
                                           :ARG1 (s30.p / person
                                                        :name (s30.n / name
                                                                     :op1 "Jackson")))
                               :op2 (s30.s / suggest-01
                                           :ARG0 s30.p
                                           :ARG1 (s30.u / use-01
                                                        :ARG0 (s30.w2 / we
                                                                      :same-as s20.w)
                                                        :ARG1 (s30.p2 / pump-01
                                                                      :ARG2 (s30.a / air))
                                                        :ARG1-of (s30.i / instead-of-91
                                                                        :ARG2 (s30.u2 / use-01
                                                                                      :ARG0 s30.w2
                                                                                      :ARG1 (s30.t / thing
                                                                                                   :ARG1 (s30.w / water)))))
                                           :ARG2 s30.w2)))
   :snt31 (s31.c2 / contrast-01
                  :ARG1 (s31.t / take-10
                               :ARG0 (s31.g / get-04
                                            :ARG1 (s31.r / right-06
                                                         :ARG1 (s31.i / it)
                                                         :ARG2 (s31.w / we
                                                                      :same-as s20.w)))
                               :ARG1 (s31.b / build-01
                                            :ARG0 s31.w
                                            :ARG1 (s31.s / system
                                                         :quant (s31.b2 / bunch
                                                                        :mod (s31.w2 / whole)))))
                  :ARG2 (s31.p / possible-01
                               :ARG1 (s31.c3 / cut-02
                                             :ARG0 s31.w
                                             :ARG1 (s31.f / footprint
                                                          :mod (s31.c / carbon)
                                                          :poss s31.w)
                                             :ARG2 (s31.h / half)
                                             :mod (s31.n / near))
                               :time s31.r))
   :snt32 (s32.a / and
                 :op1 (s32.t / take-on-09
                             :ARG0 (s32.p / person
                                          :name (s32.n / name
                                                       :op1 "Tony")
                                          :location (s32.c2 / city
                                                            :name (s32.n2 / name
                                                                          :op1 "Chicago")))
                             :ARG1 (s32.e / experiment-01
                                          :ARG1 (s32.g2 / grow-03))
                             :ARG1-of (s32.r / resemble-01
                                             :ARG2 (s32.p2 / person
                                                           :quant (s32.l2 / lot)
                                                           :ARG0-of (s32.f / farm-01
                                                                           :location (s32.w / window))
                                                           :mod (s32.o2 / other))))
                 :op2 (s32.p3 / possible-01
                              :ARG1 (s32.g / get-05
                                           :ARG0 s32.p
                                           :ARG1 (s32.t3 / tomato
                                                         :poss s32.p)
                                           :ARG2 (s32.f2 / fruit)
                                           :condition (s32.c3 / condition
                                                              :mod (s32.l / light
                                                                          :ARG1-of (s32.l3 / low-04)))
                                           :duration (s32.t2 / temporal-quantity
                                                             :part-of (s32.y / year)
                                                             :unit (s32.m / month)
                                                             :quant "9")
                                           :manner (s32.c / change-01
                                                          :ARG0 s32.p
                                                          :ARG1 (s32.n3 / nutrient
                                                                        :mod (s32.o / organic))
                                                          :ARG1-of (s32.s / simple-02)))))
   :snt33 (s33.a / and
                 :op2 (s33.c2 / customize-01
                              :purpose (s33.d2 / day
                                               :ARG1-of (s33.d / dark-03)
                                               :part-of (s33.w3 / winter
                                                                :location (s33.c / country
                                                                                 :name (s33.n / name
                                                                                              :op1 "Finland"))))
                              :ARG0 (s33.p / person
                                           :ARG0-of (s33.f2 / farm-01
                                                            :ARG1 (s33.w / window))
                                           :location s33.c)
                              :ARG1 (s33.f / farm
                                           :mod (s33.w2 / window)
                                           :poss s33.p)
                              :manner (s33.o2 / outsource-01
                                              :ARG0 s33.p
                                              :ARG1 s33.f
                                              :ARG2 (s33.l / light
                                                           :purpose (s33.g / grow-03)
                                                           :ARG0-of (s33.l2 / light-04
                                                                            :mod (s33.e / electronics))
                                                           :ARG1-of (s33.m / make-01
                                                                           :ARG0 s33.p
                                                                           :part-of (s33.p2 / project)
                                                                           :time (s33.n2 / now))
                                                           :mod (s33.s / source
                                                                       :ARG1-of (s33.o / open-01))))))
   :snt34 (s34.i / infer-01
                 :ARG1 (s34.e / evolve-01
                              :ARG1 (s34.f / farm
                                           :mod (s34.w / window))
                              :path (s34.p / process-02
                                           :ARG1 (s34.v / version)
                                           :ARG1-of (s34.r2 / resemble-01
                                                            :ARG2 (s34.s / software))
                                           :manner (s34.r / rapid))))
   :snt35 (s35.a / and
                 :op2 (s35.b / benefit-01
                             :ARG0 (s35.i / interact-01
                                          :ARG1 (s35.c / concern-01
                                                       :ARG0 (s35.p2 / person
                                                                     :mod (s35.w / war
                                                                                 :purpose (s35.c3 / concern-01
                                                                                                  :ARG1 s35.p2
                                                                                                  :mod (s35.p / particular))))
                                                       :ARG1 (s35.s3 / system
                                                                     :poss s35.p2)
                                                       :ARG1-of (s35.s2 / specific-02))
                                          :ARG2 (s35.c2 / concern-01
                                                        :mod (s35.u / universal)))
                             :ARG1-of (s35.r / real-04)
                             :topic (s35.p3 / project
                                            :mod (s35.s / source
                                                        :ARG1-of (s35.o / open-01))
                                            :mod (s35.e / every))))
   :snt36 (s36.c / cause-01
                 :ARG1 (s36.p / possible-01
                              :ARG1 (s36.c2 / concentrate-01
                                            :ARG0 (s36.a / and
                                                         :op1 (s36.t / team
                                                                     :ARG1-of (s36.c3 / core-02)
                                                                     :poss (s36.i / i
                                                                                  :same-as s2.i))
                                                         :op2 s36.i)
                                            :ARG1 (s36.i2 / improve-01
                                                          :ARG0 s36.i
                                                          :ARG0-of (s36.b / benefit-01
                                                                          :ARG1 (s36.e / everyone)
                                                                          :ARG1-of (s36.r / real-04))))))
   :snt37 (s37.a / and
                 :op2 (s37.p2 / possible-01
                              :ARG1 (s37.l / look-out-08
                                           :ARG0 (s37.w / we
                                                        :same-as s20.w)
                                           :ARG1 (s37.n / need-01
                                                        :ARG0 (s37.p / person
                                                                     :ARG1-of (s37.n2 / new-01))))))
   :snt38 (s38.c / cause-01
                 :ARG1 (s38.p3 / provide-01
                               :purpose (s38.p2 / possible-01
                                                :ARG1 (s38.b / build-01
                                                             :ARG0 (s38.a / anyone
                                                                          :location (s38.a2 / anywhere
                                                                                            :location (s38.a3 / around
                                                                                                              :op1 (s38.w3 / world
                                                                                                                           :same-as s25.w2))))
                                                             :ARG1 (s38.s / system
                                                                          :ARG1-of (s38.i / include-91
                                                                                          :ARG2 (s38.s2 / system
                                                                                                        :mod (s38.t2 / this)
                                                                                                        :same-as s20.s))
                                                                          :quant "1")
                                                             :ARG1-of (s38.f2 / free-03)))
                               :ARG0 (s38.w / we
                                            :same-as s20.w)
                               :ARG1 (s38.i2 / instruction
                                             :ARG1-of (s38.t / test-01
                                                             :mod (s38.w2 / well
                                                                          :degree (s38.v / very)))
                                             :ARG1-of (s38.f / free-03))
                               :ARG2 (s38.p / person))
                 :rel (s38.d / do-02
                             :ARG0 s38.p
                             :ARG1 (s38.i3 / it)
                             :ARG3 (s38.y / you)))
   :snt39 (s39.a / and
                 :op2 (s39.p2 / pend-01
                              :ARG1 (s39.p / patent-01
                                           :ARG1 (s39.s / system
                                                        :mod (s39.t / this)
                                                        :same-as s20.s)
                                           :ARG1-of (s39.h / hold-01
                                                           :ARG0 (s39.c / community)))
                              :mod (s39.a2 / as-well)))
   :snt40 (s40.a / and
                 :op2 (s40.p / partner-01
                             :purpose (s40.f / fund-01
                                             :ARG0 (s40.w / we
                                                          :same-as s20.w)
                                             :ARG1 (s40.p3 / project
                                                           :same-as s33.p2))
                             :ARG0 s40.w
                             :ARG3 (s40.c / create-01
                                          :ARG0 s40.w
                                          :ARG1 (s40.p2 / product
                                                        :ARG1-of (s40.s2 / sell-01
                                                                         :ARG0 s40.w
                                                                         :ARG2 (s40.a2 / and
                                                                                       :op1 (s40.s / school)
                                                                                       :op2 (s40.i / individual
                                                                                                   :ARG0-of (s40.h / have-03
                                                                                                                   :ARG1 (s40.t2 / time
                                                                                                                                 :purpose (s40.b / build-01
                                                                                                                                                 :ARG0 s40.i
                                                                                                                                                 :ARG1 (s40.s3 / system
                                                                                                                                                               :poss s40.i)))
                                                                                                                   :polarity "-")))
                                                                         :time (s40.t / then))))))
   :snt41 (s41.a / appear-01
                 :ARG1 (s41.c3 / culture
                               :mod (s41.c / certain))
                 :location (s41.c2 / community
                                   :poss (s41.w / we)
                                   :same-as s39.c)
                 :time (s41.n / now))
   :snt42 (s42.h / have-degree-91
                 :ARG2 (s42.g / good-02
                              :ARG1 (s42.p / person
                                           :ARG0-of (s42.t / test-01)
                                           :ARG0-of (s42.s2 / support-01
                                                            :ARG1 (s42.i / idea
                                                                         :poss (s42.s / someone
                                                                                      :mod (s42.e / else))))))
                 :ARG3 (s42.m / more)
                 :ARG4 (s42.p2 / person
                               :mod (s42.j / just)
                               :mod (s42.g2 / guy
                                            :mod (s42.i2 / idea)))
                 :location (s42.c / culture
                                  :poss (s42.w / we)
                                  :same-as s41.c3))
   :snt43 (s43.g / get-01
                 :ARG0 (s43.w / we)
                 :ARG1 (s43.a2 / and
                               :op1 (s43.s2 / support-01
                                            :ARG0 (s43.w2 / work-01
                                                          :ARG0 s43.w)
                                            :ARG1 s43.w)
                               :op2 (s43.e3 / experience-01
                                            :ARG0 s43.w
                                            :ARG1 (s43.c / contribute-01
                                                         :ARG0 s43.w
                                                         :ARG1-of (s43.a / actual-02)
                                                         :ARG2 (s43.m / movement-07
                                                                      :ARG1 (s43.e / environment))
                                                         :ARG2-of (s43.e2 / except-01
                                                                          :ARG1 (s43.s / screw-02
                                                                                       :ARG0 s43.w
                                                                                       :ARG1 (s43.b / bulb
                                                                                                    :ARG0-of (s43.l / light-04)
                                                                                                    :ARG1-of (s43.n / new-01))
                                                                                       :mod (s43.j / just))))))
                 :ARG2 (s43.p / project
                              :mod (s43.t / this)
                              :same-as s33.p2))
   :snt44 (s44.c2 / contrast-01
                  :ARG2 (s44.t2 / think-01
                                :ARG0 (s44.i / i
                                             :same-as s2.i)
                                :ARG1 (s44.e / express-01
                                             :ARG0 (s44.p / person
                                                          :name (s44.n / name
                                                                       :op1 "Eileen")
                                                          :same-as s2.i)
                                             :ARG1 (s44.t / thing
                                                          :ARG1-of (s44.g / get-01
                                                                          :ARG0 (s44.w / we)
                                                                          :ARG1-of (s44.r / real-04)
                                                                          :ARG2 (s44.t3 / this))
                                                          :domain (s44.j / joy
                                                                         :ARG1-of (s44.a / actual-02)
                                                                         :mod (s44.c / collaborate-01)))
                                             :ARG1-of (s44.h / have-degree-91
                                                             :ARG2 (s44.g2 / good-02
                                                                           :ARG1 s44.e)
                                                             :ARG3 (s44.m / most)))))
   :snt45 (s45.c / cause-01
                 :ARG1 (s45.e / express-01
                              :ARG0 (s45.s2 / she
                                            :same-as s2.i)
                              :ARG1 (s45.t3 / thing
                                            :ARG1-of (s45.r / resemble-01
                                                            :ARG2 (s45.s / see-01
                                                                         :ARG0 (s45.y / you)
                                                                         :ARG1 (s45.a3 / and
                                                                                       :op1 (s45.t / take-01
                                                                                                   :ARG0 (s45.s3 / someone
                                                                                                                 :location (s45.a2 / across
                                                                                                                                   :extent (s45.h / halfway)
                                                                                                                                   :op1 (s45.w / world
                                                                                                                                               :same-as s25.w2)))
                                                                                                   :ARG1 (s45.i / idea
                                                                                                                :poss s45.y))
                                                                                       :op2 (s45.b / build-01
                                                                                                   :ARG0 s45.s3
                                                                                                   :ARG1 s45.i)
                                                                                       :op3 (s45.a / acknowledge-01
                                                                                                   :ARG0 s45.s3
                                                                                                   :ARG1 s45.y
                                                                                                   :ARG2 (s45.c2 / contribute-01
                                                                                                                 :ARG0 s45.y)
                                                                                                   :time (s45.t2 / then))))))
                              :location (s45.h2 / here)))
   :snt46 (s46.p5 / possible-01
                  :ARG1 (s46.n / need-01
                               :ARG0 (s46.w2 / we)
                               :ARG1 (s46.a3 / and
                                             :op1 (s46.d / ditch-01
                                                         :ARG0 s46.w2
                                                         :ARG1 (s46.t2 / term-01
                                                                       :ARG1 (s46.p3 / person
                                                                                     :domain (s46.p / person
                                                                                                    :ARG0-of (s46.c2 / consume-01)))))
                                             :op2 (s46.g / get-05
                                                         :ARG1 s46.w2
                                                         :ARG2 (s46.b2 / behind
                                                                       :op1 (s46.p4 / person
                                                                                    :ARG0-of (s46.d2 / do-02
                                                                                                     :ARG1 (s46.s2 / stuff))))))
                               :mod (s46.j / just))
                  :condition (s46.w / want-01
                                    :ARG1 (s46.s / see-01
                                                 :ARG0 s46.w2
                                                 :ARG1 (s46.c / change-01
                                                              :ARG1 (s46.b / behave-01
                                                                           :ARG0 s46.p)
                                                              :ARG1-of (s46.w3 / wide-02)
                                                              :ARG1-of (s46.t / talk-01
                                                                              :ARG0 s46.w2
                                                                              :ARG2 (s46.a2 / and
                                                                                            :op1 (s46.e / environmentalist)
                                                                                            :op2 (s46.p2 / person
                                                                                                         :mod (s46.f / food)))
                                                                              :mod (s46.a / all))
                                                              :mod (s46.k / kind)))
                                    :ARG1-of (s46.r / real-04)))
   :snt47 (s47.t / tend-02
                 :ARG1 (s47.p / project
                              :mod (s47.s / source
                                          :ARG1-of (s47.o / open-01)))
                 :ARG2 (s47.h / have-03
                              :ARG0 s47.p
                              :ARG1 (s47.m / momentum
                                           :ARG1-of (s47.o2 / own-01
                                                            :ARG0 s47.p))))
   :snt48 (s48.a / and
                 :op2 (s48.s / see-01
                             :ARG0 (s48.w / we)
                             :ARG1 (s48.c / company
                                          :name (s48.n / name
                                                       :op1 "i"))
                             :ARG2 (s48.m / move-01
                                          :ARG0 s48.c
                                          :ARG2 (s48.b / beyond
                                                       :op1 (s48.a2 / and
                                                                    :mod (s48.j / just)
                                                                    :op1 (s48.f / farm
                                                                                :mod (s48.w2 / window))
                                                                    :op2 (s48.b2 / bulb
                                                                                 :ARG0-of (s48.l / light-04)
                                                                                 :mod (s48.f2 / fluorescent))))
                                          :ARG2 (s48.a3 / and
                                                        :op1 (s48.p / panel
                                                                    :mod (s48.s2 / sun))
                                                        :op2 (s48.s3 / system
                                                                     :mod (s48.a4 / aquaponic))))))
   :snt49 (s49.a / and
                 :op2 (s49.b2 / build-01
                              :ARG0 (s49.w / we)
                              :ARG1 (s49.i / innovate-01
                                           :ARG0 (s49.g / generation
                                                        :ARG0-of (s49.g2 / go-06
                                                                         :time (s49.b / before
                                                                                      :op1 s49.w))))))
   :snt50 (s50.a2 / and
                  :op2 (s50.l2 / look-01
                               :ARG0 (s50.w / we
                                            :same-as s49.w)
                               :ARG1 (s50.g / generation
                                            :ARG0-of (s50.n / need-01
                                                            :ARG1 (s50.r2 / revamp-01
                                                                          :ARG0 s50.w
                                                                          :ARG1 (s50.l / life
                                                                                       :poss s50.g)
                                                                          :time (s50.n2 / now))
                                                            :degree (s50.r / really)))
                               :direction (s50.a / ahead)))
   :snt51 (s51.c / cause-01
                 :ARG1 (s51.a3 / ask-02
                               :ARG0 (s51.w / we)
                               :ARG1 (s51.a2 / and
                                             :op1 (s51.j / join-04
                                                         :ARG0 (s51.y / you)
                                                         :ARG1 s51.w
                                                         :ARG2 (s51.d2 / discover-01
                                                                       :ARG1 (s51.v / value-01
                                                                                    :ARG1 (s51.u / unite-01
                                                                                                 :ARG1 (s51.c2 / citizen)))))
                                             :op2 (s51.d / declare-02
                                                         :ARG0 s51.y
                                                         :ARG1 (s51.p / pioneer-01
                                                                      :ARG0 s51.w
                                                                      :time (s51.s / still))))
                               :ARG2 s51.y)
                 :rel (s51.i / include-91
                             :ARG2 s51.w
                             :ARG3 (s51.a / all))))

