# ::id doc-71
# ::doc_file doc-71
# ::tok http : / / www . ted . com / talks / thomas_dolby_and_rachelle_garniez< / url> <next_sent> Thomas Dolby : For pure pleasure please welcome the lovely , the delectable , and the bilingual Rachelle Garniez .
(d / document
   :snt1 (s1.u / url-entity
               :topic (s1.t / talk-01
                            :mod (s1.n / narcotic)))
   :snt2 (s2.s / say-01
               :ARG1 (s2.w / welcome-01
                           :purpose (s2.p3 / pleasure
                                           :ARG1-of (s2.p4 / pure-02))
                           :ARG0 (s2.y / you)
                           :ARG1 (s2.a / and
                                       :op1 (s2.l / lovely)
                                       :op2 (s2.w2 / wonderful-03)
                                       :op3 (s2.p2 / person
                                                   :name (s2.n2 / name
                                                                :op1 "Rachelle"
                                                                :op2 "Garniez")
                                                   :mod (s2.b / bilingual)))
                           :mode "imperative"
                           :polite "+")
               :ARG2 (s2.p / person
                           :name (s2.n / name
                                       :op1 "Thomas"
                                       :op2 "Dolby"))))

