# ::id doc-174
# ::doc_file doc-174
# ::tok http : / / www . ted . com / talks / jae_rhim_lee< / url> <next_sent> So I 'm here to explain why I 'm wearing these ninja pajamas . <next_sent> And to do that , I 'd like to talk first about environmental toxins in our bodies . <next_sent> So some of you may know about the chemical Bisphenol A , BPA . <next_sent> It 's a material hardener and synthetic estrogen that 's found in the lining of canned foods and some plastics . <next_sent> So BPA mimics the body 's own hormones and causes neurological and reproductive problems . <next_sent> And it 's everywhere . <next_sent> A recent study found BPA in 93 percent of people six and older . <next_sent> But it 's just one chemical . <next_sent> The Center for Disease Control in the U.S. <next_sent> says we have 219 toxic pollutants in our bodies , and this includes preservatives , pesticides and heavy metals like lead and mercury . <next_sent> To me , this says three things . <next_sent> First , do n't become a cannibal . <next_sent> Second , we are both responsible for and the victims of our own pollution . <next_sent> And third , our bodies are filters and storehouses for environmental toxins . <next_sent> So what happens to all these toxins when we die ? <next_sent> The short answer is : They return to the environment in one way or another , continuing the cycle of toxicity . <next_sent> But our current funeral practices make the situation much worse . <next_sent> If you 're cremated , all those toxins I mentioned are released into the atmosphere . <next_sent> And this includes 5,000 pounds of mercury from our dental fillings alone every year . <next_sent> And in a traditional American funeral , a dead body is covered with fillers and cosmetics to make it look alive . <next_sent> So by trying to preserve our dead bodies , we deny death , poison the living and further harm the environment . <next_sent> Green or natural burials , which do n't use embalming , are a step in the right direction , but they do n't address the existing toxins in our bodies . <next_sent> I think there 's a better solution . <next_sent> I 'm an artist , so I 'd like to offer a modest proposal at the intersection of art , science and culture . <next_sent> The Infinity Burial Project , an alternative burial system that uses mushrooms to decompose and clean toxins in bodies . <next_sent> The Infinity Burial Project began a few years ago with a fantasy to create the Infinity Mushroom -- a new hybrid mushroom that would decompose bodies , clean the toxins and deliver nutrients to plant roots , leaving clean compost . <next_sent> But I learned it 's nearly impossible to create a new hybrid mushroom . <next_sent> I also learned that some of our tastiest mushrooms can clean environmental toxins in soil . <next_sent> So I thought maybe I could train an army of toxin - cleaning edible mushrooms to eat my body . <next_sent> So today , I 'm collecting what I shed or slough off -- my hair , skin and nails -- and I 'm feeding these to edible mushrooms . <next_sent> As the mushrooms grow , I pick the best feeders to become Infinity Mushrooms . <next_sent> It 's a kind of imprinting and selective breeding process for the afterlife . <next_sent> So when I die , the Infinity Mushrooms will recognize my body and be able to eat it . <next_sent> All right , so for some of you , this may be really , really out there . <next_sent> Just a little . <next_sent> I realize this is not the kind of relationship that we usually aspire to have with our food . <next_sent> We want to eat , not be eaten by , our food . <next_sent> But as I watch the mushrooms grow and digest my body , I imagine the Infinity Mushroom as a symbol of a new way of thinking about death and the relationship between my body and the environment . <next_sent> See for me , cultivating the Infinity Mushroom is more than just scientific experimentation or gardening or raising a pet , it 's a step towards accepting the fact that someday I will die and decay . <next_sent> It 's also a step towards taking responsibility for my own burden on the planet . <next_sent> Growing a mushroom is also part of a larger practice of cultivating decomposing organisms called decompiculture , a concept that was developed by an entomologist , Timothy Myles . <next_sent> The Infinity Mushroom is a subset of decompiculture I 'm calling body decompiculture and toxin remediation -- the cultivation of organisms that decompose and clean toxins in bodies . <next_sent> And now about these ninja pajamas . <next_sent> Once it 's completed , I plan to integrate the Infinity Mushrooms into a number of objects . <next_sent> First , a burial suit infused with mushroom spores , the Mushroom Death Suit . <next_sent> I 'm wearing the second prototype of this burial suit . <next_sent> It 's covered with a crocheted netting that is embedded with mushroom spores . <next_sent> The dendritic pattern you see mimics the growth of mushroom mycelia , which are the equivalent of plant roots . <next_sent> I 'm also making a decompiculture kit , a cocktail of capsules that contain Infinity Mushroom spores and other elements that speed decomposition and toxin remediation . <next_sent> These capsules are embedded in a nutrient - rich jelly , a kind of second skin , which dissolves quickly and becomes baby food for the growing mushrooms . <next_sent> So I plan to finish the mushroom and decompiculture kit in the next year or two , and then I 'd like to begin testing them , first with expired meat from the market and then with human subjects . <next_sent> And believe it or not , a few people have offered to donate their bodies to the project to be eaten by mushrooms . <next_sent> What I 've learned from talking to these folks is that we share a common desire to understand and accept death and to minimize the impact of our death on the environment . <next_sent> I wanted to cultivate this perspective just like the mushrooms , so I formed the Decompiculture Society , a group of people called decompinauts who actively explore their postmortem options , seek death acceptance and cultivate decomposing organisms like the Infinity Mushroom . <next_sent> The Decompiculture Society shares a vision of a cultural shift , from our current culture of death denial and body preservation to one of decompiculture , a radical acceptance of death and decomposition . <next_sent> Accepting death means accepting that we are physical beings who are intimately connected to the environment , as the research on environmental toxins confirms . <next_sent> And the saying goes , we came from dust and will return to dust . <next_sent> And once we understand that we 're connected to the environment , we see that the survival of our species depends on the survival of the planet . <next_sent> I believe this is the beginning of true environmental responsibility . <next_sent> Thank you .
(d / document
   :snt1 (s1.u / url-entity
               :topic (s1.p / person
                            :name (s1.n / name
                                        :op1 "narcotic")))
   :snt2 (s2.c / cause-01
               :ARG1 (s2.b / be-located-at-91
                           :purpose (s2.e / explain-01
                                          :ARG0 (s2.i / i
                                                      :same-as s1.p)
                                          :ARG1 (s2.t / thing
                                                      :ARG0-of (s2.c2 / cause-01
                                                                      :ARG1 (s2.w / wear-01
                                                                                  :ARG0 s2.i
                                                                                  :ARG1 (s2.p / pajamas
                                                                                              :mod (s2.p2 / person
                                                                                                          :name (s2.n / name
                                                                                                                      :op1 "Japan"))
                                                                                              :mod (s2.t2 / this))))))
                           :ARG1 s2.i
                           :ARG2 (s2.h / here)))
   :snt3 (s3.a / and
               :op2 (s3.h / have-condition-91
                          :ARG1 (s3.l / like-02
                                      :ARG0 (s3.i / i
                                                  :same-as s1.p)
                                      :ARG1 (s3.t / talk-01
                                                  :ARG0 s3.i
                                                  :ARG1 (s3.p / poison
                                                              :location (s3.b / body
                                                                              :poss (s3.w / we))
                                                              :mod (s3.e / environment))
                                                  :ord (s3.o / ordinal-entity
                                                             :value "1")))
                          :ARG2 (s3.d / do-02
                                      :ARG0 s3.i
                                      :ARG1 (s3.t2 / that
                                                   :same-as s2.e))))
   :snt4 (s4.p2 / possible-01
                :ARG1 (s4.k / know-02
                            :ARG0 (s4.p / person
                                        :quant (s4.s / some)
                                        :ARG1-of (s4.i / include-91
                                                       :ARG2 (s4.y / you)))
                            :ARG1 (s4.c / chemical
                                        :name (s4.n / name
                                                    :op1 "Bisphenol"
                                                    :op2 "A"))))
   :snt5 (s5.a / and
               :ARG1-of (s5.f / find-01
                              :location (s5.l2 / lining
                                               :part-of (s5.a2 / and
                                                               :op1 (s5.f2 / food
                                                                           :ARG1-of (s5.c / can-01))
                                                               :op2 (s5.l / Plastic
                                                                          :mod (s5.s / some)))))
               :op1 (s5.h / hardener
                          :mod (s5.m / material))
               :op2 (s5.e / estrogen
                          :mod (s5.s2 / synthetic)))
   :snt6 (s6.i / infer-01
               :ARG1 (s6.a / and
                           :op1 (s6.r2 / resemble-01
                                       :ARG1 (s6.s / small-molecule
                                                   :name (s6.n / name
                                                               :op1 "BPA")
                                                   :same-as s4.c)
                                       :ARG2 (s6.h / hormone
                                                   :part-of (s6.b / body)))
                           :op2 (s6.c / cause-01
                                      :ARG0 s6.s
                                      :ARG1 (s6.a2 / and
                                                   :op1 (s6.p / problem
                                                              :mod (s6.n2 / neurology))
                                                   :op2 (s6.p2 / problem
                                                               :topic (s6.r / reproduce-01))))))
   :snt7 (s7.a / and
               :op2 (s7.b / be-located-at-91
                          :ARG1 (s7.i / it
                                      :same-as s4.c)
                          :ARG2 (s7.e / everywhere)))
   :snt8 (s8.f / find-01
               :ARG0 (s8.s2 / study
                            :time (s8.r / recent))
               :ARG1 (s8.s / small-molecule
                           :name (s8.n / name
                                       :op1 "BPA"
                                       :same-as s4.c)
                           :location (s8.p2 / person
                                            :ARG1-of (s8.i / include-91
                                                           :ARG2 (s8.p3 / person)
                                                           :ARG3 (s8.p / percentage-entity
                                                                       :value "93"))))
               :rel (s8.a / and
                          :op1 (s8.t / temporal-quantity
                                     :unit (s8.y / year)
                                     :quant "6")
                          :op2 (s8.o / old
                                     :ARG2-of (s8.h / have-degree-91
                                                    :ARG1 s8.p2
                                                    :ARG3 (s8.m / more)
                                                    :ARG4 s8.t))))
   :snt9 (s9.c2 / contrast-01
                :ARG2 (s9.c / chemical
                            :domain (s9.i / it
                                          :same-as s4.c)
                            :mod (s9.j / just)
                            :quant "1"))
   :snt10 (s10.g / government-organization
                 :name (s10.n / name
                              :op1 "Center"
                              :op2 "for"
                              :op3 "Disease"
                              :op4 "Control")
                 :location (s10.c / country
                                  :name (s10.n2 / name
                                                :op1 "U.S.")))
   :snt11 (s11.a / and
                 :op1 (s11.s / say-01
                             :ARG1 (s11.h / have-03
                                          :ARG0 (s11.w / we)
                                          :ARG1 (s11.p2 / pollutant
                                                        :mod (s11.t / toxic)
                                                        :quant "219")
                                          :location (s11.b / body
                                                           :poss s11.w)))
                 :op2 (s11.i / include-01
                             :ARG1 (s11.a2 / and
                                           :op1 (s11.p3 / preservative)
                                           :op2 (s11.p / pesticide)
                                           :op3 (s11.m2 / metal
                                                        :example (s11.a3 / and
                                                                         :op1 (s11.l / lead-02)
                                                                         :op2 (s11.m / mercury))
                                                        :mod (s11.h2 / heavy)))
                             :ARG2 s11.p2))
   :snt12 (s12.o / opine-01
                 :ARG0 (s12.i / i
                              :same-as s1.p)
                 :ARG1 (s12.s / say-01
                              :ARG0 (s12.t2 / this
                                            :same-as s11.s)
                              :ARG1 (s12.t / thing
                                           :quant "3")))
   :snt13 (s13.b / become-01
                 :ARG1 (s13.y / you)
                 :ARG2 (s13.c / cannibal)
                 :ord (s13.o / ordinal-entity
                             :value "1")
                 :polarity "-")
   :snt14 (s14.a / and
                 :op1 (s14.r / responsible-01
                             :ARG0 (s14.w / we)
                             :ARG1 (s14.p / pollute-01
                                          :ARG0 s14.w
                                          :ARG1 s14.v))
                 :op2 (s14.v / victim)
                 :li "2")
   :snt15 (s15.a / and
                 :op2 (s15.a2 / and
                              :domain (s15.b / body
                                             :poss (s15.w / we))
                              :op1 (s15.f / filter-02
                                          :ARG1 (s15.p / poison
                                                       :mod (s15.e / environment)))
                              :op2 (s15.s / store-01
                                          :ARG1 s15.p)
                              :li "3"))
   :snt16 (s16.a2 / amr-unknown
                  :time (s16.d / die-01
                               :ARG1 (s16.w / we))
                  :topic (s16.p / poison
                                :mod (s16.t / this)
                                :mod (s16.a / all)
                                :same-as s15.p))
   :snt17 (s17.a2 / answer-01
                  :ARG1-of (s17.s / short-07)
                  :ARG2 (s17.r / return-01
                               :ARG0-of (s17.c / continue-01
                                               :ARG1 (s17.c2 / cycle-02
                                                             :ARG1 (s17.t2 / toxicity)))
                               :ARG1 (s17.t / they
                                            :same-as s15.p)
                               :ARG4 (s17.e / environment)
                               :manner (s17.o2 / or
                                               :op1 (s17.w / way
                                                           :mod (s17.o / one))
                                               :op2 (s17.w2 / way
                                                            :mod (s17.a / another)))))
   :snt18 (s18.c / contrast-01
                 :ARG2 (s18.w2 / worsen-01
                               :quant (s18.m / much)
                               :ARG0 (s18.p / practice-01
                                            :ARG0 (s18.w / we)
                                            :ARG1 (s18.f / funeral)
                                            :time (s18.c2 / current))
                               :ARG1 (s18.s / situation)))
   :snt19 (s19.r / release-01
                 :ARG1 (s19.p / poison
                              :ARG1-of (s19.m / mention-01
                                              :ARG0 (s19.i / i
                                                           :same-as s1.p))
                              :mod (s19.t / that)
                              :mod (s19.a / all)
                              :same-as s15.p)
                 :condition (s19.i2 / incinerate-01
                                    :ARG1 (s19.y / you))
                 :destination (s19.a2 / atmosphere))
   :snt20 (s20.a2 / and
                  :op2 (s20.i / include-01
                              :ARG1 (s20.m2 / mercury
                                            :quant (s20.m / mass-quantity
                                                          :unit (s20.p / pound)
                                                          :quant "5000")
                                            :source (s20.f / fill-01
                                                           :ARG1 (s20.w / we
                                                                        :part (s20.t3 / tooth))
                                                           :ARG2 s20.t3
                                                           :mod (s20.a / alone)))
                              :ARG2 (s20.t2 / this
                                            :same-as s15.p)
                              :frequency (s20.r / rate-entity-91
                                                :ARG2 (s20.t / temporal-quantity
                                                             :unit (s20.y / year)
                                                             :quant "1"))))
   :snt21 (s21.a / and
                 :op2 (s21.c2 / cover-02
                              :purpose (s21.m / make-02
                                              :ARG1 (s21.l2 / look-02
                                                            :ARG0 (s21.b / body
                                                                         :ARG1-of (s21.d / die-01))
                                                            :ARG1 (s21.l / live-01
                                                                         :ARG0 s21.b)))
                              :ARG1 s21.b
                              :ARG2 (s21.a2 / and
                                            :op1 (s21.f / filler)
                                            :op2 (s21.p / perfume))
                              :location (s21.f2 / funeral
                                                :mod (s21.c / country
                                                            :name (s21.n / name
                                                                         :op1 "America"))
                                                :mod (s21.t / tradition))))
   :snt22 (s22.i / infer-01
                 :ARG1 (s22.a / and
                              :manner (s22.t2 / try-01
                                              :ARG0 (s22.w / we)
                                              :ARG1 (s22.p2 / preserve-01
                                                            :ARG0 s22.w
                                                            :ARG1 (s22.b / body
                                                                         :ARG1-of (s22.d2 / die-01)
                                                                         :poss s22.w)))
                              :op1 (s22.d / deny-01
                                          :ARG0 s22.w
                                          :ARG1 (s22.d3 / die-01))
                              :op2 (s22.p / poison-01
                                          :ARG0 s22.w
                                          :ARG1 (s22.t / thing
                                                       :ARG0-of (s22.l / live-01)))
                              :op3 (s22.h / harm-01
                                          :ARG0 s22.w
                                          :ARG1 (s22.e / environment)
                                          :degree (s22.f / further))))
   :snt23 (s23.c / contrast-01
                 :ARG1 (s23.s / step-01
                              :ARG4 (s23.o / or
                                           :ARG0-of (s23.u / use-01
                                                           :ARG1 (s23.e / embankment)
                                                           :polarity "-")
                                           :op1 (s23.b2 / bury-01
                                                        :ARG1-of (s23.g / green-02))
                                           :op2 (s23.b3 / bury-01
                                                        :ARG1-of (s23.n / natural-03)))
                              :direction (s23.d / direction
                                                :ARG1-of (s23.r / right-06)))
                 :ARG2 (s23.a / address-02
                              :ARG0 s23.o
                              :ARG1 (s23.p / poison
                                           :ARG1-of (s23.e2 / exist-01)
                                           :location (s23.b / body
                                                            :poss (s23.w / we)))
                              :polarity "-"))
   :snt24 (s24.t / think-01
                 :ARG0 (s24.i / i
                              :same-as s1.p)
                 :ARG1 (s24.s / solution
                              :ARG1-of (s24.h / have-degree-91
                                              :ARG2 (s24.g / good-02
                                                           :ARG1 s24.s)
                                              :ARG3 (s24.m / more))))
   :snt25 (s25.c / cause-01
                 :ARG0 (s25.a2 / artist
                               :domain (s25.i / i
                                              :same-as s1.p))
                 :ARG1 (s25.l / like-02
                              :ARG0 s25.i
                              :ARG1 (s25.o / offer-01
                                           :ARG0 s25.i
                                           :ARG1 (s25.t / thing
                                                        :ARG1-of (s25.p / propose-01
                                                                        :ARG0 s25.i
                                                                        :location (s25.i2 / intersect-01
                                                                                          :ARG0 (s25.a / art)
                                                                                          :ARG1 (s25.s / science)
                                                                                          :ARG2 (s25.c2 / culture)))
                                                        :mod (s25.m / modest)))))
   :snt26 (s26.s / system
                 :ARG0-of (s26.u / use-01
                                 :ARG1 (s26.m / mushroom)
                                 :ARG2 (s26.a2 / and
                                               :op1 (s26.d / decommission-01
                                                           :ARG1 (s26.p / poison
                                                                        :location (s26.b / body))
                                                           :location s26.b)
                                               :op2 (s26.c / clean-01
                                                           :ARG1 s26.p)))
                 :ARG2-of (s26.b2 / bury-01)
                 :domain (s26.p2 / project
                                 :name (s26.n / name
                                              :op1 "Infinity"
                                              :op2 "Burial"
                                              :op3 "Project"))
                 :mod (s26.a / alternative)
                 :ARG0-of s26.d
                 :ARG0-of s26.c
                 :same-as s24.s)
   :snt27 (s27.b2 / begin-01
                  :ARG1 (s27.p3 / project
                                :name (s27.n / name
                                             :op1 "Infinity"
                                             :op2 "Burial"
                                             :op3 "Project")
                                :same-as s24.s)
                  :ARG2 (s27.f / fantasy
                               :topic (s27.c4 / create-01
                                              :ARG1 (s27.m / mushroom
                                                           :name (s27.n2 / name
                                                                         :op1 "Infinity"
                                                                         :op2 "Mushroom")
                                                           :ARG0-of (s27.d / decommission-01
                                                                           :ARG1 (s27.b3 / body))
                                                           :ARG0-of (s27.c / clean-01
                                                                           :ARG1 (s27.p2 / poison))
                                                           :ARG0-of (s27.d2 / deliver-01
                                                                            :ARG0-of (s27.l / leave-13
                                                                                            :ARG1 (s27.c3 / compost
                                                                                                          :ARG1-of (s27.c2 / clean-04)))
                                                                            :ARG1 (s27.n5 / nutrient)
                                                                            :ARG2 (s27.r / root
                                                                                         :ARG2-of (s27.p / plant-01)))
                                                           :ARG1-of (s27.n3 / new-01)
                                                           :mod (s27.h / hybrid))))
                  :time (s27.b / before
                               :quant (s27.f2 / few
                                              :op1 (s27.t / temporal-quantity
                                                          :unit (s27.y / year)
                                                          :quant "1"))
                               :op1 (s27.n4 / now)))
   :snt28 (s28.c / contrast-01
                 :ARG2 (s28.l / learn-01
                              :ARG0 (s28.i / i
                                           :same-as s1.p)
                              :ARG1 (s28.p / possible-01
                                           :ARG1 (s28.c2 / create-01
                                                         :ARG1 (s28.m / mushroom
                                                                      :ARG1-of (s28.n2 / new-01)
                                                                      :mod (s28.h / hybrid)))
                                           :degree (s28.n / near)
                                           :polarity "-")))
   :snt29 (s29.l / learn-01
                 :ARG0 (s29.i / i
                              :same-as s1.p)
                 :ARG1 (s29.p2 / possible-01
                               :ARG1 (s29.c / clean-01
                                            :ARG0 (s29.m2 / mushroom
                                                          :quant (s29.s2 / some)
                                                          :ARG1-of (s29.i2 / include-91
                                                                           :ARG2 (s29.m3 / mushroom
                                                                                         :ARG1-of (s29.h / have-degree-91
                                                                                                         :ARG2 (s29.p3 / pretty)
                                                                                                         :ARG3 (s29.m / most))
                                                                                         :poss (s29.w / we))))
                                            :ARG1 (s29.p / poison
                                                         :location (s29.s / soil)
                                                         :mod (s29.e / environment))))
                 :mod (s29.a / also))
   :snt30 (s30.c / cause-01
                 :ARG1 (s30.t / think-01
                              :ARG0 (s30.i / i
                                           :same-as s1.p)
                              :ARG1 (s30.p / possible-01
                                           :ARG1 (s30.t3 / train-01
                                                         :ARG0 s30.i
                                                         :ARG1 (s30.e2 / eat-01
                                                                       :ARG0 (s30.a / army
                                                                                    :consist-of (s30.m / mushroom
                                                                                                       :ARG0-of (s30.c2 / clean-01
                                                                                                                        :ARG1 (s30.t2 / toxin))
                                                                                                       :ARG1-of (s30.e / eat-01
                                                                                                                       :ARG1-of (s30.p2 / possible-01))))
                                                                       :ARG1 (s30.b / body
                                                                                    :poss s30.i))
                                                         :ARG2 s30.a))))
   :snt31 (s31.c / cause-01
                 :ARG1 (s31.a2 / and
                               :op1 (s31.c2 / collect-01
                                            :ARG0 (s31.i / i
                                                         :part (s31.a / and
                                                                      :op1 (s31.h / hair)
                                                                      :op2 (s31.s2 / skin)
                                                                      :op3 (s31.n / nail))
                                                         :same-as s1.p)
                                            :ARG1 (s31.o / or
                                                         :op1 (s31.t / thing
                                                                     :ARG1-of (s31.s / shed-01
                                                                                     :ARG0 s31.i)
                                                                     :example s31.a)
                                                         :op2 (s31.t2 / thing
                                                                      :ARG1-of (s31.s3 / slag-00
                                                                                       :ARG0 s31.i)))
                                            :time (s31.t3 / today))
                               :op2 (s31.f / feed-01
                                           :ARG0 s31.i
                                           :ARG1 s31.o
                                           :ARG2 (s31.m / mushroom
                                                        :ARG1-of (s31.e / eat-01
                                                                        :ARG1-of (s31.p / possible-01))))))
   :snt32 (s32.p / pick-01
                 :purpose (s32.b / become-01
                                 :ARG1 (s32.t / thing)
                                 :ARG2 (s32.m3 / mushroom
                                               :name (s32.n / name
                                                            :op1 "Infinity"
                                                            :op2 "Mushrooms")))
                 :ARG0 (s32.i / i
                              :same-as s1.p)
                 :ARG1 (s32.f / feed-01
                              :ARG1-of (s32.h / have-degree-91
                                              :ARG2 (s32.g / good-02
                                                           :ARG1 s32.f)
                                              :ARG3 (s32.m / most))
                              :ARG2 s32.t)
                 :time (s32.g2 / grow-03
                               :ARG1 (s32.m2 / mushroom
                                             :same-as s31.m)))
   :snt33 (s33.p / process-02
                 :ARG1 (s33.b / breed-01
                              :ARG1-of (s33.s / select-01))
                 :ARG2-of (s33.l / leave-12)
                 :beneficiary (s33.a / afterlife)
                 :domain (s33.i / it)
                 :mod (s33.k / kind))
   :snt34 (s34.a / and
                 :op1 (s34.r / recognize-02
                             :ARG0 (s34.m / mushroom)
                             :ARG1 (s34.b / body
                                          :poss (s34.i / i
                                                       :same-as s1.p
                                                       :same-as s30.b)))
                 :op2 (s34.p / possible-01
                             :ARG1 (s34.e / eat-01
                                          :ARG0 s34.m
                                          :ARG1 s34.b))
                 :rel (s34.n / Infinity
                             :same-as s15.p)
                 :time (s34.d / die-01
                              :ARG1 s34.i))
   :snt35 (s35.c / cause-01
                 :ARG1 (s35.p / possible-01
                              :ARG1 (s35.b / be-located-at-91
                                           :ARG1 (s35.t / this)
                                           :ARG1-of (s35.r / real-04)
                                           :ARG2 (s35.o / out-there)))
                 :ARG1-of (s35.r2 / right-06
                                  :mod (s35.a / all))
                 :rel (s35.s / some
                             :ARG1-of (s35.i / include-91
                                             :ARG2 (s35.y / you
                                                          :same-as s4.y))))
   :snt36 (s36.l / little
                 :mod (s36.j / just))
   :snt37 (s37.r / realize-01
                 :ARG0 (s37.i / i
                              :same-as s1.p)
                 :ARG1 (s37.r2 / relation-03
                               :ARG0 (s37.w / we)
                               :ARG1-of (s37.a / aspire-01
                                               :ARG0 s37.w
                                               :ARG2 (s37.f / food
                                                            :poss s37.w)
                                               :mod (s37.u / usual))
                               :domain (s37.t / this)
                               :mod (s37.k / kind
                                           :polarity "-")))
   :snt38 (s38.w / want-01
                 :ARG0 (s38.w2 / we
                               :same-as s37.w)
                 :ARG1 (s38.a / and
                              :op1 (s38.e / eat-01
                                          :ARG0 s38.w2)
                              :op2 (s38.e2 / eat-01
                                           :ARG0 (s38.f / food
                                                        :poss s38.e
                                                        :same-as s37.f)
                                           :ARG1 s38.w2
                                           :polarity "-")))
   :snt39 (s39.c / contrast-01
                 :ARG2 (s39.i2 / imagine-01
                               :ARG0 (s39.i / i
                                            :same-as s1.p)
                               :ARG1 (s39.m2 / mushroom)
                               :ARG2 (s39.s / symbolize-01
                                            :ARG1 s39.m2
                                            :ARG2 (s39.w2 / way
                                                          :ARG1-of (s39.n2 / new-01)
                                                          :manner-of (s39.t / think-01
                                                                            :ARG1 (s39.a2 / and
                                                                                          :op1 (s39.d / die-01)
                                                                                          :op2 (s39.r / relation-03
                                                                                                      :ARG0 (s39.b / body
                                                                                                                   :poss s39.i
                                                                                                                   :same-as s30.b)
                                                                                                      :ARG2 (s39.e / environment))))))
                               :time (s39.w / watch-01
                                            :ARG0 s39.i
                                            :ARG1 (s39.a / and
                                                         :op1 (s39.g / grow-03
                                                                     :ARG1 (s39.m / mushroom
                                                                                  :same-as s15.p))
                                                         :op2 (s39.d2 / digest-01
                                                                      :ARG0 s39.m
                                                                      :ARG1 s39.b))))
                 :rel (s39.n / Infinity))
   :snt40 (s40.s2 / see-01
                  :ARG0 (s40.y / you)
                  :ARG1 (s40.s4 / step-01
                                :ARG2 (s40.a / accept-01
                                             :ARG0 (s40.i / i
                                                          :same-as s1.p)
                                             :ARG1 (s40.a2 / and
                                                           :op1 (s40.d2 / die-01
                                                                        :ARG1 s40.i)
                                                           :op2 (s40.d / decay-01
                                                                       :ARG1 s40.i)
                                                           :time (s40.s3 / someday)))
                                :ARG4 (s40.c / cultivate-01
                                             :ARG1 (s40.a3 / animal
                                                           :name (s40.n / name
                                                                        :op1 "Infinity"
                                                                        :op2 "Mushroom"))))
                  :beneficiary s40.i
                  :rel (s40.m / more-than
                              :op1 (s40.o / or
                                          :domain s40.c
                                          :op1 (s40.e / experiment-01
                                                      :mod (s40.s / science)
                                                      :mod (s40.j / just))
                                          :op2 (s40.g / garden-01
                                                      :ARG0 s40.i)
                                          :op3 (s40.r / raise-03
                                                      :ARG0 s40.i
                                                      :ARG1 (s40.p / pet)))))
   :snt41 (s41.s / step-01
                 :ARG2 (s41.t / take-01
                              :ARG0 (s41.i / i
                                           :same-as s1.p)
                              :ARG1 (s41.r / responsible-01
                                           :ARG0 s41.i
                                           :ARG1 (s41.b / burden-01
                                                        :ARG1 s41.i
                                                        :location (s41.p / planet))))
                 :ARG4 (s41.i2 / it
                               :same-as s40.c)
                 :mod (s41.a / also))
   :snt42 (s42.h2 / have-part-91
                  :ARG1 (s42.p / practice-01
                               :ARG1 (s42.c3 / cultivate-01
                                             :ARG1 (s42.o / organism
                                                          :ARG1-of (s42.d / decommission-01)))
                               :ARG1-of (s42.h / have-degree-91
                                               :ARG2 (s42.l / large)
                                               :ARG3 (s42.m / more))
                               :ARG1-of (s42.c / call-01
                                               :ARG2 (s42.d2 / decompiculture
                                                             :mod (s42.c2 / concept
                                                                          :ARG1-of (s42.d3 / develop-02
                                                                                           :ARG0 (s42.e / entomologist
                                                                                                        :name (s42.n / name
                                                                                                                     :op1 "Timothy"
                                                                                                                     :op2 "Myles")))))))
                  :ARG2 (s42.g / grow-03
                               :ARG1 (s42.m2 / mushroom))
                  :mod (s42.a / also))
   :snt43 (s43.i2 / include-91
                  :ARG1 (s43.m2 / mushroom
                                :name (s43.n / name
                                             :op1 "Infinity"
                                             :op2 "Mushroom"))
                  :ARG2 (s43.a / and
                               :ARG1-of (s43.c / call-01
                                               :ARG0 (s43.i / i
                                                            :same-as s1.p))
                               :ARG1-of (s43.m / mean-01
                                               :ARG2 (s43.c3 / cultivate-01
                                                             :ARG1 (s43.o / organism
                                                                          :ARG0-of (s43.d / decommission-01
                                                                                          :location (s43.b / body))
                                                                          :ARG0-of (s43.c2 / clean-01
                                                                                           :ARG1 (s43.p / poison)
                                                                                           :location s43.b))))
                               :op1 (s43.d3 / decompiculture)
                               :op2 (s43.r / remedy-01))
                  :rel (s43.d2 / decompiculture
                               :mod s43.b))
   :snt44 (s44.a / and
                 :time (s44.n2 / now)
                 :topic (s44.p / pajamas
                               :mod (s44.n / ninja)
                               :mod (s44.t / this)
                               :same-as s2.p))
   :snt45 (s45.p / plan-01
                 :ARG0 (s45.i / i
                              :same-as s1.p)
                 :ARG1 (s45.i2 / integrate-01
                               :ARG0 s45.i
                               :ARG1 (s45.p2 / product
                                             :name (s45.n / name
                                                          :op1 "Infinity"
                                                          :op2 "mushroom")
                                             :same-as s15.p)
                               :ARG2 (s45.o / object
                                            :quant (s45.n2 / number)))
                 :time (s45.c / complete-01
                              :ARG1 (s45.i3 / it)))
   :snt46 (s46.s / suit
                 :name (s46.n / name
                              :op1 "Mushroom"
                              :op2 "Death"
                              :op3 "Suit")
                 :purpose (s46.b / bury-01)
                 :ARG1-of (s46.i / infuse-01)
                 :ord (s46.o / ordinal-entity
                             :value "1")
                 :rel (s46.m / mushroom))
   :snt47 (s47.w / wear-01
                 :ARG0 (s47.i / i
                              :same-as s1.p)
                 :ARG1 (s47.p / prototype
                              :mod (s47.s / suit
                                          :mod (s47.b / bury-01)
                                          :mod (s47.t / this)
                                          :same-as s46.m)
                              :ord (s47.o / ordinal-entity
                                          :value "2")))
   :snt48 (s48.c / cover-02
                 :ARG1 (s48.i / it
                              :same-as s46.m)
                 :ARG2 (s48.n / netting
                              :ARG1-of (s48.e / embed-01
                                              :ARG2 (s48.f / fungus
                                                           :part-of (s48.m / mushroom)))
                              :mod (s48.p / pattern)))
   :snt49 (s49.r / resemble-01
                 :ARG1 (s49.p / pattern
                              :ARG1-of (s49.s / see-01
                                              :ARG0 (s49.y / you))
                              :mod (s49.d / dendritic))
                 :ARG2 (s49.g / grow-01
                              :ARG1 (s49.m2 / mycelia
                                            :ARG1-of (s49.e / equal-01
                                                            :ARG2 (s49.r2 / root
                                                                          :mod (s49.p2 / plant)))
                                            :mod (s49.m / mushroom))))
   :snt50 (s50.m / make-01
                 :ARG0 (s50.i / i
                              :same-as s1.p)
                 :ARG1 (s50.k / kit
                              :consist-of (s50.c2 / cocktail
                                                  :ARG0-of (s50.c3 / contain-01
                                                                   :ARG1 (s50.a2 / and
                                                                                 :op1 (s50.f / fungus
                                                                                             :mod (s50.m2 / mushroom
                                                                                                          :name (s50.n / name
                                                                                                                       :op1 "Infinity"
                                                                                                                       :op2 "Mushroom")))
                                                                                 :op2 (s50.e / element
                                                                                             :ARG0-of (s50.s / speed-01
                                                                                                             :ARG1 (s50.a3 / and
                                                                                                                           :op1 (s50.d / decommission-01)
                                                                                                                           :op2 (s50.r / remedy-01
                                                                                                                                       :ARG1 (s50.t / toxin))))
                                                                                             :mod (s50.o / other))))
                                                  :consist-of (s50.c / capsule))
                              :mod (s50.d2 / decompiculture))
                 :mod (s50.a / also))
   :snt51 (s51.e / embed-01
                 :ARG1 (s51.c / capsule
                              :mod (s51.t / this)
                              :same-as s50.k)
                 :ARG2 (s51.j / jelly
                              :ARG1-of (s51.e2 / enrich-01
                                               :ARG2 (s51.n / nutrient))
                              :ARG1-of (s51.d / dissolve-01
                                              :ARG1-of (s51.q / quick-02))
                              :ARG1-of (s51.b2 / become-01
                                               :ARG2 (s51.f / food
                                                            :mod (s51.b / baby))
                                               :ARG3 (s51.m / mushroom
                                                            :ARG1-of (s51.g / grow-03)
                                                            :same-as s15.p))
                              :mod (s51.s / skin
                                          :mod (s51.k / kind)
                                          :ord (s51.o / ordinal-entity
                                                      :value "2"))))
   :snt52 (s52.c / cause-01
                 :ARG1 (s52.a2 / and
                               :op1 (s52.p / plan-01
                                           :ARG0 (s52.i / i
                                                        :same-as s1.p)
                                           :ARG1 (s52.f / finish-01
                                                        :ARG0 s52.i
                                                        :ARG1 (s52.k / kit
                                                                     :purpose (s52.a / and
                                                                                     :op1 (s52.m3 / mushroom)
                                                                                     :op2 (s52.d / decompiculture)))
                                                        :time (s52.o / or
                                                                     :op1 (s52.y / year
                                                                                 :mod (s52.n / next))
                                                                     :op2 (s52.t / temporal-quantity
                                                                                 :unit (s52.y2 / year)
                                                                                 :quant "2"))))
                               :op2 (s52.l / like-02
                                           :ARG0 s52.i
                                           :ARG1 (s52.b / begin-01
                                                        :ARG0 s52.i
                                                        :ARG1 (s52.t2 / test-01
                                                                      :ARG0 s52.i
                                                                      :ARG1 (s52.t5 / they
                                                                                    :same-as s52.k)
                                                                      :ARG2 (s52.a3 / and
                                                                                    :op1 (s52.m2 / meat
                                                                                                 :ARG1-of (s52.e / expire-01)
                                                                                                 :source (s52.m / market)
                                                                                                 :time (s52.a4 / at-first))
                                                                                    :op2 (s52.s / subject
                                                                                                :mod (s52.h / human)
                                                                                                :time (s52.t4 / then)))))
                                           :time (s52.t3 / then))))
   :snt53 (s53.a / and
                 :rel (s53.o2 / or
                              :op1 (s53.b / believe-01
                                          :ARG0 (s53.y / you)
                                          :ARG1 (s53.o / offer-01
                                                       :ARG0 (s53.p / person
                                                                    :quant (s53.f / few))
                                                       :ARG1 (s53.d / donate-01
                                                                    :ARG0 s53.p
                                                                    :ARG1 (s53.b3 / body
                                                                                  :poss s53.p)
                                                                    :ARG2 (s53.p2 / project
                                                                                  :ARG1-of (s53.e / eat-01
                                                                                                  :ARG0 (s53.m / mushroom))
                                                                                  :same-as s24.s))))
                              :op2 (s53.b2 / believe-01
                                           :ARG0 s53.y
                                           :ARG1 s53.o
                                           :polarity "-")))
   :snt54 (s54.l / learn-01
                 :ARG0 (s54.i / i
                              :same-as s1.p)
                 :ARG1 (s54.s / share-01
                              :ARG0 (s54.w / we)
                              :ARG1 (s54.s2 / share-01
                                            :ARG0 s54.w
                                            :ARG1 (s54.d / desire-01
                                                         :ARG0 s54.w
                                                         :ARG1 (s54.a2 / and
                                                                       :op1 (s54.u / understand-01
                                                                                   :ARG0 s54.w
                                                                                   :ARG1 (s54.d2 / die-01
                                                                                                 :ARG1 s54.w))
                                                                       :op2 (s54.a / accept-01
                                                                                   :ARG0 s54.w
                                                                                   :ARG1 s54.d2)
                                                                       :op3 (s54.m / minimize-01
                                                                                   :ARG0 s54.w
                                                                                   :ARG1 (s54.i2 / impact-01
                                                                                                 :ARG0 s54.d2
                                                                                                 :ARG1 (s54.e / environment)))))))
                 :ARG2 (s54.t / talk-01
                              :ARG0 s54.i
                              :ARG2 (s54.f / folk
                                           :mod (s54.t2 / this)
                                           :same-as s53.p)))
   :snt55 (s55.c2 / cause-01
                  :ARG0 (s55.w / want-01
                               :ARG0 (s55.i / i
                                            :same-as s1.p)
                               :ARG1 (s55.c3 / cultivate-01
                                             :ARG0 s55.i
                                             :ARG1 (s55.p2 / perspective
                                                           :mod (s55.t / this))
                                             :ARG1-of (s55.r / resemble-01
                                                             :ARG2 (s55.m / mushroom
                                                                          :same-as s15.p)
                                                             :mod (s55.j / just))))
                  :ARG1 (s55.f / form-01
                               :ARG0 s55.i
                               :ARG1 (s55.o3 / organization
                                             :name (s55.n / name
                                                          :op1 "Decompiculture"
                                                          :op2 "Society")
                                             :consist-of (s55.g / group
                                                                :ARG0-of (s55.e / explore-01
                                                                                :ARG1 (s55.o / option
                                                                                             :mod (s55.p3 / postmortem)
                                                                                             :poss (s55.p / person
                                                                                                          :consist s55.g))
                                                                                :ARG1-of (s55.a2 / activity-06
                                                                                                 :ARG0 s55.g))
                                                                :ARG0-of (s55.s / seek-01
                                                                                :ARG1 (s55.a / accept-01
                                                                                             :ARG1 (s55.d3 / die-01)))
                                                                :ARG0-of (s55.c4 / cultivate-01
                                                                                 :ARG1 (s55.o2 / organism
                                                                                               :ARG1-of (s55.d2 / decommission-01)
                                                                                               :ARG1-of (s55.r2 / resemble-01
                                                                                                                :ARG2 (s55.m2 / mushroom
                                                                                                                              :name (s55.n2 / name
                                                                                                                                            :op1 "Infinity"
                                                                                                                                            :op2 "Mushroom")
                                                                                                                              :same-as s39.n))))
                                                                :ARG1-of (s55.c / call-01
                                                                                :ARG2 (s55.d / date-entity))))))
   :snt56 (s56.s / share-01
                 :ARG0 (s56.o / organization
                              :name (s56.n / name
                                           :op1 "Decompiculture"
                                           :op2 "Society")
                              :same-as s55.o3)
                 :ARG1 (s56.e / envision-01
                              :ARG1 (s56.s2 / shift-01
                                            :ARG1 (s56.c / culture)
                                            :ARG2 (s56.d2 / decompiculture
                                                          :ARG2-of (s56.a / accept-01
                                                                          :ARG1 (s56.a3 / and
                                                                                        :op1 (s56.d4 / die-01)
                                                                                        :op2 (s56.d / decommission-01
                                                                                                    :ARG1 (s56.b / body)))
                                                                          :ARG1-of (s56.r / radical-02)))
                                            :ARG3 (s56.c2 / culture
                                                          :poss (s56.w / we)
                                                          :time (s56.c3 / current)
                                                          :topic (s56.a2 / and
                                                                         :op1 (s56.d3 / deny-01
                                                                                      :ARG1 s56.d4)
                                                                         :op2 (s56.p / preserve-01
                                                                                     :ARG1 s56.b))))))
   :snt57 (s57.m / mean-01
                 :ARG1 (s57.a / accept-01
                              :ARG1 (s57.d / die-01))
                 :ARG2 (s57.a2 / accept-01
                               :ARG1 (s57.b / being
                                            :ARG1-of (s57.c2 / connect-01
                                                             :ARG1-of (s57.c / confirm-01
                                                                             :ARG0 (s57.r / research-01
                                                                                          :ARG1 (s57.p2 / poison
                                                                                                        :mod (s57.e2 / environment))))
                                                             :ARG2 (s57.e / environment)
                                                             :ARG2-of (s57.i / intimate-02))
                                            :domain (s57.w / we)
                                            :mod (s57.p / physical))))
   :snt58 (s58.a / and
                 :op2 (s58.g / go-23
                             :ARG0 (s58.t / thing
                                          :ARG1-of (s58.s / say-01))
                             :ARG1 (s58.a2 / and
                                           :op1 (s58.c / come-01
                                                       :ARG1 (s58.w / we)
                                                       :ARG3 (s58.d / dust))
                                           :op2 (s58.r / return-01
                                                       :ARG1 s58.w
                                                       :ARG4 s58.d))))
   :snt59 (s59.a / and
                 :op2 (s59.s / see-01
                             :ARG0 (s59.w / we)
                             :ARG1 (s59.d / depend-01
                                          :ARG0 (s59.s3 / survive-01
                                                        :ARG0 (s59.s2 / species
                                                                      :poss s59.w))
                                          :ARG1 (s59.s4 / survive-01
                                                        :ARG0 (s59.p / planet
                                                                     :same-as s41.p)))
                             :time (s59.u / understand-01
                                          :ARG0 s59.w
                                          :ARG1 (s59.c / connect-01
                                                       :ARG1 s59.w
                                                       :ARG2 (s59.e / environment)))))
   :snt60 (s60.b2 / believe-01
                  :ARG0 (s60.i / i
                               :same-as s1.p)
                  :ARG1 (s60.b / begin-01
                               :ARG1 (s60.r / responsible-02
                                            :ARG1 (s60.e / environment)
                                            :ARG1-of (s60.t2 / true-01))
                               :ARG2 (s60.t / this)))
   :snt61 (s61.t / thank-01
                 :ARG1 (s61.y / you)))

