# ::id doc-969
# ::doc_file doc-969
# ::tok http : / / www . ted . com / talks / arthur_potts_dawson_a_vision_for_sustainable_restaurants< / url> <next_sent> Restaurants and the food industry in general are pretty much the most wasteful industry in the world . <next_sent> For every calorie of food that we consume here in Britain today , 10 calories are taken to produce it . <next_sent> That 's a lot . <next_sent> I want to take something rather humble to discuss . <next_sent> I found this in the farmers ' market today , and if anybody wants to take it home and mash it later , you 're very welcome to . <next_sent> The humble potato -- and I 've spent a long time , 25 years , preparing these . <next_sent> And it pretty much goes through eight different forms in its lifetime . <next_sent> First of all , it 's planted , and that takes energy . <next_sent> It grows and is nurtured . <next_sent> It 's then harvested . <next_sent> It 's then distributed , and distribution is a massive issue . <next_sent> It 's then sold and bought , and it 's then delivered to me . <next_sent> I basically take it , prepare it , and then people consume it -- hopefully they enjoy it . <next_sent> The last stage is basically waste , and this is is pretty much where everybody disregards it . <next_sent> There are different types of waste . <next_sent> There 's a waste of time ; there 's a waste of space ; there 's a waste of energy ; and there 's a waste of waste . <next_sent> And every business I 've been working on over the past five years , I 'm trying to lower each one of these elements . <next_sent> Okay , so you ask what a sustainable restaurant looks like . <next_sent> Basically a restaurant just like any other . <next_sent> This is the restaurant , Acorn House . <next_sent> Front and back . <next_sent> So let me run you through a few ideas . <next_sent> Floor : sustainable , recyclable . <next_sent> Chairs : recycled and recyclable . <next_sent> Tables : Forestry Commission . <next_sent> This is Norwegian Forestry Commission wood . <next_sent> This bench , although it was uncomfortable for my mom -- she did n't like sitting on it , so she went and bought these cushions for me from a local jumble sale -- reusing , a job that was pretty good . <next_sent> I hate waste , especially walls . <next_sent> If they 're not working , put a shelf on it , which I did , and that shows all the customers my products . <next_sent> The whole business is run on sustainable energy . <next_sent> This is powered by wind . <next_sent> All of the lights are daylight bulbs . <next_sent> Paint is all low - volume chemical , which is very important when you 're working in the room all the time . <next_sent> I was experimenting with these -- I do n't know if you can see it -- but there 's a work surface there . <next_sent> And that 's a plastic polymer . <next_sent> And I was thinking , well I 'm trying to think nature , nature , nature . <next_sent> But I thought , no , no , experiment with resins , experiment with polymers . <next_sent> Will they outlive me ? <next_sent> They probably might . <next_sent> Right , here 's a reconditioned coffee machine . <next_sent> It actually looks better than a brand new one -- so looking good there . <next_sent> Now reusing is vital . <next_sent> And we filter our own water . <next_sent> We put them in bottles , refrigerate them , and then we reuse that bottle again and again and again . <next_sent> Here 's a great little example . <next_sent> If you can see this orange tree , it 's actually growing in a car tire , which has been turned inside out and sewn up . <next_sent> It 's got my compost in it , which is growing an orange tree , which is great . <next_sent> This is the kitchen , which is in the same room . <next_sent> I basically created a menu that allowed people to choose the amount and volume of food that they wanted to consume . <next_sent> Rather than me putting a dish down , they were allowed to help themselves to as much or as little as they wanted . <next_sent> Okay , it 's a small kitchen . <next_sent> It 's about five square meters . <next_sent> It serves 220 people a day . <next_sent> We generate quite a lot of waste . <next_sent> This is the waste room . <next_sent> You ca n't get rid of waste . <next_sent> But this story 's not about eliminating it , it 's about minimizing it . <next_sent> In here , I have produce and boxes that are unavoidable . <next_sent> I put my food waste into this dehydrating , desiccating macerator -- turns food into an inner material , which I can store and then compost later . <next_sent> I compost it in this garden . <next_sent> All of the soil you can see there is basically my food , which is generated by the restaurant , and it 's growing in these tubs , which I made out of storm - felled trees and wine casks and all kinds of things . <next_sent> A couple of wormeries in there too . <next_sent> And actually one of the wormeries was a big wormery . <next_sent> I had a lot of worms in it . <next_sent> And I tried taking the dried food waste , putting it to the worms , going , " There you go , dinner . " <next_sent> It was like vegetable jerky , and killed all of them . <next_sent> I do n't know how many worms [ were ] in there , but I 've got some heavy karma coming , I tell you . <next_sent> What you 're seeing here is a water filtration system . <next_sent> This takes the water out of the restaurant , runs it through these stone beds -- this is going to be mint in there -- and I sort of water the garden with it . <next_sent> And I ultimately want to recycle that , put it back into the loos , maybe wash hands with it , I do n't know . <next_sent> So , water is a very important aspect . <next_sent> I started meditating on that and created a restaurant called Waterhouse . <next_sent> If I could get Waterhouse to be a no - carbon restaurant that is consuming no gas to start with , that would be great . <next_sent> I managed to do it . <next_sent> This restaurant looks a little bit like Acorn House -- same chairs , same tables . <next_sent> They 're all English and a little bit more sustainable . <next_sent> But this is an electrical restaurant . <next_sent> The whole thing is electric , the restaurant and the kitchen . <next_sent> And it 's run on hydroelectricity , so I 've gone from air to water . <next_sent> Now it 's important to understand that this room is cooled by water , heated by water , filters its own water , and it 's powered by water . <next_sent> It literally is Waterhouse . <next_sent> This is basically air - handling . <next_sent> I 'm taking the temperature of the canal outside , pumping it through the heat exchange mechanism , it 's turning through these amazing sails on the roof , and that , in turn , is falling softly onto the people in the restaurant , cooling them , or heating them , as the need may be . <next_sent> And this is an English willow air diffuser , and that 's softly moving that air current through the room . <next_sent> In the canal , which is just outside the restaurant , there is hundreds of meters of coil piping . <next_sent> This takes the temperature of the canal and turns it into this four - degrees of heat exchange . <next_sent> I have no idea how it works , but I paid a lot of money for it . <next_sent> And what 's great is one of the chefs who works in that restaurant lives on this boat -- it 's off - grid ; it generates all its own power . <next_sent> He 's growing all his own fruit , and that 's fantastic . <next_sent> There 's no accident in names of these restaurants . <next_sent> Acorn House is the element of wood ; Waterhouse is the element of water ; and I 'm thinking , well , I 'm going to be making five restaurants based on the five Chinese medicine acupuncture specialities . <next_sent> I 've got water and wood . <next_sent> I 'm just about to do fire . <next_sent> I 've got metal and earth to come . <next_sent> So you 've got to watch your space for that . <next_sent> Okay . <next_sent> So this is my next project . <next_sent> Five weeks old , it 's my baby , and it 's hurting real bad . <next_sent> The People 's Supermarket . <next_sent> So basically , the restaurants only really hit people who believed in what I was doing anyway . <next_sent> What I needed to do was get food out to a broader spectrum of people . <next_sent> So people -- i.e. , perhaps , more working - class -- or perhaps people who actually believe in a cooperative . <next_sent> This is a social enterprise , not - for - profit cooperative supermarket . <next_sent> It really is about the social disconnect between food , communities in urban settings and their relationship to rural growers -- connecting communities in London to rural growers . <next_sent> Really important . <next_sent> So I 'm committing to potatoes ; I 'm committing to milk ; I 'm committing to leeks and broccoli -- all very important stuff . <next_sent> I 've kept the tiles ; I 've kept the floors ; I 've kept the trunking ; I 've got in some recycled fridges ; I 've got some recycled tills ; I 've got some recycled trolleys . <next_sent> I mean , the whole thing is is super - sustainable . <next_sent> In fact , I 'm trying and I 'm going to make this the most sustainable supermarket in the world . <next_sent> That 's zero food waste . <next_sent> And no one 's doing that just yet . <next_sent> I 'm going to get there before you . <next_sent> So nature does n't create waste does n't create waste as such . <next_sent> Everything in nature is used up in a closed continuous cycle with waste being the end of the beginning , and that 's been something that 's been nurturing me for some time , and it 's an important statement to understand . <next_sent> If we do n't stand up and make a difference and think about sustainable food , think about the sustainable nature of it , then we may fail . <next_sent> But , I wanted to get up and show you that we can do it if we 're more responsible . <next_sent> Environmentally conscious businesses are doable . <next_sent> They 're here . <next_sent> You can see I 've done three so far ; <next_sent> I 've got a few more to go . <next_sent> The idea is embryonic . <next_sent> I think it 's important . <next_sent> I think that if we reduce , reuse , refuse and recycle -- right at the end there -- recycling is the last point I want to make ; but it 's the four R 's , rather than the three R 's -- then I think we 're going to be on our way . <next_sent> I think that there are many problems to come , but with help , I 'm sure I 'm going to find solutions . <next_sent> And I hope you all take part . <next_sent> Thank you very much .
(d / document
   :snt1 (s1.u / url-entity
               :value (s1.c / city
                            :name (s1.n / name
                                        :op1 "ossobuco")))
   :snt2 (s2.h / have-degree-91
               :ARG1 (s2.p / pretty-much)
               :ARG2 (s2.w / wasteful-02
                           :ARG0 (s2.a / and
                                       :op1 (s2.r / restaurant)
                                       :op2 (s2.i / industry
                                                  :ARG1-of (s2.g / general-02)
                                                  :mod (s2.f / food))))
               :ARG3 (s2.m / most
                           :degree s2.p)
               :ARG5 (s2.w2 / world))
   :snt3 (s3.r / rate-entity-91
               :ARG1 (s3.m / mass-quantity
                           :quant (s3.e / every)
                           :unit (s3.f / food
                                       :ARG1-of (s3.c3 / consume-01
                                                       :ARG0 (s3.w / we)
                                                       :location (s3.h / here
                                                                       :location (s3.c4 / country
                                                                                        :name (s3.n / name
                                                                                                    :op1 "Britain")))
                                                       :time (s3.t2 / today))
                                       :ARG1-of (s3.t / take-01
                                                      :ARG0 (s3.p / produce-01
                                                                  :ARG1 s3.w)))
                           :unit (s3.c2 / calorie))
               :rel (s3.c / calorie)
               :rel "10")
   :snt4 (s4.l / lot
               :domain (s4.t / that))
   :snt5 (s5.w / want-01
               :ARG0 (s5.i / i)
               :ARG1 (s5.t / take-01
                           :purpose (s5.d / discuss-01
                                          :ARG0 s5.i
                                          :ARG1 (s5.s / something
                                                      :mod (s5.h / humble
                                                                 :degree (s5.r / rather))))
                           :ARG0 s5.i
                           :ARG1 s5.s))
   :snt6 (s6.a2 / and
                :op1 (s6.f2 / find-01
                            :ARG0 (s6.i / i
                                        :same-as s5.i)
                            :ARG1 (s6.t2 / this
                                         :same-as s5.s)
                            :location (s6.m / market
                                            :mod (s6.p / person
                                                       :ARG0-of (s6.f / farm-01)))
                            :time (s6.t3 / today
                                         :same-as s3.t2))
                :op2 (s6.w2 / welcome-01
                            :ARG1 (s6.y / you
                                        :same-as s6.a4)
                            :ARG2 s6.t2
                            :condition (s6.w / want-01
                                             :ARG0 (s6.a4 / anybody)
                                             :ARG1 (s6.a3 / and
                                                          :op1 (s6.t / take-01
                                                                     :ARG0 s6.a4
                                                                     :ARG1 s6.t2
                                                                     :ARG3 (s6.h / home))
                                                          :op2 (s6.m2 / mix-01
                                                                      :ARG0 s6.a4
                                                                      :ARG1 s6.t2
                                                                      :time (s6.a / after
                                                                                  :op1 s6.t))))
                            :degree (s6.v / very)))
   :snt7 (s7.a / and
               :op1 (s7.p / potato
                          :ARG1-of (s7.h / humble-01))
               :op2 (s7.s / spend-01
                          :ARG0 (s7.i / i
                                      :same-as s5.i)
                          :ARG1 (s7.t / temporal-quantity
                                      :ARG1-of (s7.l / long-03)
                                      :unit (s7.y / year)
                                      :quant "25")
                          :ARG2 (s7.p2 / prepare-01
                                       :ARG0 s7.i
                                       :ARG1 s7.p)))
   :snt8 (s8.a / and
               :op2 (s8.g / go-through-20
                          :ARG0 (s8.i / it
                                      :same-as s7.p)
                          :ARG1 (s8.f / form
                                      :ARG1-of (s8.d / differ-02)
                                      :quant "8")
                          :degree (s8.p / pretty-much)
                          :duration (s8.l / lifetime
                                          :poss s8.i)))
   :snt9 (s9.a / and
               :op1 (s9.p / plant-01
                          :ARG1 (s9.i / it
                                      :same-as s7.p)
                          :mod (s9.f / first-of-all))
               :op2 (s9.t / take-10
                          :ARG0 s9.p
                          :ARG1 (s9.e / energy)))
   :snt10 (s10.a / and
                 :op1 (s10.g / grow-01
                             :ARG1 (s10.i / it
                                          :same-as s7.p))
                 :op2 (s10.n / nurture-01
                             :ARG1 s10.i))
   :snt11 (s11.h / harvest-01
                 :ARG1 (s11.i / it
                              :same-as s7.p)
                 :time (s11.t / then))
   :snt12 (s12.a / and
                 :op1 (s12.d / distribute-01
                             :ARG1 (s12.i2 / it
                                           :same-as s7.p)
                             :time (s12.t / then))
                 :op2 (s12.i / issue-02
                             :ARG0 s12.d
                             :mod (s12.m / massive)))
   :snt13 (s13.a2 / and
                  :op1 (s13.a / and
                              :op1 (s13.s / sell-01
                                          :ARG1 (s13.i2 / it
                                                        :same-as s7.p))
                              :op2 (s13.b / buy-01
                                          :ARG1 s13.i2)
                              :time (s13.t / then))
                  :op2 (s13.d / deliver-01
                              :ARG1 s13.i2
                              :ARG2 (s13.i / i
                                           :same-as s5.i)
                              :time (s13.t2 / then)))
   :snt14 (s14.a / and
                 :mod (s14.b / basic)
                 :op1 (s14.t / take-01
                             :ARG0 (s14.i / i
                                          :same-as s5.i)
                             :ARG1 (s14.i2 / it
                                           :same-as s7.p))
                 :op2 (s14.p2 / prepare-01
                              :ARG0 s14.i
                              :ARG1 s14.i2)
                 :op3 (s14.c / consume-01
                             :ARG0 (s14.p / person)
                             :ARG1 s14.i2
                             :time (s14.t2 / then))
                 :op4 (s14.e / enjoy-01
                             :ARG0 s14.p
                             :ARG1 s14.i2
                             :ARG1-of (s14.h / hope-01)))
   :snt15 (s15.a / and
                 :op1 (s15.w / waste-01
                             :domain (s15.s / stage
                                            :mod (s15.l / last))
                             :mod (s15.b / basic))
                 :op2 (s15.d / disregard-01
                             :ARG0 (s15.e / everybody)
                             :ARG1 (s15.i / it
                                          :same-as s15.w)
                             :degree (s15.p / pretty-much)
                             :location (s15.t / this)))
   :snt16 (s16.t / type
                 :ARG1-of (s16.d / differ-02)
                 :ARG1-of (s16.w / waste-01))
   :snt17 (s17.a / and
                 :op1 (s17.w / waste-01
                             :ARG1 (s17.t / time))
                 :op2 (s17.w2 / waste-01
                              :ARG1 (s17.s / space))
                 :op3 (s17.w3 / waste-01
                              :ARG1 (s17.e / energy))
                 :op4 (s17.w4 / waste-01
                              :ARG1 (s17.w5 / waste-01)))
   :snt18 (s18.a / and
                 :op2 (s18.t3 / try-01
                              :ARG0 (s18.i / i
                                           :same-as s5.i)
                              :ARG1 (s18.l / lower-05
                                           :ARG0 s18.i
                                           :ARG1 (s18.e2 / element
                                                         :ARG1-of (s18.i2 / include-91
                                                                          :ARG2 (s18.e3 / element
                                                                                        :mod (s18.t2 / this)))
                                                         :mod (s18.o / one
                                                                     :mod (s18.e / each))))
                              :mod (s18.b2 / business
                                           :ARG1-of (s18.w / work-01
                                                           :ARG0 s18.i
                                                           :time (s18.b / before
                                                                        :duration (s18.t / temporal-quantity
                                                                                         :unit (s18.y / year)
                                                                                         :quant "5")
                                                                        :op1 (s18.n / now)))
                                           :mod (s18.e4 / every))))
   :snt19 (s19.c / cause-01
                 :ARG1 (s19.a / ask-01
                              :ARG0 (s19.y / you)
                              :ARG1 (s19.t / thing
                                           :ARG1-of (s19.l / look-02
                                                           :ARG0 (s19.r / restaurant
                                                                        :ARG1-of (s19.s / sustain-01
                                                                                        :ARG1-of (s19.p / possible-01))))))
                 :ARG1-of (s19.o / okay-04))
   :snt20 (s20.r2 / restaurant
                  :ARG1-of (s20.r / resemble-01
                                  :ARG2 (s20.r3 / restaurant
                                                :mod (s20.a / any)
                                                :mod (s20.o / other))
                                  :mod (s20.j / just))
                  :mod (s20.b / basic))
   :snt21 (s21.r / restaurant
                 :name (s21.n / name
                              :op1 "Acorn"
                              :op2 "House")
                 :domain (s21.t / this))
   :snt22 (s22.a / and
                 :op1 (s22.i / in-front-of)
                 :op2 (s22.b / back))
   :snt23 (s23.l / let-01
                 :ARG0 (s23.y / you)
                 :ARG1 (s23.r / run-01
                              :ARG0 (s23.i / i
                                           :same-as s5.i)
                              :ARG1 s23.y
                              :path (s23.i2 / idea
                                            :quant (s23.f / few)))
                 :mode "imperative")
   :snt24 (s24.a / and
                 :domain (s24.f / floor)
                 :op1 (s24.p / possible-01
                             :ARG1 (s24.s / sustain-01
                                          :ARG1 s24.f))
                 :op2 (s24.p2 / possible-01
                              :ARG1 (s24.r / recycle-01
                                           :ARG1 s24.f)))
   :snt25 (s25.m / mean-01
                 :ARG1 (s25.s / seat)
                 :ARG2 (s25.a / and
                              :op1 (s25.r / recycle-01
                                          :ARG1 s25.s
                                          :ARG1-of (s25.p / possible-01))
                              :op2 (s25.r2 / recycle-01
                                           :ARG1 s25.s
                                           :ARG1-of (s25.p2 / possible-01))))
   :snt26 (s26.o / organization
                 :name (s26.n / name
                              :op1 "Forestry"
                              :op2 "Commission")
                 :ARG0-of (s26.d / describe-01
                                 :ARG1 (s26.t / table)))
   :snt27 (s27.w / wood
                 :domain (s27.t / this)
                 :poss (s27.g / government-organization
                              :name (s27.n / name
                                           :op1 "Norwegian"
                                           :op2 "Forestry"
                                           :op3 "Commission")))
   :snt28 (s28.h / have-concession-91
                 :ARG1 (s28.c / cause-01
                              :ARG0 (s28.d / dislike-01
                                           :ARG0 (s28.p / person
                                                        :ARG0-of (s28.h2 / have-rel-role-91
                                                                         :ARG1 (s28.i / i
                                                                                      :same-as s5.i)
                                                                         :ARG2 (s28.m / mom)))
                                           :ARG1 (s28.s2 / sit-01
                                                         :ARG1 s28.p
                                                         :ARG2 (s28.b / bench
                                                                      :mod (s28.t / this))))
                              :ARG1 (s28.a / and
                                           :ARG0-of (s28.c2 / cause-01
                                                            :ARG1 (s28.j / job
                                                                         :ARG1-of (s28.g2 / good-02
                                                                                          :degree (s28.p2 / pretty)
                                                                                          :same-as s28.b2)
                                                                         :domain (s28.r / reuse-01)))
                                           :op1 (s28.g / go-02
                                                       :ARG0 s28.p)
                                           :op2 (s28.b2 / buy-01
                                                        :ARG0 s28.p
                                                        :ARG1 (s28.c4 / cushion
                                                                      :mod (s28.t2 / this))
                                                        :ARG2 (s28.s / sell-01
                                                                     :ARG1-of (s28.l / local-02)
                                                                     :mod (s28.j2 / jumble))
                                                        :ARG4 s28.i)))
                 :ARG2 (s28.c3 / comfortable-02
                               :ARG0 s28.p
                               :ARG1 s28.b
                               :polarity "-"))
   :snt29 (s29.h / hate-01
                 :ARG0 (s29.i / i
                              :same-as s5.i)
                 :ARG1 (s29.w2 / waste-01
                               :example (s29.w / wall
                                               :mod (s29.e / especially))))
   :snt30 (s30.h / have-condition-91
                 :ARG1 (s30.p2 / put-01
                               :ARG0 (s30.y / you)
                               :ARG0-of (s30.c / cause-01
                                               :ARG1 (s30.s2 / show-01
                                                             :ARG0 s30.p2
                                                             :ARG1 (s30.p / product
                                                                          :poss (s30.i / i
                                                                                       :same-as s5.i))
                                                             :ARG2 (s30.c2 / customer
                                                                           :mod (s30.a / all)
                                                                           :poss s30.i)))
                               :ARG1 (s30.s / shelf)
                               :ARG1-of (s30.d / do-02
                                               :ARG0 s30.i)
                               :ARG2 (s30.i2 / it
                                             :same-as s28.b))
                 :ARG2 (s30.w / work-09
                              :ARG1 (s30.t / they
                                           :same-as s29.w2)
                              :polarity "-"))
   :snt31 (s31.r / run-01
                 :ARG1 (s31.b / business
                              :mod (s31.w / whole))
                 :prep-on (s31.e / energy
                                 :ARG1-of (s31.s / sustain-01
                                                 :ARG1-of (s31.p / possible-01))))
   :snt32 (s32.p / power-01
                 :ARG0 (s32.w / wind)
                 :ARG1 (s32.t / this))
   :snt33 (s33.b / bulb
                 :domain (s33.l / light
                                :mod (s33.a / all))
                 :mod (s33.d / daylight))
   :snt34 (s34.c / chemical
                 :ARG1-of (s34.i / important-01
                                 :degree (s34.v / very)
                                 :time (s34.w / work-01
                                              :ARG0 (s34.y / you)
                                              :frequency (s34.t / time
                                                                :mod (s34.a2 / all))
                                              :location (s34.r / room)))
                 :domain (s34.p / paint-03
                                :mod (s34.a / all))
                 :mod (s34.v2 / volume
                              :ARG1-of (s34.l / low-04)))
   :snt35 (s35.c / contrast-01
                 :ARG1 (s35.k / know-01
                              :ARG0 (s35.i / i
                                           :same-as s5.i)
                              :ARG1 (s35.t3 / truth-value
                                            :polarity-of (s35.p / possible-01
                                                                :ARG1 (s35.s / see-01
                                                                             :ARG0 (s35.y / you))))
                              :polarity "-")
                 :ARG2 (s35.s2 / surface
                               :purpose (s35.w / work-01)
                               :location (s35.t / there))
                 :rel (s35.e / experiment-01
                             :ARG0 s35.i
                             :ARG1 (s35.t2 / this)))
   :snt36 (s36.a / and
                 :op2 (s36.p2 / polymer
                              :consist-of (s36.p / plastic)
                              :domain (s36.t / that
                                             :same-as s35.w)))
   :snt37 (s37.a / and
                 :op2 (s37.t / think-01
                             :ARG0 (s37.i / i
                                          :same-as s5.i)
                             :ARG1 (s37.t3 / try-01
                                           :ARG0 s37.i
                                           :ARG1 (s37.t2 / think-01
                                                         :ARG0 s37.i
                                                         :ARG1 (s37.n / nature))
                                           :mod (s37.w / well))))
   :snt38 (s38.c / contrast-01
                 :ARG2 (s38.t / think-01
                              :ARG0 (s38.i / i
                                           :same-as s5.i)
                              :ARG1 (s38.e / experiment-01
                                           :ARG0 (s38.y / you)
                                           :ARG1 (s38.f / film)
                                           :ARG2 (s38.e2 / experiment-01
                                                         :ARG0 s38.y
                                                         :ARG1 (s38.f2 / film
                                                                       :ARG1-of (s38.h / have-org-role-91
                                                                                       :op2 s38.f))
                                                         :mode "imperative")
                                           :mod (s38.n / no)
                                           :mode "imperative")))
   :snt39 (s39.l / live-01
                 :ARG0 (s39.t / they)
                 :ARG1 (s39.i / i
                              :same-as s5.i)
                 :polarity (s39.a / amr-unknown))
   :snt40 (s40.p2 / probable
                  :domain (s40.p / possible-01
                                 :ARG1 (s40.t / they
                                              :same-as s39.t)))
   :snt41 (s41.m / machine
                 :purpose (s41.c / coffee)
                 :ARG1-of (s41.q / qualify-02)
                 :ARG2-of (s41.r / right-06)
                 :location (s41.h / here))
   :snt42 (s42.l / look-02
                 :ARG0 (s42.i / it
                              :same-as s41.q)
                 :ARG0-of (s42.c / cause-01
                                 :ARG1 (s42.l2 / look-02
                                               :ARG0 s42.i
                                               :ARG1 (s42.g2 / good-02)
                                               :location (s42.t / there)))
                 :ARG1-of (s42.a / actual-02)
                 :ARG1-of (s42.h / have-degree-91
                                 :ARG2 (s42.g / good-02)
                                 :ARG3 (s42.m / more)
                                 :ARG4 (s42.o / one
                                              :ARG1-of (s42.n / new-01
                                                              :mod (s42.b / brand)))))
   :snt43 (s43.v / vital
                 :domain (s43.r / reuse-01)
                 :time (s43.n / now))
   :snt44 (s44.a / and
                 :op2 (s44.f / filter-02
                             :ARG0 (s44.w2 / we)
                             :ARG1 (s44.w / water
                                          :poss s44.w2)))
   :snt45 (s45.a2 / and
                  :op1 (s45.a / and
                              :op1 (s45.p / put-01
                                          :ARG0 (s45.w / we
                                                       :same-as s44.w2)
                                          :ARG1 (s45.t3 / they
                                                        :same-as s44.w)
                                          :ARG2 (s45.b / bottle))
                              :op2 (s45.c / cool-01
                                          :ARG0 s45.w
                                          :ARG1 s45.t3))
                  :op2 (s45.r / reuse-01
                              :ARG0 s45.w
                              :ARG1 s45.b
                              :ARG3 (s45.b2 / bottle
                                            :mod (s45.t / that)
                                            :same-as s45.b)
                              :frequency (s45.t4 / time-and-again)
                              :time (s45.t2 / then)))
   :snt46 (s46.e / example
                 :location (s46.h / here)
                 :mod (s46.l / little)
                 :mod (s46.g / great))
   :snt47 (s47.g / grow-01
                 :ARG1 (s47.t3 / tree
                               :mod (s47.o / orange)
                               :mod (s47.t / this))
                 :ARG1-of (s47.a / actual-02)
                 :condition (s47.p / possible-01
                                   :ARG1 (s47.s / see-01
                                                :ARG0 (s47.y / you)
                                                :ARG1 s47.t3))
                 :location (s47.t2 / tire
                                   :ARG1-of (s47.t4 / turn-01
                                                    :direction (s47.i / inside
                                                                      :op1 (s47.o2 / out)))
                                   :ARG1-of (s47.s2 / stitch-01
                                                    :mod (s47.u / up))
                                   :part-of (s47.c / car)))
   :snt48 (s48.c2 / contain-01
                  :ARG0 (s48.i2 / it
                                :same-as s47.t2)
                  :ARG1 (s48.c / compost
                               :ARG0-of (s48.g2 / grow-03
                                                :ARG1 (s48.t / tree
                                                             :mod (s48.o / orange)))
                               :poss (s48.i / i
                                            :same-as s5.i))
                  :mod (s48.g / great
                              :same-as s47.t3))
   :snt49 (s49.k / kitchen
                 :domain (s49.t / this)
                 :location (s49.r / room
                                  :ARG1-of (s49.s / same-01)))
   :snt50 (s50.c3 / create-01
                  :ARG0 (s50.i / i
                               :same-as s5.i)
                  :ARG1 (s50.m / menu
                               :ARG0-of (s50.a / allow-01
                                               :ARG1 (s50.c / choose-01
                                                            :ARG0 (s50.p / person)
                                                            :ARG1 (s50.a3 / and
                                                                          :op1 (s50.a2 / amount
                                                                                       :quant-of (s50.f / food
                                                                                                        :ARG1-of (s50.c2 / consume-01
                                                                                                                         :ARG0 s50.p
                                                                                                                         :ARG1-of (s50.w / want-01
                                                                                                                                         :ARG0 s50.p))
                                                                                                        :quant s50.v))
                                                                          :op2 (s50.v / volume)))))
                  :mod (s50.b / basic))
   :snt51 (s51.i2 / instead-of-91
                  :ARG1 (s51.a / allow-01
                               :ARG1 (s51.h3 / help-01
                                             :ARG0 (s51.t / they
                                                          :same-as s50.p)
                                             :ARG1 (s51.o / or
                                                          :op1 (s51.h / have-quant-91
                                                                      :ARG2 (s51.m / much)
                                                                      :ARG3 (s51.e / equal)
                                                                      :ARG4 (s51.w / want-01
                                                                                   :ARG0 s51.t))
                                                          :op2 (s51.h2 / have-quant-91
                                                                       :ARG2 (s51.l / little)
                                                                       :ARG3 (s51.e2 / equal)
                                                                       :ARG4 s51.w))
                                             :ARG2 s51.t)
                               :ARG2 s51.t)
                  :ARG2 (s51.p / put-01
                               :ARG0 (s51.i / i
                                            :same-as s5.i)
                               :ARG1 (s51.d / dish)
                               :ARG2 (s51.d2 / down)))
   :snt52 (s52.o / okay-04
                 :ARG1 (s52.k / kitchen
                              :domain (s52.i / it
                                             :same-as s49.r)
                              :mod (s52.s / small)))
   :snt53 (s53.a / about
                 :domain (s53.i / it
                                :same-as s49.r)
                 :op1 (s53.a2 / area-quantity
                              :unit (s53.s / square-kilometer)
                              :quant "5"))
   :snt54 (s54.s / serve-02
                 :ARG0 (s54.i / it
                              :same-as s49.r)
                 :ARG2 (s54.p / person
                              :quant "220")
                 :frequency (s54.t / temporal-quantity
                                   :unit (s54.d / day)
                                   :quant "1"))
   :snt55 (s55.g / generate-01
                 :ARG0 (s55.w2 / we)
                 :ARG1 (s55.w / waste-01
                              :quant (s55.l / lot
                                            :degree (s55.q / quite))))
   :snt56 (s56.r / room
                 :purpose (s56.w / waste-01)
                 :domain (s56.t / this))
   :snt57 (s57.p / possible-01
                 :ARG1 (s57.r / rid-01
                              :ARG0 (s57.y / you)
                              :ARG1 (s57.w / waste-01))
                 :polarity "-")
   :snt58 (s58.c3 / contrast-01
                  :ARG1 (s58.c / concern-02
                               :ARG0 (s58.s / story
                                            :mod (s58.t / this))
                               :ARG1 (s58.e / eliminate-01
                                            :ARG1 (s58.i / it
                                                         :same-as s57.w))
                               :polarity "-")
                  :ARG2 (s58.c2 / concern-02
                                :ARG0 s58.s
                                :ARG1 (s58.m / minimize-01
                                             :ARG1 s58.i)))
   :snt59 (s59.h / have-03
                 :ARG0 (s59.i / i
                              :same-as s5.i)
                 :ARG1 (s59.a / and
                              :mod (s59.t / thing
                                          :ARG1-of (s59.a2 / avoid-01
                                                           :ARG1 s59.a))
                              :op1 (s59.p2 / produce)
                              :op2 (s59.b / box))
                 :location (s59.h2 / here)
                 :rel (s59.p / possible-01
                             :ARG1 s59.a2
                             :polarity "-"))
   :snt60 (s60.p2 / put-01
                  :ARG0 (s60.i / i
                               :same-as s5.i)
                  :ARG1 (s60.w / waste
                               :poss s60.i
                               :source (s60.f / food))
                  :ARG2 (s60.t2 / thing
                                :ARG0-of (s60.d / dehydrate-01)
                                :ARG0-of (s60.i2 / incinerate-01)
                                :ARG0-of (s60.t4 / turn-02
                                                 :ARG1 s60.f
                                                 :ARG2 (s60.m / material
                                                              :ARG1-of (s60.s / store-01
                                                                              :ARG0 s60.i
                                                                              :ARG1-of (s60.p / possible-01))
                                                              :ARG1-of (s60.r / recycle-01
                                                                              :ARG0 s60.i
                                                                              :time (s60.t / then)
                                                                              :time (s60.a / after
                                                                                           :op1 (s60.n / now)))
                                                              :mod (s60.i3 / inner)))
                                :mod (s60.f2 / funny)
                                :mod (s60.t3 / this)))
   :snt61 (s61.r / rot-01
                 :ARG0 (s61.i / i
                              :same-as s5.i)
                 :ARG1 (s61.i2 / it
                               :same-as s60.w)
                 :location (s61.g / garden
                                  :mod (s61.t / this)))
   :snt62 (s62.a3 / and
                  :op1 (s62.f2 / food
                               :ARG1-of (s62.g / generate-01
                                               :ARG0 (s62.r / restaurant))
                               :domain (s62.s3 / soil
                                               :ARG1-of (s62.s / see-01
                                                               :ARG0 (s62.y / you)
                                                               :ARG1-of (s62.p / possible-01))
                                               :mod (s62.a / all)
                                               :mod (s62.b2 / basic))
                               :poss (s62.i / i
                                            :same-as s5.i))
                  :op2 (s62.g2 / grow-03
                               :ARG1 s62.f2
                               :location (s62.t4 / tube
                                                 :ARG1-of (s62.m / make-01
                                                                 :ARG0 s62.i
                                                                 :ARG2 (s62.a4 / and
                                                                               :op1 (s62.t3 / tree
                                                                                            :ARG1-of (s62.f / fall-01
                                                                                                            :ARG0 (s62.s4 / storm-01)))
                                                                               :op2 (s62.s2 / ship
                                                                                            :part-of (s62.b / barrel
                                                                                                            :mod (s62.w / wine)))
                                                                               :op3 (s62.t / thing
                                                                                           :mod (s62.k / kind
                                                                                                       :mod (s62.a2 / all)))))
                                                 :mod (s62.t2 / this))))
   :snt63 (s63.b / be-located-at-91
                 :ARG1 (s63.n / nasty
                              :quant (s63.c / couple))
                 :ARG2 (s63.t / there)
                 :mod (s63.t2 / too))
   :snt64 (s64.a2 / and
                  :op2 (s64.b2 / bad-07
                               :ARG1-of (s64.i / include-91
                                               :ARG2 (s64.b / bad-07
                                                            :same-as s63.n))
                               :ARG1-of (s64.a / actual-02))
                  :rel (s64.b3 / big))
   :snt65 (s65.h / have-03
                 :ARG0 (s65.i / i
                              :same-as s5.i)
                 :ARG1 (s65.w / worm
                              :quant (s65.l / lot))
                 :location (s65.i2 / it
                                   :same-as s64.i))
   :snt66 (s66.a / and
                 :op2 (s66.t2 / try-01
                              :ARG0 (s66.i / i
                                           :same-as s5.i)
                              :ARG1 (s66.a2 / and
                                            :op1 (s66.t / take-01
                                                        :ARG0 s66.i
                                                        :ARG1 (s66.w / waste-01
                                                                     :ARG1 (s66.f / food
                                                                                  :ARG1-of (s66.d2 / dry-02))))
                                            :op2 (s66.p / put-01
                                                        :ARG0 s66.i
                                                        :ARG1 s66.w
                                                        :ARG2 (s66.w2 / worm))
                                            :op3 (s66.g2 / go-23
                                                         :ARG0 s66.i
                                                         :ARG1 (s66.g / go-01
                                                                      :ARG4 (s66.d / dinner))))))
   :snt67 (s67.a2 / and
                  :op1 (s67.r / resemble-01
                              :ARG1 (s67.i / it
                                           :same-as s66.w)
                              :ARG2 (s67.j / jerky
                                           :mod (s67.v / vegetable)))
                  :op2 (s67.k / kill-01
                              :ARG0 s67.i
                              :ARG1 (s67.t / they
                                           :mod (s67.a / all)
                                           :same-as s66.w2)))
   :snt68 (s68.c2 / contrast-01
                  :ARG1 (s68.k2 / know-01
                                :ARG0 (s68.i / i
                                             :same-as s5.i)
                                :ARG1 (s68.n / number
                                             :quant-of (s68.w / worm
                                                              :location (s68.t2 / there)))
                                :polarity "-")
                  :ARG2 (s68.h / have-03
                               :ARG0 s68.i
                               :ARG1 (s68.c / come-01
                                            :ARG1 (s68.k / karma
                                                         :quant (s68.s / some)
                                                         :mod (s68.h2 / heavy)))
                               :ARG1-of (s68.t / tell-01
                                               :ARG0 s68.i
                                               :ARG2 (s68.y / you))))
   :snt69 (s69.s / see-01
                 :ARG0 (s69.y / you)
                 :ARG1 (s69.s2 / system
                               :ARG0-of (s69.f / filter-02
                                               :ARG1 (s69.w / water)))
                 :location (s69.h / here))
   :snt70 (s70.a / and
                 :op1 (s70.t / take-out-11
                             :ARG0 (s70.t3 / this
                                           :same-as s69.s2)
                             :ARG1 (s70.w / water)
                             :source (s70.r / restaurant
                                            :same-as s62.r))
                 :op2 (s70.r2 / run-01
                              :ARG0 s70.t3
                              :ARG1 s70.w
                              :path (s70.t5 / through
                                            :op1 (s70.b / bed
                                                        :consist-of (s70.s2 / stone)
                                                        :location-of (s70.m / mint
                                                                            :location (s70.t2 / there))
                                                        :mod (s70.t4 / this))))
                 :op3 (s70.w2 / water-01
                              :ARG0 (s70.i / i
                                           :same-as s5.i)
                              :ARG1 (s70.g / garden
                                           :same-as s61.g)
                              :ARG2 s70.w
                              :degree (s70.s / sort-of)))
   :snt71 (s71.a / and
                 :op2 (s71.w / want-01
                             :ARG0 (s71.i / i
                                          :same-as s5.i)
                             :ARG1 (s71.a2 / and
                                           :op1 (s71.r / recycle-01
                                                       :ARG0 s71.i
                                                       :ARG1 (s71.t / that
                                                                    :same-as s70.w))
                                           :op2 (s71.p2 / put-01
                                                        :ARG0 s71.i
                                                        :ARG1 s71.t
                                                        :ARG2 (s71.b / back)
                                                        :location (s71.f / force))
                                           :op3 (s71.w2 / wash-01
                                                        :ARG0 s71.i
                                                        :ARG1 (s71.h / hand)
                                                        :ARG1-of (s71.p / possible-01
                                                                        :ARG1-of (s71.k / know-01
                                                                                        :ARG0 s71.i
                                                                                        :polarity "-"))
                                                        :ARG2 s71.t))
                             :time (s71.u / ultimate)))
   :snt72 (s72.c / cause-01
                 :ARG1 (s72.a / aspect
                              :ARG1-of (s72.i / important-01
                                              :degree (s72.v / very))
                              :domain (s72.w / water)))
   :snt73 (s73.a / and
                 :op1 (s73.s / start-01
                             :ARG0 (s73.i / i
                                          :same-as s5.i)
                             :ARG1 (s73.m / meditate-01
                                          :ARG0 s73.i
                                          :ARG1 (s73.t / that)))
                 :op2 (s73.c / create-01
                             :ARG0 s73.i
                             :ARG1 (s73.r / restaurant
                                          :name (s73.n / name
                                                       :op1 "Waterhouse"))))
   :snt74 (s74.g3 / great
                  :condition (s74.p / possible-01
                                    :ARG1 (s74.g2 / get-04
                                                  :ARG0 (s74.i / i
                                                               :same-as s5.i)
                                                  :ARG1 (s74.r / restaurant
                                                               :ARG0-of (s74.c2 / consume-01
                                                                                :ARG1 (s74.g / gas
                                                                                             :polarity "-")
                                                                                :ARG2-of (s74.s / start-01))
                                                               :mod (s74.c / carbon
                                                                           :polarity "-"))))
                  :domain s74.g2
                  :rel (s74.n / name
                              :op1 "Waterhouse"
                              :same-as s73.r))
   :snt75 (s75.m / manage-02
                 :ARG0 (s75.i / i
                              :same-as s5.i)
                 :ARG1 (s75.d / do-02
                              :ARG0 s75.i
                              :ARG1 (s75.i2 / it
                                            :same-as s74.g2)))
   :snt76 (s76.l2 / look-02
                  :ARG0 (s76.r / restaurant
                               :mod (s76.t2 / this)
                               :same-as s73.r)
                  :ARG1 (s76.o / organization
                               :name (s76.n / name
                                            :op1 "Acorn"
                                            :op2 "House"))
                  :degree (s76.b / bit
                                 :mod (s76.l / little))
                  :example (s76.a / and
                                  :op1 (s76.c / chair
                                              :ARG1-of (s76.s / same-01))
                                  :op2 (s76.t / table
                                              :ARG1-of (s76.s2 / same-01))))
   :snt77 (s77.a2 / and
                  :op1 (s77.c / country
                              :name (s77.n / name
                                           :op1 "England")
                              :domain (s77.t / they
                                             :mod (s77.a / all)))
                  :op2 (s77.p / possible-01
                              :ARG1 (s77.s / sustain-01
                                           :ARG1 s77.t)
                              :ARG2-of (s77.h / have-degree-91
                                              :ARG1 s77.a2
                                              :ARG3 (s77.m / more
                                                           :quant (s77.b / bit
                                                                         :mod (s77.l / little))))))
   :snt78 (s78.c / contrast-01
                 :ARG2 (s78.r / restaurant
                              :domain (s78.t / this
                                             :same-as s73.r)
                              :mod (s78.e / electricity)))
   :snt79 (s79.a / and
                 :domain (s79.t / thing
                                :mod (s79.w / whole))
                 :op1 (s79.e / electric)
                 :op2 (s79.r / restaurant
                             :same-as s62.r)
                 :op3 (s79.k / kitchen))
   :snt80 (s80.a2 / and
                  :op2 (s80.r / run-01
                              :ARG0-of (s80.c / cause-01
                                              :ARG1 (s80.g / go-02
                                                           :ARG0 (s80.i / i
                                                                        :same-as s5.i)
                                                           :ARG3 (s80.a / air)
                                                           :ARG4 (s80.w / water)))
                              :ARG1 (s80.i2 / it
                                            :same-as s73.r)
                              :ARG3 (s80.h / hydroelectricity)))
   :snt81 (s81.i / important-01
                 :ARG1 (s81.u / understand-01
                              :ARG1 (s81.a / and
                                           :op1 (s81.c / cool-01
                                                       :ARG0 (s81.w / water)
                                                       :ARG1 (s81.r / room
                                                                    :mod (s81.t / this)))
                                           :op2 (s81.h / heat-01
                                                       :ARG1 s81.w)
                                           :op3 (s81.f / filter-02
                                                       :ARG0 s81.w
                                                       :ARG1 (s81.w2 / water
                                                                     :poss s81.r))
                                           :op4 (s81.p / power-01
                                                       :ARG0 s81.w
                                                       :ARG1 s81.r)))
                 :time (s81.n / now))
   :snt82 (s82.w / water
                 :name (s82.n / name
                              :op1 "Waterhouse")
                 :domain (s82.i / it
                                :same-as s73.r)
                 :mod (s82.l / literal))
   :snt83 (s83.h / handle-01
                 :ARG1 (s83.a / air)
                 :domain (s83.t / this)
                 :mod (s83.b / basic))
   :snt84 (s84.a2 / and
                  :op1 (s84.t / take-01
                              :ARG0 (s84.i / i
                                           :same-as s5.i)
                              :ARG1 (s84.t2 / temperature
                                            :poss (s84.c / canal
                                                         :location (s84.o2 / outside))))
                  :op2 (s84.p3 / pump-01
                               :ARG0 s84.i
                               :ARG1 s84.t2
                               :path (s84.m / mechanism
                                            :instrument-of (s84.e / exchange-01
                                                                  :ARG1 (s84.h / heat))))
                  :op3 (s84.t4 / turn-01
                               :ARG1 s84.t2
                               :path (s84.s / sail-01
                                            :ARG0-of (s84.a / amaze-01)
                                            :location (s84.r2 / roof)
                                            :mod (s84.t3 / this)))
                  :op4 (s84.f / fall-01
                              :ARG1 s84.t2
                              :ARG1-of (s84.s2 / soft-02)
                              :ARG4 (s84.p / person
                                           :location (s84.r / restaurant
                                                            :same-as s73.r))
                              :mod (s84.i2 / in-turn))
                  :op5 (s84.o / or
                              :concession (s84.n / need-01
                                                 :ARG1-of (s84.p2 / possible-01))
                              :op1 s84.f
                              :op2 (s84.c2 / cool-01
                                           :ARG0 s84.i
                                           :ARG1 s84.p)
                              :op3 (s84.h2 / heat-01
                                           :ARG0 s84.i
                                           :ARG1 s84.p)))
   :snt85 (s85.a2 / and
                  :op2 (s85.t / thing
                              :ARG0-of (s85.d / differ-02
                                              :ARG1 (s85.a / air))
                              :ARG0-of (s85.m / move-01
                                              :ARG1 (s85.c2 / current
                                                            :mod s85.a)
                                              :ARG1-of (s85.g / gentle-01)
                                              :ARG2 (s85.r / room
                                                           :same-as s81.r))
                              :domain (s85.t2 / this)
                              :mod (s85.c / country
                                          :name (s85.n / name
                                                       :op1 "England")))
                  :rel (s85.w / willow))
   :snt86 (s86.p / pipeline
                 :quant (s86.m2 / multiple
                                :op1 (s86.d / distance-quantity
                                            :unit (s86.m / meter)
                                            :quant "100"))
                 :location (s86.c / canal
                                  :location (s86.o / outside
                                                   :mod (s86.j / just)
                                                   :op1 (s86.r / restaurant
                                                               :same-as s73.r))
                                  :same-as s84.c)
                 :mod (s86.c2 / coil))
   :snt87 (s87.a / and
                 :op1 (s87.t / take-01
                             :ARG0 (s87.t4 / this
                                           :same-as s86.m2)
                             :ARG1 (s87.t2 / temperature
                                           :poss (s87.c / canal
                                                        :same-as s84.c)))
                 :op2 (s87.t6 / turn-02
                              :ARG0 s87.t4
                              :ARG1 s87.t2
                              :ARG2 (s87.e / exchange-01
                                           :ARG1 (s87.h / heat)
                                           :duration (s87.t3 / temperature-quantity
                                                             :quant "4")
                                           :mod (s87.t5 / this))))
   :snt88 (s88.c / contrast-01
                 :ARG1 (s88.h / have-03
                              :ARG0 (s88.i / i
                                           :same-as s5.i)
                              :ARG1 (s88.i2 / idea
                                            :topic (s88.t / thing
                                                          :manner-of (s88.w / work-09
                                                                            :ARG1 (s88.i3 / it
                                                                                          :same-as s86.m2))))
                              :polarity "-")
                 :ARG2 (s88.p / pay-01
                              :ARG0 s88.i
                              :ARG1 (s88.m / money
                                           :quant (s88.l / lot))
                              :ARG3 s88.i3))
   :snt89 (s89.a2 / and
                  :op2 (s89.g2 / great
                               :domain (s89.l / live-01
                                              :ARG0 (s89.c / chef
                                                           :ARG1-of (s89.i / include-91
                                                                           :ARG2 (s89.c2 / chef
                                                                                         :ARG0-of (s89.w / work-01
                                                                                                         :ARG1 (s89.r / restaurant
                                                                                                                      :mod (s89.t / that)
                                                                                                                      :same-as s73.r))))
                                                           :quant "1")
                                              :location (s89.b / boat
                                                               :ARG0-of (s89.g / generate-01
                                                                               :ARG1 (s89.p / power
                                                                                            :mod (s89.a / all)
                                                                                            :poss s89.r))
                                                               :mod (s89.t2 / this)
                                                               :mod (s89.g3 / grid)))))
   :snt90 (s90.g / grow-03
                 :ARG0 (s90.h / he
                              :same-as s89.c)
                 :ARG1 (s90.f2 / fruit
                               :mod (s90.a / all)
                               :poss s90.h)
                 :ARG1-of (s90.f / fantastic-02))
   :snt91 (s91.a / accident
                 :topic (s91.t / thing
                               :ARG2-of (s91.n / name-01
                                               :ARG1 (s91.r / restaurant
                                                            :mod (s91.t2 / this)
                                                            :same-as s73.r)))
                 :polarity "-")
   :snt92 (s92.a2 / and
                  :op1 (s92.e / element
                              :domain (s92.h / house
                                             :name (s92.n / name
                                                          :op1 "Acorn"))
                              :mod (s92.w4 / wood))
                  :op2 (s92.e2 / element
                               :domain (s92.w / water)
                               :mod (s92.w2 / water))
                  :op3 (s92.t / think-01
                              :ARG0 (s92.i / i
                                           :same-as s5.i)
                              :ARG1 (s92.m / make-01
                                           :ARG0 s92.i
                                           :ARG1 (s92.r / restaurant
                                                        :ARG1-of (s92.b / base-02
                                                                        :ARG2 (s92.s / specialty
                                                                                     :mod (s92.a / acupuncture)
                                                                                     :mod (s92.m2 / medicine)
                                                                                     :mod (s92.c / country
                                                                                                 :name (s92.n2 / name
                                                                                                               :op1 "China"))))
                                                        :quant "5"))
                              :mod (s92.w3 / well))
                  :rel "5")
   :snt93 (s93.h / have-03
                 :ARG0 (s93.i / i
                              :same-as s5.i)
                 :ARG1 (s93.a / and
                              :op1 (s93.w / water)
                              :op2 (s93.w2 / wood)))
   :snt94 (s94.d / do-02
                 :ARG0 (s94.i / i
                              :same-as s5.i)
                 :ARG1 (s94.f / fire)
                 :time (s94.a / about-to
                              :mod (s94.j / just)))
   :snt95 (s95.h / have-03
                 :ARG0 (s95.i / i
                              :same-as s5.i)
                 :ARG1 (s95.a / and
                              :ARG1-of (s95.c / come-01)
                              :op1 (s95.m / metal)
                              :op2 (s95.e / earth)))
   :snt96 (s96.c / cause-01
                 :ARG1 (s96.o / obligate-01
                              :ARG1 (s96.y / you
                                           :same-as s35.y)
                              :ARG2 (s96.w / watch-01
                                           :purpose (s96.t / that)
                                           :ARG0 s96.y
                                           :ARG1 (s96.s / space
                                                        :poss s96.y))))
   :snt97 (s97.o / okay-01)
   :snt98 (s98.c / cause-01
                 :ARG1 (s98.p / project
                              :domain (s98.t / this)
                              :mod (s98.n / next)
                              :poss (s98.i / i
                                           :same-as s5.i)))
   :snt99 (s99.a / and
                 :op1 (s99.b / baby
                             :ARG0-of (s99.h / have-rel-role-91
                                             :ARG1 (s99.i / i
                                                          :same-as s5.i)
                                             :ARG2 (s99.i2 / it)))
                 :op2 (s99.h2 / hurt-01
                              :ARG1 s99.i2
                              :ARG1-of (s99.b2 / bad-07
                                               :degree (s99.r / really)))
                 :rel (s99.t / temporal-quantity
                             :unit (s99.w / week)
                             :quant "5"))
   :snt100 (s100.f / facility
                   :name (s100.n / name
                                 :op1 "People's"
                                 :op2 "Supermarket")
                   :same-as s98.t)
   :snt101 (s101.h / hit-01
                   :ARG0 (s101.r2 / restaurant
                                  :same-as s73.r)
                   :ARG1 (s101.p / person
                                 :ARG0-of (s101.b2 / believe-01
                                                   :ARG1 (s101.t / thing
                                                                 :ARG1-of (s101.d / do-02
                                                                                  :ARG0 (s101.i / i
                                                                                                :same-as s5.i)))
                                                   :mod (s101.a / anyway)))
                   :ARG1-of (s101.r / real-04)
                   :mod (s101.o / only)
                   :mod (s101.b / basic))
   :snt102 (s102.g / get-05
                   :ARG0 (s102.i / i
                                 :same-as s5.i)
                   :ARG1 (s102.f / food)
                   :ARG1-of (s102.n / need-01
                                    :ARG0 s102.i)
                   :ARG2 (s102.o / out)
                   :beneficiary (s102.s / spectrum
                                        :ARG1-of (s102.h / have-degree-91
                                                         :ARG2 (s102.b / broad-02
                                                                       :ARG1 s102.s)
                                                         :ARG3 (s102.m / more))
                                        :consist-of (s102.p / person)))
   :snt103 (s103.o / or
                   :op1 (s103.p / person
                                :ARG1-of (s103.m / mean-01)
                                :ARG2-of s103.m)
                   :op2 (s103.p3 / person
                                 :ARG0-of (s103.b / believe-01
                                                  :ARG1 (s103.c2 / cooperate-01)
                                                  :ARG1-of (s103.a / actual-02))
                                 :ARG1-of (s103.p5 / possible-01))
                   :rel (s103.p2 / person
                                 :ARG1-of (s103.h / have-degree-91
                                                  :ARG1-of (s103.p4 / possible-01)
                                                  :ARG2 (s103.c / class
                                                                :ARG0-of (s103.w / work-01))
                                                  :ARG3 (s103.m2 / more))))
   :snt104 (s104.a / and
                   :domain (s104.t / this
                                   :same-as s98.t)
                   :op1 (s104.e / enterprise
                                :mod (s104.s / society))
                   :op2 (s104.s2 / supermarket
                                 :ARG0-of (s104.c / cooperate-01)
                                 :ARG0-of (s104.p / profit-01
                                                  :polarity "-")))
   :snt105 (s105.c4 / concern-02
                    :ARG0 (s105.i / it
                                  :same-as s98.t)
                    :ARG1 (s105.d / disconnect-01
                                  :ARG1 (s105.a / and
                                                :op1 (s105.f2 / food)
                                                :op2 (s105.c2 / community
                                                              :location (s105.s / setting
                                                                                :mod (s105.u / urban)))
                                                :op3 (s105.r2 / relation-03
                                                              :ARG0 s105.c2
                                                              :ARG2 (s105.p / person
                                                                            :ARG0-of (s105.f / farm-01)
                                                                            :mod (s105.r3 / rural)))
                                                :op4 (s105.c5 / connect-01
                                                              :ARG1 (s105.c3 / community
                                                                             :location (s105.c / city
                                                                                               :name (s105.n / name
                                                                                                             :op1 "London")))
                                                              :ARG2 s105.p))
                                  :mod (s105.s2 / social))
                    :ARG1-of (s105.r / real-04))
   :snt106 (s106.i / important-01
                   :degree (s106.r / really))
   :snt107 (s107.c / cause-01
                   :ARG1 (s107.a2 / and
                                  :mod (s107.a / all)
                                  :mod (s107.s / stuff
                                               :ARG1-of (s107.i2 / important-01
                                                                 :degree (s107.v / very)))
                                  :op1 (s107.c2 / commit-01
                                                :ARG1 (s107.i / i
                                                              :same-as s5.i)
                                                :ARG2 (s107.p / potato))
                                  :op2 (s107.c3 / commit-01
                                                :ARG1 s107.i
                                                :ARG2 (s107.m / milk))
                                  :op3 (s107.c4 / commit-01
                                                :ARG1 s107.i
                                                :ARG2 (s107.a3 / and
                                                               :op1 (s107.l / leech)
                                                               :op2 (s107.b / broccoli)))))
   :snt108 (s108.a / and
                   :op1 (s108.k / keep-01
                                :ARG0 (s108.i / i
                                              :same-as s5.i)
                                :ARG1 (s108.t / tile))
                   :op2 (s108.k2 / keep-01
                                 :ARG0 s108.i
                                 :ARG1 (s108.f / floor))
                   :op3 (s108.k3 / keep-01
                                 :ARG0 s108.i
                                 :ARG1 (s108.t2 / trunking))
                   :op4 (s108.g / get-01
                                :ARG0 s108.i
                                :ARG1 (s108.r4 / refrigerator
                                               :quant (s108.s / some)
                                               :ARG1-of (s108.r / recycle-01)))
                   :op5 (s108.f2 / floor
                                 :quant (s108.s2 / some)
                                 :ARG1-of (s108.r2 / recycle-01))
                   :op6 (s108.g2 / get-02
                                 :ARG0 s108.i
                                 :ARG1 (s108.m / mortgage
                                               :quant (s108.s3 / some)
                                               :ARG1-of (s108.r3 / recycle-01))))
   :snt109 (s109.m / mean-01
                   :ARG0 (s109.i / i
                                 :same-as s5.i)
                   :ARG2 (s109.p / possible-01
                                 :ARG1 (s109.s2 / sustain-01
                                                :ARG1 (s109.t / thing
                                                              :mod (s109.w / whole)))
                                 :degree s109.m)
                   :rel (s109.s / super))
   :snt110 (s110.a / and
                   :mod (s110.i2 / in-fact)
                   :op1 (s110.t2 / try-01
                                 :ARG0 (s110.i / i
                                               :same-as s5.i))
                   :op2 (s110.m / make-02
                                :ARG0 s110.i
                                :ARG1 (s110.s / supermarket
                                              :ARG1-of (s110.h / have-degree-91
                                                               :ARG2 (s110.s3 / sustain-01
                                                                              :ARG1 s110.s
                                                                              :ARG1-of (s110.p / possible-01))
                                                               :ARG3 (s110.m2 / most)
                                                               :ARG5 (s110.s2 / supermarket
                                                                              :location (s110.w / world
                                                                                                :same-as s2.w2)))
                                              :domain (s110.t / this
                                                              :same-as s98.t))))
   :snt111 (s111.w / waste-01
                   :ARG1 (s111.f / food)
                   :domain (s111.t / that))
   :snt112 (s112.a / and
                   :op2 (s112.d / do-02
                                :ARG0 (s112.n / no-one)
                                :ARG1 (s112.t / that
                                              :same-as s110.m)
                                :time (s112.y / yet
                                              :mod (s112.j / just))))
   :snt113 (s113.g / get-05
                   :ARG1 (s113.i / i
                                 :same-as s5.i)
                   :ARG2 (s113.t / there)
                   :time (s113.b / before
                                 :op1 (s113.g2 / get-05
                                               :ARG1 (s113.y / you
                                                             :same-as s35.y)
                                               :ARG2 s113.t)))
   :snt114 (s114.c / cause-01
                   :ARG1 (s114.c2 / create-01
                                  :ARG0 (s114.n / nature)
                                  :ARG1 (s114.w / waste)
                                  :polarity "-")
                   :ARG1 (s114.c3 / create-01
                                  :ARG0 s114.n
                                  :ARG1 (s114.w2 / waste)
                                  :mod (s114.a / as-such)
                                  :polarity "-"))
   :snt115 (s115.a / and
                   :op1 (s115.u2 / use-up-04
                                 :ARG0 (s115.c3 / cycle-02
                                                :ARG1-of (s115.c2 / continue-01)
                                                :ARG1-of (s115.c / close-01)
                                                :accompanier (s115.e / end-01
                                                                     :ARG0 (s115.w / waste-01)
                                                                     :ARG1 (s115.b / begin-01)))
                                 :ARG1 (s115.e2 / everything
                                                :mod (s115.n / nature)))
                   :op2 (s115.n2 / nurture-01
                                 :ARG0 (s115.s2 / something
                                                :domain s115.u2)
                                 :ARG1 (s115.i / i
                                               :same-as s5.i)
                                 :duration (s115.t / time
                                                   :quant (s115.s / some)))
                   :op3 (s115.i2 / important-01
                                 :ARG0 (s115.u / understand-01
                                               :ARG1 s115.c3)
                                 :ARG1 (s115.s3 / state-01)))
   :snt116 (s116.p3 / possible-01
                    :ARG1 (s116.f / fail-01
                                  :ARG1 (s116.w / we))
                    :condition (s116.a2 / and
                                        :op1 (s116.a / and
                                                     :op1 (s116.s / stand-up-07
                                                                  :ARG1 s116.w
                                                                  :polarity "-")
                                                     :op2 (s116.m / make-01
                                                                  :ARG0 s116.w
                                                                  :ARG1 (s116.d / differ-02)
                                                                  :polarity "-")
                                                     :op2 (s116.t / think-01
                                                                  :ARG1 (s116.f2 / food
                                                                                 :ARG1-of (s116.s2 / sustain-01
                                                                                                   :ARG1-of (s116.p / possible-01)))))
                                        :op3 (s116.t2 / think-01
                                                      :ARG0 s116.w))
                    :rel (s116.p2 / possible-01
                                  :ARG1 (s116.s3 / sustain-01
                                                 :ARG1 (s116.n / nature
                                                               :poss s116.f2)))
                    :rel "-")
   :snt117 (s117.c / contrast-01
                   :ARG2 (s117.w / want-01
                                 :ARG0 (s117.i / i
                                               :same-as s5.i)
                                 :ARG1 (s117.a / and
                                               :op1 (s117.g / get-05
                                                            :ARG1 s117.i
                                                            :ARG2 (s117.u / up))
                                               :op2 (s117.s / show-01
                                                            :ARG0 s117.i
                                                            :ARG1 (s117.p / possible-01
                                                                          :ARG1 (s117.d / do-02
                                                                                        :ARG0 (s117.w2 / we)
                                                                                        :ARG1 (s117.i2 / it)
                                                                                        :condition (s117.r / responsible-02
                                                                                                           :ARG1 s117.w2
                                                                                                           :ARG2-of (s117.h / have-degree-91
                                                                                                                            :ARG1 s117.d
                                                                                                                            :ARG3 (s117.m / more)))))
                                                            :ARG2 (s117.y / you)))))
   :snt118 (s118.p / possible-01
                   :ARG1 (s118.d / do-02
                                 :ARG1 (s118.b / business
                                               :mod (s118.c / conscious
                                                            :topic (s118.e / environment)))))
   :snt119 (s119.b / be-located-at-91
                   :ARG1 (s119.t / they
                                 :same-as s118.b)
                   :ARG2 (s119.h / here))
   :snt120 (s120.p / possible-01
                   :ARG1 (s120.s / see-01
                                 :ARG0 (s120.y / you
                                               :same-as s117.y)
                                 :ARG1 (s120.d / do-02
                                               :ARG0 (s120.i / i
                                                             :same-as s5.i)
                                               :ARG1 (s120.t / thing
                                                             :quant "3")
                                               :time (s120.s2 / so-far))))
   :snt121 (s121.o / obligate-01
                   :ARG0 (s121.i / i
                                 :same-as s5.i)
                   :ARG2 (s121.g / go-06
                                 :quant (s121.f / few
                                                :op1 (s121.m / more
                                                             :quant "1"))
                                 :ARG0 s121.i)
                   :rel (s121.n / now))
   :snt122 (s122.e / embryo
                   :domain (s122.i / idea))
   :snt123 (s123.t / think-01
                   :ARG0 (s123.i / i
                                 :same-as s5.i)
                   :ARG1 (s123.i2 / important-01
                                  :ARG1 (s123.i3 / it
                                                 :same-as s122.i)))
   :snt124 (s124.t2 / think-01
                    :ARG0 (s124.i / i
                                  :same-as s5.i)
                    :condition (s124.a / and
                                       :domain (s124.r2 / recycle-01
                                                        :ARG1-of (s124.p / point-04
                                                                         :ARG0 s124.i
                                                                         :ARG1-of (s124.w / want-01
                                                                                          :ARG0 s124.i)
                                                                         :ARG1-of (s124.c / contrast-01
                                                                                          :ARG2 (s124.s / string-entity
                                                                                                        :ARG1-of (s124.i2 / instead-of-91
                                                                                                                          :ARG2 (s124.s2 / string-entity
                                                                                                                                         :quant "3"
                                                                                                                                         :value "( R )"))
                                                                                                        :quant "4"))
                                                                         :mod (s124.l / last)))
                                       :location (s124.e / end
                                                         :location (s124.t / there)
                                                         :mod (s124.r6 / right))
                                       :op1 (s124.r3 / reduce-01
                                                     :ARG0 (s124.w3 / we))
                                       :op2 (s124.r5 / reuse-01
                                                     :ARG0 s124.w3)
                                       :op3 (s124.r4 / refuse-01
                                                     :ARG0 s124.w3)
                                       :op4 (s124.r / recycle-01
                                                    :ARG0 s124.w3))
                    :condition-of (s124.w2 / way
                                           :domain s124.w3
                                           :poss s124.w3))
   :snt125 (s125.t2 / think-01
                    :ARG0 (s125.i / i
                                  :same-as s5.i)
                    :ARG1 (s125.p / problem
                                  :quant (s125.m / many)
                                  :ARG1-of (s125.c / come-01))
                    :concession-of (s125.s2 / sure-02
                                            :ARG0 s125.i
                                            :ARG1 (s125.f / find-01
                                                          :ARG0 s125.i
                                                          :ARG1 (s125.t / thing
                                                                        :ARG2-of (s125.s / solve-01)))
                                            :condition (s125.h / help-01)))
   :snt126 (s126.a2 / and
                    :op2 (s126.h / hope-01
                                 :ARG0 (s126.i / i
                                               :same-as s5.i)
                                 :ARG1 (s126.p / participate-01
                                               :ARG0 (s126.y / you
                                                             :mod (s126.a / all)))))
   :snt127 (s127.t / thank-01
                   :ARG0 (s127.i / i)
                   :ARG1 (s127.y / you
                                 :same-as s5.i)
                   :mod (s127.m / much
                                :degree (s127.v / very))))

