# ::id doc-657
# ::doc_file doc-657
# ::tok http : / / www . ted . com / talks / einstein_the_parrot_talks_and_squawks< / url> <next_sent> Stephanie White : I 'm going to let her introduce herself to everybody . <next_sent> Can you tell everybody your name ? <next_sent> Einstein : Einstein . <next_sent> SW : This is Einstein . <next_sent> Can you tell everyone " hi " ? <next_sent> E : Hello . <next_sent> SW : That 's nice . <next_sent> Can you be polite ? <next_sent> E : Hi , sweetheart . <next_sent> SW : Much better . <next_sent> Well , Einstein is very honored to be here at TED 2006 , amongst all you modern - day Einsteins . <next_sent> In fact , she 's very excited . <next_sent> E : Woo . <next_sent> SW : Yeah . <next_sent> Since we 've arrived , there 's been a constant buzz about all the exciting speakers here for the conference . <next_sent> This morning we 've heard a lot of whispers about Tom Reilly 's wrap - up on Saturday . <next_sent> Einstein , did you hear whispers ? <next_sent> E : [ Squawks ] SW : Yeah . <next_sent> Einstein 's especially interested in Penelope 's talk . <next_sent> A lot of her research goes on in caves , which can get pretty dusty . <next_sent> E : Achoo ! <next_sent> SW : It could make her sneeze . <next_sent> But more importantly , her research could help Einstein find a cure for her never - ending scratchy throat . <next_sent> Einstein : [ Coughs ] SW : Yeah . <next_sent> Well , Bob Russell was telling us about his work on nanotubes in his research at the microscopic level . <next_sent> Well , that 's really cool , but what Einstein 's really hoping is that maybe he 'll genetically engineer a five - pound peanut . <next_sent> E : Oh , my God ! My God ! My God ! <next_sent> SW : Yeah . <next_sent> She would get really , really excited . <next_sent> That is one big peanut . <next_sent> Since Einstein is a bird , she 's very interested in things that fly . <next_sent> She thinks Burt Rutan is very impressive . <next_sent> E : Ooh . <next_sent> SW : Yeah . <next_sent> She especially likes his latest achievement , SpaceShipOne . <next_sent> Einstein , would you like to ride in Burt 's spaceship ? <next_sent> E : [ Spaceship noise ] <next_sent> SW : Even if it does n't have a laser ? <next_sent> E : [ Laser noise ] SW : Yeah , yeah . <next_sent> That was pretty funny , Einstein . <next_sent> Now , Einstein also thinks , you know , working in caves and travelling through space -- it 's all very dangerous jobs . <next_sent> It would be very dangerous if you fell down . <next_sent> Little splat at the end there . <next_sent> Einstein , did that hurt ? <next_sent> E : Ow , ow , ow . <next_sent> SW : Yeah . <next_sent> It 's all a lot of hard work . <next_sent> E : [ Squawks ] SW : Yeah , it sure can . <next_sent> But when Einstein needs to relax from her job educating the public , she loves to take in the arts . <next_sent> If the children of the Uganda need another dance partner , Einstein could sure fit the bill , because she loves to dance . <next_sent> Can you get down ? <next_sent> E : [ Bobbing head ] SW : Let 's get down for everybody . <next_sent> Come on now . <next_sent> She 's going to make me do it , too . <next_sent> Ooh , ooh . <next_sent> Einstein : Ooh , ooh , ooh , ooh . <next_sent> SW : Do your head now . <next_sent> E : Ooh , ooh , ooh , ooh , ooh . <next_sent> SW : Or maybe Sirena Huang would like to learn some arias on her violin , and Einstein can sing along with some opera ? <next_sent> E : [ Operatic squawk ] SW : Very good . <next_sent> Or maybe Stu just needs another backup singer ? <next_sent> Einstein , can you also sing ? <next_sent> I know , you need to get rid of that seed first . <next_sent> Can you sing ? <next_sent> E : La , la . <next_sent> SW : There you go . <next_sent> And , of course , if all else fails , you can just run off and enjoy a fun fiesta . <next_sent> E : [ Squawks ] SW : All right . <next_sent> Well , Einstein was pretty embarrassed to admit this earlier , but she was telling me backstage that she had a problem . <next_sent> E : What 's the matter ? <next_sent> SW : No , I do n't have a problem . <next_sent> You have the problem , remember ? <next_sent> You were saying that you were really embarrassed , because you 're in love with a pirate ? <next_sent> E : Yar . <next_sent> SW : There you go . <next_sent> And what do pirates like to drink ? <next_sent> E : Beer . <next_sent> SW : Yeah , that 's right . <next_sent> But you do n't like to drink beer , Einstein . <next_sent> You like to drink water . <next_sent> E : [ Water sound ] SW : Very good . <next_sent> Now , really , she is pretty nervous . <next_sent> Because one of her favorite folks from back home is here , and she 's pretty nervous to meet him . <next_sent> She thinks Al Gore is a really good - looking man . <next_sent> What do you say to a good - looking man ? <next_sent> E : Hey , baby . <next_sent> SW : And so do all the folks back home in Tennessee . <next_sent> E : Yee haw . <next_sent> SW : And since she 's such a big fan , she knows that his birthday is coming up at the end of March . <next_sent> And we did n't think he 'd be in town then , so Einstein wanted to do something special for him . <next_sent> So let 's see if Einstein will sing " Happy Birthday " to Al Gore . <next_sent> Can you sing " Happy Birthday " to him ? <next_sent> E : Happy birthday to you . <next_sent> SW : Again . <next_sent> E : Happy birthday to you . <next_sent> SW : Again . <next_sent> E : Happy birthday to you . <next_sent> SW : Big finish . <next_sent> E : Happy birthday to you . <next_sent> SW : Good job ! <next_sent> Well , before we wrap it up , she would like to give a shout out to all our animal friends back at the Knoxville Zoo . <next_sent> Einstein , do you want to say " hi " to all the owls ? <next_sent> E : Woo , woo , woo . <next_sent> SW : What about the other birds ? <next_sent> E : Tweet , tweet , tweet . <next_sent> SW : And the penguin ? <next_sent> E : Quack , quack , quack . <next_sent> SW : There we go . <next_sent> Let 's get that one out of there . <next_sent> How about a chimpanzee ? <next_sent> E : Ooh , ooh , ooh . <next_sent> Aah , aah , aah . <next_sent> SW : Very good . <next_sent> What about a wolf ? <next_sent> E : Ooooowww . <next_sent> SW : And a pig ? <next_sent> E : Oink , oink , oink . <next_sent> SW : And the rooster ? <next_sent> E : Cock - a - doodle - doo ! <next_sent> SW : And how about those cats ? <next_sent> E : Meow . <next_sent> SW : At the zoo we have big cats from the jungle . <next_sent> E : Grrrrr . <next_sent> SW : What about a skunk ? <next_sent> E : Stinker . <next_sent> SW : She 's a comedian . <next_sent> I suppose you think you 're famous ? <next_sent> Are you famous ? <next_sent> E : Superstar . <next_sent> SW : Yeah . <next_sent> You are a superstar . <next_sent> Well , we would like to encourage all of you to do your part to help protect Einstein 's animal friends , and to do your part to help protect their homes that they live [ in ] . <next_sent> Now , Einstein does say it best when we ask her . <next_sent> Why do we want to protect your home ? <next_sent> E : I 'm special . <next_sent> SW : You are very special . <next_sent> What would you like to say to all these nice people ? <next_sent> E : I love you . <next_sent> SW : That 's good . <next_sent> Can you blow them a kiss ? <next_sent> E : [ Kissing noise ] SW : And what do you say when it 's time to go ? <next_sent> E : Goodbye . <next_sent> SW : Good job . <next_sent> Thank you all .
(d / document
   :snt1 (s1.u / url-entity
               :topic (s1.t / talk-01))
   :snt2 (s2.s / say-01
               :ARG0 (s2.p / person
                           :name (s2.n / name
                                       :op1 "Stephanie"
                                       :op2 "White"))
               :ARG1 (s2.l / let-01
                           :ARG0 (s2.i / i
                                       :same-as s2.p)
                           :ARG1 (s2.i2 / introduce-01
                                        :ARG0 (s2.s2 / she)
                                        :ARG1 s2.s2
                                        :ARG2 (s2.e / everybody))))
   :snt3 (s3.p / possible-01
               :ARG1 (s3.t / tell-01
                           :ARG0 (s3.y / you
                                       :same-as s2.s2)
                           :ARG1 (s3.t2 / thing
                                        :ARG2-of (s3.n / name-01
                                                       :ARG1 s3.y)
                                        :same-as s2.s2)
                           :ARG2 (s3.e / everybody
                                       :same-as s2.e))
               :polarity (s3.a / amr-unknown))
   :snt4 (s4.s / say-01
               :ARG1 (s4.p / person
                           :name (s4.n / name
                                       :op1 "Einstein")
                           :ARG2-of s4.s))
   :snt5 (s5.s / say-01
               :ARG0 (s5.p / person
                           :name (s5.n / name
                                       :op1 "SW"))
               :ARG1 (s5.p2 / person
                            :name (s5.n2 / name
                                         :op1 "Einstein")
                            :domain (s5.t / this
                                          :same-as s2.s2)))
   :snt6 (s6.p / possible-01
               :ARG1 (s6.t / tell-01
                           :ARG0 (s6.y / you
                                       :same-as s2.s2)
                           :ARG1 (s6.h / hi)
                           :ARG2 (s6.e / everyone
                                       :same-as s2.e))
               :polarity (s6.a / amr-unknown))
   :snt7 (s7.s / say-01
               :ARG0 (s7.p / person
                           :name (s7.n / name
                                       :op1 "E")
                           :same-as s2.s2)
               :ARG1 (s7.h / hey))
   :snt8 (s8.s / say-01
               :ARG0 (s8.p / person
                           :name (s8.n / name
                                       :op1 "SW"))
               :ARG1 (s8.n2 / nice-01
                            :ARG1 (s8.t / that
                                        :same-as s6.t)))
   :snt9 (s9.p2 / possible-01
                :ARG1 (s9.p / polite-01
                            :ARG1 (s9.y / you
                                        :same-as s2.s2))
                :polarity (s9.a / amr-unknown))
   :snt10 (s10.s / say-01
                 :ARG0 (s10.p / person
                              :name (s10.n / name
                                           :op1 "E")
                              :same-as s2.s2)
                 :ARG1 (s10.h / hi)
                 :ARG2 (s10.s2 / sweetheart))
   :snt11 (s11.s / say-01
                 :ARG0 (s11.p / person
                              :name (s11.n / name
                                           :op1 "SW"))
                 :ARG1 (s11.h / have-degree-91
                              :ARG2 (s11.g / good-02)
                              :ARG3 (s11.m / more
                                           :quant (s11.m2 / much))))
   :snt12 (s12.h2 / honor-01
                  :ARG1 (s12.p / person
                               :name (s12.n / name
                                            :op1 "Einstein")
                               :same-as s2.s2)
                  :ARG2 (s12.b / be-located-at-91
                               :ARG1 (s12.p2 / person
                                             :name (s12.n3 / name
                                                           :op1 "Martin")
                                             :ARG1-of (s12.i / include-91
                                                             :ARG2 (s12.y / you
                                                                          :mod (s12.a / all)
                                                                          :mod s12.p2))
                                             :time (s12.m / modern-day))
                               :ARG2 (s12.h / here
                                            :location (s12.p3 / publication
                                                              :name (s12.n2 / name
                                                                            :op1 "TED"))
                                            :time (s12.d / date-entity
                                                         :year "2006")))
                  :degree (s12.v / very)
                  :mod (s12.w / well))
   :snt13 (s13.e / excite-01
                 :ARG1 (s13.s / she
                              :same-as s2.s2)
                 :degree (s13.v / very)
                 :mod (s13.i / in-fact))
   :snt14 (s14.s / say-01
                 :ARG0 (s14.e / emoticon
                              :value "E")
                 :ARG1 (s14.w / woo-01
                              :ARG2 s14.e)
                 :rel (s14.i / i))
   :snt15 (s15.s / say-01
                 :ARG0 (s15.p / person
                              :name (s15.n / name
                                           :op1 "SW"))
                 :ARG1 (s15.y / yeah))
   :snt16 (s16.n / negative-03
                 :ARG1 (s16.p / person
                              :ARG0-of (s16.e / excite-01)
                              :ARG0-of (s16.s2 / speak-01)
                              :location (s16.h / here
                                               :purpose (s16.c / conference
                                                               :same-as s12.d))
                              :mod (s16.a / all))
                 :mod (s16.c2 / constant)
                 :time (s16.s / since
                              :op1 (s16.a2 / arrive-01
                                           :ARG1 (s16.w / we))))
   :snt17 (s17.h / hear-01
                 :ARG0 (s17.w / we)
                 :ARG1 (s17.w2 / whisper-01
                               :quant (s17.l / lot)
                               :ARG1 (s17.w3 / wrap-up-02
                                             :ARG0 (s17.p / person
                                                          :name (s17.n / name
                                                                       :op1 "Tom"
                                                                       :op2 "Reilly"))
                                             :time (s17.d2 / date-entity
                                                           :weekday (s17.s / saturday))))
                 :time (s17.d / date-entity
                              :dayperiod (s17.m / morning)
                              :mod (s17.t / today)))
   :snt18 (s18.s / say-01
                 :ARG0 (s18.i / i)
                 :ARG1 (s18.h / hear-01
                              :ARG0 (s18.p / person
                                           :name (s18.n / name
                                                        :op1 "Einstein")
                                           :same-as s2.s2)
                              :ARG1 (s18.w / whisper-01)
                              :polarity (s18.a / amr-unknown))
                 :ARG2 s18.p)
   :snt19 (s19.a / and
                 :op1 (s19.s / say-01
                             :ARG0 (s19.p / person
                                          :name (s19.n / name
                                                       :op1 "E")
                                          :same-as s2.s2))
                 :op2 (s19.s3 / squawk-01)
                 :op3 (s19.s2 / say-01
                              :ARG0 (s19.p2 / person
                                            :name (s19.n2 / name
                                                          :op1 "SW"))
                              :ARG1 (s19.y / yeah)))
   :snt20 (s20.i / interest-01
                 :ARG1 (s20.p / person
                              :name (s20.n / name
                                           :op1 "Einstein")
                              :same-as s2.s2)
                 :ARG2 (s20.t / talk-01
                              :ARG0 (s20.p2 / person
                                            :name (s20.n2 / name
                                                          :op1 "Penelope")))
                 :degree (s20.e / especially))
   :snt21 (s21.g2 / go-on-15
                  :ARG1 (s21.r / research-01
                               :quant (s21.l / lot)
                               :ARG0 (s21.s / she
                                            :same-as s2.s2))
                  :location (s21.c / cave-01
                                   :ARG1-of (s21.g / get-03
                                                   :ARG1-of (s21.p / possible-01)
                                                   :ARG2 (s21.d / dusty
                                                                :degree (s21.p2 / pretty)))))
   :snt22 (s22.e / early
                 :op1 (s22.p / person
                             :name (s22.n / name
                                          :op1 "Achoo"))
                 :mode "expressive")
   :snt23 (s23.s / say-01
                 :ARG0 (s23.p / person
                              :name (s23.n / name
                                           :op1 "SW"))
                 :ARG1 (s23.p2 / possible-01
                               :ARG1 (s23.m / make-02
                                            :ARG0 (s23.i / it)
                                            :ARG1 (s23.s3 / sneeze-01
                                                          :ARG0 (s23.s2 / she
                                                                        :same-as s2.s2)))))
   :snt24 (s24.c / contrast-01
                 :ARG2 (s24.p2 / possible-01
                               :ARG1 (s24.h2 / help-01
                                             :ARG0 (s24.r / research-01
                                                          :ARG0 (s24.s2 / she
                                                                        :part (s24.t2 / throat
                                                                                      :ARG1-of (s24.s / scratch-02)
                                                                                      :ARG1-of (s24.e / end-01
                                                                                                      :time (s24.e2 / ever)
                                                                                                      :polarity "-"))
                                                                        :same-as s2.s2)
                                                          :same-as s21.s)
                                             :ARG1 (s24.f / find-01
                                                          :ARG0 (s24.p / person
                                                                       :name (s24.n / name
                                                                                    :op1 "Einstein")
                                                                       :same-as s2.s2)
                                                          :ARG1 (s24.t / thing
                                                                       :ARG3-of (s24.c2 / cure-01
                                                                                        :ARG1 s24.t2)))
                                             :ARG2 s24.p)
                               :ARG1-of (s24.h / have-degree-91
                                               :ARG2 (s24.i / important-01
                                                            :ARG1 s24.p2)
                                               :ARG3 (s24.m / more))))
   :snt25 (s25.s / say-01
                 :ARG0 (s25.p2 / person
                               :name (s25.n2 / name
                                             :op1 "SW"))
                 :ARG1 (s25.y / yeah)
                 :mod (s25.c / cough-01
                             :ARG0 s25.p2)
                 :rel (s25.p / person
                             :name (s25.n / name
                                          :op1 "Einstein")))
   :snt26 (s26.t / tell-01
                 :ARG0 (s26.p / person
                              :name (s26.n / name
                                           :op1 "Bob"
                                           :op2 "Russell"))
                 :ARG1 (s26.w3 / work-01
                               :ARG0 s26.p
                               :ARG1 (s26.t2 / tube)
                               :part-of (s26.r / research-01
                                               :ARG0 s26.p
                                               :manner (s26.l / level
                                                              :mod (s26.m / microscopic))))
                 :ARG2 (s26.w / we
                              :same-as s16.w)
                 :mod (s26.w2 / well))
   :snt27 (s27.c / contrast-01
                 :ARG1 (s27.c2 / cool-04
                               :ARG1 (s27.t / that
                                            :same-as s26.w3)
                               :degree (s27.r / really))
                 :ARG2 (s27.h / hope-01
                              :ARG0 (s27.p2 / person
                                            :name (s27.n / name
                                                         :op1 "Einstein")
                                            :same-as s2.s2)
                              :ARG1 (s27.p3 / possible-01
                                            :ARG1 (s27.e / engineer-01
                                                         :ARG0 s27.p2
                                                         :ARG1 (s27.p / peanut
                                                                      :mod (s27.m / mass-quantity
                                                                                  :unit (s27.p4 / pound)
                                                                                  :quant "5"))
                                                         :manner (s27.g / gene)))
                              :degree (s27.r2 / really)))
   :snt28 (s28.s / say-01
                 :ARG0 (s28.p / person
                              :name (s28.n / name
                                           :op1 "E"))
                 :ARG1 (s28.p2 / person
                               :name (s28.n2 / name
                                             :op1 "God")
                               :mod (s28.o / oh
                                           :mode "expressive")
                               :op4 (s28.p3 / person
                                            :name (s28.n3 / name
                                                          :op1 "God")
                                            :poss s28.p2)))
   :snt29 (s29.s / say-01
                 :ARG0 (s29.p / person
                              :name (s29.n / name
                                           :op1 "SW"))
                 :ARG1 (s29.y / yeah))
   :snt30 (s30.g / get-03
                 :ARG1 (s30.s / she
                              :same-as s2.s2)
                 :ARG2 (s30.e / excite-01
                              :ARG1 s30.s
                              :degree (s30.r / really)))
   :snt31 (s31.p / peanut
                 :domain (s31.t / that
                                :same-as s27.p)
                 :mod (s31.b / big))
   :snt32 (s32.i / interest-01
                 :ARG1 (s32.s / she
                              :same-as s2.s2)
                 :ARG1-of (s32.c / cause-01
                                 :ARG0 (s32.b / bird
                                              :domain (s32.p / person
                                                             :name (s32.n / name
                                                                          :op1 "Einstein")
                                                             :same-as s2.s2)))
                 :ARG2 (s32.t / thing
                              :ARG1-of (s32.f / fly-01))
                 :degree (s32.v / very))
   :snt33 (s33.t / think-01
                 :ARG0 (s33.s / she
                              :same-as s2.s2)
                 :ARG1 (s33.i / impress-01
                              :ARG0 (s33.p / person
                                           :name (s33.n / name
                                                        :op1 "Burt"
                                                        :op2 "Rutan"))
                              :degree (s33.v / very)))
   :snt34 (s34.s / say-01
                 :ARG0 (s34.p / person
                              :name (s34.n / name
                                           :op1 "E"))
                 :ARG1 (s34.o / oh
                              :mode "expressive"))
   :snt35 (s35.s / say-01
                 :ARG0 (s35.p / person
                              :name (s35.n / name
                                           :op1 "SW"))
                 :ARG1 (s35.y / yeah))
   :snt36 (s36.l2 / like-01
                  :ARG0 (s36.s / she
                               :same-as s2.s2)
                  :ARG1 (s36.t / thing
                               :name (s36.n / name
                                            :op1 "SpaceShipOne")
                               :ARG1-of (s36.a / achieve-01
                                               :ARG0 (s36.h / he
                                                            :same-as s33.p))
                               :mod (s36.l / last))
                  :degree (s36.e / especially))
   :snt37 (s37.s / say-01
                 :ARG0 (s37.i / i)
                 :ARG1 (s37.l / like-02
                              :ARG0 (s37.p / person
                                           :name (s37.n / name
                                                        :op1 "Einstein")
                                           :same-as s2.s2)
                              :ARG1 (s37.r / ride-01
                                           :ARG0 s37.p
                                           :ARG1 (s37.s2 / spaceship
                                                         :poss (s37.p2 / person
                                                                       :name (s37.n2 / name
                                                                                     :op1 "Burt")
                                                                       :same-as s33.p))
                                           :polarity (s37.a / amr-unknown)))
                 :ARG2 s37.p)
   :snt38 (s38.n / noise
                 :domain (s38.s / spaceship
                                :same-as s2.s2)
                 :mod (s38.s2 / spaceship))
   :snt39 (s39.s / say-01
                 :ARG0 (s39.p / person
                              :name (s39.n / name
                                           :op1 "SW"))
                 :ARG1 (s39.h2 / have-concession-91
                               :ARG2 (s39.e / even-if
                                            :op1 (s39.h / have-03
                                                        :ARG0 (s39.i / it
                                                                     :same-as s37.s2)
                                                        :ARG1 (s39.l / laser)
                                                        :polarity "-"))
                               :polarity (s39.a / amr-unknown)))
   :snt40 (s40.a / and
                 :mod (s40.y2 / yeah)
                 :op1 (s40.s / say-01
                             :ARG0 (s40.p / person
                                          :name (s40.n / name
                                                       :op1 "E"))
                             :ARG1 (s40.n3 / noise
                                           :mod (s40.l / laser))
                             :same-as s38.n)
                 :op2 (s40.s2 / say-01
                              :ARG0 (s40.p2 / person
                                            :name (s40.n2 / name
                                                          :op1 "SW"))
                              :ARG1 (s40.y / yeah)))
   :snt41 (s41.s / say-01
                 :ARG1 (s41.f / funny
                              :degree (s41.p2 / pretty)
                              :domain (s41.t / that))
                 :ARG2 (s41.p / person
                              :name (s41.n / name
                                           :op1 "Einstein")
                              :same-as s2.s2))
   :snt42 (s42.t / think-01
                 :ARG0 (s42.p / person
                              :name (s42.n / name
                                           :op1 "Einstein")
                              :same-as s2.s2)
                 :ARG1 (s42.j / job
                              :ARG0-of (s42.e / endanger-01
                                              :degree (s42.v / very))
                              :domain (s42.a3 / and
                                              :mod (s42.a / all)
                                              :op1 (s42.w / work-01
                                                          :location (s42.c / cave-01))
                                              :op2 (s42.t2 / travel-01
                                                           :ARG1 (s42.s / space))))
                 :mod (s42.a2 / also)
                 :time (s42.n2 / now))
   :snt43 (s43.d / dangerous
                 :condition (s43.f / fall-01
                                   :ARG1 (s43.y / you)
                                   :direction (s43.d2 / down))
                 :degree (s43.v / very))
   :snt44 (s44.s / splat
                 :location (s44.e / end-01
                                  :location (s44.t / there))
                 :mod (s44.l / little))
   :snt45 (s45.s / say-01
                 :ARG0 (s45.i / i)
                 :ARG1 (s45.h / hurt-01
                              :ARG0 (s45.t / that
                                           :same-as s41.t)
                              :polarity (s45.a / amr-unknown))
                 :ARG2 (s45.p / person
                              :name (s45.n / name
                                           :op1 "Einstein")
                              :same-as s2.s2))
   :snt46 (s46.s / say-01
                 :ARG0 (s46.p / person
                              :name (s46.n / name
                                           :op1 "E"))
                 :ARG1 (s46.o / ow
                              :mode "expressive"))
   :snt47 (s47.s / say-01
                 :ARG0 (s47.p / person
                              :name (s47.n / name
                                           :op1 "SW"))
                 :ARG1 (s47.y / yeah))
   :snt48 (s48.w / work-01
                 :quant (s48.l / lot)
                 :ARG1-of (s48.h / hard-02)
                 :domain (s48.a / all))
   :snt49 (s49.a / and
                 :op1 (s49.s / say-01
                             :ARG0 (s49.p / person
                                          :name (s49.n / name
                                                       :op1 "E")))
                 :op2 (s49.s3 / squawk-01)
                 :op3 (s49.s2 / say-01
                              :ARG0 (s49.p2 / person
                                            :name (s49.n2 / name
                                                          :op1 "SW"))
                              :ARG1 (s49.p3 / possible-01
                                            :ARG1 (s49.i / it)
                                            :ARG1-of (s49.s4 / sure-02))))
   :snt50 (s50.c / contrast-01
                 :ARG2 (s50.l / love-01
                              :ARG0 (s50.p / person
                                           :name (s50.n / name
                                                        :op1 "Einstein")
                                           :same-as s2.s2)
                              :ARG1 (s50.t / take-in-23
                                           :ARG0 s50.p
                                           :ARG1 (s50.a / art))
                              :time (s50.n2 / need-01
                                            :ARG0 s50.p
                                            :ARG1 (s50.r / relax-01
                                                         :ARG0 (s50.j / job
                                                                      :purpose (s50.e / educate-01
                                                                                      :ARG0 s50.p
                                                                                      :ARG1 (s50.p2 / public))
                                                                      :poss s50.p)
                                                         :ARG1 s50.p))))
   :snt51 (s51.p6 / possible-01
                  :ARG1 (s51.f / fit-06
                               :ARG1 (s51.p5 / person
                                             :name (s51.n2 / name
                                                           :op1 "Einstein")
                                             :same-as s2.s2)
                               :ARG1-of (s51.s / sure-02)
                               :ARG1-of (s51.c / cause-01
                                               :ARG0 (s51.l / love-01
                                                            :ARG0 (s51.p4 / person
                                                                          :ARG1-of (s51.p / partner-01
                                                                                          :ARG0 (s51.p2 / person
                                                                                                        :ARG0-of (s51.h / have-rel-role-91
                                                                                                                        :ARG1 (s51.p3 / person
                                                                                                                                      :mod (s51.c3 / country
                                                                                                                                                   :name (s51.n / name
                                                                                                                                                                :op1 "Uganda")))
                                                                                                                        :ARG2 (s51.c2 / child))))
                                                                          :mod (s51.a / another))
                                                            :ARG1 (s51.d / dance-01
                                                                         :ARG0 s51.p4)))
                               :ARG2 (s51.b / bill))
                  :condition (s51.n3 / need-01
                                     :ARG0 s51.p2
                                     :ARG1 s51.p4))
   :snt52 (s52.p / possible-01
                 :ARG1 (s52.g / get-05
                              :ARG1 (s52.y / you
                                           :same-as s2.s2)
                              :ARG2 (s52.d / down))
                 :polarity (s52.a / amr-unknown))
   :snt53 (s53.s / say-01
                 :ARG0 (s53.p / person
                              :name (s53.n / name
                                           :op1 "E"))
                 :ARG1 (s53.s2 / say-01
                               :ARG0 (s53.p2 / person
                                             :name (s53.n2 / name
                                                           :op1 "SW"))
                               :ARG1 (s53.g / get-05
                                            :ARG1 (s53.w / we)
                                            :ARG2 (s53.d / down)
                                            :beneficiary (s53.e / everybody)
                                            :mode "imperative"))
                 :mod (s53.h / head
                             :ARG1-of (s53.b / bust-01)))
   :snt54 (s54.c / come-on-25
                 :ARG1 (s54.y / you)
                 :time (s54.n / now)
                 :mode "imperative")
   :snt55 (s55.m / make-02
                 :ARG0 (s55.s / she
                              :same-as s2.s2)
                 :ARG1 (s55.d / do-02
                              :ARG0 (s55.i / i
                                           :same-as s2.s2)
                              :ARG1 (s55.i2 / it))
                 :mod (s55.t / too))
   :snt56 (s56.o / ooh
                 :mode "expressive")
   :snt57 (s57.s / say-01
                 :ARG0 (s57.p / person
                              :name (s57.n / name
                                           :op1 "Einstein"))
                 :ARG1 (s57.o / ooh
                              :mode "expressive"))
   :snt58 (s58.s / say-01
                 :ARG0 (s58.p / person
                              :name (s58.n / name
                                           :op1 "SW"))
                 :ARG1 (s58.d / do-02
                              :ARG0 (s58.y / you
                                           :part (s58.h / head))
                              :ARG1 s58.h
                              :time (s58.n2 / now)
                              :mode "imperative"))
   :snt59 (s59.s / say-01
                 :ARG0 (s59.p / person
                              :name (s59.n / name
                                           :op1 "E")
                              :same-as s2.s2)
                 :ARG1 (s59.o / ooh
                              :mode "expressive"))
   :snt60 (s60.s / say-01
                 :ARG0 (s60.p / person
                              :name (s60.n / name
                                           :op1 "SW"))
                 :ARG1 (s60.o3 / or
                               :op2 (s60.p4 / possible-01
                                            :ARG1 (s60.a2 / and
                                                          :op1 (s60.l2 / like-02
                                                                       :ARG0 (s60.p2 / person
                                                                                     :name (s60.n2 / name
                                                                                                   :op1 "Sirena"
                                                                                                   :op2 "Huang"))
                                                                       :ARG1 (s60.l / learn-01
                                                                                    :ARG0 s60.p2
                                                                                    :ARG1 (s60.s5 / symphony
                                                                                                  :quant (s60.s3 / some)
                                                                                                  :mod (s60.o / old))
                                                                                    :instrument (s60.v / violin
                                                                                                       :poss s60.p2)))
                                                          :op2 (s60.p5 / possible-01
                                                                       :ARG1 (s60.s2 / sing-01
                                                                                     :ARG0 (s60.p3 / person
                                                                                                   :name (s60.n3 / name
                                                                                                                 :op1 "Einstein")
                                                                                                   :same-as s2.s2)
                                                                                     :accompanier (s60.o2 / opera
                                                                                                          :quant (s60.s4 / some)))))
                                            :polarity (s60.a / amr-unknown))))
   :snt61 (s61.s2 / say-01
                  :ARG0 (s61.a / and
                               :op1 (s61.s / say-01)
                               :op2 (s61.s4 / squawk-01
                                            :mod (s61.o / operate-01))
                               :op3 (s61.s3 / southwest))
                  :ARG1 (s61.g / good-02
                               :degree (s61.v / very))
                  :rel "E")
   :snt62 (s62.o / or
                 :op2 (s62.p3 / possible-01
                              :ARG1 (s62.n2 / need-01
                                            :ARG0 (s62.p / person
                                                         :name (s62.n / name
                                                                      :op1 "Stu"))
                                            :ARG1 (s62.p2 / person
                                                          :ARG0-of (s62.s / sing-01)
                                                          :mod (s62.b / backup)
                                                          :mod (s62.a2 / another))
                                            :mod (s62.j / just))
                              :polarity (s62.a / amr-unknown)))
   :snt63 (s63.s / say-01
                 :ARG0 (s63.i / i)
                 :ARG1 (s63.p2 / possible-01
                               :ARG1 (s63.s2 / sing-01
                                             :ARG0 (s63.p / person
                                                          :name (s63.n / name
                                                                       :op1 "Einstein")
                                                          :same-as s2.s2)
                                             :mod (s63.a / also))
                               :polarity (s63.a2 / amr-unknown))
                 :ARG2 s63.p)
   :snt64 (s64.k / know-01
                 :ARG0 (s64.i / i
                              :same-as s2.p)
                 :ARG1 (s64.o / obligate-01
                              :ARG1 (s64.y / you
                                           :same-as s2.s2)
                              :ARG2 (s64.r / rid-01
                                           :ARG0 s64.y
                                           :ARG1 (s64.s / seed
                                                        :mod (s64.t / that))
                                           :ord (s64.o2 / ordinal-entity
                                                        :value "1"))))
   :snt65 (s65.p / possible-01
                 :ARG1 (s65.s / sing-01
                              :ARG0 (s65.y / you
                                           :same-as s2.s2))
                 :polarity (s65.a / amr-unknown))
   :snt66 (s66.s / string-entity
                 :value "la")
   :snt67 (s67.s / say-01
                 :ARG0 (s67.p / person
                              :name (s67.n / name
                                           :op1 "SW")
                              :same-as s47.p)
                 :ARG1 (s67.g / go-24
                              :ARG1 (s67.y / you)
                              :ARG4 (s67.t / there)))
   :snt68 (s68.a2 / and
                  :mod (s68.o / of-course)
                  :op2 (s68.p / possible-01
                              :ARG1 (s68.a3 / and
                                            :mod (s68.j / just)
                                            :op1 (s68.r / run-off-24
                                                        :ARG0 (s68.y / you))
                                            :op2 (s68.e2 / enjoy-01
                                                         :ARG0 s68.y
                                                         :ARG1 (s68.f2 / fiesta
                                                                       :ARG1-of (s68.f3 / fun-01
                                                                                        :ARG0 s68.y))))
                              :condition (s68.f / fail-01
                                                :ARG1 (s68.a / all
                                                             :mod (s68.e / else)))))
   :snt69 (s69.a2 / and
                  :op1 (s69.s / say-01
                              :ARG0 "E")
                  :op2 (s69.s2 / say-01
                               :ARG1 (s69.r / right-06
                                            :mod (s69.a / all)))
                  :op3 s69.s2
                  :rel (s69.s3 / southwest)
                  :rel (s69.c / cricket))
   :snt70 (s70.c / contrast-01
                 :ARG1 (s70.e / embarrass-01
                              :ARG0 (s70.a / admit-01
                                           :ARG0 (s70.p / person
                                                        :name (s70.n / name
                                                                     :op1 "Einstein")
                                                        :same-as s2.s2)
                                           :ARG1 (s70.t2 / this)
                                           :time (s70.b2 / before
                                                         :op1 (s70.n2 / now)))
                              :ARG1 s70.p
                              :degree (s70.p2 / pretty))
                 :ARG2 (s70.t / tell-01
                              :ARG0 (s70.s / she
                                           :same-as s2.s2)
                              :ARG1 (s70.h / have-03
                                           :ARG0 s70.s
                                           :ARG1 (s70.p3 / problem))
                              :ARG2 (s70.i / i
                                           :same-as s2.s2)
                              :location (s70.b / backstage))
                 :mod (s70.w / well))
   :snt71 (s71.m / matter
                 :domain (s71.a / amr-unknown)
                 :li "E")
   :snt72 (s72.s / say-01
                 :ARG0 (s72.p / person
                              :name (s72.n / name
                                           :op1 "SW"))
                 :ARG1 (s72.h / have-03
                              :ARG0 (s72.i / i
                                           :same-as s2.s2)
                              :ARG1 (s72.p2 / problem)
                              :polarity "-"))
   :snt73 (s73.h / have-03
                 :ARG0 (s73.y / you
                              :same-as s2.s2)
                 :ARG1 (s73.p / problem
                              :same-as s70.p3)
                 :ARG1-of (s73.r / remember-01
                                 :polarity (s73.a / amr-unknown)))
   :snt74 (s74.s / say-01
                 :ARG0 (s74.y / you
                              :same-as s2.s2)
                 :ARG1 (s74.e / embarrass-01
                              :ARG1 s74.y
                              :ARG1-of (s74.c / cause-01
                                              :ARG0 (s74.l / love-01
                                                           :ARG0 s74.y
                                                           :ARG1 (s74.p / person
                                                                        :ARG0-of (s74.p2 / pirate-01))))
                              :degree (s74.r / really))
                 :polarity (s74.a / amr-unknown))
   :snt75 (s75.s / string-entity
                 :value "Yar")
   :snt76 (s76.s / say-01
                 :ARG0 (s76.p / person
                              :name (s76.n / name
                                           :op1 "SW"))
                 :ARG1 (s76.g / go-24
                              :ARG1 (s76.y / you)
                              :ARG4 (s76.t / there)))
   :snt77 (s77.a2 / and
                  :op2 (s77.l / like-01
                              :ARG0 (s77.p / pirate)
                              :ARG1 (s77.d / drink-01
                                           :ARG0 s77.p
                                           :ARG1 (s77.a / amr-unknown))))
   :snt78 (s78.m / mean-01
                 :ARG2 (s78.b / beer)
                 :li "E")
   :snt79 (s79.s / say-01
                 :ARG0 (s79.p / person
                              :name (s79.n / name
                                           :op1 "SW"))
                 :ARG1 (s79.r / right-06
                              :ARG1 (s79.t / that))
                 :mod (s79.y / yeah))
   :snt80 (s80.s / say-01
                 :ARG1 (s80.c / contrast-01
                              :ARG2 (s80.d / dislike-01
                                           :ARG0 (s80.p / person
                                                        :name (s80.n / name
                                                                     :op1 "Einstein")
                                                        :same-as s2.s2)
                                           :ARG1 (s80.d2 / drink-01
                                                         :ARG0 s80.p
                                                         :ARG1 (s80.b / beer))))
                 :ARG2 s80.p)
   :snt81 (s81.l / like-01
                 :ARG0 (s81.y / you
                              :same-as s2.s2)
                 :ARG1 (s81.d / drink-01
                              :ARG0 s81.y
                              :ARG1 (s81.w / water)))
   :snt82 (s82.s / say-01
                 :ARG0 (s82.a / and
                              :op1 (s82.s2 / sound-01
                                           :ARG1 (s82.w / water))
                              :op2 (s82.s3 / southwest))
                 :ARG1 s82.s3
                 :ARG2 (s82.g / good-02
                              :degree (s82.v / very))
                 :rel "E")
   :snt83 (s83.n / nervous-01
                 :ARG1 (s83.s / she
                              :same-as s2.s2)
                 :ARG1-of (s83.r / real-04)
                 :degree (s83.p / pretty)
                 :time (s83.n2 / now))
   :snt84 (s84.c / cause-01
                 :ARG0 (s84.a / and
                              :op1 (s84.f2 / folk
                                           :ARG1-of (s84.i / include-91
                                                           :ARG2 (s84.f3 / folk
                                                                         :mod (s84.f / favorite)
                                                                         :poss (s84.s / she
                                                                                      :same-as s2.s2)
                                                                         :source (s84.h2 / home
                                                                                         :direction (s84.b / back))))
                                           :location (s84.h / here)
                                           :quant "1")
                              :op2 (s84.n / nervous-01
                                          :ARG1 s84.s
                                          :ARG2 (s84.m / meet-02
                                                       :ARG0 s84.s
                                                       :ARG1 s84.f2)
                                          :degree (s84.p / pretty))))
   :snt85 (s85.t / think-01
                 :ARG0 (s85.s / she
                              :same-as s2.s2)
                 :ARG1 (s85.m / man
                              :ARG0-of (s85.l / look-02
                                              :ARG1 (s85.g / good-02
                                                           :degree (s85.r / really)))
                              :domain (s85.p / person
                                             :name (s85.n / name
                                                          :op1 "Al"
                                                          :op2 "Gore")
                                             :same-as s84.s)))
   :snt86 (s86.s / say-01
                 :ARG0 (s86.y / you)
                 :ARG1 (s86.a / amr-unknown)
                 :ARG2 (s86.m / man
                              :ARG0-of (s86.l / look-02
                                              :ARG1 (s86.g / good-02))))
   :snt87 (s87.s / say-01
                 :ARG0 (s87.p / person
                              :name (s87.n / name
                                           :op1 "E"))
                 :ARG1 (s87.h / hey)
                 :ARG2 (s87.b / baby))
   :snt88 (s88.s / say-01
                 :ARG0 (s88.p / person
                              :name (s88.n / name
                                           :op1 "SW"))
                 :ARG1 (s88.a2 / and
                               :op2 (s88.d / do-02
                                           :ARG0 (s88.s2 / so)
                                           :ARG0 (s88.f / folk
                                                        :location (s88.s3 / state
                                                                          :name (s88.n2 / name
                                                                                        :op1 "Tennessee")
                                                                          :location (s88.h / home
                                                                                           :direction (s88.b / back)))
                                                        :mod (s88.a / all)))))
   :snt89 (s89.s / say-01
                 :ARG1 (s89.o / York)
                 :mode "expressive")
   :snt90 (s90.s / say-01
                 :ARG0 (s90.p / person
                              :name (s90.n / name
                                           :op1 "SW"))
                 :ARG1 (s90.a / and
                              :op2 (s90.k / know-01
                                          :ARG0 (s90.s2 / she
                                                        :same-as s2.s2)
                                          :ARG1 (s90.c2 / come-up-13
                                                        :ARG1 (s90.b2 / birthday
                                                                      :poss (s90.h / he
                                                                                   :same-as s84.s))
                                                        :time (s90.d / date-entity
                                                                     :ARG1-of (s90.e / end-01)
                                                                     :month "3"))
                                          :ARG1-of (s90.c / cause-01
                                                          :ARG0 (s90.f / fan
                                                                       :domain s90.s2
                                                                       :mod (s90.b / big)
                                                                       :mod (s90.s3 / such))))))
   :snt91 (s91.a / and
                 :op2 (s91.t2 / think-01
                              :ARG0 (s91.w2 / we)
                              :ARG0-of (s91.c / cause-01
                                              :ARG1 (s91.w / want-01
                                                           :ARG0 (s91.p / person
                                                                        :name (s91.n / name
                                                                                     :op1 "Einstein")
                                                                        :same-as s2.s2)
                                                           :ARG1 (s91.d / do-02
                                                                        :ARG0 s91.p
                                                                        :ARG1 (s91.s / something
                                                                                     :ARG1-of (s91.s2 / special-02))
                                                                        :ARG2 (s91.h / he
                                                                                     :same-as s84.s))))
                              :ARG1 (s91.b / be-located-at-91
                                           :ARG1 s91.h
                                           :ARG2 (s91.t3 / town)
                                           :time (s91.t / then))
                              :polarity "-"))
   :snt92 (s92.s / see-01
                 :ARG0 (s92.w / we)
                 :ARG1 (s92.t / truth-value
                              :polarity-of (s92.s2 / sing-01
                                                   :ARG0 (s92.p / person
                                                                :name (s92.n / name
                                                                             :op1 "Einstein")
                                                                :same-as s2.s2)
                                                   :ARG1 (s92.b / birthday
                                                                :ARG1-of (s92.h / happy-01))
                                                   :ARG2 (s92.p2 / person
                                                                 :name (s92.n2 / name
                                                                               :op1 "Al"
                                                                               :op2 "Gore")
                                                                 :same-as s84.s)))
                 :mode "imperative")
   :snt93 (s93.p / possible-01
                 :ARG1 (s93.s / sing-01
                              :ARG0 (s93.y / you
                                           :same-as s2.s2)
                              :ARG1 (s93.b / birthday
                                           :ARG1-of (s93.h / happy-01))
                              :ARG2 (s93.h2 / he
                                            :same-as s84.s))
                 :polarity (s93.a / amr-unknown))
   :snt94 (s94.s / say-01
                 :ARG0 (s94.i / i)
                 :ARG1 (s94.h / happy-01
                              :ARG1 (s94.b / birthday)
                              :beneficiary (s94.y / you
                                                  :same-as s2.s2))
                 :mod (s94.e / emoticon
                             :value "E"))
   :snt95 (s95.s / say-01
                 :ARG0 (s95.p / person
                              :name (s95.n / name
                                           :op1 "SW"))
                 :ARG1 (s95.a / again))
   :snt96 (s96.s / say-01
                 :ARG0 (s96.i / i)
                 :ARG1 (s96.h / happy-01
                              :ARG1 (s96.b / birthday)
                              :beneficiary (s96.y / you
                                                  :same-as s2.s2))
                 :mod (s96.e / emoticon
                             :value "E"))
   :snt97 (s97.s / say-01
                 :ARG0 (s97.p / person
                              :name (s97.n / name
                                           :op1 "SW")
                              :same-as s95.p)
                 :ARG1 (s97.a / again))
   :snt98 (s98.s / say-01
                 :ARG0 (s98.i / i)
                 :ARG1 (s98.h / happy-01
                              :ARG1 (s98.b / birthday)
                              :beneficiary (s98.y / you
                                                  :same-as s2.s2))
                 :mod (s98.e / emoticon
                             :value "E"))
   :snt99 (s99.f / finish-01
                 :ARG0 (s99.p / person
                              :name (s99.n / name
                                           :op1 "SW")
                              :same-as s95.p)
                 :mod (s99.b / big))
   :snt100 (s100.s / say-01
                   :ARG0 (s100.i / i)
                   :ARG1 (s100.h / happy-01
                                 :ARG1 (s100.b / birthday)
                                 :beneficiary (s100.y / you
                                                      :same-as s2.s2))
                   :mod (s100.e / emoticon
                                :value "E"))
   :snt101 (s101.s / say-01
                   :ARG0 (s101.p / person
                                 :name (s101.n / name
                                               :op1 "SW"))
                   :ARG1 (s101.j / job
                                 :ARG1-of (s101.g / good-02))
                   :mode "expressive")
   :snt102 (s102.l / like-02
                   :ARG0 (s102.s / she
                                 :same-as s2.s2)
                   :ARG1 (s102.s2 / shout-01
                                  :ARG0 s102.s
                                  :ARG1 (s102.f / friend
                                                :location (s102.z / zoo
                                                                  :name (s102.n / name
                                                                                :op1 "Knoxville"
                                                                                :op2 "Zoo")
                                                                  :mod (s102.b / back))
                                                :mod (s102.a2 / animal)
                                                :mod (s102.a / all)
                                                :poss (s102.w / we)))
                   :mod (s102.w2 / well)
                   :time (s102.b2 / before
                                  :op1 (s102.w3 / wrap-up-02
                                                :ARG0 s102.w
                                                :ARG1 (s102.i / it))))
   :snt103 (s103.s / say-01
                   :ARG0 (s103.i / i)
                   :ARG1 (s103.w / want-01
                                 :ARG0 (s103.p / person
                                               :name (s103.n / name
                                                             :op1 "Einstein")
                                               :same-as s2.s2)
                                 :ARG1 (s103.s2 / say-01
                                                :ARG0 s103.p
                                                :ARG1 (s103.h2 / hi)
                                                :ARG2 (s103.h / hawk
                                                              :mod (s103.a / all)))
                                 :polarity (s103.a2 / amr-unknown))
                   :ARG2 s103.p)
   :snt104 (s104.s / say-01
                   :ARG1 (s104.w / woo)
                   :mod (s104.s2 / string-entity
                                 :value "E"))
   :snt105 (s105.s / say-01
                   :ARG0 (s105.p / person
                                 :name (s105.n / name
                                               :op1 "SW"))
                   :ARG1 (s105.a / amr-unknown
                                 :topic (s105.b / bird
                                                :mod (s105.o / other))))
   :snt106 (s106.e / email-address-entity
                   :value "E"
                   :value "tweet-02")
   :snt107 (s107.s / say-01
                   :ARG0 (s107.p2 / person
                                  :name (s107.n / name
                                                :op1 "SW")
                                  :same-as s105.p)
                   :ARG1 (s107.a2 / and
                                  :op2 (s107.p / penguin))
                   :polarity (s107.a / amr-unknown))
   :snt108 (s108.q / quack
                   :ord (s108.s / string-entity
                                :value "E")
                   :mode "expressive")
   :snt109 (s109.s / say-01
                   :ARG0 (s109.p / person
                                 :name (s109.n / name
                                               :op1 "SW"))
                   :ARG1 (s109.g / go-24
                                 :ARG1 (s109.w / we)
                                 :ARG4 (s109.t / there)))
   :snt110 (s110.g / get-05
                   :ARG0 (s110.w / we)
                   :ARG1 (s110.o / one
                                 :mod (s110.t / that)
                                 :same-as s107.p)
                   :ARG2 (s110.o2 / out-06
                                  :ARG1 s110.w
                                  :ARG2 (s110.t2 / there))
                   :mode "imperative")
   :snt111 (s111.s / suggest-01
                   :ARG1 (s111.c / chimpanzee))
   :snt112 (s112.s / say-01
                   :ARG0 (s112.p / person
                                 :name (s112.n / name
                                               :op1 "E"))
                   :ARG1 (s112.o / ooh
                                 :mode "expressive"))
   :snt113 (s113.a / aah
                   :mode "expressive")
   :snt114 (s114.s / say-01
                   :ARG0 (s114.p / person
                                 :name (s114.n / name
                                               :op1 "SW"))
                   :ARG1 (s114.g / good-02
                                 :degree (s114.v / very)))
   :snt115 (s115.a / amr-unknown
                   :topic (s115.w / wolf))
   :snt116 (s116.s / say-01
                   :ARG0 (s116.e / emoticon
                                 :value "E")
                   :ARG1 (s116.o / ooo
                                 :mod s116.e
                                 :mode "expressive")
                   :rel (s116.i / i))
   :snt117 (s117.s / say-01
                   :ARG0 (s117.p / person
                                 :name (s117.n / name
                                               :op1 "SW")
                                 :same-as s105.p)
                   :ARG1 (s117.a2 / and
                                  :op2 (s117.p2 / pig))
                   :polarity (s117.a / amr-unknown))
   :snt118 (s118.o / oink
                   :mod (s118.s / string-entity
                                :value "E")
                   :mode "expressive")
   :snt119 (s119.s / say-01
                   :ARG0 (s119.p / person
                                 :name (s119.n / name
                                               :op1 "SW")
                                 :same-as s105.p)
                   :ARG1 (s119.a2 / and
                                  :op2 (s119.r / rooster))
                   :polarity (s119.a / amr-unknown))
   :snt120 (s120.s / shit
                   :mode "expressive")
   :snt121 (s121.s / say-01
                   :ARG0 (s121.p / person
                                 :name (s121.n / name
                                               :op1 "SW")
                                 :same-as s105.p)
                   :ARG1 (s121.a2 / and
                                  :op2 (s121.c / cat
                                               :mod (s121.t / that)
                                               :mod (s121.a / amr-unknown))))
   :snt122 (s122.s / say-01
                   :ARG0 (s122.a / animal
                                 :name (s122.n / name
                                               :op1 "E"))
                   :ARG1 (s122.c / cat))
   :snt123 (s123.s / say-01
                   :ARG0 (s123.p / person
                                 :name (s123.n / name
                                               :op1 "SW"))
                   :ARG1 (s123.h / have-03
                                 :ARG0 (s123.w / we)
                                 :ARG1 (s123.c / cat
                                               :mod (s123.b / big)
                                               :source (s123.j / jungle))
                                 :location (s123.z / zoo
                                                   :same-as s102.n)))
   :snt124 (s124.s / say-01
                   :ARG0 (s124.p / person
                                 :name (s124.n / name
                                               :op1 "E"))
                   :ARG1 (s124.a / anger-01
                                 :ARG1 (s124.i / i)))
   :snt125 (s125.s / say-01
                   :ARG0 (s125.p / person
                                 :name (s125.n / name
                                               :op1 "SW"))
                   :ARG1 (s125.a / amr-unknown
                                 :topic (s125.s2 / skunk)))
   :snt126 (s126.m / mean-01
                   :ARG1 (s126.s2 / string-entity
                                  :value "E")
                   :ARG2 (s126.p / person
                                 :ARG1-of (s126.s / stink-01)))
   :snt127 (s127.s / say-01
                   :ARG0 (s127.p / person
                                 :name (s127.n / name
                                               :op1 "SW"))
                   :ARG1 (s127.c / comedian
                                 :domain (s127.s2 / she
                                                  :same-as s2.s2)))
   :snt128 (s128.s / suppose-01
                   :ARG0 (s128.i / i
                                 :same-as s2.p)
                   :ARG1 (s128.t / think-01
                                 :ARG0 (s128.y / you
                                               :same-as s2.s2)
                                 :ARG1 (s128.f / fame-01
                                               :ARG1 s128.y))
                   :polarity (s128.a / amr-unknown))
   :snt129 (s129.f / fame-01
                   :ARG1 (s129.y / you
                                 :same-as s2.s2)
                   :polarity (s129.a / amr-unknown))
   :snt130 (s130.b / broadcast-program
                   :name (s130.n / name
                                 :op1 "Superstar")
                   :same-as s126.m)
   :snt131 (s131.s / say-01
                   :ARG0 (s131.p / person
                                 :name (s131.n / name
                                               :op1 "SW"))
                   :ARG1 (s131.y / yeah))
   :snt132 (s132.s / superstar
                   :domain (s132.y / you
                                   :same-as s2.s2))
   :snt133 (s133.l / like-02
                   :ARG0 (s133.w / we)
                   :ARG1 (s133.e / encourage-01
                                 :ARG0 s133.w
                                 :ARG1 (s133.y / you
                                               :mod (s133.a / all))
                                 :ARG2 (s133.a2 / and
                                                :op1 (s133.d / do-02
                                                             :ARG0 s133.y
                                                             :ARG1 (s133.p / part
                                                                           :poss s133.y
                                                                           :topic (s133.h2 / help-01
                                                                                           :ARG0 s133.y
                                                                                           :ARG1 (s133.p5 / protect-01
                                                                                                          :ARG1 (s133.p4 / person
                                                                                                                         :ARG0-of (s133.h / have-rel-role-91
                                                                                                                                          :ARG1 (s133.p3 / person
                                                                                                                                                         :name (s133.n / name
                                                                                                                                                                       :op1 "Einstein")
                                                                                                                                                         :same-as s2.s2)
                                                                                                                                          :ARG2 (s133.f / friend))
                                                                                                                         :mod (s133.a3 / animal))))))
                                                :op2 (s133.d2 / do-02
                                                              :ARG0 s133.y
                                                              :ARG1 (s133.p2 / part
                                                                             :poss s133.y
                                                                             :topic (s133.h3 / help-01
                                                                                             :ARG0 s133.y
                                                                                             :ARG1 (s133.p6 / protect-01
                                                                                                            :ARG1 (s133.h4 / home
                                                                                                                           :location-of (s133.l2 / live-01
                                                                                                                                                 :ARG0 s133.p4)
                                                                                                                           :poss s133.p4)))))))
                   :mod (s133.w2 / well))
   :snt134 (s134.s / say-01
                   :ARG0 (s134.p / person
                                 :name (s134.n / name
                                               :op1 "Einstein")
                                 :same-as s2.s2)
                   :ARG1 (s134.i / it
                                 :ARG1-of (s134.h / have-degree-91
                                                  :ARG2 (s134.g / good-02
                                                                :ARG1 s134.i)
                                                  :ARG3 (s134.m / most)))
                   :time (s134.n2 / now)
                   :time (s134.a / ask-01
                                 :ARG0 (s134.w / we
                                               :same-as s133.w)
                                 :ARG2 (s134.s2 / she
                                                :same-as s2.s2)))
   :snt135 (s135.w / want-01
                   :purpose (s135.a / amr-unknown)
                   :ARG0 (s135.w2 / we
                                  :same-as s133.w)
                   :ARG1 (s135.p / protect-01
                                 :ARG0 s135.w2
                                 :ARG1 (s135.h / home
                                               :poss (s135.y / you
                                                             :same-as s2.s2))))
   :snt136 (s136.s / say-01
                   :ARG0 (s136.p / person)
                   :ARG1 (s136.s2 / special-02
                                  :ARG1 (s136.i / i
                                                :same-as s2.s2))
                   :li "E")
   :snt137 (s137.s / say-01
                   :ARG0 (s137.p / person
                                 :name (s137.n / name
                                               :op1 "SW"))
                   :ARG1 (s137.s2 / special-02
                                  :ARG1 (s137.y / you
                                                :same-as s2.s2)
                                  :degree (s137.v / very)))
   :snt138 (s138.l / like-02
                   :ARG0 (s138.y / you
                                 :same-as s2.s2)
                   :ARG1 (s138.s / say-01
                                 :ARG0 s138.y
                                 :ARG1 (s138.a2 / amr-unknown)
                                 :ARG2 (s138.p / person
                                               :ARG1-of (s138.n / nice-01)
                                               :mod (s138.t / this)
                                               :mod (s138.a / all))))
   :snt139 (s139.s / say-01
                   :ARG0 (s139.i / i)
                   :ARG1 (s139.l / love-01
                                 :ARG0 s139.i
                                 :ARG1 (s139.p / person
                                               :name (s139.n / name
                                                             :op1 "E")
                                               :ARG2-of s139.s)))
   :snt140 (s140.s / say-01
                   :ARG0 (s140.p / person
                                 :name (s140.n / name
                                               :op1 "SW"))
                   :ARG1 (s140.g / good-02
                                 :ARG1 (s140.t / that
                                               :same-as s139.l)))
   :snt141 (s141.p / possible-01
                   :ARG1 (s141.b / blow-01
                                 :ARG0 (s141.y / you
                                               :same-as s2.s2)
                                 :ARG1 (s141.k / kiss-01
                                               :ARG0 s141.y
                                               :ARG1 (s141.t / they
                                                             :same-as s138.p))
                                 :ARG2 s141.t)
                   :polarity (s141.a / amr-unknown))
   :snt142 (s142.a2 / and
                    :op1 (s142.s / say-01
                                 :ARG0 (s142.p / person
                                               :name (s142.n / name
                                                             :op1 "E"))
                                 :manner (s142.n3 / noise
                                                  :mod (s142.k / kiss-01)))
                    :op2 (s142.s2 / say-01
                                  :ARG0 (s142.p2 / person
                                                 :name (s142.n2 / name
                                                                :op1 "SW"))
                                  :ARG1 (s142.a3 / and
                                                 :op2 (s142.s3 / say-01
                                                               :ARG0 (s142.y / you
                                                                             :same-as s2.s2)
                                                               :ARG1 (s142.a / amr-unknown)
                                                               :time (s142.g / go-02
                                                                             :ARG0 s142.y)))))
   :snt143 (s143.s / say-01
                   :ARG0 (s143.p / person
                                 :name (s143.n / name
                                               :op1 "E")
                                 :same-as s2.s2)
                   :ARG1 (s143.g / goodbye))
   :snt144 (s144.s / say-01
                   :ARG0 (s144.p / person
                                 :name (s144.n / name
                                               :op1 "SW"))
                   :ARG1 (s144.j / job
                                 :ARG1-of (s144.g / good-02)))
   :snt145 (s145.t / thank-01
                   :ARG0 (s145.i / i)
                   :ARG1 (s145.y / you
                                 :mod (s145.a / all)
                                 :same-as s133.y)))

