# ::id doc-78
# ::doc_file doc-78
# ::tok http : / / www . ted . com / talks / joann_kuchera_morin_tours_the_allosphere< / url> <next_sent> The AlloSphere : it 's a three - story metal sphere in an echo - free chamber . <next_sent> Think of the AlloSphere as a large , dynamically varying digital microscope that 's connected to a supercomputer . <next_sent> 20 researchers can stand on a bridge suspended inside of the sphere , and be completely immersed in their data . <next_sent> Imagine if a team of physicists could stand inside of an atom and watch and hear electrons spin . <next_sent> Imagine if a group of sculptors could be inside of a lattice of atoms and sculpt with their material . <next_sent> Imagine if a team of surgeons could fly into the brain , as though it was a world , and see tissues as landscapes , and hear blood density levels as music . <next_sent> This is some of the research that you 're going to see that we 're undertaking at the AlloSphere . <next_sent> But first a little bit about this group of artists , scientists , and engineers that are working together . <next_sent> I 'm a composer , orchestrally - trained , and the inventor of the AlloSphere . <next_sent> With my visual artist colleagues , we map complex mathematical algorithms that unfold in time and space , visually and sonically . <next_sent> Our scientist colleagues are finding new patterns in the information . <next_sent> And our engineering colleagues are making one of the largest dynamically varying computers in the world for this kind of data exploration . <next_sent> I 'm going to fly you into five research projects in the AlloSphere that are going to take you from biological macroscopic data all the way down to electron spin . <next_sent> This first project is called the AlloBrain . <next_sent> And it 's our attempt to quantify beauty by finding which regions of the brain are interactive while witnessing something beautiful . <next_sent> You 're flying through the cortex of my colleague 's brain . <next_sent> Our narrative here is real fMRI data that 's mapped visually and sonically . <next_sent> The brain now a world that we can fly through and interact with . <next_sent> You see 12 intelligent computer agents , the little rectangles that are flying in the brain with you . <next_sent> They 're mining blood density levels . <next_sent> And they 're reporting them back to you sonically . <next_sent> Higher density levels mean more activity in that point of the brain . <next_sent> They 're actually singing these densities to you with higher pitches mapped to higher densities . <next_sent> We 're now going to move from real biological data to biogenerative algorithms that create artificial nature in our next artistic and scientific installation . <next_sent> In this artistic and scientific installation , biogenerative algorithms are helping us to understand self - generation and growth : very important for simulation in the nanoscaled sciences . <next_sent> For artists , we 're making new worlds that we can uncover and explore . <next_sent> These generative algorithms grow over time , and they interact and communicate as a swarm of insects . <next_sent> Our researchers are interacting with this data by injecting bacterial code , which are computer programs , that allow these creatures to grow over time . <next_sent> We 're going to move now from the biological and the macroscopic world , down into the atomic world , as we fly into a lattice of atoms . <next_sent> This is real AFM -- Atomic Force Microscope -- data from my colleagues in the Solid State Lighting and Energy Center . <next_sent> They 've discovered a new bond , a new material for transparent solar cells . <next_sent> We 're flying through 2,000 lattice of atoms -- oxygen , hydrogen and zinc . <next_sent> You view the bond in the triangle . <next_sent> It 's four blue zinc atoms bonding with one white hydrogen atom . <next_sent> You see the electron flow with the streamlines we as artists have generated for the scientists . <next_sent> This is allowing them to find the bonding nodes in any lattice of atoms . <next_sent> We think it makes a beautiful structural art . <next_sent> The sound that you 're hearing are the actual emission spectrums of these atoms . <next_sent> We 've mapped them into the audio domain , so they 're singing to you . <next_sent> Oxygen , hydrogen and zinc have their own signature . <next_sent> We 're going to actually move even further down as we go from this lattice of atoms to one single hydrogen atom . <next_sent> We 're working with our physicist colleagues that have given us the mathematical calculations of the n - dimensional Schrödinger equation in time . <next_sent> What you 're seeing here right now is a superposition of an electron in the lower three orbitals of a hydrogen atom . <next_sent> You 're actually hearing and seeing the electron flow with the lines . <next_sent> The white dots are the probability wave that will show you where the electron is in any given point of time and space in this particular three - orbital configuration . <next_sent> In a minute we 're going to move to a two - orbital configuration , and you 're going to notice a pulsing . <next_sent> And you 're going to hear an undulation between the sound . <next_sent> This is actually a light emitter . <next_sent> As the sound starts to pulse and contract , our physicists can tell when a photon is going to be emitted . <next_sent> They 're starting to find new mathematical structures in these calculations . <next_sent> And they 're understanding more about quantum mathematics . <next_sent> We 're going to move even further down , and go to one single electron spin . <next_sent> This will be the final project that I show you . <next_sent> Our colleagues in the Center for Quantum Computation and Spintronics are actually measuring with their lasers decoherence in a single electron spin . <next_sent> We 've taken this information and we 've made a mathematical model out of it . <next_sent> You 're actually seeing and hearing quantum information flow . <next_sent> This is very important for the next step in simulating quantum computers and information technology . <next_sent> So these brief examples that I 've shown you give you an idea of the kind of work that we 're doing at the University of California , Santa Barbara , to bring together , arts , science and engineering into a new age of math , science and art . <next_sent> We hope that all of you will come to see the AlloSphere . <next_sent> Inspire us to think of new ways that we can use this unique instrument that we 've created at Santa Barbara . <next_sent> Thank you very much .
(d / document
   :snt1 (s1.u / url-entity
               :topic (s1.t / talk-01
                            :ARG0 (s1.p / person
                                        :name (s1.n / name
                                                    :op1 "America"))))
   :snt2 (s2.s / sphere
               :name (s2.n / name
                           :op1 "AlloSphere")
               :consist-of (s2.m / metal)
               :consist-of (s2.s2 / story
                                  :quant "3")
               :location (s2.c / chamber
                               :ARG1-of (s2.f / free-04
                                              :ARG2 (s2.e / echo))))
   :snt3 (s3.t2 / think-01
                :ARG0 (s3.y / you)
                :ARG1 (s3.t / thing
                            :name (s3.n / name
                                        :op1 "AlloSphere")
                            :same-as s2.n)
                :ARG2 (s3.m / microscope
                            :ARG1-of (s3.v / vary-01
                                           :manner (s3.d2 / dynamics))
                            :ARG1-of (s3.c / connect-01
                                           :ARG2 (s3.s / supercomputer))
                            :mod (s3.d / digital)
                            :mod (s3.l / large))
                :mode "imperative")
   :snt4 (s4.p2 / possible-01
                :ARG1 (s4.a / and
                            :op1 (s4.s2 / stand-01
                                        :ARG0 (s4.p / person
                                                    :ARG0-of (s4.r / research-01)
                                                    :quant "20")
                                        :ARG2 (s4.b / bridge
                                                    :ARG1-of (s4.s3 / suspend-01
                                                                    :ARG2 (s4.i2 / inside
                                                                                 :op1 (s4.s / sphere
                                                                                            :same-as s2.n)))))
                            :op2 (s4.i / immerse-01
                                       :ARG1 s4.p
                                       :ARG1-of (s4.c / complete-02)
                                       :ARG2 (s4.d / data
                                                   :poss s4.p))))
   :snt5 (s5.i / imagine-01
               :ARG0 (s5.y / you)
               :ARG1 (s5.p2 / possible-01
                            :ARG1 (s5.a / and
                                        :op1 (s5.s2 / stand-01
                                                    :ARG1 (s5.t / team
                                                                :consist-of (s5.p / physicist))
                                                    :ARG2 (s5.i2 / inside
                                                                 :op1 (s5.a3 / atom)))
                                        :op2 (s5.a2 / and
                                                    :op1 (s5.w / watch-01
                                                               :ARG1 (s5.s / spin-01
                                                                           :ARG1 (s5.a4 / atom)))
                                                    :op2 (s5.h / hear-01
                                                               :ARG1 s5.s))))
               :mode "imperative")
   :snt6 (s6.i / imagine-01
               :ARG0 (s6.y / you)
               :ARG1 (s6.p3 / possible-01
                            :ARG1 (s6.a / and
                                        :op1 (s6.b / be-located-at-91
                                                   :ARG1 (s6.g / group
                                                               :consist-of (s6.p2 / person
                                                                                  :ARG0-of (s6.p / paint-02)))
                                                   :ARG2 (s6.i2 / inside
                                                                :op1 (s6.l / lattice
                                                                           :consist-of (s6.a2 / atom))))
                                        :op2 (s6.s / statue
                                                   :instrument (s6.m / material
                                                                     :poss s6.a2))))
               :mode "imperative")
   :snt7 (s7.i / imagine-01
               :ARG0 (s7.y / you)
               :ARG1 (s7.p2 / possible-01
                            :ARG1 (s7.a / and
                                        :op1 (s7.f / fly-01
                                                   :ARG1 (s7.t / team
                                                               :consist-of (s7.p / person
                                                                                 :ARG0-of (s7.s2 / surgery-01)))
                                                   :destination (s7.b2 / brain)
                                                   :manner (s7.w / world
                                                                 :domain s7.b2))
                                        :op2 (s7.s / see-01
                                                   :ARG0 s7.t
                                                   :ARG1 (s7.t2 / tissue)
                                                   :ARG2 (s7.l / land))
                                        :op3 (s7.h / hear-01
                                                   :ARG0 s7.t
                                                   :ARG1 (s7.l2 / level
                                                                :mod (s7.d / dense
                                                                           :mod (s7.b / blood)))
                                                   :ARG2 (s7.m / music))))
               :mode "imperative")
   :snt8 (s8.r / research-01
               :quant (s8.s2 / some)
               :ARG1 (s8.t / this)
               :ARG1-of (s8.u / undertake-01
                              :ARG0 (s8.w / we)
                              :ARG1-of (s8.s / see-01
                                             :ARG0 (s8.y / you))
                              :location (s8.f / facility
                                              :name (s8.n / name
                                                          :op1 "AlloSphere")
                                              :same-as s2.n)))
   :snt9 (s9.c / contrast-01
               :ARG2 (s9.b / bit
                           :mod (s9.l / little)
                           :ord (s9.o / ordinal-entity
                                      :value "1")
                           :topic (s9.g / group
                                        :ARG0-of (s9.w / work-01
                                                       :manner (s9.t2 / together))
                                        :consist-of (s9.a / and
                                                          :op1 (s9.a2 / artist)
                                                          :op2 (s9.s / scientist)
                                                          :op3 (s9.p / person
                                                                     :ARG0-of (s9.e / engineer-01)))
                                        :mod (s9.t / this))))
   :snt10 (s10.a / and
                 :op1 (s10.p / person
                             :ARG0-of (s10.c2 / compose-02)
                             :domain (s10.i / i
                                            :ARG1-of (s10.t / train-01
                                                            :ARG2 (s10.c / cell
                                                                         :name (s10.n / name
                                                                                      :op1 "string")))))
                 :op2 (s10.i2 / invent-01
                              :ARG0 s10.i
                              :ARG1 (s10.p2 / product
                                            :name (s10.n2 / name
                                                          :op1 "AlloSphere")
                                            :same-as s2.n)))
   :snt11 (s11.m / map-01
                 :ARG0 (s11.w / we
                              :accompanier (s11.p / person
                                                  :ARG0-of (s11.h / have-rel-role-91
                                                                  :ARG1 (s11.i / i
                                                                               :same-as s10.i)
                                                                  :ARG2 (s11.c2 / colleague
                                                                                :mod (s11.a3 / artist
                                                                                             :mod (s11.v / visual)))))
                              :same-as s8.w)
                 :ARG1 (s11.t / thing
                              :ARG1-of (s11.c / calculate-01)
                              :ARG1-of (s11.u / unfold-02
                                              :manner (s11.a / and
                                                             :op1 (s11.t2 / time)
                                                             :op2 (s11.s2 / space))
                                              :manner (s11.a2 / and
                                                              :op1 (s11.o / YouTube)
                                                              :op2 (s11.s / son)))
                              :mod (s11.m2 / mathematics)
                              :mod (s11.c3 / complex)))
   :snt12 (s12.f / find-01
                 :ARG0 (s12.p2 / person
                               :ARG0-of (s12.h / have-rel-role-91
                                               :ARG1 (s12.w / we
                                                            :same-as s8.w)
                                               :ARG2 (s12.c / colleague))
                               :mod (s12.s / scientist))
                 :ARG1 (s12.p / pattern-01
                              :ARG1 (s12.i / information)
                              :ARG1-of (s12.n / new-01)))
   :snt13 (s13.a / and
                 :op2 (s13.m / make-01
                             :purpose (s13.e2 / explore-01
                                              :ARG1 (s13.d / data)
                                              :mod (s13.k / kind
                                                          :mod (s13.t / this)))
                             :ARG0 (s13.p / person
                                          :ARG0-of (s13.h2 / have-rel-role-91
                                                           :ARG1 (s13.w / we
                                                                        :same-as s8.w)
                                                           :ARG2 (s13.c / colleague
                                                                        :topic (s13.e / engineer-01))))
                             :ARG1 (s13.c2 / computer
                                           :ARG1-of (s13.i / include-91
                                                           :ARG2 (s13.c3 / computer
                                                                         :ARG1-of (s13.v2 / vary-01
                                                                                          :ARG1-of (s13.v / vary-01))
                                                                         :ARG1-of (s13.h / have-degree-91
                                                                                         :ARG2 (s13.l / large)
                                                                                         :ARG3 (s13.m2 / most)
                                                                                         :ARG5 (s13.c4 / computer
                                                                                                       :location (s13.w2 / world))))))))
   :snt14 (s14.f / fly-01
                 :ARG0 (s14.i / i
                              :same-as s10.i)
                 :ARG1 (s14.y / you)
                 :destination (s14.p / project
                                     :ARG0-of (s14.t / take-01
                                                     :ARG1 s14.y
                                                     :ARG4 (s14.s / spin-01
                                                                  :ARG1 (s14.e / electron))
                                                     :extent (s14.a / all-the-way)
                                                     :source (s14.d / data
                                                                    :mod (s14.m / macroscopic)
                                                                    :mod (s14.b / biology)))
                                     :location (s14.t2 / thing
                                                       :name (s14.n / name
                                                                    :op1 "AlloSphere")
                                                       :same-as s2.n)
                                     :topic (s14.r / research-01)
                                     :quant "5"))
   :snt15 (s15.c / call-01
                 :ARG1 (s15.p / project
                              :mod (s15.t2 / this)
                              :ord (s15.o / ordinal-entity
                                          :value "1"))
                 :ARG2 (s15.t / thing
                              :name (s15.n / name
                                           :op1 "AlloBrain")))
   :snt16 (s16.a / and
                 :op2 (s16.a2 / attempt-01
                              :ARG0 (s16.w / we
                                           :same-as s8.w)
                              :ARG1 (s16.q / quantify-01
                                           :ARG0 s16.w
                                           :ARG1 (s16.b / beautiful-02)
                                           :manner (s16.f / find-01
                                                          :ARG0 s16.w
                                                          :ARG1 (s16.i / interact-01
                                                                       :ARG0 (s16.r / region
                                                                                    :part-of (s16.b3 / brain)))
                                                          :time (s16.w2 / witness-01
                                                                        :ARG0 s16.w
                                                                        :ARG1 (s16.s / something
                                                                                     :ARG1-of (s16.b2 / beautiful-02)))))))
   :snt17 (s17.f / fly-01
                 :ARG1 (s17.y / you)
                 :path (s17.c2 / cortex
                               :part-of (s17.b / brain
                                               :part-of (s17.p / person
                                                               :ARG0-of (s17.h / have-rel-role-91
                                                                               :ARG1 (s17.i / i
                                                                                            :same-as s10.i)
                                                                               :ARG2 (s17.c / colleague))))))
   :snt18 (s18.d / data
                 :ARG1-of (s18.r / real-04)
                 :ARG1-of (s18.m / map-01
                                 :manner (s18.s / son))
                 :domain (s18.n2 / narrate-01
                                 :ARG0 (s18.w / we
                                              :same-as s8.w)
                                 :location (s18.h / here))
                 :mod (s18.t / thing
                             :name (s18.n / name
                                          :op1 "fMRI")
                             :mod (s18.c / chemical)))
   :snt19 (s19.w2 / world
                  :ARG1 (s19.a / and
                               :op1 (s19.f / fly-01
                                           :ARG1 (s19.w / we)
                                           :ARG1-of (s19.p / possible-01)
                                           :path (s19.t / through))
                               :op2 (s19.i / interact-01
                                           :ARG0 s19.w
                                           :ARG1 s19.w2))
                  :domain (s19.b / brain)
                  :time (s19.n / now))
   :snt20 (s20.s / see-01
                 :ARG0 (s20.y / you)
                 :ARG1 (s20.a / agent
                              :ARG0-of (s20.r / rectify-01
                                              :ARG1-of (s20.f / fly-01
                                                              :accompanier s20.y
                                                              :location (s20.b / brain))
                                              :mod (s20.l / little))
                              :ARG1-of (s20.i / intelligent-01)
                              :mod (s20.c / computer)
                              :quant "12"))
   :snt21 (s21.m / mine-01
                 :ARG0 (s21.t / they
                              :same-as s20.a)
                 :ARG1 (s21.l / level
                              :mod (s21.d / density
                                          :mod (s21.b / blood))))
   :snt22 (s22.a / and
                 :op2 (s22.r / report-01
                             :ARG0 (s22.t / they
                                          :same-as s20.a)
                             :ARG1 (s22.t2 / they
                                           :same-as s21.l)
                             :ARG2 (s22.y / you)
                             :direction (s22.b / back)
                             :manner (s22.s / son)))
   :snt23 (s23.m / mean-01
                 :ARG1 (s23.l / level
                              :ARG1-of (s23.h / have-degree-91
                                              :ARG2 (s23.h2 / high-02)
                                              :ARG3 (s23.m2 / more))
                              :mod (s23.d / density))
                 :ARG2 (s23.a / activity-06
                              :ARG1 (s23.p / point
                                           :mod (s23.t / that)
                                           :part-of (s23.b / brain
                                                           :same-as s20.b))
                              :mod (s23.m3 / more)))
   :snt24 (s24.s / sing-01
                 :ARG0 (s24.t / they
                              :same-as s20.a)
                 :ARG1 (s24.d / dense
                              :mod (s24.t2 / this))
                 :ARG1-of (s24.a / actual-02)
                 :ARG2 (s24.y / you)
                 :instrument (s24.n / note
                                    :ARG1-of (s24.h / have-degree-91
                                                    :ARG2 (s24.h2 / high-02)
                                                    :ARG3 (s24.m2 / more))
                                    :ARG1-of (s24.m / map-01
                                                    :ARG2 s24.d)))
   :snt25 (s25.m / move-01
                 :ARG0 (s25.w / we
                              :same-as s8.w)
                 :ARG2 (s25.t / thing
                              :ARG0-of (s25.p / program-01)
                              :ARG0-of (s25.c / create-01
                                              :ARG1 (s25.n / nature
                                                           :mod (s25.a3 / artificial))
                                              :subevent-of (s25.i / installation
                                                                  :mod (s25.a / and
                                                                              :op1 (s25.a2 / art)
                                                                              :op2 (s25.s / science))
                                                                  :mod (s25.n2 / next)
                                                                  :poss s25.w))
                              :mod (s25.b / biogenerative))
                 :ARG3 (s25.d / data
                              :ARG1-of (s25.r / real-04)
                              :mod (s25.b2 / biology))
                 :time (s25.n3 / now))
   :snt26 (s26.h / help-01
                 :ARG0 (s26.g2 / gram
                               :mod (s26.b / biogenerative))
                 :ARG1 (s26.u / understand-01
                              :ARG0 (s26.w / we)
                              :ARG1 (s26.a2 / and
                                            :ARG1-of (s26.i / important-01
                                                            :ARG2 (s26.s4 / simulate-01
                                                                          :location (s26.s2 / science
                                                                                            :mod (s26.o / optics)))
                                                            :degree (s26.v / very))
                                            :op1 (s26.g / generate-01
                                                        :ARG0 (s26.s3 / self)
                                                        :ARG1 s26.s3)
                                            :op2 (s26.g3 / grow-01
                                                         :ARG1 s26.s3)))
                 :ARG2 s26.w
                 :location (s26.i2 / installation
                                   :mod (s26.a / and
                                               :op1 (s26.a3 / art)
                                               :op2 (s26.s / science))
                                   :mod (s26.t / this)
                                   :same-as s25.i))
   :snt27 (s27.m / make-01
                 :ARG0 (s27.w / we)
                 :ARG1 (s27.w2 / world
                               :ARG1-of (s27.n / new-01)
                               :ARG1-of (s27.u / uncover-01
                                               :ARG0 s27.w
                                               :ARG1-of (s27.p / possible-01
                                                               :ARG1 (s27.e / explore-01
                                                                            :ARG0 s27.w
                                                                            :ARG1 s27.w2))))
                 :beneficiary (s27.a / artist))
   :snt28 (s28.a / and
                 :op1 (s28.g2 / grow-01
                              :ARG1 (s28.s / software
                                           :mod (s28.g / general)
                                           :mod (s28.t / this)
                                           :same-as s26.g2)
                              :mod (s28.o / over-time))
                 :op2 (s28.a2 / and
                              :manner (s28.s2 / swarm
                                              :consist-of (s28.i / insect))
                              :op1 (s28.i2 / interact-01
                                           :ARG0 s28.s)
                              :op2 (s28.c / communicate-01
                                          :ARG0 s28.s)))
   :snt29 (s29.i2 / interact-01
                  :ARG0 (s29.p / person
                               :ARG0-of (s29.r / research-01)
                               :poss (s29.w / we))
                  :ARG1 (s29.d / data
                               :mod (s29.t / this))
                  :manner (s29.i / inject-01
                                 :ARG0 s29.p
                                 :ARG1 (s29.c / code
                                              :mod (s29.b / bacterium)
                                              :mod (s29.p2 / program
                                                           :ARG0-of (s29.a / allow-01
                                                                           :ARG1 (s29.g / grow-01
                                                                                        :ARG1 (s29.c3 / creature
                                                                                                      :mod (s29.t2 / this))
                                                                                        :mod (s29.o / over-time)))
                                                           :mod (s29.c2 / computer)))))
   :snt30 (s30.m2 / move-01
                  :ARG0 (s30.w / we
                               :same-as s8.w)
                  :ARG2 (s30.w4 / world
                                :mod (s30.a2 / atom))
                  :source (s30.a / and
                                 :op1 (s30.w2 / world
                                              :mod (s30.b / biology))
                                 :op2 (s30.w3 / world
                                              :mod (s30.m / macroscopic)))
                  :time (s30.n / now)
                  :time (s30.f / fly-01
                               :ARG1 s30.w
                               :destination (s30.l / lattice
                                                   :consist-of (s30.a3 / atom))))
   :snt31 (s31.d / data
                 :ARG1-of (s31.r / real-04)
                 :domain (s31.t / this)
                 :rel (s31.i / Lighting)
                 :source (s31.p / person
                                :name (s31.n / name
                                             :op1 "Atomic"
                                             :op2 "Force"
                                             :op3 "Force"
                                             :op4 "Microscope")
                                :ARG0-of (s31.h / have-rel-role-91
                                                :ARG1 (s31.i2 / i
                                                              :same-as s10.i)
                                                :ARG1 (s31.o / organization
                                                             :name (s31.n2 / name
                                                                           :op1 "Solid"
                                                                           :op2 "State"
                                                                           :op4 "and"
                                                                           :op5 "and"
                                                                           :op6 "Energy"
                                                                           :op7 "Center"))
                                                :ARG2 (s31.c / colleague))))
   :snt32 (s32.d / discover-01
                 :ARG0 (s32.t / they
                              :same-as s31.h)
                 :ARG1 (s32.b / bond-01
                              :ARG1-of (s32.n / new-01
                                              :ARG1 (s32.m / material
                                                           :purpose (s32.c / cell
                                                                           :mod (s32.s / sun)
                                                                           :mod (s32.t2 / transparency))))))
   :snt33 (s33.f / fly-01
                 :ARG1 (s33.w / we
                              :same-as s8.w)
                 :path (s33.l / lattice
                              :consist-of (s33.a2 / atom
                                                  :consist-of (s33.a / and
                                                                     :op1 (s33.o / oxygen)
                                                                     :op2 (s33.h / hydrogen)
                                                                     :op3 (s33.z / zinc)))
                              :quant "2000"
                              :same-as s30.l))
   :snt34 (s34.v / view-01
                 :ARG0 (s34.y / you)
                 :ARG1 (s34.b / bond-01)
                 :location (s34.t / triangle))
   :snt35 (s35.b2 / bond-01
                  :ARG1 (s35.a / atom
                               :consist-of (s35.z / zinc)
                               :mod (s35.b / blue)
                               :quant "4")
                  :ARG2 (s35.a2 / atom
                                :ARG1-of (s35.w / white-03)
                                :consist-of (s35.h / hydrogen)
                                :quant "1"))
   :snt36 (s36.s2 / see-01
                  :ARG0 (s36.y / you)
                  :ARG1 (s36.f / flow-01
                               :ARG1 (s36.e / electron)
                               :accompanier (s36.s3 / streamline-01
                                                    :ARG1-of (s36.g / generate-01
                                                                    :ARG0 (s36.w / we
                                                                                 :mod (s36.a / artist))
                                                                    :ARG3 (s36.s / scientist)))))
   :snt37 (s37.a / allow-01
                 :ARG0 (s37.t2 / this)
                 :ARG1 (s37.f / find-01
                              :ARG0 (s37.t / they
                                           :same-as s36.s)
                              :ARG1 (s37.i / insurgent
                                           :ARG0-of (s37.b / bond-01))
                              :location (s37.l / lattice
                                               :consist-of (s37.a3 / atom)
                                               :mod (s37.a2 / any))))
   :snt38 (s38.t / think-01
                 :ARG0 (s38.w / we
                              :same-as s36.w)
                 :ARG1 (s38.m / make-01
                              :ARG0 (s38.i / it
                                           :same-as s37.t2)
                              :ARG1 (s38.a / art
                                           :ARG1-of (s38.b / beautiful-02)
                                           :mod (s38.s / structure))))
   :snt39 (s39.s / sound-01
                 :ARG1-of (s39.h / hear-01
                                 :ARG0 (s39.y / you))
                 :ARG2 (s39.s2 / spectrum
                               :ARG1-of (s39.a / actual-02)
                               :mod (s39.e / emit-01)
                               :poss (s39.a2 / atom
                                             :mod (s39.t / this)
                                             :same-as s30.l)))
   :snt40 (s40.m / map-01
                 :ARG0 (s40.w / we
                              :same-as s36.w)
                 :ARG0-of (s40.c / cause-01
                                 :ARG1 (s40.s / sing-01
                                              :ARG0 (s40.t / they
                                                           :same-as s39.s2)
                                              :ARG2 (s40.y / you)))
                 :ARG1 s40.t
                 :location (s40.d / domain
                                  :mod (s40.a / audio)))
   :snt41 (s41.s / sign-01
                 :ARG0 (s41.a / and
                              :op1 (s41.h / hydrogen)
                              :op2 (s41.h2 / hydrogen)
                              :op3 (s41.z / zinc)))
   :snt42 (s42.m / move-01
                 :ARG1 (s42.w / we
                              :same-as s8.w)
                 :ARG1-of (s42.a / actual-02)
                 :ARG2 (s42.f / further
                              :direction (s42.d / down)
                              :mod (s42.e / even))
                 :time (s42.g / go-06
                              :ARG0 s42.w
                              :ARG2 (s42.a3 / atom
                                            :ARG1-of (s42.s / single-02)
                                            :mod (s42.h / hydrogen)
                                            :quant "1")
                              :ARG3 (s42.l / lattice
                                           :consist-of (s42.a2 / atom)
                                           :mod (s42.t / this)
                                           :same-as s30.l)))
   :snt43 (s43.w2 / work-01
                  :ARG0 (s43.w / we
                               :same-as s8.w)
                  :ARG3 (s43.p / person
                               :ARG0-of (s43.h / have-rel-role-91
                                               :ARG1 s43.w
                                               :ARG2 (s43.c2 / colleague
                                                             :mod (s43.p2 / physicist)))
                               :ARG0-of (s43.g / give-01
                                               :ARG1 (s43.t / thing
                                                            :ARG1-of (s43.c / calculate-01
                                                                            :ARG1 (s43.e / equation
                                                                                         :mod (s43.d / dimension
                                                                                                     :name (s43.n / name
                                                                                                                  :op1 "NIE"
                                                                                                                  :op2 "Schrödinger")))
                                                                            :mod (s43.m / mathematics)))
                                               :ARG2 s43.w
                                               :time (s43.i / in-time))))
   :snt44 (s44.s / see-01
                 :ARG0 (s44.y / you)
                 :ARG1 (s44.s2 / superposition
                               :location (s44.o / orbit-01
                                                :ARG0 (s44.a / atom
                                                             :consist-of (s44.h3 / hydrogen))
                                                :ARG1-of (s44.h / have-degree-91
                                                                :ARG2 (s44.l / low-04
                                                                             :ARG1 s44.o)
                                                                :ARG3 (s44.m / more))
                                                :quant "3")
                               :mod (s44.e / electron))
                 :location (s44.h2 / here)
                 :time (s44.n / now
                              :mod (s44.r / right)))
   :snt45 (s45.a2 / and
                  :ARG1-of (s45.a / actual-02)
                  :op1 (s45.h / hear-01
                              :ARG0 (s45.y / you)
                              :ARG1 (s45.f / flow-01
                                           :ARG1 (s45.e / electron
                                                        :same-as s36.e)
                                           :accompanier (s45.l / line
                                                               :same-as s36.s3)))
                  :op2 (s45.s / see-01
                              :ARG0 s45.y
                              :ARG1 s45.f))
   :snt46 (s46.w / wave-04
                 :ARG0-of (s46.s / show-01
                                 :ARG1 (s46.b / be-located-at-91
                                              :ARG1 (s46.e / electron)
                                              :ARG2 (s46.p2 / point
                                                            :mod (s46.g / given
                                                                        :mod (s46.a / any))
                                                            :mod (s46.t2 / time)
                                                            :mod (s46.s2 / space))
                                              :condition (s46.c / configuration
                                                                :mod (s46.o / orbit-01
                                                                            :quant "3")
                                                                :mod (s46.p / particular)
                                                                :mod (s46.t / this)))
                                 :ARG2 (s46.y / you))
                 :ARG1 (s46.p3 / probability)
                 :domain (s46.d / dot
                                :ARG1-of (s46.w2 / white-03)))
   :snt47 (s47.a2 / and
                  :op1 (s47.m2 / move-01
                               :ARG0 (s47.w / we
                                            :same-as s8.w)
                               :ARG2 (s47.c / configuration
                                            :mod (s47.o / orbit-01
                                                        :quant "2")))
                  :op2 (s47.n / notice-01
                              :ARG0 (s47.y / you)
                              :ARG1 (s47.p / pulse-01))
                  :time (s47.a / after
                               :quant (s47.t / temporal-quantity
                                             :unit (s47.m / minute)
                                             :quant "1")
                               :op1 (s47.n2 / now)))
   :snt48 (s48.a / and
                 :op2 (s48.h / hear-01
                             :ARG0 (s48.y / you)
                             :ARG1 (s48.r / regulate-01
                                          :ARG1 (s48.b / between
                                                       :op1 (s48.s / sound
                                                                   :same-as s39.h)))))
   :snt49 (s49.t / thing
                 :ARG0-of (s49.e / emit-01
                                 :ARG1 (s49.l / light-04))
                 :ARG1-of (s49.a / actual-02)
                 :domain (s49.t2 / this))
   :snt50 (s50.p3 / possible-01
                  :ARG1 (s50.t / tell-02
                               :ARG0 (s50.p2 / physicist
                                             :poss (s50.w / we
                                                          :same-as s8.w))
                               :ARG1 (s50.t2 / time
                                             :time-of (s50.e / emit-01
                                                             :ARG1 (s50.p / photon))))
                  :time (s50.s2 / start-01
                                :ARG1 (s50.a / and
                                             :op1 (s50.p4 / pulse-01
                                                          :ARG1 (s50.s / sound
                                                                       :same-as s39.h))
                                             :op2 (s50.c / contract-02
                                                         :ARG1 s50.s))))
   :snt51 (s51.s / start-01
                 :ARG0 (s51.t / they
                              :same-as s50.p2)
                 :ARG1 (s51.f / find-01
                              :ARG0 s51.t
                              :ARG1 (s51.s2 / structure
                                            :ARG1-of (s51.n / new-01)
                                            :mod (s51.m / mathematics))
                              :location (s51.t2 / thing
                                                :ARG1-of (s51.c / calculate-01)
                                                :mod (s51.t3 / this))))
   :snt52 (s52.a / and
                 :op2 (s52.u / understand-01
                             :quant (s52.m2 / more)
                             :ARG0 (s52.t / they
                                          :same-as s50.p2)
                             :ARG1 (s52.m / mathematics
                                          :mod (s52.q / quantum))))
   :snt53 (s53.a / and
                 :op1 (s53.m / move-01
                             :ARG1 (s53.w / we
                                          :same-as s8.w)
                             :ARG2 (s53.d / down
                                          :quant (s53.f / further
                                                        :mod (s53.e2 / even))))
                 :op2 (s53.g / go-01
                             :ARG1 s53.w
                             :ARG4 (s53.s2 / spin-01
                                           :ARG1 (s53.e / electron)
                                           :ARG1-of (s53.s / single-02)
                                           :quant "1")))
   :snt54 (s54.p / project
                 :ARG1-of (s54.s / show-01
                                 :ARG0 (s54.i / i
                                              :same-as s10.i)
                                 :ARG2 (s54.y / you))
                 :domain (s54.t / this)
                 :mod (s54.f / final))
   :snt55 (s55.m / measure-01
                 :ARG0 (s55.p / person
                              :ARG0-of (s55.h2 / have-rel-role-91
                                               :ARG1 (s55.w / we
                                                            :same-as s8.w)
                                               :ARG2 (s55.c / colleague))
                              :ARG0-of (s55.h / have-org-role-91
                                              :ARG1 (s55.r / research-institute
                                                           :name (s55.n / name
                                                                        :op1 "Center"
                                                                        :op2 "for"
                                                                        :op3 "Quantum"
                                                                        :op4 "Computation"
                                                                        :op5 "and"
                                                                        :op6 "Spintronics")))
                              :same-as s50.p2)
                 :ARG1 (s55.s2 / spin-01
                               :ARG1 (s55.e / electron)
                               :ARG1-of (s55.s / single-02)
                               :same-as s53.s2)
                 :ARG1-of (s55.a / actual-02)
                 :rel (s55.l / laser
                             :mod (s55.n2 / narcotic)
                             :poss s55.p))
   :snt56 (s56.a / and
                 :op1 (s56.t / take-01
                             :ARG0 (s56.w / we
                                          :same-as s36.w)
                             :ARG1 (s56.i / information
                                          :mod (s56.t2 / this)))
                 :op2 (s56.m / make-01
                             :ARG0 s56.w
                             :ARG1 (s56.m3 / model
                                           :mod (s56.m2 / mathematics))
                             :ARG2 s56.i))
   :snt57 (s57.a2 / and
                  :ARG1-of (s57.a / actual-02)
                  :op1 (s57.s / see-01
                              :ARG0 (s57.y / you)
                              :ARG1 (s57.f / flow-01
                                           :ARG1 (s57.i / information
                                                        :mod (s57.q / quantum))))
                  :op2 (s57.h / hear-01
                              :ARG0 s57.y
                              :ARG1 s57.f))
   :snt58 (s58.i / important-01
                 :ARG1 (s58.t2 / this)
                 :ARG2 (s58.s2 / step-01
                               :ARG2 (s58.s / simulate-01
                                            :ARG1 (s58.a / and
                                                         :op1 (s58.c / computer
                                                                     :mod (s58.q / quantum))
                                                         :op2 (s58.t / technology
                                                                     :mod (s58.i2 / information))))
                               :mod (s58.n / next))
                 :degree (s58.v / very))
   :snt59 (s59.g / give-01
                 :ARG0 (s59.e2 / example
                               :ARG1-of (s59.s3 / show-01
                                                :ARG0 (s59.i / i
                                                             :same-as s10.i)
                                                :ARG2 (s59.y / you
                                                             :same-as s54.y))
                               :mod (s59.b / brief)
                               :mod (s59.t / this))
                 :ARG1 (s59.i2 / idea
                               :topic (s59.k / kind
                                             :mod (s59.w2 / work-01
                                                          :purpose (s59.b2 / bring-01
                                                                           :ARG0 (s59.w / we
                                                                                        :same-as s36.w)
                                                                           :ARG1 (s59.a2 / and
                                                                                         :op1 (s59.a4 / art)
                                                                                         :op2 (s59.s / science)
                                                                                         :op3 (s59.e / engineer-01))
                                                                           :ARG2 (s59.a / age-01
                                                                                        :ARG1-of (s59.n3 / new-01)
                                                                                        :ARG2 (s59.a3 / and
                                                                                                      :op1 (s59.m / mathematics)
                                                                                                      :op2 (s59.s2 / science)
                                                                                                      :op3 (s59.a5 / art)))
                                                                           :ARG3 (s59.t2 / together))
                                                          :ARG0 s59.w
                                                          :location (s59.u / university
                                                                           :name (s59.n / name
                                                                                        :op1 "University"
                                                                                        :op2 "of"
                                                                                        :op3 "California")
                                                                           :location (s59.c / county
                                                                                            :name (s59.n2 / name
                                                                                                          :op1 "Santa"
                                                                                                          :op2 "Barbara"))))))
                 :ARG2 s59.y)
   :snt60 (s60.h / hope-01
                 :ARG0 (s60.w / we
                              :same-as s8.w)
                 :ARG1 (s60.c / come-01
                              :purpose (s60.s / see-01
                                              :ARG0 (s60.y / you
                                                           :mod (s60.a / all)
                                                           :same-as s54.y)
                                              :ARG1 (s60.t / thing
                                                           :name (s60.n / name
                                                                        :op1 "AlloSphere")))
                              :ARG1 s60.y))
   :snt61 (s61.i / inspire-01
                 :ARG1 (s61.w2 / we
                               :same-as s8.w)
                 :ARG2 (s61.t / think-01
                              :ARG0 s61.w2
                              :ARG1 (s61.w / way
                                           :ARG1-of (s61.n2 / new-01)
                                           :manner-of (s61.u2 / use-01
                                                              :ARG0 s61.w2
                                                              :ARG1 (s61.i2 / instrument
                                                                            :ARG1-of (s61.u / unique-01)
                                                                            :ARG1-of (s61.c2 / create-01
                                                                                             :ARG0 s61.w2
                                                                                             :location (s61.c / county
                                                                                                              :name (s61.n / name
                                                                                                                           :op1 "Santa"
                                                                                                                           :op2 "Barbara")
                                                                                                              :same-as s59.u))
                                                                            :mod (s61.t2 / this))
                                                              :ARG1-of (s61.p / possible-01)))))
   :snt62 (s62.t / thank-01
                 :ARG0 (s62.i / i)
                 :ARG1 (s62.y / you
                              :same-as s10.i)
                 :mod (s62.m / much
                             :degree (s62.v / very))))

