# ::id doc-1127
# ::doc_file doc-1127
# ::tok http : / / www . ted . com / talks / will_potter_the_shocking_move_to_criminalize_non_violent_protest< / url> <next_sent> It was less than a year after September 11 , and I was at the Chicago Tribune writing about shootings and murders , and it was leaving me feeling pretty dark and depressed . <next_sent> I had done some activism in college , so I decided to help a local group hang door knockers against animal testing . <next_sent> I thought it would be a safe way to do something positive , and we were all arrested . <next_sent> Police took this blurry photo of me holding leaflets as evidence . <next_sent> My charges were dismissed , but a few weeks later , two FBI agents knocked on my door , and they told me that unless I helped them by spying on protest groups , they would put me on a domestic terrorist list . <next_sent> but I was terrified , and when my fear subsided , I became obsessed with finding out how this happened , how animal rights and environmental activists who have never injured anyone could become the FBI 's number one domestic terrorism threat . <next_sent> A few years later , I was invited to testify before Congress about my reporting , and I told lawmakers that , while everybody some people are risking their lives to defend forests and to stop oil pipelines . <next_sent> They 're physically putting their bodies on the line between the whalers ' harpoons and the whales . <next_sent> These are everyday people , like these protesters in Italy who spontaneously climbed over barbed wire fences to rescue beagles from animal testing . <next_sent> Now these companies have backed new laws like the Animal Enterprise Terrorism Act , which turns activism into terrorism if it causes a loss of profits . <next_sent> Now most people never even heard about this law , including members of Congress . <next_sent> Less than one percent were in the room when it passed the House . <next_sent> The rest were outside at a new memorial . <next_sent> They were praising Dr . King as his style of activism was branded as terrorism if done in the name of animals or the environment . <next_sent> Supporters say laws like this are needed for the extremists : the vandals , the arsonists , the radicals . <next_sent> But right now , companies like TransCanada are briefing police in presentations like this one about how to prosecute nonviolent protesters as terrorists . <next_sent> The FBI 's training documents on eco - terrorism are not about violence , they 're about public relations . <next_sent> Today , in multiple countries , corporations are pushing new laws that make it illegal to photograph animal cruelty on their farms . <next_sent> The latest was in Idaho just two weeks ago , and today we released a lawsuit challenging it as unconstitutional as a threat to journalism . <next_sent> The first of these ag - gag prosecutions , as they 're called , was a young woman named Amy Meyer , and Amy saw a sick cow being moved by a bulldozer outside of a slaughterhouse as she was on the public street . <next_sent> And Amy did what any of us would : She filmed it . <next_sent> When I found out about her story , I wrote about it , and within 24 hours , it created such an uproar that the prosecutors just dropped all the charges . <next_sent> But apparently , even exposing stuff like that is a threat . <next_sent> Through the Freedom of Information Act , I learned that the counter - terrorism unit has been monitoring my articles and speeches like this one . <next_sent> They even included this nice little write - up of my book . <next_sent> They described it as " compelling and well - written . " <next_sent> Blurb on the next book , right ? <next_sent> The point of all of this is to make us afraid , but as a journalist , I have an unwavering faith in the power of education . <next_sent> Our best weapon is sunlight . <next_sent> Dostoevsky wrote that the whole work of man is to prove he 's a man and not a piano key . <next_sent> Over and over throughout history , people in power have used fear to silence the truth and to silence dissent . <next_sent> It 's time we strike a new note . <next_sent> Thank you .
(d / document
   :snt1 (s1.u / url-entity
               :rel (s1.n / narcotic))
   :snt2 (s2.a2 / and
                :op1 (s2.b / be-temporally-at-91
                           :ARG2 (s2.a / after
                                       :quant (s2.l2 / less-than
                                                     :op1 (s2.t / temporal-quantity
                                                                :unit (s2.y / year)
                                                                :quant "1"))
                                       :op1 (s2.d2 / date-entity
                                                   :day "11"
                                                   :month "9")))
                :op2 (s2.h / have-org-role-91
                           :ARG0 (s2.i / i)
                           :ARG0-of (s2.w / write-01
                                          :ARG1 (s2.a3 / and
                                                       :op1 (s2.s / shoot-02)
                                                       :op2 (s2.m / murder-01)))
                           :ARG1 (s2.n2 / newspaper
                                        :name (s2.n / name
                                                    :op1 "Chicago"
                                                    :op2 "Tribune")))
                :op3 (s2.l / leave-13
                           :ARG0 (s2.i2 / it)
                           :ARG1 (s2.f / feel-01
                                       :ARG0 s2.i
                                       :ARG1 (s2.a4 / and
                                                    :degree (s2.p / pretty)
                                                    :op1 (s2.d / dark-02
                                                               :ARG1 s2.i)
                                                    :op2 (s2.d3 / depress-01
                                                                :ARG1 s2.i)))))
   :snt3 (s3.c / cause-01
               :ARG0 (s3.d2 / do-02
                            :ARG0 (s3.i / i
                                        :same-as s2.i)
                            :ARG1 (s3.a / activism
                                        :quant (s3.s / some))
                            :time (s3.c2 / college))
               :ARG1 (s3.d / decide-01
                           :ARG0 s3.i
                           :ARG1 (s3.h2 / help-01
                                        :ARG0 s3.i
                                        :ARG1 (s3.h / hang-01
                                                    :ARG0 (s3.g / group
                                                                :ARG1-of (s3.l / local-02))
                                                    :ARG0-of (s3.o / oppose-01
                                                                   :ARG1 (s3.t / test-01
                                                                               :ARG1 (s3.a2 / animal)))
                                                    :ARG1 (s3.p / person
                                                                :ARG0-of (s3.k / knock-01
                                                                               :ARG1 (s3.d3 / door))))
                                        :ARG2 s3.g)))
   :snt4 (s4.a2 / and
                :op1 (s4.t / think-01
                           :ARG0 (s4.i / i
                                       :same-as s2.i)
                           :ARG1 (s4.i2 / it
                                        :same-as s3.h)
                           :ARG2 (s4.w / way
                                       :ARG0-of (s4.s / safe-01)
                                       :manner-of (s4.d / do-02
                                                        :ARG1 (s4.s2 / something
                                                                     :mod (s4.p / positive)))))
                :op2 (s4.a3 / arrest-01
                            :ARG1 (s4.w2 / we
                                         :mod (s4.a / all))))
   :snt5 (s5.t / take-01
               :ARG0 (s5.p2 / police)
               :ARG1 (s5.p / photo
                           :ARG0-of (s5.e / evidence-01)
                           :ARG1-of (s5.b / blur-01)
                           :mod (s5.t2 / this)
                           :topic (s5.h / hold-01
                                        :ARG0 (s5.i / i
                                                    :same-as s2.i)
                                        :ARG1 (s5.l / leaflet))))
   :snt6 (s6.c2 / contrast-01
                :ARG1 (s6.d / dismiss-01
                            :ARG1 (s6.c / charge-05
                                        :ARG1 (s6.i / i
                                                    :same-as s2.i)))
                :ARG2 (s6.a3 / and
                             :op1 (s6.k / knock-01
                                        :ARG0 (s6.p / person
                                                    :ARG0-of (s6.h2 / have-org-role-91
                                                                    :ARG1 (s6.g / government-organization
                                                                                :name (s6.n / name
                                                                                            :op1 "FBI"))
                                                                    :ARG2 (s6.a2 / agent))
                                                    :quant "2")
                                        :ARG1 (s6.d3 / door
                                                     :poss s6.i))
                             :op2 (s6.t / tell-01
                                        :ARG0 s6.p
                                        :ARG1 (s6.h / have-condition-91
                                                    :ARG1 (s6.p3 / put-01
                                                                 :ARG0 s6.p
                                                                 :ARG1 s6.i
                                                                 :ARG2 (s6.l / list-01
                                                                             :ARG1 s6.p
                                                                             :ARG2 (s6.t3 / terrorism
                                                                                          :mod (s6.d2 / domestic))))
                                                    :ARG2 (s6.h3 / help-01
                                                                 :ARG0 s6.p
                                                                 :ARG1 s6.p
                                                                 :manner (s6.s / spy-01
                                                                               :ARG0 s6.i
                                                                               :ARG1 (s6.g2 / group
                                                                                            :ARG0-of (s6.p2 / protest-01)))))
                                        :ARG2 s6.i)
                             :time (s6.a / after
                                         :quant (s6.f / few
                                                      :op1 (s6.t2 / temporal-quantity
                                                                  :unit (s6.w / week)
                                                                  :quant "1")))))
   :snt7 (s7.c / contrast-01
               :ARG2 (s7.a2 / and
                            :op1 (s7.t / terrify-01
                                       :ARG1 (s7.i / i
                                                   :same-as s2.i))
                            :op2 (s7.o / obsess-01
                                       :ARG0 s7.i
                                       :ARG1 (s7.f2 / find-out-03
                                                    :ARG0 s7.i
                                                    :ARG1 (s7.a3 / and
                                                                 :manner-of (s7.p / possible-01
                                                                                  :ARG1 (s7.b / become-01
                                                                                              :ARG1 (s7.a4 / and
                                                                                                           :ARG0-of (s7.i2 / injure-01
                                                                                                                           :ARG1 (s7.a6 / anyone)
                                                                                                                           :time (s7.e2 / ever)
                                                                                                                           :polarity "-")
                                                                                                           :op1 (s7.r / right-05
                                                                                                                      :ARG1 (s7.a5 / animal))
                                                                                                           :op2 (s7.a / activist
                                                                                                                      :purpose (s7.e / environment)))
                                                                                              :ARG2 (s7.t6 / threaten-01
                                                                                                           :ARG0 (s7.g / government-organization
                                                                                                                       :name (s7.n / name
                                                                                                                                   :op1 "FBI")
                                                                                                                       :same-as s6.g)
                                                                                                           :ARG1 (s7.t2 / terrorism
                                                                                                                        :mod (s7.d / domestic))
                                                                                                           :ord (s7.o2 / ordinal-entity
                                                                                                                       :value "1"))))
                                                                 :op1 (s7.t3 / thing
                                                                             :manner-of (s7.t5 / this))
                                                                 :op2 (s7.t4 / thing)))
                                       :time (s7.s / subside-01
                                                   :ARG1 (s7.f / fear-01
                                                               :ARG0 s7.i)))))
   :snt8 (s8.a2 / and
                :op1 (s8.i2 / invite-01
                            :ARG1 (s8.i / i
                                        :same-as s2.i)
                            :ARG2 (s8.t3 / testify-01
                                         :ARG0 s8.i
                                         :ARG1 (s8.r / report-01
                                                     :ARG0 s8.i)
                                         :location (s8.b / before
                                                         :op1 (s8.g / government-organization
                                                                    :name (s8.n / name
                                                                                :op1 "Congress"))))
                            :time (s8.a / after
                                        :quant (s8.f / few
                                                     :op1 (s8.t2 / temporal-quantity
                                                                 :unit (s8.y / year)
                                                                 :quant "1"))))
                :op2 (s8.t / tell-01
                           :ARG0 s8.i
                           :ARG1 (s8.h / have-concession-91
                                       :ARG1 (s8.r2 / risk-01
                                                    :ARG0 (s8.p2 / person
                                                                 :mod (s8.s / some))
                                                    :ARG2 (s8.l2 / life
                                                                 :poss s8.p2)
                                                    :ARG2 (s8.a3 / and
                                                                 :op1 (s8.d / defend-01
                                                                            :ARG0 s8.p2
                                                                            :ARG1 (s8.f2 / forest))
                                                                 :op2 (s8.s2 / stop-01
                                                                             :ARG0 s8.p2
                                                                             :ARG1 (s8.p3 / pipeline
                                                                                          :mod (s8.o / oil)))))
                                       :ARG2 (s8.e / everybody))
                           :ARG2 (s8.p / person
                                       :ARG0-of (s8.l / legislate-01))))
   :snt9 (s9.p2 / put-01
                :ARG0 (s9.t / they
                            :same-as s8.e)
                :ARG1 (s9.b2 / body
                             :poss s9.t)
                :ARG2 (s9.l / line
                            :manner (s9.l2 / loud
                                           :op1 (s9.h / har-har
                                                      :poss (s9.s / ship
                                                                  :name (s9.n / name
                                                                              :op1 "whaler"))))
                            :mod (s9.b / between
                                       :op2 (s9.w / whale)))
                :manner (s9.p / physical))
   :snt10 (s10.p / person
                 :ARG1-of (s10.r2 / resemble-01
                                  :ARG2 (s10.p2 / person
                                                :ARG0-of (s10.p3 / protest-01)
                                                :ARG0-of (s10.c / climb-01
                                                                :purpose (s10.r / rescue-01
                                                                                :ARG0 s10.p2
                                                                                :ARG1 (s10.e / eagle)
                                                                                :ARG2 (s10.t / test-01
                                                                                             :ARG1 (s10.a / animal)))
                                                                :manner (s10.s / sudden)
                                                                :path (s10.o / over
                                                                             :op1 (s10.f / fence
                                                                                         :mod (s10.w / wire
                                                                                                     :ARG1-of (s10.b / barb-01)))))
                                                :location (s10.c2 / country
                                                                  :name (s10.n / name
                                                                               :op1 "Italy"))
                                                :mod (s10.t3 / this)))
                 :domain (s10.t2 / this
                                 :same-as s8.e)
                 :mod (s10.e2 / everyday))
   :snt11 (s11.b / back-01
                 :ARG0 (s11.c2 / company
                               :mod (s11.t2 / this))
                 :ARG1 (s11.l / law
                              :ARG1-of (s11.n2 / new-01)
                              :example (s11.l2 / law
                                               :name (s11.n / name
                                                            :op1 "Animal"
                                                            :op2 "Enterprise"
                                                            :op3 "Terrorism"
                                                            :op4 "Act")
                                               :ARG0-of (s11.t3 / turn-02
                                                                :ARG1 (s11.a / activism)
                                                                :ARG2 (s11.t / terrorism)
                                                                :condition (s11.c / cause-01
                                                                                  :ARG0 s11.a
                                                                                  :ARG1 (s11.l3 / lose-02
                                                                                                :ARG1 (s11.p / profit-01))))))
                 :time (s11.n3 / now))
   :snt12 (s12.h2 / hear-01
                  :ARG0 (s12.p / person
                               :quant (s12.m2 / most)
                               :ARG2-of (s12.i / include-01
                                               :ARG1 (s12.p2 / person
                                                             :ARG0-of (s12.h / have-org-role-91
                                                                             :ARG1 (s12.g / government-organization
                                                                                          :name (s12.n / name
                                                                                                       :op1 "Congress")
                                                                                          :same-as s8.g)
                                                                             :ARG2 (s12.m / member)))))
                  :ARG1 (s12.l / law
                               :mod (s12.t / this)
                               :same-as s11.l2)
                  :mod (s12.e / even)
                  :time (s12.e2 / ever)
                  :time (s12.n2 / now)
                  :polarity "-")
   :snt13 (s13.b / be-located-at-91
                 :ARG1 (s13.p3 / person
                               :quant (s13.l / less-than
                                             :op1 (s13.p2 / percentage-entity
                                                          :value "1")))
                 :ARG2 (s13.r / room)
                 :time (s13.p / pass-01
                              :ARG0 (s13.g / government-organization
                                           :name (s13.n / name
                                                        :op1 "House"))
                              :ARG1 (s13.i / it
                                           :same-as s11.l2)))
   :snt14 (s14.b / be-located-at-91
                 :ARG1 (s14.r / rest)
                 :ARG2 (s14.o / outside
                              :location-of (s14.m / memorial
                                                  :ARG1-of (s14.n / new-01))))
   :snt15 (s15.p2 / praise-01
                  :ARG0 (s15.t2 / they
                                :same-as s14.r)
                  :ARG1 (s15.p / person
                               :name (s15.n / name
                                            :op1 "Dr."
                                            :op2 "King"))
                  :prep-as (s15.b / brand-01
                                  :ARG1 (s15.s / style
                                               :mod (s15.a / activism)
                                               :poss s15.p)
                                  :ARG2 (s15.t / terrorism)
                                  :condition (s15.d / do-02
                                                    :ARG2 (s15.o / or
                                                                 :op1 (s15.a2 / animal)
                                                                 :op2 (s15.e / environment)))))
   :snt16 (s16.s / say-01
                 :ARG0 (s16.p / person
                              :ARG0-of (s16.s2 / support-01))
                 :ARG1 (s16.n / need-01
                              :ARG1 (s16.l / law
                                           :ARG1-of (s16.r2 / resemble-01
                                                            :ARG2 (s16.t / this
                                                                         :same-as s11.l2)))
                              :beneficiary (s16.e / extremist
                                                  :example (s16.a / and
                                                                  :op1 (s16.p2 / person
                                                                               :ARG0-of (s16.v / vandalize-01))
                                                                  :op2 (s16.p3 / person
                                                                               :ARG0-of (s16.a2 / arson-01))
                                                                  :op3 (s16.p4 / person
                                                                               :ARG1-of (s16.r / radical-02))))))
   :snt17 (s17.c3 / contrast-01
                  :ARG2 (s17.b / brief-01
                               :ARG0 (s17.c / company
                                            :ARG1-of (s17.r / resemble-01
                                                            :ARG2 (s17.c2 / company
                                                                          :name (s17.n / name
                                                                                       :op1 "TransCanada"))))
                               :ARG1 (s17.p2 / police)
                               :medium (s17.p3 / present-01
                                               :ARG1 (s17.t2 / thing
                                                             :manner-of (s17.p5 / prosecute-01
                                                                                :ARG1 (s17.p / person
                                                                                             :ARG0-of (s17.p6 / protest-01)
                                                                                             :mod (s17.v / violence
                                                                                                         :polarity "-"))
                                                                                :ARG2 (s17.t / terrorist)))
                                               :ARG1-of (s17.r2 / resemble-01
                                                                :ARG2 (s17.p4 / present-01
                                                                              :mod (s17.t3 / this))))
                               :time (s17.n2 / now
                                             :mod (s17.r3 / right))))
   :snt18 (s18.c3 / contrast-01
                  :ARG1 (s18.c / concern-02
                               :ARG0 (s18.d / document
                                            :ARG2-of (s18.t2 / train-01
                                                             :ARG0 (s18.g / government-organization
                                                                          :name (s18.n / name
                                                                                       :op1 "FBI")
                                                                          :poss-of s18.d
                                                                          :same-as s6.g))
                                            :topic (s18.t / terrorism
                                                          :mod (s18.e / ecology)))
                               :ARG1 (s18.v / violence)
                               :polarity "-")
                  :ARG2 (s18.c2 / concern-02
                                :ARG0 s18.d
                                :ARG1 (s18.r / relate-02
                                             :ARG2 (s18.p / public))))
   :snt19 (s19.p2 / push-02
                  :ARG0 (s19.c / corporation)
                  :ARG2 (s19.l / law
                               :ARG0-of (s19.m / make-02
                                               :ARG1 (s19.l2 / legal-02
                                                             :ARG1 (s19.p / photograph-01
                                                                          :ARG1 (s19.c3 / cruel
                                                                                        :mod (s19.a / animal))
                                                                          :location (s19.f / farm
                                                                                           :poss s19.c))
                                                             :polarity "-"))
                               :ARG1-of (s19.n / new-01))
                  :location (s19.c2 / country
                                    :quant (s19.m2 / multiple))
                  :time (s19.t / today))
   :snt20 (s20.a / and
                 :op1 (s20.b / be-located-at-91
                             :ARG1 (s20.t2 / thing
                                           :mod (s20.l / last))
                             :ARG2 (s20.s / state
                                          :name (s20.n / name
                                                       :op1 "Idaho"))
                             :time (s20.b2 / before
                                           :quant (s20.t / temporal-quantity
                                                         :unit (s20.w2 / week)
                                                         :quant "2")
                                           :mod (s20.j2 / just)
                                           :op1 (s20.n2 / now)))
                 :op2 (s20.r / release-01
                             :ARG0 (s20.w / we)
                             :ARG1 (s20.s2 / sue-02
                                           :ARG0-of (s20.c / challenge-01
                                                           :ARG2 (s20.t3 / threaten-01
                                                                         :ARG0 s20.t2
                                                                         :ARG2 (s20.j / journalism)
                                                                         :mod (s20.c2 / constitutional
                                                                                      :polarity "-"))))
                             :time (s20.t4 / today
                                           :same-as s19.t)))
   :snt21 (s21.a / and
                 :op1 (s21.w / woman
                             :name (s21.n / name
                                          :op1 "Amy"
                                          :op2 "Meyer")
                             :mod (s21.y / young))
                 :op2 (s21.s / see-01
                             :ARG0 s21.w
                             :ARG1 (s21.m / move-01
                                          :ARG0 (s21.b2 / bulldozer)
                                          :ARG1 (s21.c2 / cow
                                                        :ARG1-of (s21.s2 / sick-05))
                                          :location (s21.o2 / outside
                                                            :op1 (s21.s3 / slaughterhouse)))
                             :time (s21.b / be-located-at-91
                                          :ARG1 s21.w
                                          :ARG2 (s21.s4 / street
                                                        :ARG1-of (s21.p3 / public-02))))
                 :rel (s21.i / include-91
                             :ARG2 (s21.p2 / prosecute-01
                                           :ARG2-of (s21.c / call-01
                                                           :ARG1 (s21.p / prosecute-01
                                                                        :ARG0 s21.w
                                                                        :ARG1-of s21.i
                                                                        :ord (s21.o / ordinal-entity
                                                                                    :value "1")))
                                           :mod (s21.g / gag-01)
                                           :mod (s21.t / this))))
   :snt22 (s22.a / and
                 :op2 (s22.d / do-02
                             :ARG0 (s22.p / person
                                          :name (s22.n / name
                                                       :op1 "Amy")
                                          :same-as s21.w)
                             :ARG1-of (s22.m / mean-01
                                             :ARG2 (s22.f / film-01
                                                          :ARG0 s22.p
                                                          :ARG1 (s22.i2 / it))))
                 :rel (s22.a2 / any
                              :ARG1-of (s22.i / include-91
                                              :ARG2 (s22.w / we))))
   :snt23 (s23.a2 / and
                  :op1 (s23.w2 / write-01
                               :ARG0 (s23.i / i
                                            :same-as s2.i)
                               :ARG1 (s23.s2 / story
                                             :poss (s23.s / she
                                                          :same-as s21.w)))
                  :op2 (s23.c3 / create-01
                               :ARG0 s23.s2
                               :ARG0-of (s23.c / cause-01
                                               :ARG1 (s23.d / drop-05
                                                            :ARG0 (s23.p / person
                                                                         :ARG0-of (s23.p2 / prosecute-01))
                                                            :ARG1 (s23.c2 / charge-05
                                                                          :mod (s23.a / all))
                                                            :mod (s23.j / just)))
                               :ARG1 (s23.u / uproar
                                            :mod (s23.s3 / such))
                               :time (s23.w / within
                                            :op1 (s23.t / temporal-quantity
                                                        :unit (s23.h / hour)
                                                        :quant "24")))
                  :time (s23.f / find-out-03
                               :ARG0 s23.i
                               :ARG1 s23.s2))
   :snt24 (s24.c / contrast-01
                 :ARG2 (s24.t2 / threaten-01
                               :ARG1 (s24.e2 / expose-01
                                             :ARG1 (s24.s / stuff
                                                          :ARG1-of (s24.r / resemble-01
                                                                          :ARG2 (s24.t / that)))
                                             :mod (s24.e / even))
                               :manner (s24.a / apparent)))
   :snt25 (s25.l2 / learn-01
                  :ARG0 (s25.i / i
                               :same-as s2.i)
                  :ARG1 (s25.m / monitor-01
                               :ARG0 (s25.u / unit
                                            :ARG0-of (s25.c / counter-01
                                                            :ARG1 (s25.t / terrorism)))
                               :ARG1 (s25.a / and
                                            :ARG1-of (s25.r / resemble-01
                                                            :ARG2 (s25.o / one
                                                                         :mod (s25.t2 / this)
                                                                         :same-as s17.t3))
                                            :op1 (s25.a2 / article
                                                         :poss s25.i)
                                            :op2 (s25.s / speak-01
                                                        :ARG0 s25.i)))
                  :medium (s25.l / law
                                 :name (s25.n / name
                                              :op1 "Freedom"
                                              :op2 "of"
                                              :op3 "Information"
                                              :op4 "Act")))
   :snt26 (s26.i2 / include-01
                  :ARG0 (s26.t / they
                               :same-as s25.u)
                  :ARG1 (s26.t2 / thing
                                :ARG1-of (s26.n / nice-01)
                                :ARG1-of (s26.w / write-01
                                                :ARG2 (s26.b / book
                                                             :poss (s26.i / i
                                                                          :same-as s2.i)
                                                             :same-as s17.t3))
                                :mod (s26.l / little)
                                :mod (s26.t3 / this))
                  :mod (s26.e / even))
   :snt27 (s27.d / describe-01
                 :ARG0 (s27.t / they
                              :same-as s25.u)
                 :ARG1 (s27.i / it
                              :same-as s17.t3)
                 :ARG2 (s27.a / and
                              :op1 (s27.c / compel-01
                                          :ARG0 s27.i)
                              :op2 (s27.w2 / write-01
                                           :ARG1 s27.i
                                           :ARG1-of (s27.w / well-09))))
   :snt28 (s28.b / blur-01
                 :ARG1 (s28.b2 / book
                               :mod (s28.n / next))
                 :ARG1-of (s28.r / request-confirmation-91))
   :snt29 (s29.c / contrast-01
                 :ARG1 (s29.p / point-03
                              :ARG1 (s29.t / this
                                           :mod (s29.a / all))
                              :ARG2 (s29.m / make-02
                                           :ARG1 (s29.f2 / fear-01
                                                         :ARG0 (s29.w / we))))
                 :ARG2 (s29.h / have-03
                              :ARG0 (s29.i / i
                                           :domain (s29.j / journalist)
                                           :same-as s2.i)
                              :ARG1 (s29.f / faith
                                           :ARG1-of (s29.w2 / will-02
                                                            :polarity "-")
                                           :topic (s29.p2 / powerful-02
                                                          :ARG1 (s29.e / educate-01)))
                              :prep-as s29.j))
   :snt30 (s30.s / sunlight
                 :domain (s30.w2 / weapon
                                 :ARG1-of (s30.h / have-degree-91
                                                 :ARG2 (s30.g / good-02
                                                              :ARG1 s30.w2)
                                                 :ARG3 (s30.m / most))
                                 :poss (s30.w / we)))
   :snt31 (s31.w3 / write-01
                  :ARG0 (s31.p / person
                               :name (s31.n / name
                                            :op1 "Dostoevsky"))
                  :ARG1 (s31.w2 / work-01
                                :ARG0 (s31.m / man)
                                :ARG1 (s31.p3 / prove-01
                                              :ARG0 s31.m
                                              :ARG1 (s31.a / and
                                                           :op1 (s31.m2 / man
                                                                        :domain s31.m)
                                                           :op2 (s31.k / key-02
                                                                       :ARG2 (s31.p2 / piano)
                                                                       :polarity "-")))
                                :mod (s31.w / whole)))
   :snt32 (s32.u / use-01
                 :ARG0 (s32.p / person
                              :prep-in (s32.p2 / power))
                 :ARG1 (s32.f / fear-01
                              :ARG0 s32.p)
                 :ARG2 (s32.a / and
                              :op1 (s32.s / silence-01
                                          :ARG0 s32.p
                                          :ARG1 (s32.t / truth))
                              :op2 (s32.s2 / silence-01
                                           :ARG0 s32.p
                                           :ARG1 (s32.d / dissent-01)))
                 :duration (s32.h / history
                                  :duration (s32.o / over-and-over)))
   :snt33 (s33.t / time
                 :time-of (s33.s / strike-01
                                 :ARG0 (s33.w / we)
                                 :ARG1 (s33.n2 / note
                                               :ARG1-of (s33.n / new-01))))
   :snt34 (s34.t / thank-01
                 :ARG1 (s34.y / you)))

