# ::id doc-164
# ::doc_file doc-164
# ::tok http : / / www . ted . com / talks / eli_pariser_beware_online_filter_bubbles< / url> <next_sent> Mark Zuckerberg , a journalist was asking him a question about the news feed . <next_sent> And the journalist was asking him , " Why is this so important ? " <next_sent> And Zuckerberg said , " A squirrel dying in your front yard may be more relevant to your interests right now than people dying in Africa . " <next_sent> And I want to talk about what a Web based on that idea of relevance might look like . <next_sent> So when I was growing up in a really rural area in Maine , the Internet meant something very different to me . <next_sent> It meant a connection to the world . <next_sent> It meant something that would connect us all together . <next_sent> And I was sure that it was going to be great for democracy and for our society . <next_sent> But there 's this shift in how information is flowing online , and it 's invisible . <next_sent> And if we do n't pay attention to it , it could be a real problem . <next_sent> So I first noticed this in a place I spend a lot of time -- my Facebook page . <next_sent> I 'm progressive , politically -- big surprise -- but I 've always gone out of my way to meet conservatives . <next_sent> I like hearing what they 're thinking about ; I like seeing what they link to ; I like learning a thing or two . <next_sent> And so I was surprised when I noticed one day that the conservatives had disappeared from my Facebook feed . <next_sent> was that Facebook was looking at which links I clicked on , and it was noticing that , actually , I was clicking more on my liberal friends ' links than on my conservative friends ' links . <next_sent> And without consulting me about it , it had edited them out . <next_sent> They disappeared . <next_sent> So Facebook is n't the only place that 's doing this kind of invisible , algorithmic editing of the Web . <next_sent> Google 's doing it too . <next_sent> If I search for something , and you search for something , even right now at the very same time , we may get very different search results . <next_sent> Even if you 're logged out , one engineer told me , there are 57 signals that Google looks at -- everything from what kind of computer you 're on to what kind of browser you 're using to where you 're located -- that it uses to personally tailor your query results . <next_sent> Think about it for a second : there is no standard Google anymore . <next_sent> And you know , the funny thing about this is that it 's hard to see . <next_sent> You ca n't see how different your search results are from anyone else 's . <next_sent> But a couple of weeks ago , I asked a bunch of friends to Google " Egypt " and to send me screen shots of what they got . <next_sent> So here 's my friend Scott 's screen shot . <next_sent> And here 's my friend Daniel 's screen shot . <next_sent> When you put them side - by - side , you do n't even have to read the links to see how different these two pages are . <next_sent> But when you do read the links , it 's really quite remarkable . <next_sent> Daniel did n't get anything about the protests in Egypt at all in his first page of Google results . <next_sent> Scott 's results were full of them . <next_sent> And this was the big story of the day at that time . <next_sent> That 's how different these results are becoming . <next_sent> So it 's not just Google and Facebook either . <next_sent> This is something that 's sweeping the Web . <next_sent> There are a whole host of companies that are doing this kind of personalization . <next_sent> Yahoo News , the biggest news site on the Internet , is now personalized -- different people get different things . <next_sent> Huffington Post , the Washington Post , the New York Times -- all flirting with personalization in various ways . <next_sent> And this moves us very quickly toward a world in which the Internet is showing us what it thinks we want to see , but not necessarily what we need to see . <next_sent> As Eric Schmidt said , " It will be very hard for people to watch or consume something that has not in some sense been tailored for them . " <next_sent> So I do think this is a problem . <next_sent> And I think , if you take all of these filters together , you take all these algorithms , you get what I call a filter bubble . <next_sent> And your filter bubble is your own personal , unique universe of information that you live in online . <next_sent> And what 's in your filter bubble depends on who you are , and it depends on what you do . <next_sent> But the thing is that you do n't decide what gets in . <next_sent> And more importantly , you do n't actually see what gets edited out . <next_sent> So one of the problems with the filter bubble was discovered by some researchers at Netflix . <next_sent> And they were looking at the Netflix queues , and they noticed something kind of funny that a lot of us probably have noticed , which is there are some movies that just sort of zip right up and out to our houses . <next_sent> They enter the queue , they just zip right out . <next_sent> So " Iron Man " zips right out , and " Waiting for Superman " can wait for a really long time . <next_sent> What they discovered was that in our Netflix queues there 's this epic struggle going on between our future aspirational selves and our more impulsive present selves . <next_sent> You know we all want to be someone who has watched " Rashomon , " but right now we want to watch " Ace Ventura " for the fourth time . <next_sent> So the best editing gives us a bit of both . <next_sent> It gives us a little bit of Justin Bieber and a little bit of Afghanistan . <next_sent> And the challenge with these kinds of algorithmic filters , these personalized filters , is that , because they 're mainly looking at what you click on first , it can throw off that balance . <next_sent> And instead of a balanced information diet , you can end up surrounded by information junk food . <next_sent> What this suggests is actually that we may have the story about the Internet wrong . <next_sent> In a broadcast society -- this is how the founding mythology goes -- in a broadcast society , there were these gatekeepers , the editors , and they controlled the flows of information . <next_sent> And along came the Internet and it swept them out of the way , and it allowed all of us to connect together , and it was awesome . <next_sent> But that 's not actually what 's happening right now . <next_sent> What we 're seeing is more of a passing of the torch from human gatekeepers to algorithmic ones . <next_sent> And the thing is that the algorithms do n't yet have the kind of embedded ethics that the editors did . <next_sent> So if algorithms are going to curate the world for us , if they 're going to decide what we get to see and what we do n't get to see , then we need to make sure that they 're not just keyed to relevance . <next_sent> We need to make sure that they also show us things that are uncomfortable or challenging or important -- <next_sent> this is what TED does -- <next_sent> other points of view . <next_sent> And the thing is , we 've actually been here before as a society . <next_sent> In 1915 , it 's not like newspapers were sweating a lot about their civic responsibilities . <next_sent> Then people noticed that they were doing something really important . <next_sent> That , in fact , you could n't have a functioning democracy if citizens did n't get a good flow of information , that the newspapers were critical because they were acting as the filter , and then journalistic ethics developed . <next_sent> It was n't perfect , but it got us through the last century . <next_sent> And so now , we 're kind of back in 1915 on the Web . <next_sent> And we need the new gatekeepers to encode that kind of responsibility into the code that they 're writing . <next_sent> I know that there are a lot of people here from Facebook and from Google -- Larry and Sergey -- people who have helped build the Web as it is , and I 'm grateful for that . <next_sent> But we really need you to make sure that these algorithms have encoded in them a sense of the public life , a sense of civic responsibility . <next_sent> We need you to make sure that they 're transparent enough that we can see what the rules are that determine what gets through our filters . <next_sent> And we need you to give us some control so that we can decide what gets through and what does n't . <next_sent> Because I think we really need the Internet to be that thing that we all dreamed of it being . <next_sent> We need it to connect us all together . <next_sent> We need it to introduce us to new ideas and new people and different perspectives . <next_sent> And it 's not going to do that if it leaves us all isolated in a Web of one . <next_sent> Thank you .
(d / document
   :snt1 (s1.u / url-entity
               :topic (s1.t / talk-01
                            :ARG0 (s1.p / person
                                        :name (s1.n / name
                                                    :op1 "border"))))
   :snt2 (s2.a / ask-01
               :ARG0 (s2.j / journalist
                           :name (s2.n / name
                                       :op1 "Mark"
                                       :op2 "Zuckerberg"))
               :ARG1 (s2.t / thing
                           :ARG1-of (s2.q / question-01)
                           :topic (s2.f / feed-01
                                        :ARG2 (s2.n2 / news)))
               :ARG2 (s2.h / he))
   :snt3 (s3.a2 / and
                :op2 (s3.a3 / ask-01
                            :ARG0 (s3.j / journalist
                                        :same-as s2.j)
                            :ARG1 (s3.i / important-01
                                        :ARG1 (s3.t / this
                                                    :same-as s2.f)
                                        :ARG1-of (s3.c / cause-01
                                                       :ARG0 (s3.a / amr-unknown))
                                        :degree (s3.s / so))
                            :ARG2 (s3.h / he)))
   :snt4 (s4.a / and
               :op2 (s4.s / say-01
                          :ARG0 (s4.p / person
                                      :name (s4.n / name
                                                  :op1 "Zuckerberg"))
                          :ARG1 (s4.p3 / possible-01
                                       :ARG1 (s4.r / relevant-01
                                                   :ARG1 (s4.d / die-01
                                                               :location (s4.y / yard
                                                                               :mod (s4.f / front)
                                                                               :poss (s4.y2 / you))
                                                               :ARG1 s4.s2)
                                                   :ARG2 (s4.i / interest-01
                                                               :ARG1 s4.y2)
                                                   :ARG2-of (s4.h / have-degree-91
                                                                  :ARG1 s4.d
                                                                  :ARG3 (s4.m / more)
                                                                  :ARG4 (s4.p2 / person
                                                                               :ARG1-of (s4.d2 / die-01)
                                                                               :location (s4.c / continent
                                                                                               :name (s4.n2 / name
                                                                                                            :op1 "Africa"))))
                                                   :time (s4.n3 / now
                                                                :mod (s4.r2 / right)))))
               :rel (s4.s2 / squirrel))
   :snt5 (s5.a / and
               :op2 (s5.w / want-01
                          :ARG0 (s5.i / i)
                          :ARG1 (s5.t / talk-01
                                      :ARG0 s5.i
                                      :ARG1 (s5.t2 / thing
                                                   :ARG1-of (s5.l / look-02
                                                                  :ARG0 (s5.w2 / web
                                                                               :ARG1-of (s5.b / base-02
                                                                                              :ARG2 (s5.i2 / idea
                                                                                                           :topic (s5.r / relevant-01))))
                                                                  :ARG1-of (s5.p / possible-01))))))
   :snt6 (s6.i2 / infer-01
                :ARG1 (s6.m / mean-01
                            :ARG1 (s6.i3 / internet)
                            :ARG2 (s6.s / something
                                        :ARG1-of (s6.d / differ-02
                                                       :ARG3 (s6.i / i
                                                                   :same-as s5.i)
                                                       :degree (s6.v / very)))
                            :time (s6.g / grow-up-04
                                        :ARG1 s6.i
                                        :location (s6.a / area
                                                        :location (s6.s2 / state
                                                                         :name (s6.n / name
                                                                                     :op1 "Maine"))
                                                        :mod (s6.r2 / rural
                                                                    :degree (s6.r / really))))))
   :snt7 (s7.m / mean-01
               :ARG1 (s7.i / it
                           :same-as s6.i3)
               :ARG2 (s7.c / connect-01
                           :ARG2 (s7.w / world)))
   :snt8 (s8.m / mean-01
               :ARG1 (s8.i / it
                           :same-as s6.i3)
               :ARG2 (s8.s / something
                           :ARG0-of (s8.c / connect-01
                                          :ARG1 (s8.w / we
                                                      :mod (s8.a / all))
                                          :ARG3 (s8.t / together))))
   :snt9 (s9.a / and
               :op2 (s9.s2 / sure-02
                           :ARG0 (s9.i / i
                                       :same-as s5.i)
                           :ARG1 (s9.g / great
                                       :beneficiary (s9.a2 / and
                                                           :op1 (s9.d / democracy)
                                                           :op2 (s9.s / society
                                                                      :poss (s9.w / we)))
                                       :domain (s9.i2 / it
                                                      :same-as s6.i3))))
   :snt10 (s10.c / contrast-01
                 :ARG2 (s10.a / and
                              :op1 (s10.s2 / shift-01
                                           :ARG1 (s10.f / flow-01
                                                        :ARG1 (s10.i / information)
                                                        :medium (s10.o / online))
                                           :mod (s10.t / this))
                              :op2 (s10.s / see-01
                                          :ARG1 s10.s2
                                          :polarity "-")))
   :snt11 (s11.a / and
                 :op2 (s11.p / possible-01
                             :ARG1 (s11.p2 / problem
                                           :ARG1-of (s11.r / real-04)
                                           :domain (s11.i / it))
                             :condition (s11.a2 / attend-02
                                                :ARG0 (s11.w / we)
                                                :ARG1 s11.i
                                                :polarity "-")))
   :snt12 (s12.n2 / notice-01
                  :ARG0 (s12.i / i
                               :same-as s5.i)
                  :ARG1 (s12.t / this)
                  :location (s12.p / page
                                   :location-of (s12.s / spend-01
                                                       :ARG0 s12.i
                                                       :ARG1 (s12.t2 / time
                                                                     :quant (s12.l / lot)))
                                   :mod (s12.p2 / publication
                                                :name (s12.n / name
                                                             :op1 "Facebook"))
                                   :poss s12.i)
                  :ord (s12.o / ordinal-entity
                              :value "1"))
   :snt13 (s13.c2 / contrast-01
                  :ARG1 (s13.p3 / progressive-02
                                :ARG0-of (s13.s / surprise-01
                                                :mod (s13.b / big))
                                :ARG1 (s13.i / i
                                             :same-as s5.i)
                                :ARG2 (s13.p2 / politics))
                  :ARG2 (s13.g / go-06
                               :ARG0 s13.i
                               :ARG1 (s13.m / meet-03
                                            :ARG0 s13.i
                                            :ARG1 (s13.p / person
                                                         :mod (s13.c / conservative)))
                               :ARG2 (s13.o / out
                                            :op1 (s13.w / way
                                                        :poss s13.i))
                               :time (s13.a / always)))
   :snt14 (s14.a / and
                 :op1 (s14.l2 / like-01
                              :ARG0 (s14.i / i
                                           :same-as s5.i)
                              :ARG1 (s14.h / hear-01
                                           :ARG0 s14.i
                                           :ARG2 (s14.t2 / thing
                                                         :ARG1-of (s14.t6 / think-01
                                                                          :ARG0 (s14.t / they
                                                                                       :same-as s13.p)))))
                 :op2 (s14.s / see-01
                             :ARG0 s14.i
                             :ARG1 (s14.t3 / thing
                                           :ARG2-of (s14.l4 / link-01
                                                            :ARG0 s14.t)))
                 :op3 (s14.l3 / like-01
                              :ARG0 s14.i
                              :ARG1 (s14.l / learn-01
                                           :ARG0 s14.i
                                           :ARG1 (s14.o / or
                                                        :op1 (s14.t4 / thing
                                                                     :quant "1")
                                                        :op2 (s14.t5 / thing
                                                                     :quant "2")))))
   :snt15 (s15.a / and
                 :op2 (s15.s2 / surprise-01
                              :ARG0 (s15.n2 / notice-01
                                            :ARG0 (s15.i / i
                                                         :same-as s5.i)
                                            :ARG1 (s15.d2 / disappear-01
                                                          :ARG1 (s15.p / person
                                                                       :mod (s15.c / conservative))
                                                          :source (s15.f / feed
                                                                         :mod (s15.p2 / publication
                                                                                      :name (s15.n / name
                                                                                                   :op1 "Facebook"))
                                                                         :poss s15.i
                                                                         :same-as s2.f))
                                            :time (s15.d / day
                                                         :mod (s15.o / one)))
                              :ARG1 s15.i
                              :mod (s15.s / so)))
   :snt16 (s16.a2 / and
                  :op1 (s16.l5 / look-01
                               :ARG0 (s16.p3 / publication
                                             :name (s16.n / name
                                                          :op1 "Facebook"))
                               :ARG1 (s16.l2 / link
                                             :ARG2-of (s16.c / click-01
                                                             :ARG0 (s16.i / i
                                                                          :same-as s5.i))))
                  :op2 (s16.n2 / notice-01
                               :ARG0 s16.p3
                               :ARG1 (s16.c2 / click-01
                                             :ARG0 s16.i
                                             :ARG1-of (s16.a / actual-02)
                                             :ARG2-of (s16.h / have-quant-91
                                                             :ARG1 s16.i
                                                             :ARG3 (s16.m / more)
                                                             :ARG4 (s16.c3 / click-01
                                                                           :ARG0 s16.i))
                                             :location (s16.l3 / link
                                                               :poss (s16.p / person
                                                                            :ARG0-of (s16.h2 / have-rel-role-91
                                                                                             :ARG1 s16.i
                                                                                             :ARG2 (s16.f / friend))
                                                                            :ARG1-of (s16.l / liberal-02)))))
                  :rel (s16.l4 / link
                               :poss (s16.p2 / person
                                             :ARG0-of (s16.h3 / have-rel-role-91
                                                              :ARG1 s16.i
                                                              :ARG2 (s16.f2 / friend))
                                             :mod (s16.c4 / conservative)
                                             :same-as s15.p)))
   :snt17 (s17.a / and
                 :op2 (s17.e / edit-01
                             :ARG0 (s17.i2 / it
                                           :same-as s16.p3)
                             :ARG1 (s17.t / they
                                          :same-as s15.p)
                             :manner (s17.c / consult-01
                                            :ARG0 s17.i2
                                            :ARG1 (s17.i / i
                                                         :same-as s5.i)
                                            :polarity "-")
                             :manner (s17.o / out)))
   :snt18 (s18.d / disappear-01
                 :ARG1 (s18.t / they
                              :same-as s15.p))
   :snt19 (s19.p / place
                 :ARG0-of (s19.d / do-02
                                 :ARG1 (s19.e / edit-01
                                              :ARG0 (s19.m / machine)
                                              :ARG1 (s19.w / web
                                                           :same-as s6.i3)
                                              :ARG1-of (s19.s / see-01
                                                              :ARG1-of (s19.p2 / possible-01
                                                                               :polarity "-"))
                                              :mod (s19.k / kind
                                                          :mod (s19.t / this))))
                 :domain (s19.p3 / publication
                                 :name (s19.n / name
                                              :op1 "Facebook")
                                 :same-as s16.p3)
                 :mod (s19.o / only)
                 :polarity "-")
   :snt20 (s20.d / do-02
                 :ARG0 (s20.c / company
                              :name (s20.n / name
                                           :op1 "Google"))
                 :ARG1 (s20.i / it
                              :same-as s19.e)
                 :mod (s20.t / too))
   :snt21 (s21.p / possible-01
                 :ARG1 (s21.g / get-01
                              :ARG0 (s21.w / we)
                              :ARG1 (s21.t / thing
                                           :ARG1-of (s21.d / differ-02
                                                           :degree (s21.v / very))
                                           :ARG2-of (s21.r / result-01
                                                           :medium (s21.s4 / search-01))))
                 :condition (s21.a / and
                                   :op1 (s21.s2 / search-01
                                                :ARG0 (s21.i / i
                                                             :same-as s5.i)
                                                :ARG2 (s21.s5 / something))
                                   :op2 (s21.s3 / search-01
                                                :ARG0 (s21.y / you)
                                                :ARG2 (s21.s6 / something)
                                                :time (s21.n / now
                                                             :mod (s21.r2 / right)
                                                             :mod (s21.e / even)
                                                             :time (s21.t2 / time
                                                                           :ARG1-of (s21.s / same-01
                                                                                           :degree (s21.v2 / very)))))))
   :snt22 (s22.t2 / tell-01
                  :ARG0 (s22.p / person
                               :ARG0-of (s22.e / engineer-01)
                               :quant "1")
                  :ARG1 (s22.s / signal-07
                               :ARG1-of (s22.l3 / look-01
                                                :ARG0 (s22.c / company
                                                             :name (s22.n / name
                                                                          :op1 "Google")
                                                             :same-as s20.c))
                               :ARG1-of (s22.u2 / use-01
                                                :ARG0 s22.c
                                                :ARG2 (s22.t / tailor-01
                                                             :ARG0 s22.c
                                                             :ARG1 (s22.t3 / thing
                                                                           :ARG2-of (s22.r2 / result-01
                                                                                            :ARG1 (s22.q / query-01
                                                                                                         :ARG0 (s22.y / you))))
                                                             :ARG1-of (s22.p2 / personal-02)))
                               :ARG2-of (s22.r / range-01
                                               :ARG1 (s22.e3 / everything))
                               :concession (s22.e2 / even-if
                                                   :op1 (s22.l2 / log-01
                                                                :ARG0 s22.y))
                               :quant "57")
                  :ARG2 (s22.i / i
                               :same-as s5.i)
                  :rel (s22.k / kind
                              :mod (s22.c2 / computer
                                           :ARG1-of (s22.u / use-01
                                                           :ARG0 s22.y)))
                  :rel (s22.b2 / browser
                               :location s22.y
                               :mod (s22.k2 / kind))
                  :rel (s22.l / location
                              :ARG2-of (s22.b / be-located-at-91)
                              :ARG1-of s22.b))
   :snt23 (s23.t2 / think-01
                  :ARG0 (s23.y / you)
                  :ARG1 (s23.c / company
                               :name (s23.n / name
                                            :op1 "Google")
                               :ARG1-of (s23.s2 / standard-02
                                                :polarity "-")
                               :time (s23.a / anymore))
                  :duration (s23.t / temporal-quantity
                                   :unit (s23.s / second)
                                   :quant "1"))
   :snt24 (s24.a / and
                 :rel (s24.f / funny-02
                             :ARG1-of (s24.k / know-01
                                             :ARG0 (s24.y / you)
                                             :op2 (s24.h / hard-02
                                                         :ARG1 (s24.s / see-01
                                                                      :ARG1 (s24.i / it)))
                                             :ARG1 s24.h)
                             :topic (s24.t / this)))
   :snt25 (s25.p / possible-01
                 :ARG1 (s25.s3 / see-01
                               :ARG0 (s25.y / you)
                               :ARG1 (s25.t / thing
                                            :degree-of (s25.d / differ-02
                                                              :ARG1 (s25.t2 / thing
                                                                            :ARG2-of (s25.r / result-01
                                                                                            :ARG1 (s25.s / search-01
                                                                                                         :ARG0 s25.y))))))
                 :rel (s25.t3 / thing
                              :ARG2-of (s25.r2 / result-01
                                               :ARG1 (s25.s2 / search-01
                                                             :ARG0 (s25.a / anyone
                                                                          :mod (s25.e / else))
                                                             :ARG2 s25.t3)))
                 :polarity "-")
   :snt26 (s26.c / contrast-01
                 :ARG2 (s26.a2 / ask-02
                               :ARG0 (s26.i / i
                                            :same-as s5.i)
                               :ARG1 (s26.a / and
                                            :op1 (s26.g2 / google-01
                                                         :ARG0 (s26.p / person
                                                                      :quant (s26.b2 / bunch)
                                                                      :ARG0-of (s26.h / have-rel-role-91
                                                                                      :ARG1 s26.i
                                                                                      :ARG2 (s26.f / friend)))
                                                         :ARG1 (s26.c2 / country
                                                                       :name (s26.n / name
                                                                                    :op1 "Egypt")))
                                            :op2 (s26.s2 / send-01
                                                         :ARG0 s26.p
                                                         :ARG1 (s26.s3 / shoot-03
                                                                       :ARG0 s26.p
                                                                       :ARG1 (s26.t2 / thing
                                                                                     :ARG1-of (s26.g / get-01
                                                                                                     :ARG0 s26.p))
                                                                       :mod (s26.s / screen))
                                                         :ARG2 s26.i))
                               :ARG2 s26.p
                               :time (s26.b / before
                                            :quant (s26.c3 / couple
                                                           :op1 (s26.t / temporal-quantity
                                                                       :unit (s26.w / week)
                                                                       :quant "1"))
                                            :op1 (s26.n2 / now))))
   :snt27 (s27.s2 / shoot-03
                  :ARG0 (s27.p / person
                               :name (s27.n / name
                                            :op1 "Scott")
                               :ARG0-of (s27.h / have-rel-role-91
                                               :ARG1 (s27.i / i
                                                            :same-as s5.i)
                                               :ARG2 (s27.f / friend)))
                  :location (s27.h2 / here)
                  :medium (s27.s / screen))
   :snt28 (s28.a / and
                 :op2 (s28.s2 / shoot-03
                              :ARG0 (s28.p / person
                                           :name (s28.n / name
                                                        :op1 "Daniel")
                                           :ARG0-of (s28.h / have-rel-role-91
                                                           :ARG1 (s28.i / i
                                                                        :same-as s5.i)
                                                           :ARG2 (s28.f / friend)))
                              :ARG2 (s28.s / screen)
                              :location (s28.h2 / here)))
   :snt29 (s29.o / obligate-01
                 :ARG1 (s29.y / you)
                 :ARG2 (s29.r / read-01
                              :purpose (s29.s / see-01
                                              :ARG0 s29.y
                                              :ARG1 (s29.d / differ-02
                                                           :ARG1 (s29.p / page
                                                                        :mod (s29.t / this)
                                                                        :quant "2")
                                                           :degree (s29.s4 / so)))
                              :ARG0 s29.y
                              :ARG1 (s29.l / link))
                 :mod (s29.e / even)
                 :time (s29.p2 / put-01
                               :ARG0 s29.y
                               :ARG2 (s29.s2 / side
                                             :op1 (s29.s3 / side)))
                 :polarity "-")
   :snt30 (s30.c / contrast-01
                 :ARG2 (s30.r3 / remarkable-02
                               :ARG1-of (s30.r2 / real-04)
                               :degree (s30.q / quite)
                               :time (s30.r / read-01
                                            :ARG0 (s30.y / you)
                                            :ARG1 (s30.l / link
                                                         :same-as s29.l))))
   :snt31 (s31.g / get-01
                 :ARG0 (s31.p2 / person
                               :name (s31.n / name
                                            :op1 "Daniel")
                               :same-as s28.p)
                 :ARG1 (s31.a / anything
                              :topic (s31.p3 / protest-01
                                             :location (s31.c2 / country
                                                               :name (s31.n2 / name
                                                                             :op1 "Egypt")
                                                               :same-as s26.c2)))
                 :ARG1 (s31.p / page
                              :part-of (s31.r / result
                                              :mod (s31.c / company
                                                          :name (s31.n3 / name
                                                                        :op1 "Google"))))
                 :degree (s31.a2 / at-all)
                 :polarity "-"
                 :rel "1")
   :snt32 (s32.f / fill-01
                 :ARG1 (s32.t2 / thing
                               :ARG2-of (s32.r / result-01
                                               :ARG0 (s32.p / person
                                                            :name (s32.n / name
                                                                         :op1 "Scott")
                                                            :same-as s27.p)))
                 :ARG2 (s32.t / they
                              :same-as s31.p3))
   :snt33 (s33.a / and
                 :op2 (s33.s / story
                             :domain (s33.t2 / this)
                             :mod (s33.b / big)
                             :time (s33.d / day
                                          :time (s33.t / that))))
   :snt34 (s34.d / differ-02
                 :ARG1 (s34.t2 / thing
                               :ARG1-of (s34.b / become-01)
                               :ARG2-of (s34.r / result-01
                                               :same-as s32.t2)
                               :mod (s34.t3 / this))
                 :degree (s34.s / so)
                 :mod (s34.t / that))
   :snt35 (s35.c / cause-01
                 :ARG1 (s35.a / and
                              :mod (s35.j / just
                                          :polarity "-")
                              :mod (s35.e / either)
                              :op1 (s35.c2 / company
                                           :name (s35.n / name
                                                        :op1 "Google"))
                              :op2 (s35.p / publication
                                          :name (s35.n2 / name
                                                        :op1 "Facebook")
                                          :same-as s16.p3)))
   :snt36 (s36.s2 / sweep-01
                  :ARG0 (s36.s / something
                               :mod (s36.t / this))
                  :ARG1 (s36.w / web
                               :same-as s6.i3))
   :snt37 (s37.c / company
                 :ARG0-of (s37.h / host-01
                                 :mod (s37.w / whole))
                 :ARG0-of (s37.p / personalize-01
                                 :mod (s37.k / kind
                                             :mod (s37.t / this))
                                 :same-as s36.t))
   :snt38 (s38.a / and
                 :op1 (s38.p2 / personal-02
                              :ARG1 (s38.s / site
                                           :name (s38.n / name
                                                        :op1 "Yahoo"
                                                        :op2 "News")
                                           :ARG1-of (s38.h / have-degree-91
                                                           :ARG2 (s38.b / big)
                                                           :ARG3 (s38.m / most)
                                                           :ARG5 (s38.i / internet
                                                                        :same-as s6.i3))
                                           :mod (s38.n2 / news))
                              :time (s38.n3 / now))
                 :op2 (s38.g / get-01
                             :ARG0 (s38.p / person
                                          :ARG1-of (s38.d / differ-02))
                             :ARG1 (s38.t / thing
                                          :ARG1-of (s38.d2 / differ-02))))
   :snt39 (s39.f / flirt-01
                 :ARG0 (s39.a2 / and
                               :mod (s39.a / all)
                               :op1 (s39.p2 / publication
                                            :name (s39.n2 / name
                                                          :op1 "Huffington"
                                                          :op2 "Post"))
                               :op2 (s39.n4 / newspaper
                                            :name (s39.n / name
                                                         :op1 "Washington"
                                                         :op2 "Post"))
                               :op3 (s39.n5 / newspaper
                                            :name (s39.n3 / name
                                                          :op1 "New"
                                                          :op2 "York"
                                                          :op3 "Times")))
                 :ARG1 (s39.p / personalize-01)
                 :manner (s39.w / way
                                :mod (s39.v / various)))
   :snt40 (s40.a / and
                 :op2 (s40.m / move-01
                             :ARG0 (s40.t4 / this
                                           :same-as s39.f)
                             :ARG1 (s40.w2 / we)
                             :ARG1-of (s40.q / quick-02
                                             :degree (s40.v / very))
                             :ARG2 (s40.w3 / world
                                           :location-of (s40.s2 / show-01
                                                                :ARG0 (s40.i / internet
                                                                             :same-as s6.i3)
                                                                :ARG1 (s40.t / thing
                                                                             :ARG1-of (s40.s / see-01
                                                                                             :ARG0 s40.w2
                                                                                             :ARG1-of (s40.w / want-01
                                                                                                             :ARG0 s40.w2
                                                                                                             :ARG1-of (s40.t3 / think-01
                                                                                                                              :ARG0 s40.i
                                                                                                                              :ARG1-of (s40.c / contrast-01
                                                                                                                                              :ARG2 (s40.n / need-01
                                                                                                                                                           :ARG0 s40.w2
                                                                                                                                                           :ARG1 (s40.t2 / thing)
                                                                                                                                                           :ARG1-of (s40.n2 / need-01
                                                                                                                                                                            :ARG0 s40.w2)
                                                                                                                                                           :polarity "-"))))))
                                                                :ARG2 s40.w2))))
   :snt41 (s41.s / say-01
                 :ARG0 (s41.p / person
                              :name (s41.n / name
                                           :op1 "Eric"
                                           :op2 "Schmidt"))
                 :ARG1 (s41.h / hard-02
                              :ARG1 (s41.o / or
                                           :op1 (s41.w / watch-01
                                                       :ARG0 (s41.p2 / person)
                                                       :ARG1 (s41.s4 / something
                                                                     :ARG1-of (s41.t / tailor-01
                                                                                     :ARG2 s41.p2
                                                                                     :manner (s41.s2 / sense
                                                                                                     :mod (s41.s3 / some))
                                                                                     :polarity "-")))
                                           :op2 (s41.c / consume-01
                                                       :ARG0 s41.p2
                                                       :ARG1 s41.s4))
                              :degree (s41.v / very)))
   :snt42 (s42.t / think-01
                 :ARG0 (s42.i / i
                              :same-as s41.p)
                 :ARG1 (s42.p / problem
                              :domain (s42.t2 / this)))
   :snt43 (s43.a2 / and
                  :op2 (s43.t5 / think-01
                               :ARG0 (s43.i / i
                                            :same-as s41.p)
                               :ARG1 (s43.g / get-01
                                            :ARG0 (s43.y / you)
                                            :ARG1 (s43.t4 / thing
                                                          :ARG1-of (s43.c / call-01
                                                                          :ARG0 s43.i
                                                                          :ARG2 (s43.b / bubble
                                                                                       :mod (s43.f2 / filter-02))))
                                            :condition (s43.a3 / and
                                                               :op1 (s43.t / take-01
                                                                           :ARG0 s43.y
                                                                           :ARG1 (s43.t3 / thing
                                                                                         :ARG0-of (s43.f / filter-02)
                                                                                         :mod (s43.t6 / this)
                                                                                         :mod (s43.a / all))
                                                                           :ARG3 (s43.t7 / together))
                                                               :op2 (s43.t2 / take-01
                                                                            :ARG0 s43.y
                                                                            :ARG1 (s43.s / software
                                                                                         :mod s43.t6))))))
   :snt44 (s44.a / and
                 :op2 (s44.u2 / universe
                              :ARG1-of (s44.u / unique-01)
                              :ARG1-of (s44.p / personal-02
                                              :ARG2 (s44.y / you))
                              :consist-of (s44.i / information)
                              :domain (s44.b / bubble
                                             :mod (s44.f / filter-02)
                                             :poss s44.y)
                              :location-of (s44.l / live-01
                                                  :ARG0 s44.y
                                                  :medium (s44.o / online))))
   :snt45 (s45.a / and
                 :op1 (s45.d / depend-01
                             :ARG0 (s45.t / thing
                                          :location (s45.b / bubble
                                                           :ARG2-of (s45.f / filter-02)
                                                           :poss (s45.y / you)))
                             :ARG1 (s45.t2 / thing
                                           :domain s45.y))
                 :op2 (s45.d2 / depend-01
                              :ARG0 (s45.i / it
                                           :same-as s45.y)
                              :ARG1 (s45.t3 / thing
                                            :ARG1-of (s45.d3 / do-02
                                                             :ARG0 s45.y))))
   :snt46 (s46.c / contrast-01
                 :ARG2 (s46.d / decide-01
                              :ARG0 (s46.y / you)
                              :ARG1 (s46.t / thing
                                           :ARG1-of (s46.g / get-05
                                                           :ARG2 (s46.i / inside)))
                              :polarity "-"))
   :snt47 (s47.a2 / and
                  :op2 (s47.s / see-01
                              :ARG0 (s47.y / you)
                              :ARG1 (s47.t / thing
                                           :ARG1-of (s47.e / edit-01
                                                           :manner (s47.o / out)))
                              :ARG1-of (s47.a / actual-02)
                              :ARG1-of (s47.i / important-01
                                              :ARG2-of (s47.h / have-degree-91
                                                              :ARG1 s47.s
                                                              :ARG3 (s47.m / more)))
                              :polarity "-"))
   :snt48 (s48.d / discover-01
                 :ARG0 (s48.p / person
                              :quant (s48.s / some)
                              :ARG0-of (s48.r / research-01)
                              :ARG0-of (s48.h / have-org-role-91
                                              :ARG1 (s48.c / company
                                                           :name (s48.n / name
                                                                        :op1 "Netflix"))))
                 :ARG1 (s48.p2 / problem
                               :ARG1-of (s48.i / include-91
                                               :ARG2 (s48.p3 / problem
                                                             :topic (s48.b / bubble
                                                                           :ARG0-of (s48.f / filter-02)
                                                                           :same-as s45.y)))
                               :quant "1"))
   :snt49 (s49.a / and
                 :op1 (s49.l / look-01
                             :ARG0 (s49.t / they
                                          :same-as s48.p)
                             :ARG1 (s49.q / queue-01
                                          :mod (s49.c / company
                                                      :name (s49.n / name
                                                                   :op1 "Netflix")
                                                      :same-as s48.c)))
                 :op2 (s49.n2 / notice-01
                              :ARG0 s49.t
                              :ARG1 (s49.s2 / something
                                            :ARG1-of (s49.f / funny-02
                                                            :degree (s49.k / kind-of))
                                            :ARG1-of (s49.n3 / notice-01
                                                             :ARG0 (s49.w / we
                                                                          :quant (s49.l2 / lot))
                                                             :mod (s49.p / probable))
                                            :domain (s49.z / zip-01
                                                           :ARG1 (s49.m / movie
                                                                        :quant (s49.s / some)
                                                                        :direction (s49.u / up-03))
                                                           :degree (s49.s3 / sort-of)
                                                           :direction (s49.o / out-06
                                                                             :destination (s49.h / house
                                                                                                 :poss s49.w))
                                                           :mod (s49.j / just)
                                                           :mod (s49.r / right)))))
   :snt50 (s50.a / and
                 :op1 (s50.e / enter-01
                             :ARG0 (s50.t / they
                                          :same-as s49.z)
                             :ARG1 (s50.q / queue
                                          :same-as s49.q))
                 :op2 (s50.z / zip-01
                             :ARG0 s50.t
                             :direction (s50.o / out-06)
                             :mod (s50.j / just)
                             :mod (s50.r / right)))
   :snt51 (s51.i / infer-01
                 :ARG1 (s51.a / and
                              :op1 (s51.z / zip-03
                                          :ARG0 (s51.p / person
                                                       :name (s51.n / name
                                                                    :op1 "Iron"
                                                                    :op2 "Man"))
                                          :direction (s51.o / out)
                                          :mod (s51.r2 / right))
                              :op2 (s51.p3 / possible-01
                                           :ARG1 (s51.w2 / wait-01
                                                         :ARG2 (s51.w / wait-01
                                                                      :ARG2 (s51.p2 / person
                                                                                    :name (s51.n2 / name
                                                                                                  :op1 "Superman")))
                                                         :duration (s51.t / time
                                                                          :ARG1-of (s51.l / long-03
                                                                                          :degree (s51.r / really)))))))
   :snt52 (s52.d / discover-01
                 :ARG0 (s52.t / they
                              :same-as s48.p)
                 :ARG1 (s52.s2 / struggle-01
                               :ARG1 (s52.s / self
                                            :ARG1-of (s52.h / have-degree-91
                                                            :ARG2 (s52.i / impulsive)
                                                            :ARG3 (s52.m / more))
                                            :poss (s52.w / we)
                                            :time (s52.a / aspire-01
                                                         :ARG0 s52.w
                                                         :time (s52.f / future)))
                               :location (s52.q / queue-01
                                                :ARG0 s52.w
                                                :mod (s52.c / company
                                                            :name (s52.n / name
                                                                         :op1 "Netflix")
                                                            :same-as s48.c
                                                            :same-as s49.q))
                               :mod (s52.e / epic)
                               :mod (s52.t2 / this))
                 :rel (s52.p / present))
   :snt53 (s53.c / contrast-01
                 :ARG1 (s53.k / know-01
                              :ARG0 (s53.y / you)
                              :ARG1 (s53.w / want-01
                                           :ARG0 (s53.w5 / we
                                                         :mod (s53.a / all))
                                           :ARG1 (s53.s / someone
                                                        :ARG0-of (s53.w3 / watch-01
                                                                         :ARG1 (s53.w6 / work-of-art
                                                                                       :name (s53.n / name
                                                                                                    :op1 "Rashomon")))
                                                        :domain s53.w5)))
                 :ARG2 (s53.w2 / want-01
                               :ARG0 s53.w5
                               :ARG1 (s53.w4 / watch-01
                                             :ARG0 s53.w5
                                             :ARG1 (s53.b / broadcast-program
                                                          :name (s53.n2 / name
                                                                        :op1 "Ace"
                                                                        :op2 "Ventura"))
                                             :ord (s53.o / ordinal-entity
                                                         :value "4"))
                               :time (s53.n3 / now
                                             :mod (s53.r / right))))
   :snt54 (s54.i / infer-01
                 :ARG1 (s54.g / give-01
                              :ARG0 (s54.e / edit-01
                                           :ARG1-of (s54.h / have-degree-91
                                                           :ARG2 (s54.g2 / good-03
                                                                         :ARG1 s54.e)
                                                           :ARG3 (s54.m / most)))
                              :ARG1 (s54.b2 / both
                                            :quant (s54.b / bit))
                              :ARG2 (s54.w / we)))
   :snt55 (s55.g / give-01
                 :ARG0 (s55.i / it
                              :same-as s54.e)
                 :ARG1 (s55.a / and
                              :op1 (s55.b / bit
                                          :mod (s55.l / little)
                                          :quant-of (s55.p / person
                                                           :name (s55.n / name
                                                                        :op1 "Justin"
                                                                        :op2 "Bieber")))
                              :op2 (s55.c / country
                                          :name (s55.n2 / name
                                                        :op1 "Afghanistan"
                                                        :same-as s4.c)
                                          :quant (s55.b2 / bit
                                                         :mod (s55.l2 / little))))
                 :ARG2 (s55.w / we))
   :snt56 (s56.a / and
                 :op2 (s56.c2 / challenge-01
                              :ARG2 (s56.f / filter-02
                                           :ARG1-of (s56.p / personal-02)
                                           :mod (s56.s / software)
                                           :mod (s56.k / kind
                                                       :mod (s56.t3 / this)))
                              :ARG2 (s56.p2 / possible-01
                                            :ARG1 (s56.t4 / throw-01
                                                          :ARG0 s56.f
                                                          :ARG1 (s56.b / balance-01
                                                                       :mod (s56.t / that)))
                                            :ARG1-of (s56.c / cause-01
                                                            :ARG0 (s56.l / look-01
                                                                         :ARG0 s56.f
                                                                         :ARG1 (s56.t2 / thing
                                                                                       :ARG1-of (s56.c3 / click-01
                                                                                                        :ARG0 (s56.y / you)
                                                                                                        :ord (s56.o / ordinal-entity
                                                                                                                    :value "1")))
                                                                         :mod (s56.m / main))))))
   :snt57 (s57.a / and
                 :op2 (s57.p / possible-01
                             :ARG1 (s57.e / end-up-03
                                          :ARG1 (s57.y / you)
                                          :ARG2 (s57.s / surround-01
                                                       :ARG1 (s57.f / food
                                                                    :mod (s57.j / junk)
                                                                    :mod (s57.i / information))
                                                       :ARG2 s57.y))
                             :ARG1-of (s57.i2 / instead-of-91
                                              :ARG2 (s57.d / diet
                                                           :ARG1-of (s57.b / balance-01)
                                                           :mod s57.i))))
   :snt58 (s58.s2 / suggest-01
                  :ARG0 (s58.t / this)
                  :ARG1 (s58.p / possible-01
                               :ARG1 (s58.h / have-03
                                            :ARG0 (s58.w / we)
                                            :ARG1 (s58.s / story
                                                         :ARG2-of (s58.w2 / wrong-04
                                                                          :ARG1 s58.w)
                                                         :topic (s58.i / internet
                                                                       :same-as s6.i3))))
                  :ARG1-of (s58.a / actual-02))
   :snt59 (s59.a / and
                 :op1 (s59.p / person
                             :ARG0-of (s59.k / keep-01
                                             :ARG1 (s59.g / gate))
                             :mod (s59.t / this))
                 :op2 (s59.e / editor)
                 :op3 (s59.c / control-01
                             :ARG0 (s59.a2 / and
                                           :op1 s59.p
                                           :op2 s59.e)
                             :ARG1 (s59.f / flow-01
                                          :ARG1 (s59.i / information))
                             :location (s59.s / society
                                              :ARG1-of (s59.b / broadcast-01)))
                 :rel (s59.g2 / go-01
                              :ARG1 (s59.m / mythology
                                           :topic (s59.f2 / found-01))
                              :location s59.s))
   :snt60 (s60.a3 / and
                  :op1 (s60.i / internet
                              :ARG1-of (s60.c / come-along-19)
                              :same-as s6.i3)
                  :op2 (s60.s / sweep-01
                              :ARG0 s60.i
                              :ARG1 (s60.t / they
                                           :same-as s59.p)
                              :ARG2 (s60.o / out-06
                                           :ARG1 s60.t
                                           :ARG2 (s60.w / way)))
                  :op3 (s60.a2 / allow-01
                               :ARG0 s60.i
                               :ARG1 (s60.c2 / connect-01
                                             :ARG0 s60.i
                                             :ARG1 (s60.w2 / we
                                                           :mod (s60.a / all))
                                             :mod (s60.t2 / together)))
                  :op4 (s60.a4 / awe-01
                               :ARG0 s60.i))
   :snt61 (s61.c / contrast-01
                 :ARG2 (s61.e / event
                              :ARG1-of (s61.a / actual-02)
                              :domain (s61.t / that)
                              :time (s61.n / now
                                           :mod (s61.r / right))
                              :polarity "-"))
   :snt62 (s62.s / see-01
                 :ARG0 (s62.w / we)
                 :ARG1 (s62.p / pass-05
                              :ARG1 (s62.t / torch)
                              :ARG1-of (s62.h / have-quant-91
                                              :ARG3 (s62.m / more))
                              :ARG2 (s62.p2 / person
                                            :ARG0-of (s62.k / keep-01
                                                            :ARG1 (s62.g / gate)
                                                            :mode "imperative")
                                            :mod (s62.h2 / human))
                              :ARG3 (s62.g2 / gate)))
   :snt63 (s63.a / and
                 :op2 (s63.h / have-03
                             :ARG0 (s63.a2 / automate-01)
                             :ARG1 (s63.e3 / ethics
                                           :ARG1-of (s63.e2 / embed-01)
                                           :ARG1-of (s63.h2 / have-03
                                                            :ARG0 (s63.p / person
                                                                         :ARG0-of (s63.e / edit-01)
                                                                         :same-as s59.p))
                                           :mod (s63.k / kind))
                             :time (s63.y / yet)
                             :polarity "-"))
   :snt64 (s64.h / have-condition-91
                 :ARG1 (s64.n / need-01
                              :ARG0 (s64.w / we)
                              :ARG1 (s64.e / ensure-01
                                           :ARG0 s64.w
                                           :ARG1 (s64.k / key-02
                                                        :ARG1 (s64.r2 / robot)
                                                        :ARG2 (s64.r / relevant-01)
                                                        :mod (s64.j / just)
                                                        :polarity "-")))
                 :ARG2 (s64.a / and
                              :op1 (s64.c / curb-01
                                          :ARG0 s64.r2
                                          :ARG1 (s64.w2 / world))
                              :op2 (s64.d / decide-01
                                          :ARG0 s64.r2
                                          :ARG1 (s64.a2 / and
                                                        :op1 (s64.t / thing
                                                                    :ARG1-of (s64.s / see-01
                                                                                    :ARG1-of (s64.g / get-22
                                                                                                    :ARG0 s64.w)))
                                                        :op2 (s64.t2 / thing
                                                                     :ARG1-of (s64.s2 / see-01
                                                                                      :ARG0 s64.w
                                                                                      :ARG1-of (s64.g2 / get-22
                                                                                                       :polarity "-")))))))
   :snt65 (s65.n / need-01
                 :ARG0 (s65.w / we
                              :same-as s64.w)
                 :ARG1 (s65.e / ensure-01
                              :ARG0 s65.w
                              :ARG1 (s65.s / show-01
                                           :ARG0 (s65.t / they
                                                        :same-as s64.r2)
                                           :ARG1 (s65.t2 / thing
                                                         :ARG0-of (s65.c2 / comfortable-02
                                                                          :ARG1 s65.w
                                                                          :polarity "-")
                                                         :ARG0-of (s65.c / challenge-01)
                                                         :ARG1-of (s65.i / important-01))
                                           :ARG2 s65.w
                                           :mod (s65.a / also))))
   :snt66 (s66.d / do-02
                 :ARG0 (s66.p / publication
                              :name (s66.n / name
                                           :op1 "TED"))
                 :ARG1 (s66.t / this))
   :snt67 (s67.t / thing
                 :ARG2-of (s67.h / have-point-of-view-08)
                 :mod (s67.o / other))
   :snt68 (s68.a2 / and
                  :op2 (s68.b / be-located-at-91
                              :ARG1 (s68.w / we
                                           :mod (s68.s / society))
                              :ARG1-of (s68.a / actual-02)
                              :ARG2 (s68.h / here)
                              :time (s68.b2 / before)))
   :snt69 (s69.r / resemble-01
                 :ARG2 (s69.s / sweat-04
                              :quant (s69.l / lot)
                              :ARG0 (s69.n / newspaper)
                              :ARG1 (s69.r2 / responsible-03
                                            :ARG0 (s69.c / city)
                                            :ARG1 s69.n))
                 :time (s69.d / date-entity
                              :year "1915")
                 :polarity "-")
   :snt70 (s70.n / notice-01
                 :ARG0 (s70.p / person)
                 :ARG1 (s70.d / do-02
                              :ARG0 (s70.t2 / they
                                            :same-as s69.n)
                              :ARG1 (s70.s / something
                                           :ARG1-of (s70.i / important-01
                                                           :degree (s70.r / really))))
                 :time (s70.t / then))
   :snt71 (s71.p / possible-01
                 :ARG1 (s71.f3 / function-01
                               :ARG0 (s71.y / you)
                               :ARG1 (s71.d / democracy))
                 :condition (s71.a2 / and
                                    :op1 (s71.g / get-01
                                                :ARG0 (s71.c2 / citizen)
                                                :ARG1 (s71.f2 / flow-01
                                                              :ARG1 (s71.i2 / information)
                                                              :ARG1-of (s71.g2 / good-02))
                                                :polarity "-")
                                    :op2 (s71.c3 / criticize-01
                                                 :ARG0 (s71.n / newspaper
                                                              :same-as s69.n)
                                                 :ARG1-of (s71.c / cause-01
                                                                 :ARG0 (s71.a / act-01
                                                                              :ARG0 s71.n
                                                                              :ARG1 (s71.f / filter-02
                                                                                           :ARG0 s71.n))))
                                    :op3 (s71.d2 / develop-02
                                                 :ARG1 (s71.e / ethics
                                                              :mod (s71.j / journalism))
                                                 :time (s71.t / then)))
                 :mod (s71.i / in-fact)
                 :polarity "-")
   :snt72 (s72.h / have-concession-91
                 :ARG1 (s72.g / get-through-13
                              :ARG0 (s72.w / we)
                              :ARG1 (s72.i / it)
                              :duration (s72.t / temporal-quantity
                                               :mod (s72.l / last)
                                               :unit (s72.c / century)
                                               :quant "1"))
                 :ARG2 (s72.p / perfect-02
                              :ARG1 s72.i
                              :polarity "-"))
   :snt73 (s73.a / and
                 :op2 (s73.b2 / be-temporally-at-91
                              :ARG1 (s73.w / we)
                              :ARG2 (s73.b / back
                                           :degree (s73.k / kind-of)
                                           :op1 (s73.d / date-entity
                                                       :year "1915"
                                                       :same-as s69.d))
                              :medium (s73.w2 / web
                                              :same-as s6.i3)
                              :time (s73.n / now)))
   :snt74 (s74.a / and
                 :op2 (s74.n / need-01
                             :purpose (s74.e / encode-01
                                             :ARG0 (s74.p / person
                                                          :ARG0-of (s74.k / keep-01
                                                                          :ARG1 (s74.g / gate))
                                                          :ARG1-of (s74.n2 / new-01))
                                             :ARG1 (s74.r / responsible-03
                                                          :mod (s74.k2 / kind
                                                                       :mod (s74.t / that)))
                                             :ARG2 (s74.c / code
                                                          :ARG1-of (s74.w2 / write-01
                                                                           :ARG0 s74.p)))
                             :ARG0 (s74.w / we)
                             :ARG1 s74.p))
   :snt75 (s75.a2 / and
                  :op1 (s75.k / know-01
                              :ARG0 (s75.i / i
                                           :same-as s5.i)
                              :ARG1 (s75.p / person
                                           :quant (s75.l / lot)
                                           :ARG0-of (s75.h / help-01
                                                           :ARG1 (s75.b / build-01
                                                                        :ARG0 s75.p
                                                                        :ARG1 (s75.w / web)))
                                           :location (s75.h2 / here)
                                           :source (s75.a / and
                                                          :op1 (s75.p2 / person
                                                                       :name (s75.n3 / name
                                                                                     :op1 "Larry"))
                                                          :op2 (s75.c / company
                                                                      :name (s75.n2 / name
                                                                                    :op1 "Google")))))
                  :op2 (s75.a3 / appreciate-02
                               :ARG0 s75.i
                               :ARG1 s75.h)
                  :rel (s75.p3 / publication
                               :name (s75.n / name
                                            :op1 "Facebook")
                               :same-as s16.p3)
                  :rel (s75.e / Sergey))
   :snt76 (s76.c2 / contrast-01
                  :ARG2 (s76.n / need-01
                               :ARG0 (s76.w / we)
                               :ARG1 (s76.e2 / ensure-01
                                             :ARG0 (s76.y / you)
                                             :ARG1 (s76.e / encode-01
                                                          :ARG0 (s76.s3 / software
                                                                        :mod (s76.t / this)
                                                                        :same-as s63.a2)
                                                          :ARG1 (s76.a / and
                                                                       :op1 (s76.s / sense-01
                                                                                   :ARG1 (s76.l / live-01
                                                                                                :ARG1-of (s76.p / public-02)))
                                                                       :op2 (s76.s2 / sense-01
                                                                                    :ARG1 (s76.r2 / responsible-02
                                                                                                  :ARG1 (s76.c / city))))
                                                          :ARG2 s76.s3))
                               :degree (s76.r / really)))
   :snt77 (s77.n / need-01
                 :ARG0 (s77.w / we
                              :same-as s76.w)
                 :ARG1 (s77.e2 / ensure-01
                               :ARG0 (s77.y / you
                                            :same-as s76.y)
                               :ARG1 (s77.t3 / transparent
                                             :ARG2-of (s77.h / have-degree-91
                                                             :ARG1 (s77.t / they
                                                                          :same-as s63.a2)
                                                             :ARG3 (s77.e / enough)
                                                             :ARG6 (s77.p / possible-01
                                                                          :ARG1 (s77.s / see-01
                                                                                       :ARG0 s77.w
                                                                                       :ARG1 (s77.r / rule
                                                                                                    :ARG0-of (s77.d / determine-01
                                                                                                                    :ARG1 (s77.g / get-05
                                                                                                                                 :ARG1 (s77.t2 / thing)
                                                                                                                                 :ARG2 (s77.g2 / get-through-12
                                                                                                                                               :ARG0 s77.t2
                                                                                                                                               :ARG1 (s77.f / filter-02
                                                                                                                                                            :ARG0 s77.w))))))))
                                             :domain s77.t)))
   :snt78 (s78.a / and
                 :op2 (s78.n / need-01
                             :ARG0 (s78.w / we
                                          :same-as s76.w)
                             :ARG1 (s78.g3 / give-01
                                           :purpose (s78.p / possible-01
                                                           :ARG1 (s78.d / decide-01
                                                                        :ARG0 s78.w
                                                                        :ARG1 (s78.a2 / and
                                                                                      :op1 (s78.t / thing
                                                                                                  :ARG0-of (s78.g / get-through-12))
                                                                                      :op2 (s78.t2 / thing
                                                                                                   :ARG0-of (s78.g2 / get-through-13
                                                                                                                    :polarity "-")))))
                                           :ARG0 (s78.y / you
                                                        :same-as s76.y)
                                           :ARG1 (s78.c / control-01
                                                        :quant (s78.s / some)
                                                        :ARG0 s78.y)
                                           :ARG2 s78.w)))
   :snt79 (s79.c / cause-01
                 :ARG0 (s79.t3 / think-01
                               :ARG0 (s79.i / i
                                            :same-as s5.i)
                               :ARG1 (s79.n / need-01
                                            :purpose (s79.t2 / thing
                                                             :ARG1-of (s79.d / dream-01
                                                                             :ARG0 (s79.w / we
                                                                                          :mod (s79.a / all)))
                                                             :domain (s79.i2 / internet
                                                                             :same-as s6.i3)
                                                             :mod (s79.t / that))
                                            :ARG0 s79.w
                                            :ARG1 s79.i2
                                            :degree (s79.r / really))))
   :snt80 (s80.n / need-01
                 :purpose (s80.c / connect-01
                                 :ARG0 (s80.i / it
                                              :same-as s6.i3)
                                 :ARG1 (s80.w / we
                                              :mod (s80.a / all)
                                              :same-as s79.a)
                                 :ARG3 (s80.t / together))
                 :ARG0 s80.w
                 :ARG1 s80.i)
   :snt81 (s81.n / need-01
                 :ARG0 (s81.w / we
                              :same-as s79.a)
                 :ARG1 (s81.i3 / it
                               :same-as s6.i3)
                 :ARG1 (s81.i2 / introduce-01
                               :ARG0 s81.i3
                               :ARG1 s81.w
                               :ARG2 (s81.a / and
                                            :op1 (s81.i / idea
                                                        :ARG1-of (s81.n2 / new-01
                                                                         :ARG1 (s81.p / person)))
                                            :op2 s81.p
                                            :op3 (s81.p2 / perspective
                                                         :ARG1-of (s81.d / differ-02)))))
   :snt82 (s82.a2 / and
                  :op2 (s82.d / do-02
                              :ARG0 (s82.i2 / it
                                            :same-as s6.i3)
                              :ARG1 (s82.t / that)
                              :condition (s82.l / leave-13
                                                :ARG0 s82.i2
                                                :ARG1 (s82.i / isolate-01
                                                             :ARG0 s82.i2
                                                             :ARG1 (s82.w / we
                                                                          :mod (s82.a / all)
                                                                          :same-as s80.a)
                                                             :location (s82.w2 / web
                                                                               :consist-of (s82.o / one))))
                              :polarity "-"))
   :snt83 (s83.t / thank-01
                 :ARG1 (s83.y / you
                              :same-as s5.i)))

