# ::id doc-477
# ::doc_file doc-477
# ::tok http : / / www . ted . com / talks / fahad_al_attiya_a_country_with_no_water< / url> <next_sent> Salaam alaikum . <next_sent> Welcome to Doha . <next_sent> I am in charge of making this country 's food secure . <next_sent> That is my job for the next two years , to design an entire master plan , and then for the next 10 years to implement it -- of course , with so many other people . <next_sent> But first , I need to talk to you about a story , which is my story , about the story of this country that you 're all here in today . <next_sent> And of course , most of you have had three meals today , and probably will continue to have after this event . <next_sent> So going in , what was Qatar in the 1940 s ? <next_sent> We were about 11,000 people living here . <next_sent> There was no water . <next_sent> There was no energy , no oil , no cars , none of that . <next_sent> Most of the people who lived here either lived in coastal villages , fishing , or were nomads who roamed around with the environment trying to find water . <next_sent> None of the glamour that you see today existed . <next_sent> No cities like you see today in Doha or Dubai or Abu Dhabi or Kuwait or Riyadh . <next_sent> It was n't that they could n't develop cities . <next_sent> Resources were n't there to develop them . <next_sent> And you can see that life expectancy was also short . <next_sent> Most people died around the age of 50 . <next_sent> So let 's move to chapter two : the oil era . <next_sent> 1939 , that 's when they discovered oil . <next_sent> But unfortunately , it was n't really fully exploited commercially until after the Second World War . <next_sent> What did it do ? <next_sent> It changed the face of this country , as you can see today and witness . <next_sent> It also made all those people who roamed around the desert -- looking for water , looking for food , trying to take care of their livestock -- urbanize . <next_sent> You might find this strange , but in my family we have different accents . <next_sent> My mother has an accent that is so different to my father , and we 're all a population of about 300,000 people in the same country . <next_sent> There are about five or six accents in this country as I speak . <next_sent> Someone says , " How so ? How could this happen ? " <next_sent> Because we lived scattered . <next_sent> We could n't live in a concentrated way simply because there was no resources . <next_sent> And when the resources came , be it oil , we started building these fancy technologies and bringing people together because we needed the concentration . <next_sent> People started to get to know each other . <next_sent> And we realized that there are some differences in accents . <next_sent> So that is the chapter two : the oil era . <next_sent> Let 's look at today . <next_sent> This is probably the skyline that most of you know about Doha . <next_sent> So what 's the population today ? <next_sent> It 's 1.7 million people . <next_sent> That is in less than 60 years . <next_sent> The average growth of our economy is about 15 percent for the past five years . <next_sent> Lifespan has increased to 78 . <next_sent> Water consumption has increased to 430 liters . <next_sent> And this is amongst the highest worldwide . <next_sent> From having no water whatsoever to consuming water to the highest degree , higher than any other nation . <next_sent> I do n't know if this was a reaction to lack of water . <next_sent> But what is interesting about the story that I 've just said ? <next_sent> The interesting part is that we continue to grow 15 percent every year for the past five years without water . <next_sent> Now that is historic . <next_sent> It 's never happened before in history . <next_sent> Cities were totally wiped out because of the lack of water . <next_sent> This is history being made in this region . <next_sent> Not only cities that we 're building , but cities with dreams and people who are wishing to be scientists , doctors . <next_sent> Build a nice home , bring the architect , design my house . <next_sent> These people are adamant that this is a livable space when it was n't . <next_sent> But of course , with the use of technology . <next_sent> So Brazil has 1,782 millimeters per year of precipitation of rain . <next_sent> Qatar has 74 , and we have that growth rate . <next_sent> The question is how . <next_sent> How could we survive that ? <next_sent> We have no water whatsoever . <next_sent> Simply because of this gigantic , mammoth machine called desalination . <next_sent> Energy is the key factor here . <next_sent> It changed everything . <next_sent> It is that thing that we pump out of the ground , we burn tons of , probably most of you used it coming to Doha . <next_sent> So that is our lake , if you can see it . <next_sent> That is our river . <next_sent> That is how you all happen to use and enjoy water . <next_sent> This is the best technology that this region could ever have : desalination . <next_sent> So what are the risks ? <next_sent> Do you worry much ? <next_sent> I would say , perhaps if you look at the global facts , you will realize , of course I have to worry . <next_sent> There is growing demand , growing population . <next_sent> We 've turned seven billion only a few months ago . <next_sent> And so that number also demands food . <next_sent> And there 's predictions that we 'll be nine billion by 2050 . <next_sent> So a country that has no water has to worry about what happens beyond its borders . <next_sent> There 's also changing diets . <next_sent> By elevating to a higher socio - economic level , they also change their diet . <next_sent> They start eating more meat and so on and so forth . <next_sent> On the other hand , there is declining yields because of climate change and because of other factors . <next_sent> And so someone has to really realize when the crisis is going to happen . <next_sent> This is the situation in Qatar , for those who do n't know . <next_sent> We only have two days of water reserve . <next_sent> We import 90 percent of our food , and we only cultivate less than one percent of our land . <next_sent> The limited number of farmers that we have have been pushed out of their farming practices as a result of open market policy and bringing the big competitions , etc. , etc. <next_sent> So we also face risks . <next_sent> These risks directly affect the sustainability of this nation and its continuity . <next_sent> The question is , is there a solution ? <next_sent> Is there a sustainable solution ? <next_sent> Indeed there is . <next_sent> This slide sums up thousands of pages of technical documents that we 've been working on over the past two years . <next_sent> Let 's start with the water . <next_sent> So we know very well -- I showed you earlier -- that we need this energy . <next_sent> So if we 're going to need energy , what sort of energy ? <next_sent> A depletable energy ? <next_sent> Fossil fuel ? <next_sent> Or should we use something else ? <next_sent> Do we have the comparative advantage to use another sort of energy ? <next_sent> I guess most of you by now realize that we do : 300 days of sun . <next_sent> And so we will use that renewable energy to produce the water that we need . <next_sent> And we will probably put 1,800 megawatts of solar systems to produce 3.5 million cubic meters of water . <next_sent> And that is a lot of water . <next_sent> That water will go then to the farmers , and the farmers will be able to water their plants , and they will be able then to supply society with food . <next_sent> But in order to sustain the horizontal line -- because these are the projects , these are the systems that we will deliver -- we need to also develop the vertical line : system sustenance , high - level education , research and development , industries , technologies , to produce these technologies for application , and finally markets . <next_sent> But what gels all of it , what enables it , is legislation , policies , regulations . <next_sent> Without it we ca n't do anything . <next_sent> So that 's what we are planning to do . <next_sent> Within two years we should hopefully be done with this plan and taking it to implementation . <next_sent> We are only 60 years old , but we want to live forever as a city , to live in peace . <next_sent> Thank you very much .
(d / document
   :snt1 (s1.u / url-entity
               :value (s1.p / person
                            :ARG0-of (s1.t / talk-01)))
   :snt2 (s2.p / person
               :name (s2.n / name
                           :op1 "Islam"))
   :snt3 (s3.w / welcome-01
               :ARG2 (s3.c / city
                           :name (s3.n / name
                                       :op1 "Doha")))
   :snt4 (s4.c / charge-05
               :ARG1 (s4.i / i
                           :same-as s2.p)
               :ARG2 (s4.m / make-02
                           :ARG0 s4.i
                           :ARG1 (s4.s / secure-02
                                       :ARG1 (s4.f / food
                                                   :poss (s4.c2 / country
                                                                :mod (s4.t / this))))))
   :snt5 (s5.a2 / and
                :domain (s5.j / job
                              :poss (s5.i / i
                                          :same-as s2.p)
                              :time (s5.a / after
                                          :duration (s5.t / temporal-quantity
                                                          :unit (s5.y / year)
                                                          :quant "2")
                                          :op1 (s5.n / now)))
                :op1 (s5.d / design-01
                           :ARG0 s5.i
                           :ARG1 (s5.p2 / plan-01
                                        :mod (s5.m2 / master)
                                        :mod (s5.e / entire)))
                :op2 (s5.i2 / implement-01
                            :ARG0 s5.i
                            :ARG1 s5.p2
                            :accompanier (s5.p / person
                                               :ARG1-of (s5.h / have-quant-91
                                                              :ARG2 (s5.m / many)
                                                              :ARG3 (s5.s / so))
                                               :mod (s5.o2 / other))
                            :mod (s5.o / of-course)
                            :time (s5.t3 / then
                                         :duration (s5.t2 / temporal-quantity
                                                          :unit (s5.y2 / year)
                                                          :quant "10"))))
   :snt6 (s6.c / contrast-01
               :ARG2 (s6.n / need-01
                           :ARG0 (s6.i / i
                                       :same-as s2.p)
                           :ARG1 (s6.t / talk-01
                                       :ARG0 s6.i
                                       :ARG1 (s6.s / story
                                                   :mod (s6.s2 / story
                                                               :poss s6.i)
                                                   :topic (s6.s3 / story
                                                                 :ARG1-of (s6.b / be-located-at-91
                                                                                :ARG2 (s6.h / here)
                                                                                :time (s6.t3 / today)
                                                                                :same-as s4.c2)
                                                                 :topic (s6.c2 / country
                                                                               :mod (s6.t2 / this))))
                                       :ARG2 (s6.y / you
                                                   :mod (s6.a / all)))
                           :time (s6.f / first)))
   :snt7 (s7.a2 / and
                :mod (s7.o / of-course)
                :op2 (s7.a3 / and
                            :op1 (s7.m / meal
                                       :time (s7.t2 / today)
                                       :quant "3")
                            :op2 (s7.c / continue-01
                                       :ARG0 (s7.p / person
                                                   :ARG1-of (s7.i / include-91
                                                                  :ARG2 (s7.y / you
                                                                              :same-as s6.y)
                                                                  :ARG3 (s7.m2 / most)))
                                       :ARG1 s7.m
                                       :mod (s7.p2 / probable)
                                       :time (s7.a / after
                                                   :op1 (s7.e / event
                                                              :mod (s7.t / this))))))
   :snt8 (s8.c / country
               :name (s8.n / name
                           :op1 "Qatar"
                           :same-as s4.c2)
               :condition (s8.g / go-02)
               :domain (s8.a / amr-unknown)
               :time (s8.d / date-entity
                           :decade "1940"))
   :snt9 (s9.l / live-01
               :ARG0 (s9.p / person
                           :quant (s9.a / about
                                        :op1 "11000"))
               :location (s9.h / here)
               :rel (s9.w / we))
   :snt10 (s10.w / water
                 :polarity "-")
   :snt11 (s11.a / and
                 :op1 (s11.e / energy
                             :polarity "-")
                 :op2 (s11.o / oil
                             :polarity "-")
                 :op3 (s11.c / car
                             :polarity "-")
                 :op4 (s11.n / none
                             :ARG1-of (s11.i / include-91
                                             :ARG2 (s11.t / that))))
   :snt12 (s12.o / or
                 :op1 (s12.l3 / live-01
                              :ARG0 (s12.p / person
                                           :ARG0-of (s12.l / live-01
                                                           :same-as s9.h)
                                           :ARG0-of (s12.f2 / fish-01)
                                           :ARG1-of (s12.i / include-91
                                                           :ARG2 (s12.p2 / person
                                                                         :ARG0-of (s12.l2 / live-01
                                                                                          :location (s12.h / here)))
                                                           :ARG3 (s12.m / most)))
                              :location (s12.v / village
                                               :mod (s12.c / coast)))
                 :op2 (s12.n / nomad
                             :ARG0-of (s12.r / roam-01
                                             :ARG1 (s12.e / environment)
                                             :direction (s12.a / around)
                                             :manner (s12.t / try-01
                                                            :ARG0 s12.n
                                                            :ARG1 (s12.f / find-01
                                                                         :ARG0 s12.n
                                                                         :ARG1 (s12.w / water))))
                             :domain s12.p))
   :snt13 (s13.e / exist-01
                 :ARG1 (s13.g / glamour
                              :quant (s13.n / none)
                              :ARG1-of (s13.s / see-01
                                              :ARG0 (s13.y / you)
                                              :time (s13.t / today))))
   :snt14 (s14.c / city
                 :rel (s14.r / resemble-01
                             :ARG2 (s14.s / see-01
                                          :ARG0 (s14.y / you)
                                          :ARG1 (s14.c2 / city
                                                        :name (s14.n / name
                                                                     :op1 "Doha")
                                                        :ARG1-of s14.r)
                                          :location (s14.o / or
                                                           :op1 s14.c2
                                                           :op2 (s14.c3 / city
                                                                        :name (s14.n2 / name
                                                                                      :op1 "Dubai"))
                                                           :op3 (s14.c5 / country
                                                                        :name (s14.n3 / name
                                                                                      :op1 "Abu"
                                                                                      :op2 "Dhabi"))
                                                           :op4 (s14.c6 / country
                                                                        :name (s14.n4 / name
                                                                                      :op1 "Kuwait"))
                                                           :op5 (s14.c4 / city
                                                                        :name (s14.n5 / name
                                                                                      :op1 "Riyadh")))
                                          :time (s14.t / today)))
                 :polarity "-")
   :snt15 (s15.p / possible-01
                 :ARG1 (s15.d / develop-02
                              :ARG0 (s15.t / they)
                              :ARG1 (s15.c / city))
                 :polarity "-")
   :snt16 (s16.b / be-located-at-91
                 :purpose (s16.d / develop-02
                                 :ARG1 (s16.t2 / they
                                               :same-as s15.c))
                 :ARG1 (s16.r / resource)
                 :ARG2 (s16.t / there)
                 :polarity "-")
   :snt17 (s17.a2 / and
                  :op2 (s17.p / possible-01
                              :ARG1 (s17.s / see-01
                                           :ARG0 (s17.y / you)
                                           :ARG1 (s17.s2 / short-07
                                                         :ARG1 (s17.e / expectancy
                                                                      :mod (s17.l / life))
                                                         :mod (s17.a / also)))))
   :snt18 (s18.d / die-01
                 :ARG1 (s18.p / person
                              :mod (s18.m / most))
                 :time (s18.a2 / around
                               :op1 (s18.a / age-01
                                           :ARG0 s18.p
                                           :ARG2 (s18.t / temporal-quantity
                                                        :unit (s18.y / year)
                                                        :quant "50"))))
   :snt19 (s19.l / let-01
                 :ARG1 (s19.m2 / move-01
                               :ARG0 (s19.w / we)
                               :ARG2 (s19.c / chapter
                                            :ARG1-of (s19.m / mean-01
                                                            :ARG2 (s19.e / era
                                                                         :mod (s19.o / oil)))
                                            :ord (s19.o2 / ordinal-entity
                                                         :value "2"))))
   :snt20 (s20.d2 / discover-01
                  :ARG0 (s20.t / they)
                  :ARG1 (s20.o / oil)
                  :time (s20.d / date-entity
                               :year "1939"))
   :snt21 (s21.c2 / contrast-01
                  :ARG2 (s21.e / exploit-01
                               :ARG1 (s21.i / it
                                            :same-as s20.o)
                               :ARG1-of (s21.f2 / full-09)
                               :ARG1-of (s21.r / real-04)
                               :manner (s21.c / commercial)
                               :time (s21.u / until
                                            :op1 (s21.a / after
                                                        :op1 (s21.w / war
                                                                    :name (s21.n / name
                                                                                 :op1 "Second"
                                                                                 :op2 "World"
                                                                                 :op3 "War"))))
                               :polarity "-")
                  :ARG2-of (s21.f / fortunate-01
                                  :polarity "-"))
   :snt22 (s22.d / do-02
                 :ARG0 (s22.i / it
                              :same-as s20.o)
                 :ARG1 (s22.a / amr-unknown))
   :snt23 (s23.c / change-01
                 :ARG0 (s23.i / it
                              :same-as s20.o)
                 :ARG1 (s23.f / face
                              :part-of (s23.c2 / country
                                               :mod (s23.t / this)
                                               :same-as s4.c2))
                 :ARG1-of (s23.s / see-01
                                 :ARG0 (s23.y / you)
                                 :ARG1-of (s23.p / possible-01)
                                 :time (s23.t2 / today))
                 :ARG1-of (s23.w / witness-01
                                 :ARG0 s23.y
                                 :ARG1-of s23.p))
   :snt24 (s24.m / make-02
                 :ARG0 (s24.i / it
                              :same-as s20.o)
                 :ARG1 (s24.u / urbanize-01
                              :ARG0 (s24.p / person
                                           :ARG0-of (s24.r / roam-01
                                                           :ARG1 (s24.a3 / around
                                                                         :op1 (s24.d / desert)))
                                           :ARG0-of (s24.l2 / look-01
                                                            :ARG1 (s24.w / water))
                                           :ARG0-of (s24.l3 / look-01
                                                            :ARG1 (s24.f / food))
                                           :ARG0-of (s24.t2 / try-01
                                                            :ARG1 (s24.c / care-03
                                                                         :ARG0 s24.p
                                                                         :ARG1 (s24.l / livestock
                                                                                      :poss s24.p)))
                                           :mod (s24.t / that)
                                           :mod (s24.a / all)))
                 :mod (s24.a2 / also))
   :snt25 (s25.c / contrast-01
                 :ARG1 (s25.p / possible-01
                              :ARG1 (s25.f2 / find-02
                                            :ARG0 (s25.y / you)
                                            :ARG1 (s25.s / strange
                                                         :domain (s25.t / this))))
                 :ARG2 (s25.h / have-03
                              :ARG0 (s25.w / we
                                           :same-as s25.f)
                              :ARG1 (s25.a / accent
                                           :ARG1-of (s25.d / differ-02))
                              :location (s25.f / family
                                               :poss (s25.i / i
                                                            :same-as s2.p))))
   :snt26 (s26.a4 / and
                  :op1 (s26.h / have-03
                              :ARG0 (s26.p / person
                                           :ARG0-of (s26.h2 / have-rel-role-91
                                                            :ARG1 (s26.i / i
                                                                         :same-as s2.p)
                                                            :ARG2 (s26.m / mother)))
                              :ARG1 (s26.a2 / accent
                                            :ARG1-of (s26.d / differ-02
                                                            :ARG2 (s26.p2 / person
                                                                          :ARG0-of (s26.h3 / have-rel-role-91
                                                                                           :ARG1 s26.i
                                                                                           :ARG2 (s26.f / father)))
                                                            :degree (s26.s2 / so))))
                  :op2 (s26.p4 / populate-01
                               :ARG1 (s26.w / we
                                            :mod (s26.a3 / all)
                                            :same-as s25.f)
                               :ARG2 (s26.p3 / person
                                             :quant (s26.a / about
                                                           :op1 "300000"))
                               :location (s26.c / country
                                                :ARG1-of (s26.s / same-01)
                                                :same-as s4.c2)))
   :snt27 (s27.b / be-located-at-91
                 :ARG1 (s27.a2 / accent
                               :quant (s27.a / about
                                             :op1 (s27.o / or
                                                         :op1 "5"
                                                         :op2 "6")))
                 :ARG2 (s27.c / country
                              :mod (s27.t / this)
                              :same-as s4.c2)
                 :time (s27.s / speak-01
                              :ARG0 (s27.i / i
                                           :same-as s2.p)))
   :snt28 (s28.s / say-01
                 :ARG0 (s28.s3 / someone)
                 :ARG1 (s28.p / possible-01
                              :ARG1 (s28.t / this)
                              :manner (s28.a2 / amr-unknown)
                              :manner (s28.a / amr-unknown
                                             :manner-of (s28.s2 / so))))
   :snt29 (s29.c / cause-01
                 :ARG0 (s29.l / live-01
                              :ARG0 (s29.w / we
                                           :same-as s25.f)
                              :ARG1-of (s29.s / scatter-01)))
   :snt30 (s30.p / possible-01
                 :ARG1 (s30.l / live-01
                              :ARG0 (s30.w2 / we
                                            :same-as s25.f)
                              :manner (s30.w / way
                                             :ARG1-of (s30.c2 / concentrate-01)))
                 :ARG1-of (s30.c / cause-01
                                 :ARG0 (s30.r / resource
                                              :polarity "-")
                                 :ARG1-of (s30.s / simple-02))
                 :polarity "-")
   :snt31 (s31.a / and
                 :op2 (s31.s / start-01
                             :ARG0 (s31.w / we
                                          :same-as s25.f)
                             :ARG1 (s31.a2 / and
                                           :ARG1-of (s31.c / cause-01
                                                           :ARG0 (s31.n / need-01
                                                                        :ARG0 s31.w
                                                                        :ARG1 (s31.c3 / concentrate-02)))
                                           :op1 (s31.b2 / build-01
                                                        :ARG0 s31.w
                                                        :ARG1 (s31.t / technology
                                                                     :mod (s31.f / fancy)
                                                                     :mod (s31.t2 / this)))
                                           :op2 (s31.b / bring-01
                                                       :ARG0 s31.w
                                                       :ARG1 (s31.p / person)
                                                       :ARG3 (s31.t3 / together)))
                             :time (s31.c2 / come-01
                                           :ARG1 (s31.r / resource
                                                        :ARG2-of (s31.i / include-91
                                                                        :ARG1 (s31.o / oil))))))
   :snt32 (s32.s / start-01
                 :ARG1 (s32.g / get-03
                              :ARG1 (s32.p / person)
                              :ARG2 (s32.k / know-01
                                           :ARG0 s32.p
                                           :ARG1 s32.p)))
   :snt33 (s33.a2 / and
                  :op2 (s33.r / realize-01
                              :ARG0 (s33.w / we
                                           :same-as s25.f)
                              :ARG1 (s33.d / differ-02
                                           :quant (s33.s / some)
                                           :ARG3 (s33.a / accent))))
   :snt34 (s34.i / infer-01
                 :ARG1 (s34.c / chapter
                              :ARG1-of (s34.m / mean-01
                                              :ARG2 (s34.e / era
                                                           :mod (s34.o / oil)))
                              :domain (s34.t / that)
                              :ord (s34.o2 / ordinal-entity
                                           :value "2")))
   :snt35 (s35.l / look-01
                 :ARG0 (s35.w / we)
                 :ARG1 (s35.t / today))
   :snt36 (s36.s / skyline
                 :ARG1-of (s36.k / know-02
                                 :ARG0 (s36.p / person
                                              :ARG1-of (s36.i / include-91
                                                              :ARG2 (s36.y / you)
                                                              :ARG3 (s36.m / most)))
                                 :topic (s36.p2 / person
                                                :name (s36.n / name
                                                             :op1 "Doha")
                                                :same-as s3.c))
                 :domain (s36.t / this)
                 :mod (s36.p3 / probable))
   :snt37 (s37.p / population
                 :domain (s37.a / amr-unknown)
                 :time (s37.t / today
                              :same-as s35.t))
   :snt38 (s38.p / person
                 :quant "1700000")
   :snt39 (s39.t2 / that
                  :time (s39.a / after
                               :quant (s39.l / less-than
                                             :op1 (s39.t / temporal-quantity
                                                         :unit (s39.y / year)
                                                         :quant "60"))
                               :op1 (s39.n / now)))
   :snt40 (s40.g / grow-01
                 :ARG1 (s40.e / economy
                              :poss (s40.w / we))
                 :ARG1-of (s40.a2 / average-01
                                  :ARG2 (s40.a / about
                                               :op1 (s40.p / percentage-entity
                                                           :value "15")))
                 :time (s40.b / before
                              :duration (s40.t / temporal-quantity
                                               :unit (s40.y / year)
                                               :quant "5")
                              :op1 (s40.n / now)))
   :snt41 (s41.i / increase-01
                 :ARG1 (s41.l / life)
                 :ARG4 "78")
   :snt42 (s42.i / increase-01
                 :ARG1 (s42.c / consume-01
                              :ARG1 (s42.w / water))
                 :ARG4 (s42.v / volume-quantity
                              :unit (s42.l / liter)
                              :quant "430"))
   :snt43 (s43.a / and
                 :op2 (s43.i / include-91
                             :ARG1 (s43.t2 / this
                                           :same-as s42.i)
                             :ARG2 (s43.t / thing
                                          :ARG1-of (s43.h2 / high-02
                                                           :ARG2-of (s43.h / have-degree-91
                                                                           :ARG1 s43.t
                                                                           :ARG3 (s43.m / most)))
                                          :location (s43.w / worldwide))))
   :snt44 (s44.r / range-01
                 :ARG3 (s44.h / have-03
                              :ARG1 (s44.w / water)
                              :degree (s44.w2 / whatsoever)
                              :polarity "-")
                 :ARG4 (s44.c / consume-01
                              :ARG1 s44.w
                              :degree (s44.h2 / have-degree-91
                                              :ARG2 (s44.h3 / high-02)
                                              :ARG3 (s44.m / most)
                                              :ARG4 (s44.n / nation
                                                           :mod (s44.o / other)
                                                           :mod (s44.a / any)))))
   :snt45 (s45.k / know-01
                 :ARG0 (s45.i / i
                              :same-as s2.p)
                 :ARG1 (s45.t2 / truth-value
                               :polarity-of (s45.r / react-01
                                                   :ARG1 (s45.l / lack-01
                                                                :ARG1 (s45.w / water))
                                                   :ARG2 (s45.t / this
                                                                :same-as s42.i)))
                 :polarity "-")
   :snt46 (s46.c / contrast-01
                 :ARG2 (s46.i2 / interest-01
                               :ARG1 (s46.a / amr-unknown)
                               :ARG2 (s46.s2 / story
                                             :ARG1-of (s46.s / say-01
                                                             :ARG0 (s46.i / i
                                                                          :same-as s2.p)
                                                             :mod (s46.j / just)))))
   :snt47 (s47.p / part
                 :ARG2-of (s47.i / interest-01)
                 :domain (s47.c / continue-01
                                :ARG1 (s47.g / grow-01
                                             :ARG0-of (s47.h / have-03
                                                             :ARG1 (s47.w / water)
                                                             :polarity "-")
                                             :ARG1 (s47.w2 / we
                                                           :same-as s40.w)
                                             :ARG2 (s47.p2 / percentage-entity
                                                           :value "15")
                                             :frequency (s47.r / rate-entity-91
                                                               :ARG2 (s47.t / temporal-quantity
                                                                            :unit (s47.y / year)
                                                                            :quant "1")))
                                :time (s47.b / before
                                             :duration (s47.t2 / temporal-quantity
                                                               :unit (s47.y2 / year)
                                                               :quant "5")
                                             :op1 (s47.n / now)
                                             :same-as s40.b)
                                :ARG0 s47.p))
   :snt48 (s48.h / historic
                 :domain (s48.t / that
                                :same-as s47.c)
                 :time (s48.n / now))
   :snt49 (s49.b / be-temporally-at-91
                 :ARG1 (s49.i / it
                              :same-as s47.c)
                 :ARG2 (s49.e / ever)
                 :subevent-of (s49.h / history)
                 :time (s49.b2 / before)
                 :polarity "-")
   :snt50 (s50.w2 / wipe-out-02
                  :ARG1 (s50.c2 / city)
                  :ARG1-of (s50.c / cause-01
                                  :ARG0 (s50.l / lack-01
                                               :ARG0 s50.c2
                                               :ARG1 (s50.w / water)))
                  :degree (s50.t / total))
   :snt51 (s51.h / history
                 :ARG1-of (s51.m / make-01
                                 :location (s51.r / region
                                                  :mod (s51.t2 / this)))
                 :domain (s51.t / this))
   :snt52 (s52.c3 / contrast-01
                  :ARG1 (s52.c / city
                               :ARG1-of (s52.b / build-01
                                               :ARG0 (s52.w / we))
                               :mod (s52.o / only
                                           :polarity "-"))
                  :ARG2 (s52.c2 / city
                                :ARG0-of (s52.h / have-03
                                                :ARG1 (s52.a / and
                                                             :op1 (s52.d2 / dream-01)
                                                             :op2 (s52.p / person
                                                                         :ARG0-of (s52.w2 / wish-01
                                                                                          :ARG1 (s52.a2 / and
                                                                                                        :domain s52.p
                                                                                                        :op1 (s52.s / scientist)
                                                                                                        :op2 (s52.d / doctor))))))))
   :snt53 (s53.a / and
                 :op1 (s53.b2 / build-01
                              :ARG0 (s53.y / you)
                              :ARG1 (s53.h / home
                                           :ARG1-of (s53.n / nice-01))
                              :mode "imperative")
                 :op2 (s53.b / bring-01
                             :ARG0 s53.y
                             :ARG2 (s53.a2 / architect)
                             :mode "imperative")
                 :op3 (s53.d / design-01
                             :ARG0 s53.y
                             :ARG1 (s53.h2 / house
                                           :poss (s53.i / i))))
   :snt54 (s54.a / adamant
                 :domain (s54.p / person
                                :mod (s54.t / this))
                 :rel (s54.l / livable-07)
                 :topic (s54.s / space
                               :ARG1-of (s54.l2 / livable-07
                                                :polarity "-")
                               :mod (s54.t2 / this)))
   :snt55 (s55.c / contrast-01
                 :ARG2 (s55.u / use-01
                              :ARG1 (s55.t / technology))
                 :mod (s55.o / of-course))
   :snt56 (s56.i / infer-01
                 :ARG1 (s56.h / have-03
                              :ARG0 (s56.c / country
                                           :name (s56.n / name
                                                        :op1 "Brazil"))
                              :ARG1 (s56.p / precipitate-02
                                           :ARG1 (s56.r / rain-01)
                                           :ARG2 (s56.r2 / rate-entity-91
                                                         :ARG1 (s56.d / distance-quantity
                                                                      :unit (s56.m / meter)
                                                                      :unit (s56.m2 / millimeter))
                                                         :ARG2 (s56.t / temporal-quantity
                                                                      :unit (s56.y / year)
                                                                      :quant "1")))))
   :snt57 (s57.a / and
                 :op1 (s57.h / have-03
                             :ARG0 (s57.c / country
                                          :name (s57.n / name
                                                       :op1 "Qatar")
                                          :same-as s4.c2)
                             :ARG1 (s57.t2 / thing
                                           :quant "74"))
                 :op2 (s57.h2 / have-03
                              :ARG0 (s57.w / we
                                           :same-as s40.w)
                              :ARG1 (s57.r / rate
                                           :mod (s57.g / grow-01)
                                           :mod (s57.t / that))))
   :snt58 (s58.q / question-01
                 :ARG1 (s58.h / have-manner-91
                              :ARG2 (s58.a / amr-unknown)))
   :snt59 (s59.p / possible-01
                 :ARG1 (s59.s / survive-01
                              :ARG0 (s59.w / we
                                           :same-as s40.w)
                              :ARG1 (s59.t / that)
                              :manner (s59.a / amr-unknown)))
   :snt60 (s60.h / have-03
                 :ARG0 (s60.w2 / we
                               :same-as s40.w)
                 :ARG1 (s60.w / water)
                 :degree (s60.w3 / whatsoever)
                 :polarity "-")
   :snt61 (s61.c / cause-01
                 :ARG0 (s61.m / machine
                              :ARG0-of (s61.d / desalinate-01)
                              :mod (s61.m2 / mammoth)
                              :mod (s61.g / gigantic)
                              :mod (s61.t / this))
                 :ARG1-of (s61.s / simple-02))
   :snt62 (s62.f / factor
                 :ARG1-of (s62.k / key-02)
                 :domain (s62.e / energy)
                 :location (s62.h / here))
   :snt63 (s63.c / change-01
                 :ARG0 (s63.i / it
                              :same-as s62.e)
                 :ARG1 (s63.e / everything))
   :snt64 (s64.t2 / thing
                  :ARG1-of (s64.u / use-01
                                  :ARG0 (s64.y / you
                                               :quant (s64.m2 / most)
                                               :mod (s64.p / probable))
                                  :time (s64.c2 / come-01
                                                :ARG4 (s64.c / city
                                                             :name (s64.n / name
                                                                          :op1 "Doha")
                                                             :same-as s3.c)))
                  :ARG2-of (s64.p2 / pump-01
                                   :ARG0 (s64.w / we
                                                :ARG1-of (s64.b / burn-01))
                                   :source (s64.g / ground))
                  :mod (s64.t / that)
                  :rel (s64.m3 / multiple
                               :op1 (s64.m / mass-quantity
                                           :unit (s64.t3 / ton)
                                           :quant "1"))
                  :rel s64.u
                  :ARG1-of s64.c2)
   :snt65 (s65.c / cause-01
                 :ARG1 (s65.l / lake
                              :domain (s65.t / that)
                              :poss (s65.w / we
                                           :same-as s40.w))
                 :condition (s65.p / possible-01
                                   :ARG1 (s65.s / see-01
                                                :ARG0 (s65.y / you)
                                                :ARG1 s65.l)))
   :snt66 (s66.r / river
                 :domain (s66.t / that)
                 :poss (s66.w / we))
   :snt67 (s67.h / have-manner-91
                 :ARG1 (s67.a2 / and
                               :op1 (s67.u / use-01
                                           :ARG0 (s67.y / you
                                                        :mod (s67.a / all))
                                           :ARG1 (s67.w / water))
                               :op2 (s67.e / enjoy-01
                                           :ARG0 s67.y
                                           :ARG1 s67.w))
                 :ARG2 (s67.t / that))
   :snt68 (s68.t / technology
                 :ARG1-of (s68.h2 / have-degree-91
                                  :ARG2 (s68.g / good-02)
                                  :ARG3 (s68.m / most))
                 :ARG1-of (s68.h / have-03
                                 :ARG0 (s68.r / region
                                              :mod (s68.t2 / this)
                                              :same-as s51.r)
                                 :ARG1-of (s68.p / possible-01)
                                 :time (s68.e / ever))
                 :mod (s68.d / desalinate-01)
                 :ARG1-of s68.g)
   :snt69 (s69.i / infer-01
                 :ARG1 (s69.r / risk-01
                              :ARG2 (s69.a / amr-unknown)))
   :snt70 (s70.w / worry-01
                 :ARG1 (s70.y / you
                              :same-as s2.p)
                 :degree (s70.m / much)
                 :polarity (s70.a / amr-unknown))
   :snt71 (s71.s / say-01
                 :ARG0 (s71.i / i
                              :same-as s2.p)
                 :ARG1 (s71.p / possible-01
                              :ARG1 (s71.r / realize-01
                                           :ARG0 (s71.y / you)
                                           :ARG1 (s71.o / obligate-01
                                                        :ARG1 s71.i
                                                        :ARG2 (s71.w / worry-01
                                                                     :ARG1 s71.i)
                                                        :mod (s71.o2 / of-course))
                                           :condition (s71.l / look-01
                                                             :ARG0 s71.y
                                                             :ARG1 (s71.f / fact
                                                                          :mod (s71.g / globe))))))
   :snt72 (s72.g / grow-01
                 :ARG1 (s72.d / demand-01)
                 :ARG1 (s72.p / population))
   :snt73 (s73.t2 / turn-02
                  :ARG0 (s73.w / we)
                  :ARG1 (s73.m / monetary-quantity
                               :unit (s73.d / dollar)
                               :quant "7000000000")
                  :time (s73.b / before
                               :quant (s73.f / few
                                             :op1 (s73.t / temporal-quantity
                                                         :unit (s73.m2 / month)
                                                         :quant "1"))
                               :mod (s73.o / only)
                               :op1 (s73.n / now)))
   :snt74 (s74.a2 / and
                  :op2 (s74.d / demand-01
                              :ARG0 (s74.n / number
                                           :mod (s74.t / that)
                                           :same-as s73.m)
                              :ARG1 (s74.f / food)
                              :ARG1-of (s74.c / cause-01)
                              :mod (s74.a / also)))
   :snt75 (s75.a / and
                 :op2 (s75.p / predict-01
                             :ARG1 (s75.h / have-quant-91
                                          :ARG1 (s75.w / we
                                                       :same-as s73.w)
                                          :ARG3 (s75.e / equal)
                                          :time (s75.b / by
                                                       :op1 (s75.d / date-entity
                                                                   :year "2050"))
                                          :ARG2 "9")))
   :snt76 (s76.c / cause-01
                 :ARG1 (s76.o / obligate-01
                              :ARG1 (s76.c2 / country
                                            :ARG0-of (s76.h / have-03
                                                            :ARG1 (s76.w / water)
                                                            :polarity "-"))
                              :ARG2 (s76.w2 / worry-02
                                            :ARG0 s76.c2
                                            :ARG1 (s76.e / event
                                                         :location (s76.b / beyond
                                                                          :op1 (s76.b2 / border
                                                                                       :poss s76.c2))))))
   :snt77 (s77.c / change-01
                 :ARG1 (s77.f / food)
                 :mod (s77.a / also))
   :snt78 (s78.c / change-01
                 :ARG0 (s78.t / they)
                 :ARG1 (s78.d / diet
                              :poss s78.t)
                 :manner (s78.e2 / elevate-01
                                 :ARG0 s78.t
                                 :ARG2 (s78.l / level
                                              :ARG1-of (s78.h / have-degree-91
                                                              :ARG2 (s78.h2 / high-02
                                                                            :ARG1 s78.l)
                                                              :ARG3 (s78.m / more))
                                              :mod (s78.e / economy)
                                              :mod (s78.s / society)))
                 :mod (s78.a / also))
   :snt79 (s79.a / and
                 :op1 (s79.s / start-01
                             :ARG0 (s79.t / they
                                          :same-as s78.t)
                             :ARG1 (s79.e / eat-01
                                          :ARG0 s79.t
                                          :ARG1 (s79.m / meat
                                                       :mod (s79.m2 / more))))
                 :op2 (s79.e2 / et-cetera)
                 :op3 (s79.e3 / et-cetera))
   :snt80 (s80.c4 / contrast-01
                  :ARG2 (s80.d / decline-01
                               :ARG1 (s80.y / yield-01)
                               :ARG1-of (s80.c / cause-01
                                               :ARG0 (s80.a / and
                                                            :op1 (s80.c2 / change-01
                                                                         :ARG1 (s80.c3 / climate))
                                                            :op2 (s80.f / factor
                                                                        :mod (s80.o / other))))))
   :snt81 (s81.a / and
                 :op2 (s81.c / cause-01
                             :ARG1 (s81.o / obligate-01
                                          :ARG1 (s81.s / someone)
                                          :ARG2 (s81.r2 / realize-01
                                                        :ARG0 s81.s
                                                        :ARG1 (s81.t / time
                                                                     :time-of (s81.c2 / crisis))
                                                        :ARG1-of (s81.r / real-04)))))
   :snt82 (s82.s / situation
                 :beneficiary (s82.p / person
                                     :ARG0-of (s82.k / know-01
                                                     :polarity "-"))
                 :location (s82.c / country
                                  :name (s82.n / name
                                               :op1 "Qatar")
                                  :same-as s4.c2)
                 :mod (s82.t / this))
   :snt83 (s83.h / have-03
                 :ARG0 (s83.w2 / we
                               :same-as s4.c2)
                 :ARG1 (s83.r / reserve-01
                              :ARG0 s83.w2
                              :ARG1 (s83.w / water)
                              :duration (s83.t / temporal-quantity
                                               :unit (s83.d / day
                                                            :mod (s83.o / only))
                                               :quant "2")))
   :snt84 (s84.a / and
                 :op1 (s84.i / import-01
                             :ARG0 (s84.w / we
                                          :same-as s4.c2)
                             :ARG1 (s84.f / food
                                          :ARG1-of (s84.i2 / include-91
                                                           :ARG2 (s84.f2 / food
                                                                         :poss s84.w)
                                                           :ARG3 (s84.p / percentage-entity
                                                                        :value "90"))))
                 :op2 (s84.c / cultivate-01
                             :ARG0 s84.w
                             :ARG1 (s84.l / land
                                          :ARG1-of (s84.i3 / include-91
                                                           :ARG2 (s84.l2 / land
                                                                         :poss s84.w)
                                                           :ARG3 (s84.l3 / less-than
                                                                         :op1 (s84.p2 / percentage-entity
                                                                                      :value "1"))))
                             :mod (s84.o / only)))
   :snt85 (s85.p4 / push-01
                  :ARG1 (s85.w / we
                               :same-as s4.c2)
                  :ARG2 (s85.o2 / out-06
                                :ARG1 s85.w
                                :ARG2 (s85.p3 / practice-01
                                              :ARG0 (s85.p / person
                                                           :ARG0-of (s85.f / farm-01))
                                              :ARG1 (s85.f2 / farm-01
                                                            :ARG0 s85.p)))
                  :ARG2-of (s85.r / result-01
                                  :ARG1 (s85.a / and
                                               :op1 (s85.p2 / policy-01
                                                            :ARG0 (s85.m / market
                                                                         :ARG1-of (s85.o / open-09)))
                                               :op2 (s85.b2 / bring-01
                                                            :ARG1 (s85.a2 / and
                                                                          :op1 (s85.c / compete-02
                                                                                      :mod (s85.b / big))
                                                                          :op2 (s85.e / et-cetera)))))
                  :rel (s85.n / number
                              :ARG1-of (s85.l / limit-01)
                              :quant-of s85.p))
   :snt86 (s86.c / cause-01
                 :ARG1 (s86.f / face-01
                              :ARG0 (s86.w / we
                                           :same-as s40.w)
                              :ARG1 (s86.r / risk-01)
                              :mod (s86.a / also)))
   :snt87 (s87.a / affect-01
                 :ARG0 (s87.r / risk-01
                              :mod (s87.t / this)
                              :same-as s86.r)
                 :ARG1 (s87.p / possible-01
                              :ARG1 (s87.s / sustain-01
                                           :ARG1 (s87.a2 / and
                                                         :op1 (s87.n / nation
                                                                     :mod (s87.t2 / this)
                                                                     :same-as s4.c2)
                                                         :op2 (s87.c / continuity
                                                                     :poss s87.n))))
                 :ARG1-of (s87.d / direct-02))
   :snt88 (s88.q / question-01
                 :ARG1 (s88.s / solve-01
                              :polarity (s88.a / amr-unknown)))
   :snt89 (s89.s / solution
                 :polarity (s89.a / amr-unknown)
                 :rel (s89.p / possible-01
                             :ARG1 (s89.s2 / sustain-01
                                           :ARG1 s89.s)))
   :snt90 (s90.i / indeed)
   :snt91 (s91.s2 / sum-up-01
                  :ARG0 (s91.s / slide
                               :mod (s91.t3 / this))
                  :ARG1 (s91.p / page
                               :quant (s91.m / multiple
                                             :op1 "1000")
                               :consist-of (s91.d / document
                                                  :ARG1-of (s91.w2 / work-01
                                                                   :ARG0 (s91.w / we)
                                                                   :time (s91.b / before
                                                                                :duration (s91.t2 / temporal-quantity
                                                                                                  :unit (s91.y / year)
                                                                                                  :quant "2")
                                                                                :op1 (s91.n / now)))
                                                  :mod (s91.t / technical))))
   :snt92 (s92.s / start-01
                 :ARG0 (s92.w2 / we)
                 :ARG1 (s92.w / water)
                 :mode "imperative")
   :snt93 (s93.c / cause-01
                 :ARG1 (s93.k / know-01
                              :ARG0 (s93.w / we)
                              :ARG1 (s93.n / need-01
                                           :ARG0 s93.w
                                           :ARG1 (s93.e / energy
                                                        :mod (s93.t / this)))
                              :ARG1-of (s93.s / show-01
                                              :ARG0 (s93.i / i
                                                           :same-as s2.p)
                                              :ARG2 (s93.y / you)
                                              :time (s93.b / before
                                                           :op1 (s93.n2 / now)))
                              :mod (s93.w2 / well
                                           :degree (s93.v / very))))
   :snt94 (s94.h / have-condition-91
                 :ARG1 (s94.e2 / energy
                               :mod (s94.s / sort
                                           :mod (s94.a / amr-unknown)))
                 :ARG2 (s94.n / need-01
                              :ARG0 (s94.w / we
                                           :same-as s4.c2)
                              :ARG1 (s94.e / energy)))
   :snt95 (s95.e / energy
                 :ARG1-of (s95.d / deplete-01)
                 :polarity (s95.a / amr-unknown))
   :snt96 (s96.f2 / fuel
                  :mod (s96.f / fossil)
                  :polarity (s96.a / amr-unknown))
   :snt97 (s97.o / or
                 :op2 (s97.r / recommend-01
                             :ARG1 (s97.u / use-01
                                          :ARG0 (s97.w / we)
                                          :ARG1 (s97.s / something
                                                       :mod (s97.e / else)))
                             :polarity (s97.a / amr-unknown)))
   :snt98 (s98.a / advantage-01
                 :ARG2 (s98.w / we
                              :same-as s4.c2)
                 :ARG3 (s98.c / compare-01)
                 :ARG3 (s98.u / use-01
                              :ARG0 s98.w
                              :ARG1 (s98.e / energy
                                           :mod (s98.s / sort
                                                       :mod (s98.a3 / another))))
                 :polarity (s98.a2 / amr-unknown))
   :snt99 (s99.g / guess-01
                 :ARG0 (s99.i / i
                              :same-as s2.p)
                 :ARG1 (s99.r / realize-01
                              :ARG0 (s99.p / person
                                           :ARG1-of (s99.i2 / include-91
                                                            :ARG2 (s99.y / you)
                                                            :ARG3 (s99.m2 / most)))
                              :ARG1 (s99.d2 / do-02
                                            :ARG0 (s99.w / we
                                                         :same-as s4.c2)
                                            :ARG1-of (s99.m / mean-01
                                                            :ARG2 (s99.s / sun
                                                                         :duration (s99.t / temporal-quantity
                                                                                          :unit (s99.d / day)
                                                                                          :quant "300"))))
                              :time (s99.b / by
                                           :op1 (s99.n / now))))
   :snt100 (s100.a / and
                   :op2 (s100.c / cause-01
                                :ARG1 (s100.u / use-01
                                              :ARG0 (s100.w2 / we)
                                              :ARG1 (s100.e / energy
                                                            :ARG1-of (s100.r / renew-01
                                                                             :ARG1-of (s100.p / possible-01))
                                                            :mod (s100.t / that))
                                              :ARG2 (s100.p2 / produce-01
                                                             :ARG0 s100.w2
                                                             :ARG1 (s100.w / water
                                                                           :ARG1-of (s100.n / need-01
                                                                                            :ARG0 s100.w2))))))
   :snt101 (s101.a / and
                   :op2 (s101.p4 / put-01
                                 :purpose (s101.p3 / produce-01
                                                   :ARG0 (s101.w2 / we
                                                                  :same-as s100.w2)
                                                   :ARG1 (s101.w / water
                                                                 :quant (s101.v / volume-quantity
                                                                                :unit (s101.c / cubic-meter)
                                                                                :quant "25")))
                                 :ARG0 s101.w2
                                 :ARG1 (s101.s2 / system
                                                :quant (s101.p / power-quantity
                                                               :unit (s101.m / megawatt)
                                                               :quant "1980")
                                                :mod (s101.s / sun))
                                 :mod (s101.p2 / probable)))
   :snt102 (s102.a / and
                   :op2 (s102.w / water
                                :quant (s102.l / lot)
                                :domain (s102.t / that
                                                :same-as s101.w)))
   :snt103 (s103.a / and
                   :op1 (s103.g / go-01
                                :ARG1 (s103.w / water
                                              :mod (s103.t / that)
                                              :same-as s101.w)
                                :ARG4 (s103.p / person
                                              :ARG0-of (s103.f / farm-01))
                                :time (s103.t2 / then))
                   :op2 (s103.p3 / possible-01
                                 :ARG1 (s103.w2 / water-01
                                                :ARG0 s103.p
                                                :ARG1 (s103.p2 / plant
                                                               :poss s103.p))
                                 :time s103.t2)
                   :op3 (s103.p4 / possible-01
                                 :ARG1 (s103.s2 / supply-01
                                                :ARG0 s103.p
                                                :ARG1 (s103.f2 / food)
                                                :ARG2 (s103.s / society))))
   :snt104 (s104.c2 / contrast-01
                    :ARG2 (s104.n / need-01
                                  :purpose (s104.s / sustain-01
                                                   :ARG0 (s104.w / we)
                                                   :ARG1 (s104.l3 / line
                                                                  :mod (s104.h2 / horizontal)))
                                  :ARG0 s104.w
                                  :ARG1 (s104.d2 / develop-02
                                                 :ARG0 s104.w
                                                 :ARG1 (s104.l2 / line
                                                                :ARG2-of (s104.i / include-91
                                                                                 :ARG1 (s104.a3 / and
                                                                                                :purpose (s104.p / produce-01
                                                                                                                 :ARG0 s104.w
                                                                                                                 :ARG1 (s104.t2 / technology
                                                                                                                                :purpose (s104.a5 / apply-02)
                                                                                                                                :same-as s104.t))
                                                                                                :op1 (s104.s2 / sustain-01
                                                                                                              :ARG1 (s104.s4 / system))
                                                                                                :op2 (s104.e / educate-01
                                                                                                             :mod (s104.l / level
                                                                                                                          :ARG1-of (s104.h / high-02)))
                                                                                                :op3 (s104.a4 / and
                                                                                                              :op1 (s104.r / research-01)
                                                                                                              :op2 (s104.d3 / develop-02))
                                                                                                :op4 (s104.i2 / industry)
                                                                                                :op5 (s104.t / technology)
                                                                                                :op6 (s104.m / market
                                                                                                             :mod (s104.f / final))))
                                                                :consist s104.t2)
                                                 :mod (s104.a / also)))
                    :rel (s104.c / cause-01
                                 :ARG0 (s104.a2 / and
                                                :op1 (s104.p2 / project
                                                              :domain (s104.t3 / this))
                                                :op2 (s104.s3 / system
                                                              :ARG1-of (s104.d / deliver-01
                                                                               :ARG0 s104.w)
                                                              :domain s104.t3))))
   :snt105 (s105.c / contrast-01
                   :ARG2 (s105.a2 / and
                                  :op1 (s105.l / legal-02
                                               :ARG1 (s105.i2 / it
                                                              :ARG1-of (s105.i / include-91
                                                                               :ARG3 (s105.a / all))))
                                  :op2 (s105.t / thing
                                               :ARG0-of (s105.e / enable-01
                                                                :ARG1 s105.i2)
                                               :domain (s105.a3 / and
                                                                :op1 (s105.l2 / legislate-01)
                                                                :op2 (s105.p / policy-01)
                                                                :op3 (s105.r / regulate-01)))))
   :snt106 (s106.p / possible-01
                   :ARG1 (s106.d / do-02
                                 :ARG0 (s106.w / we
                                               :same-as s40.w)
                                 :ARG1 (s106.a / anything))
                   :condition (s106.h / have-03
                                      :ARG0 s106.w
                                      :ARG1 (s106.i / it
                                                    :same-as s105.a3)
                                      :polarity "-")
                   :polarity "-")
   :snt107 (s107.c / cause-01
                   :ARG1 (s107.p / plan-01
                                 :ARG0 (s107.w / we
                                               :same-as s40.w)
                                 :ARG1 (s107.d / do-02
                                               :ARG0 s107.w
                                               :ARG1 (s107.t2 / thing
                                                              :domain (s107.t / that)))))
   :snt108 (s108.l / likely-01
                   :ARG1 (s108.a2 / and
                                  :op1 (s108.b / be-done-08
                                               :ARG0 (s108.w / we
                                                             :same-as s40.w)
                                               :ARG1 (s108.t3 / thing
                                                              :ARG1-of (s108.p / plan-01)
                                                              :mod (s108.t4 / this)
                                                              :same-as s5.p2))
                                  :op2 (s108.t / take-01
                                               :ARG0 s108.w
                                               :ARG1 s108.t3
                                               :ARG3 (s108.i / implement-01
                                                             :ARG1 s108.t3)))
                   :ARG1-of (s108.h / hope-01)
                   :time (s108.a / after
                                 :quant (s108.u / up-to
                                                :op1 (s108.t2 / temporal-quantity
                                                              :unit (s108.y / year)
                                                              :quant "2"))
                                 :op1 (s108.n / now)))
   :snt109 (s109.c2 / contrast-01
                    :ARG1 (s109.a / age-01
                                  :ARG1 (s109.w2 / we
                                                 :same-as s40.w)
                                  :ARG2 (s109.t / temporal-quantity
                                                :mod (s109.o / only)
                                                :unit (s109.y / year)
                                                :quant "60"))
                    :ARG2 (s109.w / want-01
                                  :ARG0 s109.w2
                                  :ARG1 (s109.a2 / and
                                                 :op1 (s109.l / live-01
                                                              :ARG0 s109.w2
                                                              :duration (s109.f / forever)
                                                              :manner (s109.c / city))
                                                 :op2 (s109.l2 / live-01
                                                               :ARG0 s109.w2
                                                               :manner (s109.p / peace)))))
   :snt110 (s110.t / thank-01
                   :ARG0 (s110.i / i)
                   :ARG1 (s110.y / you
                                 :same-as s2.p)
                   :mod (s110.m / much
                                :degree (s110.v / very))))

