# ::id doc-830
# ::doc_file doc-830
# ::tok http : / / www . ted . com / talks / neil_harbisson_i_listen_to_color< / url> <next_sent> Well , I was born with a rare visual condition called achromatopsia , which is total color blindness , so I 've never seen color , and I do n't know what color looks like , because I come from a grayscale world . <next_sent> To me , the sky is always gray , flowers are always gray , and television is still in black and white . <next_sent> But , since the age of 21 , instead of seeing color , I can hear color . <next_sent> In 2003 , I started a project with computer scientist Adam Montandon , and the result , with further collaborations with Peter Kese from Slovenia and Matias Lizana from Barcelona , is this electronic eye . <next_sent> It 's a color sensor that detects the color frequency in front of me — — and sends this frequency to a chip installed at the back of my head , and I hear the color in front of me through the bone , through bone conduction . <next_sent> So , for example , if I have , like — This is the sound of purple . <next_sent> For example , this is the sound of grass . <next_sent> This is red , like TED . <next_sent> This is the sound of a dirty sock . <next_sent> Which is like yellow , this one . <next_sent> So I 've been hearing color all the time for eight years , since 2004 , so I find it completely normal now to hear color all the time . <next_sent> At the start , though , I had to memorize the names you give for each color , so I had to memorize the notes , but after some time , all this information became a perception . <next_sent> I did n't have to think about the notes . <next_sent> And after some time , this perception became a feeling . <next_sent> I started to have favorite colors , and I started to dream in colors . <next_sent> It 's when I started to feel that the cybernetic device was no longer a device . <next_sent> It had become a part of my body , an extension of my senses , and after some time , it even became a part of my official image . <next_sent> This is my passport from 2004 . <next_sent> You 're not allowed to appear on U.K. passports with electronic equipment , but I insisted to the passport office that what they were seeing was actually a new part of my body , an extension of my brain , and they finally accepted me to appear with the passport photo . <next_sent> And supermarkets , I find this is very shocking , it 's very , very attractive to walk along a supermarket . <next_sent> It 's like going to a nightclub . <next_sent> It 's full of different melodies . <next_sent> Yeah . <next_sent> Especially the aisle with cleaning products . <next_sent> It 's just fabulous . <next_sent> Also , the way I dress has changed . <next_sent> Before , I used to dress in a way that it looked good . <next_sent> Now I dress in a way that it sounds good . <next_sent> So today I 'm dressed in C major , so it 's quite a happy chord . <next_sent> If I had to go to a funeral , though , I would dress in B minor , which would be turquoise , purple and orange . <next_sent> Also , food , the way I look at food has changed , because now I can display the food on a plate , so I can eat my favorite song . <next_sent> So depending on how I display it , I can hear and I can compose music with food . <next_sent> So imagine a restaurant where we can have , like , Lady Gaga salads as starters . <next_sent> I mean , this would get teenagers to eat their vegetables , probably . <next_sent> And also , some Rachmaninov piano concertos as main dishes , and some Bjork or Madonna desserts , that would be a very exciting restaurant where you can actually eat songs . <next_sent> Also , the way I perceive beauty has changed , because when I look at someone , I hear their face , so someone might look very beautiful but sound terrible . <next_sent> And it might happen the opposite , the other way around . <next_sent> So I really enjoy creating , like , sound portraits of people . <next_sent> Instead of drawing someone 's face , like drawing the shape , I point at them with the eye and I write down the different notes I hear , and then I create sound portraits . <next_sent> Here 's some faces . <next_sent> Yeah , Nicole Kidman sounds good . <next_sent> Some people , I would never relate , but they sound similar . <next_sent> Prince Charles has some similarities with Nicole Kidman . <next_sent> They have similar sound of eyes . <next_sent> So you relate people that you would n't relate , and you can actually also create concerts by looking at the audience faces . <next_sent> So I connect the eye , and then I play the audience 's faces . <next_sent> The good thing about this is , if the concert does n't sound good , it 's their fault . <next_sent> It 's not my fault , because — And so another thing that happens is that I started having this secondary effect that normal sounds started to become color . <next_sent> I heard a telephone tone , and it felt green because it sounded just like the color green . <next_sent> The BBC beeps , they sound turquoise , and listening to Mozart became a yellow experience , so I started to paint music and paint people 's voices , because people 's voices have frequencies that I relate to color . <next_sent> And here 's some music translated into color . <next_sent> For example , Mozart , " Queen of the Night , " looks like this . <next_sent> Very yellow and very colorful , because there 's many different frequencies . <next_sent> And this is a completely different song . <next_sent> It 's Justin Bieber 's " Baby . " <next_sent> It is very pink and very yellow . <next_sent> So , also voices , I can transform speeches into color , for example , these are two very well - known speeches . <next_sent> One of them is Martin Luther King 's " I Have A Dream , " and the other one is Hitler . <next_sent> And I like to exhibit these paintings in the exhibition halls without labels , and then I ask people , " Which one do you prefer ? " <next_sent> And most people change their preference when I tell them that the one on the left is Hitler and the one on the right is Martin Luther King . <next_sent> So I got to a point when I was able to perceive 360 colors , just like human vision . <next_sent> I was able to differentiate all the degrees of the color wheel . <next_sent> But then , I just thought that this human vision was n't good enough . <next_sent> There 's many , many more colors around us that we cannot perceive , but that electronic eyes can perceive . <next_sent> So I decided to continue extending my color senses , and I added infrared and I added ultraviolet to the color - to - sound scale , so now I can hear colors that the human eye cannot perceive . <next_sent> For example , perceiving infrared is good because you can actually detect if there 's movement detectors in a room . <next_sent> I can hear if someone points at me with a remote control . <next_sent> And the good thing about perceiving ultraviolet is that you can hear if it 's a good day or a bad day to sunbathe , because ultraviolet is a dangerous color , a color that can actually kill us , so I think we should all have this wish to perceive things that we cannot perceive . <next_sent> That 's why , two years ago , I created the Cyborg Foundation , which is a foundation that tries to help people become a cyborg , tries to encourage people to extend their senses by using technology as part of the body . <next_sent> We should all think that knowledge comes from our senses , so if we extend our senses , we will consequently extend our knowledge . <next_sent> I think life will be much more exciting when we stop creating applications for mobile phones and we start creating applications for our own body . <next_sent> I think this will be a big , big change that we will see during this century . <next_sent> So I do encourage you all to think about which senses you 'd like to extend . <next_sent> I would encourage you to become a cyborg . <next_sent> You wo n't be alone . <next_sent> Thank you .
(d / document
   :snt1 (s1.u / url-entity
               :topic (s1.t / talk-01))
   :snt2 (s2.c / cause-01
               :ARG0 (s2.b / bear-02
                           :ARG0-of (s2.h / have-03
                                          :ARG1 (s2.c7 / condition
                                                       :name (s2.n / name
                                                                   :op1 "achromatopsia")
                                                       :ARG1-of (s2.r / rare-02)
                                                       :ARG1-of (s2.b2 / blind-02
                                                                       :ARG2 (s2.c3 / color)
                                                                       :degree (s2.t2 / total))
                                                       :mod (s2.v / visual)))
                           :ARG1 (s2.i / i))
               :ARG1 (s2.a / and
                           :op1 (s2.s / see-01
                                      :ARG0 s2.i
                                      :ARG1 (s2.c4 / color)
                                      :time (s2.e / ever)
                                      :polarity "-")
                           :op2 (s2.k / know-01
                                      :ARG0 s2.i
                                      :ARG1 (s2.t / thing
                                                  :ARG1-of (s2.l / look-02
                                                                 :ARG0 (s2.c5 / color)))
                                      :ARG1-of (s2.c2 / cause-01
                                                      :ARG0 (s2.c6 / come-03
                                                                   :ARG1 s2.i
                                                                   :ARG2 (s2.w2 / world
                                                                                :ARG1-of (s2.g / gray-02))))
                                      :polarity "-"))
               :mod (s2.w / well))
   :snt3 (s3.o / opine-01
               :ARG0 (s3.i / i)
               :ARG1 (s3.a2 / and
                            :op1 (s3.g / gray-02
                                       :ARG1 (s3.s / sky)
                                       :time (s3.a / always))
                            :op2 (s3.g2 / gray-02
                                        :ARG1 (s3.f / flower)
                                        :time s3.a)
                            :op3 (s3.b / black-and-white
                                       :domain (s3.t / television)
                                       :mod (s3.s2 / still))))
   :snt4 (s4.c2 / contrast-01
                :ARG2 (s4.p / possible-01
                            :ARG1 (s4.h / hear-01
                                        :ARG0 (s4.i / i
                                                    :same-as s2.i)
                                        :ARG1 (s4.c / color))
                            :ARG1-of (s4.i2 / instead-of-91
                                            :ARG2 (s4.s / see-01
                                                        :ARG0 s4.i
                                                        :ARG1 s4.c))
                            :time (s4.s2 / since
                                         :op1 (s4.a / age-01
                                                    :ARG1 s4.i
                                                    :ARG2 (s4.t / temporal-quantity
                                                                :unit (s4.y / year)
                                                                :quant "21")))))
   :snt5 (s5.a / and
               :op1 (s5.s2 / start-01
                           :ARG0 (s5.i / i
                                       :same-as s2.i)
                           :ARG1 (s5.p3 / project
                                        :accompanier (s5.s / scientist
                                                           :name (s5.n / name
                                                                       :op1 "Adam"
                                                                       :op2 "Montandon")
                                                           :mod (s5.c3 / computer)))
                           :time (s5.d / date-entity
                                       :year "2003"))
               :op2 (s5.r / result-01
                          :ARG1 (s5.e2 / eye
                                       :mod (s5.e / electronics)
                                       :mod (s5.t / this))
                          :ARG3 (s5.a2 / and
                                       :ARG0-of (s5.c2 / collaborate-01
                                                       :mod (s5.f / further))
                                       :op1 (s5.p / person
                                                  :name (s5.n2 / name
                                                               :op1 "Peter"
                                                               :op2 "Kese")
                                                  :source (s5.c4 / country
                                                                 :name (s5.n3 / name
                                                                              :op1 "Slovenia")))
                                       :op2 (s5.p2 / person
                                                   :name (s5.n4 / name
                                                                :op1 "Matias"
                                                                :op2 "Lizana")
                                                   :source (s5.c / city
                                                                 :name (s5.n5 / name
                                                                              :op1 "Barcelona"))))))
   :snt6 (s6.a / and
               :op1 (s6.t / thing
                          :ARG0-of (s6.d / detect-01
                                         :ARG1 (s6.c2 / color))
                          :ARG0-of (s6.d2 / detect-01
                                          :ARG1 (s6.f / frequency
                                                      :location (s6.i2 / in-front-of
                                                                       :op1 (s6.i / i
                                                                                  :part (s6.h / head
                                                                                              :part (s6.b / back))
                                                                                  :same-as s2.i))
                                                      :mod s6.c2))
                          :ARG0-of (s6.s / send-01
                                         :ARG1 s6.f
                                         :ARG2 (s6.c / chip
                                                     :ARG1-of (s6.i4 / install-01
                                                                     :location s6.b)))
                          :domain s6.c2)
               :op2 (s6.h2 / hear-01
                           :ARG0 s6.i
                           :ARG1 (s6.c3 / color
                                        :location (s6.i3 / in-front-of
                                                         :op1 s6.i))
                           :manner (s6.c4 / conform-01
                                          :ARG1 (s6.b2 / bone))
                           :path s6.b2)
               :rel (s6.i5 / it
                           :same-as s5.e2))
   :snt7 (s7.h2 / have-condition-91
                :ARG0-of (s7.e / exemplify-01)
                :ARG2 (s7.h / have-03
                            :ARG0 (s7.i / i
                                        :same-as s2.i)
                            :ARG1 (s7.s / sound-01
                                        :ARG1 (s7.p / purple-02)
                                        :ARG2 (s7.t / this))))
   :snt8 (s8.e / exemplify-01
               :ARG0 (s8.s / sound-02
                           :ARG1 (s8.g / grass)
                           :mod (s8.t / this)))
   :snt9 (s9.r / red-02
               :ARG1 (s9.t / this)
               :ARG1-of (s9.r2 / resemble-01
                               :ARG2 (s9.e / event
                                           :name (s9.n / name
                                                       :op1 "TED"))))
   :snt10 (s10.s2 / sound-02
                  :ARG1 (s10.s / sock
                               :ARG1-of (s10.d / dirty-02))
                  :mod (s10.t / this))
   :snt11 (s11.r / resemble-01
                 :ARG1 (s11.t / this
                              :mod (s11.o / one))
                 :ARG2 (s11.y / yellow-02))
   :snt12 (s12.c / cause-01
                 :ARG0 (s12.h / hear-01
                              :ARG0 (s12.i / i
                                           :same-as s2.i)
                              :ARG1 (s12.c2 / color)
                              :duration (s12.t / temporal-quantity
                                               :unit (s12.y / year)
                                               :quant "8")
                              :frequency (s12.t2 / time
                                                 :mod (s12.a / all))
                              :time (s12.s / since
                                           :op1 (s12.d / date-entity
                                                       :year "2004")))
                 :ARG1 (s12.f / find-02
                              :ARG0 s12.i
                              :ARG1 (s12.n / normal-02
                                           :ARG1 (s12.h2 / hear-01
                                                         :ARG0 s12.i
                                                         :ARG1 (s12.c3 / color)
                                                         :frequency (s12.t3 / time)
                                                         :mod s12.a)
                                           :ARG1-of (s12.c4 / complete-02)
                                           :time (s12.n2 / now))))
   :snt13 (s13.h / have-concession-91
                 :ARG1 (s13.o / obligate-01
                              :ARG0-of (s13.c / cause-01
                                              :ARG1 (s13.o2 / obligate-01
                                                            :ARG1 (s13.i / i
                                                                         :same-as s2.i)
                                                            :ARG2 (s13.n2 / note)))
                              :ARG1 s13.i
                              :ARG2 (s13.r / recite-01
                                           :ARG0 s13.i
                                           :ARG1 (s13.t / thing
                                                        :ARG1-of (s13.g / give-01
                                                                        :ARG0 (s13.y / you))
                                                        :ARG2-of (s13.n / name-01
                                                                        :ARG1 (s13.c2 / color
                                                                                      :mod (s13.e / each)))))
                              :time (s13.s2 / start-01))
                 :ARG2 (s13.b / become-01
                              :ARG1 (s13.i2 / information
                                            :mod (s13.t3 / this)
                                            :mod (s13.a2 / all))
                              :ARG2 (s13.t2 / thing
                                            :ARG1-of (s13.p / perceive-01))
                              :time (s13.a / after
                                           :op1 (s13.t4 / time
                                                        :mod (s13.s / some)))))
   :snt14 (s14.o / obligate-01
                 :ARG1 (s14.i / i
                              :same-as s2.i)
                 :ARG2 (s14.t / think-01
                              :ARG0 s14.i
                              :ARG1 (s14.n / note
                                           :same-as s13.n2))
                 :polarity "-")
   :snt15 (s15.a2 / and
                  :op1 (s15.b / become-01
                              :ARG1 (s15.p / perceive-01
                                           :mod (s15.t / this)
                                           :same-as s13.t2)
                              :ARG2 (s15.f / feel-01)
                              :time (s15.a / after
                                           :op1 (s15.t2 / time
                                                        :mod (s15.s / some)))))
   :snt16 (s16.a / and
                 :op1 (s16.s / start-01
                             :ARG0 (s16.i / i
                                          :same-as s2.i)
                             :ARG1 (s16.h / have-03
                                          :ARG0 s16.i
                                          :ARG1 (s16.c / color
                                                       :mod (s16.f / favorite))))
                 :op2 (s16.s2 / start-01
                              :ARG0 s16.i
                              :ARG1 (s16.d / dream-01
                                           :ARG0 s16.i
                                           :manner s16.c)))
   :snt17 (s17.s / start-01
                 :ARG0 (s17.i / i
                              :same-as s2.i)
                 :ARG1 (s17.f / feel-01
                              :ARG0 s17.i
                              :ARG1 (s17.d2 / device
                                            :domain (s17.d / device
                                                           :mod (s17.c / cyber)
                                                           :same-as s5.e2)
                                            :time (s17.n / no-longer)))
                 :time (s17.i2 / it))
   :snt18 (s18.a2 / and
                  :op1 (s18.b / become-01
                              :ARG1 (s18.i3 / it
                                            :same-as s5.e2)
                              :ARG2 (s18.h / have-part-91
                                           :ARG1 (s18.b3 / body
                                                         :poss (s18.i / i
                                                                      :same-as s2.i))
                                           :ARG1-of (s18.m / mean-01
                                                           :ARG2 (s18.e2 / extend-01
                                                                         :ARG1 (s18.s / sense-01
                                                                                      :ARG0 s18.i)))))
                  :op2 (s18.b2 / become-01
                               :ARG1 s18.i3
                               :ARG2 (s18.h2 / have-part-91
                                             :ARG1 (s18.i2 / image
                                                           :mod (s18.o / official)
                                                           :poss s18.i)
                                             :ARG2 s18.i3)
                               :mod (s18.e / even)
                               :time (s18.a / after
                                            :op1 (s18.t / time
                                                        :mod (s18.s2 / some)))))
   :snt19 (s19.p / passport
                 :domain (s19.t / this
                                :same-as s5.e2)
                 :poss (s19.i / i
                              :same-as s2.i)
                 :time (s19.d / date-entity
                              :year "2004"
                              :same-as s12.d))
   :snt20 (s20.c / contrast-01
                 :ARG1 (s20.a3 / allow-01
                               :ARG1 (s20.a5 / appear-01
                                             :ARG1 (s20.y / you)
                                             :location (s20.p2 / passport
                                                               :mod (s20.c2 / country
                                                                            :name (s20.n / name
                                                                                         :op1 "U.K."))
                                                               :prep-with (s20.e2 / equipment
                                                                                  :mod (s20.e / electronic))))
                               :polarity "-")
                 :ARG2 (s20.a4 / and
                               :op1 (s20.i2 / insist-01
                                            :ARG0 (s20.i / i
                                                         :part (s20.b2 / brain)
                                                         :same-as s2.i)
                                            :ARG1 (s20.s / see-01
                                                         :ARG0 (s20.o / office
                                                                      :mod (s20.p3 / passport))
                                                         :ARG1 (s20.p / part
                                                                      :ARG1-of (s20.n2 / new-01)
                                                                      :ARG1-of (s20.a2 / actual-02)
                                                                      :ARG1-of (s20.e3 / extend-01
                                                                                       :ARG3 s20.b2)
                                                                      :part-of (s20.b / body
                                                                                      :poss s20.i)))
                                            :ARG2 s20.o)
                               :op2 (s20.a / accept-01
                                           :ARG0 s20.o
                                           :ARG1 s20.i
                                           :ARG2 (s20.a6 / appear-01
                                                         :ARG1 s20.i
                                                         :manner (s20.p4 / photograph-01
                                                                         :ARG1 s20.p2))
                                           :time (s20.f / final))))
   :snt21 (s21.a2 / and
                  :op1 (s21.f / find-02
                              :ARG0 (s21.i / i
                                           :same-as s2.i)
                              :ARG1 (s21.s / shock-01
                                           :ARG0 (s21.t / this)
                                           :degree (s21.v / very)))
                  :op2 (s21.a3 / attract-01
                               :ARG0 (s21.s2 / supermarket)
                               :ARG0 (s21.w / walk-01
                                            :ARG2 (s21.a / along
                                                         :op1 s21.s2))
                               :degree (s21.v2 / very)))
   :snt22 (s22.r / resemble-01
                 :ARG1 (s22.i / it
                              :same-as s21.w)
                 :ARG2 (s22.g / go-02
                              :ARG4 (s22.n / nightclub)))
   :snt23 (s23.f / full-09
                 :ARG1 (s23.i / it)
                 :ARG2 (s23.l / lyric
                              :ARG1-of (s23.d / differ-02)))
   :snt24 (s24.y / yeah)
   :snt25 (s25.a / aisle
                 :location-of (s25.p / product
                                     :ARG0-of (s25.c / clean-01))
                 :mod (s25.e / especially))
   :snt26 (s26.f / fabulous
                 :domain (s26.i / it)
                 :mod (s26.j / just))
   :snt27 (s27.c / change-01
                 :ARG1 (s27.w / way
                              :manner-of (s27.d / dress-01
                                                :ARG1 (s27.i / i
                                                             :same-as s2.i)))
                 :mod (s27.a / also))
   :snt28 (s28.d / dress-01
                 :ARG0 (s28.i / i
                              :same-as s2.i)
                 :manner (s28.l / look-02
                                :ARG1 (s28.g / good-02))
                 :ARG0-of s28.l
                 :time (s28.u / use-03)
                 :time (s28.b / before))
   :snt29 (s29.d / dress-01
                 :ARG0 (s29.i / i
                              :same-as s2.i)
                 :manner (s29.s / sound-01
                                :ARG1 (s29.i2 / it)
                                :ARG2 (s29.g / good-02))
                 :time (s29.n / now))
   :snt30 (s30.d / dress-01
                 :ARG0-of (s30.c / cause-01
                                 :ARG1 (s30.c2 / chord
                                               :ARG1-of (s30.h / happy-02
                                                               :degree (s30.q / quite))
                                               :domain (s30.m / music-key
                                                              :name (s30.n / name
                                                                           :op1 "C"
                                                                           :op2 "Major"))))
                 :ARG1 (s30.i / i
                              :same-as s2.i)
                 :ARG2 s30.m
                 :time (s30.t / today))
   :snt31 (s31.d / dress-01
                 :ARG0 (s31.i / i
                              :same-as s2.i)
                 :ARG1-of (s31.h / have-concession-91)
                 :condition (s31.o / obligate-01
                                   :ARG1 s31.i
                                   :ARG2 (s31.g / go-02
                                                :ARG0 s31.i
                                                :ARG4 (s31.f / funeral)))
                 :manner (s31.m / music-key
                                :name (s31.n / name
                                             :op1 "B"
                                             :op2 "minor")
                                :domain (s31.a / and
                                               :op1 (s31.t / turquoise)
                                               :op2 (s31.p / purple-02)
                                               :op3 (s31.o2 / orange))))
   :snt32 (s32.c / cause-01
                 :ARG0 (s32.p2 / possible-01
                               :ARG1 (s32.d / display-01
                                            :purpose (s32.p3 / possible-01
                                                             :ARG1 (s32.e / eat-01
                                                                          :ARG0 (s32.i / i
                                                                                       :same-as s2.i)
                                                                          :ARG1 (s32.s / song
                                                                                       :mod (s32.f / favorite)
                                                                                       :poss s32.i)))
                                            :ARG0 s32.i
                                            :ARG1 (s32.f3 / food)
                                            :ARG2 (s32.p / plate))
                               :time (s32.n / now))
                 :ARG1 (s32.c2 / change-01
                               :ARG1 (s32.w / way
                                            :manner-of (s32.l / look-01
                                                              :ARG0 s32.i
                                                              :ARG1 (s32.f2 / food)
                                                              :ARG1 s32.f3))
                               :mod (s32.a / also)))
   :snt33 (s33.i2 / infer-01
                  :ARG1 (s33.d / depend-01
                               :ARG0 (s33.a / and
                                            :op1 (s33.p / possible-01
                                                        :ARG1 (s33.h / hear-01
                                                                     :ARG0 (s33.i / i
                                                                                  :same-as s2.i)))
                                            :op2 (s33.p2 / possible-01
                                                         :ARG1 (s33.c / compose-02
                                                                      :ARG0 s33.i
                                                                      :ARG1 (s33.m / music)
                                                                      :instrument (s33.f / food))))
                               :ARG1 (s33.t / thing
                                            :manner-of (s33.d2 / display-01
                                                               :ARG0 s33.i
                                                               :ARG1 (s33.i3 / it
                                                                             :same-as s32.f3)))))
   :snt34 (s34.i / imagine-01
                 :ARG0 (s34.y / you)
                 :ARG1 (s34.r2 / restaurant
                               :location-of (s34.p2 / possible-01
                                                    :ARG1 (s34.h / have-06
                                                                 :ARG0 (s34.w / we)
                                                                 :ARG1 (s34.s / salad
                                                                              :ARG1-of (s34.r / resemble-01)
                                                                              :mod (s34.p / person
                                                                                          :name (s34.n / name
                                                                                                       :op1 "Lady"
                                                                                                       :op2 "Gaga"))
                                                                              :prep-as (s34.s2 / starter)))))
                 :mode "imperative")
   :snt35 (s35.m / mean-01
                 :ARG0 (s35.i / i
                              :same-as s2.i)
                 :ARG2 (s35.p / probable
                              :domain (s35.g / get-04
                                             :ARG0 (s35.t2 / this)
                                             :ARG1 (s35.e / eat-01
                                                          :ARG0 (s35.t / teenager)
                                                          :ARG1 (s35.v / vegetable
                                                                       :poss s35.t)))))
   :snt36 (s36.a3 / and
                  :op2 (s36.a4 / and
                               :domain (s36.r / restaurant
                                              :ARG0-of (s36.e2 / excite-01
                                                               :degree (s36.v / very))
                                              :location-of (s36.p5 / possible-01
                                                                   :ARG1 (s36.e / eat-01
                                                                                :ARG0 (s36.y / you)
                                                                                :ARG1 (s36.s4 / song)
                                                                                :ARG1-of (s36.a / actual-02))))
                               :mod (s36.a2 / also)
                               :op2 (s36.d / dessert
                                           :quant (s36.s2 / some)
                                           :example (s36.o / or
                                                           :op1 (s36.p2 / person
                                                                        :name (s36.n2 / name
                                                                                      :op1 "Bjork"))
                                                           :op2 (s36.p3 / person
                                                                        :name (s36.n3 / name
                                                                                      :op1 "Madonna")))))
                  :rel (s36.s / some
                              :op1 (s36.s5 / symphony
                                           :mod (s36.p4 / piano)
                                           :mod (s36.p / person
                                                       :name (s36.n / name
                                                                    :op1 "Rachmaninov"))
                                           :prep-as (s36.d2 / dish
                                                            :mod (s36.m / main))))
                  :rel (s36.s3 / some))
   :snt37 (s37.c / cause-01
                 :ARG0 (s37.h / hear-01
                              :ARG0 (s37.i / i
                                           :same-as s2.i)
                              :ARG0-of (s37.c2 / cause-01
                                               :ARG1 (s37.p2 / possible-01
                                                             :ARG1 (s37.c4 / contrast-01
                                                                           :ARG1 (s37.l2 / look-02
                                                                                         :ARG0 (s37.s2 / someone)
                                                                                         :ARG1 (s37.b / beautiful-02
                                                                                                      :ARG1 s37.s2
                                                                                                      :degree (s37.v / very)))
                                                                           :ARG2 (s37.s3 / sound-01
                                                                                         :ARG1 s37.s2
                                                                                         :ARG2 (s37.t / terrible-01)))))
                              :ARG1 (s37.f / face)
                              :time (s37.l / look-01
                                           :ARG0 s37.i
                                           :ARG1 (s37.s / someone
                                                        :part s37.f)))
                 :ARG1 (s37.c3 / change-01
                               :ARG1 (s37.w / way
                                            :manner-of (s37.p / perceive-01
                                                              :ARG0 s37.i
                                                              :ARG1 (s37.b2 / beauty))))
                 :mod (s37.a / also))
   :snt38 (s38.a / and
                 :op2 (s38.p / possible-01
                             :ARG1 (s38.e / event
                                          :ARG1-of (s38.o / opposite-01)
                                          :ARG1-of (s38.i / instead-of-91))))
   :snt39 (s39.e / enjoy-01
                 :ARG0 (s39.i / i
                              :same-as s2.i)
                 :ARG1 (s39.c / create-01
                              :ARG0 s39.i
                              :ARG1 (s39.p2 / portrait
                                            :ARG1-of (s39.s / sound-02)
                                            :ARG1-of (s39.r2 / resemble-01)
                                            :topic (s39.p / person)))
                 :degree (s39.r / really))
   :snt40 (s40.a / and
                 :ARG1-of (s40.i2 / instead-of-91
                                  :ARG2 (s40.d4 / draw-02
                                                :ARG0 (s40.i / i
                                                             :same-as s2.i)
                                                :ARG1 (s40.f / face
                                                             :part-of (s40.s2 / someone))
                                                :ARG1-of (s40.r / resemble-01
                                                                :ARG2 (s40.d3 / draw-01
                                                                              :ARG0 s40.i
                                                                              :ARG1 (s40.s / shape)))))
                 :op1 (s40.p / point-01
                             :ARG0 s40.i
                             :ARG2 s40.s2
                             :instrument (s40.e / eye))
                 :op2 (s40.w / write-01
                             :ARG0 s40.i
                             :ARG1 (s40.n / note
                                          :ARG1-of (s40.d / differ-02)
                                          :ARG1-of (s40.h / hear-01
                                                          :ARG0 s40.i))
                             :mod (s40.d2 / down))
                 :op3 (s40.c / create-01
                             :ARG0 s40.i
                             :ARG1 (s40.p2 / portrait
                                           :mod (s40.s3 / sound))
                             :time (s40.t / then)))
   :snt41 (s41.f / face
                 :quant (s41.s / some)
                 :location (s41.h / here))
   :snt42 (s42.s / sound-01
                 :ARG1 (s42.p / person
                              :name (s42.n / name
                                           :op1 "Nicole"
                                           :op2 "Kidman"))
                 :ARG2 (s42.g / good-02)
                 :mod (s42.y / yeah
                             :mode "expressive"))
   :snt43 (s43.c / contrast-01
                 :ARG1 (s43.r / relate-01
                              :ARG0 (s43.i / i
                                           :same-as s2.i)
                              :ARG1 (s43.p / person
                                           :mod (s43.s / some))
                              :time (s43.e / ever)
                              :polarity "-")
                 :ARG2 (s43.s2 / sound-01
                               :ARG1 s43.p
                               :ARG2 (s43.r2 / resemble-01
                                             :ARG1 s43.p)))
   :snt44 (s44.r / resemble-01
                 :ARG1 (s44.p / person
                              :name (s44.p3 / prince))
                 :ARG2 (s44.p2 / person
                               :name (s44.n2 / name
                                             :op1 "Nicole"
                                             :op2 "Kidman")
                               :same-as s42.p)
                 :mod (s44.s / some)
                 :rel (s44.n / name
                             :op1 "Charles"))
   :snt45 (s45.r / resemble-01
                 :ARG1 (s45.s / sound-01
                              :ARG1 (s45.t / they)
                              :ARG2 (s45.e / eye)))
   :snt46 (s46.a3 / and
                  :op1 (s46.r / relate-01
                              :ARG0 (s46.y / you)
                              :ARG1 (s46.p / person
                                           :ARG1-of (s46.r2 / relate-01
                                                            :ARG0 s46.y
                                                            :polarity "-")))
                  :op2 (s46.p2 / possible-01
                               :ARG1 (s46.c2 / create-01
                                             :ARG0 s46.y
                                             :ARG1 (s46.c / concert)
                                             :manner (s46.l / look-01
                                                            :ARG0 s46.y
                                                            :ARG1 (s46.f / face
                                                                         :part-of (s46.a4 / audience)))
                                             :mod (s46.a2 / also))
                               :ARG1-of (s46.a / actual-02)))
   :snt47 (s47.a / and
                 :op1 (s47.c / connect-01
                             :ARG0 (s47.i / i
                                          :same-as s2.i)
                             :ARG1 (s47.e / eye))
                 :op2 (s47.p / play-11
                             :ARG0 s47.i
                             :ARG2 (s47.f / face
                                          :part-of (s47.a2 / audience))
                             :time (s47.t / then)))
   :snt48 (s48.t2 / thing
                  :ARG1-of (s48.g / good-02)
                  :domain (s48.f / fault-01
                                 :ARG1 (s48.t / they
                                              :same-as s47.a2)
                                 :condition (s48.s / sound-01
                                                   :ARG1 (s48.c / concert)
                                                   :ARG2 (s48.g2 / good-02)
                                                   :polarity "-"))
                  :topic (s48.t3 / this))
   :snt49 (s49.a / and
                 :op1 (s49.c / cause-01
                             :ARG1 (s49.f / fault-01
                                          :ARG1 (s49.i / i
                                                       :same-as s2.i)
                                          :ARG2 (s49.i2 / it)
                                          :polarity "-"))
                 :op2 (s49.s3 / start-01
                              :ARG1 (s49.e / effect-03
                                           :ARG1 (s49.s4 / start-01
                                                         :ARG1 (s49.b / become-01
                                                                      :ARG1 (s49.s2 / sound-01
                                                                                    :ARG1-of (s49.n / normal-02))
                                                                      :ARG2 (s49.c2 / color-01)))
                                           :mod (s49.s / secondary)
                                           :mod (s49.t / this))
                              :mod (s49.a2 / another)))
   :snt50 (s50.a / and
                 :op1 (s50.h / hear-01
                             :ARG0 (s50.i / i
                                          :same-as s2.i)
                             :ARG1 (s50.t2 / tone
                                           :mod (s50.t / telephone)))
                 :op2 (s50.f / feel-01
                             :ARG1 s50.t2
                             :ARG1-of (s50.c / cause-01
                                             :ARG0 (s50.s / sound-01
                                                          :ARG1 (s50.i2 / it
                                                                        :same-as s50.t2)
                                                          :ARG2 (s50.r / resemble-01
                                                                       :ARG1 s50.i2
                                                                       :ARG2 (s50.c2 / color
                                                                                     :ARG1-of (s50.g2 / green-02))
                                                                       :mod (s50.j / just))))
                             :ARG2 (s50.g / green-02)))
   :snt51 (s51.a / and
                 :op1 (s51.s2 / sound-02
                              :mod (s51.p5 / publication
                                           :name (s51.n / name
                                                        :op1 "BBC")))
                 :op2 (s51.s / sound-01
                             :ARG1 s51.s2
                             :ARG2 (s51.t / turquoise))
                 :op3 (s51.b / become-01
                             :ARG0-of (s51.c / cause-01
                                             :ARG1 (s51.s3 / start-01
                                                           :ARG0 (s51.i / i
                                                                        :same-as s2.i)
                                                           :ARG1 (s51.a2 / and
                                                                         :ARG1-of (s51.c2 / cause-01
                                                                                          :ARG0 (s51.h / have-03
                                                                                                       :ARG0 (s51.v / voice-01
                                                                                                                    :ARG0 (s51.p4 / person))
                                                                                                       :ARG1 (s51.h2 / have-frequency-91
                                                                                                                     :ARG1-of (s51.r / relate-01
                                                                                                                                     :ARG0 s51.i
                                                                                                                                     :ARG2 (s51.c3 / color)))))
                                                                         :op1 (s51.p / paint-02
                                                                                     :ARG0 s51.i
                                                                                     :ARG1 (s51.m / music))
                                                                         :op2 (s51.p2 / paint-02
                                                                                      :ARG0 s51.i))))
                             :ARG1 (s51.l / listen-01
                                          :ARG1 (s51.p3 / person
                                                        :name (s51.n2 / name
                                                                      :op1 "Mozart")))
                             :ARG2 (s51.e / experience-01
                                          :ARG0 s51.i
                                          :ARG1 s51.l
                                          :ARG1-of (s51.y / yellow-02))))
   :snt52 (s52.a / and
                 :op2 (s52.m / music
                             :quant (s52.s / some)
                             :ARG1-of (s52.t / translate-01
                                             :ARG2 (s52.c / color))
                             :location (s52.h / here)))
   :snt53 (s53.e / exemplify-01
                 :ARG0 (s53.l / look-02
                              :ARG0 (s53.w / work-of-art
                                           :name (s53.p / person
                                                        :name (s53.n / name
                                                                     :op1 "Mozart"
                                                                     :op2 "Queen"
                                                                     :op3 "of"
                                                                     :op4 "the"
                                                                     :op5 "Night")
                                                        :same-as s51.p3))
                              :ARG1 (s53.r / resemble-01
                                           :ARG1 s53.w
                                           :ARG2 (s53.t / this))))
   :snt54 (s54.c / cause-01
                 :ARG0 (s54.h / have-frequency-91
                              :quant (s54.m / many)
                              :ARG1-of (s54.d / differ-02))
                 :ARG1 (s54.a / and
                              :op1 (s54.y / yellow-02
                                          :degree (s54.v / very))
                              :op2 (s54.c2 / colorful
                                           :degree (s54.v2 / very))))
   :snt55 (s55.a / and
                 :op2 (s55.s / song
                             :ARG1-of (s55.d / differ-02
                                             :ARG1-of (s55.c / complete-02))
                             :domain (s55.t / this)))
   :snt56 (s56.b / baby
                 :domain (s56.i / it
                                :same-as s55.t)
                 :poss (s56.p / person
                              :name (s56.n / name
                                           :op1 "Justin"
                                           :op2 "Bieber")))
   :snt57 (s57.a / and
                 :op1 (s57.p / pink-04
                             :ARG1 (s57.i / it
                                          :same-as s55.t)
                             :degree (s57.v / very))
                 :op2 (s57.y / yellow-02
                             :ARG1 s57.i
                             :degree (s57.v2 / very)))
   :snt58 (s58.c / cause-01
                 :ARG0 (s58.s2 / speak-01
                               :ARG1-of (s58.k / know-02
                                               :degree (s58.w / well
                                                              :degree (s58.v / very)))
                               :mod (s58.t / this)
                               :quant "2")
                 :rel (s58.p / possible-01
                             :ARG1 (s58.t2 / transform-01
                                           :ARG0 (s58.i / i
                                                        :same-as s2.i)
                                           :ARG0-of (s58.e / exemplify-01)
                                           :ARG1 (s58.s / speak-01)
                                           :ARG2 (s58.c2 / color)
                                           :ARG3 (s58.v2 / voice
                                                         :ARG1 s58.p
                                                         :mod (s58.a / also)))))
   :snt59 (s59.a / and
                 :op1 (s59.i / include-91
                             :ARG1 (s59.p3 / publication-91
                                           :ARG0 (s59.p / person
                                                        :name (s59.n / name
                                                                     :op1 "Martin"
                                                                     :op2 "Luther"
                                                                     :op3 "King"))
                                           :ARG1 (s59.b / book
                                                        :name (s59.n2 / name
                                                                      :op1 "I"
                                                                      :op2 "Have"
                                                                      :op3 "A"
                                                                      :op4 "Dream")))
                             :ARG2 (s59.t / they))
                 :op2 (s59.p2 / person
                              :name (s59.n3 / name
                                            :op1 "Hitler")
                              :mod (s59.o / other)))
   :snt60 (s60.a2 / and
                  :op2 (s60.a3 / and
                               :op1 (s60.l2 / like-01
                                            :ARG0 (s60.i / i
                                                         :same-as s2.i)
                                            :ARG1 (s60.e / exhibit-01
                                                         :ARG0 s60.i
                                                         :ARG1 (s60.p3 / picture
                                                                       :ARG1-of (s60.p / paint-02)
                                                                       :mod (s60.t2 / this))
                                                         :location (s60.h / hall
                                                                          :location-of (s60.e2 / exhibit-01))
                                                         :manner (s60.l / label-01
                                                                        :polarity "-")))
                               :op2 (s60.a4 / ask-01
                                            :ARG0 s60.i
                                            :ARG1 (s60.p4 / prefer-01
                                                          :ARG0 (s60.p2 / person)
                                                          :ARG1 (s60.a / amr-unknown))
                                            :ARG2 s60.p2
                                            :time (s60.t / then))))
   :snt61 (s61.a / and
                 :op2 (s61.c / change-01
                             :ARG0 (s61.p / person
                                          :quant (s61.m / most))
                             :ARG1 (s61.t2 / thing
                                           :ARG1-of (s61.p5 / prefer-01
                                                            :ARG0 s61.p)
                                           :same-as s61.p)
                             :time (s61.t / tell-01
                                          :ARG0 (s61.i / i
                                                       :same-as s2.i)
                                          :ARG1 (s61.a2 / and
                                                        :op1 (s61.p2 / person
                                                                     :name (s61.n / name
                                                                                  :op1 "Hitler")
                                                                     :ARG1-of (s61.l / left-19))
                                                        :op2 (s61.p3 / person
                                                                     :ARG1-of (s61.r / right-08)
                                                                     :domain (s61.p4 / person
                                                                                     :name (s61.n2 / name
                                                                                                   :op1 "Martin"
                                                                                                   :op2 "Luther"
                                                                                                   :op3 "King")
                                                                                     :same-as s59.p)))
                                          :ARG2 s61.p)))
   :snt62 (s62.i2 / infer-01
                  :ARG1 (s62.g / get-03
                               :ARG1 (s62.i / i
                                            :same-as s2.i)
                               :ARG2 (s62.p2 / point
                                             :time-of (s62.p3 / possible-01
                                                              :ARG1 (s62.p / perceive-01
                                                                           :ARG0 s62.i
                                                                           :ARG1 (s62.c / color
                                                                                        :quant "360")
                                                                           :ARG1-of (s62.r / resemble-01
                                                                                           :ARG2 (s62.s / see-01
                                                                                                        :ARG0 (s62.h / human))
                                                                                           :mod (s62.j / just)))))))
   :snt63 (s63.p / possible-01
                 :ARG1 (s63.d2 / differentiate-01
                               :ARG0 (s63.i / i
                                            :same-as s2.i)
                               :ARG1 (s63.d / degree
                                            :degree-of (s63.w / wheel
                                                              :mod (s63.c / color))
                                            :mod (s63.a / all))))
   :snt64 (s64.c / contrast-01
                 :ARG2 (s64.t2 / think-01
                               :ARG0 (s64.i / i
                                            :same-as s2.i)
                               :ARG1 (s64.h / have-degree-91
                                            :ARG1 (s64.e2 / envision-01
                                                          :ARG0 (s64.h2 / human)
                                                          :mod (s64.t3 / this)
                                                          :same-as s62.s)
                                            :ARG2 (s64.g / good-02
                                                         :ARG1 s64.e2)
                                            :ARG3 (s64.e / enough)
                                            :polarity "-")
                               :mod (s64.j / just)
                               :time (s64.t / then)))
   :snt65 (s65.c2 / contrast-01
                  :ARG1 (s65.p3 / possible-01
                                :polarity "-")
                  :ARG2 (s65.p4 / possible-01
                                :ARG1 (s65.p2 / perceive-01
                                              :ARG0 (s65.e2 / eye
                                                            :mod (s65.e / electronics))
                                              :ARG1 (s65.c / color
                                                           :ARG1-of (s65.h / have-quant-91
                                                                           :ARG2 (s65.m / many)
                                                                           :ARG3 (s65.m2 / more))
                                                           :ARG1-of (s65.p / perceive-01
                                                                           :ARG0 (s65.w / we)
                                                                           :ARG1-of s65.p3)
                                                           :location (s65.a / around
                                                                            :op1 s65.w)))))
   :snt66 (s66.c / cause-01
                 :ARG1 (s66.a3 / and
                               :ARG0-of (s66.c2 / cause-01
                                                :ARG1 (s66.p2 / possible-01
                                                              :ARG1 (s66.h / hear-01
                                                                           :ARG0 (s66.i / i
                                                                                        :same-as s2.i)
                                                                           :ARG1 (s66.c5 / color
                                                                                         :ARG1-of (s66.p / perceive-01
                                                                                                         :ARG0 (s66.e2 / eye
                                                                                                                       :part-of (s66.h2 / human))
                                                                                                         :ARG1-of (s66.p3 / possible-01
                                                                                                                          :polarity "-"))))
                                                              :time (s66.n / now)))
                               :op1 (s66.d / decide-01
                                           :ARG0 s66.i
                                           :ARG1 (s66.c6 / continue-01
                                                         :ARG0 s66.i
                                                         :ARG1 (s66.e / extend-01
                                                                      :ARG0 s66.i
                                                                      :ARG1 (s66.s2 / sense-01
                                                                                    :ARG0 s66.i
                                                                                    :ARG1 (s66.c3 / color)))))
                               :op2 (s66.a / add-02
                                           :ARG0 s66.i
                                           :ARG1 (s66.i2 / infrared))
                               :op3 (s66.a2 / add-02
                                            :ARG0 s66.i
                                            :ARG1 (s66.u / ultraviolet)
                                            :ARG2 (s66.s / scale
                                                         :mod (s66.s3 / sound)
                                                         :mod (s66.c4 / color)))))
   :snt67 (s67.e / exemplify-01
                 :ARG0 (s67.c / cause-01
                              :ARG0 (s67.p2 / possible-01
                                            :ARG1 (s67.d / detect-01
                                                         :ARG0 (s67.y / you)
                                                         :ARG1 (s67.t / thing
                                                                      :ARG0-of (s67.d2 / detect-01
                                                                                       :ARG1 (s67.m / move-01))
                                                                      :location (s67.r / room))
                                                         :ARG1-of (s67.a / actual-02)))
                              :ARG1 (s67.g / good-02
                                           :ARG1 (s67.p / perceive-01
                                                        :ARG1 (s67.i / infrared
                                                                     :same-as s66.i2)))))
   :snt68 (s68.p2 / possible-01
                  :ARG1 (s68.h / hear-01
                               :ARG0 (s68.i / i
                                            :same-as s2.i)
                               :ARG1 (s68.p / point-01
                                            :ARG0 (s68.s / someone)
                                            :ARG2 s68.i
                                            :instrument (s68.c / control
                                                               :mod (s68.r / remote)))))
   :snt69 (s69.a3 / and
                  :op2 (s69.p4 / possible-01
                               :ARG0-of (s69.c2 / cause-01
                                                :ARG1 (s69.t2 / think-01
                                                              :ARG0 (s69.i / i
                                                                           :same-as s2.i)
                                                              :ARG1 (s69.r / recommend-01
                                                                           :ARG1 (s69.w2 / wish-01
                                                                                         :ARG0 (s69.w / we
                                                                                                      :mod (s69.a2 / all))
                                                                                         :ARG1 (s69.p2 / perceive-01
                                                                                                       :ARG0 s69.w
                                                                                                       :ARG1 (s69.t / thing
                                                                                                                    :ARG1-of (s69.p3 / perceive-01
                                                                                                                                     :ARG0 s69.w
                                                                                                                                     :ARG1-of (s69.p6 / possible-01
                                                                                                                                                      :polarity "-"))))
                                                                                         :mod (s69.t3 / this)))))
                               :ARG1 (s69.h / hear-01
                                            :ARG0 (s69.y / you)
                                            :ARG1 (s69.o / or
                                                         :op1 (s69.d / day
                                                                     :ARG1-of (s69.g2 / good-02))
                                                         :op2 (s69.d2 / day
                                                                      :ARG1-of (s69.b / bad-04)
                                                                      :time-of (s69.b2 / bathe-01))))
                               :ARG1-of (s69.g / good-02
                                               :ARG2 (s69.p / perceive-01
                                                            :ARG0 s69.y
                                                            :ARG1 (s69.u / ultraviolet)))
                               :ARG1-of (s69.c / cause-01
                                               :ARG0 (s69.c3 / color
                                                             :ARG0-of (s69.e / endanger-01)
                                                             :ARG0-of (s69.k / kill-01
                                                                             :ARG1 s69.w
                                                                             :ARG1-of (s69.a / actual-02)
                                                                             :ARG1-of (s69.p5 / possible-01))
                                                             :domain s69.u))))
   :snt70 (s70.c / cause-01
                 :ARG0 (s70.t3 / that)
                 :ARG1 (s70.c2 / create-01
                               :ARG0 (s70.i / i
                                            :same-as s2.i)
                               :ARG1 (s70.o / organization
                                            :name (s70.n / name
                                                         :op1 "Cyborg"
                                                         :op2 "Foundation")
                                            :ARG0-of (s70.t4 / try-01
                                                             :ARG0-of (s70.e / encourage-01
                                                                             :ARG2 (s70.e2 / extend-01
                                                                                           :ARG0 (s70.p / person)
                                                                                           :ARG1 (s70.s / sense-01
                                                                                                        :ARG0 s70.p)
                                                                                           :manner (s70.u / use-01
                                                                                                          :ARG0 s70.p
                                                                                                          :ARG1 (s70.t / technology)
                                                                                                          :ARG2 (s70.b3 / body))))
                                                             :ARG1 (s70.h / help-01
                                                                          :ARG0 s70.o
                                                                          :ARG1 (s70.b / become-01
                                                                                       :ARG1 s70.p
                                                                                       :ARG2 (s70.c3 / cyborg))
                                                                          :ARG2 s70.p)))
                               :time (s70.b2 / before
                                             :quant (s70.t2 / temporal-quantity
                                                            :unit (s70.y / year)
                                                            :quant "2")
                                             :op1 (s70.n2 / now))))
   :snt71 (s71.r / recommend-01
                 :ARG1 (s71.t / think-01
                              :ARG0 (s71.w / we
                                           :mod (s71.a / all))
                              :ARG1 (s71.c3 / come-03
                                            :ARG0-of (s71.c / cause-01
                                                            :ARG1 (s71.e2 / extend-01
                                                                          :ARG0 s71.w
                                                                          :ARG1 (s71.k2 / know-01
                                                                                        :ARG0 s71.w
                                                                                        :same-as s71.k)
                                                                          :ARG1-of (s71.c2 / cause-01
                                                                                           :ARG0 (s71.e / extend-01
                                                                                                        :ARG0 s71.w
                                                                                                        :ARG1 (s71.s / sense-01
                                                                                                                     :ARG0 s71.w)))))
                                            :ARG1 (s71.k / know-01)
                                            :ARG2 s71.s))
                 :mod s71.a)
   :snt72 (s72.t / think-01
                 :ARG0 (s72.i / i
                              :same-as s2.i)
                 :ARG1 (s72.e / excite-01
                              :ARG0 (s72.l / life)
                              :ARG2-of (s72.h / have-degree-91
                                              :ARG1 s72.l
                                              :ARG3 (s72.m2 / more
                                                            :quant (s72.m3 / much)))
                              :time (s72.a / and
                                           :op1 (s72.s2 / stop-01
                                                        :ARG0 (s72.w / we)
                                                        :ARG1 (s72.c / create-01
                                                                     :ARG0 s72.w
                                                                     :ARG1 (s72.a2 / application
                                                                                   :ARG3 (s72.p / phone
                                                                                                :ARG1-of (s72.m / mobile-02)))))
                                           :op2 (s72.s / start-01
                                                       :ARG0 s72.w
                                                       :ARG1 (s72.c2 / create-01
                                                                     :ARG0 s72.w
                                                                     :ARG1 (s72.a3 / application)
                                                                     :ARG2 (s72.b / body
                                                                                  :poss s72.w))))))
   :snt73 (s73.t / think-01
                 :ARG0 (s73.i / i
                              :same-as s2.i)
                 :ARG1 (s73.c2 / change-01
                               :ARG1-of (s73.s / see-01
                                               :ARG0 (s73.w / we)
                                               :time (s73.c / century
                                                            :mod (s73.t3 / this)))
                               :domain (s73.t2 / this)
                               :mod (s73.b / big)))
   :snt74 (s74.c / cause-01
                 :ARG1 (s74.e / encourage-01
                              :ARG0 (s74.i / i
                                           :same-as s2.i)
                              :ARG1 (s74.y / you
                                           :mod (s74.a / all))
                              :ARG2 (s74.t / think-01
                                           :ARG0 s74.y
                                           :ARG1 (s74.s / sense-01
                                                        :ARG1-of (s74.e2 / extend-01
                                                                         :ARG0 s74.y
                                                                         :ARG1-of (s74.l / like-02
                                                                                         :ARG0 s74.y))))))
   :snt75 (s75.e / encourage-01
                 :ARG0 (s75.i / i
                              :same-as s2.i)
                 :ARG1 (s75.y / you
                              :same-as s74.y)
                 :ARG2 (s75.b / become-01
                              :ARG1 s75.y
                              :ARG2 (s75.c / cyborg)))
   :snt76 (s76.a / alone
                 :domain (s76.y / you
                                :same-as s74.y)
                 :polarity "-")
   :snt77 (s77.t / thank-01
                 :ARG1 (s77.y / you
                              :same-as s2.i)))

