# ::id doc-621
# ::doc_file doc-621
# ::tok http : / / www . ted . com / talks / liu_bolin_the_invisible_man< / url> <next_sent> Liu Bolin : By making myself invisible , I try to question the inter - canceling relationship between our civilization and its development . <next_sent> Interpreter : By making myself invisible , I try to explore and question the contradictory and often inter - canceling relationship between our civilization and its development . <next_sent> LB : This is my first work , created in November 2005 . <next_sent> And this is Beijing International Art Camp where I worked before the government forcibly demolished it . <next_sent> I used this work to express my objection . <next_sent> I also want to use this work to let more people pay attention to the living condition of artists and the condition of their creative freedom . <next_sent> In the meantime , from the beginning , this series has a protesting , reflective and uncompromising spirit . <next_sent> When applying makeup , I borrow a sniper 's method to better protect myself and to detect the enemy , as he did . <next_sent> After finishing this series of protests , I started questioning why my fate was like this , and I realized that it 's not just me -- all Chinese are as confused as I am . <next_sent> As you can see , these works are about family planning , election in accordance with the law and propaganda of the institution of the People 's Congress . <next_sent> This work is called Xia Gang . <next_sent> " Xia Gang " is a Chinese euphemism for " laid off " . <next_sent> It refers to those people who lost their jobs during China 's transition from a planned economy to a market economy . <next_sent> From 1998 to 2000 , 21.37 million people lost their jobs in China . <next_sent> The six people in the photo are Xia Gang workers . <next_sent> I made them invisible in the deserted shop wherethey had lived and worked all their lives . <next_sent> On the wall behind them is the slogan of the Cultural Revolution : " The core force leading our cause forward is the Chinese Communist Party . " <next_sent> For half a month I looked for these 6 people to participate in my work . <next_sent> We can only see six men in this picture , but in fact , those who are hidden here are all people who were laid off . <next_sent> They have just been made invisible . <next_sent> This piece is called The Studio . <next_sent> This spring , I happened to have an opportunity during my solo exhibition in Paris to shoot a work in the news studio of France 3 -- <next_sent> I picked the news photos of the day . <next_sent> One is about the war in the Middle East , and another one is about a public demonstration in France . <next_sent> I found that any culture has its irreconcilable contradictions . <next_sent> This is a joint effort between me and French artist JR . <next_sent> Interpreter : This is a joint effort between me and French artist JR . <next_sent> LB : I tried to disappear into JR 's eye , but the problem is JR only uses models with big eyes . <next_sent> So I tried to make my eyes bigger with my fingers . <next_sent> But still they are not big enough for JR , unfortunately . <next_sent> Interpreter : So I tried to disappear into JR 's eye , but the problem is JR uses only models with big eyes . <next_sent> So I tried to make my eyes bigger with this gesture . <next_sent> But it does n't work , my eyes are still small . <next_sent> LB : This one is about 9/11 memories . <next_sent> This is an aircraft carrier moored alongside the Hudson River . <next_sent> Kenny Scharf 's graffiti . <next_sent> This is Venice , Italy . <next_sent> Because global temperatures rise , the sea level rises , and it is said thatVenice will disappear in the coming decades . <next_sent> This is the ancient city of Pompeii . <next_sent> Interpreter : This is the ancient city of Pompeii . <next_sent> LB : This is the Borghese Gallery in Rome . <next_sent> When I work on a new piece , I pay more attention to the expression of ideas . <next_sent> For instance , why would I make myself invisible ? <next_sent> What will making myself invisible here cause people to think ? <next_sent> This one is called Instant Noodles . <next_sent> Interpreter : This one is called Instant Noodles . <next_sent> LB : Since August 2012 , harmful phosphors have been found in the instant noodle package cups from every famous brand sold in China 's supermarkets . <next_sent> These phosphors can even cause cancer . <next_sent> To create this artwork , I bought a lot of packaged instant noodle cups and put them in my studio , making it look like a supermarket . <next_sent> And my task is to stand there , trying to be still , setting up the camera position and coordinating with my assistant and drawing the colors and shapes that are behind my body on the front of my body . <next_sent> If the background is simple , I usually have to stand for three to four hours . <next_sent> The background of this piece is more complex , so I need three to four days in advance for preparation . <next_sent> This is the suit I wore when I did the supermarket shoot . <next_sent> There is no Photoshop involved . <next_sent> Interpreter : This is the suit I [ was ] wearing when I did the supermarket shoot . <next_sent> There is no Photoshop involved . <next_sent> LB : These works are on China 's cultural memories . <next_sent> And this one , this is about food safety in China . <next_sent> Unsafe food can harm people 's health , and a deluge of magazines can confuse people 's minds . <next_sent> The next pieces of work show how I made myself invisible in magazines of different languages , in different countries and at different times . <next_sent> I think that in art , an artist 's attitude is the most important element . <next_sent> If an artwork is to touch someone , it must be the result of not only technique , but also the artist 's thinking and struggle in life . <next_sent> And the repeated struggles in life create artwork , no matter in what form . <next_sent> That 's all I want to say . <next_sent> Thank you .
(d / document
   :snt1 (s1.u / url-entity
               :polarity "-")
   :snt2 (s2.s / say-01
               :ARG0 (s2.p / person
                           :name (s2.n / name
                                       :op1 "Liu"
                                       :op2 "Bolin"))
               :ARG1 (s2.t / try-01
                           :ARG0 s2.p
                           :ARG1 (s2.q / question-03
                                       :ARG0 s2.p
                                       :ARG1 (s2.r / relation-03
                                                   :ARG0 (s2.c2 / civilization
                                                                :poss (s2.w / we))
                                                   :ARG1 (s2.c / cancel-01
                                                               :ARG1 s2.c2)
                                                   :ARG2 (s2.d / develop-02
                                                               :ARG1 s2.c2)))
                           :manner (s2.m / make-02
                                         :ARG0 s2.p
                                         :ARG1 (s2.s2 / see-01
                                                      :ARG1 s2.p
                                                      :polarity "-"))))
   :snt3 (s3.s / say-01
               :ARG0 (s3.p / person
                           :ARG0-of (s3.i2 / interpret-01))
               :ARG1 (s3.t / try-01
                           :ARG0 (s3.i / i
                                       :same-as s2.p)
                           :ARG1 (s3.a / and
                                       :op1 (s3.e / explore-01
                                                  :ARG0 s3.i
                                                  :ARG1 (s3.r / relation-03
                                                              :ARG0 (s3.c2 / civilization
                                                                           :poss (s3.w / we)
                                                                           :same-as s2.c2)
                                                              :ARG0-of (s3.c / cancel-01
                                                                             :frequency (s3.o / often))
                                                              :ARG1-of (s3.c3 / contradict-01)
                                                              :ARG2 (s3.d / develop-02
                                                                          :ARG1 s3.c2)))
                                       :op2 (s3.q / question-01
                                                  :ARG0 s3.i
                                                  :ARG1 s3.r))
                           :manner (s3.m / make-02
                                         :ARG0 s3.i
                                         :ARG1 (s3.s2 / see-01
                                                      :ARG1 s3.i))))
   :snt4 (s4.s / say-01
               :ARG0 (s4.p / person
                           :name (s4.n / name
                                       :op1 "LB"))
               :ARG1 (s4.w / work-01
                           :ARG0 s4.p
                           :ARG1 (s4.t / this)
                           :ARG1-of (s4.c / create-01
                                          :ARG0 s4.p
                                          :time (s4.d / date-entity
                                                      :month "11"
                                                      :year "2005"))
                           :ord (s4.o / ordinal-entity
                                      :value "1")))
   :snt5 (s5.a / and
               :op2 (s5.c / camp
                          :name (s5.n / name
                                      :op1 "Beijing"
                                      :op2 "International"
                                      :op3 "Art"
                                      :op4 "Camp")
                          :domain (s5.t / this)
                          :location-of (s5.w / work-01
                                             :ARG0 (s5.i / i
                                                         :same-as s2.p)
                                             :time (s5.b / before
                                                         :op1 (s5.d / demolish-01
                                                                    :ARG0 (s5.g2 / government-organization
                                                                                 :ARG0-of (s5.g / govern-01))
                                                                    :ARG1 s5.c
                                                                    :ARG2-of (s5.f / force-01
                                                                                   :ARG0 s5.g2))))))
   :snt6 (s6.u / use-01
               :ARG0 (s6.i / i
                           :same-as s2.p)
               :ARG1 (s6.w / work-01
                           :mod (s6.t / this)
                           :same-as s4.t)
               :ARG2 (s6.e / express-01
                           :ARG0 s6.i
                           :ARG1 (s6.o / object-01
                                       :ARG0 s6.i)))
   :snt7 (s7.w / want-01
               :ARG0 (s7.i / i
                           :same-as s2.p)
               :ARG1 (s7.u / use-01
                           :ARG0 s7.i
                           :ARG1 (s7.w2 / work-01
                                        :mod (s7.t / this)
                                        :same-as s4.t)
                           :ARG2 (s7.l / let-01
                                       :ARG0 s7.i
                                       :ARG1 (s7.a4 / attend-02
                                                    :ARG0 (s7.p / person
                                                                :quant (s7.m / more))
                                                    :ARG1 (s7.a2 / and
                                                                 :op1 (s7.c / condition
                                                                            :mod (s7.l2 / live-01)
                                                                            :poss (s7.a3 / artist))
                                                                 :op2 (s7.c2 / condition
                                                                             :poss (s7.f / free-04
                                                                                         :ARG1 s7.a3
                                                                                         :ARG3 (s7.c3 / creative)))))))
               :mod (s7.a / also))
   :snt8 (s8.h / have-03
               :ARG0 (s8.s / series
                           :mod (s8.t / this))
               :ARG1 (s8.s2 / spirit
                            :ARG0-of (s8.c / compromise-01
                                           :polarity "-")
                            :ARG0-of (s8.p / protest-01)
                            :ARG1-of (s8.r / reflect-01))
               :time (s8.f / from
                           :op1 (s8.b / begin-01))
               :time (s8.m / meantime))
   :snt9 (s9.b / borrow-01
               :purpose (s9.a / and
                              :op1 (s9.p / protect-01
                                         :ARG0 (s9.i / i
                                                     :same-as s2.p)
                                         :ARG1 s9.i
                                         :ARG1-of (s9.h / have-degree-91
                                                        :ARG2 (s9.g / good-02)
                                                        :ARG3 (s9.m3 / more)))
                              :op2 (s9.d / detect-01
                                         :ARG0 s9.i
                                         :ARG1 (s9.e / enemy)
                                         :ARG1-of (s9.r / resemble-01
                                                        :ARG2 (s9.d2 / do-02
                                                                     :ARG0 (s9.s / sniper)))))
               :ARG0 s9.i
               :ARG1 (s9.m2 / method
                            :poss s9.s)
               :time (s9.a2 / apply-02
                            :ARG0 s9.i
                            :ARG1 (s9.m / makeup)))
   :snt10 (s10.a3 / and
                  :op1 (s10.s2 / start-01
                               :ARG0 (s10.i / i
                                            :same-as s2.p)
                               :ARG1 (s10.q / question-01
                                            :ARG0 s10.i
                                            :ARG1 (s10.t / thing
                                                         :ARG0-of (s10.c / cause-01
                                                                         :ARG1 (s10.r2 / resemble-01
                                                                                       :ARG1 (s10.f / fate
                                                                                                    :poss s10.i)
                                                                                       :ARG2 (s10.t2 / this))))))
                  :op2 (s10.r / realize-01
                              :ARG0 s10.i
                              :ARG1 (s10.c4 / contrast-01
                                            :ARG1 (s10.j / just
                                                         :domain s10.i
                                                         :polarity "-")
                                            :ARG2 (s10.h / have-degree-91
                                                         :ARG1 (s10.p / person
                                                                      :mod (s10.a2 / all)
                                                                      :mod (s10.c5 / country
                                                                                   :name (s10.n / name
                                                                                                :op1 "China")))
                                                         :ARG2 (s10.c2 / confuse-01
                                                                       :ARG1 s10.p)
                                                         :ARG3 (s10.e / equal)
                                                         :ARG4 s10.i
                                                         :ARG4 (s10.c3 / confuse-01
                                                                       :ARG1 s10.i))))
                  :time (s10.a / after
                               :op1 (s10.f2 / finish-01
                                            :ARG1 (s10.s / series
                                                         :mod (s10.p2 / protest-01
                                                                      :ARG0 s10.i)
                                                         :same-as s8.s))))
   :snt11 (s11.p2 / possible-01
                  :ARG1 (s11.s / see-01
                               :ARG0 (s11.y / you)
                               :ARG1 (s11.c / concern-02
                                            :ARG0 (s11.w / work-12
                                                         :mod (s11.t / this))
                                            :ARG1 (s11.a2 / and
                                                          :op1 (s11.p / plan-01
                                                                      :ARG1 (s11.f / family))
                                                          :op2 (s11.e / elect-01
                                                                      :ARG1-of (s11.a / accord-02
                                                                                      :ARG2 (s11.a3 / and
                                                                                                    :op1 (s11.l / law)
                                                                                                    :op2 (s11.p3 / propaganda)
                                                                                                    :poss (s11.i / institution
                                                                                                                 :poss (s11.g / government-organization
                                                                                                                              :name (s11.n / name
                                                                                                                                           :op1 "People's"
                                                                                                                                           :op2 "Congress"))))))))))
   :snt12 (s12.c / call-01
                 :ARG1 (s12.w / work-01
                              :mod (s12.t / this))
                 :ARG2 (s12.w2 / work-of-art
                               :name (s12.n / name
                                            :op1 "Xia"
                                            :op2 "Gang")))
   :snt13 (s13.e / euphemize-00
                 :ARG1 (s13.s / string-entity
                              :name (s13.n / name
                                           :op1 "Xia"
                                           :op2 "Gang"))
                 :ARG2 (s13.l / lay-off-02)
                 :mod (s13.c / country
                             :name (s13.n2 / name
                                           :op1 "China")))
   :snt14 (s14.r / refer-01
                 :ARG0 (s14.i / it
                              :same-as s12.n)
                 :ARG1 (s14.p / person
                              :ARG0-of (s14.l / lose-02
                                              :ARG1 (s14.j / job
                                                           :poss s14.p)
                                              :time (s14.t2 / transition-01
                                                            :ARG1 (s14.c / country
                                                                         :name (s14.n / name
                                                                                      :op1 "China"))
                                                            :ARG2 (s14.e / economy
                                                                         :ARG1-of (s14.p2 / plan-01))
                                                            :ARG3 (s14.e2 / economy
                                                                          :mod (s14.m / market))))
                              :mod (s14.t / that)))
   :snt15 (s15.l / lose-02
                 :ARG0 (s15.p / person
                              :quant "21")
                 :ARG1 (s15.j / job
                              :poss s15.p)
                 :location (s15.c / country
                                  :name (s15.n / name
                                               :op1 "China")
                                  :same-as s14.c)
                 :time (s15.d3 / date-interval
                               :op1 (s15.d / date-entity
                                           :year "1998")
                               :op2 (s15.d2 / date-entity
                                            :year "2000")))
   :snt16 (s16.w / work-01
                 :ARG0 (s16.p / person
                              :topic-of (s16.p2 / photo)
                              :quant "6")
                 :ARG2 (s16.c / company
                              :name (s16.n / name
                                           :op1 "Xia"
                                           :op2 "Gang")))
   :snt17 (s17.m / make-02
                 :ARG0 (s17.i / i
                              :same-as s2.p)
                 :ARG1 (s17.s / see-01
                              :ARG0 s17.i
                              :ARG1 (s17.t / they
                                           :same-as s16.p)
                              :location (s17.s2 / shop
                                                :ARG1-of (s17.d / desert-01)
                                                :location-of (s17.l2 / live-01
                                                                     :ARG0 s17.t)
                                                :location-of (s17.w / work-01
                                                                    :ARG0 s17.t
                                                                    :duration (s17.l / life
                                                                                     :mod (s17.a / all)
                                                                                     :poss s17.t)))
                              :polarity "-"))
   :snt18 (s18.b / be-located-at-91
                 :ARG1 (s18.s / slogan
                              :consist-of (s18.f / force
                                                 :ARG0-of (s18.l / lead-02
                                                                 :ARG1 (s18.c / cause
                                                                              :poss (s18.w2 / we))
                                                                 :direction (s18.f2 / forward))
                                                 :domain (s18.p / political-party
                                                                :name (s18.n2 / name
                                                                              :op1 "Chinese"
                                                                              :op2 "Communist"
                                                                              :op3 "Party"))
                                                 :mod (s18.c2 / core))
                              :poss (s18.e / event
                                           :name (s18.n / name
                                                        :op1 "Cultural"
                                                        :op2 "Revolution")))
                 :ARG2 (s18.w / wall
                              :location (s18.b2 / behind
                                                :op1 (s18.t / they
                                                            :same-as s16.p))))
   :snt19 (s19.l / look-01
                 :ARG0 (s19.i / i
                              :same-as s2.p)
                 :ARG1 (s19.p / participate-01
                              :ARG0 (s19.p2 / person
                                            :mod (s19.t2 / this)
                                            :quant "6"
                                            :same-as s16.p)
                              :ARG1 (s19.w / work-01
                                           :ARG0 s19.i
                                           :same-as s12.w))
                 :duration (s19.t / temporal-quantity
                                  :unit (s19.m / month)
                                  :quant "0.5"))
   :snt20 (s20.c / contrast-01
                 :ARG1 (s20.p4 / possible-01
                               :ARG1 (s20.s / see-01
                                            :ARG0 (s20.w / we)
                                            :ARG1 (s20.m / man
                                                         :quant "6"
                                                         :same-as s16.p)
                                            :location (s20.p3 / picture
                                                              :mod (s20.t / this))
                                            :mod (s20.o / only)))
                 :ARG2 (s20.p2 / person
                               :ARG1-of (s20.l / lay-off-02)
                               :domain (s20.p / person
                                              :ARG1-of (s20.h / hide-01
                                                              :location s20.p3)
                                              :mod (s20.a / all))
                               :mod (s20.i / in-fact)))
   :snt21 (s21.m / make-02
                 :ARG1 (s21.s / see-01
                              :ARG1 (s21.t / they
                                           :same-as s20.h)
                              :polarity "-")
                 :mod (s21.j / just))
   :snt22 (s22.c / call-01
                 :ARG1 (s22.p / piece
                              :mod (s22.t / this)
                              :same-as s12.w)
                 :ARG2 (s22.f / facility
                              :name (s22.n / name
                                           :op1 "The"
                                           :op2 "Studio")))
   :snt23 (s23.h / happen-02
                 :ARG1 (s23.h2 / have-03
                               :ARG0 (s23.i / i
                                            :same-as s2.p)
                               :ARG1 (s23.o / opportunity
                                            :mod (s23.s / shoot-02
                                                        :ARG0 s23.i
                                                        :ARG1 (s23.w / work-01)
                                                        :location (s23.s4 / studio
                                                                          :mod (s23.n3 / news)
                                                                          :poss (s23.c2 / country
                                                                                        :name (s23.n2 / name
                                                                                                      :op1 "France"
                                                                                                      :op2 "3")))))
                               :time (s23.d / date-entity
                                            :season (s23.s3 / spring
                                                            :mod (s23.t / this)))
                               :time (s23.e / exhibit-01
                                            :ARG0 s23.i
                                            :location (s23.c / city
                                                             :name (s23.n / name
                                                                          :op1 "Paris"))
                                            :mod (s23.s2 / solo))))
   :snt24 (s24.p2 / pick-01
                  :ARG0 (s24.i / i
                               :same-as s2.p)
                  :ARG1 (s24.p / photo
                               :mod (s24.n / news)
                               :time (s24.d / day)))
   :snt25 (s25.a / and
                 :op1 (s25.c / concern-02
                             :ARG0 (s25.o / one)
                             :ARG1 (s25.w / war
                                          :location (s25.w2 / world-region
                                                            :name (s25.n / name
                                                                         :op1 "Middle"
                                                                         :op2 "East"))))
                 :op2 (s25.c2 / concern-02
                              :ARG0 (s25.o2 / one
                                            :mod (s25.a2 / another))
                              :ARG1 (s25.d / demonstrate-01
                                           :ARG1-of (s25.p / public-02)
                                           :location (s25.c3 / country
                                                             :name (s25.n2 / name
                                                                           :op1 "France")))))
   :snt26 (s26.f / find-01
                 :ARG0 (s26.i / i
                              :same-as s2.p)
                 :ARG1 (s26.c / contradict-01
                              :ARG0 (s26.c2 / culture
                                            :mod (s26.a / any))
                              :ARG1-of (s26.r / reconcile-01
                                              :ARG1-of (s26.p / possible-01
                                                              :polarity "-"))))
   :snt27 (s27.e / effort-01
                 :ARG0 (s27.i / i
                              :same-as s2.p)
                 :ARG1 (s27.t / this
                              :same-as s23.w)
                 :ARG2 (s27.a / artist
                              :name (s27.n2 / name
                                            :op1 "JR")
                              :mod (s27.c / country
                                          :name (s27.n / name
                                                       :op1 "France")))
                 :manner (s27.j / joint))
   :snt28 (s28.s / say-01
                 :ARG0 (s28.p / person
                              :ARG0-of (s28.i2 / interpret-01))
                 :ARG1 (s28.e / effort-01
                              :ARG0 (s28.i / i
                                           :same-as s2.p)
                              :ARG1 (s28.t / this
                                           :same-as s23.w)
                              :ARG2 (s28.a / artist
                                           :name (s28.n2 / name
                                                         :op1 "JR")
                                           :mod (s28.c / country
                                                       :name (s28.n / name
                                                                    :op1 "France"))
                                           :same-as s27.a)
                              :manner (s28.j / joint)))
   :snt29 (s29.s / say-01
                 :ARG0 (s29.p / person
                              :name (s29.n / name
                                           :op1 "LB"))
                 :ARG1 (s29.c / contrast-01
                              :ARG1 (s29.t / try-01
                                           :ARG0 s29.p
                                           :ARG1 (s29.d / disappear-01
                                                        :ARG1 s29.p
                                                        :destination (s29.e / eye
                                                                            :part-of (s29.p2 / person
                                                                                             :name (s29.n2 / name
                                                                                                           :op1 "JR")
                                                                                             :same-as s27.a))))
                              :ARG2 (s29.p3 / problem
                                            :domain (s29.u / use-01
                                                           :ARG0 s29.p2
                                                           :ARG1 (s29.m / model
                                                                        :ARG0-of (s29.h / have-03
                                                                                        :ARG1 (s29.e2 / eye
                                                                                                      :mod (s29.b / big))))
                                                           :mod (s29.o / only)))))
   :snt30 (s30.c / cause-01
                 :ARG1 (s30.t / try-01
                              :ARG0 (s30.i / i
                                           :part (s30.e / eye)
                                           :part (s30.f / finger)
                                           :same-as s2.p)
                              :ARG1 (s30.m / make-02
                                           :ARG0 s30.i
                                           :ARG1 (s30.h / have-degree-91
                                                        :ARG1 s30.e
                                                        :ARG2 (s30.b / big)
                                                        :ARG3 (s30.m2 / more))
                                           :instrument s30.f)))
   :snt31 (s31.c / contrast-01
                 :ARG2 (s31.h / have-degree-91
                              :ARG1 (s31.t / they
                                           :same-as s30.e)
                              :ARG2 (s31.b / big)
                              :ARG2-of (s31.f / fortunate-01
                                              :polarity "-")
                              :ARG3 (s31.e / enough)
                              :ARG6 (s31.p / person
                                           :name (s31.n / name
                                                        :op1 "JR")
                                           :same-as s27.a)
                              :polarity "-")
                 :mod (s31.s / still))
   :snt32 (s32.s / say-01
                 :ARG0 (s32.p / person
                              :ARG0-of (s32.i2 / interpret-01))
                 :ARG1 (s32.c2 / contrast-01
                               :ARG1 (s32.c / cause-01
                                            :ARG1 (s32.t / try-01
                                                         :ARG0 (s32.i / i
                                                                      :same-as s2.p)
                                                         :ARG1 (s32.d / disappear-01
                                                                      :ARG1 s32.i
                                                                      :destination (s32.e / eye
                                                                                          :part-of (s32.p2 / person
                                                                                                           :name (s32.n / name
                                                                                                                        :op1 "JR")
                                                                                                           :same-as s27.a
                                                                                                           :same-as s29.p2)))))
                               :ARG2 (s32.p3 / problem
                                             :topic (s32.u / use-01
                                                           :ARG0 s32.p2
                                                           :ARG1 (s32.m / model
                                                                        :ARG0-of (s32.h / have-03
                                                                                        :ARG1 (s32.e2 / eye
                                                                                                      :mod (s32.b / big)))
                                                                        :mod (s32.o / only))))))
   :snt33 (s33.c / cause-01
                 :ARG1 (s33.t2 / try-01
                               :ARG0 (s33.i / i
                                            :part (s33.e / eye
                                                         :same-as s30.e)
                                            :same-as s2.p)
                               :ARG1 (s33.m / make-02
                                            :ARG0 s33.i
                                            :ARG1 (s33.h / have-degree-91
                                                         :ARG1 s33.e
                                                         :ARG2 (s33.b / big)
                                                         :ARG3 (s33.m2 / more))
                                            :manner (s33.g / gesture-01
                                                           :ARG0 s33.i
                                                           :mod (s33.t / this)))))
   :snt34 (s34.c / contrast-01
                 :ARG2 (s34.a / and
                              :op1 (s34.w / work-09
                                          :ARG1 (s34.i2 / it
                                                        :same-as s33.t2)
                                          :polarity "-")
                              :op2 (s34.s / small
                                          :domain (s34.e / eye
                                                         :part-of (s34.i / i
                                                                         :same-as s2.p)
                                                         :same-as s30.e)
                                          :mod (s34.s2 / still))))
   :snt35 (s35.s / say-01
                 :ARG0 (s35.p / person
                              :name (s35.n / name
                                           :op1 "LB"))
                 :ARG1 (s35.o / one
                              :mod (s35.t / this)
                              :topic (s35.m / memory
                                            :topic (s35.i / incident
                                                          :name (s35.n2 / name
                                                                        :op1 "9/11")))))
   :snt36 (s36.m / moor-01
                 :ARG1 (s36.c / carrier
                              :domain (s36.t / this)
                              :mod (s36.a / aircraft))
                 :ARG2 (s36.a2 / alongside
                               :op1 (s36.r / river
                                           :name (s36.n / name
                                                        :op1 "Hudson"
                                                        :op2 "River"))))
   :snt37 (s37.g / graffiti-01
                 :ARG0 (s37.p / person
                              :name (s37.n / name
                                           :op1 "Kenny"
                                           :op2 "Scharf")))
   :snt38 (s38.c / city
                 :name (s38.n / name
                              :op1 "Venice")
                 :domain (s38.t / this)
                 :location (s38.c2 / country
                                   :name (s38.n2 / name
                                                 :op1 "Italy")))
   :snt39 (s39.c / cause-01
                 :ARG0 (s39.a2 / and
                               :op1 (s39.r / rise-01
                                           :ARG1 (s39.t / temperature
                                                        :mod (s39.g / globe)))
                               :op2 (s39.r2 / rise-01
                                            :ARG1 (s39.l / level
                                                         :mod (s39.s2 / sea)))
                               :op3 (s39.s / say-01
                                           :ARG1 (s39.d2 / disappear-01
                                                         :ARG1 (s39.i / island
                                                                      :name (s39.n / name
                                                                                   :op1 "thatVenice"))
                                                         :time (s39.a / after
                                                                      :quant (s39.m / multiple
                                                                                    :op1 (s39.t2 / temporal-quantity
                                                                                                 :unit (s39.d / decade)
                                                                                                 :quant "1"))
                                                                      :op1 (s39.n2 / now))))))
   :snt40 (s40.c / city
                 :name (s40.n / name
                              :op1 "Pompeii")
                 :domain (s40.t / this)
                 :mod (s40.a / ancient))
   :snt41 (s41.s / say-01
                 :ARG0 (s41.p / person
                              :ARG0-of (s41.i / interpret-01))
                 :ARG1 (s41.c / city
                              :name (s41.n / name
                                           :op1 "Pompeii"
                                           :same-as s40.n)
                              :domain (s41.t / this
                                             :same-as s40.t)
                              :mod (s41.a / ancient)))
   :snt42 (s42.s / say-01
                 :ARG0 (s42.p / person
                              :name (s42.n / name
                                           :op1 "LB"))
                 :ARG1 (s42.f / facility
                              :name (s42.n2 / name
                                            :op1 "Borghese"
                                            :op2 "Gallery")
                              :domain (s42.t / this)
                              :location (s42.c / city
                                               :name (s42.n3 / name
                                                             :op1 "Rome"))))
   :snt43 (s43.a / attend-02
                 :ARG0 (s43.i / i
                              :same-as s2.p)
                 :ARG1 (s43.e / express-01
                              :ARG0 s43.i
                              :ARG1 (s43.i2 / idea))
                 :mod (s43.m / more)
                 :time (s43.w / work-01
                              :ARG0 s43.i
                              :ARG1 (s43.p / piece
                                           :ARG1-of (s43.n / new-01))))
   :snt44 (s44.e / exemplify-01
                 :ARG0 (s44.m / make-02
                              :ARG0 (s44.i / i
                                           :same-as s2.p)
                              :ARG1 (s44.p / possible-01
                                           :ARG1 (s44.s / see-01
                                                        :ARG1 s44.i)
                                           :polarity "-")
                              :ARG1-of (s44.c / cause-01
                                              :ARG0 (s44.a / amr-unknown))))
   :snt45 (s45.c / cause-01
                 :ARG0 (s45.m / make-02
                              :ARG1 (s45.s / see-01
                                           :ARG1 (s45.i / i
                                                        :same-as s2.p)
                                           :location (s45.h / here)
                                           :polarity "-"))
                 :ARG1 (s45.t / think-01
                              :ARG0 (s45.p / person))
                 :manner (s45.a / amr-unknown))
   :snt46 (s46.c / call-01
                 :ARG1 (s46.o / one
                              :mod (s46.t / this))
                 :ARG2 (s46.p / product
                              :name (s46.n / name
                                           :op1 "Instant"
                                           :op2 "Noodles")))
   :snt47 (s47.s / say-01
                 :ARG0 (s47.p / person
                              :ARG0-of (s47.i / interpret-01))
                 :ARG1 (s47.c / call-01
                              :ARG1 (s47.o / one
                                           :mod (s47.t / this)
                                           :same-as s46.o)
                              :ARG2 (s47.n / name
                                           :op1 "Instant"
                                           :op2 "Noodles")))
   :snt48 (s48.f2 / find-01
                  :ARG0 (s48.p3 / publication)
                  :ARG1 (s48.p2 / phosphorus
                                :ARG0-of (s48.h / harmful-02))
                  :location (s48.c2 / cup
                                    :ARG2-of (s48.p / package-01
                                                    :ARG1 (s48.n2 / noodle))
                                    :mod (s48.i / instant)
                                    :source (s48.b / brand
                                                   :ARG1-of (s48.f / fame-01)
                                                   :ARG1-of (s48.s / sell-01
                                                                   :location (s48.s3 / supermarket
                                                                                     :poss (s48.c / country
                                                                                                  :name (s48.n / name
                                                                                                               :op1 "China")
                                                                                                  :same-as s14.c)))
                                                   :mod (s48.e / every)))
                  :rel (s48.a / LB)
                  :time (s48.s2 / since
                                :op1 (s48.d / date-entity
                                            :month "8"
                                            :year "2012")))
   :snt49 (s49.p2 / possible-01
                  :ARG1 (s49.c / cause-01
                               :ARG0 (s49.p / phosphorylate-01
                                            :mod (s49.t / this)
                                            :same-as s48.p2)
                               :ARG1 (s49.d / disease
                                            :name (s49.n / name
                                                         :op1 "cancer"))
                               :mod (s49.e / even)))
   :snt50 (s50.a / and
                 :purpose (s50.c / create-01
                                 :ARG0 (s50.i / i
                                              :same-as s2.p)
                                 :ARG1 (s50.a2 / artwork
                                               :mod (s50.t / this)
                                               :same-as s23.w))
                 :op1 (s50.b / buy-01
                             :ARG0 s50.i
                             :ARG1 (s50.c2 / cup
                                           :quant (s50.l2 / lot)
                                           :ARG1-of (s50.p / package-01)
                                           :mod (s50.n / noodle)
                                           :mod (s50.i2 / instant)))
                 :op2 (s50.p2 / put-01
                              :ARG0 s50.i
                              :ARG1 s50.c2
                              :ARG2 (s50.s / studio
                                           :poss s50.i)
                              :manner (s50.m / make-02
                                             :ARG0 s50.i
                                             :ARG1 (s50.l / look-02
                                                          :ARG0 s50.s
                                                          :ARG1 (s50.s2 / supermarket)))))
   :snt51 (s51.a / and
                 :op2 (s51.t / task-01
                             :ARG1 (s51.s3 / stand-01
                                           :ARG1 (s51.i / i
                                                        :ARG0-of (s51.t3 / try-01
                                                                         :ARG1 (s51.s4 / still
                                                                                       :domain s51.i))
                                                        :ARG0-of (s51.s / set-up-03
                                                                        :ARG1 (s51.p2 / position-01
                                                                                      :ARG1 (s51.c / camera)))
                                                        :ARG0-of (s51.c3 / coordinate-01
                                                                         :ARG1 (s51.p / person
                                                                                      :ARG0-of (s51.a3 / assist-01
                                                                                                       :ARG1 s51.i)))
                                                        :ARG0-of (s51.d / draw-01
                                                                        :ARG1 (s51.a2 / and
                                                                                      :location (s51.b / behind
                                                                                                       :op1 (s51.b2 / body
                                                                                                                    :poss s51.i))
                                                                                      :op1 (s51.c2 / color)
                                                                                      :op2 (s51.s2 / shape-01))
                                                                        :location (s51.f / front
                                                                                         :op1 s51.b2))
                                                        :same-as s2.p)
                                           :ARG2 (s51.t2 / there))
                             :ARG2 s51.i))
   :snt52 (s52.o / obligate-01
                 :ARG1 (s52.i / i
                              :same-as s2.p)
                 :ARG2 (s52.s2 / stand-01
                               :ARG1 s52.i
                               :duration (s52.b2 / between
                                                 :op1 (s52.t / temporal-quantity
                                                             :unit (s52.h / hour)
                                                             :quant "3")
                                                 :op2 (s52.t2 / temporal-quantity
                                                              :unit (s52.h2 / hour)
                                                              :quant "4")))
                 :condition (s52.s / simple-02
                                   :ARG1 (s52.b / background))
                 :mod (s52.u / usual))
   :snt53 (s53.c / cause-01
                 :ARG0 (s53.h / have-degree-91
                              :ARG1 (s53.b / background
                                           :poss (s53.p / piece
                                                        :mod (s53.t3 / this)
                                                        :same-as s23.w)
                                           :same-as s52.b)
                              :ARG2 (s53.c2 / complex)
                              :ARG3 (s53.m / more))
                 :ARG1 (s53.n / need-01
                              :purpose (s53.p2 / prepare-02
                                               :ARG1 (s53.i / i
                                                            :same-as s2.p))
                              :ARG0 s53.i
                              :time (s53.i2 / in-advance-04
                                            :ARG1 (s53.b2 / between
                                                          :op1 (s53.t / temporal-quantity
                                                                      :unit (s53.d / day)
                                                                      :quant "3")
                                                          :op2 (s53.t2 / temporal-quantity
                                                                       :unit (s53.d2 / day)
                                                                       :quant "4")))))
   :snt54 (s54.w / wear-01
                 :ARG0 (s54.i / i
                              :same-as s2.p)
                 :ARG1 (s54.s2 / suit
                               :mod (s54.t / this))
                 :time (s54.s / shoot-03
                              :ARG0 s54.i
                              :location (s54.s3 / supermarket)))
   :snt55 (s55.i / involve-01
                 :ARG1 (s55.p / product
                              :name (s55.n / name
                                           :op1 "Photoshop"))
                 :polarity "-")
   :snt56 (s56.s / say-01
                 :ARG0 (s56.p / person
                              :ARG0-of (s56.i2 / interpret-01))
                 :ARG1 (s56.s3 / suit
                               :ARG1-of (s56.w / wear-01
                                               :ARG0 (s56.i / i
                                                            :same-as s2.p)
                                               :time (s56.s2 / shoot-03
                                                             :ARG0 s56.i
                                                             :location (s56.s4 / supermarket)
                                                             :same-as s54.s))
                               :mod (s56.t / this
                                           :same-as s54.t)))
   :snt57 (s57.i / involve-01
                 :ARG1 (s57.p / product
                              :name (s57.n / name
                                           :op1 "Photoshop"))
                 :polarity "-")
   :snt58 (s58.s / say-01
                 :ARG0 (s58.p / person
                              :name (s58.n / name
                                           :op1 "LB")
                              :same-as s4.p)
                 :ARG1 (s58.c / concern-02
                              :ARG0 (s58.w / work-12
                                           :mod (s58.t / this))
                              :ARG1 (s58.m / memory
                                           :mod (s58.c3 / culture)
                                           :poss (s58.c2 / country
                                                         :name (s58.n2 / name
                                                                       :op1 "China")
                                                         :same-as s14.c))))
   :snt59 (s59.a / and
                 :op2 (s59.t / this
                             :mod (s59.o / one
                                         :same-as s46.o)
                             :topic (s59.s / safe-01
                                           :ARG1 (s59.f / food)
                                           :location (s59.c / country
                                                            :name (s59.n / name
                                                                         :op1 "China")
                                                            :same-as s14.c))
                             :same-as s46.o))
   :snt60 (s60.a / and
                 :op1 (s60.p2 / possible-01
                              :ARG1 (s60.h / harm-01
                                           :ARG0 (s60.f / food
                                                        :ARG1-of (s60.s / safe-01
                                                                        :polarity "-"))
                                           :ARG1 (s60.h2 / health
                                                         :poss (s60.p / person))))
                 :op2 (s60.p3 / possible-01
                              :ARG1 (s60.c / confuse-01
                                           :ARG0 (s60.d / deluge-01
                                                        :ARG1 (s60.m / magazine))
                                           :ARG1 (s60.m2 / mind
                                                         :poss s60.p))))
   :snt61 (s61.s2 / show-01
                  :ARG0 (s61.p / piece
                               :ARG1-of (s61.w / work-01)
                               :mod (s61.n / next))
                  :ARG1 (s61.t / thing
                               :manner-of (s61.m3 / make-02
                                                  :ARG0 (s61.i / i
                                                               :same-as s2.p)
                                                  :ARG1 (s61.s / see-01
                                                               :ARG1 s61.i
                                                               :location (s61.a / and
                                                                                :op1 (s61.m / magazine
                                                                                            :mod (s61.l / language
                                                                                                        :ARG1-of (s61.d / differ-02)))
                                                                                :op2 (s61.m2 / magazine
                                                                                             :location (s61.c / country
                                                                                                              :ARG1-of (s61.d2 / differ-02))
                                                                                             :time (s61.t2 / time
                                                                                                           :ARG1-of (s61.d3 / differ-02))))))))
   :snt62 (s62.t / think-01
                 :ARG0 (s62.i / i
                              :same-as s2.p)
                 :ARG1 (s62.e / element
                              :ARG1-of (s62.h / have-degree-91
                                              :ARG2 (s62.i2 / important-01
                                                            :ARG1 s62.e)
                                              :ARG3 (s62.m / most))
                              :domain (s62.a3 / attitude
                                              :poss (s62.a2 / artist))
                              :topic (s62.a / art)))
   :snt63 (s63.o / obligate-01
                 :ARG2 (s63.r / result-01
                              :ARG1 (s63.a2 / and
                                            :mod (s63.a / also)
                                            :op1 (s63.t / technique
                                                        :mod (s63.o2 / only
                                                                     :polarity "-"))
                                            :op2 (s63.a3 / and
                                                         :op1 (s63.t2 / think-01
                                                                      :ARG0 (s63.a4 / artist))
                                                         :op2 (s63.s2 / struggle-02
                                                                      :ARG0 s63.a4
                                                                      :ARG1 (s63.l / live-01
                                                                                   :ARG0 s63.a4))))
                              :ARG2 (s63.t3 / touch-01
                                            :ARG0 (s63.a5 / artwork)
                                            :ARG1 (s63.s / someone)
                                            :condition-of s63.o)))
   :snt64 (s64.a / and
                 :op2 (s64.c / create-01
                             :ARG0 (s64.s / struggle-02
                                          :ARG0 (s64.l / life)
                                          :ARG1-of (s64.r2 / repeat-01))
                             :ARG1 (s64.a2 / artwork)
                             :ARG1-of (s64.r / regardless-91
                                             :ARG2 (s64.f / form))))
   :snt65 (s65.b / be-it-08
                 :ARG1 (s65.t / that
                              :ARG1-of (s65.s / say-01
                                              :ARG0 (s65.i / i
                                                           :same-as s2.p)
                                              :ARG1-of (s65.w / want-01
                                                              :ARG0 s65.i))))
   :snt66 (s66.t / thank-01
                 :ARG1 (s66.y / you)))

