# ::id doc-44
# ::doc_file doc-44
# ::tok http : / / www . ted . com / talks / harish_manwani_profit_s_not_always_the_point< / url> <next_sent> The entire model of capitalism and the economic model that you and I did business in , and , in fact , continue to do business in , was built around what probably Milton Friedman put more succinctly . <next_sent> And Adam Smith , of course , the father of modern economics actually said many , many years ago , the invisible hand , which is , " If you continue to operate in your own self - interest you will do the best good for society . " <next_sent> Now , capitalism has done a lot of good things and I 've talked about a lot of good things that have happened , but equally , it has not been able to meet up with some of the challenges that we 've seen in society . <next_sent> The model that at least I was brought up in and a lot of us doing business were brought up in was one which talked about what I call the three G 's of growth : growth that is consistent , quarter on quarter ; growth that is competitive , better than the other person ; and growth that is profitable , so you continue to make more and more shareholder value . <next_sent> And I 'm afraid this is not going to be good enough and we have to move from this 3G model to a model of what I call the fourth G : the G of growth that is responsible . <next_sent> And it is this that has to become a very important part of creating value . <next_sent> Of not just creating economic value but creating social value . <next_sent> And companies that will thrive are those that will actually embrace the fourth G. <next_sent> And the model of 4G is quite simple : Companies cannot afford to be just innocent bystanders in what 's happening around in society . <next_sent> They have to begin to play their role in terms of serving the communities which actually sustain them . <next_sent> And we have to move to a model of an and / and model which is how do we make money and do good ? <next_sent> How do we make sure that we have a great business but we also have a great environment around us ? <next_sent> And that model is all about doing well and doing good . <next_sent> But the question is easier said than done . <next_sent> But how do we actually get that done ? <next_sent> And I do believe that the answer to that is going to be leadership . <next_sent> It is going to be to redefine the new business models which understand that the only license to operate is to combine these things . <next_sent> And for that you need businesses that can actually define their role in society in terms of a much larger purpose than the products and brands that they sell . <next_sent> And companies that actually define a true north , things that are nonnegotiable whether times are good , bad , ugly -- does n't matter . <next_sent> There are things that you stand for . <next_sent> Values and purpose are going to be the two drivers of software that are going to create the companies of tomorrow . <next_sent> And I 'm going to now shift to talking a little bit about my own experiences . <next_sent> I joined Unilever in 1976 as a management trainee in India . <next_sent> And on my first day of work I walked in and my boss tells me , " Do you know why you 're here ? " <next_sent> I said , " I 'm here to sell a lot of soap . " <next_sent> And he said , " No , you 're here to change lives . " <next_sent> You 're here to change lives . <next_sent> You know , I thought it was rather facetious . <next_sent> We are a company that sells soap and soup . <next_sent> What are we doing about changing lives ? <next_sent> And it 's then I realized that simple acts like selling a bar of soap can save more lives than pharmaceutical companies . <next_sent> I do n't know how many of you know that five million children do n't reach the age of five because of simple infections that can be prevented by an act of washing their hands with soap . <next_sent> We run the largest hand - washing program in the world . <next_sent> We are running a program on hygiene and health that now touches half a billion people . <next_sent> It 's not about selling soap , there is a larger purpose out there . <next_sent> And brands indeed can be at the forefront of social change . <next_sent> And the reason for that is , when two billion people use your brands that 's the amplifier . <next_sent> Small actions can make a big difference . <next_sent> Take another example , I was walking around in one of our villages in India . <next_sent> Now those of you who have done this will realize that this is no walk in the park . <next_sent> And we had this lady who was one of our small distributors -- beautiful , very , very modest , her home -- and she was out there , dressed nicely , her husband in the back , her mother - in - law behind and her sister - in - law behind her . <next_sent> The social order was changing because this lady is part of our Project Shakti that is actually teaching women how to do small business and how to carry the message of nutrition and hygiene . <next_sent> We have 60,000 such women now in India . <next_sent> It 's not about selling soap , it 's about making sure that in the process of doing so you can change people 's lives . <next_sent> Small actions , big difference . <next_sent> Our R&amp ; D folks are not only working to give us some fantastic detergents , but they 're working to make sure we use less water . <next_sent> A product that we 've just launched recently , One Rinse product that allows you to save water every time you wash your clothes . <next_sent> And if we can convert all our users to using this , that 's 500 billion liters of water . <next_sent> By the way , that 's equivalent to one month of water for a whole huge continent . <next_sent> So just think about it . <next_sent> There are small actions that can make a big difference . <next_sent> And I can go on and on . <next_sent> Our food chain , our brilliant products -- and I 'm sorry I 'm giving you a word from the sponsors -- Knorr , Hellman 's and all those wonderful products . <next_sent> We are committed to making sure that all our agricultural raw materials are sourced from sustainable sources , 100 - percent sustainable sources . <next_sent> We were the first to say we are going to buy all of our palm oil from sustainable sources . <next_sent> I do n't know how many of you know that palm oil , and not buying it from sustainable sources , can create deforestation that is responsible for 20 percent of the greenhouse gasses in the world . <next_sent> We were the first to embrace that , and it 's all because we market soap and soup . <next_sent> And the point I 'm making here is that companies like yours , companies like mine have to define a purpose which embraces responsibility and understands that we have to play our part in the communities in which we operate . <next_sent> We introduced something called The Unilever Sustainable Living Plan , which said , " Our purpose is to make sustainable living commonplace , and we are gong to change the lives of one billion people over 2020 . " <next_sent> Now the question here is , where do we go from here ? <next_sent> And the answer to that is very simple : We 're not going to change the world alone . <next_sent> There are plenty of you and plenty of us who understand this . <next_sent> The question is , we need partnerships , we need coalitions and importantly , we need that leadership that will allow us to take this from here and to be the change that we want to see around us . <next_sent> Thank you very much .
(d / document
   :snt1 (s1.u / url-entity
               :topic (s1.t / talk-01))
   :snt2 (s2.b / build-01
               :ARG1 (s2.a / and
                           :op1 (s2.m2 / model-01
                                       :ARG1 (s2.c / capitalism)
                                       :mod (s2.e2 / entire))
                           :op2 (s2.m / model
                                      :ARG2-of (s2.d / do-02
                                                     :ARG0 (s2.a2 / and
                                                                  :op1 (s2.y / you)
                                                                  :op2 (s2.i / i))
                                                     :ARG1 (s2.b2 / business
                                                                  :ARG2-of (s2.d2 / do-02
                                                                                  :ARG0 s2.a2
                                                                                  :ARG1 (s2.b3 / business)
                                                                                  :ARG1-of (s2.c2 / continue-01
                                                                                                  :ARG0 s2.a2
                                                                                                  :mod (s2.i2 / in-fact)))))
                                      :mod (s2.e / economy)))
               :location (s2.a3 / around
                                :op1 (s2.t / thing
                                           :ARG1-of (s2.p3 / put-02
                                                           :ARG0 (s2.p / person
                                                                       :name (s2.n / name
                                                                                   :op1 "Milton"
                                                                                   :op2 "Friedman")
                                                                       :mod (s2.p2 / probable))
                                                           :manner (s2.s / succinct
                                                                         :ARG2-of (s2.h / have-degree-91
                                                                                        :ARG1 s2.p3
                                                                                        :ARG3 (s2.m3 / more)))))))
   :snt3 (s3.a2 / and
                :op2 (s3.s / say-01
                           :ARG0 (s3.p / person
                                       :name (s3.n / name
                                                   :op1 "Adam"
                                                   :op2 "Smith"
                                                   :same-as s2.n)
                                       :ARG0-of (s3.h3 / have-rel-role-91
                                                       :ARG1 (s3.e / economics
                                                                   :ARG1-of (s3.m2 / modern-02))
                                                       :ARG2 (s3.f / father)
                                                       :same-as s2.n))
                           :ARG1 (s3.h / hand
                                       :ARG1-of (s3.s2 / see-01
                                                       :ARG1-of (s3.p2 / possible-01
                                                                       :polarity "-")))
                           :ARG1-of (s3.a / actual-02)
                           :domain (s3.d / do-02
                                         :ARG0 (s3.y2 / you)
                                         :ARG1 (s3.g2 / good-04
                                                      :ARG1-of (s3.g / good-02
                                                                     :ARG2-of (s3.h2 / have-degree-91
                                                                                     :ARG1 s3.g2
                                                                                     :ARG3 (s3.m3 / most))))
                                         :ARG2 (s3.s3 / society)
                                         :condition (s3.c / continue-01
                                                          :ARG0 s3.y2
                                                          :ARG1 (s3.o2 / operate-01
                                                                       :ARG0 s3.y2
                                                                       :manner (s3.i / interest-01
                                                                                     :ARG1 s3.y2))))
                           :mod (s3.o / of-course)
                           :time (s3.b / before
                                       :quant (s3.m / many
                                                    :op1 (s3.t / temporal-quantity
                                                               :unit (s3.y / year)
                                                               :quant "1"))
                                       :op1 (s3.n2 / now))))
   :snt4 (s4.c4 / contrast-01
                :ARG1 (s4.a / and
                            :op1 (s4.d / do-02
                                       :ARG0 (s4.c / capitalism)
                                       :ARG1 (s4.t2 / thing
                                                    :quant (s4.l / lot)
                                                    :ARG1-of (s4.g / good-02)))
                            :op2 (s4.t / talk-01
                                       :ARG0 (s4.i / i
                                                   :same-as s2.i)
                                       :ARG1 (s4.t3 / thing
                                                    :quant (s4.l2 / lot)
                                                    :ARG1-of (s4.g2 / good-02))))
                :ARG2 (s4.p / possible-01
                            :ARG1 (s4.m / meet-up-04
                                        :ARG0 s4.c
                                        :ARG1 (s4.c2 / challenge-01
                                                     :quant (s4.s3 / some)
                                                     :ARG1-of (s4.i2 / include-91
                                                                     :ARG2 (s4.c3 / challenge-01
                                                                                  :ARG1-of (s4.s / see-01
                                                                                                 :ARG0 (s4.w / we)
                                                                                                 :location (s4.s2 / society))))))
                            :mod (s4.e / equal)
                            :polarity "-")
                :time (s4.n / now))
   :snt5 (s5.o / one
               :ARG0-of (s5.t / talk-01
                              :ARG1 (s5.t2 / thing
                                           :ARG1-of (s5.c / call-01
                                                          :purpose (s5.c4 / continue-01
                                                                          :ARG0 (s5.y2 / you)
                                                                          :ARG1 (s5.m / make-01
                                                                                      :ARG0 s5.y2
                                                                                      :ARG1 (s5.v / value-01
                                                                                                  :quant (s5.n / number
                                                                                                               :ARG1-of (s5.i2 / increase-01))
                                                                                                  :ARG1 (s5.p2 / person
                                                                                                               :ARG0-of (s5.h2 / hold-01
                                                                                                                               :ARG1 (s5.s / share))))))
                                                          :ARG0 (s5.i / i
                                                                      :same-as s2.i)
                                                          :ARG2 (s5.s2 / string-entity
                                                                       :example (s5.a2 / and
                                                                                       :op1 (s5.g3 / grow-01
                                                                                                   :ARG1-of (s5.c3 / consistent-02)
                                                                                                   :mod (s5.y / year-on-year
                                                                                                              :prep-on (s5.q / quarter)))
                                                                                       :op2 (s5.g4 / grow-01
                                                                                                   :ARG0-of (s5.c2 / compete-02)
                                                                                                   :ARG1-of (s5.h / have-degree-91
                                                                                                                  :ARG2 (s5.g / good-02
                                                                                                                              :ARG1 s5.g4)
                                                                                                                  :ARG3 (s5.m3 / more)
                                                                                                                  :ARG4 (s5.p / person
                                                                                                                              :mod (s5.o2 / other)))
                                                                                                   :ARG1-of (s5.p3 / profitable-02)))
                                                                       :mod (s5.g2 / grow-01)
                                                                       :quant "3"
                                                                       :value "G"))))
               :domain (s5.m2 / model)
               :rel (s5.a / and
                          :op1 (s5.b / bring-up-08
                                     :ARG1 s5.i
                                     :mod (s5.a3 / at-least))
                          :op2 (s5.b2 / bring-up-08
                                      :ARG1 (s5.w / we
                                                  :quant (s5.l / lot)
                                                  :ARG0-of (s5.d / do-02
                                                                 :ARG1 (s5.b3 / business)))
                                      :ARG2 s5.m2)))
   :snt6 (s6.a / and
               :op2 (s6.f / fear-01
                          :ARG0 (s6.i / i
                                      :same-as s2.i)
                          :ARG1 (s6.a2 / and
                                       :op1 (s6.h / have-degree-91
                                                  :ARG1 (s6.t / this)
                                                  :ARG2 (s6.g / good-02
                                                              :ARG1 s6.t)
                                                  :ARG3 (s6.e / enough)
                                                  :polarity "-")
                                       :op2 (s6.o / obligate-01
                                                  :ARG1 (s6.w / we)
                                                  :ARG2 (s6.m3 / move-01
                                                               :ARG0 s6.w
                                                               :ARG2 (s6.m2 / model-01
                                                                            :ARG1 (s6.s / string-entity
                                                                                        :ARG1-of (s6.c / call-01
                                                                                                       :ARG0 s6.i
                                                                                                       :ARG2 (s6.s2 / string-entity
                                                                                                                    :ARG0-of (s6.r / responsible-01)
                                                                                                                    :mod (s6.g2 / grow-01)
                                                                                                                    :value "G"))))
                                                               :ARG3 (s6.m / model)))))
               :rel (s6.n / name
                          :op1 "3G"
                          :same-as s5.a)
               :rel (s6.o2 / ordinal-entity
                           :value "4"))
   :snt7 (s7.a / and
               :op1 (s7.o / obligate-01
                          :ARG2 (s7.b / become-01
                                      :ARG1 (s7.t / this
                                                  :same-as s6.o2)
                                      :ARG2 (s7.p / part
                                                  :ARG1-of (s7.i / important-01
                                                                 :degree (s7.v2 / very))
                                                  :part-of (s7.c / create-01
                                                                 :ARG1 (s7.v / value))))))
   :snt8 (s8.c / concern-02
               :ARG0 (s8.c2 / create-01
                            :ARG1 (s8.v / value
                                        :mod (s8.e / economy)))
               :ARG1 (s8.c3 / create-01
                            :ARG1 (s8.v2 / value
                                         :mod (s8.s / society))))
   :snt9 (s9.a2 / and
                :op2 (s9.c / company
                           :ARG0-of (s9.e / embrace-01
                                          :ARG1 (s9.w / war
                                                      :name (s9.n / name
                                                                  :op1 "G.")
                                                      :ord (s9.o / ordinal-entity
                                                                 :value "4"))
                                          :ARG1-of (s9.a / actual-02))
                           :domain (s9.c2 / company
                                          :ARG1-of (s9.t / thrive-01))))
   :snt10 (s10.a2 / and
                  :op2 (s10.s / simple-02
                              :ARG1 (s10.m / model-01
                                           :ARG1 (s10.p2 / product
                                                         :name (s10.n / name
                                                                      :op1 "4G")
                                                         :same-as s6.o2)
                                           :same-as s6.o2)
                              :ARG2 (s10.p / possible-01
                                           :ARG1 (s10.a / afford-01
                                                        :ARG0 (s10.c / company)
                                                        :ARG1 (s10.b / bystander
                                                                     :ARG1-of (s10.i / innocent-01)
                                                                     :domain s10.c
                                                                     :mod (s10.j / just)
                                                                     :prep-in (s10.t / thing
                                                                                     :location (s10.a3 / around
                                                                                                       :op1 (s10.s2 / society)))))
                                           :polarity "-")
                              :degree (s10.q / quite)))
   :snt11 (s11.o / obligate-01
                 :ARG2 (s11.b / begin-01
                              :ARG0 (s11.t / they
                                           :same-as s10.c)
                              :ARG1 (s11.p / play-02
                                           :ARG0 s11.t
                                           :ARG1 (s11.r / role
                                                        :poss s11.t
                                                        :topic (s11.s / serve-01
                                                                      :ARG0 s11.t
                                                                      :ARG2 (s11.c / community
                                                                                   :ARG0-of (s11.s2 / sustain-01
                                                                                                    :ARG1 s11.t
                                                                                                    :ARG1-of (s11.a / actual-02))))))))
   :snt12 (s12.a / and
                 :op2 (s12.o / obligate-01
                             :ARG1 (s12.w / we)
                             :ARG2 (s12.m4 / move-01
                                           :ARG1 s12.w
                                           :ARG2 (s12.m2 / model-01
                                                         :ARG1 (s12.t / thing
                                                                      :manner-of (s12.m / make-05
                                                                                        :ARG0 s12.w
                                                                                        :ARG1 (s12.m3 / money))
                                                                      :manner-of (s12.d / do-02
                                                                                        :ARG0 s12.w
                                                                                        :ARG1 (s12.g / good-02)))))))
   :snt13 (s13.e / ensure-01
                 :ARG0 (s13.w / we)
                 :ARG1 (s13.c / contrast-01
                              :ARG1 (s13.h / have-03
                                           :ARG0 s13.w
                                           :ARG1 (s13.b / business
                                                        :mod (s13.g / great)))
                              :ARG2 (s13.h2 / have-03
                                            :ARG0 s13.w
                                            :ARG1 (s13.e2 / environment
                                                          :location (s13.a3 / around
                                                                            :op1 s13.w)
                                                          :mod (s13.g2 / great))
                                            :mod (s13.a / also)))
                 :manner (s13.a2 / amr-unknown))
   :snt14 (s14.a2 / and
                  :op2 (s14.c / concern-02
                              :ARG0 (s14.m / model-01
                                           :mod (s14.t / that)
                                           :same-as s12.m2)
                              :ARG1 (s14.a3 / and
                                            :op1 (s14.d / do-02
                                                        :ARG1 (s14.w / well-09))
                                            :op2 (s14.d2 / do-02
                                                         :ARG1 (s14.g / good-02)))
                              :degree (s14.a / all)))
   :snt15 (s15.c / contrast-01
                 :ARG2 (s15.h / have-degree-91
                              :ARG1 (s15.s / say-01
                                           :ARG1 (s15.q / question-01))
                              :ARG2 (s15.e / easy-05
                                           :ARG1 s15.s)
                              :ARG3 (s15.m / more)
                              :ARG4 (s15.d / do-02
                                           :ARG1 s15.q)))
   :snt16 (s16.c / contrast-01
                 :ARG2 (s16.d / do-02
                              :ARG0 (s16.w / we)
                              :ARG1 (s16.t / that)
                              :ARG1-of (s16.a / actual-02)
                              :manner (s16.a2 / amr-unknown)))
   :snt17 (s17.a / and
                 :op2 (s17.b / believe-01
                             :ARG0 (s17.i / i
                                          :same-as s2.i)
                             :ARG1 (s17.a2 / answer-01
                                           :ARG1 (s17.t / that
                                                        :same-as s15.q
                                                        :same-as-of s19.t)
                                           :ARG2 (s17.l / lead-02))))
   :snt18 (s18.r / redefine-01
                 :ARG1 (s18.m / model-01
                              :ARG0-of (s18.u / understand-01
                                              :ARG1 (s18.l / license-01
                                                           :ARG1 (s18.o2 / operate-01)
                                                           :ARG2 (s18.c / combine-01
                                                                        :ARG1 (s18.t / thing
                                                                                     :mod (s18.t2 / this)))
                                                           :mod (s18.o / only)))
                              :ARG1 (s18.b / business)
                              :ARG1-of (s18.n / new-01)))
   :snt19 (s19.a2 / and
                  :op2 (s19.n / need-01
                              :purpose (s19.t / that)
                              :ARG0 (s19.y / you)
                              :ARG1 (s19.b2 / business
                                            :ARG0-of (s19.d / define-01
                                                            :ARG1 (s19.r / role
                                                                         :location (s19.s2 / society)
                                                                         :poss s19.b2)
                                                            :ARG1-of (s19.a / actual-02)
                                                            :ARG1-of (s19.p / possible-01)
                                                            :ARG2 (s19.p3 / purpose
                                                                          :ARG1-of (s19.h / have-degree-91
                                                                                          :ARG2 (s19.l / large)
                                                                                          :ARG3 (s19.m / more
                                                                                                       :quant (s19.m2 / much))
                                                                                          :ARG4 (s19.a3 / and
                                                                                                        :ARG1-of (s19.s / sell-01
                                                                                                                        :ARG0 s19.b2)
                                                                                                        :op1 (s19.p2 / product)
                                                                                                        :op2 (s19.b / brand))))))))
   :snt20 (s20.a2 / and
                  :op2 (s20.m / matter-01
                              :ARG1 (s20.c / company
                                           :ARG0-of (s20.d / define-01
                                                           :ARG1 (s20.n / north
                                                                        :ARG1-of (s20.t4 / true-01)
                                                                        :example (s20.t / thing
                                                                                        :ARG2-of (s20.d2 / dispute-01
                                                                                                         :ARG1-of (s20.p / possible-01)
                                                                                                         :ARG1-of (s20.r / regardless-91
                                                                                                                         :ARG2 (s20.a3 / and
                                                                                                                                       :op1 (s20.t2 / time
                                                                                                                                                    :ARG1-of (s20.g / good-02))
                                                                                                                                       :op2 (s20.t3 / time
                                                                                                                                                    :ARG1-of (s20.b / bad-07)
                                                                                                                                                    :mod (s20.u / ugly))))
                                                                                                         :polarity "-")))
                                                           :ARG1-of (s20.a / actual-02)))
                              :polarity "-"))
   :snt21 (s21.t / thing
                 :ARG1-of (s21.s / stand-08
                                 :ARG0 (s21.y / you)))
   :snt22 (s22.d / drive-02
                 :ARG0 (s22.a / and
                              :op1 (s22.v / value)
                              :op2 (s22.p / purpose-01))
                 :ARG1 (s22.s / software
                              :ARG0-of (s22.c2 / create-01
                                               :ARG1 (s22.c / company
                                                            :time (s22.t / tomorrow))))
                 :quant "2")
   :snt23 (s23.a / and
                 :op2 (s23.s / shift-01
                             :ARG0 (s23.i / i
                                          :same-as s2.i)
                             :ARG2 (s23.t / talk-01
                                          :ARG0 s23.i
                                          :ARG1 (s23.t2 / thing
                                                        :ARG1-of (s23.e / experience-01
                                                                        :ARG0 s23.i))
                                          :degree (s23.b / bit
                                                         :mod (s23.l / little)))
                             :time (s23.n / now)))
   :snt24 (s24.j / join-04
                 :ARG0 (s24.i / i
                              :same-as s2.i)
                 :ARG1 (s24.c / company
                              :name (s24.n / name
                                           :op1 "Unilever"))
                 :prep-as (s24.t / train-01
                                 :ARG0 s24.i
                                 :ARG2 (s24.m / manage-01)
                                 :location (s24.c2 / country
                                                   :name (s24.n2 / name
                                                                 :op1 "India")))
                 :time (s24.d / date-entity
                              :year "1976"))
   :snt25 (s25.a2 / and
                  :op2 (s25.a3 / and
                               :op1 (s25.w / walk-01
                                           :ARG0 (s25.i / i
                                                        :same-as s2.i)
                                           :time (s25.d / day
                                                        :ord (s25.o / ordinal-entity
                                                                    :value "1")
                                                        :time-of (s25.w2 / work-01
                                                                         :ARG0 s25.i)))
                               :op2 (s25.t / tell-01
                                           :ARG0 (s25.p / person
                                                        :ARG0-of (s25.h / have-rel-role-91
                                                                        :ARG1 s25.i
                                                                        :ARG2 (s25.b2 / boss)))
                                           :ARG1 (s25.k / know-01
                                                        :ARG0 s25.i
                                                        :ARG1 (s25.t2 / thing
                                                                      :ARG0-of (s25.c / cause-01
                                                                                      :ARG1 (s25.b / be-located-at-91
                                                                                                   :ARG1 s25.i
                                                                                                   :ARG2 (s25.h2 / here))))
                                                        :polarity (s25.a / amr-unknown))
                                           :ARG2 s25.i)))
   :snt26 (s26.s / say-01
                 :ARG0 (s26.i / i
                              :same-as s2.i)
                 :ARG1 (s26.b / be-located-at-91
                              :purpose (s26.s2 / sell-01
                                               :ARG0 s26.i
                                               :ARG1 (s26.s3 / soap
                                                             :quant (s26.l / lot)))
                              :ARG1 s26.i
                              :ARG2 (s26.h / here)))
   :snt27 (s27.a / and
                 :op2 (s27.s / say-01
                             :ARG0 (s27.h / he
                                          :same-as s25.p)
                             :ARG1 (s27.b / be-located-at-91
                                          :purpose (s27.c / change-01
                                                          :ARG0 (s27.y / you
                                                                       :same-as s2.i)
                                                          :ARG1 (s27.l / life))
                                          :ARG1 s27.y
                                          :ARG2 (s27.h2 / here)
                                          :mod (s27.n / no))))
   :snt28 (s28.b / be-located-at-91
                 :purpose (s28.c / change-01
                                 :ARG0 (s28.y / you
                                              :same-as s2.i)
                                 :ARG1 (s28.l / life))
                 :ARG1 s28.y
                 :ARG2 (s28.h / here))
   :snt29 (s29.t / think-01
                 :ARG0 (s29.i / i
                              :same-as s2.i)
                 :ARG1 (s29.f / facetious
                              :degree (s29.r / rather)
                              :domain (s29.i2 / it))
                 :ARG1-of (s29.k / know-01
                                 :ARG0 (s29.y / you)))
   :snt30 (s30.c / company
                 :ARG0-of (s30.s / sell-01
                                 :ARG1 (s30.a / and
                                              :op1 (s30.s2 / soap)
                                              :op2 (s30.s3 / soup)))
                 :domain (s30.w / we
                                :same-as s24.c))
   :snt31 (s31.d / do-02
                 :ARG0 (s31.w / we
                              :same-as s24.c)
                 :ARG1 (s31.a / amr-unknown)
                 :ARG2 (s31.c / change-01
                              :ARG0 s31.w
                              :ARG1 (s31.l / life)))
   :snt32 (s32.a2 / and
                  :op2 (s32.r / realize-01
                              :ARG0 (s32.i / i
                                           :same-as s2.i)
                              :ARG1 (s32.p2 / possible-01
                                            :ARG1 (s32.s / save-01
                                                         :ARG0 (s32.a / act-02
                                                                      :ARG1-of (s32.s3 / simple-02)
                                                                      :example (s32.s2 / sell-01
                                                                                       :ARG1 (s32.b / bar
                                                                                                    :consist-of (s32.s4 / soap))))
                                                         :ARG1 (s32.l / life
                                                                      :ARG1-of (s32.h / have-quant-91
                                                                                      :ARG3 (s32.m / more)
                                                                                      :ARG4 (s32.c / company
                                                                                                   :mod (s32.p / pharmacy))))))
                              :time (s32.t / then)))
   :snt33 (s33.k / know-01
                 :ARG0 (s33.i / i
                              :same-as s2.i)
                 :ARG1 (s33.t2 / thing
                               :quant-of (s33.p / person
                                                :ARG0-of (s33.k2 / know-01
                                                                 :ARG1 (s33.r / reach-01
                                                                              :ARG0 (s33.c2 / child
                                                                                            :part (s33.h / hand)
                                                                                            :quant "5000000")
                                                                              :ARG1 (s33.a / age-01
                                                                                           :ARG1 s33.c2
                                                                                           :ARG2 (s33.t / temporal-quantity
                                                                                                        :unit (s33.y / year)
                                                                                                        :quant "5"))
                                                                              :ARG1-of (s33.c / cause-01
                                                                                              :ARG0 (s33.i3 / infect-01
                                                                                                            :ARG1-of (s33.s / simple-02)
                                                                                                            :ARG1-of (s33.p3 / prevent-01
                                                                                                                             :ARG1-of (s33.p2 / possible-01)
                                                                                                                             :ARG2 (s33.w / wash-01
                                                                                                                                          :ARG0 s33.c2
                                                                                                                                          :ARG1 s33.h
                                                                                                                                          :ARG2 (s33.s2 / soap)))))
                                                                              :polarity "-"))
                                                :ARG1-of (s33.i2 / include-91
                                                                 :ARG2 (s33.y2 / you))))
                 :polarity "-")
   :snt34 (s34.r / run-01
                 :ARG0 (s34.w2 / we
                               :same-as s24.c)
                 :ARG1 (s34.p / program
                              :ARG0-of (s34.w / wash-01
                                              :ARG1 (s34.h / hand))
                              :ARG1-of (s34.h2 / have-degree-91
                                               :ARG2 (s34.l / large)
                                               :ARG3 (s34.m / most)
                                               :ARG5 (s34.p2 / program
                                                             :location (s34.w3 / world)))))
   :snt35 (s35.r / run-01
                 :ARG0 (s35.w / we
                              :same-as s24.c)
                 :ARG1 (s35.p2 / program
                               :ARG0-of (s35.t / touch-01
                                               :ARG1 (s35.p / person
                                                            :quant "500000000000")
                                               :time (s35.n / now))
                               :topic (s35.a / and
                                             :op1 (s35.h2 / hygiene)
                                             :op2 (s35.h / healthy))))
   :snt36 (s36.c2 / contrast-01
                  :ARG1 (s36.c / concern-02
                               :ARG0 (s36.i / it)
                               :ARG1 (s36.s / sell-01
                                            :ARG1 (s36.s2 / soap))
                               :polarity "-")
                  :ARG2 (s36.h2 / have-purpose-91
                                :ARG1-of (s36.h / have-degree-91
                                                :ARG2 (s36.l / large)
                                                :ARG3 (s36.m / more))
                                :location (s36.o / out-there)))
   :snt37 (s37.a / and
                 :op2 (s37.p / possible-01
                             :ARG1 (s37.b / be-located-at-91
                                          :ARG1 (s37.b2 / brand)
                                          :ARG2 (s37.f / forefront
                                                       :part-of (s37.c / change-01
                                                                       :ARG1 (s37.s / society))))
                             :mod (s37.i / indeed)))
   :snt38 (s38.a2 / and
                  :op2 (s38.c / cause-01
                              :ARG0 (s38.a / amplify-01
                                           :condition (s38.u / use-01
                                                             :ARG0 (s38.p / person
                                                                          :quant "2000000000")
                                                             :ARG1 (s38.b / brand
                                                                          :poss (s38.y / you))))
                              :ARG1 (s38.t / that)))
   :snt39 (s39.p / possible-01
                 :ARG1 (s39.m / make-02
                              :ARG0 (s39.a / act-02
                                           :mod (s39.s / small))
                              :ARG1 (s39.d / differ-02
                                           :mod (s39.b / big))))
   :snt40 (s40.t / take-01
                 :ARG0 (s40.y / you)
                 :ARG1 (s40.e / example
                              :example (s40.w / walk-01
                                              :ARG0 (s40.i / i
                                                           :same-as s2.i)
                                              :ARG2 (s40.v / village
                                                           :ARG1-of (s40.i2 / include-91
                                                                            :ARG2 (s40.v2 / village
                                                                                          :location (s40.c / country
                                                                                                           :name (s40.n / name
                                                                                                                        :op1 "India")
                                                                                                           :same-as s24.c2)
                                                                                          :poss (s40.w2 / we
                                                                                                        :same-as s24.c)))
                                                           :quant "1")
                                              :direction (s40.a2 / around))
                              :mod (s40.a / another))
                 :mode "imperative")
   :snt41 (s41.r / realize-01
                 :ARG0 (s41.p2 / person
                               :ARG0-of (s41.d / do-02
                                               :ARG1 (s41.t2 / this))
                               :ARG1-of (s41.i / include-91
                                               :ARG2 (s41.y / you))
                               :mod (s41.t / that))
                 :ARG1 (s41.w / walk-01
                              :ARG2 s41.t2
                              :location (s41.p / park)
                              :polarity "-")
                 :time (s41.n / now))
   :snt42 (s42.a / and
                 :op1 (s42.h / have-03
                             :ARG0 (s42.w / we)
                             :ARG1 (s42.l / lady
                                          :ARG1-of (s42.i / include-91
                                                          :ARG2 (s42.p / person
                                                                       :ARG0-of (s42.d / distribute-01
                                                                                       :ARG2 s42.w)
                                                                       :mod (s42.s2 / small
                                                                                    :degree (s42.v2 / very))))
                                          :ARG1-of (s42.b2 / beautiful-02)
                                          :ARG1-of (s42.d2 / dress-01
                                                           :ARG1-of (s42.n / nice-01))
                                          :location (s42.o / out-there)
                                          :mod (s42.t / this)
                                          :mod (s42.m / modest
                                                      :degree (s42.v / very))))
                 :rel (s42.h5 / home
                              :poss s42.l)
                 :rel (s42.a2 / and
                              :location (s42.b4 / behind
                                                :op1 s42.l)
                              :op1 (s42.p2 / person
                                           :ARG0-of (s42.h2 / have-rel-role-91
                                                            :ARG1 s42.l
                                                            :ARG2 (s42.h6 / husband))
                                           :location (s42.b / back))
                              :op2 (s42.p3 / person
                                           :ARG0-of (s42.h3 / have-rel-role-91
                                                            :ARG1 s42.l
                                                            :ARG2 (s42.m2 / mother-in-law))
                                           :ARG0-of (s42.h4 / have-rel-role-91
                                                            :ARG1 s42.l
                                                            :ARG2 (s42.s / sister-in-law))
                                           :location (s42.b3 / behind))))
   :snt43 (s43.c3 / change-01
                  :ARG1 (s43.o / order
                               :mod (s43.s2 / society))
                  :ARG1-of (s43.c2 / cause-01
                                   :ARG0 (s43.h / have-part-91
                                                :ARG1 (s43.p / project
                                                             :name (s43.n / name
                                                                          :op1 "Project"
                                                                          :op2 "Shakti")
                                                             :ARG0-of (s43.t / teach-01
                                                                             :ARG1 (s43.a2 / and
                                                                                           :op1 (s43.d / do-02
                                                                                                       :ARG0 (s43.w2 / woman)
                                                                                                       :ARG1 (s43.b / business
                                                                                                                    :mod (s43.s / small)))
                                                                                           :op2 (s43.c / carry-01
                                                                                                       :ARG0 s43.w2
                                                                                                       :ARG1 (s43.m / message
                                                                                                                    :topic (s43.a3 / and
                                                                                                                                   :op1 (s43.n2 / nutrition)
                                                                                                                                   :op2 (s43.h2 / hygiene)))))
                                                                             :ARG1-of (s43.a / actual-02)
                                                                             :ARG2 s43.w2)
                                                             :poss (s43.w / we
                                                                          :same-as s42.w))
                                                :ARG2 (s43.l / lady
                                                             :mod (s43.t2 / this)
                                                             :same-as s42.h5))))
   :snt44 (s44.h / have-03
                 :ARG0 (s44.w / we
                              :same-as s42.w)
                 :ARG1 (s44.w2 / woman
                               :mod (s44.s / such)
                               :quant "60")
                 :location (s44.c / country
                                  :name (s44.n / name
                                               :op1 "India")
                                  :same-as s24.c2)
                 :time (s44.n2 / now))
   :snt45 (s45.c4 / contrast-01
                  :ARG1 (s45.c2 / concern-02
                                :ARG0 (s45.i / it)
                                :ARG1 (s45.s / sell-01
                                             :ARG0 (s45.y / you)
                                             :ARG1 (s45.s2 / soap))
                                :polarity "-")
                  :ARG2 (s45.c3 / concern-02
                                :ARG0 s45.i
                                :ARG1 (s45.e / ensure-01
                                             :ARG1 (s45.p2 / possible-01
                                                           :ARG1 (s45.c / change-01
                                                                        :ARG0 s45.y
                                                                        :ARG1 (s45.l / live-01
                                                                                     :ARG1 (s45.p / person))
                                                                        :time (s45.p3 / process-02
                                                                                      :ARG1 s45.s))))))
   :snt46 (s46.a2 / and
                  :op1 (s46.a / act-02
                              :mod (s46.s / small))
                  :op2 (s46.d / differ-02
                              :mod (s46.b / big)))
   :snt47 (s47.a / and
                 :op1 (s47.w3 / work-01
                              :ARG0 (s47.c / company
                                           :name (s47.n / name
                                                        :op1 "3")
                                           :poss (s47.w2 / we
                                                         :same-as s24.c2))
                              :ARG1 (s47.g / give-01
                                           :ARG0 (s47.f2 / folk)
                                           :ARG1 (s47.d / detergent
                                                        :quant (s47.s / some)
                                                        :ARG1-of (s47.f / fantastic-02))
                                           :ARG2 s47.w2))
                 :op2 (s47.w4 / work-01
                              :ARG0 s47.f2
                              :ARG1 (s47.e / ensure-01
                                           :ARG0 s47.f2
                                           :ARG1 (s47.u / use-01
                                                        :ARG0 s47.w2
                                                        :ARG1 (s47.w / water
                                                                     :quant (s47.l / less))))))
   :snt48 (s48.a / allow-01
                 :ARG0 (s48.p / product
                              :name (s48.n / name
                                           :op1 "One"
                                           :op2 "Rinse")
                              :ARG1-of (s48.l / launch-01
                                              :ARG0 (s48.w3 / we
                                                            :same-as s42.w)
                                              :mod (s48.j / just)
                                              :time (s48.r2 / recent))
                              :mod (s48.p2 / product))
                 :ARG1 (s48.s / save-01
                              :ARG0 (s48.y / you)
                              :ARG1 (s48.w2 / water)
                              :frequency (s48.r / rate-entity-91
                                                :ARG4 (s48.w / wash-01
                                                             :ARG0 s48.y
                                                             :ARG1 (s48.c / clothes
                                                                          :poss s48.y)))))
   :snt49 (s49.a2 / and
                  :op2 (s49.e / equal-01
                              :ARG2 (s49.w / water
                                           :quant (s49.v / volume-quantity
                                                         :unit (s49.l / liter)
                                                         :quant "500000000000"))
                              :condition (s49.p2 / possible-01
                                                 :ARG1 (s49.c / convert-01
                                                              :ARG0 (s49.w2 / we)
                                                              :ARG1 (s49.p / person
                                                                           :ARG0-of (s49.u / use-01
                                                                                           :ARG1 s49.w2)
                                                                           :mod (s49.a / all))
                                                              :ARG2 (s49.u2 / use-01
                                                                            :ARG1 (s49.t / this
                                                                                         :same-as s48.a))))))
   :snt50 (s50.e / equal-01
                 :ARG1 (s50.t2 / that
                               :same-as s49.w)
                 :ARG2 (s50.w / water
                              :beneficiary (s50.c / continent
                                                  :mod (s50.h / huge)
                                                  :mod (s50.w2 / whole))
                              :duration (s50.t / temporal-quantity
                                               :unit (s50.m / month)
                                               :quant "1"))
                 :mod (s50.b / by-the-way))
   :snt51 (s51.t / think-01
                 :ARG0 (s51.y / you)
                 :ARG2 (s51.i / it)
                 :mod (s51.j / just)
                 :mode "imperative")
   :snt52 (s52.p / possible-01
                 :ARG1 (s52.m / make-01
                              :ARG0 (s52.a / act-02
                                           :mod (s52.s / small))
                              :ARG1 (s52.d / differ-02
                                           :degree (s52.b / big))))
   :snt53 (s53.a / and
                 :op2 (s53.p / possible-01
                             :ARG1 (s53.g / go-on-15
                                          :ARG1 (s53.i / i
                                                       :same-as s2.i))))
   :snt54 (s54.a2 / and
                  :op1 (s54.c / chain
                              :mod (s54.f / food)
                              :poss (s54.w / we
                                           :same-as s24.c2))
                  :op2 (s54.p / product
                              :ARG1-of (s54.b / brilliant-01)
                              :poss s54.w)
                  :op3 (s54.s / sorry-01
                              :ARG1 (s54.i / i
                                           :same-as s2.i)
                              :ARG2 (s54.g / give-01
                                           :ARG0 s54.i
                                           :ARG1 (s54.w3 / word
                                                         :source (s54.a3 / and
                                                                         :ARG0-of (s54.s2 / sponsor-01)
                                                                         :op1 (s54.c2 / company
                                                                                      :name (s54.n / name
                                                                                                   :op1 "Knorr"))
                                                                         :op2 (s54.c3 / company
                                                                                      :name (s54.n2 / name
                                                                                                    :op1 "Hellman"))
                                                                         :op3 (s54.p2 / product
                                                                                      :ARG1-of (s54.w2 / wonderful-03)
                                                                                      :mod (s54.t / that)
                                                                                      :mod (s54.a / all))))
                                           :ARG2 (s54.y / you))))
   :snt55 (s55.c / commit-01
                 :ARG1 (s55.w / we
                              :same-as s24.c2)
                 :ARG2 (s55.e / ensure-01
                              :ARG0 s55.w
                              :ARG1 (s55.s2 / source-01
                                            :ARG1 (s55.m / material
                                                         :mod (s55.r / raw)
                                                         :mod (s55.a / agriculture)
                                                         :mod (s55.a2 / all)
                                                         :poss s55.w)
                                            :ARG2 (s55.s / source
                                                         :ARG1-of (s55.s3 / sustain-01
                                                                          :ARG1-of (s55.p2 / possible-01))
                                                         :ARG1-of (s55.s4 / sustain-01
                                                                          :ARG1-of (s55.p3 / possible-01)
                                                                          :degree (s55.p / percentage-entity
                                                                                         :value "100"))))))
   :snt56 (s56.p2 / person
                  :ARG0-of (s56.s / say-01
                                  :ARG1 (s56.b / buy-01
                                               :ARG0 (s56.w / we
                                                            :same-as s24.c2)
                                               :ARG1 (s56.o / oil
                                                            :mod (s56.p / palm)
                                                            :mod (s56.a / all)
                                                            :poss s56.w)
                                               :ARG2 (s56.s2 / source
                                                             :ARG1-of (s56.s3 / sustain-01
                                                                              :ARG1-of (s56.p3 / possible-01)))))
                  :domain s56.w
                  :ord (s56.o2 / ordinal-entity
                               :value "1"))
   :snt57 (s57.k / know-01
                 :ARG0 (s57.i / i
                              :same-as s2.i)
                 :ARG1 (s57.t / thing
                              :quant-of (s57.p3 / person
                                                :ARG0-of (s57.k2 / know-01
                                                                 :ARG1 (s57.p5 / possible-01
                                                                               :ARG1 (s57.c / create-01
                                                                                            :ARG0 (s57.a / and
                                                                                                         :op1 (s57.o / oil
                                                                                                                     :mod (s57.p / palm))
                                                                                                         :op2 (s57.b / buy-01
                                                                                                                     :ARG1 s57.o
                                                                                                                     :ARG2 (s57.s / source
                                                                                                                                  :ARG1-of (s57.s2 / sustain-01
                                                                                                                                                   :ARG1-of (s57.p4 / possible-01)))
                                                                                                                     :polarity "-"))
                                                                                            :ARG1 (s57.d / deforest-01
                                                                                                         :ARG0-of (s57.r / responsible-01
                                                                                                                         :ARG1 (s57.g / gas
                                                                                                                                      :ARG1-of (s57.i3 / include-91
                                                                                                                                                       :ARG2 (s57.g2 / gas
                                                                                                                                                                     :location (s57.w / world
                                                                                                                                                                                      :same-as s34.w3)
                                                                                                                                                                     :mod (s57.g3 / greenhouse))
                                                                                                                                                       :ARG3 (s57.p2 / percentage-entity
                                                                                                                                                                     :value "20"))))))))
                                                :ARG1-of (s57.i2 / include-91
                                                                 :ARG2 (s57.y / you))))
                 :polarity "-")
   :snt58 (s58.a2 / and
                  :op1 (s58.p / person
                              :ARG0-of (s58.e / embrace-01
                                              :ARG1 (s58.t / that))
                              :domain (s58.w / we
                                             :same-as s24.c2)
                              :ord (s58.o / ordinal-entity
                                          :value "1"))
                  :op2 (s58.c / cause-01
                              :ARG0 (s58.m / market-01
                                           :ARG0 s58.w
                                           :ARG1 (s58.a3 / and
                                                         :op1 (s58.s / soap)
                                                         :op2 (s58.s2 / soup)))
                              :ARG1 s58.e
                              :mod (s58.a / all)))
   :snt59 (s59.a / and
                 :op2 (s59.p3 / point-04
                              :ARG0 (s59.i / i
                                           :same-as s2.i)
                              :ARG1 (s59.o / obligate-01
                                           :ARG1 (s59.c2 / company
                                                         :ARG1-of (s59.r / resemble-01
                                                                         :ARG2 (s59.y / you
                                                                                      :same-as s54.y))
                                                         :example (s59.c3 / company
                                                                          :ARG1-of (s59.r2 / resemble-01
                                                                                           :ARG2 s59.i)
                                                                          :poss s59.i))
                                           :ARG2 (s59.d / define-01
                                                        :ARG0 s59.c2
                                                        :ARG1 (s59.p4 / purpose
                                                                      :ARG0-of (s59.e / embrace-01
                                                                                      :ARG1 (s59.r3 / responsible-03))
                                                                      :ARG0-of (s59.u / understand-01
                                                                                      :ARG1 (s59.o2 / obligate-01
                                                                                                    :ARG1 (s59.w / we)
                                                                                                    :ARG2 (s59.p2 / play-02
                                                                                                                  :ARG0 s59.w
                                                                                                                  :ARG1 (s59.p / part)
                                                                                                                  :location (s59.c / community
                                                                                                                                   :location-of (s59.o3 / operate-01
                                                                                                                                                        :ARG0 s59.w))))))))
                              :location (s59.h / here)))
   :snt60 (s60.i / introduce-02
                 :ARG0 (s60.w / we
                              :same-as s24.c)
                 :ARG1 (s60.s2 / something
                               :ARG0-of (s60.s / say-01
                                               :ARG1 (s60.a / and
                                                            :op1 (s60.h / have-purpose-91
                                                                        :ARG1 s60.w
                                                                        :ARG2 (s60.m / make-02
                                                                                     :ARG0 s60.w
                                                                                     :ARG1 (s60.c3 / commonplace
                                                                                                   :domain (s60.l2 / live-01
                                                                                                                   :ARG1-of (s60.s3 / sustain-01
                                                                                                                                    :ARG1-of (s60.p2 / possible-01))))))
                                                            :op2 (s60.c2 / change-01
                                                                         :ARG0 s60.w
                                                                         :ARG1 (s60.l / life
                                                                                      :poss (s60.p / person
                                                                                                   :quant "1000000000"))
                                                                         :time (s60.o / over
                                                                                      :op1 (s60.d / date-entity
                                                                                                  :year "2020")))))
                               :ARG1-of (s60.c / call-01
                                               :ARG2 (s60.p3 / program
                                                             :name (s60.n / name
                                                                          :op1 "Unilever"
                                                                          :op2 "Sustainable"
                                                                          :op3 "Living"
                                                                          :op4 "Plan")))))
   :snt61 (s61.q / question-01
                 :ARG1 (s61.g / go-02
                              :ARG0 (s61.w / we)
                              :ARG3 (s61.h2 / here)
                              :ARG4 (s61.a / amr-unknown))
                 :location (s61.h / here)
                 :time (s61.n / now))
   :snt62 (s62.a2 / and
                  :op2 (s62.s / simple-02
                              :ARG1 (s62.a3 / answer-01
                                            :ARG1 (s62.t / that
                                                         :same-as s61.h)
                                            :ARG2 (s62.c / change-01
                                                         :ARG0 (s62.w / we)
                                                         :ARG1 (s62.w2 / world
                                                                       :same-as s34.w3)
                                                         :manner (s62.a / alone)
                                                         :polarity "-"))
                              :degree (s62.v / very)))
   :snt63 (s63.u / understand-01
                 :ARG0 (s63.a / and
                              :op1 (s63.y / you
                                          :quant (s63.p / plenty))
                              :op2 (s63.w / we
                                          :quant (s63.p2 / plenty)))
                 :ARG1 (s63.t / this))
   :snt64 (s64.a2 / and
                  :ARG1-of (s64.q / question-01)
                  :op1 (s64.n / need-01
                              :ARG0 (s64.w2 / we)
                              :ARG1 (s64.p / partner-01))
                  :op2 (s64.n2 / need-01
                               :ARG0 s64.w2
                               :ARG1 (s64.c2 / coalition))
                  :op3 (s64.n3 / need-01
                               :ARG0 s64.w2
                               :ARG1 (s64.l / lead-02
                                            :ARG0-of (s64.a / allow-01
                                                            :ARG1 (s64.a3 / and
                                                                          :op1 (s64.t / take-01
                                                                                      :ARG0 s64.w2
                                                                                      :ARG1 (s64.t2 / this)
                                                                                      :ARG2 (s64.h / here))
                                                                          :op2 (s64.c / change-01
                                                                                      :ARG1-of (s64.s / see-01
                                                                                                      :ARG0 s64.w2
                                                                                                      :ARG1-of (s64.w / want-01
                                                                                                                      :ARG0 s64.w2))
                                                                                      :location (s64.a4 / around
                                                                                                        :op1 s64.w2)))))
                               :ARG1-of (s64.i / important-01)))
   :snt65 (s65.t / thank-01
                 :ARG0 (s65.i / i)
                 :ARG1 (s65.y / you
                              :same-as s2.i)
                 :mod (s65.m / much
                             :degree (s65.v / very))))

