# ::id doc-432
# ::doc_file doc-432
# ::tok http : / / www . ted . com / talks / dan_ariely_beware_conflicts_of_interest< / url> <next_sent> So , I was in the hospital for a long time . <next_sent> And a few years after I left , I went back , and the chairman of the burn department was very excited to see me -- said , " Dan , I have a fantastic new treatment for you . " <next_sent> I was very excited . <next_sent> I walked with him to his office . <next_sent> And he explained to me that , when I shave , I have little black dots on the left side of my face where the hair is , but on the right side of my face I was badly burned so I have no hair , and this creates lack of symmetry . <next_sent> And what 's the brilliant idea he had ? <next_sent> He was going to tattoo little black dots on the right side of my face and make me look very symmetric . <next_sent> It sounded interesting . <next_sent> He asked me to go and shave . <next_sent> Let me tell you , this was a strange way to shave , because I thought about it and I realized that the way I was shaving then would be the way I would shave for the rest of my life -- because I had to keep the width the same . <next_sent> When I got back to his office , I was n't really sure . <next_sent> I said , " Can I see some evidence for this ? " <next_sent> So he showed me some pictures of little cheeks with little black dots -- not very informative . <next_sent> I said , " What happens when I grow older and my hair becomes white ? <next_sent> What would happen then ? " <next_sent> " Oh , do n't worry about it , " he said . <next_sent> " We have lasers ; we can whiten it out . " <next_sent> But I was still concerned , so I said , " You know what , I 'm not going to do it . " <next_sent> And then came one of the biggest guilt trips of my life . <next_sent> This is coming from a Jewish guy , all right , so that means a lot . <next_sent> And he said , " Dan , what 's wrong with you ? <next_sent> Do you enjoy looking non - symmetric ? <next_sent> Do you have some kind of perverted pleasure from this ? <next_sent> Do women feel pity for you and have sex with you more frequently ? " <next_sent> None of those happened . <next_sent> And this was very surprising to me , because I 've gone through many treatments -- there were many treatments I decided not to do -- and I never got this guilt trip to this extent . <next_sent> But I decided not to have this treatment . <next_sent> And I went to his deputy and asked him , " What was going on ? <next_sent> Where was this guilt trip coming from ? " <next_sent> And he explained that they have done this procedure on two patients already , and they need the third patient for a paper they were writing . <next_sent> Now you probably think that this guy 's a schmuck . <next_sent> But let me give you a different perspective on the same story . <next_sent> A few years ago , I was running some of my own experiments in the lab . <next_sent> And when we run experiments , we usually hope that one group will behave differently than another . <next_sent> So we had one group that I hoped their performance would be very high , another group that I thought their performance would be very low , and when I got the results , that 's what we got -- I was very happy -- aside from one person . <next_sent> There was one person in the group that was supposed to have very high performance that was actually performing terribly . <next_sent> And he pulled the whole mean down , destroying my statistical significance of the test . <next_sent> So I looked carefully at this guy . <next_sent> He was 20 - some years older than anybody else in the sample . <next_sent> And I remembered that the old and drunken guy came one day to the lab wanting to make some easy cash and this was the guy . <next_sent> " Fantastic ! " I thought . " Let 's throw him out . <next_sent> Who would ever include a drunken guy in a sample ? " <next_sent> But a couple of days later , we thought about it with my students , and we said , " What would have happened if this drunken guy was not in that condition ? <next_sent> What would have happened if he was in the other group ? <next_sent> Would we have thrown him out then ? " <next_sent> We probably would n't have looked at the data at all , and if we did look at the data , we 'd probably have said , " Fantastic ! <next_sent> What a smart guy who is performing this low , " because he would have pulled the mean of the group lower , giving us even stronger statistical results than we could . <next_sent> So we decided not to throw the guy out and to rerun the experiment . <next_sent> But you know , these stories , and lots of other experiments that we 've done on conflicts of interest , basically kind of bring two points to the foreground for me . <next_sent> The first one is that in life we encounter many people who , in some way or another , try to tattoo our faces . <next_sent> They just have the incentives that get them to be blinded to reality and give us advice that is inherently biased . <next_sent> And I 'm sure that it 's something that we all recognize , and we see that it happens . <next_sent> Maybe we do n't recognize it every time , but we understand that it happens . <next_sent> The most difficult thing , of course , is to recognize that sometimes we too are blinded by our own incentives . <next_sent> And that 's a much , much more difficult lesson to take into account . <next_sent> Because we do n't see how conflicts of interest work on us . <next_sent> When I was doing these experiments , in my mind , I was helping science . <next_sent> I was eliminating the data to get the true pattern of the data to shine through . <next_sent> I was n't doing something bad . <next_sent> In my mind , I was actually a knight trying to help science move along . <next_sent> But this was not the case . <next_sent> I was actually interfering with the process with lots of good intentions . <next_sent> And I think the real challenge is to figure out where are the cases in our lives where conflicts of interest work on us , and try not to trust our own intuition to overcome it , but to try to do things that prevent us from falling prey to these behaviors , because we can create lots of undesirable circumstances . <next_sent> I do want to leave you with one positive thought . <next_sent> I mean , this is all very depressing , right -- people have conflicts of interest , we do n't see it , and so on . <next_sent> The positive perspective , I think , of all of this is that , if we do understand when we go wrong , if we understand the deep mechanisms of why we fail and where we fail , we can actually hope to fix things . <next_sent> And that , I think , is the hope . <next_sent> Thank you very much .
(d / document
   :snt1 (s1.u / url-entity
               :polarity "-"
               :value "border")
   :snt2 (s2.b / be-located-at-91
               :ARG1 (s2.i / i)
               :ARG1-of (s2.l / long-03)
               :ARG2 (s2.h / hospital))
   :snt3 (s3.a2 / and
                :op2 (s3.a3 / and
                            :op1 (s3.g / go-02
                                       :ARG0 (s3.i / i
                                                   :same-as s2.i)
                                       :direction (s3.b / back)
                                       :time (s3.a / after
                                                   :quant (s3.f2 / few
                                                                 :op1 (s3.t / temporal-quantity
                                                                            :unit (s3.y / year)
                                                                            :quant "1"))
                                                   :op1 (s3.l / leave-11
                                                              :ARG0 s3.i)))
                            :op2 (s3.s / say-01
                                       :ARG0 (s3.e / excite-01
                                                   :ARG0 (s3.s2 / see-01
                                                                :ARG0 (s3.p / person
                                                                            :ARG0-of (s3.h2 / have-org-role-91
                                                                                            :ARG1 (s3.d / department
                                                                                                        :mod (s3.b2 / burn-01))
                                                                                            :ARG2 (s3.c / chairman)))
                                                                :ARG1 s3.i)
                                                   :ARG1 s3.p
                                                   :degree (s3.v / very))
                                       :ARG2 (s3.p2 / person
                                                    :name (s3.n / name
                                                                :op1 "Dan"
                                                                :same-as s2.i)
                                                    :ARG1 (s3.h / have-03
                                                                :ARG0 s3.p
                                                                :ARG1 (s3.t2 / treat-03
                                                                             :ARG1 s3.p2
                                                                             :ARG1-of (s3.n2 / new-01)
                                                                             :ARG1-of (s3.f / fantastic-02)))))))
   :snt4 (s4.e / excite-01
               :ARG1 (s4.i / i
                           :same-as s2.i)
               :degree (s4.v / very))
   :snt5 (s5.w / walk-01
               :ARG0 (s5.i / i
                           :same-as s2.i)
               :accompanier (s5.h / he
                                  :same-as s3.p)
               :destination (s5.o / office
                                  :poss s5.h))
   :snt6 (s6.a / and
               :op2 (s6.e / explain-01
                          :ARG0 (s6.h5 / he
                                       :same-as s3.p)
                          :ARG1 (s6.c2 / contrast-01
                                       :ARG1 (s6.h3 / have-03
                                                    :ARG0 (s6.i / i
                                                                :part (s6.f / face
                                                                            :part (s6.s3 / side
                                                                                         :ARG1-of (s6.r / right-04)))
                                                                :same-as s2.i)
                                                    :ARG1 (s6.d / dot
                                                                :ARG1-of (s6.b2 / black-04)
                                                                :location (s6.s2 / side
                                                                                 :ARG1-of (s6.l2 / left-20)
                                                                                 :part-of s6.f)
                                                                :location-of (s6.h / hair)
                                                                :mod (s6.l3 / little))
                                                    :time (s6.s / shave-01
                                                                :ARG0 s6.i))
                                       :ARG2 (s6.b3 / burn-01
                                                    :ARG0-of (s6.c / cause-01
                                                                   :ARG1 (s6.h4 / have-03
                                                                                :ARG0 s6.i
                                                                                :ARG1 (s6.h2 / hair)
                                                                                :polarity "-"))
                                                    :ARG0-of (s6.c3 / create-01
                                                                    :ARG1 (s6.l / lack-01
                                                                                :ARG1 (s6.s4 / symmetry)))
                                                    :ARG1 s6.i
                                                    :ARG1-of (s6.b / bad-05)
                                                    :location s6.s3))
                          :ARG2 s6.i))
   :snt7 (s7.a2 / and
                :op2 (s7.i / idea
                           :ARG1-of (s7.b / brilliant-01)
                           :ARG1-of (s7.h / have-03
                                          :ARG0 (s7.h2 / he
                                                       :same-as s3.p))
                           :domain (s7.a / amr-unknown)))
   :snt8 (s8.a / and
               :op1 (s8.t / tattoo-01
                          :ARG0 (s8.h / he
                                      :same-as s3.p)
                          :ARG2 (s8.d / dot
                                      :ARG1-of (s8.b / black-04)
                                      :mod (s8.l / little))
                          :location (s8.s / side
                                          :ARG1-of (s8.r / right-04)
                                          :part-of (s8.f / face
                                                         :part-of (s8.i / i
                                                                        :same-as s2.i
                                                                        :same-as s6.f
                                                                        :same-as s6.s3))))
               :op2 (s8.m / make-02
                          :ARG0 s8.h
                          :ARG1 (s8.l2 / look-02
                                       :ARG0 s8.i
                                       :ARG1 (s8.s2 / symmetric
                                                    :degree (s8.v / very)))))
   :snt9 (s9.s / sound-01
               :ARG1 (s9.i2 / it
                            :same-as s7.h)
               :ARG2 (s9.i / interest-01))
   :snt10 (s10.a2 / ask-02
                  :ARG0 (s10.h / he
                               :same-as s3.p)
                  :ARG1 (s10.a / and
                               :op1 (s10.g / go-02
                                           :ARG0 (s10.i / i
                                                        :same-as s2.i))
                               :op2 (s10.s / shave-01
                                           :ARG0 s10.i))
                  :ARG2 s10.i)
   :snt11 (s11.l / let-01
                 :ARG0 (s11.y / you)
                 :ARG1 (s11.t / tell-01
                              :ARG0 (s11.i / i
                                           :same-as s2.i)
                              :ARG1 (s11.w / way
                                           :ARG1-of (s11.c / cause-01
                                                           :ARG0 (s11.a / and
                                                                        :op1 (s11.t3 / think-01
                                                                                     :ARG0 s11.i
                                                                                     :ARG1 (s11.s2 / shave-01
                                                                                                   :ARG0 s11.i))
                                                                        :op2 (s11.r / realize-01
                                                                                    :ARG0 s11.i
                                                                                    :ARG1 (s11.c2 / cause-01
                                                                                                  :ARG0 (s11.o / obligate-01
                                                                                                               :ARG1 s11.i
                                                                                                               :ARG2 (s11.k / keep-02
                                                                                                                            :ARG0 s11.i
                                                                                                                            :ARG1 (s11.s / same-01
                                                                                                                                         :ARG1 (s11.w3 / width))))
                                                                                                  :ARG1 (s11.w2 / way
                                                                                                                :manner-of (s11.s3 / shave-01
                                                                                                                                   :ARG0 s11.i
                                                                                                                                   :time (s11.t2 / then))
                                                                                                                :manner-of (s11.s4 / shave-01
                                                                                                                                   :ARG0 s11.i
                                                                                                                                   :duration (s11.r2 / rest
                                                                                                                                                     :part-of (s11.l2 / life
                                                                                                                                                                      :poss s11.i))))))))
                                           :domain (s11.t4 / this)
                                           :manner-of s11.s2
                                           :mod (s11.s5 / strange))
                              :ARG2 s11.y))
   :snt12 (s12.s / sure-02
                 :ARG0 (s12.i / i
                              :same-as s2.i)
                 :ARG1-of (s12.r / real-04)
                 :time (s12.g / get-back-10
                              :ARG1 s12.i
                              :ARG2 (s12.o / office
                                           :poss (s12.h / he
                                                        :same-as s3.p)
                                           :same-as s5.o))
                 :polarity "-")
   :snt13 (s13.s / say-01
                 :ARG0 (s13.i / i
                              :same-as s2.i)
                 :ARG1 (s13.p / possible-01
                              :ARG1 (s13.s2 / see-01
                                            :ARG0 s13.i
                                            :ARG1 (s13.t / thing
                                                         :quant (s13.s3 / some)
                                                         :ARG0-of (s13.e / evidence-01
                                                                         :ARG1 (s13.t2 / this))))
                              :polarity (s13.a / amr-unknown)))
   :snt14 (s14.c / cause-01
                 :ARG1 (s14.s / show-01
                              :ARG0 (s14.h2 / he
                                            :same-as s3.p)
                              :ARG1 (s14.p / picture
                                           :quant (s14.s2 / some)
                                           :ARG0-of (s14.i2 / inform-01
                                                            :degree (s14.v / very)
                                                            :polarity "-")
                                           :topic (s14.c2 / cheek
                                                          :ARG0-of (s14.h / have-03
                                                                          :ARG1 (s14.d / dot
                                                                                       :ARG1-of (s14.b / black-04)
                                                                                       :mod (s14.l / little)))
                                                          :mod s14.l))
                              :ARG2 (s14.i / i
                                           :same-as s2.i)))
   :snt15 (s15.s / say-01
                 :ARG0 (s15.i / i
                              :part (s15.h / hair)
                              :same-as s2.i)
                 :ARG1 (s15.a / amr-unknown
                              :time (s15.a2 / and
                                            :op1 (s15.g / grow-02
                                                        :ARG1 s15.i
                                                        :ARG2 (s15.h2 / have-degree-91
                                                                      :ARG1 s15.i
                                                                      :ARG2 (s15.o / old)
                                                                      :ARG3 (s15.m / more)))
                                            :op2 (s15.b / become-01
                                                        :ARG1 s15.h
                                                        :ARG2 (s15.w / white-03
                                                                     :ARG1 s15.h)))))
   :snt16 (s16.e / event
                 :mod (s16.a / amr-unknown)
                 :time (s16.t / then))
   :snt17 (s17.s / say-01
                 :ARG0 (s17.h / he
                              :same-as s3.p)
                 :ARG1 (s17.w / worry-02
                              :ARG0 (s17.y / you)
                              :ARG1 (s17.i / it
                                           :same-as s16.e)
                              :mod (s17.o / oh)
                              :mode "imperative"
                              :polarity "-"))
   :snt18 (s18.a / and
                 :op1 (s18.h / have-03
                             :ARG0 (s18.w / we)
                             :ARG1 (s18.l / laser))
                 :op2 (s18.p / possible-01
                             :ARG1 (s18.b / black-out-03
                                          :ARG0 s18.w
                                          :ARG1 (s18.i / it
                                                       :same-as s15.h))))
   :snt19 (s19.c3 / contrast-01
                  :ARG2 (s19.c2 / concern-01
                                :ARG0-of (s19.c / cause-01
                                                :ARG1 (s19.s / say-01
                                                             :ARG0 (s19.i / i
                                                                          :same-as s2.i)
                                                             :ARG1 (s19.k / know-01
                                                                          :ARG0 (s19.y / you)
                                                                          :ARG1 (s19.t / thing
                                                                                       :ARG1-of (s19.d / do-02
                                                                                                       :ARG0 s19.i
                                                                                                       :ARG1 (s19.i2 / it)
                                                                                                       :polarity "-")))))
                                :ARG1 s19.i
                                :mod (s19.s2 / still)))
   :snt20 (s20.a / and
                 :op2 (s20.c / come-01
                             :ARG1 (s20.t2 / trip-03
                                           :ARG1-of (s20.g / guilty-01)
                                           :quant "1")
                             :time (s20.t / then))
                 :rel (s20.i2 / include-91
                              :ARG2 (s20.t3 / trip-03
                                            :ARG1 (s20.i / i
                                                         :same-as s2.i)
                                            :ARG1-of (s20.h / have-degree-91
                                                            :ARG2 (s20.b / big)
                                                            :ARG3 (s20.m / most)
                                                            :ARG5 (s20.l / life
                                                                         :poss s20.i))
                                            :ARG3 s20.g)))
   :snt21 (s21.c2 / come-03
                  :ARG0-of (s21.c / cause-01
                                  :ARG1 (s21.m / mean-01
                                               :ARG1 (s21.t / that)
                                               :ARG2 (s21.l / lot)))
                  :ARG1 (s21.t2 / this)
                  :ARG2 (s21.g / guy
                               :mod (s21.r / religious-group
                                           :name (s21.n / name
                                                        :op1 "Jew"))
                               :same-as s3.p)
                  :ARG2-of (s21.r2 / right-06))
   :snt22 (s22.a2 / and
                  :op2 (s22.s / say-01
                              :ARG0 (s22.h / he
                                           :same-as s3.p)
                              :ARG1 (s22.w / wrong-02
                                           :ARG1 (s22.a / amr-unknown)
                                           :ARG2 (s22.p / person
                                                        :name (s22.n / name
                                                                     :op1 "Dan")
                                                        :ARG2-of s22.s
                                                        :same-as s2.i))))
   :snt23 (s23.e / enjoy-01
                 :ARG0 (s23.y / you
                              :same-as s2.i)
                 :ARG1 (s23.l / look-02
                              :ARG0 s23.y
                              :ARG1 (s23.s / symmetric
                                           :polarity "-"))
                 :polarity (s23.a / amr-unknown))
   :snt24 (s24.h / have-03
                 :ARG0 (s24.y / you
                              :same-as s2.i)
                 :ARG1 (s24.p2 / pleasure
                               :ARG1-of (s24.p / pervert-01)
                               :mod (s24.k / kind
                                           :mod (s24.s / some))
                               :source (s24.t / this))
                 :polarity (s24.a / amr-unknown))
   :snt25 (s25.a2 / and
                  :op1 (s25.f / feel-01
                              :ARG0 (s25.w / woman)
                              :ARG1 (s25.p / pity-01
                                           :ARG0 s25.w
                                           :ARG1 (s25.y / you
                                                        :same-as s2.i)))
                  :op2 (s25.s / sex-01
                              :ARG0 s25.w
                              :ARG1 s25.y
                              :ARG1-of (s25.h / have-degree-91
                                              :ARG2 (s25.f2 / frequent-02
                                                            :ARG1 s25.s)
                                              :ARG3 (s25.m / more)))
                  :polarity (s25.a / amr-unknown))
   :snt26 (s26.e / event
                 :mod (s26.t / that
                             :ARG1-of (s26.i / include-91
                                             :ARG2 (s26.t2 / that)
                                             :ARG3 (s26.n / none))))
   :snt27 (s27.a / and
                 :op2 (s27.s / surprise-01
                             :ARG0 (s27.t / this)
                             :ARG1 (s27.i / i
                                          :same-as s2.i)
                             :ARG1-of (s27.c / cause-01
                                             :ARG0 (s27.a2 / and
                                                           :op1 (s27.g2 / go-12
                                                                        :ARG1 s27.i
                                                                        :ARG2 (s27.t4 / treat-03
                                                                                      :quant (s27.m / many)
                                                                                      :ARG1 s27.i))
                                                           :op2 (s27.g / get-01
                                                                       :ARG0 s27.i
                                                                       :ARG1 (s27.t6 / trip-03
                                                                                     :ARG3 (s27.g3 / guilt)
                                                                                     :mod (s27.t2 / this)
                                                                                     :same-as s20.i2)
                                                                       :degree (s27.e2 / extent
                                                                                       :mod (s27.t3 / this))
                                                                       :time (s27.e / ever)
                                                                       :polarity "-")))
                             :degree (s27.v / very))
                 :rel (s27.t5 / treat-03
                              :ARG1-of (s27.d2 / do-02
                                               :ARG0 s27.i
                                               :ARG1-of (s27.d / decide-01
                                                               :ARG0 s27.t5)
                                               :polarity "-")))
   :snt28 (s28.c / contrast-01
                 :ARG2 (s28.d / decide-01
                              :ARG0 (s28.i / i
                                           :same-as s2.i)
                              :ARG1 (s28.t2 / treat-01
                                            :ARG1 s28.i
                                            :ARG2 (s28.t / this)
                                            :polarity "-")))
   :snt29 (s29.a2 / and
                  :op2 (s29.a3 / and
                               :op1 (s29.g / go-02
                                           :ARG0 (s29.i / i
                                                        :same-as s2.i)
                                           :ARG4 (s29.p / person
                                                        :ARG0-of (s29.h / have-org-role-91
                                                                        :ARG1 (s29.h2 / he
                                                                                      :same-as s3.p)
                                                                        :ARG2 (s29.d / deputy))))
                               :op2 (s29.a4 / ask-01
                                            :ARG0 s29.i
                                            :ARG1 (s29.g2 / go-on-15
                                                          :ARG1 (s29.a / amr-unknown))
                                            :ARG2 s29.p)))
   :snt30 (s30.c / come-03
                 :ARG1 (s30.t2 / trip
                               :mod (s30.g / guilt)
                               :mod (s30.t / this)
                               :same-as s20.i2)
                 :ARG2 (s30.a / amr-unknown))
   :snt31 (s31.a2 / and
                  :op2 (s31.e / explain-01
                              :ARG0 (s31.h / he
                                           :same-as s29.p)
                              :ARG1 (s31.a3 / and
                                            :op1 (s31.d / do-02
                                                        :ARG0 (s31.t / they)
                                                        :ARG1 (s31.p4 / procedure
                                                                      :mod (s31.t2 / this)
                                                                      :same-as s28.t)
                                                        :ARG2 (s31.p2 / patient
                                                                      :quant "2")
                                                        :time (s31.a / already))
                                            :op2 (s31.n / need-01
                                                        :purpose (s31.p / paper
                                                                        :ARG1-of (s31.w / write-01
                                                                                        :ARG0 s31.t))
                                                        :ARG0 s31.t
                                                        :ARG1 (s31.p3 / patient
                                                                      :ord (s31.o / ordinal-entity
                                                                                  :value "3"))))))
   :snt32 (s32.t / think-01
                 :ARG0 (s32.y / you)
                 :ARG1 (s32.s / schmuck
                              :domain (s32.g / guy
                                             :mod (s32.t2 / this)
                                             :same-as s29.p))
                 :mod (s32.p / probable)
                 :time (s32.n / now))
   :snt33 (s33.c / contrast-01
                 :ARG2 (s33.l / let-01
                              :ARG0 (s33.y / you)
                              :ARG1 (s33.g / give-01
                                           :ARG0 (s33.i / i
                                                        :same-as s2.i)
                                           :ARG1 (s33.p / perspective
                                                        :ARG1-of (s33.d / differ-02)
                                                        :topic (s33.s2 / story
                                                                       :ARG1-of (s33.s / same-01)))
                                           :ARG2 s33.y)))
   :snt34 (s34.r / run-01
                 :ARG0 (s34.i / i
                              :same-as s2.i)
                 :ARG1 (s34.e / experiment-01
                              :quant (s34.s / some)
                              :ARG0 s34.i
                              :ARG1-of (s34.i2 / include-91
                                               :ARG2 (s34.e2 / experiment-01
                                                             :ARG0 s34.i)))
                 :location (s34.l / lab)
                 :time (s34.b / before
                              :quant (s34.f / few
                                            :op1 (s34.t / temporal-quantity
                                                        :unit (s34.y / year)
                                                        :quant "1"))
                              :op1 (s34.n / now)))
   :snt35 (s35.a / and
                 :op2 (s35.h / hope-01
                             :ARG0 (s35.w / we)
                             :ARG1 (s35.b / behave-01
                                          :ARG0 (s35.g / group)
                                          :ARG1 (s35.d / differ-02
                                                       :ARG1 s35.g
                                                       :ARG2 (s35.g2 / group
                                                                     :mod (s35.a2 / another))))
                             :mod (s35.u / usual)
                             :time (s35.r / run-01
                                          :ARG0 s35.w
                                          :ARG1 (s35.e / experiment-01))))
   :snt36 (s36.a2 / and
                  :op1 (s36.h2 / have-03
                               :ARG0 (s36.w / we
                                            :same-as s35.w)
                               :ARG1 (s36.a / and
                                            :op1 (s36.g3 / group
                                                         :quant (s36.o / one)
                                                         :ARG0-of (s36.h4 / hope-01
                                                                          :ARG0 (s36.i / i
                                                                                       :same-as s2.i)
                                                                          :ARG1 (s36.p / perform-01
                                                                                       :ARG0 s36.g3
                                                                                       :ARG1-of (s36.h3 / high-02
                                                                                                        :degree (s36.v / very)))))
                                            :op2 (s36.g4 / group
                                                         :mod (s36.a3 / another))))
                  :op2 (s36.g2 / get-01
                               :ARG0 s36.w
                               :ARG1 (s36.t / thing
                                            :ARG2-of (s36.r / result-01))
                               :time (s36.g / get-01
                                            :ARG0 s36.i
                                            :ARG1 s36.t))
                  :op3 (s36.h / happy-01
                              :ARG1 s36.i
                              :ARG2-of (s36.e / except-01
                                              :ARG1 (s36.p3 / person
                                                            :quant "1"))
                              :degree (s36.v3 / very))
                  :rel (s36.l / low-04
                              :ARG1 (s36.p2 / perform-01
                                            :ARG0 s36.g4
                                            :ARG1-of (s36.t2 / think-01
                                                             :ARG0 s36.i)
                                            :ARG2 s36.l)
                              :degree (s36.v2 / very)))
   :snt37 (s37.p3 / person
                  :ARG0-of (s37.p2 / perform-01
                                   :ARG1-of (s37.a / actual-02)
                                   :ARG2-of (s37.t / terrible-02)
                                   :same-as s36.g3)
                  :ARG1-of (s37.i / include-91
                                  :ARG2 (s37.g / group))
                  :ARG1-of (s37.s / suppose-02
                                  :ARG2 (s37.h / have-03
                                               :ARG1 (s37.p / perform-01
                                                            :ARG1-of (s37.h2 / high-02
                                                                             :degree (s37.v / very))
                                                            :ARG0 s37.p3)
                                               :ARG0 s37.p3))
                  :quant "1"
                  :same-as s36.p3)
   :snt38 (s38.a / and
                 :op2 (s38.p / pull-01
                             :ARG0 (s38.h / he
                                          :same-as s36.p3)
                             :ARG0-of (s38.d / destroy-01
                                             :ARG1 (s38.s / significant-02
                                                          :ARG0 (s38.t / test-01)
                                                          :ARG1 (s38.i / i
                                                                       :same-as s2.i)
                                                          :mod (s38.s2 / statistic)))
                             :ARG1 (s38.m / mean
                                          :mod (s38.w / whole))
                             :ARG2 (s38.d2 / down)))
   :snt39 (s39.c2 / cause-01
                  :ARG1 (s39.l / look-01
                               :ARG0 (s39.i / i
                                            :same-as s2.i)
                               :ARG1 (s39.g / guy
                                            :mod (s39.t / this)
                                            :same-as s36.p3)
                               :ARG1-of (s39.c / care-04)))
   :snt40 (s40.a / age-01
                 :ARG1 (s40.h / he
                              :same-as s36.p3)
                 :ARG3 (s40.m / more
                              :quant (s40.s2 / some
                                             :op1 (s40.t / temporal-quantity
                                                         :unit (s40.y / year)
                                                         :quant "20")))
                 :ARG4 (s40.a2 / anybody
                               :ARG1-of (s40.s / sample-01)
                               :mod (s40.e / else)))
   :snt41 (s41.a / and
                 :op2 (s41.r / remember-01
                             :ARG0 (s41.i / i
                                          :same-as s2.i)
                             :ARG1 (s41.a2 / and
                                           :op1 (s41.c2 / come-01
                                                        :ARG0-of (s41.w / want-01
                                                                        :ARG1 (s41.m / make-05
                                                                                     :ARG0 (s41.g / guy
                                                                                                  :mod (s41.d2 / drunken)
                                                                                                  :mod (s41.o / old))
                                                                                     :ARG1 (s41.c / cash
                                                                                                  :ARG1-of (s41.e / easy-05)
                                                                                                  :mod (s41.s / some))))
                                                        :ARG1 s41.g
                                                        :ARG4 (s41.l / lab
                                                                     :same-as s34.l)
                                                        :time (s41.d / day
                                                                     :mod (s41.o2 / one)))
                                           :op2 (s41.g2 / guy
                                                        :domain (s41.t / this
                                                                       :same-as s36.p3)
                                                        :domain s41.g
                                                        :same-as s36.p3))))
   :snt42 (s42.t / think-01
                 :ARG0 (s42.i / i
                              :same-as s2.i)
                 :ARG1 (s42.f / fantastic-02
                              :mode "expressive")
                 :ARG2 (s42.t2 / throw-out-06
                               :ARG0 (s42.w / we)
                               :ARG1 (s42.h / he
                                            :same-as s36.p3)
                               :mode "imperative"))
   :snt43 (s43.i / include-01
                 :ARG0 (s43.a / amr-unknown)
                 :ARG1 (s43.g / guy
                              :ARG0-of (s43.d / drink-01))
                 :ARG2 (s43.t / thing
                              :ARG1-of (s43.s / sample-01))
                 :time (s43.e / ever))
   :snt44 (s44.c2 / contrast-01
                  :ARG2 (s44.a3 / and
                                :op1 (s44.t3 / think-01
                                             :ARG0 (s44.w / we
                                                          :same-as s35.w)
                                             :ARG1 (s44.i2 / it)
                                             :prep-with (s44.p / person
                                                               :ARG0-of (s44.s2 / study-01
                                                                                :ARG2 (s44.i / i
                                                                                             :same-as s2.i))))
                                :op2 (s44.s / say-01
                                            :ARG0 s44.w
                                            :ARG1 (s44.e / event
                                                         :condition (s44.c / condition
                                                                           :domain (s44.g / guy
                                                                                          :mod (s44.d2 / drunken)
                                                                                          :mod (s44.t4 / this)
                                                                                          :same-as s36.p3)
                                                                           :mod (s44.t2 / that)
                                                                           :polarity "-")
                                                         :mod (s44.a2 / amr-unknown)))
                                :time (s44.a / after
                                             :quant (s44.c3 / couple
                                                            :op1 (s44.t / temporal-quantity
                                                                        :unit (s44.d / day)
                                                                        :quant "1")))))
   :snt45 (s45.h / have-condition-91
                 :ARG1 (s45.a / amr-unknown)
                 :ARG2 (s45.i / include-91
                              :ARG1 (s45.h2 / he
                                            :same-as s36.p3)
                              :ARG2 (s45.g / group
                                           :mod (s45.o / other)
                                           :same-as s36.t2)))
   :snt46 (s46.t2 / throw-out-06
                  :ARG0 (s46.w / we
                               :same-as s35.w)
                  :ARG1 (s46.h / he
                               :same-as s36.p3)
                  :mod (s46.t / then)
                  :polarity (s46.a / amr-unknown))
   :snt47 (s47.a / and
                 :op1 (s47.p / probable
                             :domain (s47.l / look-01
                                            :ARG0 (s47.w / we
                                                         :same-as s35.w)
                                            :ARG1 (s47.d / data)
                                            :mod (s47.a2 / at-all)
                                            :polarity "-"))
                 :op2 (s47.s / say-01
                             :ARG0 s47.w
                             :ARG1 (s47.f / fantastic-02
                                          :ARG1 s47.d
                                          :mode "expressive")
                             :condition (s47.l2 / look-01
                                                :ARG0 s47.w
                                                :ARG1 s47.d)
                             :mod (s47.p2 / probable)))
   :snt48 (s48.c / cause-01
                 :ARG0 (s48.p3 / pull-01
                               :ARG0 (s48.g3 / guy
                                             :ARG0-of (s48.p / perform-02
                                                             :degree (s48.l / low-04
                                                                            :degree (s48.t / this)))
                                             :ARG1-of (s48.s / smart-06
                                                             :degree (s48.s2 / so)))
                               :ARG0-of (s48.g / give-01
                                               :ARG1 (s48.r / result
                                                            :ARG1-of (s48.h2 / have-degree-91
                                                                             :ARG2 (s48.s4 / strong-02
                                                                                           :ARG1 s48.r
                                                                                           :mod (s48.e / even))
                                                                             :ARG3 (s48.m3 / more)
                                                                             :ARG4 (s48.p2 / possible-01
                                                                                           :ARG1 (s48.w / we
                                                                                                        :same-as s35.w)))
                                                            :mod (s48.s3 / statistic))
                                               :ARG2 s48.w)
                               :ARG1 (s48.m / mean
                                            :poss (s48.g2 / group
                                                          :same-as s36.t2))
                               :ARG2 (s48.l2 / low-04
                                             :ARG1 s48.m
                                             :ARG2-of (s48.h / have-degree-91
                                                             :ARG1 s48.m
                                                             :ARG3 (s48.m2 / more))))
                 :ARG1 s48.g3)
   :snt49 (s49.c / cause-01
                 :ARG1 (s49.d / decide-01
                              :ARG0 (s49.w / we
                                           :same-as s35.w)
                              :ARG1 (s49.a / and
                                           :op1 (s49.t / throw-out-06
                                                       :ARG0 s49.w
                                                       :ARG1 (s49.g / guy
                                                                    :same-as s36.p3)
                                                       :polarity "-")
                                           :op2 (s49.r / rerun-01
                                                       :ARG0 s49.w
                                                       :ARG1 (s49.e / experiment
                                                                    :same-as s38.t)))))
   :snt50 (s50.c2 / contrast-01
                  :ARG1-of (s50.k2 / know-01
                                   :ARG0 (s50.y / you))
                  :ARG2 (s50.b2 / bring-01
                                :ARG0 (s50.a / and
                                             :op1 (s50.s / story
                                                         :mod (s50.t / this))
                                             :op2 (s50.e / experiment-01
                                                         :quant (s50.l / lot)
                                                         :ARG0 (s50.w / we
                                                                      :same-as s35.w)
                                                         :ARG1 (s50.c / conflict-01
                                                                      :ARG2 (s50.i2 / interest-01))
                                                         :mod (s50.o / other)))
                                :ARG1 (s50.p / point
                                             :quant "2")
                                :ARG2 (s50.f / foreground)
                                :beneficiary (s50.i / i
                                                    :same-as s2.i)
                                :degree (s50.k / kind-of)
                                :mod (s50.b / basic)))
   :snt51 (s51.e / encounter-01
                 :ARG0 (s51.w3 / we
                               :part (s51.f / face))
                 :ARG1 (s51.p / person
                              :quant (s51.m / many)
                              :ARG0-of (s51.t2 / try-01
                                               :ARG1 (s51.t / tattoo-01
                                                            :ARG0 s51.p
                                                            :ARG2 s51.f)
                                               :manner (s51.o / or
                                                              :op1 (s51.w / way
                                                                          :mod (s51.s / some))
                                                              :op2 (s51.w2 / way
                                                                           :mod (s51.a / another)))))
                 :ord (s51.o2 / ordinal-entity
                              :value "1")
                 :time (s51.l / live-01
                              :ARG0 s51.w3))
   :snt52 (s52.h / have-03
                 :ARG0 (s52.t / they
                              :same-as s51.p)
                 :ARG1 (s52.t2 / thing
                               :ARG0-of (s52.i / incentivize-01
                                               :ARG1 s52.t)
                               :ARG0-of (s52.g / get-04
                                               :ARG1 (s52.a2 / and
                                                             :op1 (s52.b2 / blind-02
                                                                          :ARG1 s52.t
                                                                          :ARG2 (s52.r / reality))
                                                             :op2 (s52.g2 / give-01
                                                                          :ARG0 s52.t
                                                                          :ARG1 (s52.t3 / thing
                                                                                        :ARG1-of (s52.b / bias-01
                                                                                                        :mod (s52.i2 / inherent))
                                                                                        :ARG2-of (s52.a / advise-01))
                                                                          :ARG2 (s52.w / we)))))
                 :mod (s52.j / just))
   :snt53 (s53.a2 / and
                  :op1 (s53.s3 / sure-02
                               :ARG0 (s53.i / i
                                            :same-as s2.i)
                               :ARG1 (s53.s2 / something
                                             :ARG1-of (s53.r / recognize-02
                                                             :ARG0 (s53.w / we
                                                                          :mod (s53.a / all)))
                                             :domain (s53.i2 / it)))
                  :op2 (s53.s / see-01
                              :ARG0 s53.w
                              :ARG1 s53.r))
   :snt54 (s54.c / contrast-01
                 :ARG1 (s54.p / possible-01
                              :ARG1 (s54.r / recognize-02
                                           :ARG0 (s54.w / we
                                                        :same-as s53.w)
                                           :ARG1 (s54.i / it
                                                        :same-as s53.i2)
                                           :frequency (s54.t / time
                                                             :mod (s54.e / every))
                                           :polarity "-"))
                 :ARG2 (s54.u / understand-01
                              :ARG0 s54.w
                              :ARG1 s54.i))
   :snt55 (s55.t / thing
                 :ARG1-of (s55.h / have-degree-91
                                 :ARG2 (s55.d / difficult)
                                 :ARG3 (s55.m / most))
                 :domain (s55.r / recognize-02
                                :ARG1 (s55.b / blind-01
                                             :ARG0 (s55.t2 / thing
                                                           :ARG0-of (s55.i / incentivize-01
                                                                           :ARG1 (s55.w / we)
                                                                           :mod (s55.t3 / too)))
                                             :ARG1 s55.w
                                             :frequency (s55.s / sometimes)
                                             :mod s55.t3))
                 :mod (s55.o / of-course))
   :snt56 (s56.a / and
                 :op2 (s56.l / lesson
                             :ARG1-of (s56.h / have-degree-91
                                             :ARG2 (s56.d / difficult)
                                             :ARG3 (s56.m / more
                                                          :quant (s56.m2 / much)))
                             :ARG1-of (s56.t / take-into-account-04)
                             :domain (s56.t2 / that)))
   :snt57 (s57.c / cause-01
                 :ARG0 (s57.s / see-01
                              :ARG0 (s57.w / we)
                              :ARG1 (s57.t / thing
                                           :manner-of (s57.w2 / work-09
                                                              :ARG0 (s57.c2 / conflict-01
                                                                            :ARG2 (s57.i / interest-01))
                                                              :ARG1 s57.w))
                              :polarity "-"))
   :snt58 (s58.h / help-01
                 :ARG0 (s58.i / i
                              :same-as s2.i)
                 :ARG1 (s58.s / science)
                 :location (s58.m / mind
                                  :poss s58.i)
                 :time (s58.e / experiment-01
                              :ARG0 s58.i
                              :mod (s58.t / this)))
   :snt59 (s59.e / eliminate-01
                 :purpose (s59.g / get-04
                                 :ARG0 (s59.i / i
                                              :same-as s2.i)
                                 :ARG1 (s59.s / shine-01
                                              :ARG1 (s59.p / pattern-01
                                                           :ARG1 (s59.d / data)
                                                           :ARG1-of (s59.t2 / true-01))
                                              :manner (s59.t / through)))
                 :ARG0 s59.i
                 :ARG1 s59.d)
   :snt60 (s60.d / do-02
                 :ARG0 (s60.i / i
                              :same-as s2.i)
                 :ARG1 (s60.s / something
                              :ARG1-of (s60.b / bad-07))
                 :polarity "-")
   :snt61 (s61.k / knight
                 :ARG0-of (s61.t / try-01
                                 :ARG1 (s61.h / help-01
                                              :ARG0 (s61.i / i
                                                           :part (s61.m / mind
                                                                        :same-as s58.m)
                                                           :same-as s2.i)
                                              :ARG1 (s61.m2 / move-01
                                                            :ARG1 (s61.s / science)
                                                            :ARG2 (s61.a2 / along))))
                 :ARG1-of (s61.a / actual-02)
                 :domain s61.i
                 :location s61.m)
   :snt62 (s62.c2 / contrast-01
                  :ARG2 (s62.c / case-04
                               :ARG1 (s62.t / this)
                               :polarity "-"))
   :snt63 (s63.i3 / interfere-01
                  :ARG0 (s63.i / i
                               :same-as s2.i)
                  :ARG1 (s63.p / process-02)
                  :ARG1-of (s63.a / actual-02)
                  :manner (s63.i2 / intend-01
                                  :quant (s63.l / lot)
                                  :ARG0 s63.i
                                  :ARG1-of (s63.g / good-02)))
   :snt64 (s64.a / and
                 :op2 (s64.t2 / think-01
                              :ARG0 (s64.i / i
                                           :same-as s2.i)
                              :ARG1 (s64.c3 / challenge-01
                                            :ARG1-of (s64.r / real-04)
                                            :ARG2 (s64.a2 / and
                                                          :op1 (s64.f2 / figure-out-05
                                                                       :ARG1 (s64.l2 / location
                                                                                     :location-of (s64.c / case-04
                                                                                                         :ARG1 (s64.w2 / work-09
                                                                                                                       :ARG0 (s64.c5 / conflict-01
                                                                                                                                     :ARG0 (s64.i2 / interest-01
                                                                                                                                                   :ARG1 (s64.w / we)))
                                                                                                                       :ARG1 s64.w)
                                                                                                         :part-of (s64.l / life
                                                                                                                         :poss s64.w))))
                                                          :op2 (s64.t4 / trust-02
                                                                       :ARG0 s64.w
                                                                       :ARG1 (s64.i3 / intuition
                                                                                     :purpose (s64.o / overcome-01
                                                                                                     :ARG0 s64.c5
                                                                                                     :ARG1 (s64.i4 / it))
                                                                                     :poss s64.w)
                                                                       :ARG1-of (s64.c6 / contrast-01
                                                                                        :ARG2 (s64.t5 / try-01
                                                                                                      :ARG0 s64.w
                                                                                                      :ARG1 (s64.d2 / do-02
                                                                                                                    :ARG0 s64.w
                                                                                                                    :ARG1 (s64.t / thing
                                                                                                                                 :ARG0-of (s64.p2 / prevent-01
                                                                                                                                                  :ARG1 (s64.f / fall-07
                                                                                                                                                               :ARG1 s64.w
                                                                                                                                                               :ARG2 (s64.p3 / prey-01
                                                                                                                                                                             :ARG0 (s64.b / behave-01
                                                                                                                                                                                          :mod (s64.t3 / this))
                                                                                                                                                                             :ARG1 s64.w)))))
                                                                                                      :ARG1-of (s64.c2 / cause-01
                                                                                                                       :ARG0 (s64.p / possible-01
                                                                                                                                    :ARG1 (s64.c7 / create-01
                                                                                                                                                  :ARG0 s64.w
                                                                                                                                                  :ARG1 (s64.c4 / circumstance
                                                                                                                                                                :quant (s64.l3 / lot)
                                                                                                                                                                :ARG1-of (s64.d / desire-01
                                                                                                                                                                                :polarity "-")))))))
                                                                       :polarity "-")))))
   :snt65 (s65.w / want-01
                 :ARG0 (s65.i / i
                              :same-as s2.i)
                 :ARG1 (s65.l / leave-02
                              :ARG0 s65.i
                              :ARG1 (s65.t / thing
                                           :ARG1-of (s65.t2 / think-01
                                                            :ARG0 (s65.y / you)
                                                            :mod (s65.p / positive))
                                           :quant "1")
                              :ARG2 s65.y))
   :snt66 (s66.m / mean-01
                 :ARG0 (s66.i / i
                              :same-as s2.i)
                 :ARG1 (s66.d / depress-01
                              :ARG0 (s66.t / this
                                           :mod (s66.a / all))
                              :degree (s66.v / very)
                              :example (s66.a2 / and
                                               :op1 (s66.c / conflict-01
                                                           :ARG0 (s66.p / person)
                                                           :ARG2 (s66.i2 / interest-01))
                                               :op2 (s66.s / see-01
                                                           :ARG0 (s66.w / we)
                                                           :ARG1 s66.c
                                                           :polarity "-")
                                               :op3 (s66.e / et-cetera))))
   :snt67 (s67.t4 / think-01
                  :ARG0 (s67.i / i
                               :same-as s2.i)
                  :ARG1 (s67.p / perspective
                               :domain (s67.p3 / possible-01
                                               :ARG1 (s67.h / hope-01
                                                            :ARG0 (s67.w / we)
                                                            :ARG1 (s67.f3 / fix-02
                                                                          :ARG0 s67.w
                                                                          :ARG1 (s67.t3 / thing))
                                                            :ARG1-of (s67.a / actual-02))
                                               :condition (s67.a3 / and
                                                                  :op1 (s67.u / understand-01
                                                                              :ARG0 s67.w
                                                                              :ARG1 (s67.g / go-08
                                                                                           :ARG1 s67.w
                                                                                           :ARG2 (s67.w2 / wrong-02)))
                                                                  :op2 (s67.u2 / understand-01
                                                                               :ARG0 s67.w
                                                                               :ARG1 (s67.m / mechanism
                                                                                            :ARG1-of (s67.d / deep-02)
                                                                                            :part-of (s67.a4 / and
                                                                                                             :op1 (s67.t / thing
                                                                                                                         :ARG0-of (s67.c / cause-01
                                                                                                                                         :ARG1 (s67.f / fail-01
                                                                                                                                                      :ARG1 s67.w)))
                                                                                                             :op2 (s67.t2 / thing
                                                                                                                          :ARG2-of (s67.f2 / fail-01
                                                                                                                                           :ARG1 s67.w)))))))
                               :mod (s67.p2 / positive)
                               :part-of (s67.t5 / this
                                                :mod (s67.a2 / all))))
   :snt68 (s68.a / and
                 :op1 (s68.t2 / think-01
                              :ARG0 (s68.i / i
                                           :same-as s2.i)
                              :ARG1 (s68.h / hopeful-03
                                           :ARG1 (s68.t / that
                                                        :same-as s67.h))))
   :snt69 (s69.t / thank-01
                 :ARG0 (s69.i / i)
                 :ARG1 (s69.y / you
                              :same-as s2.i)
                 :mod (s69.m / much
                             :degree (s69.v / very))))

