# ::id doc-804
# ::doc_file doc-804
# ::tok http : / / www . ted . com / talks / marc_koska_the_devastating_toll_of_syringe_reuse< / url> <next_sent> Twenty - five - and - a - quarter years ago I read a newspaper article which said that one day syringes would be one of the major causes of the spread of AIDS , the transmission of AIDS . <next_sent> I thought this was unacceptable . <next_sent> So I decided to do something about it . <next_sent> Sadly , it 's come true . <next_sent> Malaria , as we all know , kills approximately one million people a year . <next_sent> The reuse of syringes now exceeds that and kills 1.3 million people a year . <next_sent> This young girl and her friend that I met in an orphanage in Delhi were HIV positive from a syringe . <next_sent> And what was so sad about this particular story was that once their parents had found out -- and do n't forget , their parents took them to the doctor -- the parents threw them out on the street . <next_sent> And hence they ended up in an orphanage . <next_sent> And it comes from situations like this where you have either skilled or unskilled practitioners , blindly giving an injection to someone . <next_sent> And the injection is so valuable , that the people basically trust the doctor , being second to God , which I 've heard many times , to do the right thing . <next_sent> But in fact they 're not . <next_sent> And you can understand , obviously , the transmission problem between people in high - virus areas . <next_sent> This video we took undercover , which shows you , over a half an hour period , a tray of medicines of 42 vials , which are being delivered with only 2 syringes in a public hospital in India . <next_sent> And over the course of half an hour , not one syringe was filmed being unwrapped . <next_sent> They started with two and they ended with two . <next_sent> And you 'll see , just now , a nurse coming back to the tray , which is their sort of modular station , and dropping the syringe she 's just used back in the tray for it to be picked up and used again . <next_sent> So you can imagine the scale of this problem . <next_sent> And in fact in India alone , 62 percent of all injections given are unsafe . <next_sent> These kids in Pakistan do n't go to school . <next_sent> And that job is that they go around and pick up syringes from the back of hospitals , wash them , and in the course of this , obviously picking them up they injure themselves . <next_sent> And then they repackage them and sell them out on markets for literally more money than a sterile syringe in the first place , which is quite bizarre . <next_sent> In an interesting photo , their father , while we were talking to him , picked up a syringe and pricked his finger -- I do n't know whether you can see the drop of blood on the end -- and immediately whipped out a box of matches , lit one , and burned the blood off the end of his finger , giving me full assurance that that was the way that you stopped the transmission of HIV . <next_sent> In China , recycling is a major issue . <next_sent> And they are collected en mass -- you can see the scale of it here -- and sorted out , by hand , back into the right sizes , and then put back out on the street . <next_sent> So recycling and reuse are the major issues here . <next_sent> But there was one interesting anecdote that I found in Indonesia . <next_sent> In all schools in Indonesia , there is usually a toy seller in the playground . <next_sent> The toy seller , in this case , had syringes , which they usually do , next door to the diggers , which is obviously what you would expect . <next_sent> And they use them , in the breaks , for water pistols . <next_sent> They squirt them at each other , which is lovely and innocent . <next_sent> And they are having great fun . <next_sent> But they also drink from them while they 're in their breaks , because it 's hot . <next_sent> And they squirt the water into their mouths . <next_sent> And these are used with traces of blood visible . <next_sent> And I think , if I can just borrow this camera , I was going to show you my invention , which I came up with . <next_sent> So , it 's a norm al-looking syringe . <next_sent> You load it up in the normal way . <next_sent> This is made on existing equipment in 14 factories that we license . <next_sent> You give the injection and then put it down . <next_sent> If someone then tries to reuse it , it locks and breaks afterwards . <next_sent> It 's very , very simple . <next_sent> Thank you . <next_sent> And it costs the same as a normal syringe . <next_sent> And in comparison , a Coca - Cola is 10 times the price . <next_sent> And that will stop reusing a syringe 20 or 30 times . <next_sent> And I have an information charity which has done huge scale amount of work in India . <next_sent> And we 're very proud of giving information to people , so that little kids like this do n't do stupid things . <next_sent> Thank you very much .
(d / document
   :snt1 (s1.u / url-entity
               :value (s1.u2 / url-entity
                             :value "narcotic"))
   :snt2 (s2.r / read-01
               :ARG0 (s2.i / i)
               :ARG1 (s2.a2 / article
                            :ARG0-of (s2.s / say-01
                                           :ARG1 (s2.i2 / include-91
                                                        :ARG1 (s2.y / Syria)
                                                        :ARG2 (s2.c / cause-01
                                                                    :ARG1 (s2.a / and
                                                                                :op1 (s2.s2 / spread-02
                                                                                            :ARG1 (s2.d2 / disease
                                                                                                         :name (s2.n / name
                                                                                                                     :op1 "AIDS")))
                                                                                :op2 (s2.t2 / transmit-01
                                                                                            :ARG1 s2.d2))
                                                                    :ARG1-of (s2.m / major-02))
                                                        :time (s2.d / day)))
                            :mod (s2.n2 / newspaper))
               :time (s2.b / before
                           :quant (s2.t / temporal-quantity
                                        :unit (s2.y2 / year)
                                        :quant "25")
                           :op1 (s2.n3 / now)))
   :snt3 (s3.t / think-01
               :ARG0 (s3.i / i
                           :same-as s2.i)
               :ARG1 (s3.p / possible-01
                           :ARG1 (s3.a / accept-01
                                       :ARG1 (s3.t2 / this))
                           :polarity "-"))
   :snt4 (s4.c / cause-01
               :ARG1 (s4.d / decide-01
                           :ARG0 (s4.i / i
                                       :same-as s2.i)
                           :ARG1 (s4.d2 / do-02
                                        :ARG0 s4.i
                                        :ARG1 (s4.s / something)
                                        :ARG2 (s4.i2 / it
                                                     :same-as s3.t2))))
   :snt5 (s5.c / come-04
               :ARG0-of (s5.s / sad-02)
               :ARG1 (s5.i / it
                           :same-as s3.t2)
               :ARG2 (s5.t / true-01
                           :ARG1 s5.i))
   :snt6 (s6.k / kill-01
               :ARG0 (s6.d / disease
                           :name (s6.n / name
                                       :op1 "Malaria"))
               :ARG1 (s6.r / rate-entity-91
                           :ARG1 (s6.p / person
                                       :quant (s6.a2 / approximately
                                                     :op1 "1000000"))
                           :ARG2 (s6.t / temporal-quantity
                                       :unit (s6.y / year)
                                       :quant "1"))
               :ARG1-of (s6.k2 / know-01
                               :ARG0 (s6.w / we
                                           :mod (s6.a / all))))
   :snt7 (s7.a / and
               :op1 (s7.e / exceed-01
                          :ARG0 (s7.r2 / reuse-01
                                       :ARG1 (s7.y / Syria))
                          :ARG1 (s7.t2 / that
                                       :same-as s6.r)
                          :time (s7.n / now))
               :op2 (s7.k / kill-01
                          :ARG0 s7.r2
                          :ARG1 (s7.r / rate-entity-91
                                      :ARG1 (s7.p / person
                                                  :quant "1100000")
                                      :ARG2 (s7.t / temporal-quantity
                                                  :unit (s7.y2 / year)
                                                  :quant "1"))))
   :snt8 (s8.p2 / positive
                :ARG1-of (s8.c / cause-01
                               :ARG0 (s8.s / syringe))
                :domain (s8.a / and
                              :ARG1-of (s8.m / meet-02
                                             :ARG0 (s8.i / i
                                                         :same-as s2.i)
                                             :location (s8.o / orphanage
                                                             :location (s8.c2 / city
                                                                              :name (s8.n / name
                                                                                          :op1 "Delhi"))))
                              :op1 (s8.g / girl
                                         :mod (s8.y / young)
                                         :mod (s8.t / this))
                              :op2 (s8.p / person
                                         :ARG0-of (s8.h / have-rel-role-91
                                                        :ARG1 s8.g
                                                        :ARG2 (s8.f / friend))))
                :mod (s8.d / disease
                           :name (s8.n2 / name
                                        :op1 "HIV")))
   :snt9 (s9.a / and
               :op2 (s9.h / have-degree-91
                          :ARG1 (s9.t4 / throw-out-06
                                       :ARG0 (s9.p3 / person
                                                    :ARG0-of (s9.h2 / have-rel-role-91
                                                                    :ARG1 (s9.t2 / they
                                                                                 :same-as s8.a)
                                                                    :ARG2 (s9.p / parent)))
                                       :ARG1 s9.t2
                                       :location (s9.s4 / street)
                                       :time (s9.a2 / and
                                                    :op1 (s9.f / find-out-03
                                                               :ARG0 s9.p3
                                                               :ARG1 s9.t2)
                                                    :op2 (s9.f2 / forget-01
                                                                :ARG0 (s9.y / you)
                                                                :ARG1 (s9.t / take-01
                                                                            :ARG0 s9.p3
                                                                            :ARG1 s9.t2
                                                                            :ARG3 (s9.d / doctor))
                                                                :polarity "-")))
                          :ARG2 (s9.s / sad-02
                                      :topic (s9.s3 / story
                                                    :mod (s9.p2 / particular)
                                                    :mod (s9.t3 / this)))
                          :ARG3 (s9.s2 / so)))
   :snt10 (s10.a / and
                 :op2 (s10.c / cause-01
                             :ARG1 (s10.e / end-up-03
                                          :ARG1 (s10.t / they
                                                       :same-as s8.a)
                                          :ARG2 (s10.b / be-located-at-91
                                                       :ARG1 s10.t
                                                       :ARG2 (s10.o / orphanage)))))
   :snt11 (s11.a / and
                 :op2 (s11.c / come-03
                             :ARG1 (s11.i2 / it)
                             :ARG2 (s11.s / situation
                                          :ARG1-of (s11.r / resemble-01
                                                          :ARG2 (s11.t / this))
                                          :location-of (s11.h / have-03
                                                              :ARG0 (s11.y / you)
                                                              :ARG1 (s11.o / or
                                                                           :ARG0-of (s11.g / give-01
                                                                                           :ARG1 (s11.i / inject-01)
                                                                                           :ARG2 (s11.s4 / someone)
                                                                                           :manner (s11.b / blind-02))
                                                                           :op1 (s11.p / person
                                                                                       :ARG0-of (s11.p3 / practice-01)
                                                                                       :mod (s11.s2 / skill))
                                                                           :op2 (s11.p2 / person
                                                                                        :ARG0-of (s11.p4 / practice-01)
                                                                                        :mod s11.p3)))))
                 :rel (s11.s3 / skill
                              :polarity "-"))
   :snt12 (s12.a / and
                 :op2 (s12.h / have-degree-91
                             :ARG1 (s12.i2 / inject-01)
                             :ARG2 (s12.v / value-01
                                          :ARG1 s12.i2)
                             :ARG3 (s12.s / so)
                             :ARG6 (s12.t2 / trust-01
                                           :ARG0 (s12.p / person)
                                           :ARG1 (s12.p2 / person
                                                         :name (s12.n / name
                                                                      :op1 "God")
                                                         :domain (s12.d2 / doctor)
                                                         :ord (s12.o / ordinal-entity
                                                                     :value "2"))
                                           :ARG1 (s12.d / do-02
                                                        :ARG0 s12.d2
                                                        :ARG1 (s12.t / thing
                                                                     :ARG1-of (s12.r / right-02)))
                                           :ARG1-of (s12.h2 / hear-01
                                                            :ARG0 (s12.i / i
                                                                         :same-as s2.i)
                                                            :frequency (s12.m / many))
                                           :ARG2 s12.d2
                                           :mod (s12.b / basic))))
   :snt13 (s13.c / contrast-01
                 :ARG2 (s13.t / they
                              :polarity "-"
                              :same-as s11.s3)
                 :mod (s13.i / in-fact))
   :snt14 (s14.a / and
                 :op2 (s14.p2 / possible-01
                              :ARG1 (s14.u / understand-01
                                           :ARG0 (s14.y / you)
                                           :ARG1 (s14.p3 / problem
                                                         :topic (s14.t / transmit-01
                                                                       :ARG0 (s14.p / person
                                                                                    :location (s14.a2 / area
                                                                                                      :mod (s14.v / virus
                                                                                                                  :ARG1-of (s14.h / high-02)))))))
                              :ARG1-of (s14.o / obvious-01)))
   :snt15 (s15.v2 / video
                  :ARG0-of (s15.s / show-01
                                  :ARG1 (s15.t4 / tray
                                                :consist-of (s15.m / medicine
                                                                   :ARG1-of (s15.d / deliver-01
                                                                                   :accompanier (s15.y / Sykes
                                                                                                       :mod (s15.o / only)
                                                                                                       :quant "2")
                                                                                   :location (s15.h / hospital
                                                                                                    :ARG1-of (s15.p / public-02)
                                                                                                    :location (s15.c / country
                                                                                                                     :name (s15.n / name
                                                                                                                                  :op1 "India"))))
                                                                   :consist-of (s15.v / vial
                                                                                      :quant "42")))
                                  :ARG2 (s15.y2 / you)
                                  :duration (s15.o2 / over
                                                    :op1 (s15.t2 / temporal-quantity
                                                                 :unit (s15.h2 / hour)
                                                                 :quant "0.5")))
                  :ARG1-of (s15.t / take-01
                                  :ARG0 (s15.w / we)
                                  :ARG3 (s15.u / undercover))
                  :mod (s15.t3 / this))
   :snt16 (s16.a / and
                 :op2 (s16.f / film-01
                             :ARG1 (s16.s / syringe
                                          :ARG1-of (s16.u / unwind-01)
                                          :polarity "-")
                             :duration (s16.t / temporal-quantity
                                              :unit (s16.h / hour)
                                              :quant "0.5")))
   :snt17 (s17.a / and
                 :op1 (s17.s / start-01
                             :ARG0 (s17.t / they)
                             :ARG2 (s17.t2 / thing
                                           :quant "2"))
                 :op2 (s17.e / end-01
                             :ARG1 s17.t
                             :ARG2 (s17.t3 / thing
                                           :quant "2")))
   :snt18 (s18.a2 / and
                  :op2 (s18.s / see-01
                              :ARG0 (s18.y / you)
                              :ARG1 (s18.a3 / and
                                            :op1 (s18.c / come-01
                                                        :ARG1 (s18.n2 / nurse)
                                                        :ARG4 (s18.t / tray
                                                                     :domain (s18.s3 / station
                                                                                     :mod (s18.m / modular)
                                                                                     :mod (s18.s2 / sort)
                                                                                     :poss s18.n2)
                                                                     :same-as s15.v)
                                                        :direction (s18.b / back))
                                            :op2 (s18.d / drop-01
                                                        :purpose (s18.a4 / and
                                                                         :op1 (s18.p / pick-up-04
                                                                                     :ARG1 (s18.s4 / syringe
                                                                                                   :ARG1-of (s18.u / use-01
                                                                                                                   :ARG0 s18.n2
                                                                                                                   :location (s18.b2 / back)
                                                                                                                   :mod (s18.j2 / just))))
                                                                         :op2 (s18.u2 / use-01
                                                                                      :ARG1 s18.s4
                                                                                      :mod (s18.a / again)))
                                                        :ARG0 s18.n2
                                                        :ARG1 s18.s4)
                                            :time (s18.n / now
                                                         :mod (s18.j / just)))))
   :snt19 (s19.c / cause-01
                 :ARG1 (s19.p / possible-01
                              :ARG1 (s19.i / imagine-01
                                           :ARG0 (s19.y / you)
                                           :ARG1 (s19.s / scale-01
                                                        :ARG1 (s19.p2 / problem
                                                                      :mod (s19.t / this))))))
   :snt20 (s20.a3 / and
                  :op2 (s20.s / safe-01
                              :ARG0 (s20.i3 / inject-01
                                            :ARG1-of (s20.i2 / include-91
                                                             :ARG2 (s20.i4 / inject-01
                                                                           :ARG1-of (s20.g / give-01)
                                                                           :mod (s20.a / all))
                                                             :ARG3 (s20.p / percentage-entity
                                                                          :value "62")))
                              :location (s20.c / country
                                               :name (s20.n / name
                                                            :op1 "India")
                                               :mod (s20.a2 / alone)
                                               :same-as s15.c)
                              :mod (s20.i / in-fact)
                              :polarity "-"))
   :snt21 (s21.g / go-02
                 :ARG0 (s21.k / kid
                              :location (s21.c / country
                                               :name (s21.n / name
                                                            :op1 "Pakistan"))
                              :mod (s21.t / this))
                 :ARG4 (s21.s / school)
                 :polarity "-")
   :snt22 (s22.a / and
                 :op2 (s22.j / job
                             :domain (s22.a2 / and
                                             :op1 (s22.g / go-02
                                                         :ARG0 (s22.t2 / they
                                                                       :same-as s21.k)
                                                         :ARG4 (s22.a3 / around))
                                             :op2 (s22.p / pick-up-04
                                                         :ARG0 s22.t2
                                                         :ARG1 (s22.y / Syria)
                                                         :source (s22.b / back
                                                                        :part-of (s22.h / hospital)))
                                             :op3 (s22.w / wash-01
                                                         :ARG0 s22.t2
                                                         :ARG1 s22.y)
                                             :op4 (s22.i / injure-01
                                                         :ARG0 s22.t2
                                                         :ARG1 s22.t2
                                                         :ARG1-of (s22.o / obvious-01)
                                                         :time (s22.p2 / pick-up-04
                                                                       :ARG0 s22.t2
                                                                       :ARG1 s22.y)))
                             :mod (s22.t / that)))
   :snt23 (s23.a2 / and
                  :op2 (s23.a3 / and
                               :op1 (s23.a / Barack
                                           :ARG0 (s23.t2 / they
                                                         :same-as s21.k)
                                           :domain (s23.t3 / they
                                                           :same-as s22.y))
                               :op2 (s23.s / sell-01
                                           :ARG0 s23.t2
                                           :ARG1 s23.t3
                                           :ARG3 (s23.m2 / money
                                                         :ARG1-of (s23.h / have-quant-91
                                                                         :ARG3 (s23.m3 / more
                                                                                       :mod (s23.l / literal))
                                                                         :ARG4 (s23.s3 / syringe
                                                                                       :ARG1-of (s23.s2 / sterile-02))))
                                           :location (s23.m / market)
                                           :mod (s23.i / in-the-first-place)
                                           :mod (s23.b / bizarre
                                                       :degree (s23.q / quite)))
                               :time (s23.t / then)))
   :snt24 (s24.a / and
                 :ARG0-of (s24.g / give-01
                                 :ARG1 (s24.a3 / assure-01
                                               :ARG1 (s24.i / i
                                                            :same-as s2.i)
                                               :ARG2 (s24.w / way
                                                            :manner-of (s24.s2 / stop-01
                                                                               :ARG0 (s24.y / you)
                                                                               :ARG1 (s24.t3 / transmit-01
                                                                                             :ARG1 (s24.d / disease
                                                                                                          :name (s24.n / name
                                                                                                                       :op1 "HIV")))))
                                               :degree (s24.f4 / full))
                                 :ARG2 s24.i)
                 :concession (s24.k / know-01
                                    :ARG0 s24.i
                                    :ARG1 (s24.t4 / truth-value
                                                  :polarity-of (s24.p4 / possible-01
                                                                       :ARG1 (s24.s / see-01
                                                                                    :ARG0 s24.y
                                                                                    :ARG1 (s24.d2 / drop-01
                                                                                                  :ARG1 (s24.b / blood
                                                                                                               :location (s24.e / end))))))
                                    :polarity "-")
                 :location (s24.p2 / photo
                                   :ARG2-of (s24.i3 / interest-01))
                 :op1 (s24.t / talk-01
                             :ARG0 (s24.w2 / we
                                           :same-as s15.w)
                             :ARG2 (s24.p / person
                                          :ARG0-of (s24.h / have-rel-role-91
                                                          :ARG1 (s24.t2 / they
                                                                        :same-as s21.k)
                                                          :ARG2 (s24.f / father))
                                          :part (s24.f2 / finger
                                                        :consist s24.w)
                                          :part (s24.f3 / finger
                                                        :part s24.e2
                                                        :same-as s24.f2)))
                 :op2 (s24.p5 / prick
                              :beneficiary s24.f2)
                 :op3 (s24.a2 / and
                              :op1 (s24.w3 / whip-01
                                           :ARG0 s24.p
                                           :ARG1 (s24.b2 / box
                                                         :consist-of (s24.m / match-03))
                                           :direction (s24.o / out)
                                           :time (s24.i2 / immediate))
                              :op2 (s24.l / light-04
                                          :ARG1 s24.b2)
                              :op3 (s24.b3 / burn-01
                                           :ARG0 s24.p
                                           :ARG1 s24.b
                                           :location (s24.e2 / end
                                                             :same-as s24.e)))
                 :rel (s24.p3 / pick-up-04
                              :ARG0 s24.p
                              :ARG1 (s24.s3 / syringe))
                 :time s24.t
                 :ARG0-of s24.l)
   :snt25 (s25.i / issue-02
                 :ARG0 (s25.r / recycle-01)
                 :ARG1-of (s25.m / major-02)
                 :location (s25.c / country
                                  :name (s25.n / name
                                               :op1 "China")))
   :snt26 (s26.a / and
                 :op1 (s26.c / collect-01
                             :ARG1 (s26.t2 / they)
                             :manner (s26.m / mass-01)
                             :op2 (s26.a2 / and
                                          :op1 (s26.s4 / sort-out-02
                                                       :ARG1 s26.t2
                                                       :ARG2 (s26.s3 / size
                                                                     :ARG1-of (s26.r / right-06))
                                                       :manner (s26.h / hand)
                                                       :mod (s26.b2 / back))
                                          :op2 (s26.s2 / see-01
                                                       :ARG0 (s26.y / you)
                                                       :ARG1 (s26.s / scale
                                                                    :poss (s26.i / it))
                                                       :ARG1-of (s26.p / possible-01)
                                                       :location (s26.h2 / here))))
                 :op3 (s26.p2 / put-01
                              :ARG1 s26.t2
                              :ARG2 s26.b2
                              :ARG2 (s26.o / out
                                           :op1 (s26.s5 / street))
                              :time (s26.t / then))
                 :rel (s26.b / back))
   :snt27 (s27.i / infer-01
                 :ARG1 (s27.i2 / issue-02
                               :ARG0 (s27.a / and
                                            :op1 (s27.r / recycle-01)
                                            :op2 (s27.r2 / reuse-01))
                               :ARG1-of (s27.m / major-02)
                               :location (s27.h / here)))
   :snt28 (s28.c / contrast-01
                 :ARG2 (s28.a / anecdote
                              :ARG1-of (s28.f / find-01
                                              :ARG0 (s28.i / i
                                                           :same-as s2.i)
                                              :location (s28.c2 / country
                                                                :name (s28.n / name
                                                                             :op1 "Indonesia")))
                              :ARG2-of (s28.i2 / interest-01)
                              :quant "1"))
   :snt29 (s29.b / be-located-at-91
                 :ARG1 (s29.p / person
                              :ARG0-of (s29.s2 / sell-01
                                               :ARG1 (s29.t / toy)
                                               :location (s29.s / school
                                                                :location (s29.c / country
                                                                                 :name (s29.n / name
                                                                                              :op1 "Indonesia")
                                                                                 :same-as s28.c2)
                                                                :mod (s29.a / all))
                                               :mod (s29.u / usual)))
                 :ARG2 (s29.p2 / playground))
   :snt30 (s30.h / have-03
                 :ARG0 (s30.p / person
                              :ARG0-of (s30.s / sell-01
                                              :ARG1 (s30.t2 / toy))
                              :same-as s29.p2)
                 :ARG1 (s30.y / Sykes)
                 :ARG1-of (s30.d2 / do-02
                                  :ARG0 s30.p
                                  :mod (s30.u / usual))
                 :ARG1-of (s30.e / expect-01
                                 :ARG0 (s30.y2 / you)
                                 :ARG1-of (s30.o / obvious-01))
                 :location (s30.d3 / door
                                   :location-of (s30.p2 / person
                                                        :ARG0-of (s30.d / dig-01))
                                   :mod (s30.n / next))
                 :prep-in (s30.c / case-04
                                 :ARG1 (s30.t / this)))
   :snt31 (s31.a / and
                 :op2 (s31.u / use-01
                             :ARG0 (s31.t / they)
                             :ARG1 (s31.t2 / they
                                           :same-as s30.y)
                             :ARG2 (s31.p / pistol
                                          :purpose (s31.w / water))
                             :time (s31.b / break-19)))
   :snt32 (s32.s / squirt-01
                 :ARG0 (s32.t / they
                              :same-as s31.t)
                 :ARG1 (s32.t2 / they
                               :same-as s30.y)
                 :ARG1-of (s32.i / innocent-01)
                 :ARG2 (s32.o / other
                              :mod (s32.e / each))
                 :mod (s32.l / lovely))
   :snt33 (s33.a / and
                 :op2 (s33.f / fun-01
                             :ARG0 (s33.t / they
                                          :same-as s31.t)
                             :mod (s33.g / great)))
   :snt34 (s34.c2 / contrast-01
                  :ARG2 (s34.d / drink-01
                               :ARG0 (s34.t / they
                                            :same-as s31.t)
                               :ARG1-of (s34.c / cause-01
                                               :ARG0 (s34.h / hot-05
                                                            :ARG1 (s34.t2 / they
                                                                          :same-as s30.y)))
                               :mod (s34.a / also)
                               :source s34.t2
                               :time (s34.b / break-19
                                            :ARG0 s34.t2
                                            :same-as s31.b)))
   :snt35 (s35.a / and
                 :op2 (s35.s / squirt-01
                             :ARG0 (s35.t / they
                                          :part (s35.m / mouth)
                                          :same-as s31.t)
                             :ARG1 (s35.w / water)
                             :ARG2 s35.m))
   :snt36 (s36.a / and
                 :op2 (s36.u / use-01
                             :ARG1 (s36.t / this
                                          :same-as s30.y)
                             :manner (s36.s / see-01
                                            :ARG1 (s36.t2 / trace
                                                          :mod (s36.b / blood)))))
   :snt37 (s37.a / and
                 :op2 (s37.t2 / think-01
                              :ARG0 (s37.i / i
                                           :same-as s2.i)
                              :ARG1 (s37.s / show-01
                                           :ARG0 s37.i
                                           :ARG1 (s37.t / thing
                                                        :ARG1-of (s37.i2 / invent-01
                                                                         :ARG0 s37.i)
                                                        :ARG1-of (s37.c2 / come-up-11
                                                                         :ARG0 s37.i))
                                           :ARG2 (s37.y / you)
                                           :condition (s37.p / possible-01
                                                             :ARG1 (s37.b / borrow-01
                                                                          :ARG0 s37.i
                                                                          :ARG1 (s37.c / camera
                                                                                       :mod (s37.t3 / this))
                                                                          :mod (s37.j / just))))))
   :snt38 (s38.i / infer-01
                 :ARG1 (s38.s / syringe
                              :ARG0-of (s38.l / look-02
                                              :ARG1 (s38.n / norm))))
   :snt39 (s39.l / load-01
                 :ARG0 (s39.y / you)
                 :ARG1 (s39.i / it
                              :same-as s37.t)
                 :manner (s39.w / way
                                :ARG1-of (s39.n / normal-02)))
   :snt40 (s40.m / make-01
                 :ARG1 (s40.t / this
                              :same-as s37.t)
                 :location (s40.e / equipment
                                  :ARG1-of (s40.e2 / exist-01)
                                  :location (s40.f / factory
                                                   :ARG1-of (s40.l / license-01
                                                                   :ARG0 (s40.w / we
                                                                                :same-as s15.w))
                                                   :quant "14")))
   :snt41 (s41.a / and
                 :op1 (s41.g / give-01
                             :ARG0 (s41.y / you)
                             :ARG1 (s41.i / inject-01))
                 :op2 (s41.p / put-01
                             :ARG0 s41.y
                             :ARG1 s41.i
                             :ARG2 (s41.d / down)
                             :time (s41.t / then)))
   :snt42 (s42.a2 / and
                  :condition (s42.t2 / try-01
                                     :ARG0 (s42.s / someone)
                                     :ARG1 (s42.r / reuse-01
                                                  :ARG0 s42.s
                                                  :ARG1 (s42.i / it
                                                               :same-as s37.t))
                                     :time (s42.t / then))
                  :op1 (s42.l / lock-01
                              :ARG1 s42.i)
                  :op2 (s42.b / break-01
                              :ARG1 s42.i)
                  :time (s42.a / afterwards))
   :snt43 (s43.s / simple-02
                 :ARG1 (s43.i / it
                              :same-as s37.t)
                 :degree (s43.v / very))
   :snt44 (s44.t / thank-01
                 :ARG1 (s44.y / you))
   :snt45 (s45.a / and
                 :op2 (s45.s / same-01
                             :ARG1 (s45.m / monetary-quantity
                                          :ARG2-of (s45.c / cost-01
                                                          :ARG1 (s45.i / it
                                                                       :same-as s37.t)))
                             :ARG2 (s45.c2 / cost-01
                                           :ARG1 (s45.s2 / syringe
                                                         :ARG1-of (s45.n / normal-02)))))
   :snt46 (s46.a / and
                 :op2 (s46.c / compare-01
                             :ARG2 (s46.p / price-01
                                          :ARG1 (s46.p2 / product
                                                        :name (s46.n / name
                                                                     :op1 "Democrat"))
                                          :ARG3 (s46.t / times
                                                       :quant "10"))))
   :snt47 (s47.a / and
                 :op2 (s47.s / stop-01
                             :ARG0 (s47.t / that
                                          :same-as s46.p2)
                             :ARG1 (s47.r / reuse-01
                                          :ARG1 (s47.s2 / syringe)
                                          :ARG1-of (s47.h / have-frequency-91
                                                          :ARG2 (s47.o / or
                                                                       :op1 "20"
                                                                       :op2 "30")))))
   :snt48 (s48.a2 / and
                  :op2 (s48.h / have-03
                              :ARG0 (s48.i / i
                                           :same-as s2.i)
                              :ARG1 (s48.c / charity
                                           :ARG0-of (s48.w / work-01
                                                           :quant (s48.a / amount
                                                                         :mod (s48.l / large-scale))
                                                           :location (s48.c2 / country
                                                                             :name (s48.n / name
                                                                                          :op1 "India")
                                                                             :same-as s15.c))
                                           :mod (s48.i2 / information))))
   :snt49 (s49.a / and
                 :op2 (s49.p2 / pride-01
                              :ARG0 (s49.w / we
                                           :same-as s48.c)
                              :ARG2 (s49.g / give-01
                                           :purpose (s49.d / do-02
                                                           :ARG0 (s49.k / kid
                                                                        :ARG1-of (s49.r / resemble-01
                                                                                        :ARG2 (s49.t2 / this))
                                                                        :mod (s49.l / little))
                                                           :ARG1 (s49.t / thing
                                                                        :mod (s49.s / stupid))
                                                           :polarity "-")
                                           :ARG0 s49.w
                                           :ARG1 (s49.i / information)
                                           :ARG2 (s49.p / person))
                              :degree (s49.v / very)))
   :snt50 (s50.t / thank-01
                 :ARG0 (s50.i / i)
                 :ARG1 (s50.y / you
                              :same-as s2.i)
                 :mod (s50.m / much
                             :degree (s50.v / very))))

