# ::id doc-1094
# ::doc_file doc-1094
# ::tok http : / / www . ted . com / talks / avi_reichental_what_s_next_in_3d_printing< / url> <next_sent> My grandfather was a cobbler . <next_sent> Back in the day , he made custom - made shoes . <next_sent> I never got to meet him . <next_sent> He perished in the Holocaust . <next_sent> But I did inherit his love for making , except that it does n't exist that much anymore . <next_sent> You see , while the Industrial Revolution did a great deal to improve humanity , it eradicated the very skill that my grandfather loved , and it atrophied craftsmanship as we know it . <next_sent> But all of that is about to change with 3D printing , and it all started with this , the very first part that was ever printed . <next_sent> It 's a little older than TED . <next_sent> It was printed in 1983 by Chuck Hull , who invented 3D printing . <next_sent> But the thing that I want to talk to you about today , the big idea that I want to discuss with you , is not that 3D printing is going to catapult us into the future , but rather that it 's actually going to connect us with our heritage , and it 's going to usher in a new era of localized , distributed manufacturing that is actually based on digital fabrication . <next_sent> So think about useful things . <next_sent> You all know your shoe size . <next_sent> How many of you know the size of the bridge of your nose or the distance between your temples ? <next_sent> Anybody ? <next_sent> Would n't it be awesome if you could , for the first time , get eyewear that actually fits you perfectly and does n't require any hinge assembly , so chances are , the hinges are not going to break ? <next_sent> But the implications of 3D printing go well beyond the tips of our noses . <next_sent> When I met Amanda for the first time , she could already stand up and walk a little bit even though she was paralyzed from the waist down , but she complained to me that her suit was uncomfortable . <next_sent> It was a beautiful robotic suit made by Ekso Bionics , but it was n't inspired by her body . <next_sent> It was n't made to measure . <next_sent> So she challenged me to make her something that was a little bit more feminine , a little bit more elegant , and lightweight , and like good tailors , we thought that we would measure her digitally . <next_sent> And we did . <next_sent> We built her an amazing suit . <next_sent> The incredible part about what I learned from Amanda is a lot of us are looking at 3D printing and we say to ourselves , it 's going to replace traditional methods . <next_sent> Amanda looked at it and she said , it 's an opportunity for me to reclaim my symmetry and to embrace my authenticity . <next_sent> And you know what ? She 's not standing still . <next_sent> She now wants to walk in high heels . <next_sent> It does n't stop there . <next_sent> 3D printing is changing personalized medical devices as we know them , from new , beautiful , conformal , to millions of dental restorations and to beautiful bracings for amputees , another opportunity to emotionally reconnect with your symmetry . <next_sent> And as we sit here today , you can go wireless on your braces with clear aligners , or your dental restorations . <next_sent> Millions of in - the - ear hearing aids are already 3D printed today . <next_sent> Millions of people are served today from these devices . <next_sent> What about full knee replacements , from your data , made to measure , where all of the tools and guides are 3D printed ? <next_sent> G.E. is using 3D printing to make the next generation LEAP engine that will save fuel to the tune of about 15 percent and cost for an airline of about 14 million dollars . <next_sent> Good for G.E. , right ? <next_sent> And their customers and the environment . <next_sent> But , you know , the even better news is that this technology is no longer reserved for deep - pocketed corporations . <next_sent> Planetary Resources , a startup for space explorations is going to put out its first space probe later this year . <next_sent> It was a fraction of a NASA spaceship , it costs a fraction of its cost , and it 's made with less than a dozen moving parts , and it 's going to be out in space later this year . <next_sent> Google is taking on this very audacious project of making the block phone , the Ara . <next_sent> It 's only possible because of the development of high - speed 3D printing that for the first time will make functional , usable modules that will go into it . <next_sent> A real moonshot , powered by 3D printing . <next_sent> How about food ? <next_sent> What if we could , for the first time , make incredible delectables like this beautiful TED Teddy here , that are edible ? <next_sent> What if we could completely change the experience , like you see with that absinthe serving that is completely 3D printed ? <next_sent> And what if we could begin to put ingredients and colors and flavors in every taste , which means not only delicious foods but the promise of personalized nutrition around the corner ? <next_sent> And that gets me to one of the biggest deals about 3D printing . <next_sent> With 3D printing , complexity is free . <next_sent> The printer does n't care if it makes the most rudimentary shape or the most complex shape , and that is completely turning design and manufacturing on its head as we know it . <next_sent> Many people think that 3D printing will be the end of manufacturing as we know it . <next_sent> I think that it 's the opportunity to put tomorrow 's technology in the hands of youngsters that will create endless abundance of job opportunities , and with that , everybody can become an expert maker and an expert manufacturer . <next_sent> That will take new tools . <next_sent> Not everybody knows how to use CAD , so we 're developing haptics , perceptual devices that will allow you to touch and feel your designs as if you play with digital clay . <next_sent> When you do things like that , and we also developed things that take physical photographs that are instantly printable , it will make it easier to create content , but with all of the unimagined , we will also have the unintended , like democratized counterfeiting and ubiquitous illegal possession . <next_sent> So many people ask me , will we have a 3D printer in every home ? <next_sent> I think it 's the wrong question to ask . <next_sent> The right question to ask is , how will 3D printing change my life ? <next_sent> Or , in other words , what room in my house will 3D printing fit in ? <next_sent> So everything that you see here has been 3D printed , including these shoes at the Amsterdam fashion show . <next_sent> Now , these are not my grandfather 's shoes . <next_sent> These are shoes that represent the continuation of his passion for hyper - local manufacturing . <next_sent> My grandfather did n't get to see Nike printing cleats for the recent Super Bowl , and my father did n't get to see me standing in my hybridized 3D printed shoes . <next_sent> He passed away three years ago . <next_sent> But Chuck Hull , the man that invented it all , is right here in the house today , and thanks to him , I can say , thanks to his invention , I can say that I am a cobbler too , and by standing in these shoes I am honoring my past while manufacturing the future . <next_sent> Thank you .
(d / document
   :snt1 (s1.u / url-entity
               :polarity "-"
               :value "i")
   :snt2 (s2.p2 / person
                :ARG0-of (s2.m / make-01
                               :ARG1 (s2.c / cookie))
                :domain (s2.p / person
                              :ARG0-of (s2.h / have-rel-role-91
                                             :ARG1 (s2.i / i)
                                             :ARG2 (s2.g / grandfather))))
   :snt3 (s3.m / make-01
               :ARG0 (s3.h / he
                           :same-as s2.p)
               :ARG1 (s3.s / shoe
                           :ARG1-of (s3.m2 / make-01
                                           :ARG1-of (s3.c / customize-01)))
               :time (s3.p / past))
   :snt4 (s4.g / get-22
               :ARG0 (s4.i / i
                           :same-as s2.i)
               :ARG1 (s4.m / meet-02
                           :ARG0 s4.i
                           :ARG1 (s4.h / he
                                       :same-as s2.p))
               :time (s4.e / ever)
               :polarity "-")
   :snt5 (s5.p / perish-01
               :ARG0 (s5.h / he
                           :same-as s2.p)
               :subevent-of (s5.e / event
                                  :name (s5.n / name
                                              :op1 "Holocaust")))
   :snt6 (s6.c / contrast-01
               :ARG2 (s6.i2 / inherit-01
                            :ARG0 (s6.i / i
                                        :same-as s2.i)
                            :ARG1 (s6.l / love-01
                                        :ARG0 (s6.h / he
                                                    :same-as s2.p)
                                        :ARG1 (s6.m / make-01
                                                    :ARG0 s6.h))
                            :ARG2-of (s6.e / except-01
                                           :ARG1 (s6.e2 / exist-01
                                                        :ARG1 s6.l
                                                        :frequency (s6.m2 / much
                                                                          :mod (s6.t / that))
                                                        :time (s6.a / anymore)
                                                        :polarity "-"))))
   :snt7 (s7.c / contrast-01
               :ARG1 (s7.a / and
                           :op1 (s7.e / eradicate-01
                                      :ARG0 (s7.r / revolution-03
                                                  :mod (s7.i3 / industry))
                                      :ARG1 (s7.s2 / skill
                                                   :ARG1-of (s7.l / love-01
                                                                  :ARG0 (s7.p / person
                                                                              :ARG0-of (s7.h / have-rel-role-91
                                                                                             :ARG1 (s7.i / i
                                                                                                         :same-as s2.i)
                                                                                             :ARG2 (s7.g / grandfather))
                                                                              :same-as s2.p))
                                                   :mod (s7.v / very)))
                           :op2 (s7.w2 / wither-01
                                       :ARG0 s7.r
                                       :ARG1 (s7.c2 / craftsmanship
                                                    :ARG1-of (s7.k / know-02
                                                                   :ARG0 (s7.w / we)))))
               :ARG2 (s7.d2 / do-02
                            :ARG0 s7.r
                            :ARG1 (s7.d / deal
                                        :mod (s7.g2 / great))
                            :ARG2 (s7.i2 / improve-01
                                         :ARG0 s7.r
                                         :ARG1 (s7.h2 / humanity)))
               :mod (s7.s / see-03
                          :ARG0 (s7.y / you)))
   :snt8 (s8.c2 / contrast-01
                :ARG2 (s8.a3 / and
                             :op1 (s8.c / change-01
                                        :ARG0 (s8.p2 / print-01
                                                     :manner (s8.d / dimension
                                                                   :quant "3"))
                                        :ARG1 (s8.t2 / thing
                                                     :ARG1-of (s8.i / include-91
                                                                    :ARG2 (s8.t / that))
                                                     :mod (s8.a2 / all))
                                        :time (s8.a / about-to))
                             :op2 (s8.s / start-01
                                        :ARG1 s8.c
                                        :ARG2 (s8.t3 / this
                                                     :ARG1-of (s8.m / mean-01
                                                                    :ARG2 (s8.p / part
                                                                                :ARG1-of (s8.p3 / print-01
                                                                                                :time (s8.e / ever))
                                                                                :ord (s8.o / ordinal-entity
                                                                                           :degree (s8.v / very)
                                                                                           :value "1")))))))
   :snt9 (s9.h / have-degree-91
               :ARG1 (s9.i / it
                           :same-as s8.t3)
               :ARG2 (s9.o / old)
               :ARG3 (s9.m / more
                           :quant (s9.l / little))
               :ARG4 (s9.e / event
                           :name (s9.n / name
                                       :op1 "TED")))
   :snt10 (s10.p2 / print-01
                  :ARG0 (s10.p / person
                               :name (s10.n / name
                                            :op1 "Chuck"
                                            :op2 "Hull")
                               :ARG0-of (s10.i / invent-01
                                               :ARG1 (s10.p3 / print-01
                                                             :mod (s10.d2 / dimension
                                                                          :quant "3"))))
                  :ARG1 (s10.i2 / it
                                :same-as s8.t3)
                  :time (s10.d / date-entity
                               :year "1983"))
   :snt11 (s11.c2 / contrast-01
                  :ARG2 (s11.w2 / want-01
                                :ARG0 (s11.i / i
                                             :same-as s2.i)
                                :ARG1 (s11.d3 / discuss-01
                                              :ARG0 s11.i
                                              :ARG2 (s11.y / you)))
                  :ARG2 (s11.c3 / contrast-01
                                :ARG1 (s11.p2 / propel-01
                                              :ARG0 (s11.p / print-01
                                                           :mod (s11.d2 / dimension
                                                                        :quant "3"))
                                              :ARG1 (s11.w3 / we)
                                              :ARG2 (s11.f2 / future))
                                :ARG1 (s11.a2 / and
                                              :ARG1-of (s11.i3 / instead-of-91
                                                               :ARG2 s11.p2)
                                              :op1 (s11.c / connect-01
                                                          :ARG0 s11.p
                                                          :ARG1 s11.w3
                                                          :ARG1-of (s11.a / actual-02)
                                                          :ARG2 (s11.h / heritage
                                                                       :poss s11.w3))
                                              :op2 (s11.u / usher-in-01
                                                          :ARG0 s11.p
                                                          :ARG1 (s11.e / era
                                                                       :ARG1-of (s11.n / new-01)
                                                                       :time-of (s11.m / manufacture-01
                                                                                       :ARG1-of (s11.d4 / distribute-01)
                                                                                       :ARG1-of (s11.l / localize-01)
                                                                                       :ARG1-of (s11.b / base-02
                                                                                                       :ARG2 (s11.f / fabricate-01
                                                                                                                    :mod (s11.d / digital)))))))
                                :ARG2 (s11.i2 / idea
                                              :mod (s11.b2 / big)))
                  :rel (s11.t / talk-01
                              :ARG0 s11.i
                              :ARG1-of (s11.w / want-01
                                              :ARG0 s11.i)
                              :ARG2 s11.y
                              :time (s11.t2 / today)))
   :snt12 (s12.t2 / think-01
                  :ARG0 (s12.y / you)
                  :ARG2 (s12.t / thing
                               :ARG1-of (s12.u / useful-05))
                  :mode "imperative")
   :snt13 (s13.k / know-01
                 :ARG0 (s13.y / you
                              :mod (s13.a / all))
                 :ARG1 (s13.s2 / size
                               :mod (s13.s / shoe
                                           :poss s13.y)))
   :snt14 (s14.k / know-01
                 :ARG0 (s14.p / person
                              :quant (s14.a / amr-unknown)
                              :ARG1-of (s14.i / include-91
                                              :ARG2 (s14.y / you
                                                           :part (s14.n / nose
                                                                        :part s14.b2)
                                                           :part (s14.t / temple)
                                                           :same-as s13.y)))
                 :ARG1 (s14.o / or
                              :op1 (s14.s / size
                                          :poss (s14.b2 / bridge))
                              :op2 (s14.d / distance
                                          :location (s14.b / between
                                                           :op1 s14.t))))
   :snt15 (s15.a2 / anybody
                  :polarity (s15.a / amr-unknown))
   :snt16 (s16.a3 / awesome-03
                  :ARG1 (s16.p2 / possible-01
                                :ARG1 (s16.g / get-01
                                             :ARG0 (s16.y / you)
                                             :ARG1 (s16.e / eyewear
                                                          :ARG0-of (s16.r2 / require-01
                                                                           :ARG0-of (s16.c / cause-01
                                                                                           :ARG1 (s16.p3 / possible-01
                                                                                                         :ARG1 (s16.b / break-01
                                                                                                                      :ARG1 (s16.i / Hinge)
                                                                                                                      :polarity "-")))
                                                                           :ARG1 (s16.a2 / assemble-01
                                                                                         :ARG1 (s16.h / hinge))
                                                                           :polarity "-")
                                                          :ARG1-of (s16.f / fit-06
                                                                          :ARG1-of (s16.a / actual-02)
                                                                          :ARG2 s16.y
                                                                          :degree (s16.p / perfect-02)))
                                             :ord (s16.o / ordinal-entity
                                                         :value "1")))
                  :ARG1-of (s16.r / request-confirmation-91))
   :snt17 (s17.c / contrast-01
                 :ARG2 (s17.g / go-01
                              :ARG1 (s17.i / implicate-01
                                           :ARG0 (s17.p / print-01
                                                        :ARG3 (s17.d / dimension
                                                                     :quant "3")))
                              :ARG4 (s17.b / beyond
                                           :degree (s17.w2 / well)
                                           :op1 (s17.t / tip-05
                                                       :ARG1 (s17.n / nose
                                                                    :part-of (s17.w / we))))))
   :snt18 (s18.c3 / contrast-01
                  :ARG1 (s18.p3 / possible-01
                                :ARG1 (s18.a2 / and
                                              :concession (s18.p / paralyze-01
                                                                 :ARG1 (s18.p2 / person
                                                                               :name (s18.n / name
                                                                                            :op1 "Amanda")
                                                                               :same-as s18.n)
                                                                 :prep-from (s18.w / waist
                                                                                   :direction (s18.d / down)))
                                              :op1 (s18.s / stand-up-07
                                                          :ARG1 s18.p2)
                                              :op2 (s18.w2 / walk-01
                                                           :ARG0 s18.p2
                                                           :degree (s18.b / bit
                                                                          :mod (s18.l / little))))
                                :time (s18.m / meet-03
                                             :ARG0 (s18.i / i
                                                          :same-as s2.i)
                                             :ARG1 s18.p2
                                             :ord (s18.o / ordinal-entity
                                                         :value "1"))
                                :time (s18.a / already))
                  :ARG2 (s18.c2 / complain-01
                                :ARG0 s18.p2
                                :ARG1 (s18.c / comfortable-02
                                             :ARG0 (s18.s2 / suit
                                                           :poss s18.p2)
                                             :ARG1 s18.p2
                                             :polarity "-")
                                :ARG2 s18.i))
   :snt19 (s19.c2 / contrast-01
                  :ARG1 (s19.s2 / suit
                                :ARG1-of (s19.b / beautiful-02)
                                :ARG1-of (s19.m / make-01
                                                :ARG0 (s19.c / company
                                                             :name (s19.n / name
                                                                          :op1 "Ekso"
                                                                          :op2 "Bionics")))
                                :mod (s19.r / robot))
                  :ARG2 (s19.i / inspire-01
                               :ARG1 s19.s2
                               :ARG2 (s19.b2 / body
                                             :poss (s19.s / she
                                                          :same-as s18.n))
                               :polarity "-"))
   :snt20 (s20.m / make-01
                 :purpose (s20.m2 / measure-01
                                  :ARG0 (s20.i / it
                                               :same-as s18.s2))
                 :ARG1 s20.i
                 :polarity "-")
   :snt21 (s21.c / cause-01
                 :ARG1 (s21.a / and
                              :op1 (s21.c2 / challenge-01
                                           :ARG0 (s21.s / she
                                                        :same-as s18.n)
                                           :ARG1 (s21.i / i
                                                        :same-as s2.i)
                                           :ARG2 (s21.m / make-01
                                                        :ARG0 s21.i
                                                        :ARG1 (s21.s2 / something
                                                                      :ARG1-of (s21.h / have-degree-91
                                                                                      :ARG2 (s21.f / feminine)
                                                                                      :ARG3 (s21.m4 / more
                                                                                                    :quant (s21.b / bit
                                                                                                                  :mod (s21.l2 / little))))
                                                                      :ARG1-of (s21.h2 / have-degree-91
                                                                                       :ARG2 (s21.e / elegant)
                                                                                       :ARG3 (s21.m5 / more
                                                                                                     :quant s21.b))
                                                                      :op3 (s21.l / lightweight))
                                                        :ARG2 s21.s))
                              :op2 (s21.t / think-01
                                          :ARG0 (s21.w / we)
                                          :ARG1 (s21.m3 / measure-01
                                                        :ARG0 s21.w
                                                        :ARG1 s21.s
                                                        :manner (s21.d / digital))
                                          :ARG1-of (s21.r / resemble-01
                                                          :ARG2 (s21.p / person
                                                                       :ARG0-of (s21.m2 / make-01
                                                                                        :ARG1 (s21.t2 / tile))
                                                                       :ARG1-of (s21.g / good-03))))))
   :snt22 (s22.a / and
                 :op1 (s22.e / event
                             :mod (s22.w / we
                                         :same-as s21.w)))
   :snt23 (s23.b / build-01
                 :ARG0 (s23.w / we
                              :same-as s21.w)
                 :ARG1 (s23.s2 / suit
                               :ARG0-of (s23.a / amaze-01))
                 :ARG2 (s23.s / she
                              :same-as s18.n))
   :snt24 (s24.p / part
                 :ARG1 (s24.a / and
                              :op1 (s24.l2 / look-01
                                           :ARG0 (s24.w / we
                                                        :quant (s24.l3 / lot))
                                           :ARG1 (s24.p3 / print-01
                                                         :instrument (s24.d / dimension
                                                                            :quant "3")))
                              :op2 (s24.s / say-01
                                          :ARG0 s24.w
                                          :ARG1 (s24.r / replace-01
                                                       :ARG0 s24.p3
                                                       :ARG1 (s24.m / method
                                                                    :mod (s24.t / tradition)))
                                          :ARG2 s24.w))
                 :mod (s24.i2 / incredible)
                 :topic (s24.l / learn-01
                               :ARG0 (s24.i / i
                                            :same-as s2.i)
                               :ARG2 (s24.p2 / person
                                             :name (s24.n / name
                                                          :op1 "Amanda")
                                             :same-as s18.n)))
   :snt25 (s25.a / and
                 :op1 (s25.l / look-01
                             :ARG0 (s25.p / person
                                          :name (s25.n / name
                                                       :op1 "Amanda")
                                          :same-as s18.n)
                             :ARG1 (s25.i2 / it
                                           :same-as s24.p3))
                 :op2 (s25.s / say-01
                             :ARG0 s25.p
                             :ARG1 (s25.o / opportunity
                                          :domain s25.i2
                                          :domain (s25.a2 / and
                                                          :op1 (s25.r / reclaim-01
                                                                      :ARG0 (s25.i / i
                                                                                   :same-as s18.n)
                                                                      :ARG1 (s25.s2 / symmetry
                                                                                    :poss s25.i))
                                                          :op2 (s25.e / embrace-01
                                                                      :ARG0 s25.i
                                                                      :ARG1 (s25.a3 / authentic-02
                                                                                    :ARG1 s25.i))))))
   :snt26 (s26.a / and
                 :op2 (s26.k / know-01
                             :ARG0 (s26.y / you)
                             :ARG1 (s26.s2 / stand-01
                                           :ARG1 (s26.s / she
                                                        :same-as s18.n)
                                           :ARG2 (s26.s3 / still)
                                           :polarity "-")))
   :snt27 (s27.w2 / want-01
                  :ARG0 (s27.s / she
                               :same-as s18.n)
                  :ARG1 (s27.w / walk-01
                               :ARG0 s27.s
                               :instrument (s27.h / heel
                                                  :ARG1-of (s27.h2 / high-02)))
                  :time (s27.n / now))
   :snt28 (s28.s / stop-01
                 :ARG1 (s28.i / it)
                 :time (s28.t / there)
                 :polarity "-")
   :snt29 (s29.c / change-01
                 :ARG0 (s29.p2 / print-01
                               :mod (s29.d3 / dimension
                                            :quant "3"))
                 :ARG1 (s29.d / device
                              :ARG1-of (s29.p / personal-02)
                              :mod (s29.m / medicine))
                 :ARG2 (s29.a2 / and
                               :mod (s29.o / opportunity
                                           :mod (s29.a3 / another)
                                           :topic (s29.d4 / disconnect-01
                                                          :ARG1 (s29.y / you)
                                                          :ARG2 (s29.s / symmetry
                                                                       :poss s29.y)
                                                          :manner (s29.e / emotion)))
                               :op1 (s29.r / restore-01
                                           :quant (s29.m2 / multiple
                                                          :op1 "1000000")
                                           :ARG1 (s29.t / tooth))
                               :op2 (s29.b3 / brace-01
                                            :ARG1 (s29.a / amphetamine)
                                            :ARG1-of (s29.b2 / beautiful-02)))
                 :ARG3 (s29.d2 / device
                               :ARG1-of (s29.k / know-02
                                               :ARG0 (s29.w / we))
                               :ARG1-of (s29.n / new-01)
                               :ARG1-of (s29.b / beautiful-02)
                               :mod (s29.c2 / conformal)))
   :snt30 (s30.a2 / and
                  :op2 (s30.p / possible-01
                              :ARG1 (s30.g / go-08
                                           :ARG1 (s30.y / you
                                                        :part (s30.t3 / tooth))
                                           :ARG2 (s30.w2 / wire)
                                           :instrument (s30.o / or
                                                              :op1 (s30.t / thing
                                                                          :ARG0-of (s30.a / align-01)
                                                                          :ARG1-of (s30.c / clear-08))
                                                              :op2 (s30.r / restore-02
                                                                          :ARG1 s30.t3)))
                              :time (s30.s / sit-01
                                           :ARG1 (s30.w / we)
                                           :ARG2 (s30.h / here)
                                           :time (s30.t2 / today
                                                         :same-as s11.t2)))
                  :rel (s30.b / brace-01
                              :ARG1 s30.y))
   :snt31 (s31.p / print-01
                 :ARG1 (s31.a / aid-01
                              :purpose (s31.h / hear-01)
                              :quant (s31.m / multiple
                                            :op1 "1000000")
                              :location (s31.e / ear))
                 :manner (s31.d / dimension
                                :quant "3")
                 :time (s31.a2 / already)
                 :time (s31.t / today
                              :same-as s11.t2))
   :snt32 (s32.s / serve-02
                 :ARG2 (s32.p / person
                              :quant (s32.m / multiple
                                            :op1 "1000000"))
                 :instrument (s32.d / device
                                    :mod (s32.t / this)
                                    :same-as s31.a)
                 :time (s32.t2 / today
                               :same-as s11.t2))
   :snt33 (s33.a2 / amr-unknown
                  :topic (s33.r / replace-01
                                :ARG1 (s33.k / knee
                                             :mod (s33.f / full))
                                :location-of (s33.p / print-01
                                                    :ARG1 (s33.a3 / and
                                                                  :mod (s33.a / all)
                                                                  :op1 (s33.t / tool)
                                                                  :op2 (s33.g / guide-01))
                                                    :manner (s33.d2 / dimension
                                                                    :quant "3"))
                                :source (s33.d / data
                                               :ARG1-of (s33.m / make-01
                                                               :purpose (s33.m2 / measure-01))
                                               :poss (s33.y / you))))
   :snt34 (s34.u / use-01
                 :ARG0 (s34.o / organization
                              :name (s34.n / name
                                           :op1 "G.E."))
                 :ARG1 (s34.p2 / print-01
                               :instrument (s34.d / dimension
                                                  :quant "3")
                               :same-as s29.p2)
                 :ARG2 (s34.m / make-01
                              :ARG0 s34.o
                              :ARG1 (s34.e / engine
                                           :name (s34.n2 / name
                                                         :op1 "LEAP")
                                           :ARG0-of (s34.s / save-01
                                                           :ARG1 (s34.a4 / and
                                                                         :op1 (s34.a / about
                                                                                     :op1 (s34.p / percentage-entity
                                                                                                 :value "15"))
                                                                         :op2 (s34.m2 / monetary-quantity
                                                                                      :ARG2-of (s34.c / cost-01
                                                                                                      :ARG1 (s34.a3 / airline)
                                                                                                      :ARG3 (s34.a2 / about
                                                                                                                    :op1 (s34.m3 / monetary-quantity
                                                                                                                                 :unit (s34.d2 / dollar)
                                                                                                                                 :quant "14000000"))))))
                                           :mod (s34.g / generation
                                                       :mod (s34.n3 / next))))
                 :rel (s34.f / fuel))
   :snt35 (s35.g / good-04
                 :ARG1-of (s35.r / request-confirmation-91)
                 :ARG2 (s35.p / person
                              :name (s35.n / name
                                           :op1 "G.E.")
                              :same-as s34.o))
   :snt36 (s36.a / and
                 :op2 (s36.a2 / and
                              :op1 (s36.p / person
                                          :ARG0-of (s36.h / have-rel-role-91
                                                          :ARG1 (s36.t / they
                                                                       :same-as s34.o)
                                                          :ARG2 (s36.c / customer)))
                              :op2 (s36.e / environment)))
   :snt37 (s37.c / contrast-01
                 :ARG1-of (s37.k / know-01
                                 :ARG0 (s37.y / you))
                 :ARG2 (s37.h / have-degree-91
                              :ARG1 (s37.n / news
                                           :domain (s37.r / reserve-01
                                                          :ARG1 (s37.t / technology
                                                                       :mod (s37.t2 / this)
                                                                       :same-as s29.p2)
                                                          :ARG2 (s37.c2 / corporation
                                                                        :mod (s37.p / pocket
                                                                                    :ARG1-of (s37.d / deep-02)))
                                                          :time (s37.n2 / no-longer)))
                              :ARG2 (s37.g / good-02
                                           :ARG1 s37.n)
                              :ARG3 (s37.m / more
                                           :mod (s37.e / even))))
   :snt38 (s38.p2 / put-out-10
                  :ARG0 (s38.s2 / startup
                                :name (s38.n / name
                                             :op1 "Planetary"
                                             :op2 "Resources")
                                :purpose (s38.e / explore-01
                                                :ARG1 (s38.s / space)))
                  :ARG1 (s38.p / probe-01
                               :ARG0 s38.s
                               :ARG1 s38.s
                               :ord (s38.o / ordinal-entity
                                           :value "1"))
                  :time (s38.a / after
                               :op1 (s38.y / year
                                           :mod (s38.t / this))))
   :snt39 (s39.a / and
                 :op1 (s39.f / fraction-01
                             :ARG1 (s39.i / it
                                          :same-as s38.o)
                             :ARG2 (s39.t / thing
                                          :part-of (s39.s3 / spaceship
                                                           :poss (s39.r / research-institute
                                                                        :name (s39.n / name
                                                                                     :op1 "NASA")))))
                 :op2 (s39.c / cost-01
                             :ARG1 s39.i
                             :ARG2 (s39.f2 / fraction-01
                                           :ARG1 (s39.m2 / monetary-quantity
                                                         :ARG2-of (s39.c2 / cost-01
                                                                          :ARG1 s39.s3))))
                 :op3 (s39.m / make-01
                             :ARG1 s39.i
                             :consist-of (s39.p / part
                                                :quant (s39.l2 / less-than
                                                               :op1 "12")
                                                :ARG0-of (s39.m3 / move-01)))
                 :op4 (s39.b / be-located-at-91
                             :ARG1 s39.i
                             :ARG2 (s39.o / out
                                          :location (s39.s2 / space))
                             :time (s39.l / late
                                          :mod (s39.s / somewhat)
                                          :op1 (s39.y / year
                                                      :mod (s39.t2 / this)))))
   :snt40 (s40.t / take-on-09
                 :ARG0 (s40.c / company
                              :name (s40.n / name
                                           :op1 "Google"))
                 :ARG1 (s40.p2 / project
                               :mod (s40.a / audacious
                                           :degree (s40.v / very))
                               :mod (s40.t2 / this)
                               :topic (s40.m / make-01
                                             :ARG0 s40.c
                                             :ARG1 (s40.p / phone
                                                          :name (s40.n2 / name
                                                                        :op1 "Ara")
                                                          :ARG0-of (s40.b / block-01)))))
   :snt41 (s41.c / cause-01
                 :ARG0 (s41.d / develop-02
                              :ARG1 (s41.p3 / print-01
                                            :ARG0-of (s41.m / make-02
                                                            :ARG1 (s41.m2 / module
                                                                          :ARG0-of (s41.f / function-01)
                                                                          :ARG0-of (s41.g / go-06
                                                                                          :ARG1 (s41.i / it
                                                                                                       :same-as s40.p2))
                                                                          :ARG1-of (s41.u / use-01
                                                                                          :ARG1-of (s41.p2 / possible-01)))
                                                            :ord (s41.o2 / ordinal-entity
                                                                         :value "1"))
                                            :instrument (s41.d2 / dimension
                                                                :quant "3")
                                            :mod (s41.s / speed
                                                        :ARG1-of (s41.h / high-02))))
                 :ARG1 (s41.p / possible-01
                              :ARG1 s41.i
                              :mod (s41.o / only)))
   :snt42 (s42.m / moonshot
                 :ARG1-of (s42.r / real-04)
                 :ARG1-of (s42.p / power-01
                                 :ARG0 (s42.p2 / print-01
                                               :manner (s42.d / dimension
                                                              :quant "3")
                                               :same-as s29.p2)))
   :snt43 (s43.f / food
                 :polarity (s43.a / amr-unknown))
   :snt44 (s44.h / have-condition-91
                 :ARG1 (s44.a / amr-unknown)
                 :ARG2 (s44.p / possible-01
                              :ARG1 (s44.m / make-01
                                           :ARG0 (s44.w / we)
                                           :location (s44.h3 / here)
                                           :ord (s44.o / ordinal-entity
                                                       :value "1"))
                              :ARG1-of (s44.r / resemble-01
                                              :ARG2 (s44.b2 / book
                                                            :name (s44.n / name
                                                                         :op1 "TED"
                                                                         :op2 "Teddy")
                                                            :ARG1-of (s44.b / beautiful-02)
                                                            :ARG1-of (s44.e / eat-01
                                                                            :ARG1-of (s44.p2 / possible-01))
                                                            :mod (s44.h2 / healthy)
                                                            :mod (s44.t / this))))
                 :rel (s44.i / incredible))
   :snt45 (s45.h / have-condition-91
                 :ARG1 (s45.a2 / amr-unknown)
                 :ARG2 (s45.p / possible-01
                              :ARG1 (s45.c / change-01
                                           :ARG0 (s45.w / we)
                                           :ARG1 (s45.e / experience-01)
                                           :ARG1-of (s45.c2 / complete-02)
                                           :ARG1-of (s45.r / resemble-01
                                                           :ARG2 (s45.s / see-01
                                                                        :ARG0 (s45.y / you)
                                                                        :ARG1 (s45.s2 / serve-02
                                                                                      :ARG1-of (s45.p2 / print-01
                                                                                                       :ARG1-of (s45.c3 / complete-02)
                                                                                                       :manner (s45.d / dimension
                                                                                                                      :quant "3"))
                                                                                      :mod (s45.a / absolute)))))))
   :snt46 (s46.a2 / and
                  :op2 (s46.p2 / possible-01
                               :ARG1 (s46.a / amr-unknown)
                               :mod (s46.b / begin-01
                                           :ARG0 (s46.w / we)
                                           :ARG1 (s46.p4 / put-01
                                                         :ARG0 s46.w
                                                         :ARG1 (s46.a3 / and
                                                                       :ARG1-of (s46.m / mean-01
                                                                                       :ARG2 (s46.a4 / and
                                                                                                     :op1 (s46.f / food
                                                                                                                 :mod (s46.d / delicious))
                                                                                                     :op2 (s46.p3 / promise-01
                                                                                                                  :ARG2 (s46.n / nutrition
                                                                                                                               :ARG1-of (s46.p / personalize-01))
                                                                                                                  :location (s46.a5 / around
                                                                                                                                    :op1 (s46.c3 / corner)))))
                                                                       :op1 (s46.i / ingredient)
                                                                       :op2 (s46.c / color)
                                                                       :op3 (s46.c2 / color))
                                                         :ARG2 (s46.t / taste
                                                                      :mod (s46.e / every))))))
   :snt47 (s47.a / and
                 :op2 (s47.g / get-05
                             :ARG0 (s47.t / that)
                             :ARG1 (s47.i / i
                                          :same-as s2.i)
                             :ARG2 (s47.o / one
                                          :ARG1-of (s47.i2 / include-91
                                                           :ARG2 (s47.d / deal-01
                                                                        :ARG1-of (s47.h / have-degree-91
                                                                                        :ARG2 (s47.b / big)
                                                                                        :ARG3 (s47.m / most))
                                                                        :ARG2 (s47.p / print-01
                                                                                     :manner (s47.d2 / dimension
                                                                                                     :quant "3")))))))
   :snt48 (s48.f / free-03
                 :ARG1 (s48.c / complexity)
                 :instrument (s48.p / print-01
                                    :instrument (s48.d / dimension
                                                       :quant "3")
                                    :same-as s29.p2))
   :snt49 (s49.a / and
                 :op1 (s49.c / care-01
                             :ARG0 (s49.p / person
                                          :ARG0-of (s49.p2 / print-01)
                                          :part (s49.h3 / head
                                                        :ARG1-of (s49.k / know-02
                                                                        :ARG0 (s49.w / we))))
                             :ARG1 (s49.m / make-01
                                          :ARG0 s49.p
                                          :ARG1 (s49.o / or
                                                       :op1 (s49.s / shape
                                                                   :ARG1-of (s49.h / have-degree-91
                                                                                   :ARG2 (s49.r / rudimentary)
                                                                                   :ARG3 (s49.m3 / most)))
                                                       :op2 (s49.s2 / shape
                                                                    :ARG1-of (s49.h2 / have-degree-91
                                                                                     :ARG2 (s49.c3 / complex)
                                                                                     :ARG3 (s49.m4 / most)))))
                             :polarity "-")
                 :op2 (s49.t / turn-02
                             :ARG0 s49.c
                             :ARG1 (s49.a2 / and
                                           :op1 (s49.d / design-01)
                                           :op2 (s49.m2 / manufacture-01))
                             :ARG1-of (s49.c2 / complete-02)
                             :ARG2 s49.h3))
   :snt50 (s50.t / think-01
                 :ARG0 (s50.p / person
                              :quant (s50.m2 / many))
                 :ARG1 (s50.e / end-01
                              :ARG1 (s50.m / manufacture-01
                                           :ARG1-of (s50.k / know-02
                                                           :ARG0 (s50.w / we))
                                           :same-as s49.a2)
                              :ARG2 (s50.p2 / print-01
                                            :mod (s50.d / dimension
                                                        :quant "3"))))
   :snt51 (s51.t2 / think-01
                  :ARG0 (s51.i / i
                               :same-as s2.i)
                  :ARG1 (s51.o / opportunity
                               :ARG0-of (s51.c / create-01
                                               :ARG1 (s51.a / abundance
                                                            :ARG1-of (s51.e / end-01
                                                                            :polarity "-")
                                                            :consist-of (s51.o2 / opportunity
                                                                                :mod (s51.j / job))))
                               :ARG0-of (s51.b / become-01
                                               :ARG1 (s51.e2 / everybody)
                                               :ARG1-of (s51.p3 / possible-01)
                                               :ARG2 (s51.a2 / and
                                                             :op1 (s51.p / person
                                                                         :ARG0-of (s51.m / make-01)
                                                                         :ARG1-of (s51.e3 / expert-01))
                                                             :op2 (s51.p2 / person
                                                                          :ARG0-of (s51.m2 / manufacture-01)
                                                                          :ARG1-of (s51.e4 / expert-01))))
                               :mod (s51.p4 / put-03
                                            :ARG1 (s51.t / technology
                                                         :time (s51.t3 / tomorrow))
                                            :ARG2 (s51.i2 / in-ones-hands-04
                                                          :ARG0 (s51.y / youngster)
                                                          :ARG1 s51.t))))
   :snt52 (s52.t / take-10
                 :ARG0 (s52.t2 / that
                               :same-as s51.b)
                 :ARG1 (s52.t3 / tool
                               :ARG1-of (s52.n / new-01)))
   :snt53 (s53.c / cause-01
                 :ARG0 (s53.k / know-03
                              :ARG0 (s53.e / everybody
                                           :polarity "-")
                              :ARG1 (s53.u / use-01
                                           :ARG0 s53.e
                                           :ARG1 (s53.p3 / product
                                                         :name (s53.n / name
                                                                      :op1 "CAD"))))
                 :ARG1 (s53.d2 / develop-02
                               :ARG0 (s53.w / we)
                               :ARG1 (s53.d3 / device
                                             :ARG0-of (s53.a / allow-01
                                                             :ARG1 (s53.a2 / and
                                                                           :manner (s53.p2 / play-01
                                                                                           :ARG0 (s53.y / you)
                                                                                           :ARG1 (s53.c2 / clay
                                                                                                         :mod (s53.d4 / digit)))
                                                                           :op1 (s53.t / touch-01
                                                                                       :ARG0 s53.y
                                                                                       :ARG1 (s53.d / design-01
                                                                                                    :ARG0 s53.y))
                                                                           :op2 (s53.f / feel-01
                                                                                       :ARG0 s53.y
                                                                                       :ARG1 s53.d)))
                                             :ARG1-of (s53.p / perceive-01)
                                             :mod (s53.h / haptics))))
   :snt54 (s54.c2 / contrast-01
                  :ARG1 (s54.m / make-02
                               :ARG0 (s54.a3 / and
                                             :op1 (s54.d2 / do-02
                                                          :ARG0 (s54.y / you)
                                                          :ARG1 (s54.t3 / thing
                                                                        :ARG1-of (s54.r / resemble-01
                                                                                        :ARG2 (s54.t2 / that))))
                                             :op2 (s54.d / develop-02
                                                         :ARG0 (s54.w / we
                                                                      :same-as s53.w)
                                                         :ARG1 (s54.t4 / thing
                                                                       :ARG0-of (s54.t / take-01
                                                                                       :ARG1 (s54.p / photograph-01
                                                                                                    :ARG1-of (s54.p4 / print-01
                                                                                                                     :manner (s54.i2 / instant))
                                                                                                    :mod (s54.p2 / physical))))
                                                         :mod (s54.a2 / also)))
                               :ARG1 (s54.h2 / have-degree-91
                                             :ARG1 (s54.c4 / create-01
                                                           :ARG1 (s54.c / content))
                                             :ARG2 (s54.e2 / easy-05
                                                           :ARG1 s54.c4)
                                             :ARG3 (s54.m2 / more)))
                  :ARG2 (s54.h / have-03
                               :ARG0 s54.w
                               :ARG1 (s54.t5 / thing
                                             :ARG1-of (s54.i / imagine-01
                                                             :polarity "-")
                                             :ARG1-of (s54.i3 / intend-01)
                                             :example (s54.a4 / and
                                                              :op1 (s54.c3 / counterfeit-01
                                                                           :mod (s54.e / Democrat))
                                                              :op2 (s54.p3 / possess-01
                                                                           :ARG1-of (s54.l / legal-02
                                                                                           :polarity "-")
                                                                           :mod (s54.u / ubiquitous)))
                                             :mod (s54.a / all))))
   :snt55 (s55.a2 / ask-01
                  :ARG0 (s55.p / person
                               :ARG1-of (s55.h2 / have-quant-91
                                                :ARG2 (s55.m / many)
                                                :ARG3 (s55.s / so)))
                  :ARG1 (s55.h / have-03
                               :ARG0 (s55.w / we)
                               :ARG1 (s55.t / thing
                                            :ARG0-of (s55.p2 / print-01
                                                             :mod (s55.d / dimension
                                                                         :quant "3")))
                               :location (s55.h3 / home
                                                 :mod (s55.e / every))
                               :polarity (s55.a / amr-unknown))
                  :ARG2 (s55.i / i
                               :same-as s2.i))
   :snt56 (s56.t2 / think-01
                  :ARG0 (s56.i / i
                               :same-as s2.i)
                  :ARG1 (s56.w / wrong-04
                               :ARG1 (s56.t / thing
                                            :ARG1-of (s56.q / question-01)
                                            :ARG1-of (s56.a / ask-01))))
   :snt57 (s57.q / question-01
                 :ARG1 (s57.c / change-01
                              :ARG0 (s57.p / print-01
                                           :instrument (s57.d / dimension
                                                              :quant "3"))
                              :ARG1 (s57.l / life
                                           :poss (s57.i / i
                                                        :same-as s2.i))
                              :manner (s57.a / amr-unknown))
                 :ARG1-of (s57.a2 / ask-01)
                 :ARG2-of (s57.r / right-06))
   :snt58 (s58.o / or
                 :op2 (s58.f / fit-in-02
                             :ARG1 (s58.r / room
                                          :mod (s58.a / amr-unknown)
                                          :part-of (s58.h / house
                                                          :poss (s58.i / i
                                                                       :same-as s2.i)))
                             :ARG1-of (s58.w / word-01
                                             :mod (s58.o2 / other))
                             :ARG2 (s58.p / print-01
                                          :manner (s58.d / dimension
                                                         :quant "3"))))
   :snt59 (s59.p / print-01
                 :ARG1 (s59.e / everything
                              :ARG1-of (s59.s / see-01
                                              :ARG0 (s59.y / you)
                                              :location (s59.h / here))
                              :ARG2-of (s59.i / include-01
                                              :ARG1 (s59.s2 / shoe
                                                            :location (s59.s3 / show-04
                                                                              :location (s59.c / city
                                                                                               :name (s59.n / name
                                                                                                            :op1 "Amsterdam"))
                                                                              :mod (s59.f / fashion))
                                                            :mod (s59.t / this))))
                 :manner (s59.d / dimension
                                :quant "3"))
   :snt60 (s60.s / shoe
                 :domain (s60.t / this
                                :same-as s59.s2)
                 :poss (s60.p / person
                              :ARG0-of (s60.h / have-rel-role-91
                                              :ARG1 (s60.i / i
                                                           :same-as s2.i)
                                              :ARG2 (s60.g / grandfather))
                              :same-as s2.p)
                 :time (s60.n / now)
                 :polarity "-")
   :snt61 (s61.s / shoe
                 :ARG0-of (s61.r / represent-01
                                 :ARG1 (s61.c / continue-01
                                              :ARG1 (s61.p / passion
                                                           :poss (s61.h / he
                                                                        :same-as s2.p)
                                                           :topic (s61.m / manufacture-01
                                                                         :ARG1-of (s61.l / local-02
                                                                                         :degree (s61.h2 / hyper))))))
                 :domain (s61.t / this
                                :same-as s59.s2))
   :snt62 (s62.a / and
                 :op1 (s62.g2 / get-22
                              :ARG0 (s62.p / person
                                           :ARG0-of (s62.h / have-rel-role-91
                                                           :ARG1 (s62.i / i
                                                                        :same-as s2.i)
                                                           :ARG2 (s62.g4 / grandfather))
                                           :same-as s2.p)
                              :ARG1 (s62.s / see-01
                                           :ARG0 s62.p
                                           :ARG1 (s62.s3 / shoe
                                                         :ARG1-of (s62.p3 / print-01
                                                                          :ARG0 (s62.c / company
                                                                                       :name (s62.n / name
                                                                                                    :op1 "Nike")))
                                                         :beneficiary (s62.g / game
                                                                             :name (s62.n2 / name
                                                                                           :op1 "Super"
                                                                                           :op2 "Bowl")
                                                                             :time (s62.r / recent))))
                              :polarity "-")
                 :op2 (s62.g3 / get-22
                              :ARG0 (s62.p2 / person
                                            :ARG0-of (s62.h2 / have-rel-role-91
                                                             :ARG1 s62.i
                                                             :ARG2 (s62.f / father)))
                              :ARG1 (s62.s2 / see-01
                                            :ARG0 s62.p2
                                            :ARG1 (s62.s5 / stand-01
                                                          :ARG1 s62.i
                                                          :ARG2 (s62.s4 / shoe
                                                                        :ARG1-of (s62.p4 / print-01
                                                                                         :instrument (s62.d / dimension
                                                                                                            :quant "3"))
                                                                        :ARG1-of (s62.w / weaponize-01)
                                                                        :poss s62.i)))
                              :polarity "-"))
   :snt63 (s63.p / pass-away-16
                 :ARG1 (s63.h / he
                              :same-as s62.p2)
                 :time (s63.b / before
                              :quant (s63.t / temporal-quantity
                                            :unit (s63.y / year)
                                            :quant "3")
                              :op1 (s63.n / now)))
   :snt64 (s64.c2 / contrast-01
                  :ARG2 (s64.a2 / and
                                :op1 (s64.b / be-located-at-91
                                            :ARG1 (s64.m2 / man
                                                          :name (s64.n / name
                                                                       :op1 "Chuck"
                                                                       :op2 "Hull")
                                                          :ARG0-of (s64.i2 / invent-01
                                                                           :ARG1 (s64.i3 / it
                                                                                         :mod (s64.a / all)))
                                                          :same-as s10.p)
                                            :ARG2 (s64.h / here
                                                         :location (s64.h3 / house
                                                                           :same-as s58.h))
                                            :mod (s64.r / right)
                                            :time (s64.t3 / today
                                                          :same-as s11.t2))
                                :op2 (s64.p3 / possible-01
                                             :ARG1 (s64.s / say-01
                                                          :ARG0 (s64.i / i
                                                                       :same-as s2.i)
                                                          :ARG1 (s64.a3 / and
                                                                        :op1 (s64.t / thank-01
                                                                                    :ARG0 s64.i)
                                                                        :op2 (s64.p4 / possible-01
                                                                                     :ARG1 (s64.s2 / say-01
                                                                                                   :ARG0 s64.i
                                                                                                   :ARG1 (s64.p2 / person
                                                                                                                 :ARG0-of (s64.m / make-01
                                                                                                                                 :ARG1 (s64.s3 / shoe))
                                                                                                                 :domain s64.i
                                                                                                                 :mod (s64.t4 / too))))
                                                                        :op3 (s64.h2 / honor-01
                                                                                     :ARG0 s64.i
                                                                                     :ARG1 (s64.p / past
                                                                                                  :poss s64.i)
                                                                                     :manner (s64.s5 / stand-01
                                                                                                     :ARG0 s64.i
                                                                                                     :ARG2 (s64.s4 / shoe
                                                                                                                   :mod (s64.t2 / this)
                                                                                                                   :same-as s62.s4))
                                                                                     :time (s64.m3 / manufacture-01
                                                                                                   :ARG0 s64.i
                                                                                                   :ARG1 (s64.f / future))))
                                                          :ARG1-of (s64.c / cause-01
                                                                          :ARG0 s64.m2)))))
   :snt65 (s65.t / thank-01
                 :ARG1 (s65.y / you)))

