# ::id doc-754
# ::doc_file doc-754
# ::tok http : / / www . ted . com / talks / louie_schwartzberg_nature_beauty_gratitude< / url> <next_sent> When I graduated UCLA , I moved to northern California , and I lived in a little town called Elk on the Mendocino coast , and I did n't have a phone or TV , but I had U.S. mail , and life was good back then , if you could remember it . <next_sent> I 'd go to the general store for a cup of coffee and a brownie , and I 'd ship my film to San Francisco , and lo and behold , two days later , it would end up on my front door , which was way better than having to fight the traffic of Hollywood . <next_sent> I did n't have much money , but I had time and a sense of wonder . <next_sent> So I started shooting time - lapse photography . <next_sent> It would take me a month to shoot a four - minute roll of film , because that 's all I could afford . <next_sent> I 've been shooting time - lapse flowers continuously , non - stop , 24 hours a day , seven days a week , for over 30 years , and to see them move is a dance I 'll never get tired of . <next_sent> Their beauty immerses us with color , taste , touch . <next_sent> It also provides a third of the food we eat . <next_sent> Beauty and seduction is nature 's tools for survival , because we protect what we fall in love with . <next_sent> It opens our hearts , and makes us realize we are a part of nature and we 're not separate from it . <next_sent> When we see ourselves in nature , it also connects us to every one of us , because it 's clear that it 's all connected in one . <next_sent> When people see my images , a lot of times they 'll say , " Oh my God . " Have you ever wondered what that meant ? <next_sent> The " oh " means it caught your attention , makes you present , makes you mindful . <next_sent> The " my " means it connects with something deep inside your soul . <next_sent> It creates a gateway for your inner voice to rise up and be heard . <next_sent> And " God " ? <next_sent> God is that personal journey we all want to be on , to be inspired , to feel like we 're connected to a universe that celebrates life . <next_sent> Did you know that 80 percent of the information we receive comes through our eyes ? <next_sent> And if you compare light energy to musical scales , it would only be one octave that the naked eye could see , which is right in the middle ? <next_sent> And are n't we grateful for our brains that can , you know , take this electrical impulse that comes from light energy to create images in order for us to explore our world ? <next_sent> And are n't we grateful that we have hearts that can feel these vibrations in order for us to allow ourselves to feel the pleasure and the beauty of nature ? <next_sent> Nature 's beauty is a gift that cultivates appreciation and gratitude . <next_sent> So I have a gift I want to share with you today , a project I 'm working on called Happiness Revealed , and it 'll give us a glimpse into that perspective from the point of view of a child and an elderly man of that world . <next_sent> When I watch TV , it 's just some shows that you just -- that are pretend , and when you explore , you get more imagination than you already had , and when you get more imagination , it makes you want to go deeper in so you can get more and see beautifuller things , like the path , if it 's a path , it could lead you to a beach , or something , and it could be beautiful . <next_sent> You think this is just another day in your life ? <next_sent> It 's the only gift that you have right now , and the only appropriate response is gratefulness . <next_sent> If you do nothing else but to cultivate that response to the great gift that this unique day is , if you learn to respond as if it were the first day in your life and the very last day , then you will have spent this day very well . <next_sent> Begin by opening your eyes and be surprised that you have eyes you can open , that incredible array of colors that is constantly offered to us for pure enjoyment . <next_sent> Look at the sky . <next_sent> We so rarely look at the sky . <next_sent> We so rarely note how different it is from moment to moment , with clouds coming and going . <next_sent> We just think of the weather , and even with the weather , we do n't think of all the many nuances of weather . <next_sent> We just think of good weather and bad weather . <next_sent> This day , right now , has unique weather , maybe a kind that will never exactly in that form come again . <next_sent> That formation of clouds in the sky will never be the same as it is right now . <next_sent> Look at the faces of people whom you meet . <next_sent> Each one has an incredible story behind their face , a story that you could never fully fathom , not only their own story , but the story of their ancestors . <next_sent> We all go back so far , and in this present moment , on this day , all the people you meet , all that life from generations and from so many places all over the world flows together and meets you here like a life - giving water , if you only open your heart and drink . <next_sent> Open your heart to the incredible gifts that civilization gives to us . <next_sent> You flip a switch and there is electric light . <next_sent> You turn a faucet and there is warm water and cold water , and drinkable water . <next_sent> It 's a gift that millions and millions in the world will never experience . <next_sent> So these are just a few of an enormous number of gifts to which we can open your heart . <next_sent> And so I wish you that you will open your heart to all these blessings , and let them flow through you , that everyone whom you will meet on this day will be blessed by you , just by your eyes , by your smile , by your touch , just by your presence . <next_sent> Let the gratefulness overflow into blessing all around you , and then it will really be a good day . <next_sent> Thank you . <next_sent> Thank you very much .
(d / document
   :snt1 (s1.u / url-entity
               :topic (s1.t / talk-01))
   :snt2 (s2.a / and
               :op1 (s2.m2 / move-01
                           :ARG0 (s2.i / i)
                           :ARG2 (s2.n6 / north
                                        :part-of (s2.s / state
                                                       :name (s2.n2 / name
                                                                    :op1 "California")))
                           :time (s2.g2 / graduate-01
                                        :ARG1 s2.i
                                        :ARG2 (s2.u / university
                                                    :name (s2.n / name
                                                                :op1 "UCLA"))))
               :op2 (s2.l3 / live-01
                           :ARG0 s2.i
                           :location (s2.t3 / town
                                            :name (s2.n3 / name
                                                         :op1 "Elk")
                                            :location (s2.c2 / country-region
                                                             :name (s2.n4 / name
                                                                          :op1 "Mendocino"
                                                                          :op2 "Coast"))
                                            :mod (s2.l2 / little)))
               :op3 (s2.h / have-03
                          :ARG0 s2.i
                          :ARG1 (s2.o / or
                                      :op1 (s2.p / phone)
                                      :op2 (s2.t / television))
                          :polarity "-")
               :op4 (s2.h2 / have-03
                           :ARG0 s2.i
                           :ARG1 (s2.m / mail-01
                                       :ARG0 (s2.c / country
                                                   :name (s2.n5 / name
                                                                :op1 "U.S."))))
               :op5 (s2.g / good-02
                          :ARG1 (s2.l / life)
                          :condition (s2.p2 / possible-01
                                            :ARG1 (s2.r / remember-01
                                                        :ARG0 (s2.y / you)
                                                        :ARG1 s2.l))
                          :time (s2.t2 / then
                                       :mod (s2.b / back))))
   :snt3 (s3.a3 / and
                :op1 (s3.g2 / go-02
                            :ARG0 (s3.i / i
                                        :same-as s2.i)
                            :ARG4 (s3.s2 / store
                                         :ARG1-of (s3.g / general-02))
                            :ARG4 (s3.a2 / and
                                         :op1 (s3.c2 / coffee
                                                     :quant (s3.v / volume-quantity
                                                                  :unit (s3.c3 / cup)
                                                                  :quant "1"))
                                         :op2 (s3.b2 / brownie
                                                     :quant s3.v)))
                :op2 (s3.s / ship-01
                           :ARG0 s3.i
                           :ARG1 (s3.f2 / film
                                        :poss s3.i)
                           :ARG2 (s3.c / city
                                       :name (s3.n / name
                                                   :op1 "San"
                                                   :op2 "Francisco")))
                :op3 (s3.e / end-up-03
                           :ARG1 s3.f2
                           :ARG1-of (s3.b / behold-01)
                           :ARG1-of (s3.h / have-degree-91
                                          :ARG2 (s3.g3 / good-02
                                                       :ARG1 s3.e)
                                          :ARG3 (s3.m2 / more
                                                       :quant (s3.w / way))
                                          :ARG4 (s3.o / obligate-01
                                                      :ARG1 s3.i
                                                      :ARG2 (s3.f / fight-01
                                                                  :ARG0 s3.i
                                                                  :ARG1 (s3.t2 / traffic
                                                                               :location (s3.m / market-sector
                                                                                               :name (s3.n2 / name
                                                                                                            :op1 "Hollywood"))))))
                           :ARG2 (s3.d2 / door
                                        :mod (s3.f3 / front)
                                        :poss s3.i)
                           :time (s3.a / after
                                       :quant (s3.t / temporal-quantity
                                                    :unit (s3.d / day)
                                                    :quant "2")
                                       :op1 s3.s)))
   :snt4 (s4.c / contrast-01
               :ARG1 (s4.h / have-03
                           :ARG0 (s4.i / i
                                       :same-as s2.i)
                           :ARG1 (s4.m / money
                                       :quant (s4.m2 / much))
                           :polarity "-")
               :ARG2 (s4.h2 / have-03
                            :ARG0 s4.i
                            :ARG1 (s4.a / and
                                        :op1 (s4.t / time)
                                        :op2 (s4.s / sense-01
                                                   :ARG0 s4.i
                                                   :ARG1 (s4.w / wonder-01
                                                               :ARG0 s4.i)))))
   :snt5 (s5.c / cause-01
               :ARG1 (s5.s2 / start-01
                            :ARG0 (s5.i / i
                                        :same-as s2.i)
                            :ARG1 (s5.s / shoot-02
                                        :ARG0 s5.i
                                        :ARG1 (s5.p / photograph-01
                                                    :ARG0 s5.i
                                                    :manner (s5.l / lapse
                                                                  :mod (s5.t / time))))))
   :snt6 (s6.t / take-10
               :ARG0 (s6.s / shoot-03
                           :ARG1 (s6.r / roll
                                       :consist-of (s6.f / film)
                                       :duration (s6.t3 / temporal-quantity
                                                        :unit (s6.m / minute)
                                                        :quant "4"))
                           :ARG2 (s6.i / i
                                       :same-as s2.i))
               :ARG1 (s6.t2 / temporal-quantity
                            :unit (s6.m2 / month)
                            :quant "1")
               :ARG1-of (s6.c / cause-01
                              :ARG0 (s6.a / afford-01
                                          :ARG0 s6.i
                                          :ARG1 (s6.a2 / all
                                                       :domain s6.f)
                                          :ARG1-of (s6.p / possible-01))))
   :snt7 (s7.a / and
               :op1 (s7.s2 / shoot-02
                           :ARG0 (s7.i / i
                                       :same-as s2.i)
                           :ARG1 (s7.f / flower
                                       :ARG1-of (s7.l / lapse-01
                                                      :ARG0 (s7.t6 / time)))
                           :ARG1-of (s7.c / continue-01)
                           :ARG1-of (s7.s3 / stop-01
                                           :ARG0 s7.i
                                           :polarity "-")
                           :duration (s7.o / over
                                           :op1 (s7.t5 / temporal-quantity
                                                       :unit (s7.y / year)
                                                       :quant "30"))
                           :frequency (s7.r / rate-entity-91
                                            :ARG1 (s7.t / temporal-quantity
                                                        :unit (s7.h / hour)
                                                        :quant "24")
                                            :ARG2 (s7.t2 / temporal-quantity
                                                         :unit (s7.d2 / day)
                                                         :quant "1")))
               :op2 (s7.r2 / rate-entity-91
                           :ARG1 (s7.t3 / temporal-quantity
                                        :unit (s7.d3 / day)
                                        :quant "7")
                           :ARG2 (s7.t4 / temporal-quantity
                                        :unit (s7.w / week)
                                        :quant "1"))
               :op2 (s7.d / dance-01
                          :ARG1-of (s7.t7 / tire-01
                                          :ARG0 s7.i
                                          :time (s7.e / ever)
                                          :polarity "-")
                          :domain (s7.s / see-01
                                        :ARG0 s7.i
                                        :ARG1 (s7.m / move-01
                                                    :ARG1 s7.f))))
   :snt8 (s8.i / immerse-01
               :ARG0 (s8.b / beautiful-02
                           :ARG1 (s8.t2 / they
                                        :same-as s7.f))
               :ARG1 (s8.w / we)
               :ARG2 (s8.a / and
                           :op1 (s8.c / color)
                           :op2 (s8.t / taste)
                           :op3 (s8.t3 / touch-01)))
   :snt9 (s9.p / provide-01
               :ARG0 (s9.i2 / it
                            :same-as s8.b)
               :ARG1 (s9.f / food
                           :ARG1-of (s9.i / include-91
                                          :ARG2 (s9.f2 / food
                                                       :ARG1-of (s9.e / eat-01
                                                                      :ARG0 (s9.w / we)))
                                          :ARG3 "1/3"))
               :mod (s9.a / also))
   :snt10 (s10.c / cause-01
                 :ARG0 (s10.p / protect-01
                              :ARG0 (s10.w / we)
                              :ARG1 (s10.t / thing
                                           :ARG1-of (s10.l / love-01
                                                           :ARG0 s10.w
                                                           :ARG2-of (s10.f / fall-07
                                                                           :ARG1 s10.w))))
                 :ARG1 (s10.t2 / tool
                               :purpose (s10.s2 / survive-01)
                               :domain (s10.a / and
                                              :op1 (s10.b / beautiful-02)
                                              :op2 (s10.s / seduce-01))
                               :poss (s10.n / nature)))
   :snt11 (s11.a / and
                 :op1 (s11.o / open-01
                             :ARG0 (s11.i / it
                                          :same-as s10.a)
                             :ARG1 (s11.h2 / heart
                                           :part-of (s11.w / we)))
                 :op2 (s11.m / make-02
                             :ARG0 s11.i
                             :ARG1 (s11.r / realize-01
                                          :ARG0 s11.w
                                          :ARG1 (s11.a2 / and
                                                        :op1 (s11.h / have-part-91
                                                                    :ARG1 s11.w
                                                                    :ARG2 (s11.n / nature))
                                                        :op2 (s11.s / separate-02
                                                                    :ARG1 s11.w
                                                                    :ARG2 s11.n
                                                                    :polarity "-")))))
   :snt12 (s12.c3 / connect-01
                  :ARG1 (s12.w / we)
                  :ARG1-of (s12.c / cause-01
                                  :ARG0 (s12.c2 / clear-06
                                                :ARG1 (s12.c4 / connect-01
                                                              :ARG1 (s12.i2 / it
                                                                            :mod (s12.a / all))
                                                              :manner "1")))
                  :ARG2 (s12.e / every
                               :ARG1-of (s12.i / include-91
                                               :ARG2 s12.w))
                  :mod (s12.a2 / also)
                  :time (s12.s / see-01
                               :ARG0 s12.w
                               :ARG1 (s12.n / nature
                                            :domain s12.w)))
   :snt13 (s13.w / wonder-01
                 :ARG0 (s13.y / you)
                 :ARG1 (s13.t2 / thing
                               :ARG2-of (s13.m / mean-01
                                               :ARG1 (s13.t / that)))
                 :mod (s13.o / oh-my-god
                             :mode "expressive")
                 :polarity (s13.a / amr-unknown)
                 :rel (s13.s / say-01
                             :ARG0 (s13.p / person)
                             :frequency (s13.t3 / time
                                                :quant (s13.l / lot))
                             :time (s13.s2 / see-01
                                           :ARG0 s13.p
                                           :ARG1 (s13.i2 / image
                                                         :poss (s13.i / i
                                                                      :same-as s2.i))))
                 :time (s13.e / ever))
   :snt14 (s14.m3 / mean-01
                  :ARG1 (s14.s / string-entity
                               :value "oh"
                               :same-as s13.o)
                  :ARG2 (s14.a / and
                               :op1 (s14.c / catch-01
                                           :ARG0 (s14.i / it
                                                        :same-as s13.i2)
                                           :ARG1 (s14.a2 / attend-02
                                                         :ARG0 (s14.y / you)))
                               :op2 (s14.m / make-02
                                           :ARG0 s14.i
                                           :ARG1 (s14.p / present-02
                                                        :ARG1 s14.y))
                               :op3 (s14.m2 / make-02
                                            :ARG0 s14.i
                                            :ARG1 (s14.r / realize-01
                                                         :ARG0 s14.y))))
   :snt15 (s15.m / mean-01
                 :ARG1 (s15.s3 / string-entity
                               :value "my")
                 :ARG2 (s15.c / connect-01
                              :ARG1 (s15.i2 / it
                                            :same-as s13.i2)
                              :ARG2 (s15.s / something
                                           :location (s15.i / inside
                                                            :ARG2-of (s15.d / deep-02)
                                                            :op1 (s15.s2 / soul
                                                                         :part-of (s15.y / you))))))
   :snt16 (s16.c / create-01
                 :ARG0 (s16.i2 / it
                               :same-as s13.i2)
                 :ARG1 (s16.g / gateway
                              :purpose (s16.a / and
                                              :op1 (s16.r / rise-01
                                                          :ARG1 (s16.v / voice
                                                                       :mod (s16.i / inner)
                                                                       :poss (s16.y / you))
                                                          :direction (s16.u / up))
                                              :op2 (s16.h / hear-01
                                                          :ARG2 s16.v))))
   :snt17 (s17.a2 / and
                  :op2 (s17.p / person
                              :name (s17.n / name
                                           :op1 "God")
                              :polarity (s17.a / amr-unknown)))
   :snt18 (s18.j / journey-01
                 :purpose (s18.a2 / and
                                  :op2 (s18.i / inspire-01
                                              :ARG1 (s18.w2 / we
                                                            :mod (s18.a / all)))
                                  :op3 (s18.f / feel-01
                                              :ARG0 s18.w2
                                              :ARG1 (s18.c2 / connect-01
                                                            :ARG1 s18.w2
                                                            :ARG2 (s18.u / universe
                                                                         :ARG0-of (s18.c / celebrate-01
                                                                                         :ARG1 (s18.l / life))))))
                 :ARG0 s18.w2
                 :ARG1-of (s18.p2 / personal-02)
                 :ARG1-of (s18.w / want-01
                                 :ARG0 s18.w2)
                 :domain (s18.p / person
                                :name (s18.n / name
                                             :op1 "God"))
                 :mod (s18.t / that)
                 :op1-of s18.a2)
   :snt19 (s19.k / know-01
                 :ARG0 (s19.y / you)
                 :ARG1 (s19.c / come-01
                              :ARG1 (s19.i / information
                                           :quant (s19.p / percentage-entity
                                                         :value "80")
                                           :ARG1-of (s19.r / receive-01
                                                           :ARG0 (s19.w / we
                                                                        :part s19.e)))
                              :path (s19.e / eye))
                 :polarity (s19.a / amr-unknown))
   :snt20 (s20.a2 / and
                  :op2 (s20.s2 / see-01
                               :ARG0 (s20.e2 / eye
                                             :mod (s20.n / naked))
                               :ARG1 (s20.o / octave
                                            :location (s20.m / middle
                                                             :mod (s20.r / right))
                                            :mod (s20.o2 / only)
                                            :quant "1")
                               :ARG1-of (s20.p / possible-01)
                               :condition (s20.c / compare-01
                                                 :ARG0 (s20.y / you)
                                                 :ARG1 (s20.e / energy
                                                              :ARG1-of (s20.l / light-06))
                                                 :ARG2 (s20.s / scale
                                                              :mod (s20.m2 / musical-note)))
                               :polarity (s20.a / amr-unknown)))
   :snt21 (s21.a2 / and
                  :op2 (s21.a3 / appreciate-02
                               :ARG0 (s21.w / we
                                            :part (s21.b / brain
                                                         :ARG0-of (s21.t / take-01
                                                                         :purpose (s21.c2 / create-01
                                                                                          :purpose (s21.e3 / explore-01
                                                                                                           :ARG0 s21.w
                                                                                                           :ARG1 (s21.w2 / world
                                                                                                                         :poss s21.w))
                                                                                          :ARG0 s21.b
                                                                                          :ARG1 (s21.i / image))
                                                                         :ARG1 (s21.i2 / impulse
                                                                                       :ARG1-of (s21.c / come-01
                                                                                                       :ARG3 (s21.e2 / energy
                                                                                                                     :ARG1-of (s21.l / light-06)))
                                                                                       :mod (s21.e / electricity)
                                                                                       :mod (s21.t2 / this))
                                                                         :ARG1-of (s21.k / know-01
                                                                                         :ARG0 (s21.y / you))
                                                                         :ARG1-of (s21.p / possible-01))))
                               :ARG1 s21.b
                               :polarity (s21.a / amr-unknown)
                               :polarity "-"))
   :snt22 (s22.a3 / and
                  :op2 (s22.a5 / appreciate-02
                               :ARG0 (s22.w / we
                                            :part (s22.h2 / heart
                                                          :ARG0-of (s22.f / feel-01
                                                                          :ARG1 (s22.e / earthquake
                                                                                       :mod (s22.t / this))
                                                                          :ARG1-of (s22.p2 / possible-01))))
                               :ARG1 (s22.h / have-03
                                            :purpose (s22.a / allow-01
                                                            :ARG0 s22.w
                                                            :ARG1 (s22.f2 / feel-01
                                                                          :ARG0 s22.w
                                                                          :ARG1 (s22.a4 / and
                                                                                        :op1 (s22.p / pleasure
                                                                                                    :poss (s22.n / nature))
                                                                                        :op2 (s22.b / beautiful-02
                                                                                                    :ARG1 s22.n))))
                                            :ARG0 s22.w
                                            :ARG1 s22.h2)
                               :polarity (s22.a2 / amr-unknown)
                               :polarity "-"))
   :snt23 (s23.t / thing
                 :ARG0-of (s23.c / cultivate-01
                                 :ARG1 (s23.a / and
                                              :op1 (s23.a2 / appreciate-02)
                                              :op2 (s23.g2 / gratitude)))
                 :ARG1-of (s23.g / gift-01)
                 :domain (s23.b / beautiful-02
                                :ARG1 (s23.n / nature
                                             :same-as s22.n)))
   :snt24 (s24.c2 / cause-01
                  :ARG1 (s24.h / have-03
                               :ARG0 (s24.i / i
                                            :same-as s2.i)
                               :ARG1 (s24.g / gift-01
                                            :ARG1 (s24.p2 / project
                                                          :name (s24.n / name
                                                                       :op1 "Happiness"
                                                                       :op2 "Revealed")
                                                          :ARG0-of (s24.g2 / give-01
                                                                           :ARG1 (s24.g3 / glimpse-01
                                                                                         :ARG0 (s24.w2 / we)
                                                                                         :ARG1 (s24.p / perspective
                                                                                                      :ARG2-of (s24.h2 / have-point-of-view-08
                                                                                                                       :ARG0 (s24.a / and
                                                                                                                                    :location (s24.w4 / world
                                                                                                                                                      :mod (s24.t / that))
                                                                                                                                    :op1 (s24.c3 / child)
                                                                                                                                    :op2 (s24.m / man
                                                                                                                                                :mod (s24.e / elderly))))
                                                                                                      :mod s24.t))
                                                                           :ARG2 s24.w2)
                                                          :ARG1-of (s24.w3 / work-01
                                                                           :ARG0 s24.i)
                                                          :ARG1-of (s24.c / call-01))
                                            :ARG1-of (s24.s / share-01
                                                            :ARG0 s24.i
                                                            :ARG1-of (s24.w / want-01
                                                                            :ARG0 s24.i)
                                                            :ARG2 (s24.y / you)
                                                            :time (s24.t2 / today)))))
   :snt25 (s25.a2 / and
                  :op1 (s25.s2 / show-04
                               :quant (s25.s3 / some)
                               :ARG1-of (s25.p5 / pretend-01
                                                :ARG0 (s25.y / you))
                               :ARG3 (s25.w2 / watch-01
                                             :ARG0 (s25.i / i
                                                          :same-as s2.i)
                                             :ARG1 (s25.t / television))
                               :mod (s25.j / just)
                               :mod (s25.j2 / just))
                  :op2 (s25.g / get-01
                              :ARG0 s25.y
                              :ARG1 (s25.i2 / imagine-01
                                            :ARG0 s25.y
                                            :ARG1-of (s25.h4 / have-quant-91
                                                             :ARG1 s25.y
                                                             :ARG3 (s25.m2 / more)
                                                             :ARG4 (s25.h / have-03
                                                                          :ARG0 s25.y
                                                                          :ARG1 (s25.i3 / imagine-01
                                                                                        :ARG0 s25.y)
                                                                          :time (s25.a / already))))
                              :time (s25.e / explore-01
                                           :ARG0 s25.y))
                  :op3 (s25.m / make-02
                              :ARG0 s25.g
                              :ARG1 (s25.w / want-01
                                           :ARG0 s25.y
                                           :ARG1 (s25.g3 / go-02
                                                         :purpose (s25.p3 / possible-01
                                                                          :ARG1 (s25.a3 / and
                                                                                        :op1 (s25.g2 / get-01
                                                                                                     :ARG0 s25.y
                                                                                                     :ARG1 s25.i2)
                                                                                        :op2 (s25.s / see-01
                                                                                                    :ARG0 s25.y
                                                                                                    :ARG1 (s25.t2 / thing
                                                                                                                  :ARG1-of (s25.b2 / beautiful-02
                                                                                                                                   :ARG2-of (s25.h3 / have-degree-91
                                                                                                                                                    :ARG3 (s25.m4 / more)))
                                                                                                                  :example (s25.p / path)))))
                                                         :ARG0 s25.y
                                                         :ARG1 (s25.d / deep-02
                                                                      :ARG2-of (s25.h2 / have-degree-91
                                                                                       :ARG1 s25.g3
                                                                                       :ARG3 (s25.m3 / more))))))
                  :op4 (s25.p4 / possible-01
                               :ARG1 (s25.l / lead-01
                                            :ARG0 (s25.p2 / path
                                                          :domain s25.p)
                                            :ARG1 s25.y
                                            :ARG4 (s25.o / or
                                                         :op1 (s25.b / beach)
                                                         :op2 (s25.s4 / something)
                                                         :op2 (s25.b3 / beautiful-02
                                                                      :ARG1 (s25.t3 / thing))))
                               :condition s25.p2))
   :snt26 (s26.t / think-01
                 :ARG0 (s26.y / you)
                 :ARG1 (s26.d / day
                              :domain (s26.t2 / this)
                              :mod (s26.a2 / another)
                              :mod (s26.j / just)
                              :part-of (s26.l / live-01
                                              :ARG0 s26.y))
                 :polarity (s26.a / amr-unknown))
   :snt27 (s27.a / and
                 :op1 (s27.g / gift-01
                             :ARG1 (s27.i / it
                                          :same-as s26.t2)
                             :ARG1-of (s27.h / have-03
                                             :ARG0 (s27.y / you)
                                             :time (s27.n / now
                                                          :mod (s27.r2 / right)))
                             :mod (s27.o / only))
                 :op2 (s27.r / respond-01
                             :ARG1 s27.i
                             :ARG1-of (s27.a3 / appropriate-02)
                             :ARG2 (s27.a2 / appreciate-02)
                             :mod (s27.o2 / only)))
   :snt28 (s28.s / spend-02
                 :ARG0 (s28.y / you
                              :same-as s26.y)
                 :ARG1 (s28.d3 / day
                               :mod (s28.t / this)
                               :same-as s26.t2)
                 :ARG1 (s28.w / well
                              :degree (s28.v2 / very))
                 :condition (s28.a / and
                                   :op1 (s28.d4 / do-02
                                                :ARG0 s28.y
                                                :ARG0 s28.d3
                                                :ARG1 (s28.e2 / except-01
                                                              :ARG1 (s28.c / cultivate-01
                                                                           :ARG0 s28.y
                                                                           :ARG1 (s28.r / respond-01
                                                                                        :ARG1 (s28.g / gift-01
                                                                                                     :ARG0 s28.d3
                                                                                                     :ARG1 s28.d3
                                                                                                     :mod (s28.g2 / great))))
                                                              :ARG2 (s28.n / nothing
                                                                           :mod (s28.e / else))))
                                   :op2 (s28.l2 / learn-01
                                                :ARG1 (s28.r2 / respond-01
                                                              :ARG0 s28.y
                                                              :conj-as-if (s28.a2 / and
                                                                                  :op1 (s28.d / day
                                                                                              :ord (s28.o / ordinal-entity
                                                                                                          :value "1")
                                                                                              :part-of (s28.l3 / live-01
                                                                                                               :ARG0 s28.y
                                                                                                               :same-as s26.l))
                                                                                  :op2 (s28.d2 / day
                                                                                               :ord (s28.o2 / ordinal-entity
                                                                                                            :degree (s28.v / very)))))))
                 :rel (s28.l / last
                             :ord s28.o2)
                 :rel (s28.u / unique-01
                             :same-as s26.t2))
   :snt29 (s29.a / and
                 :op1 (s29.b / begin-01
                             :ARG0 (s29.y / you
                                          :part (s29.e2 / eye))
                             :ARG2 (s29.o2 / open-01
                                           :ARG0 s29.y
                                           :ARG1 s29.e2))
                 :op2 (s29.s / surprise-01
                             :ARG0 (s29.h / have-03
                                          :ARG0 s29.y
                                          :ARG1 (s29.e3 / eye
                                                        :ARG1-of (s29.o3 / open-01
                                                                         :ARG0 s29.y
                                                                         :ARG1-of (s29.p / possible-01))
                                                        :example (s29.a2 / array
                                                                         :ARG1-of (s29.o / offer-01
                                                                                         :purpose (s29.e / enjoy-01
                                                                                                         :ARG0 (s29.w / we)
                                                                                                         :ARG1-of (s29.p2 / pure-02))
                                                                                         :ARG2 s29.w
                                                                                         :frequency (s29.c2 / constant))
                                                                         :consist-of (s29.c / color)
                                                                         :mod (s29.i / incredible))))
                             :ARG1 s29.y))
   :snt30 (s30.l / look-01
                 :ARG0 (s30.y / you)
                 :ARG1 (s30.s / sky)
                 :mode "imperative")
   :snt31 (s31.l / look-01
                 :ARG0 (s31.w / we)
                 :ARG1 (s31.s / sky
                              :same-as s30.s)
                 :ARG1-of (s31.r / rare-02
                                 :degree (s31.s2 / so)))
   :snt32 (s32.n / note-01
                 :ARG0 (s32.w / we)
                 :ARG1 (s32.d / differ-02
                              :ARG3 (s32.m / moment)
                              :ARG4 (s32.m2 / moment)
                              :degree (s32.s2 / so)
                              :manner (s32.a / and
                                             :op1 (s32.c2 / come-01
                                                          :ARG1 (s32.c / cloud))
                                             :op2 (s32.g / go-01
                                                         :ARG1 s32.c)))
                 :ARG1-of (s32.r / rare-02
                                 :degree (s32.s / so)))
   :snt33 (s33.a2 / and
                  :op1 (s33.t / think-01
                              :ARG0 (s33.w / we)
                              :ARG1 (s33.w2 / weather)
                              :mod (s33.j / just))
                  :op2 (s33.t2 / think-01
                               :ARG0 s33.w2
                               :ARG1 (s33.t3 / trade-01
                                             :ARG1 s33.w2
                                             :mod (s33.a / all))
                               :quant-of s33.t3
                               :mod (s33.e / even
                                           :op1 s33.w2)
                               :polarity "-")
                  :rel (s33.m / many))
   :snt34 (s34.t / think-01
                 :ARG0 (s34.w / we)
                 :ARG1 (s34.a / and
                              :op1 (s34.w2 / weather
                                           :ARG1-of (s34.g / good-02))
                              :op2 (s34.w3 / weather
                                           :ARG1-of (s34.b / bad-07)))
                 :mod (s34.j / just))
   :snt35 (s35.h / have-03
                 :ARG0 (s35.d / day
                              :mod (s35.t2 / this))
                 :ARG1 (s35.w / weather
                              :ARG1-of (s35.u / unique-01)
                              :mod (s35.k / kind
                                          :ARG1-of (s35.p / possible-01)
                                          :mod (s35.c / come-01
                                                      :ARG1 (s35.f / form
                                                                   :mod (s35.t / that)
                                                                   :mod (s35.e2 / exact))
                                                      :mod (s35.a / again)
                                                      :time (s35.e / ever)
                                                      :polarity "-")))
                 :time (s35.n / now
                              :mod (s35.r / right)))
   :snt36 (s36.s / same-01
                 :ARG1 (s36.f / form-01
                              :ARG1 (s36.c / cloud
                                           :location (s36.s2 / sky
                                                             :same-as s30.s)))
                 :ARG2 (s36.f2 / form-01
                               :ARG1 s36.c
                               :time (s36.n / now
                                            :mod (s36.r / right)))
                 :time (s36.e / ever)
                 :polarity "-")
   :snt37 (s37.l / look-01
                 :ARG0 (s37.y / you)
                 :ARG1 (s37.f / face
                              :part-of (s37.p / person
                                              :ARG1-of (s37.m / meet-02
                                                              :ARG0 s37.y)))
                 :mode "imperative")
   :snt38 (s38.h / have-03
                 :ARG0 (s38.o / one
                              :mod (s38.e / each)
                              :part (s38.f / face))
                 :ARG1 (s38.s / story
                              :ARG1-of (s38.f2 / fathom-01
                                               :ARG0 (s38.y / you)
                                               :ARG1-of (s38.p2 / possible-01
                                                                :polarity "-")
                                               :degree (s38.f3 / full)
                                               :time (s38.e2 / ever))
                              :example (s38.a2 / and
                                               :op1 (s38.s2 / story
                                                            :poss s38.o)
                                               :op2 (s38.s3 / story
                                                            :poss s38.o)
                                               :op3 (s38.s4 / story
                                                            :topic (s38.p / person
                                                                          :ARG0-of (s38.h2 / have-rel-role-91
                                                                                           :ARG1 s38.o
                                                                                           :ARG2 (s38.a / ancestor)))))
                              :location (s38.b / behind
                                               :op1 s38.f)
                              :mod (s38.i / incredible)))
   :snt39 (s39.a5 / and
                  :op1 (s39.g3 / go-02
                               :ARG0 (s39.w2 / we
                                             :mod (s39.a / all))
                               :ARG1 (s39.b / back)
                               :ARG4 (s39.f / far
                                            :ARG2-of (s39.h / have-degree-91
                                                            :ARG1 s39.w2
                                                            :ARG3 (s39.s / so))))
                  :op2 (s39.f2 / flow-01
                               :ARG1 (s39.l / life
                                            :ARG0-of (s39.m3 / meet-03
                                                             :ARG1 (s39.y / you
                                                                          :part (s39.h3 / heart)
                                                                          :same-as s26.y)
                                                             :ARG1-of (s39.r / resemble-01
                                                                             :ARG2 (s39.w / water
                                                                                          :ARG0-of (s39.g2 / give-01
                                                                                                           :ARG1 (s39.l2 / life))))
                                                             :condition (s39.a7 / and
                                                                                :op1 (s39.o2 / open-01
                                                                                             :ARG0 s39.y
                                                                                             :ARG1 s39.h3
                                                                                             :mod (s39.o / only))
                                                                                :op2 (s39.d / drink-01
                                                                                            :ARG0 s39.y))
                                                             :location (s39.h4 / here))
                                            :mod (s39.t / that)
                                            :mod (s39.a3 / all)
                                            :source (s39.a6 / and
                                                            :op1 (s39.g / generation)
                                                            :op2 (s39.p2 / place
                                                                         :ARG1-of (s39.h2 / have-quant-91
                                                                                          :ARG2 (s39.m / many)
                                                                                          :ARG3 (s39.s2 / so))
                                                                         :location (s39.a4 / all-over
                                                                                           :op1 (s39.w3 / world)))))
                               :manner (s39.t3 / together)
                               :time (s39.m4 / moment
                                             :mod (s39.p3 / present)
                                             :mod (s39.t2 / this
                                                          :same-as s26.t2)))
                  :rel (s39.p / person
                              :ARG1-of (s39.m2 / meet-02
                                               :ARG0 s39.y)
                              :mod (s39.a2 / all)))
   :snt40 (s40.o / open-01
                 :ARG0 (s40.y / you
                              :part (s40.h / heart
                                           :same-as s39.h3))
                 :ARG1 s40.h
                 :ARG3 (s40.g / gift-01
                              :ARG1-of (s40.g2 / give-01
                                               :ARG0 (s40.c / civilization)
                                               :ARG2 (s40.w / we
                                                            :same-as s39.w2))
                              :mod (s40.i / incredible))
                 :mode "imperative")
   :snt41 (s41.c / cause-01
                 :ARG0 (s41.f / flip-01
                              :ARG0 (s41.y / you)
                              :ARG1 (s41.s / switch))
                 :ARG1 (s41.l / light
                              :mod (s41.e / electric)))
   :snt42 (s42.a / and
                 :op1 (s42.t / turn-01
                             :ARG0 (s42.y / you)
                             :ARG1 (s42.f / faucet))
                 :op2 (s42.a2 / and
                              :op1 (s42.w2 / water
                                           :ARG1-of (s42.w / warm-07))
                              :op2 (s42.w3 / water
                                           :ARG1-of (s42.c / cold-01))
                              :op3 (s42.w4 / water
                                           :ARG1-of (s42.d / drink-01
                                                           :ARG1-of (s42.p / possible-01)))))
   :snt43 (s43.t / thing
                 :ARG1-of (s43.g / gift-01)
                 :ARG1-of (s43.e2 / experience-01
                                  :ARG0 (s43.p / person
                                               :quant (s43.m / multiple
                                                             :op1 "1000000")
                                               :location (s43.w / world
                                                                :same-as s39.w3))
                                  :time (s43.e / ever)
                                  :polarity "-")
                 :domain (s43.i / it))
   :snt44 (s44.i2 / infer-01
                  :ARG1 (s44.i / include-91
                               :ARG1 (s44.t / this)
                               :ARG2 (s44.n / number
                                            :mod (s44.e / enormous)
                                            :quant-of (s44.g / gift-01
                                                             :ARG2-of (s44.o / open-01
                                                                             :ARG0 (s44.w / we
                                                                                          :same-as s39.w2)
                                                                             :ARG1 (s44.h / heart
                                                                                          :part-of (s44.y / you
                                                                                                          :same-as s26.y))
                                                                             :ARG1-of (s44.p / possible-01))))
                               :ARG3 (s44.f / few)
                               :mod (s44.j / just)))
   :snt45 (s45.a2 / and
                  :op2 (s45.c / cause-01
                              :ARG1 (s45.w / wish-01
                                           :ARG0 (s45.i / i
                                                        :same-as s2.i)
                                           :ARG1 (s45.a3 / and
                                                         :op1 (s45.o / open-01
                                                                     :ARG0 (s45.y / you
                                                                                  :part (s45.h / heart
                                                                                               :same-as s39.h3)
                                                                                  :part (s45.e2 / eye)
                                                                                  :same-as s26.y)
                                                                     :ARG1 s45.h
                                                                     :ARG3 (s45.t / thing
                                                                                  :ARG2-of (s45.b / bless-01)
                                                                                  :mod (s45.t2 / this)
                                                                                  :mod (s45.a / all)))
                                                         :op2 (s45.l / let-01
                                                                     :ARG0 s45.y
                                                                     :ARG1 (s45.f / flow-01
                                                                                  :ARG1 s45.t
                                                                                  :path (s45.t4 / through
                                                                                                :op1 s45.y)))
                                                         :op3 (s45.b2 / bless-01
                                                                      :ARG0 s45.y
                                                                      :ARG1 (s45.e / everyone
                                                                                   :ARG1-of (s45.m / meet-02
                                                                                                   :ARG0 s45.y
                                                                                                   :time (s45.d / day
                                                                                                                :mod (s45.t3 / this)
                                                                                                                :same-as s26.t2)))
                                                                      :instrument (s45.a4 / and
                                                                                          :op1 s45.e2
                                                                                          :op2 (s45.s / smile-01
                                                                                                      :ARG0 s45.y)
                                                                                          :op3 (s45.t5 / touch-01
                                                                                                       :ARG0 s45.y
                                                                                                       :mod (s45.j / just))
                                                                                          :op4 (s45.p / present-02
                                                                                                      :ARG1 s45.y
                                                                                                      :mod s45.j))))
                                           :ARG2 s45.y)))
   :snt46 (s46.a / and
                 :op1 (s46.l / let-01
                             :ARG0 (s46.y / you)
                             :ARG1 (s46.o / overflow-01
                                          :ARG1 (s46.a2 / appreciate-02)
                                          :ARG2 (s46.b / bless-01
                                                       :location (s46.a3 / around
                                                                         :op1 s46.y)))
                             :mode "imperative")
                 :op2 (s46.d / day
                             :ARG1-of (s46.g / good-02)
                             :ARG1-of (s46.r / real-04)
                             :time (s46.t / then)))
   :snt47 (s47.t / thank-01
                 :ARG1 (s47.y / you
                              :same-as s2.i))
   :snt48 (s48.t / thank-01
                 :ARG0 (s48.i / i)
                 :ARG1 (s48.y / you
                              :same-as s2.i)
                 :mod (s48.m / much
                             :degree (s48.v / very))))

