# ::id doc-735
# ::doc_file doc-735
# ::tok http : / / www . ted . com / talks / daniel_tammet_different_ways_of_knowing< / url> <next_sent> I 'm a savant , or more precisely , a high - functioning autistic savant . <next_sent> It 's a rare condition . <next_sent> And rarer still when accompanied , as in my case , by self - awareness and a mastery of language . <next_sent> Very often when I meet someone and they learn this about me , there 's a certain kind of awkwardness . <next_sent> I can see it in their eyes . <next_sent> They want to ask me something . <next_sent> And in the end , quite often , the urge is stronger than they are and they blurt it out : " If I give you my date of birth , can you tell me what day of the week I was born on ? " <next_sent> Or they mention cube roots or ask me to recite a long number or long text . <next_sent> I hope you 'll forgive me if I do n't perform a kind of one - man savant show for you today . <next_sent> I 'm going to talk instead about something far more interesting than dates of birth or cube roots -- a little deeper and a lot closer , to my mind , than work . <next_sent> I want to talk to you briefly about perception . <next_sent> When he was writing the plays and the short stories that would make his name , Anton Chekhov kept a notebook in which he noted down his observations of the world around him -- little details that other people seem to miss . <next_sent> Every time I read Chekhov and his unique vision of human life , I 'm reminded of why I too became a writer . <next_sent> In my books , I explore the nature of perception and how different kinds of perceiving create different kinds of knowing and understanding . <next_sent> Here are three questions drawn from my work . <next_sent> Rather than try to figure them out , I 'm going to ask you to consider for a moment the intuitions and the gut instincts that are going through your head and your heart as you look at them . <next_sent> For example , the calculation : can you feel where on the number line the solution is likely to fall ? <next_sent> Or look at the foreign word and the sounds : can you get a sense of the range of meanings that it 's pointing you towards ? <next_sent> And in terms of the line of poetry , why does the poet use the word hare rather than rabbit ? <next_sent> I 'm asking you to do this because I believe our personal perceptions , you see , are at the heart of how we acquire knowledge . <next_sent> Aesthetic judgments , rather than abstract reasoning , guide and shape the process by which we all come to know what we know . <next_sent> I 'm an extreme example of this . <next_sent> My worlds of words and numbers blur with color , emotion and personality . <next_sent> As Juan said , it 's the condition that scientists call synesthesia , an unusual cross - talk between the senses . <next_sent> Here are the numbers one to 12 as I see them -- <next_sent> every number with its own shape and character . <next_sent> One is a flash of white light . <next_sent> Six is a tiny and very sad black hole . <next_sent> The sketches are in black and white here , but in my mind they have colors . <next_sent> Three is green . <next_sent> Four is blue . <next_sent> Five is yellow . <next_sent> I paint as well . <next_sent> And here is one of my paintings . <next_sent> It 's a multiplication of two prime numbers . <next_sent> Three - dimensional shapes and the space they create in the middle creates a new shape , the answer to the sum . <next_sent> What about bigger numbers ? <next_sent> Well you ca n't get much bigger than Pi , the mathematical constant . <next_sent> It 's an infinite number -- literally goes on forever . <next_sent> In this painting that I made of the first 20 decimals of Pi , I take the colors and the emotions and the textures and I pull them all together into a kind of rolling numerical landscape . <next_sent> But it 's not only numbers that I see in colors . <next_sent> Words too , for me , have colors and emotions and textures . <next_sent> And this is an opening phrase from the novel " Lolita . " <next_sent> And Nabokov was himself synesthetic . <next_sent> And you can see here how my perception of the sound L helps the alliteration to jump right out . <next_sent> Another example : a little bit more mathematical . <next_sent> And I wonder if some of you will notice the construction of the sentence from " The Great Gatsby . " <next_sent> There is a procession of syllables -- wheat , one ; prairies , two ; lost Swede towns , three -- one , two , three . <next_sent> And this effect is very pleasant on the mind , and it helps the sentence to feel right . <next_sent> Let 's go back to the questions I posed you a moment ago . <next_sent> 64 multiplied by 75 . <next_sent> If some of you play chess , you 'll know that 64 is a square number , and that 's why chessboards , eight by eight , have 64 squares . <next_sent> So that gives us a form that we can picture , that we can perceive . <next_sent> What about 75 ? <next_sent> Well if 100 , if we think of 100 as being like a square , 75 would look like this . <next_sent> So what we need to do now is put those two pictures together in our mind -- something like this . <next_sent> 64 becomes 6,400 . <next_sent> And in the right - hand corner , you do n't have to calculate anything . <next_sent> Four across , four up and down -- <next_sent> it 's 16 . <next_sent> So what the sum is actually asking you to do is 16 , 16 , 16 . <next_sent> That 's a lot easier than the way that the school taught you to do math , I 'm sure . <next_sent> It 's 16 , 16 , 16 , 48 , 4,800 -- 4,800 , the answer to the sum . <next_sent> Easy when you know how . <next_sent> The second question was an Icelandic word . <next_sent> I 'm assuming there are not many people here who speak Icelandic . <next_sent> So let me narrow the choices down to two . <next_sent> is it a happy word , or a sad word ? <next_sent> What do you say ? <next_sent> Okay . <next_sent> Some people say it 's happy . <next_sent> Most people , a majority of people , say sad . <next_sent> And it actually means sad . <next_sent> Why do , statistically , a majority of people say that a word is sad , in this case , heavy in other cases ? <next_sent> In my theory , language evolves in such a way that sounds match , correspond with , the subjective , with the personal , intuitive experience of the listener . <next_sent> Let 's have a look at the third question . <next_sent> It 's a line from a poem by John Keats . <next_sent> Words , like numbers , express fundamental relationships between objects and events and forces that constitute our world . <next_sent> It stands to reason that we , existing in this world , should in the course of our lives absorb intuitively those relationships . <next_sent> And poets , like other artists , play with those intuitive understandings . <next_sent> In the case of hare , it 's an ambiguous sound in English . <next_sent> It can also mean the fibers that grow from a head . <next_sent> And if we think of that -- let me put the picture up -- the fibers represent vulnerability . <next_sent> They yield to the slightest movement or motion or emotion . <next_sent> So what you have is an atmosphere of vulnerability and tension . <next_sent> The hare itself , the animal -- not a cat , not a dog , a hare -- why a hare ? <next_sent> Because think of the picture -- not the word , the picture . <next_sent> The overlong ears , the overlarge feet , helps us to picture , to feel intuitively , what it means to limp and to tremble . <next_sent> So in these few minutes , I hope I 've been able to share a little bit of my vision of things and to show you that words can have colors and emotions , numbers , shapes and personalities . <next_sent> The world is richer , vaster than it too often seems to be . <next_sent> I hope that I 've given you the desire to learn to see the world with new eyes . <next_sent> Thank you .
(d / document
   :snt1 (s1.u / url-entity
               :topic (s1.t / talk-01
                            :ARG0 (s1.p / person
                                        :name (s1.n / name
                                                    :op1 "Kurd"))))
   :snt2 (s2.o / or
               :op1 (s2.s / savant
                          :domain (s2.i / i))
               :op2 (s2.s2 / savant
                           :ARG0-of (s2.f / function-01
                                          :ARG1-of (s2.h2 / high-02)
                                          :mod (s2.d / disease
                                                     :name (s2.n / name
                                                                 :op1 "socialism"
                                                                 :op2 "Disorder")))
                           :ARG1-of (s2.h / have-degree-91
                                          :ARG2 (s2.p / precise)
                                          :ARG3 (s2.m / more))
                           :domain s2.i))
   :snt3 (s3.c / condition
               :ARG1-of (s3.r / rare-02)
               :domain (s3.i / it
                             :same-as s2.f))
   :snt4 (s4.a2 / and
                :op2 (s4.h / have-degree-91
                           :ARG1 (s4.a / accompany-01
                                       :ARG0 (s4.a3 / and
                                                    :op1 (s4.r2 / realize-01)
                                                    :op2 (s4.m / master-01
                                                               :ARG1 (s4.l / language)))
                                       :example (s4.c / case-04
                                                      :ARG1 (s4.i / i
                                                                  :same-as s2.i)))
                           :ARG1 s4.a3
                           :ARG2 (s4.r / rare-02
                                       :mod (s4.s / still))
                           :ARG3 (s4.m2 / more)))
   :snt5 (s5.a2 / awkwardness
                :mod (s5.k / kind
                           :mod (s5.c / certain))
                :mod (s5.o / often
                           :degree (s5.v / very))
                :time (s5.a / and
                            :op1 (s5.m / meet-02
                                       :ARG0 (s5.i / i
                                                   :same-as s2.i)
                                       :ARG1 (s5.s / someone))
                            :op2 (s5.l / learn-01
                                       :ARG0 s5.s
                                       :ARG1 (s5.t / this)
                                       :ARG2 s5.i)))
   :snt6 (s6.p / possible-01
               :ARG1 (s6.s / see-01
                           :ARG0 (s6.i / i
                                       :same-as s2.i)
                           :ARG1 (s6.i2 / it
                                        :same-as s5.k)
                           :location (s6.e / eye
                                           :part-of (s6.t / they
                                                          :same-as s5.s))))
   :snt7 (s7.w / want-01
               :ARG0 (s7.t / they
                           :same-as s5.s)
               :ARG1 (s7.a / ask-01
                           :ARG0 s7.t
                           :ARG1 (s7.s / something)
                           :ARG2 (s7.i / i
                                       :same-as s2.i)))
   :snt8 (s8.a2 / and
                :op2 (s8.a3 / and
                            :op1 (s8.s / strong-02
                                       :ARG1 (s8.u / urge-01
                                                   :ARG1 (s8.t2 / they
                                                                :same-as s5.s))
                                       :ARG2-of (s8.h2 / have-degree-91
                                                       :ARG1 s8.u
                                                       :ARG3 (s8.m / more)
                                                       :ARG4 (s8.u2 / urge-01
                                                                    :ARG1 s8.t2))
                                       :frequency (s8.o / often
                                                        :degree (s8.q / quite)))
                            :op2 (s8.b2 / burst-out-04
                                        :ARG0 s8.t2
                                        :ARG1 (s8.i / it
                                                    :same-as s7.s)
                                        :topic (s8.h / have-condition-91
                                                     :ARG1 (s8.p / possible-01
                                                                 :ARG1 (s8.t / tell-01
                                                                             :ARG0 (s8.y / you
                                                                                         :same-as s2.i)
                                                                             :ARG1 (s8.d2 / day
                                                                                          :part-of (s8.w / week)
                                                                                          :time-of (s8.b / bear-02
                                                                                                         :ARG1 s8.t2
                                                                                                         :time s8.d)))
                                                                 :polarity (s8.a / amr-unknown))
                                                     :ARG2 (s8.g / give-01
                                                                 :ARG1 (s8.d / date)
                                                                 :ARG2 s8.y)))
                            :time (s8.e / end-01)))
   :snt9 (s9.o / or
               :op2 (s9.o2 / or
                           :op1 (s9.m / mention-01
                                      :ARG0 (s9.t2 / they
                                                   :same-as s5.s)
                                      :ARG1 (s9.r2 / root
                                                   :mod (s9.c / cube)))
                           :op2 (s9.a / ask-02
                                      :ARG0 s9.t2
                                      :ARG1 (s9.r / recite-01
                                                  :ARG0 (s9.i / i
                                                              :same-as s2.i)
                                                  :ARG1 (s9.o3 / or
                                                               :op1 (s9.n / number
                                                                          :ARG1-of (s9.l / long-03
                                                                                         :ARG1 (s9.t / text)))
                                                               :op2 s9.t))
                                      :ARG2 s9.i)))
   :snt10 (s10.h / hope-01
                 :ARG0 (s10.i / i
                              :same-as s2.i)
                 :ARG1 (s10.f / forgive-01
                              :ARG0 (s10.y / you)
                              :ARG1 s10.i
                              :condition (s10.p / perform-01
                                                :ARG0 s10.i
                                                :ARG1 (s10.s2 / show-04
                                                              :ARG0 (s10.m / man
                                                                           :quant "1")
                                                              :mod (s10.s / savant)
                                                              :mod (s10.k / kind))
                                                :ARG2 s10.y
                                                :time (s10.t / today)
                                                :polarity "-")))
   :snt11 (s11.t / talk-01
                 :ARG0 (s11.i / i
                              :part (s11.m / mind)
                              :same-as s2.i)
                 :ARG1 (s11.s / something
                              :ARG1-of (s11.h / have-degree-91
                                              :ARG2 (s11.i3 / interest-01
                                                            :ARG2 s11.s)
                                              :ARG3 (s11.m2 / more
                                                            :quant (s11.f / far))
                                              :ARG4 (s11.o / or
                                                           :op1 (s11.d / date
                                                                       :mod (s11.b / bear-02))
                                                           :op2 (s11.r / root
                                                                       :mod (s11.c2 / cube)
                                                                       :same-as s9.r2)))
                              :ARG1-of (s11.h2 / have-degree-91
                                               :ARG2 (s11.d2 / deep-03
                                                             :ARG1 s11.s)
                                               :ARG3 (s11.m3 / more
                                                             :quant (s11.l / little)))
                              :ARG1-of (s11.c / close-10
                                              :ARG2 s11.m
                                              :ARG2-of (s11.h3 / have-degree-91
                                                               :ARG1 s11.s
                                                               :ARG3 (s11.m4 / more
                                                                             :quant (s11.l2 / lot))
                                                               :ARG4 (s11.w / work-01))))
                 :ARG1-of (s11.i2 / instead-of-91))
   :snt12 (s12.w / want-01
                 :ARG0 (s12.i / i
                              :same-as s2.i)
                 :ARG1 (s12.t / talk-01
                              :ARG0 s12.i
                              :ARG1 (s12.p / perceive-01)
                              :ARG2 (s12.y / you
                                           :same-as s10.y)
                              :duration (s12.b / brief)))
   :snt13 (s13.k / keep-01
                 :ARG0 (s13.p / person
                              :name (s13.n2 / name
                                            :op1 "Anton"
                                            :op2 "Chekhov"))
                 :ARG1 (s13.n4 / notebook
                               :location-of (s13.n3 / note-01
                                                    :ARG0 s13.p
                                                    :ARG1 (s13.o / observe-01
                                                                 :ARG0 s13.p
                                                                 :ARG1 (s13.w / world
                                                                              :location (s13.a2 / around
                                                                                                :op1 s13.p))
                                                                 :mod (s13.d / detail
                                                                             :ARG1-of (s13.m2 / miss-02
                                                                                              :ARG0 (s13.p2 / person
                                                                                                            :mod (s13.o2 / other))
                                                                                              :ARG1-of (s13.s / seem-01))
                                                                             :mod (s13.l / little)))))
                 :time (s13.w2 / write-01
                               :ARG0 s13.p
                               :ARG1 (s13.a / and
                                            :op1 (s13.p3 / play-11)
                                            :op2 (s13.s3 / story
                                                         :ARG0-of (s13.m / make-01
                                                                         :ARG1 (s13.n / name
                                                                                      :poss s13.p))
                                                         :ARG1-of (s13.s2 / short-07)))))
   :snt14 (s14.r3 / remind-01
                  :ARG1 (s14.t / thing
                               :ARG0-of (s14.c / cause-01
                                               :ARG1 (s14.b / become-01
                                                            :ARG1 (s14.i / i
                                                                         :same-as s2.i)
                                                            :ARG2 (s14.p2 / person
                                                                          :ARG0-of (s14.w / write-01))
                                                            :mod (s14.t2 / too))))
                  :ARG2 s14.i
                  :frequency (s14.r / rate-entity-91
                                    :ARG4 (s14.r2 / read-01
                                                  :ARG0 s14.i
                                                  :ARG1 (s14.a / and
                                                               :op1 (s14.p / person
                                                                           :name (s14.n / name
                                                                                        :op1 "Chekhov")
                                                                           :same-as s13.p)
                                                               :op2 (s14.e / envision-01
                                                                           :ARG0 s14.p
                                                                           :ARG1 (s14.l / life
                                                                                        :mod (s14.h / human))
                                                                           :ARG1-of (s14.u / unique-01))))))
   :snt15 (s15.e / explore-01
                 :ARG0 (s15.i / i
                              :same-as s2.i)
                 :ARG1 (s15.a / and
                              :op1 (s15.n / nature
                                          :mod (s15.p / perceive-01))
                              :op2 (s15.t / thing
                                          :manner-of (s15.c / create-01
                                                            :ARG0 (s15.p2 / perceive-01
                                                                          :mod (s15.k / kind
                                                                                      :ARG1-of (s15.d / differ-02))))))
                 :medium (s15.b / book
                                :poss s15.i)
                 :rel (s15.k2 / kind
                              :ARG1-of (s15.d2 / differ-02)
                              :mod (s15.a2 / and
                                           :op1 (s15.k3 / know-01)
                                           :op2 (s15.u / understand-01))))
   :snt16 (s16.d / draw-02
                 :ARG1 (s16.q / question
                              :medium (s16.h / here)
                              :quant "3")
                 :ARG2 (s16.w / work-01
                              :ARG0 (s16.i / i
                                           :same-as s2.i)))
   :snt17 (s17.i2 / instead-of-91
                  :ARG1 (s17.a3 / ask-02
                                :ARG0 (s17.i / i
                                             :same-as s2.i)
                                :ARG1 (s17.c / consider-02
                                             :ARG0 (s17.y / you
                                                          :part (s17.h / head)
                                                          :part (s17.h2 / heart))
                                             :ARG1 (s17.a / and
                                                          :ARG1-of (s17.g / go-12
                                                                          :path (s17.a2 / and
                                                                                        :op1 s17.h
                                                                                        :op2 s17.h2)
                                                                          :time (s17.l / look-01
                                                                                       :ARG0 s17.y
                                                                                       :ARG1 (s17.t / they
                                                                                                    :same-as s16.w)))
                                                          :op1 (s17.s / sense-01
                                                                      :ARG0 s17.y)
                                                          :op2 (s17.i3 / instinct
                                                                       :mod (s17.g2 / gut)))
                                             :duration (s17.m / moment))
                                :ARG2 s17.y)
                  :ARG2 (s17.t2 / try-01
                                :ARG0 s17.y
                                :ARG1 (s17.f / figure-out-05
                                             :ARG0 s17.y
                                             :ARG1 s17.t)))
   :snt18 (s18.e / exemplify-01
                 :ARG0 (s18.t / thing
                              :ARG0 (s18.p / possible-01
                                           :ARG1 (s18.f2 / feel-01
                                                         :ARG0 (s18.y / you)
                                                         :ARG1 (s18.l3 / location
                                                                       :location-of (s18.f / fall-01
                                                                                           :ARG1 (s18.t2 / thing
                                                                                                         :ARG2-of (s18.s / solve-01))
                                                                                           :ARG1-of (s18.l / likely-01)
                                                                                           :ARG4 (s18.l2 / line
                                                                                                         :mod (s18.n / number)))))
                                           :polarity (s18.a / amr-unknown))
                              :ARG2-of (s18.c / calculate-01)))
   :snt19 (s19.o / or
                 :op1 (s19.l / look-01
                             :ARG0 (s19.y / you)
                             :ARG1 (s19.a2 / and
                                           :op1 (s19.w / word
                                                       :mod (s19.f / foreign))
                                           :op2 (s19.s2 / sound-01))
                             :mode "imperative")
                 :op2 (s19.p2 / possible-01
                              :ARG1 (s19.s / sense-01
                                           :ARG0 s19.y
                                           :ARG1 (s19.r / range-01
                                                        :ARG1 (s19.m / mean-01
                                                                     :ARG2-of (s19.p / point-01
                                                                                     :ARG0 s19.w
                                                                                     :ARG1 s19.y))))
                              :polarity (s19.a / amr-unknown)))
   :snt20 (s20.a2 / and
                  :op2 (s20.u / use-01
                              :ARG0 (s20.p / poet
                                           :mod (s20.l / line))
                              :ARG1 (s20.w / word-01
                                           :ARG1 (s20.h / hare
                                                        :ARG1-of (s20.i / instead-of-91
                                                                        :ARG2 (s20.r / rabbit))))
                              :ARG1-of (s20.c / cause-01
                                              :ARG0 (s20.a / amr-unknown))
                              :topic s20.l))
   :snt21 (s21.c / cause-01
                 :ARG0 (s21.b / believe-01
                              :ARG0 (s21.i / i
                                           :same-as s2.i)
                              :mod (s21.s / see-03
                                          :ARG0 (s21.y / you
                                                       :same-as s10.y)))
                 :ARG1 (s21.a2 / ask-02
                               :ARG0 s21.i
                               :ARG1 (s21.d / do-02
                                            :ARG0 s21.y
                                            :ARG1 (s21.t / this))
                               :ARG2 s21.y)
                 :rel (s21.p / perceive-01
                             :ARG0 (s21.w / we)
                             :ARG1-of (s21.p2 / personal-02)
                             :location (s21.h / heart
                                              :part-of (s21.a / acquire-01
                                                              :ARG0 s21.w
                                                              :ARG1 (s21.k / know-01)))))
   :snt22 (s22.a4 / and
                  :op1 (s22.g / guide-01
                              :ARG0 (s22.j / judge-01
                                           :ARG1-of (s22.i / instead-of-91
                                                           :ARG2 (s22.r / reason-01
                                                                        :mod (s22.a / abstract)))
                                           :mod (s22.a2 / acute))
                              :ARG1 (s22.p / process-02
                                           :instrument-of (s22.c / come-04
                                                                 :ARG1 (s22.w / we
                                                                              :mod (s22.a3 / all))
                                                                 :ARG2 (s22.k / know-01
                                                                              :ARG0 s22.w
                                                                              :ARG1 (s22.t / thing
                                                                                           :ARG1-of (s22.k2 / know-01
                                                                                                            :ARG0 s22.w))))))
                  :op2 (s22.s / shape-01
                              :ARG0 s22.j
                              :ARG1 s22.p))
   :snt23 (s23.e / exemplify-01
                 :ARG0 (s23.i / i
                              :same-as s2.i)
                 :ARG1 (s23.t / this)
                 :mod (s23.e2 / extreme))
   :snt24 (s24.b / blur-01
                 :ARG0 (s24.a2 / and
                               :op1 (s24.c / color)
                               :op2 (s24.e / emotion)
                               :op3 (s24.p / personality))
                 :ARG1 (s24.w2 / world
                               :consist-of (s24.a / and
                                                  :op1 (s24.w / word)
                                                  :op2 (s24.n / number))
                               :poss (s24.i / i
                                            :same-as s2.i)))
   :snt25 (s25.s / say-01
                 :ARG0 (s25.p / person
                              :name (s25.n / name
                                           :op1 "Juan"))
                 :ARG1 (s25.c2 / condition
                               :ARG1-of (s25.c / call-01
                                               :ARG0 (s25.s2 / scientist)
                                               :ARG2 (s25.s4 / synesthesia
                                                             :ARG0-of (s25.c3 / cross-02
                                                                              :ARG0 (s25.s3 / sense-01)
                                                                              :mod (s25.u / usual))))))
   :snt26 (s26.n / number
                 :ARG1-of (s26.s / see-01
                                 :ARG0 (s26.i / i
                                              :same-as s2.i))
                 :location (s26.h / here)
                 :mod (s26.p / percentage-entity
                             :value "12")
                 :ord (s26.o / ordinal-entity
                             :value "1"))
   :snt27 (s27.n / number
                 :mod (s27.e / every)
                 :poss (s27.a / and
                              :op1 (s27.s / shape
                                          :poss s27.n)
                              :op2 (s27.c / character
                                          :poss s27.n)))
   :snt28 (s28.t / thing
                 :quant (s28.o / one)
                 :domain (s28.f / flash-01
                                :ARG1 (s28.l / light
                                             :ARG1-of (s28.w / white-03))))
   :snt29 (s29.h / hole
                 :ARG1-of (s29.b / black-04)
                 :ARG1-of (s29.s / sad-02
                                 :degree (s29.v / very))
                 :domain (s29.p / person
                                :quant "6")
                 :mod (s29.t / tiny))
   :snt30 (s30.c2 / contrast-01
                  :ARG1 (s30.b / black-and-white
                               :domain (s30.s / sketch-out-02)
                               :location (s30.h2 / here))
                  :ARG2 (s30.h / have-03
                               :ARG0 s30.s
                               :ARG1 (s30.c / color)
                               :ARG1-of (s30.m / mind-05
                                               :ARG0 (s30.i / i
                                                            :same-as s2.i))))
   :snt31 (s31.h / have-quant-91
                 :ARG1-of (s31.g / green-02)
                 :ARG3 (s31.e / equal)
                 :ARG2 "3")
   :snt32 (s32.b / blue
                 :domain "4")
   :snt33 (s33.y / yellow-02
                 :ARG1 "5")
   :snt34 (s34.p / paint-02
                 :ARG0 (s34.i / i
                              :same-as s2.i)
                 :mod (s34.a / as-well))
   :snt35 (s35.a / and
                 :op2 (s35.p / paint-02
                             :ARG0 (s35.i / i
                                          :same-as s2.i)
                             :ARG1-of (s35.i2 / include-91
                                              :ARG2 (s35.p2 / paint-02
                                                            :ARG0 s35.i))
                             :location (s35.h / here)
                             :quant "1"))
   :snt36 (s36.m / multiply-01
                 :ARG1 (s36.n / number
                              :mod (s36.p / prime)
                              :quant "2")
                 :domain (s36.i / it
                                :same-as s35.i2))
   :snt37 (s37.c2 / create-01
                  :ARG0 (s37.a / and
                               :op1 (s37.s2 / shape-01
                                            :mod (s37.d / dimension
                                                        :quant "3"))
                               :op2 (s37.s3 / space
                                            :ARG1-of (s37.c / create-01
                                                            :ARG0 s37.s2)
                                            :location (s37.m / middle)))
                  :ARG1 (s37.s / shape
                               :ARG1-of (s37.n / new-01)
                               :ARG2-of (s37.a2 / answer-01
                                                :ARG1 (s37.s4 / sum))))
   :snt38 (s38.a / amr-unknown
                 :topic (s38.n / number
                               :ARG1-of (s38.h / have-degree-91
                                               :ARG2 (s38.b / big)
                                               :ARG3 (s38.m / more))))
   :snt39 (s39.p / possible-01
                 :ARG1 (s39.g / get-03
                              :ARG1 (s39.y / you)
                              :ARG2 (s39.h / have-degree-91
                                           :ARG1 s39.y
                                           :ARG2 (s39.b / big)
                                           :ARG3 (s39.m3 / more
                                                         :quant (s39.m4 / much))
                                           :ARG4 (s39.t / thing
                                                        :name (s39.n / name
                                                                     :op1 "Pi")
                                                        :ARG1-of (s39.m2 / mean-01
                                                                         :ARG2 (s39.c / constant
                                                                                      :mod (s39.m / mathematics))))))
                 :mod (s39.w / well)
                 :polarity "-")
   :snt40 (s40.n / number
                 :ARG1-of (s40.g / go-on-15
                                 :duration (s40.f / forever)
                                 :manner (s40.l / literal))
                 :domain (s40.i2 / it
                                 :same-as s39.t)
                 :mod (s40.i / infinite))
   :snt41 (s41.a2 / and
                  :location (s41.p / paint-02
                                   :ARG0 (s41.i / i
                                                :same-as s2.i)
                                   :ARG1-of (s41.m / make-01
                                                   :ARG0 s41.i
                                                   :ARG2 (s41.t2 / thing
                                                                 :name (s41.n / name
                                                                              :op1 "definite"
                                                                              :op2 "of"
                                                                              :op3 "Pi")
                                                                 :ord (s41.o / ordinal-entity
                                                                             :value "1")
                                                                 :quant "20")
                                                   :same-as s35.i2)
                                   :mod (s41.t3 / this))
                  :op1 (s41.t / take-01
                              :ARG0 s41.i
                              :ARG1 (s41.a / and
                                           :op1 (s41.c / color)
                                           :op2 (s41.e / emotion)
                                           :op3 (s41.c2 / color)))
                  :op2 (s41.p2 / pull-06
                               :ARG0 s41.i
                               :ARG1 s41.a
                               :ARG2 (s41.t4 / together)
                               :ARG3 (s41.l / landscape
                                            :ARG1-of (s41.r / roll-01)
                                            :mod (s41.n2 / numerical-quantity)
                                            :mod (s41.k / kind))))
   :snt42 (s42.c2 / contrast-01
                  :ARG2 (s42.s / see-01
                               :ARG0 (s42.i / i
                                            :same-as s2.i)
                               :ARG1 (s42.n / number
                                            :mod (s42.o / only
                                                        :polarity "-"))
                               :manner (s42.c / color)))
   :snt43 (s43.h / have-03
                 :ARG0 (s43.i / i
                              :same-as s2.i)
                 :ARG1 (s43.a / and
                              :op1 (s43.c / color)
                              :op2 (s43.e / emotion)
                              :op3 (s43.c2 / color))
                 :rel (s43.w / word
                             :mod (s43.t / too)))
   :snt44 (s44.a / and
                 :op2 (s44.p / phrase
                             :ARG0-of (s44.o / open-01
                                             :ARG0 (s44.n2 / novel
                                                           :name (s44.n / name
                                                                        :op1 "Lolita")))
                             :domain (s44.t / this)))
   :snt45 (s45.a / and
                 :op2 (s45.s / synesthetic
                             :domain (s45.p / person
                                            :name (s45.n / name
                                                         :op1 "Nabokov"))))
   :snt46 (s46.a2 / and
                  :op2 (s46.p2 / possible-01
                               :ARG1 (s46.s / see-01
                                            :ARG0 (s46.y / you)
                                            :ARG1 (s46.t / thing
                                                         :manner-of (s46.h / help-01
                                                                           :ARG0 (s46.p / perceive-01
                                                                                        :ARG0 (s46.i / i
                                                                                                     :same-as s2.i)
                                                                                        :ARG1 (s46.s2 / sound
                                                                                                      :mod (s46.s3 / string-entity
                                                                                                                   :value "L")))
                                                                           :ARG1 (s46.j / jump-03
                                                                                        :ARG0 (s46.a / alliterate)
                                                                                        :direction (s46.o / out)
                                                                                        :mod (s46.r / right))))
                                            :location (s46.h2 / here))))
   :snt47 (s47.e / exemplify-01
                 :ARG0 (s47.h / have-degree-91
                              :ARG2 (s47.m / mathematics)
                              :ARG3 (s47.m2 / more
                                            :quant (s47.b / bit
                                                          :mod (s47.l / little))))
                 :mod (s47.a / another))
   :snt48 (s48.a / and
                 :op2 (s48.w / wonder-01
                             :ARG0 (s48.i / i
                                          :same-as s2.i)
                             :ARG1 (s48.t / truth-value
                                          :polarity-of (s48.n2 / notice-01
                                                               :ARG0 (s48.s2 / some
                                                                             :ARG1-of (s48.i2 / include-91
                                                                                              :ARG2 (s48.y / you
                                                                                                           :same-as s10.y)))
                                                               :ARG1 (s48.c / construct-01
                                                                            :ARG1 (s48.s / sentence
                                                                                         :source (s48.b / book
                                                                                                        :name (s48.n / name
                                                                                                                     :op1 "The"
                                                                                                                     :op2 "Great"
                                                                                                                     :op3 "Gatsby"))))))))
   :snt49 (s49.p2 / procession
                  :consist-of (s49.v / verse
                                     :example (s49.a2 / and
                                                      :op1 (s49.w / wheat)
                                                      :op2 (s49.o / one
                                                                  :mode "imperative")
                                                      :op3 (s49.c / continent
                                                                  :name (s49.n / name))
                                                      :op4 (s49.p / prairies
                                                                  :quant "2")
                                                      :op5 (s49.t / town
                                                                  :ARG1-of (s49.l / lose-02)
                                                                  :mod (s49.c2 / country
                                                                               :name (s49.n2 / name
                                                                                             :op1 "Sweden")))))
                  :rel (s49.a / 3
                              :op6 (s49.a3 / and
                                           :op1 (s49.o2 / one)
                                           :op2 (s49.t2 / two)
                                           :op3 "3")))
   :snt50 (s50.a2 / and
                  :op2 (s50.p / pleasant-02
                              :ARG0 (s50.a / affect-01
                                           :mod (s50.t / this))
                              :ARG1 (s50.m / mind)
                              :degree (s50.v / very))
                  :op3 (s50.h / help-01
                              :ARG0 s50.a
                              :ARG1 (s50.f / feel-01
                                           :ARG0 (s50.s / sentence
                                                        :same-as s48.s)
                                           :ARG1 (s50.r / right-02
                                                        :ARG1 s50.s))))
   :snt51 (s51.g / go-back-19
                 :ARG1 (s51.w / we)
                 :ARG2 (s51.q / question
                              :ARG1-of (s51.p / pose-02
                                              :ARG0 (s51.i / i
                                                           :same-as s2.i)
                                              :ARG2 (s51.y / you
                                                           :same-as s10.y)
                                              :time (s51.b / before
                                                           :op1 (s51.n / now))
                                              :quant-of s51.b))
                 :rel (s51.m / moment)
                 :mode "imperative"
                 :rel "1")
   :snt52 (s52.m / multiply-01
                 :ARG1 "64"
                 :ARG2 "75")
   :snt53 (s53.k / know-01
                 :ARG0 (s53.y / you
                              :same-as s10.y)
                 :ARG0-of (s53.c / cause-01
                                 :ARG1 (s53.h / have-03
                                              :ARG0 (s53.b / board
                                                           :mod (s53.b2 / by
                                                                        :op1 "8"
                                                                        :op2 "8"))
                                              :ARG1 (s53.s2 / square
                                                            :quant "64")))
                 :ARG1 (s53.n / number
                              :value "64")
                 :condition (s53.p2 / play-01
                                    :ARG0 (s53.p / person
                                                 :quant (s53.s / some)
                                                 :ARG1-of (s53.i / include-91
                                                                 :ARG2 s53.y))
                                    :ARG1 (s53.c2 / chess)))
   :snt54 (s54.g / give-01
                 :ARG0 (s54.t / that)
                 :ARG1 (s54.f / form
                              :ARG1-of (s54.p2 / picture-01
                                               :ARG0 (s54.w / we)
                                               :ARG1-of (s54.p3 / possible-01))
                              :ARG1-of (s54.p / perceive-01
                                              :ARG0 s54.w
                                              :ARG1-of (s54.p4 / possible-01)))
                 :ARG2 s54.w)
   :snt55 (s55.a / amr-unknown
                 :topic (s55.p / person
                               :quant "75"))
   :snt56 (s56.l / look-02
                 :ARG1 (s56.r2 / resemble-01
                               :ARG2 (s56.t2 / this)
                               :ARG1 "75")
                 :condition (s56.t / think-01
                                   :ARG0 (s56.w / we)
                                   :ARG2 (s56.r / resemble-01
                                                :ARG2 (s56.s / square))
                                   :ARG1 "100")
                 :mod (s56.w2 / well)
                 :ARG0 "75"
                 :rel "100")
   :snt57 (s57.c / cause-01
                 :ARG1 (s57.n / need-01
                              :ARG0 (s57.w / we
                                           :part (s57.m / mind))
                              :ARG1 (s57.p2 / put-01
                                            :ARG0 s57.w
                                            :ARG1 (s57.p / picture
                                                         :mod (s57.t / that)
                                                         :quant "2")
                                            :ARG2 (s57.t3 / together)
                                            :example (s57.s / something
                                                            :ARG1-of (s57.r / resemble-01
                                                                            :ARG2 (s57.t2 / this)))
                                            :location s57.m)
                              :time (s57.n2 / now)))
   :snt58 (s58.b / become-01
                 :ARG1 (s58.p / person
                              :quant "64")
                 :ARG2 (s58.p2 / person
                               :quant "6000"))
   :snt59 (s59.a / and
                 :op2 (s59.o / obligate-01
                             :ARG2 (s59.c / calculate-01
                                          :ARG0 (s59.y / you)
                                          :ARG1 (s59.a2 / anything))
                             :location (s59.c2 / corner
                                               :mod (s59.h / hand
                                                           :ARG1-of (s59.r / right-04)))
                             :polarity "-"))
   :snt60 (s60.a2 / and
                  :op1 (s60.a / across
                              :quant "4")
                  :op2 (s60.a3 / and
                               :op1 (s60.u / up)
                               :op2 (s60.d / down)
                               :quant "4"))
   :snt61 (s61.a / age-01
                 :ARG1 (s61.i / it)
                 :ARG2 (s61.t / temporal-quantity
                              :unit (s61.y / year)
                              :quant "16"))
   :snt62 (s62.i / infer-01
                 :ARG1 (s62.t3 / thing
                               :ARG1-of (s62.d / do-02
                                               :ARG0 (s62.y3 / you)
                                               :ARG1-of (s62.a3 / ask-02
                                                                :ARG0 (s62.s / sum
                                                                             :consist-of (s62.a2 / and
                                                                                                 :op1 (s62.t / temporal-quantity
                                                                                                             :unit (s62.y / year)
                                                                                                             :quant "16")
                                                                                                 :op2 (s62.t2 / temporal-quantity
                                                                                                              :unit (s62.y2 / year)
                                                                                                              :quant "16")))
                                                                :ARG1-of (s62.a / actual-02)
                                                                :ARG2 s62.y3))))
   :snt63 (s63.s2 / sure-02
                  :ARG0 (s63.i / i
                               :same-as s2.i)
                  :ARG1 (s63.h / have-degree-91
                               :ARG1 (s63.t2 / that
                                             :same-as s62.a2)
                               :ARG2 (s63.e / easy-05
                                            :ARG1 s63.t2)
                               :ARG3 (s63.m2 / more
                                             :quant (s63.l / lot))
                               :ARG4 (s63.w / way
                                            :manner-of (s63.t / teach-01
                                                              :ARG0 (s63.s / school)
                                                              :ARG1 (s63.d / do-02
                                                                           :ARG0 (s63.y / you)
                                                                           :ARG1 (s63.m / mathematics))
                                                              :ARG2 s63.y))))
   :snt64 (s64.a2 / answer-01
                  :ARG1 (s64.s / sum
                               :same-as s62.s)
                  :ARG2 (s64.t / thing
                               :domain (s64.a / and
                                              :op1 "16"
                                              :op2 "16"
                                              :op3 "16"
                                              :op4 "4800"))
                  :rel "48")
   :snt65 (s65.e / easy-05
                 :condition (s65.k / know-01
                                   :ARG0 (s65.y / you)
                                   :ARG1 (s65.t / thing)))
   :snt66 (s66.w / word
                 :domain (s66.q / question-01
                                :ord (s66.o / ordinal-entity
                                            :value "2"))
                 :mod (s66.c / country
                             :name (s66.n / name
                                          :op1 "Iceland")))
   :snt67 (s67.a / assume-02
                 :ARG0 (s67.i / i
                              :same-as s2.i)
                 :ARG1 (s67.p / person
                              :quant (s67.m / many
                                            :polarity "-")
                              :ARG0-of (s67.s / speak-01
                                              :ARG3 (s67.l / language
                                                           :name (s67.n / name
                                                                        :op1 "Icelandic")))
                              :location (s67.h / here)))
   :snt68 (s68.l / let-01
                 :ARG0 (s68.y / you)
                 :ARG1 (s68.n / narrow-01
                              :ARG0 (s68.i / i
                                           :same-as s2.i)
                              :ARG1 (s68.t / thing
                                           :ARG1-of (s68.c / choose-01))
                              :ARG4 (s68.t2 / thing
                                            :quant "2"))
                 :mode "imperative")
   :snt69 (s69.a / amr-choice
                 :domain (s69.i / it
                                :same-as s66.q)
                 :op1 (s69.w / word
                             :ARG1-of (s69.h / happy-01))
                 :op2 (s69.w2 / word
                              :ARG0-of (s69.s / sad-02)))
   :snt70 (s70.s / say-01
                 :ARG0 (s70.y / you
                              :same-as s2.i)
                 :ARG1 (s70.a / amr-unknown))
   :snt71 (s71.o / okay-01)
   :snt72 (s72.s / say-01
                 :ARG0 (s72.p / person
                              :mod (s72.s2 / some))
                 :ARG1 (s72.h / happy-01
                              :ARG1 (s72.i / it
                                           :same-as s66.q)))
   :snt73 (s73.s2 / say-01
                  :ARG0 (s73.p / person
                               :ARG1-of (s73.m2 / mean-01
                                                :ARG2 (s73.m / majority
                                                             :quant-of (s73.p2 / person)))
                               :mod (s73.m3 / most))
                  :ARG1 (s73.s / sad-02))
   :snt74 (s74.a2 / and
                  :op2 (s74.m / mean-01
                              :ARG1 (s74.i / it
                                           :same-as s66.q)
                              :ARG1-of (s74.a / actual-02)
                              :ARG2 (s74.s / sad-02)))
   :snt75 (s75.c3 / cause-01
                  :ARG0 (s75.a / amr-unknown)
                  :ARG1 (s75.s2 / say-01
                                :ARG0 (s75.p / person
                                             :quant (s75.m / majority))
                                :ARG1 (s75.a2 / and
                                              :op1 (s75.s / sad-02
                                                          :ARG0 (s75.w / word)
                                                          :condition (s75.c / case-04
                                                                            :ARG1 (s75.t / this)))
                                              :op2 (s75.h / heavy
                                                          :condition (s75.c2 / case-04
                                                                             :mod (s75.o / other))
                                                          :domain s75.w)))
                  :source (s75.s3 / statistics))
   :snt76 (s76.e / evolve-01
                 :ARG1 (s76.l / language)
                 :manner (s76.w / way
                                :ARG0-of (s76.c / cause-01
                                                :ARG1 (s76.a / and
                                                             :op1 (s76.m / match-01
                                                                         :ARG1 (s76.s / sound-01))
                                                             :op2 (s76.c2 / correspond-02
                                                                          :ARG1 s76.s
                                                                          :ARG2 (s76.s2 / subjective-03
                                                                                        :ARG1 s76.s)
                                                                          :ARG2 (s76.e2 / experience-01
                                                                                        :ARG0 (s76.p / person
                                                                                                     :ARG0-of (s76.l2 / listen-01))
                                                                                        :ARG1-of (s76.p2 / personal-02)
                                                                                        :mod (s76.i2 / intuitive)))))
                                :mod (s76.s3 / such))
                 :mod (s76.t / theory
                             :poss (s76.i / i
                                          :same-as s2.i)))
   :snt77 (s77.l / look-01
                 :ARG0 (s77.w / we)
                 :ARG1 (s77.q / question
                              :ord (s77.o / ordinal-entity
                                          :value "3"))
                 :mode "imperative")
   :snt78 (s78.l / line
                 :domain (s78.i / it
                                :same-as s77.q)
                 :source (s78.p2 / poem
                                 :poss (s78.p / person
                                              :name (s78.n / name
                                                           :op1 "John"
                                                           :op2 "Keats"))))
   :snt79 (s79.e2 / express-01
                  :ARG0 (s79.w2 / word
                                :ARG1-of (s79.r2 / resemble-01
                                                 :ARG2 (s79.n / number)))
                  :ARG1 (s79.r / relation-03
                               :ARG0 (s79.o / object)
                               :ARG2 (s79.a / and
                                            :ARG0-of (s79.c / constitute-01
                                                            :ARG1 (s79.w3 / world
                                                                          :poss (s79.w / we)))
                                            :op1 (s79.e / event)
                                            :op2 (s79.f / force-04))
                               :mod (s79.f2 / fundamental)))
   :snt80 (s80.s / stand-02
                 :ARG2 (s80.r / reason-01
                              :ARG1 (s80.r2 / recommend-01
                                            :ARG1 (s80.a / absorb-01
                                                         :ARG0 (s80.w / we
                                                                      :ARG1-of (s80.e / exist-01
                                                                                      :location (s80.w2 / world
                                                                                                        :mod (s80.t2 / this)
                                                                                                        :same-as s79.w3)))
                                                         :ARG1 (s80.r3 / relation-03
                                                                       :mod (s80.t / that)
                                                                       :same-as s79.r)
                                                         :duration (s80.l / life
                                                                          :poss s80.w)
                                                         :manner (s80.i / intuitive)))))
   :snt81 (s81.a / and
                 :op2 (s81.p / play-01
                             :ARG0 (s81.p2 / poet
                                           :ARG1-of (s81.r / resemble-01
                                                           :ARG2 (s81.a2 / artist
                                                                         :mod (s81.o / other))))
                             :ARG2 (s81.u / understand-01
                                          :manner (s81.i / intuitive)
                                          :mod (s81.t / that))))
   :snt82 (s82.s / sound-01
                 :ARG1 (s82.i / it
                              :same-as s82.h)
                 :ARG3 (s82.h / hare)
                 :ARG3 (s82.l / language
                              :name (s82.n / name
                                           :op1 "English"))
                 :mod (s82.a / ambiguous))
   :snt83 (s83.p / possible-01
                 :ARG1 (s83.m / mean-01
                              :ARG1 (s83.i / it
                                           :same-as s82.h)
                              :ARG2 (s83.f / fiber
                                           :ARG1-of (s83.g / grow-01
                                                           :source (s83.h / head)))
                              :mod (s83.a / also)))
   :snt84 (s84.a / and
                 :op2 (s84.l / let-01
                             :ARG0 (s84.y / you)
                             :ARG1 (s84.p2 / put-up-11
                                           :ARG0 (s84.i / i
                                                        :same-as s2.i)
                                           :ARG1 (s84.p / picture
                                                        :mod (s84.r / represent-01
                                                                    :ARG0 (s84.f / fiber
                                                                                 :same-as s83.f)
                                                                    :ARG1 (s84.v / vulnerable-01))))
                             :condition (s84.t2 / think-01
                                                :ARG0 (s84.w / we)
                                                :ARG1 (s84.t / that))
                             :mode "imperative"))
   :snt85 (s85.y / yield-02
                 :ARG0 (s85.t / they
                              :same-as s83.f)
                 :ARG2 (s85.o / or
                              :ARG1-of (s85.h / have-degree-91
                                              :ARG2 (s85.s / slight)
                                              :ARG3 (s85.m / most))
                              :op1 (s85.m2 / move-01)
                              :op2 (s85.m3 / move-01)
                              :op3 (s85.e / emotion)))
   :snt86 (s86.i / infer-01
                 :ARG1 (s86.h / have-03
                              :ARG0 (s86.y / you)
                              :ARG1 (s86.a2 / atmosphere
                                            :consist-of (s86.a / and
                                                               :op1 (s86.v / vulnerable-01)
                                                               :op2 (s86.t / tension)))))
   :snt87 (s87.c2 / cause-01
                  :ARG0 (s87.a / amr-unknown)
                  :ARG1 (s87.h / hare)
                  :rel (s87.a2 / animal
                               :ARG1-of (s87.i / instead-of-91
                                               :ARG2 (s87.c / cat
                                                            :polarity "-")
                                               :mod (s87.o / or
                                                           :op1 (s87.d / dog
                                                                       :polarity "-")
                                                           :op2 (s87.h2 / hare
                                                                        :mod s87.c)))))
   :snt88 (s88.c / cause-01
                 :ARG0 (s88.t / think-01
                              :ARG0 (s88.y / you)
                              :ARG2 (s88.p / picture
                                           :ARG1-of (s88.i / instead-of-91
                                                           :ARG2 (s88.w / word)))
                              :mode "imperative"))
   :snt89 (s89.h / help-01
                 :ARG0 (s89.a / and
                              :op1 (s89.e / ear
                                          :ARG1-of (s89.l2 / long-03))
                              :op2 (s89.f2 / foot
                                           :mod (s89.o / overlarge)))
                 :ARG1 (s89.a2 / and
                               :op1 (s89.p / picture-01
                                           :ARG0 (s89.w / we))
                               :op2 (s89.f / feel-01
                                           :ARG0 s89.w
                                           :ARG1 (s89.t / thing
                                                        :ARG2-of (s89.m / mean-01
                                                                        :ARG1 (s89.a3 / and
                                                                                      :op1 (s89.l / limp-01)
                                                                                      :op2 (s89.t2 / tremble-01))))
                                           :manner (s89.i / intuitive)))
                 :ARG2 s89.w)
   :snt90 (s90.c / cause-01
                 :ARG1 (s90.h2 / hope-01
                               :ARG0 (s90.i / i
                                            :same-as s2.i)
                               :ARG1 (s90.p2 / possible-01
                                             :ARG1 (s90.a / and
                                                          :op1 (s90.s2 / share-01
                                                                       :ARG0 s90.i
                                                                       :ARG1 (s90.b / bit
                                                                                    :mod (s90.l / little)
                                                                                    :part-of (s90.e2 / envision-01
                                                                                                     :ARG0 s90.i
                                                                                                     :ARG1 (s90.t2 / thing))))
                                                          :op2 (s90.s3 / show-01
                                                                       :ARG0 s90.i
                                                                       :ARG1 (s90.p3 / possible-01
                                                                                     :ARG1 (s90.h / have-03
                                                                                                  :ARG0 (s90.w / word)
                                                                                                  :ARG1 (s90.a2 / and
                                                                                                                :op1 (s90.c2 / color)
                                                                                                                :op2 (s90.e / emotion)
                                                                                                                :op3 (s90.n / number)
                                                                                                                :op4 (s90.s / shape-01)
                                                                                                                :op5 (s90.p / personality))))
                                                                       :ARG2 (s90.y / you
                                                                                    :same-as s10.y))))
                               :time (s90.f / few
                                            :mod (s90.t3 / this)
                                            :op1 (s90.t / temporal-quantity
                                                        :unit (s90.m / minute)
                                                        :quant "1"))))
   :snt91 (s91.a / and
                 :op1 (s91.h / have-degree-91
                             :ARG1 (s91.w / world
                                          :same-as s79.w3)
                             :ARG2 (s91.r / rich)
                             :ARG3 (s91.m / more)
                             :ARG4 (s91.s / seem-01
                                          :ARG1 s91.w
                                          :ARG1-of (s91.h3 / have-degree-91
                                                           :ARG2 (s91.o / often)
                                                           :ARG3 (s91.t / too))))
                 :op2 (s91.l / loud
                             :ARG2-of (s91.h2 / have-degree-91
                                              :ARG1 s91.w
                                              :ARG3 (s91.m2 / more)
                                              :ARG4 s91.s)
                             :domain s91.w))
   :snt92 (s92.h / hope-01
                 :ARG0 (s92.i / i
                              :same-as s2.i)
                 :ARG1 (s92.g / give-01
                              :ARG0 s92.i
                              :ARG1 (s92.d / desire-01
                                           :ARG0 (s92.y / you
                                                        :same-as s10.y)
                                           :ARG1 (s92.l / learn-01
                                                        :ARG0 s92.y
                                                        :ARG1 (s92.s / see-01
                                                                     :ARG0 s92.y
                                                                     :ARG1 (s92.w / world
                                                                                  :same-as s79.w3)
                                                                     :manner (s92.e / eye
                                                                                    :ARG1-of (s92.n / new-01)))))
                              :ARG2 s92.y))
   :snt93 (s93.t / thank-01
                 :ARG1 (s93.y / you
                              :same-as s2.i)))

