# ::id doc-914
# ::doc_file doc-914
# ::tok http : / / www . ted . com / talks / evan_grant_cymatics< / url> <next_sent> I 'm a creative technologist and the focus of my work is on public installations . <next_sent> One of my driving passions is this idea of exploring nature , and trying to find hidden data within nature . <next_sent> It seems to me that there is this latent potential everywhere , all around us . <next_sent> Everything gives out some kind of data , whether it 's sound or smell or vibration . <next_sent> Through my work , I 've been trying to find ways to harness and unveil this . <next_sent> And so this basically led me to a subject called cymatics . <next_sent> Now , cymatics is the process of visualizing sound by basically vibrating a medium such as sand or water , as you can see there . <next_sent> So , if we have a quick look at the history of cymatics beginning with the observations of resonance , by Da Vinci , Galileo , the English scientist Robert Hook and then Ernest Chladni . <next_sent> He created an experiment using a metal plate , covering it with sand and then bowing it to create the Chladni patterns that you see here on the right . <next_sent> Moving on from this , the next person to explore this field was a gentleman called Hans Jenny in the 1970 s . <next_sent> He actually coined the term cymatics . <next_sent> Then bringing us into the present day is a fellow collaborator of mine and cymatics expert , John Stewart Reed . <next_sent> He 's kindly recreated for us the Chladni experiment . <next_sent> What we can see here is the metal sheet , this time connected to a sound driver and being fed by a frequency generator . <next_sent> As the frequencies increase , so do the complexities of the patterns that appear on the plate . <next_sent> As you can see with your own eyes . <next_sent> So , what excites me about cymatics ? <next_sent> Well , for me cymatics is an almost magical tool . <next_sent> It 's like a looking glass into a hidden world . <next_sent> Through the numerous ways that we can apply cymatics , we can actually start to unveil the substance of things not seen . <next_sent> Devices like the cymascope , which you can see here , have been used to scientifically observe cymatic patterns . <next_sent> And the list of scientific applications is growing every day . <next_sent> For example , in oceanography , a lexicon of dolphin language is actually being created by basically visualizing the sonar beams that the dolphins emit . <next_sent> And hopefully in the future we 'll be able to gain some deeper understanding of how they communicate . <next_sent> We can also use cymatics for healing and education . <next_sent> This is an installation developed with school children , where their hands are tracked . <next_sent> It allows them to control and position cymatic patterns and the reflections that are caused by them . <next_sent> We can also use cymatics as a beautiful natural art form . <next_sent> This image here is created from a snippet of Beethoven 's Ninth Symphony playing through a cymatic device . <next_sent> So it kind of flips things on its head a little bit . <next_sent> This is Pink Floyd 's " Machine " playing in real time through the cymascope . <next_sent> We can also use cymatics as a looking glass into nature . <next_sent> And we can actually recreate the archetypal forms of nature . <next_sent> So , for example , here on the left we can see a snowflake as it would appear in nature . <next_sent> Then on the right we can see a cymatically created snowflake . <next_sent> And here is a starfish and a cymatic starfish . <next_sent> And there is thousands of these . <next_sent> So what does this all mean ? <next_sent> Well , there is still a lot to explore in its early days . <next_sent> And there 's not many people working in this field . <next_sent> But consider for a moment that sound does have form . <next_sent> We 've seen that it can affect matter and cause form within matter . <next_sent> Then sort of take a leap and think about the universe forming . <next_sent> And think about the immense sound of the universe forming . <next_sent> And if we kind of ponder on that , then perhaps cymatics had an influence on the formation of the universe itself . <next_sent> And here is some eye candy for you , from a range of DIY scientists and artists from all over the globe . <next_sent> Cymatics is accessible to everybody . <next_sent> I want to urge everybody here to apply your passion , your knowledge and your skills to areas like cymatics . <next_sent> I think collectively we can build a global community . <next_sent> We can inspire each other . <next_sent> And we can evolve this exploration of the substance of things not seen . <next_sent> Thank you .
(d / document
   :snt1 (s1.u / url-entity
               :value "ossobuco")
   :snt2 (s2.a / and
               :op1 (s2.t / technologist
                          :domain (s2.i / i)
                          :mod (s2.c / creative))
               :op2 (s2.f / focus-01
                          :ARG0 (s2.w / work-01
                                      :ARG0 s2.i)
                          :ARG2 (s2.i2 / installation
                                       :ARG1-of (s2.p / public-02))))
   :snt3 (s3.i3 / include-91
                :ARG1 (s3.i2 / idea
                             :mod (s3.t / this)
                             :topic (s3.a / and
                                          :op1 (s3.e / explore-01
                                                     :ARG1 (s3.n / nature))
                                          :op2 (s3.t2 / try-01
                                                      :ARG1 (s3.f / find-01
                                                                  :ARG1 (s3.d / data
                                                                              :ARG1-of (s3.h / hide-01)
                                                                              :location s3.n)))))
                :ARG2 (s3.p / passion
                            :ARG0-of (s3.d2 / drive-02)
                            :poss (s3.i / i
                                        :same-as s2.i)))
   :snt4 (s4.s / seem-01
               :ARG1 (s4.p / potential
                           :location (s4.e / everywhere
                                           :location (s4.a2 / around
                                                            :mod (s4.a / all)
                                                            :op1 (s4.w / we)))
                           :mod (s4.l / latent)
                           :mod (s4.t / this))
               :ARG2 (s4.i / i
                           :same-as s2.i))
   :snt5 (s5.g / give-out-06
               :ARG0 (s5.e / everything)
               :ARG1 (s5.d / data
                           :mod (s5.k / kind
                                      :mod (s5.s2 / some)))
               :condition (s5.o / or
                                :domain s5.e
                                :op1 (s5.s3 / sound-02)
                                :op2 (s5.s / smell-01)
                                :op3 (s5.m / move-01)))
   :snt6 (s6.t2 / try-01
                :ARG0 (s6.i / i
                            :same-as s2.i)
                :ARG1 (s6.f / find-01
                            :ARG0 s6.i
                            :ARG1 (s6.w / way
                                        :manner-of (s6.a / and
                                                         :op1 (s6.h / hope-01
                                                                    :ARG0 s6.i
                                                                    :ARG1 (s6.t / this
                                                                                :same-as s4.t))
                                                         :op2 (s6.u / unveil-01
                                                                    :ARG0 s6.i
                                                                    :ARG1 s6.t))))
                :manner (s6.w2 / work-01
                               :ARG0 s6.i))
   :snt7 (s7.a / and
               :op2 (s7.l / lead-01
                          :ARG0 (s7.t / this
                                      :same-as s6.t2)
                          :ARG1 (s7.i / i
                                      :same-as s2.i)
                          :ARG4 (s7.s / subject
                                      :name (s7.n / name
                                                  :op1 "Cypress"))
                          :mod (s7.b / basic)))
   :snt8 (s8.p2 / process-02
                :ARG1 (s8.m / mathematics)
                :ARG1-of (s8.s2 / see-01
                                :ARG0 (s8.y / you)
                                :ARG1-of (s8.p / possible-01)
                                :location (s8.t / there))
                :ARG2 (s8.v / visualize-01
                            :ARG1 (s8.s4 / sound)
                            :manner (s8.s3 / shake-01
                                           :ARG1 (s8.m2 / medium
                                                        :example (s8.o / or
                                                                       :op1 (s8.s / sand)
                                                                       :op2 (s8.w / water)))
                                           :mod (s8.b / basic)))
                :time (s8.n / now))
   :snt9 (s9.h / have-condition-91
               :ARG2 (s9.l / look-01
                           :ARG0 (s9.w / we)
                           :ARG1 (s9.h2 / history
                                        :ARG1-of (s9.b / begin-01
                                                       :ARG2 (s9.o / observe-01
                                                                   :ARG0 (s9.a / and
                                                                               :op1 (s9.p / person
                                                                                          :name (s9.n / name
                                                                                                      :op1 "Da"
                                                                                                      :op2 "Vinci"))
                                                                               :op2 (s9.p2 / person
                                                                                           :name (s9.n2 / name
                                                                                                        :op1 "Galileo"))
                                                                               :op3 (s9.s / scientist
                                                                                          :name (s9.n4 / name
                                                                                                       :op1 "Ernest"
                                                                                                       :op1 "Robert"
                                                                                                       :op2 "Hook")
                                                                                          :mod (s9.c / country
                                                                                                     :name (s9.n3 / name
                                                                                                                  :op1 "England")))
                                                                               :op4 (s9.p3 / person
                                                                                           :name (s9.n5 / name
                                                                                                        :op1 "Ernest"
                                                                                                        :op2 "Chladni")
                                                                                           :time (s9.t / then)))
                                                                   :ARG1 (s9.r / resonate-01)))
                                        :topic (s9.m / mathematics))
                           :ARG1-of (s9.q / quick-02))
               :mod (s9.s2 / so))
   :snt10 (s10.c2 / create-01
                  :ARG0 (s10.h / he
                               :same-as s9.n5)
                  :ARG1 (s10.e / experiment)
                  :ARG2-of (s10.u / use-01
                                  :ARG1 (s10.p2 / plate
                                                :consist-of (s10.m / metal))
                                  :manner (s10.a / and
                                                 :op1 (s10.c / cover-02
                                                             :ARG0 s10.h
                                                             :ARG1 (s10.s / sand)
                                                             :ARG2 s10.p2)
                                                 :op2 (s10.b / bow-01
                                                             :purpose (s10.c3 / create-01
                                                                              :ARG0 s10.h
                                                                              :ARG1 (s10.p / pattern
                                                                                           :ARG1-of (s10.s2 / see-01
                                                                                                            :ARG0 (s10.y / you)
                                                                                                            :location (s10.h2 / here
                                                                                                                              :ARG1-of (s10.r / right-04)))
                                                                                           :mod (s10.p3 / product
                                                                                                        :name (s10.n / name
                                                                                                                     :op1 "Chladni")
                                                                                                        :same-as s9.n5)))
                                                             :ARG0 s10.h
                                                             :ARG1 s10.p2))))
   :snt11 (s11.p / person
                 :ARG0-of (s11.e / explore-01
                                 :ARG1 (s11.f / field
                                              :mod (s11.t2 / this)
                                              :same-as s9.m))
                 :domain (s11.g / gentleman
                                :ARG1-of (s11.c / call-01
                                                :ARG2 (s11.n / name
                                                             :op1 "Hans"
                                                             :op2 "Jenny")
                                                :time (s11.d / date-entity
                                                             :decade "1970")))
                 :manner (s11.m / move-01
                                :ARG3 (s11.t / this))
                 :mod (s11.n2 / next))
   :snt12 (s12.c / coin-01
                 :ARG0 (s12.h / he
                              :same-as s11.n)
                 :ARG1 (s12.m / mathematics)
                 :ARG1-of (s12.a / actual-02))
   :snt13 (s13.b / bring-01
                 :ARG0 (s13.p / person
                              :name (s13.n / name
                                           :op1 "John"
                                           :op2 "Stewart"
                                           :op3 "Reed")
                              :ARG0-of (s13.c / collaborate-01
                                              :ARG0 (s13.i / i
                                                           :same-as s2.i)
                                              :ARG1 (s13.p2 / person
                                                            :ARG1-of (s13.e / expert-01
                                                                            :ARG2 (s13.m / mathematics))))
                              :mod (s13.f / fellow))
                 :ARG1 (s13.w / we)
                 :ARG2 (s13.d / day
                              :mod (s13.p3 / present)))
   :snt14 (s14.r / recreation-02
                 :ARG0 (s14.h / he
                              :same-as s13.p)
                 :ARG1 (s14.e / experiment-01
                              :ARG0 (s14.p / person
                                           :name (s14.n / name
                                                        :op1 "Chladni")
                                           :same-as s9.n5))
                 :ARG1-of (s14.k / kind-01)
                 :beneficiary (s14.w / we))
   :snt15 (s15.p / possible-01
                 :ARG1 (s15.s / see-01
                              :ARG0 (s15.w / we)
                              :ARG1 (s15.s2 / sheet
                                            :ARG1-of (s15.c / connect-01
                                                            :ARG2 (s15.t / thing
                                                                         :ARG0-of (s15.d / drive-02
                                                                                         :ARG1 (s15.s3 / sound)))
                                                            :time (s15.t3 / time
                                                                          :mod (s15.t2 / this)))
                                            :ARG2-of (s15.f / feed-01
                                                            :ARG0 (s15.g / generator
                                                                         :mod (s15.f2 / frequency)))
                                            :consist-of (s15.m / metal))
                              :location (s15.h / here)))
   :snt16 (s16.i / increase-01
                 :ARG1 (s16.c / complexity
                              :domain (s16.p / pattern
                                             :ARG1-of (s16.a / appear-01
                                                             :location (s16.p2 / plate
                                                                               :same-as s10.p2))))
                 :time (s16.i2 / increase-01
                               :ARG1 (s16.h / have-frequency-91)))
   :snt17 (s17.r / resemble-01
                 :ARG2 (s17.s / see-01
                              :ARG0 (s17.y / you
                                           :part (s17.e / eye))
                              :ARG1-of (s17.p / possible-01)
                              :instrument s17.e))
   :snt18 (s18.c / cause-01
                 :ARG1 (s18.e / excite-01
                              :ARG0 (s18.a / amr-unknown)
                              :ARG0 (s18.p / poetry)
                              :ARG1 (s18.i / i
                                           :same-as s2.i)))
   :snt19 (s19.t / tool
                 :beneficiary (s19.i / i
                                     :same-as s2.i)
                 :domain (s19.m2 / mathematics)
                 :mod (s19.m / magic
                             :mod (s19.a / almost))
                 :mod (s19.w / well))
   :snt20 (s20.r / resemble-01
                 :ARG1 (s20.i / it
                              :same-as s19.m2)
                 :ARG2 (s20.g / glass
                              :instrument-of (s20.l / look-01
                                                    :ARG1 (s20.w / world
                                                                 :ARG1-of (s20.h / hide-01)))))
   :snt21 (s21.p2 / possible-01
                  :ARG1 (s21.s2 / start-01
                                :ARG0 (s21.w2 / we)
                                :ARG1 (s21.u / unveil-01
                                             :ARG0 s21.w2
                                             :ARG1 (s21.s3 / substance
                                                           :poss (s21.t / thing
                                                                        :ARG1-of (s21.s / see-01
                                                                                        :polarity "-"))))
                                :ARG1-of (s21.a / actual-02))
                  :manner (s21.w / way
                                 :quant (s21.n / numerous)
                                 :manner-of (s21.a2 / apply-02
                                                    :ARG0 s21.w2
                                                    :ARG1 (s21.m / mathematics)
                                                    :ARG1-of (s21.p / possible-01))))
   :snt22 (s22.u / use-01
                 :ARG1 (s22.d / device
                              :example (s22.c / cymascope
                                              :ARG1-of (s22.s2 / see-01
                                                               :ARG0 (s22.y / you)
                                                               :ARG1-of (s22.p2 / possible-01)
                                                               :location (s22.h / here))))
                 :ARG2 (s22.o / observe-01
                              :ARG0 s22.d
                              :ARG1 (s22.p / pattern-01
                                           :mod (s22.c2 / cymatic))
                              :manner (s22.s / science)))
   :snt23 (s23.a / and
                 :op2 (s23.g / grow-01
                             :ARG1 (s23.l / list
                                          :consist-of (s23.a2 / application
                                                              :mod (s23.s / science)))
                             :frequency (s23.d / day
                                               :mod (s23.e / every))))
   :snt24 (s24.e2 / exemplify-01
                  :ARG0 (s24.c / create-01
                               :ARG1 (s24.l2 / lexicon
                                             :topic (s24.l / language
                                                           :mod (s24.d / dolphin)))
                               :ARG1-of (s24.a / actual-02)
                               :manner (s24.v / visualize-01
                                              :ARG1 (s24.b2 / beam
                                                            :ARG1-of (s24.e / emit-01
                                                                            :ARG0 (s24.d2 / dolphin))
                                                            :mod (s24.s / son))
                                              :mod (s24.b / basic))
                               :topic (s24.o / oceanography)))
   :snt25 (s25.a / and
                 :op2 (s25.p / possible-01
                             :ARG1 (s25.g / gain-02
                                          :ARG0 (s25.w / we)
                                          :ARG1 (s25.u / understand-01
                                                       :ARG0 s25.w
                                                       :ARG1 (s25.t2 / thing
                                                                     :manner-of (s25.c / communicate-01
                                                                                       :ARG0 (s25.t / they
                                                                                                    :same-as s24.d2)))
                                                       :ARG1-of (s25.h / have-degree-91
                                                                       :ARG2 (s25.d / deep-03
                                                                                    :ARG1 s25.u)
                                                                       :ARG3 (s25.m / more
                                                                                    :quant (s25.s / some)))))
                             :ARG1-of (s25.h2 / hope-01)
                             :time (s25.f / future)))
   :snt26 (s26.p / possible-01
                 :ARG1 (s26.u / use-01
                              :ARG0 (s26.w / we)
                              :ARG1 (s26.o / orthopedics)
                              :ARG2 (s26.a2 / and
                                            :op1 (s26.h / heal-01)
                                            :op2 (s26.e / educate-01))
                              :mod (s26.a / also)))
   :snt27 (s27.i / installation
                 :ARG1-of (s27.d / develop-02
                                 :ARG4 (s27.c / child
                                              :mod (s27.s / school)
                                              :part (s27.h / hand)))
                 :domain (s27.t / this)
                 :location-of (s27.t2 / track-01
                                      :ARG1 s27.h))
   :snt28 (s28.a / allow-01
                 :ARG0 (s28.i / it
                              :same-as s27.t)
                 :ARG1 (s28.a2 / and
                               :op1 (s28.c2 / control-01
                                            :ARG0 (s28.t / they
                                                         :same-as s27.c)
                                            :ARG1 (s28.a3 / and
                                                          :op1 (s28.p / pattern-01
                                                                      :mod (s28.m / mathematics))
                                                          :op2 (s28.r / reflect-01
                                                                      :ARG1-of (s28.c / cause-01
                                                                                      :ARG0 s28.p))))
                               :op2 (s28.p2 / position-01
                                            :ARG0 s28.t
                                            :ARG1 s28.a3)))
   :snt29 (s29.p / possible-01
                 :ARG1 (s29.u / use-01
                              :ARG0 (s29.w / we)
                              :ARG1 (s29.m / mathematics)
                              :ARG2 (s29.f / form
                                           :ARG1-of (s29.n / natural-03)
                                           :ARG1-of (s29.b / beautiful-02)
                                           :mod (s29.a2 / art)))
                 :mod (s29.a / also))
   :snt30 (s30.c / create-01
                 :ARG1 (s30.i / image
                              :location (s30.h / here)
                              :mod (s30.t / this))
                 :ARG2 (s30.s / snippet
                              :part-of (s30.s2 / symphony
                                               :name (s30.n2 / name
                                                             :op1 "Ninth"
                                                             :op2 "Symphony")
                                               :ARG1-of (s30.p2 / play-11
                                                                :instrument (s30.d / device
                                                                                   :mod (s30.c2 / cymatic)))
                                               :poss (s30.p / person
                                                            :name (s30.n / name
                                                                         :op1 "Beethoven")))))
   :snt31 (s31.c / cause-01
                 :ARG1 (s31.f / flip-01
                              :ARG0 (s31.i / it
                                           :part (s31.h / head)
                                           :same-as s30.d)
                              :ARG1 (s31.t / thing)
                              :degree (s31.k / kind-of)
                              :degree (s31.b / bit
                                             :mod (s31.l / little))
                              :direction s31.h))
   :snt32 (s32.m / music
                 :name (s32.n / name
                              :op1 "Machine")
                 :ARG2-of (s32.p / play-11
                                 :instrument (s32.c / cymascope)
                                 :manner (s32.r / real-time))
                 :mod (s32.t / this
                             :same-as s30.d)
                 :poss (s32.b / band
                              :name (s32.n2 / name
                                            :op1 "Pink"
                                            :op2 "Floyd")))
   :snt33 (s33.p / possible-01
                 :ARG1 (s33.u / use-01
                              :ARG0 (s33.w / we)
                              :ARG1 (s33.m / mathematics)
                              :ARG2 (s33.g / glass
                                           :purpose (s33.l / look-01
                                                           :ARG1 (s33.n / nature))))
                 :mod (s33.a / also))
   :snt34 (s34.a2 / and
                  :op2 (s34.p / possible-01
                              :ARG1 (s34.r / replicate-01
                                           :ARG0 (s34.w / we)
                                           :ARG1 (s34.f / form
                                                        :mod (s34.a3 / archetypal)
                                                        :mod (s34.n / nature)))
                              :ARG1-of (s34.a / actual-02)))
   :snt35 (s35.e / exemplify-01
                 :ARG0 (s35.p / possible-01
                              :ARG1 (s35.s / see-01
                                           :ARG0 (s35.w / we)
                                           :ARG1 (s35.s2 / snowflake
                                                         :ARG1-of (s35.r / resemble-01
                                                                         :ARG2 (s35.a / appear-02
                                                                                      :ARG1 s35.s2
                                                                                      :location (s35.n / nature))))
                                           :location (s35.h / here
                                                            :prep-on (s35.l / left-19)))))
   :snt36 (s36.p / possible-01
                 :ARG1 (s36.s / see-01
                              :ARG0 (s36.w / we)
                              :ARG1 (s36.s2 / snowflake
                                            :ARG1-of (s36.c / create-01
                                                            :manner (s36.i / internet)))
                              :ARG1-of (s36.r / right-04)))
   :snt37 (s37.a / and
                 :op2 (s37.a2 / and
                              :location (s37.h / here)
                              :op1 (s37.s / starfish)
                              :op2 (s37.s2 / starfish
                                           :mod (s37.c / cymatic))))
   :snt38 (s38.a / and
                 :op2 (s38.t / this
                             :quant (s38.m / multiple
                                           :op1 "1000")))
   :snt39 (s39.m / mean-01
                 :ARG1 (s39.t / this
                              :mod (s39.a / all))
                 :ARG2 (s39.a2 / amr-unknown))
   :snt40 (s40.t / thing
                 :quant (s40.l / lot)
                 :ARG1-of (s40.e2 / explore-01
                                  :time (s40.d / day
                                               :mod (s40.e / early)
                                               :poss (s40.i / it
                                                            :same-as s9.m)))
                 :mod (s40.s / still)
                 :mod (s40.w / well))
   :snt41 (s41.a / and
                 :op2 (s41.w / work-01
                             :ARG0 (s41.p / person
                                          :quant (s41.m / many
                                                        :polarity "-"))
                             :ARG1 (s41.f / field
                                          :mod (s41.t / this)
                                          :same-as s9.m)))
   :snt42 (s42.c2 / contrast-01
                  :ARG2 (s42.c / consider-01
                               :ARG0 (s42.y / you)
                               :ARG1 (s42.h / have-03
                                            :ARG0 (s42.s / sound)
                                            :ARG1 (s42.f / form))
                               :duration (s42.m / moment
                                                :quant "1")
                               :mode "imperative"))
   :snt43 (s43.s / see-01
                 :ARG0 (s43.w / we)
                 :ARG1 (s43.p / possible-01
                              :ARG1 (s43.a2 / and
                                            :op1 (s43.a / affect-01
                                                        :ARG0 (s43.i / it
                                                                     :same-as s42.s)
                                                        :ARG1 (s43.m / matter))
                                            :op2 (s43.c / cause-01
                                                        :ARG0 s43.i
                                                        :ARG1 (s43.f / form
                                                                     :location s43.m)))))
   :snt44 (s44.a / and
                 :op1 (s44.l / leap-03
                             :ARG0 (s44.y / you)
                             :degree (s44.s / sort-of))
                 :op2 (s44.t2 / think-01
                              :ARG0 s44.y
                              :ARG1 (s44.f / form-01
                                           :ARG1 (s44.u / universe)))
                 :time (s44.t / then))
   :snt45 (s45.a / and
                 :op2 (s45.t / think-01
                             :ARG0 (s45.y / you)
                             :ARG1 (s45.s / sound-02
                                          :ARG1 (s45.f / form-01
                                                       :ARG1 (s45.u / universe
                                                                    :same-as s44.u))
                                          :mod (s45.i / immense))
                             :mode "imperative"))
   :snt46 (s46.a / and
                 :op2 (s46.p2 / possible-01
                              :ARG1 (s46.i / influence-01
                                           :ARG0 (s46.m / mathematics)
                                           :ARG1 (s46.f / form-01
                                                        :ARG1 (s46.u / universe
                                                                     :same-as s44.u)))
                              :condition (s46.p / ponder-01
                                                :ARG0 (s46.w / we)
                                                :ARG1 (s46.t / that)
                                                :degree (s46.k / kind-of))))
   :snt47 (s47.a2 / and
                  :op2 (s47.c / candy
                              :quant (s47.s2 / some)
                              :beneficiary (s47.y / you)
                              :location (s47.h / here)
                              :mod (s47.e / eye)
                              :source (s47.r / range-01
                                             :ARG1 (s47.a3 / and
                                                           :ARG0-of (s47.d / do-02
                                                                           :ARG1 (s47.h2 / home))
                                                           :op1 (s47.s / scientist)
                                                           :op2 (s47.a4 / artist)
                                                           :source (s47.a / all-over
                                                                          :op1 (s47.g / globe))))))
   :snt48 (s48.p / possible-01
                 :ARG1 (s48.a / access-01
                              :ARG0 (s48.e / everybody)
                              :ARG1 (s48.p2 / product
                                            :name (s48.n / name
                                                         :op1 "Cymatics"))))
   :snt49 (s49.w / want-01
                 :ARG0 (s49.i / i
                              :same-as s2.i)
                 :ARG1 (s49.u / urge-01
                              :ARG0 s49.i
                              :ARG1 (s49.e / everybody
                                           :location (s49.h / here))
                              :ARG2 (s49.a2 / apply-02
                                            :ARG0 s49.e
                                            :ARG1 (s49.a / and
                                                         :op1 (s49.p / passion
                                                                     :poss s49.e)
                                                         :op2 (s49.k / know-01
                                                                     :ARG0 s49.e)
                                                         :op3 (s49.s / skill
                                                                     :poss s49.e))
                                            :ARG2 (s49.a3 / area
                                                          :example (s49.m / mathematics)))))
   :snt50 (s50.t / think-01
                 :ARG0 (s50.i / i
                              :same-as s2.i)
                 :ARG1 (s50.p / possible-01
                              :ARG1 (s50.b / build-01
                                           :ARG0 (s50.w / we)
                                           :ARG1 (s50.c2 / community
                                                         :mod (s50.g / globe))
                                           :manner (s50.c / collective))))
   :snt51 (s51.p / possible-01
                 :ARG1 (s51.i / inspire-01
                              :ARG0 (s51.w / we
                                           :same-as s50.w)
                              :ARG1 (s51.o / other
                                           :mod (s51.e / each))))
   :snt52 (s52.a / and
                 :op2 (s52.p / possible-01
                             :ARG1 (s52.e / evolve-01
                                          :ARG1 (s52.w / we)
                                          :ARG2 (s52.e2 / explore-01
                                                        :ARG0 s52.w
                                                        :ARG1 (s52.s2 / substance
                                                                      :poss (s52.t / thing
                                                                                   :ARG1-of (s52.s / see-01
                                                                                                   :polarity "-")))
                                                        :mod (s52.t2 / this)))))
   :snt53 (s53.t / thank-01
                 :ARG1 (s53.y / you
                              :same-as s2.i)))

